Warning: You are sending unauthenticated requests to the HF Hub. Please set a HF_TOKEN to enable higher rate limits and faster downloads.
Loading pipeline components...:   0%|          | 0/6 [00:00<?, ?it/s]
Loading weights:   0%|          | 0/196 [00:00<?, ?it/s][ALoading weights: 100%|██████████| 196/196 [00:00<00:00, 4234.62it/s]
Loading pipeline components...:  33%|███▎      | 2/6 [00:00<00:00,  8.51it/s]Loading pipeline components...:  67%|██████▋   | 4/6 [00:00<00:00, 12.47it/s]Loading pipeline components...: 100%|██████████| 6/6 [00:00<00:00, 16.00it/s]
There are modules in AutoencoderKL that should be kept in float32: []. Casting directly with `to()` can lead to inconsistent results; set `torch_dtype` in `from_pretrained()` instead to keep these modules in float32.
/nfs/home/nelson0314/venvs/wacv/lib/python3.11/site-packages/torchvision/models/_utils.py:207: UserWarning: The parameter 'pretrained' is deprecated since 0.13 and may be removed in the future, please use 'weights' instead.
  warnings.warn(
/nfs/home/nelson0314/venvs/wacv/lib/python3.11/site-packages/torchvision/models/_utils.py:222: UserWarning: Arguments other than a weight enum or `None` for 'weights' are deprecated since 0.13 and may be removed in the future. The current behavior is equivalent to passing `weights=VGG16_Weights.IMAGENET1K_V1`. You can also use `weights=VGG16_Weights.DEFAULT` to get the most up-to-date weights.
  warnings.warn(msg)
IP2P 線：25 張、條件 ['phase']、steps=100 s_T=7.5 s_I=1.5 seed=20260812
/nfs/home/nelson0314/venvs/wacv/lib/python3.11/site-packages/diffusers/image_processor.py:724: FutureWarning: Passing `image` as torch tensor with value range in [-1,1] is deprecated. The expected value range for image tensor is [0,1] when passing as pytorch tensor or numpy Array. You passed `image` with value range [-1.0,1.0]
  warnings.warn(
task_attr_mod_color_11699        phase          r=1.0000 dists=0.0237 lpips=0.0821 effect=0.1137 (121s)
task_attr_mod_color_136767       phase          r=1.0000 dists=0.0488 lpips=0.1465 effect=0.1837 (121s)
task_attr_mod_color_184837       phase          r=1.0000 dists=0.0511 lpips=0.1533 effect=0.2222 (121s)
task_attr_mod_color_32648        phase          r=1.0000 dists=0.0295 lpips=0.1290 effect=0.1373 (121s)
task_attr_mod_color_6205         phase          r=1.0000 dists=0.0538 lpips=0.0875 effect=0.2021 (121s)
task_env_weather_112463          phase          r=1.0000 dists=0.0221 lpips=0.1451 effect=0.2569 (121s)
task_env_weather_133752          phase          r=1.0000 dists=0.0215 lpips=0.1396 effect=0.1813 (121s)
task_env_weather_181583          phase          r=1.0000 dists=0.0278 lpips=0.1709 effect=0.5621 (121s)
task_env_weather_246440          phase          r=1.0000 dists=0.0514 lpips=0.2007 effect=0.3325 (121s)
task_env_weather_63722           phase          r=1.0000 dists=0.0439 lpips=0.1404 effect=0.1741 (121s)
task_obj_add_13726               phase          r=1.0000 dists=0.0516 lpips=0.1876 effect=0.3502 (121s)
task_obj_add_340466              phase          r=1.0000 dists=0.0318 lpips=0.0921 effect=0.2017 (121s)
task_obj_add_40931               phase          r=1.0000 dists=0.0431 lpips=0.2926 effect=0.2726 (121s)
task_obj_add_581286              phase          r=1.0000 dists=0.0243 lpips=0.0956 effect=0.1153 (121s)
task_obj_add_692065              phase          r=1.0000 dists=0.0355 lpips=0.1155 effect=0.1608 (121s)
task_obj_remove_10197            phase          r=1.0000 dists=0.0394 lpips=0.2395 effect=0.4284 (121s)
task_obj_remove_257910           phase          r=1.0000 dists=0.0271 lpips=0.1632 effect=0.1715 (121s)
task_obj_remove_380621           phase          r=1.0000 dists=0.0522 lpips=0.1988 effect=0.3333 (121s)
task_obj_remove_509477           phase          r=1.0000 dists=0.0412 lpips=0.1959 effect=0.2228 (121s)
task_obj_remove_657585           phase          r=1.0000 dists=0.0260 lpips=0.0735 effect=0.2494 (121s)
task_obj_swap_joint_mask_276754  phase          r=1.0000 dists=0.0662 lpips=0.3817 effect=0.1902 (121s)
task_obj_swap_joint_mask_533428  phase          r=1.0000 dists=0.0488 lpips=0.2031 effect=0.2854 (122s)
/nfs/home/nelson0314/venvs/wacv/lib/python3.11/site-packages/diffusers/image_processor.py:724: FutureWarning: Passing `image` as torch tensor with value range in [-1,1] is deprecated. The expected value range for image tensor is [0,1] when passing as pytorch tensor or numpy Array. You passed `image` with value range [-0.9686274528503418,1.0]
  warnings.warn(
task_obj_swap_joint_mask_75733   phase          r=1.0000 dists=0.0466 lpips=0.2340 effect=0.3083 (122s)
task_obj_swap_rand_mask_298147   phase          r=1.0000 dists=0.0794 lpips=0.3044 effect=0.4293 (122s)
task_obj_swap_rand_mask_417469   phase          r=1.0000 dists=0.0292 lpips=0.1643 effect=0.1934 (122s)

表：runs/fair0820/a_phase/p00_t10/results.csv（25 列）
