Warning: You are sending unauthenticated requests to the HF Hub. Please set a HF_TOKEN to enable higher rate limits and faster downloads.
Loading pipeline components...:   0%|          | 0/6 [00:00<?, ?it/s]Loading pipeline components...:  50%|█████     | 3/6 [00:00<00:00, 22.55it/s]
Loading weights:   0%|          | 0/196 [00:00<?, ?it/s][ALoading weights: 100%|██████████| 196/196 [00:00<00:00, 3681.77it/s]
Loading pipeline components...: 100%|██████████| 6/6 [00:00<00:00, 14.53it/s]Loading pipeline components...: 100%|██████████| 6/6 [00:00<00:00, 15.34it/s]
There are modules in AutoencoderKL that should be kept in float32: []. Casting directly with `to()` can lead to inconsistent results; set `torch_dtype` in `from_pretrained()` instead to keep these modules in float32.
/nfs/home/nelson0314/venvs/wacv/lib/python3.11/site-packages/torchvision/models/_utils.py:207: UserWarning: The parameter 'pretrained' is deprecated since 0.13 and may be removed in the future, please use 'weights' instead.
  warnings.warn(
/nfs/home/nelson0314/venvs/wacv/lib/python3.11/site-packages/torchvision/models/_utils.py:222: UserWarning: Arguments other than a weight enum or `None` for 'weights' are deprecated since 0.13 and may be removed in the future. The current behavior is equivalent to passing `weights=VGG16_Weights.IMAGENET1K_V1`. You can also use `weights=VGG16_Weights.DEFAULT` to get the most up-to-date weights.
  warnings.warn(msg)
IP2P 線：13 張、條件 ['dct_shield']、steps=100 s_T=7.5 s_I=1.5 seed=20260812
/nfs/home/nelson0314/venvs/wacv/lib/python3.11/site-packages/diffusers/image_processor.py:724: FutureWarning: Passing `image` as torch tensor with value range in [-1,1] is deprecated. The expected value range for image tensor is [0,1] when passing as pytorch tensor or numpy Array. You passed `image` with value range [-1.0,1.0]
  warnings.warn(
    [dct_shield] step    0 loss 107.0090
    [dct_shield] step  250 loss 51.6560
    [dct_shield] step  500 loss 49.1829
    [dct_shield] step  750 loss 47.5062
    [dct_shield] step  999 loss 46.2107
Loading weights:   0%|          | 0/398 [00:00<?, ?it/s]Loading weights: 100%|██████████| 398/398 [00:00<00:00, 17768.12it/s]
[transformers] Model config: bos_token_id must be `None` or an integer within the vocabulary (between 0 and 31999), got 49406. This may result in unexpected behavior.
[transformers] Model config: eos_token_id must be `None` or an integer within the vocabulary (between 0 and 31999), got 49407. This may result in unexpected behavior.
Loading weights:   0%|          | 0/408 [00:00<?, ?it/s]Loading weights:  91%|█████████▏| 373/408 [00:00<00:00, 3721.49it/s]Loading weights: 100%|██████████| 408/408 [00:00<00:00, 3757.37it/s]
task_attr_mod_color_11699        dct_shield     r=1.8000 dists=0.0889 lpips=0.5686 effect=0.6143 (389s)
    [dct_shield] step    0 loss 133.6177
    [dct_shield] step  250 loss 57.1172
    [dct_shield] step  500 loss 54.1571
    [dct_shield] step  750 loss 52.6408
    [dct_shield] step  999 loss 51.5469
task_attr_mod_color_136767       dct_shield     r=1.8000 dists=0.0965 lpips=0.5146 effect=0.6292 (377s)
    [dct_shield] step    0 loss 105.4397
    [dct_shield] step  250 loss 51.7626
    [dct_shield] step  500 loss 48.6586
    [dct_shield] step  750 loss 46.8627
    [dct_shield] step  999 loss 45.6368
task_attr_mod_color_184837       dct_shield     r=1.8000 dists=0.0646 lpips=0.4738 effect=0.7804 (377s)
    [dct_shield] step    0 loss 168.6569
    [dct_shield] step  250 loss 60.6531
    [dct_shield] step  500 loss 56.9740
    [dct_shield] step  750 loss 54.9501
    [dct_shield] step  999 loss 53.7039
task_attr_mod_color_32648        dct_shield     r=1.8000 dists=0.1847 lpips=0.6505 effect=0.6306 (380s)
    [dct_shield] step    0 loss 111.1863
    [dct_shield] step  250 loss 45.5007
    [dct_shield] step  500 loss 42.7239
    [dct_shield] step  750 loss 40.7658
    [dct_shield] step  999 loss 39.4615
task_attr_mod_color_6205         dct_shield     r=1.8000 dists=0.1068 lpips=0.5886 effect=0.7309 (377s)
    [dct_shield] step    0 loss 121.9079
    [dct_shield] step  250 loss 44.5623
    [dct_shield] step  500 loss 42.0795
    [dct_shield] step  750 loss 40.6842
    [dct_shield] step  999 loss 39.6918
task_env_weather_112463          dct_shield     r=1.8000 dists=0.0847 lpips=0.6354 effect=0.8960 (377s)
    [dct_shield] step    0 loss 116.5259
    [dct_shield] step  250 loss 60.6175
    [dct_shield] step  500 loss 57.8560
    [dct_shield] step  750 loss 56.1625
    [dct_shield] step  999 loss 54.4518
task_env_weather_246440          dct_shield     r=1.8000 dists=0.0413 lpips=0.3603 effect=0.6072 (378s)
    [dct_shield] step    0 loss 93.5997
    [dct_shield] step  250 loss 40.5187
    [dct_shield] step  500 loss 37.2888
    [dct_shield] step  750 loss 35.5327
    [dct_shield] step  999 loss 34.2323
task_env_weather_63722           dct_shield     r=1.8000 dists=0.0811 lpips=0.5538 effect=0.6897 (377s)
    [dct_shield] step    0 loss 115.2241
    [dct_shield] step  250 loss 52.0075
    [dct_shield] step  500 loss 49.2622
    [dct_shield] step  750 loss 47.7665
    [dct_shield] step  999 loss 46.7065
task_obj_add_40931               dct_shield     r=1.8000 dists=0.1000 lpips=0.5239 effect=0.7277 (377s)
    [dct_shield] step    0 loss 104.5586
    [dct_shield] step  250 loss 39.0766
    [dct_shield] step  500 loss 35.5468
    [dct_shield] step  750 loss 33.4402
    [dct_shield] step  999 loss 32.2243
task_obj_remove_380621           dct_shield     r=1.8000 dists=0.1610 lpips=0.5988 effect=0.7347 (381s)
    [dct_shield] step    0 loss 137.4309
    [dct_shield] step  250 loss 58.5495
    [dct_shield] step  500 loss 55.0401
    [dct_shield] step  750 loss 53.0678
    [dct_shield] step  999 loss 51.6950
task_obj_swap_joint_mask_276754  dct_shield     r=1.8000 dists=0.1061 lpips=0.5005 effect=0.6739 (377s)
    [dct_shield] step    0 loss 108.9757
    [dct_shield] step  250 loss 52.5128
    [dct_shield] step  500 loss 49.3613
    [dct_shield] step  750 loss 47.8940
    [dct_shield] step  999 loss 46.6316
task_obj_swap_joint_mask_533428  dct_shield     r=1.8000 dists=0.0730 lpips=0.4947 effect=0.6446 (377s)
    [dct_shield] step    0 loss 123.0653
    [dct_shield] step  250 loss 53.9210
    [dct_shield] step  500 loss 51.3713
    [dct_shield] step  750 loss 49.7917
    [dct_shield] step  999 loss 48.5434
task_obj_swap_rand_mask_417469   dct_shield     r=1.8000 dists=0.0797 lpips=0.5413 effect=0.7616 (377s)

表：runs/ip2p_dct_band_extend/dct_e18/results.csv（13 列）
