Loading pipeline components...:   0%|          | 0/6 [00:00<?, ?it/s]Loading pipeline components...:  33%|███▎      | 2/6 [00:00<00:00, 14.77it/s]
Loading weights:   0%|          | 0/196 [00:00<?, ?it/s][ALoading weights: 100%|██████████| 196/196 [00:00<00:00, 3516.68it/s]
Loading pipeline components...:  67%|██████▋   | 4/6 [00:00<00:00, 10.05it/s]Loading pipeline components...: 100%|██████████| 6/6 [00:00<00:00, 14.41it/s]
There are modules in AutoencoderKL that should be kept in float32: []. Casting directly with `to()` can lead to inconsistent results; set `torch_dtype` in `from_pretrained()` instead to keep these modules in float32.
/nfs/home/nelson0314/venvs/wacv/lib/python3.11/site-packages/torchvision/models/_utils.py:207: UserWarning: The parameter 'pretrained' is deprecated since 0.13 and may be removed in the future, please use 'weights' instead.
  warnings.warn(
/nfs/home/nelson0314/venvs/wacv/lib/python3.11/site-packages/torchvision/models/_utils.py:222: UserWarning: Arguments other than a weight enum or `None` for 'weights' are deprecated since 0.13 and may be removed in the future. The current behavior is equivalent to passing `weights=VGG16_Weights.IMAGENET1K_V1`. You can also use `weights=VGG16_Weights.DEFAULT` to get the most up-to-date weights.
  warnings.warn(msg)
IP2P 線：13 張、條件 ['advdrop']、steps=100 s_T=7.5 s_I=1.5 seed=20260812
/nfs/home/nelson0314/venvs/wacv/lib/python3.11/site-packages/diffusers/image_processor.py:724: FutureWarning: Passing `image` as torch tensor with value range in [-1,1] is deprecated. The expected value range for image tensor is [0,1] when passing as pytorch tensor or numpy Array. You passed `image` with value range [-1.0,1.0]
  warnings.warn(
Warning: You are sending unauthenticated requests to the HF Hub. Please set a HF_TOKEN to enable higher rate limits and faster downloads.
Loading weights:   0%|          | 0/398 [00:00<?, ?it/s]Loading weights: 100%|██████████| 398/398 [00:00<00:00, 8774.42it/s]
[transformers] Model config: bos_token_id must be `None` or an integer within the vocabulary (between 0 and 31999), got 49406. This may result in unexpected behavior.
[transformers] Model config: eos_token_id must be `None` or an integer within the vocabulary (between 0 and 31999), got 49407. This may result in unexpected behavior.
Loading weights:   0%|          | 0/408 [00:00<?, ?it/s]Loading weights:  87%|████████▋ | 356/408 [00:00<00:00, 3537.79it/s]Loading weights: 100%|██████████| 408/408 [00:00<00:00, 3482.71it/s]
task_attr_mod_color_11699        advdrop        r=220.0000 dists=0.0496 lpips=0.2151 effect=0.2216 (221s)
task_attr_mod_color_136767       advdrop        r=220.0000 dists=0.0250 lpips=0.1254 effect=0.1566 (209s)
task_attr_mod_color_184837       advdrop        r=220.0000 dists=0.0280 lpips=0.0909 effect=0.1163 (211s)
task_attr_mod_color_32648        advdrop        r=220.0000 dists=0.0669 lpips=0.2461 effect=0.2294 (209s)
task_attr_mod_color_6205         advdrop        r=220.0000 dists=0.0399 lpips=0.1786 effect=0.2554 (213s)
task_env_weather_112463          advdrop        r=220.0000 dists=0.0313 lpips=0.1651 effect=0.2265 (211s)
task_env_weather_246440          advdrop        r=220.0000 dists=0.0075 lpips=0.0415 effect=0.1653 (209s)
task_env_weather_63722           advdrop        r=220.0000 dists=0.0507 lpips=0.2254 effect=0.2329 (211s)
task_obj_add_40931               advdrop        r=220.0000 dists=0.0446 lpips=0.1889 effect=0.2094 (210s)
task_obj_remove_380621           advdrop        r=220.0000 dists=0.0589 lpips=0.2561 effect=0.2899 (210s)
task_obj_swap_joint_mask_276754  advdrop        r=220.0000 dists=0.0248 lpips=0.1825 effect=0.1786 (211s)
task_obj_swap_joint_mask_533428  advdrop        r=220.0000 dists=0.0274 lpips=0.1621 effect=0.4521 (209s)
task_obj_swap_rand_mask_417469   advdrop        r=220.0000 dists=0.0366 lpips=0.1672 effect=0.1794 (210s)

表：runs/ip2p_advdrop_band_s500/e220/results.csv（13 列）
