Loading pipeline components...:   0%|          | 0/6 [00:00<?, ?it/s]
Loading weights:   0%|          | 0/196 [00:00<?, ?it/s][ALoading weights: 100%|██████████| 196/196 [00:00<00:00, 2920.28it/s]
Loading pipeline components...:  33%|███▎      | 2/6 [00:00<00:00,  9.97it/s]Loading pipeline components...:  50%|█████     | 3/6 [00:00<00:00,  8.41it/s]Loading pipeline components...: 100%|██████████| 6/6 [00:00<00:00, 15.45it/s]Loading pipeline components...: 100%|██████████| 6/6 [00:00<00:00, 13.37it/s]
There are modules in AutoencoderKL that should be kept in float32: []. Casting directly with `to()` can lead to inconsistent results; set `torch_dtype` in `from_pretrained()` instead to keep these modules in float32.
/nfs/home/nelson0314/venvs/wacv/lib/python3.11/site-packages/torchvision/models/_utils.py:207: UserWarning: The parameter 'pretrained' is deprecated since 0.13 and may be removed in the future, please use 'weights' instead.
  warnings.warn(
/nfs/home/nelson0314/venvs/wacv/lib/python3.11/site-packages/torchvision/models/_utils.py:222: UserWarning: Arguments other than a weight enum or `None` for 'weights' are deprecated since 0.13 and may be removed in the future. The current behavior is equivalent to passing `weights=VGG16_Weights.IMAGENET1K_V1`. You can also use `weights=VGG16_Weights.DEFAULT` to get the most up-to-date weights.
  warnings.warn(msg)
IP2P 線：13 張、條件 ['dct_shield_y']、steps=100 s_T=7.5 s_I=1.5 seed=20260812
/nfs/home/nelson0314/venvs/wacv/lib/python3.11/site-packages/diffusers/image_processor.py:724: FutureWarning: Passing `image` as torch tensor with value range in [-1,1] is deprecated. The expected value range for image tensor is [0,1] when passing as pytorch tensor or numpy Array. You passed `image` with value range [-1.0,1.0]
  warnings.warn(
    [dct_shield_y] step    0 loss 107.0090
    [dct_shield_y] step  250 loss 70.6553
    [dct_shield_y] step  500 loss 69.7398
    [dct_shield_y] step  750 loss 68.9539
    [dct_shield_y] step  999 loss 68.0881
task_attr_mod_color_11699        dct_shield_y   r=1.0000 dists=0.0331 lpips=0.3961 effect=0.3806 (174s)
    [dct_shield_y] step    0 loss 133.6177
    [dct_shield_y] step  250 loss 78.3985
    [dct_shield_y] step  500 loss 76.7442
    [dct_shield_y] step  750 loss 75.3585
    [dct_shield_y] step  999 loss 73.8664
task_attr_mod_color_136767       dct_shield_y   r=1.0000 dists=0.0356 lpips=0.3505 effect=0.5853 (174s)
    [dct_shield_y] step    0 loss 105.4397
    [dct_shield_y] step  250 loss 75.5875
    [dct_shield_y] step  500 loss 74.4113
    [dct_shield_y] step  750 loss 73.5022
    [dct_shield_y] step  999 loss 72.4692
task_attr_mod_color_184837       dct_shield_y   r=1.0000 dists=0.0178 lpips=0.2622 effect=0.3780 (174s)
    [dct_shield_y] step    0 loss 168.6569
    [dct_shield_y] step  250 loss 84.8593
    [dct_shield_y] step  500 loss 81.8153
    [dct_shield_y] step  750 loss 79.8203
    [dct_shield_y] step  999 loss 77.2902
task_attr_mod_color_32648        dct_shield_y   r=1.0000 dists=0.0669 lpips=0.5186 effect=0.6153 (174s)
    [dct_shield_y] step    0 loss 111.1863
    [dct_shield_y] step  250 loss 66.7440
    [dct_shield_y] step  500 loss 65.7549
    [dct_shield_y] step  750 loss 64.8545
    [dct_shield_y] step  999 loss 63.8628
task_attr_mod_color_6205         dct_shield_y   r=1.0000 dists=0.0400 lpips=0.4437 effect=0.5775 (174s)
    [dct_shield_y] step    0 loss 121.9079
    [dct_shield_y] step  250 loss 68.1266
    [dct_shield_y] step  500 loss 66.3885
    [dct_shield_y] step  750 loss 65.0771
    [dct_shield_y] step  999 loss 63.5222
task_env_weather_112463          dct_shield_y   r=1.0000 dists=0.0189 lpips=0.5080 effect=0.4384 (174s)
    [dct_shield_y] step    0 loss 102.9163
    [dct_shield_y] step  250 loss 54.7921
    [dct_shield_y] step  500 loss 53.3396
    [dct_shield_y] step  750 loss 51.9240
    [dct_shield_y] step  999 loss 50.4740
task_env_weather_133752          dct_shield_y   r=1.0000 dists=0.0263 lpips=0.4837 effect=0.4699 (174s)
    [dct_shield_y] step    0 loss 112.5153
    [dct_shield_y] step  250 loss 59.2530
    [dct_shield_y] step  500 loss 57.0139
    [dct_shield_y] step  750 loss 55.1543
    [dct_shield_y] step  999 loss 53.3765
task_env_weather_181583          dct_shield_y   r=1.0000 dists=0.0179 lpips=0.4508 effect=0.6874 (174s)
    [dct_shield_y] step    0 loss 116.5259
    [dct_shield_y] step  250 loss 91.0539
    [dct_shield_y] step  500 loss 90.2501
    [dct_shield_y] step  750 loss 89.5910
    [dct_shield_y] step  999 loss 88.6323
task_env_weather_246440          dct_shield_y   r=1.0000 dists=0.0091 lpips=0.2195 effect=0.3885 (174s)
    [dct_shield_y] step    0 loss 93.5997
    [dct_shield_y] step  250 loss 60.7693
    [dct_shield_y] step  500 loss 57.6441
    [dct_shield_y] step  750 loss 56.1267
    [dct_shield_y] step  999 loss 54.4458
task_env_weather_63722           dct_shield_y   r=1.0000 dists=0.0238 lpips=0.3848 effect=0.4392 (174s)
    [dct_shield_y] step    0 loss 102.4472
    [dct_shield_y] step  250 loss 68.9491
    [dct_shield_y] step  500 loss 67.5028
    [dct_shield_y] step  750 loss 66.4083
    [dct_shield_y] step  999 loss 65.1663
task_obj_add_13726               dct_shield_y   r=1.0000 dists=0.0134 lpips=0.3103 effect=0.5628 (174s)
    [dct_shield_y] step    0 loss 109.8364
    [dct_shield_y] step  250 loss 68.0803
    [dct_shield_y] step  500 loss 67.2947
    [dct_shield_y] step  750 loss 66.4856
    [dct_shield_y] step  999 loss 65.5686
task_obj_add_340466              dct_shield_y   r=1.0000 dists=0.0456 lpips=0.4347 effect=0.4869 (174s)
    [dct_shield_y] step    0 loss 115.2241
    [dct_shield_y] step  250 loss 76.8206
    [dct_shield_y] step  500 loss 75.3715
    [dct_shield_y] step  750 loss 74.2921
    [dct_shield_y] step  999 loss 73.1550
task_obj_add_40931               dct_shield_y   r=1.0000 dists=0.0199 lpips=0.3474 effect=0.4161 (175s)

表：runs/ip2p_dct_shield_y/y_e10_a/results.csv（13 列）
