Loading pipeline components...:   0%|          | 0/6 [00:00<?, ?it/s]Loading pipeline components...:  17%|█▋        | 1/6 [00:00<00:00,  8.19it/s]
Loading weights:   0%|          | 0/196 [00:00<?, ?it/s][ALoading weights: 100%|██████████| 196/196 [00:00<00:00, 3579.58it/s]
Loading pipeline components...:  67%|██████▋   | 4/6 [00:00<00:00, 12.20it/s]Loading pipeline components...: 100%|██████████| 6/6 [00:00<00:00, 15.64it/s]
There are modules in AutoencoderKL that should be kept in float32: []. Casting directly with `to()` can lead to inconsistent results; set `torch_dtype` in `from_pretrained()` instead to keep these modules in float32.
/nfs/home/nelson0314/venvs/wacv/lib/python3.11/site-packages/torchvision/models/_utils.py:207: UserWarning: The parameter 'pretrained' is deprecated since 0.13 and may be removed in the future, please use 'weights' instead.
  warnings.warn(
/nfs/home/nelson0314/venvs/wacv/lib/python3.11/site-packages/torchvision/models/_utils.py:222: UserWarning: Arguments other than a weight enum or `None` for 'weights' are deprecated since 0.13 and may be removed in the future. The current behavior is equivalent to passing `weights=VGG16_Weights.IMAGENET1K_V1`. You can also use `weights=VGG16_Weights.DEFAULT` to get the most up-to-date weights.
  warnings.warn(msg)
IP2P 線：10 張、條件 ['phase_gain']、steps=100 s_T=7.5 s_I=1.5 seed=20260812
/nfs/home/nelson0314/venvs/wacv/lib/python3.11/site-packages/diffusers/image_processor.py:724: FutureWarning: Passing `image` as torch tensor with value range in [-1,1] is deprecated. The expected value range for image tensor is [0,1] when passing as pytorch tensor or numpy Array. You passed `image` with value range [-1.0,1.0]
  warnings.warn(
    [phase] step    0 loss 0.005521 |p| 0.01228
    [phase] step   25 loss 0.002941 |p| 0.05994
    [phase] step   50 loss 0.002937 |p| 0.09594
    [phase] step   75 loss 0.004888 |p| 0.12813
    [phase] step  100 loss 0.003514 |p| 0.15642
    [phase] step  125 loss 0.001016 |p| 0.18451
    [phase] step  150 loss 0.001329 |p| 0.21320
    [phase] step  175 loss 0.004023 |p| 0.23593
    [phase] step  200 loss 0.002885 |p| 0.26017
    [phase] step  225 loss 0.005120 |p| 0.28272
    [phase] step  250 loss 0.003471 |p| 0.30826
    [phase] step  275 loss 0.000978 |p| 0.33131
    [phase] step  300 loss 0.001077 |p| 0.35703
    [phase] step  325 loss 0.003937 |p| 0.37884
    [phase] step  350 loss 0.000960 |p| 0.39880
    [phase] step  375 loss 0.000717 |p| 0.41879
    [phase] step  400 loss 0.003013 |p| 0.44087
    [phase] step  425 loss 0.000594 |p| 0.45947
    [phase] step  450 loss 0.004499 |p| 0.47646
    [phase] step  475 loss 0.002493 |p| 0.49241
    [phase] step  500 loss 0.002529 |p| 0.50720
    [phase] step  525 loss 0.000792 |p| 0.52576
    [phase] step  550 loss 0.005580 |p| 0.54055
    [phase] step  575 loss 0.001180 |p| 0.55892
    [phase] step  600 loss 0.003229 |p| 0.57665
    [phase] step  625 loss 0.003030 |p| 0.58909
    [phase] step  650 loss 0.005964 |p| 0.60333
    [phase] step  675 loss 0.004611 |p| 0.61586
    [phase] step  700 loss 0.001225 |p| 0.62968
    [phase] step  725 loss 0.005417 |p| 0.64726
    [phase] step  750 loss 0.000530 |p| 0.66088
    [phase] step  775 loss 0.000698 |p| 0.67032
    [phase] step  800 loss 0.003560 |p| 0.68190
    [phase] step  825 loss 0.005649 |p| 0.69488
    [phase] step  850 loss 0.000627 |p| 0.70758
    [phase] step  875 loss 0.001734 |p| 0.71756
    [phase] step  900 loss 0.000915 |p| 0.72923
    [phase] step  925 loss 0.001115 |p| 0.74114
    [phase] step  950 loss 0.001875 |p| 0.75182
    [phase] step  975 loss 0.001495 |p| 0.76302
    [phase] step  999 loss 0.000419 |p| 0.77593
Warning: You are sending unauthenticated requests to the HF Hub. Please set a HF_TOKEN to enable higher rate limits and faster downloads.
Loading weights:   0%|          | 0/398 [00:00<?, ?it/s]Loading weights: 100%|██████████| 398/398 [00:00<00:00, 7524.43it/s]
[transformers] Model config: bos_token_id must be `None` or an integer within the vocabulary (between 0 and 31999), got 49406. This may result in unexpected behavior.
[transformers] Model config: eos_token_id must be `None` or an integer within the vocabulary (between 0 and 31999), got 49407. This may result in unexpected behavior.
Loading weights:   0%|          | 0/408 [00:00<?, ?it/s]Loading weights: 100%|██████████| 408/408 [00:00<00:00, 17013.23it/s]
task_attr_mod_color_11699        phase_gain     r=3.5000 dists=0.0775 lpips=0.2249 effect=0.2792 (1102s)
    [phase] step    0 loss 0.005487 |p| 0.01228
    [phase] step   25 loss 0.002850 |p| 0.06180
    [phase] step   50 loss 0.002521 |p| 0.09936
    [phase] step   75 loss 0.004610 |p| 0.13352
    [phase] step  100 loss 0.002962 |p| 0.16545
    [phase] step  125 loss 0.001217 |p| 0.19564
    [phase] step  150 loss 0.001637 |p| 0.22263
    [phase] step  175 loss 0.003885 |p| 0.24850
    [phase] step  200 loss 0.002513 |p| 0.27267
    [phase] step  225 loss 0.004889 |p| 0.29676
    [phase] step  250 loss 0.003447 |p| 0.32067
    [phase] step  275 loss 0.000938 |p| 0.34389
    [phase] step  300 loss 0.001550 |p| 0.36791
    [phase] step  325 loss 0.003947 |p| 0.38960
    [phase] step  350 loss 0.000895 |p| 0.40857
    [phase] step  375 loss 0.000769 |p| 0.42641
    [phase] step  400 loss 0.003276 |p| 0.44641
    [phase] step  425 loss 0.000463 |p| 0.46398
    [phase] step  450 loss 0.004051 |p| 0.48163
    [phase] step  475 loss 0.002119 |p| 0.49728
    [phase] step  500 loss 0.002323 |p| 0.51275
    [phase] step  525 loss 0.000634 |p| 0.52848
    [phase] step  550 loss 0.005067 |p| 0.54216
    [phase] step  575 loss 0.001176 |p| 0.55817
    [phase] step  600 loss 0.003190 |p| 0.57306
    [phase] step  625 loss 0.002600 |p| 0.58560
    [phase] step  650 loss 0.005369 |p| 0.59895
    [phase] step  675 loss 0.004184 |p| 0.61177
    [phase] step  700 loss 0.001169 |p| 0.62379
    [phase] step  725 loss 0.004876 |p| 0.63708
    [phase] step  750 loss 0.000571 |p| 0.64889
    [phase] step  775 loss 0.000658 |p| 0.66080
    [phase] step  800 loss 0.003296 |p| 0.67098
    [phase] step  825 loss 0.004783 |p| 0.68285
    [phase] step  850 loss 0.000563 |p| 0.69395
    [phase] step  875 loss 0.001687 |p| 0.70408
    [phase] step  900 loss 0.000658 |p| 0.71492
    [phase] step  925 loss 0.001156 |p| 0.72513
    [phase] step  950 loss 0.001408 |p| 0.73539
    [phase] step  975 loss 0.001403 |p| 0.74490
    [phase] step  999 loss 0.000328 |p| 0.75500
task_attr_mod_color_136767       phase_gain     r=3.5000 dists=0.1237 lpips=0.2435 effect=0.3447 (1086s)
    [phase] step    0 loss 0.005402 |p| 0.01228
    [phase] step   25 loss 0.003431 |p| 0.05814
    [phase] step   50 loss 0.002669 |p| 0.09297
    [phase] step   75 loss 0.005271 |p| 0.12255
    [phase] step  100 loss 0.003883 |p| 0.14887
    [phase] step  125 loss 0.000676 |p| 0.17455
    [phase] step  150 loss 0.001039 |p| 0.20017
    [phase] step  175 loss 0.004310 |p| 0.22242
    [phase] step  200 loss 0.003141 |p| 0.24531
    [phase] step  225 loss 0.004932 |p| 0.26550
    [phase] step  250 loss 0.003801 |p| 0.28677
    [phase] step  275 loss 0.000871 |p| 0.30753
    [phase] step  300 loss 0.000834 |p| 0.32993
    [phase] step  325 loss 0.004602 |p| 0.34990
    [phase] step  350 loss 0.000952 |p| 0.36687
    [phase] step  375 loss 0.000769 |p| 0.38418
    [phase] step  400 loss 0.003654 |p| 0.40285
    [phase] step  425 loss 0.000416 |p| 0.41989
    [phase] step  450 loss 0.004220 |p| 0.43523
    [phase] step  475 loss 0.002115 |p| 0.44984
    [phase] step  500 loss 0.002527 |p| 0.46340
    [phase] step  525 loss 0.000394 |p| 0.47932
    [phase] step  550 loss 0.005679 |p| 0.49188
    [phase] step  575 loss 0.001106 |p| 0.50718
    [phase] step  600 loss 0.003390 |p| 0.52186
    [phase] step  625 loss 0.002720 |p| 0.53284
    [phase] step  650 loss 0.005630 |p| 0.54517
    [phase] step  675 loss 0.004695 |p| 0.55670
    [phase] step  700 loss 0.001241 |p| 0.56836
    [phase] step  725 loss 0.005162 |p| 0.58147
    [phase] step  750 loss 0.000342 |p| 0.59237
    [phase] step  775 loss 0.000690 |p| 0.60138
    [phase] step  800 loss 0.003471 |p| 0.61126
    [phase] step  825 loss 0.005299 |p| 0.62140
    [phase] step  850 loss 0.000494 |p| 0.63150
    [phase] step  875 loss 0.001644 |p| 0.64012
    [phase] step  900 loss 0.000312 |p| 0.65096
    [phase] step  925 loss 0.001048 |p| 0.66125
    [phase] step  950 loss 0.001988 |p| 0.67049
    [phase] step  975 loss 0.001225 |p| 0.67943
    [phase] step  999 loss 0.000255 |p| 0.68881
task_attr_mod_color_184837       phase_gain     r=3.5000 dists=0.1488 lpips=0.2819 effect=0.7508 (1085s)
    [phase] step    0 loss 0.003994 |p| 0.01228
    [phase] step   25 loss 0.002407 |p| 0.05728
    [phase] step   50 loss 0.002355 |p| 0.09022
    [phase] step   75 loss 0.003833 |p| 0.11943
    [phase] step  100 loss 0.002495 |p| 0.15124
    [phase] step  125 loss 0.001350 |p| 0.17752
    [phase] step  150 loss 0.001109 |p| 0.19951
    [phase] step  175 loss 0.003347 |p| 0.22355
    [phase] step  200 loss 0.002441 |p| 0.24566
    [phase] step  225 loss 0.003518 |p| 0.26987
    [phase] step  250 loss 0.003050 |p| 0.29110
    [phase] step  275 loss 0.000894 |p| 0.31257
    [phase] step  300 loss 0.001002 |p| 0.33120
    [phase] step  325 loss 0.003473 |p| 0.35124
    [phase] step  350 loss 0.001141 |p| 0.37018
    [phase] step  375 loss 0.000962 |p| 0.38960
    [phase] step  400 loss 0.002496 |p| 0.40378
    [phase] step  425 loss 0.000817 |p| 0.42133
    [phase] step  450 loss 0.002798 |p| 0.43828
    [phase] step  475 loss 0.001731 |p| 0.45171
    [phase] step  500 loss 0.002186 |p| 0.46777
    [phase] step  525 loss 0.000831 |p| 0.48297
    [phase] step  550 loss 0.003933 |p| 0.49663
    [phase] step  575 loss 0.001194 |p| 0.51088
    [phase] step  600 loss 0.002677 |p| 0.52668
    [phase] step  625 loss 0.002186 |p| 0.53945
    [phase] step  650 loss 0.004183 |p| 0.55316
    [phase] step  675 loss 0.003685 |p| 0.56700
    [phase] step  700 loss 0.001194 |p| 0.57782
    [phase] step  725 loss 0.003542 |p| 0.58837
    [phase] step  750 loss 0.000650 |p| 0.60108
    [phase] step  775 loss 0.000829 |p| 0.61304
    [phase] step  800 loss 0.002833 |p| 0.62187
    [phase] step  825 loss 0.004029 |p| 0.63265
    [phase] step  850 loss 0.000778 |p| 0.64263
    [phase] step  875 loss 0.001585 |p| 0.65284
    [phase] step  900 loss 0.000966 |p| 0.66308
    [phase] step  925 loss 0.001154 |p| 0.67306
    [phase] step  950 loss 0.001304 |p| 0.68176
    [phase] step  975 loss 0.001320 |p| 0.68960
    [phase] step  999 loss 0.000640 |p| 0.69728
task_attr_mod_color_32648        phase_gain     r=3.5000 dists=0.0577 lpips=0.2344 effect=0.2957 (1084s)
    [phase] step    0 loss 0.005262 |p| 0.01228
    [phase] step   25 loss 0.002668 |p| 0.05879
    [phase] step   50 loss 0.002979 |p| 0.09396
    [phase] step   75 loss 0.004689 |p| 0.12402
    [phase] step  100 loss 0.003330 |p| 0.15036
    [phase] step  125 loss 0.000823 |p| 0.17864
    [phase] step  150 loss 0.001210 |p| 0.20687
    [phase] step  175 loss 0.003848 |p| 0.22925
    [phase] step  200 loss 0.002973 |p| 0.25418
    [phase] step  225 loss 0.004919 |p| 0.27627
    [phase] step  250 loss 0.003568 |p| 0.29988
    [phase] step  275 loss 0.000779 |p| 0.32369
    [phase] step  300 loss 0.001242 |p| 0.34911
    [phase] step  325 loss 0.004106 |p| 0.37029
    [phase] step  350 loss 0.000868 |p| 0.39017
    [phase] step  375 loss 0.000674 |p| 0.40855
    [phase] step  400 loss 0.003188 |p| 0.43080
    [phase] step  425 loss 0.000692 |p| 0.44909
    [phase] step  450 loss 0.004333 |p| 0.46655
    [phase] step  475 loss 0.002202 |p| 0.48215
    [phase] step  500 loss 0.002584 |p| 0.49715
    [phase] step  525 loss 0.000690 |p| 0.51403
    [phase] step  550 loss 0.005178 |p| 0.52963
    [phase] step  575 loss 0.001089 |p| 0.54718
    [phase] step  600 loss 0.003509 |p| 0.56294
    [phase] step  625 loss 0.002896 |p| 0.57604
    [phase] step  650 loss 0.005821 |p| 0.58982
    [phase] step  675 loss 0.004739 |p| 0.60207
    [phase] step  700 loss 0.001128 |p| 0.61707
    [phase] step  725 loss 0.005114 |p| 0.63422
    [phase] step  750 loss 0.000925 |p| 0.64753
    [phase] step  775 loss 0.000801 |p| 0.65649
    [phase] step  800 loss 0.003736 |p| 0.66965
    [phase] step  825 loss 0.005181 |p| 0.68216
    [phase] step  850 loss 0.000627 |p| 0.69421
    [phase] step  875 loss 0.001719 |p| 0.70610
    [phase] step  900 loss 0.000643 |p| 0.71794
    [phase] step  925 loss 0.001394 |p| 0.72972
    [phase] step  950 loss 0.001635 |p| 0.74121
    [phase] step  975 loss 0.001483 |p| 0.75297
    [phase] step  999 loss 0.000333 |p| 0.76659
task_attr_mod_color_6205         phase_gain     r=3.5000 dists=0.0882 lpips=0.1843 effect=0.2284 (1083s)
    [phase] step    0 loss 0.006505 |p| 0.01228
    [phase] step   25 loss 0.004364 |p| 0.06121
    [phase] step   50 loss 0.004495 |p| 0.09998
    [phase] step   75 loss 0.006035 |p| 0.13716
    [phase] step  100 loss 0.005249 |p| 0.17245
    [phase] step  125 loss 0.001168 |p| 0.20729
    [phase] step  150 loss 0.001784 |p| 0.23895
    [phase] step  175 loss 0.005150 |p| 0.27123
    [phase] step  200 loss 0.003930 |p| 0.30149
    [phase] step  225 loss 0.005777 |p| 0.33122
    [phase] step  250 loss 0.004493 |p| 0.35867
    [phase] step  275 loss 0.001030 |p| 0.38747
    [phase] step  300 loss 0.001347 |p| 0.41298
    [phase] step  325 loss 0.004705 |p| 0.43646
    [phase] step  350 loss 0.001524 |p| 0.46061
    [phase] step  375 loss 0.000598 |p| 0.48315
    [phase] step  400 loss 0.003637 |p| 0.50544
    [phase] step  425 loss 0.000854 |p| 0.52582
    [phase] step  450 loss 0.004829 |p| 0.54549
    [phase] step  475 loss 0.003317 |p| 0.56377
    [phase] step  500 loss 0.003272 |p| 0.58169
    [phase] step  525 loss 0.000551 |p| 0.60127
    [phase] step  550 loss 0.006145 |p| 0.61680
    [phase] step  575 loss 0.001574 |p| 0.63356
    [phase] step  600 loss 0.003830 |p| 0.65070
    [phase] step  625 loss 0.003278 |p| 0.66461
    [phase] step  650 loss 0.006558 |p| 0.67827
    [phase] step  675 loss 0.005047 |p| 0.69252
    [phase] step  700 loss 0.002140 |p| 0.70543
    [phase] step  725 loss 0.005986 |p| 0.71954
    [phase] step  750 loss 0.000505 |p| 0.73218
    [phase] step  775 loss 0.001235 |p| 0.74581
    [phase] step  800 loss 0.004045 |p| 0.75728
    [phase] step  825 loss 0.005792 |p| 0.76999
    [phase] step  850 loss 0.000685 |p| 0.78272
    [phase] step  875 loss 0.002085 |p| 0.79394
    [phase] step  900 loss 0.000667 |p| 0.80473
    [phase] step  925 loss 0.001642 |p| 0.81523
    [phase] step  950 loss 0.002170 |p| 0.82587
    [phase] step  975 loss 0.001684 |p| 0.83602
    [phase] step  999 loss 0.000476 |p| 0.84589
task_env_weather_112463          phase_gain     r=3.5000 dists=0.0723 lpips=0.3458 effect=0.4842 (1082s)
    [phase] step    0 loss 0.004800 |p| 0.01228
    [phase] step   25 loss 0.003356 |p| 0.05632
    [phase] step   50 loss 0.003438 |p| 0.08848
    [phase] step   75 loss 0.004847 |p| 0.11634
    [phase] step  100 loss 0.003385 |p| 0.14134
    [phase] step  125 loss 0.001073 |p| 0.16542
    [phase] step  150 loss 0.001128 |p| 0.19092
    [phase] step  175 loss 0.004242 |p| 0.21323
    [phase] step  200 loss 0.002945 |p| 0.23548
    [phase] step  225 loss 0.004148 |p| 0.25720
    [phase] step  250 loss 0.003328 |p| 0.27866
    [phase] step  275 loss 0.001008 |p| 0.30009
    [phase] step  300 loss 0.000982 |p| 0.32177
    [phase] step  325 loss 0.004022 |p| 0.34239
    [phase] step  350 loss 0.001347 |p| 0.36182
    [phase] step  375 loss 0.000719 |p| 0.38132
    [phase] step  400 loss 0.003131 |p| 0.40026
    [phase] step  425 loss 0.000827 |p| 0.41780
    [phase] step  450 loss 0.003521 |p| 0.43431
    [phase] step  475 loss 0.002283 |p| 0.45219
    [phase] step  500 loss 0.002467 |p| 0.46806
    [phase] step  525 loss 0.000944 |p| 0.48607
    [phase] step  550 loss 0.005024 |p| 0.50001
    [phase] step  575 loss 0.001531 |p| 0.51672
    [phase] step  600 loss 0.003016 |p| 0.53257
    [phase] step  625 loss 0.002481 |p| 0.54522
    [phase] step  650 loss 0.005133 |p| 0.55955
    [phase] step  675 loss 0.004189 |p| 0.57244
    [phase] step  700 loss 0.001442 |p| 0.58700
    [phase] step  725 loss 0.004644 |p| 0.60276
    [phase] step  750 loss 0.000595 |p| 0.61560
    [phase] step  775 loss 0.000969 |p| 0.62553
    [phase] step  800 loss 0.003060 |p| 0.63735
    [phase] step  825 loss 0.004670 |p| 0.65036
    [phase] step  850 loss 0.000634 |p| 0.66150
    [phase] step  875 loss 0.001594 |p| 0.67227
    [phase] step  900 loss 0.000470 |p| 0.68370
    [phase] step  925 loss 0.001258 |p| 0.69484
    [phase] step  950 loss 0.001543 |p| 0.70458
    [phase] step  975 loss 0.001594 |p| 0.71500
    [phase] step  999 loss 0.000453 |p| 0.72531
task_obj_remove_380621           phase_gain     r=3.5000 dists=0.1253 lpips=0.3315 effect=0.6038 (1082s)
    [phase] step    0 loss 0.004894 |p| 0.01151
    [phase] step   25 loss 0.002398 |p| 0.05408
    [phase] step   50 loss 0.002275 |p| 0.08466
    [phase] step   75 loss 0.004347 |p| 0.10942
    [phase] step  100 loss 0.002341 |p| 0.13210
    [phase] step  125 loss 0.000829 |p| 0.15118
    [phase] step  150 loss 0.000492 |p| 0.16953
    [phase] step  175 loss 0.003311 |p| 0.18641
    [phase] step  200 loss 0.002176 |p| 0.20197
    [phase] step  225 loss 0.003923 |p| 0.21645
    [phase] step  250 loss 0.003005 |p| 0.22836
    [phase] step  275 loss 0.000498 |p| 0.24090
    [phase] step  300 loss 0.000447 |p| 0.25216
    [phase] step  325 loss 0.003112 |p| 0.26376
    [phase] step  350 loss 0.000629 |p| 0.27499
    [phase] step  375 loss 0.000450 |p| 0.28511
    [phase] step  400 loss 0.002346 |p| 0.29548
    [phase] step  425 loss 0.000456 |p| 0.30481
    [phase] step  450 loss 0.003133 |p| 0.31439
    [phase] step  475 loss 0.001456 |p| 0.32249
    [phase] step  500 loss 0.001768 |p| 0.33200
    [phase] step  525 loss 0.000484 |p| 0.34020
    [phase] step  550 loss 0.004169 |p| 0.34779
    [phase] step  575 loss 0.000797 |p| 0.35526
    [phase] step  600 loss 0.002342 |p| 0.36324
    [phase] step  625 loss 0.001808 |p| 0.37084
    [phase] step  650 loss 0.004339 |p| 0.37820
    [phase] step  675 loss 0.003333 |p| 0.38502
    [phase] step  700 loss 0.000789 |p| 0.39193
    [phase] step  725 loss 0.004093 |p| 0.39864
    [phase] step  750 loss 0.000385 |p| 0.40538
    [phase] step  775 loss 0.000493 |p| 0.41221
    [phase] step  800 loss 0.002490 |p| 0.41854
    [phase] step  825 loss 0.004043 |p| 0.42488
    [phase] step  850 loss 0.000420 |p| 0.43116
    [phase] step  875 loss 0.001082 |p| 0.43687
    [phase] step  900 loss 0.000418 |p| 0.44260
    [phase] step  925 loss 0.000796 |p| 0.44827
    [phase] step  950 loss 0.001213 |p| 0.45392
    [phase] step  975 loss 0.000841 |p| 0.45907
    [phase] step  999 loss 0.000318 |p| 0.46398
task_obj_swap_joint_mask_276754  phase_gain     r=3.5000 dists=0.1479 lpips=0.3724 effect=0.3647 (1085s)
    [phase] step    0 loss 0.006028 |p| 0.01228
    [phase] step   25 loss 0.004340 |p| 0.06091
    [phase] step   50 loss 0.003077 |p| 0.09802
    [phase] step   75 loss 0.005289 |p| 0.13106
    [phase] step  100 loss 0.003583 |p| 0.16191
    [phase] step  125 loss 0.000730 |p| 0.19231
    [phase] step  150 loss 0.000785 |p| 0.22080
    [phase] step  175 loss 0.004768 |p| 0.24647
    [phase] step  200 loss 0.003099 |p| 0.27080
    [phase] step  225 loss 0.005166 |p| 0.29340
    [phase] step  250 loss 0.003873 |p| 0.31556
    [phase] step  275 loss 0.000567 |p| 0.33707
    [phase] step  300 loss 0.000711 |p| 0.35866
    [phase] step  325 loss 0.004837 |p| 0.37818
    [phase] step  350 loss 0.000832 |p| 0.39496
    [phase] step  375 loss 0.000326 |p| 0.41104
    [phase] step  400 loss 0.003497 |p| 0.42854
    [phase] step  425 loss 0.000481 |p| 0.44330
    [phase] step  450 loss 0.004463 |p| 0.45783
    [phase] step  475 loss 0.002003 |p| 0.46983
    [phase] step  500 loss 0.002500 |p| 0.48203
    [phase] step  525 loss 0.000573 |p| 0.49555
    [phase] step  550 loss 0.005525 |p| 0.50767
    [phase] step  575 loss 0.001000 |p| 0.52089
    [phase] step  600 loss 0.003332 |p| 0.53273
    [phase] step  625 loss 0.003055 |p| 0.54278
    [phase] step  650 loss 0.006145 |p| 0.55324
    [phase] step  675 loss 0.004684 |p| 0.56411
    [phase] step  700 loss 0.000975 |p| 0.57419
    [phase] step  725 loss 0.005414 |p| 0.58598
    [phase] step  750 loss 0.000205 |p| 0.59572
    [phase] step  775 loss 0.000676 |p| 0.60431
    [phase] step  800 loss 0.003684 |p| 0.61208
    [phase] step  825 loss 0.005234 |p| 0.62124
    [phase] step  850 loss 0.000324 |p| 0.62999
    [phase] step  875 loss 0.001677 |p| 0.63679
    [phase] step  900 loss 0.000359 |p| 0.64512
    [phase] step  925 loss 0.001174 |p| 0.65293
    [phase] step  950 loss 0.001633 |p| 0.66105
    [phase] step  975 loss 0.001193 |p| 0.66841
    [phase] step  999 loss 0.000252 |p| 0.67543
task_obj_swap_joint_mask_533428  phase_gain     r=3.5000 dists=0.1147 lpips=0.3567 effect=0.6345 (1087s)
    [phase] step    0 loss 0.005319 |p| 0.01228
    [phase] step   25 loss 0.003403 |p| 0.05906
    [phase] step   50 loss 0.002547 |p| 0.09475
    [phase] step   75 loss 0.005047 |p| 0.12665
    [phase] step  100 loss 0.002981 |p| 0.15582
    [phase] step  125 loss 0.001051 |p| 0.18494
    [phase] step  150 loss 0.000889 |p| 0.21379
    [phase] step  175 loss 0.004157 |p| 0.24012
    [phase] step  200 loss 0.003064 |p| 0.26480
    [phase] step  225 loss 0.004792 |p| 0.28770
    [phase] step  250 loss 0.003761 |p| 0.31307
    [phase] step  275 loss 0.000581 |p| 0.33704
    [phase] step  300 loss 0.000862 |p| 0.36008
    [phase] step  325 loss 0.004535 |p| 0.38269
    [phase] step  350 loss 0.000794 |p| 0.40137
    [phase] step  375 loss 0.000495 |p| 0.42225
    [phase] step  400 loss 0.003223 |p| 0.44188
    [phase] step  425 loss 0.000463 |p| 0.45971
    [phase] step  450 loss 0.004151 |p| 0.47669
    [phase] step  475 loss 0.001752 |p| 0.49052
    [phase] step  500 loss 0.002505 |p| 0.50388
    [phase] step  525 loss 0.000504 |p| 0.52241
    [phase] step  550 loss 0.005306 |p| 0.53517
    [phase] step  575 loss 0.000892 |p| 0.55078
    [phase] step  600 loss 0.003473 |p| 0.56579
    [phase] step  625 loss 0.002805 |p| 0.57623
    [phase] step  650 loss 0.005598 |p| 0.58874
    [phase] step  675 loss 0.004549 |p| 0.60001
    [phase] step  700 loss 0.001047 |p| 0.61184
    [phase] step  725 loss 0.004943 |p| 0.62409
    [phase] step  750 loss 0.000384 |p| 0.63442
    [phase] step  775 loss 0.000647 |p| 0.64447
    [phase] step  800 loss 0.003726 |p| 0.65299
    [phase] step  825 loss 0.004965 |p| 0.66375
    [phase] step  850 loss 0.000488 |p| 0.67386
    [phase] step  875 loss 0.001598 |p| 0.68260
    [phase] step  900 loss 0.000590 |p| 0.69175
    [phase] step  925 loss 0.001150 |p| 0.70050
    [phase] step  950 loss 0.001661 |p| 0.70913
    [phase] step  975 loss 0.001161 |p| 0.71748
    [phase] step  999 loss 0.000318 |p| 0.72679
task_obj_swap_rand_mask_417469   phase_gain     r=3.5000 dists=0.1348 lpips=0.3439 effect=0.7470 (1093s)

表：runs/ip2p_image_guidance/ig_n35/results.csv（10 列）
