Loading pipeline components...:   0%|          | 0/6 [00:00<?, ?it/s]Loading pipeline components...:  17%|█▋        | 1/6 [00:00<00:00,  9.44it/s]
Loading weights:   0%|          | 0/196 [00:00<?, ?it/s][ALoading weights: 100%|██████████| 196/196 [00:00<00:00, 20779.63it/s]
Loading pipeline components...:  50%|█████     | 3/6 [00:00<00:00, 11.84it/s]Loading pipeline components...:  83%|████████▎ | 5/6 [00:00<00:00, 14.55it/s]Loading pipeline components...: 100%|██████████| 6/6 [00:00<00:00, 16.26it/s]
There are modules in AutoencoderKL that should be kept in float32: []. Casting directly with `to()` can lead to inconsistent results; set `torch_dtype` in `from_pretrained()` instead to keep these modules in float32.
/nfs/home/nelson0314/venvs/wacv/lib/python3.11/site-packages/torchvision/models/_utils.py:207: UserWarning: The parameter 'pretrained' is deprecated since 0.13 and may be removed in the future, please use 'weights' instead.
  warnings.warn(
/nfs/home/nelson0314/venvs/wacv/lib/python3.11/site-packages/torchvision/models/_utils.py:222: UserWarning: Arguments other than a weight enum or `None` for 'weights' are deprecated since 0.13 and may be removed in the future. The current behavior is equivalent to passing `weights=VGG16_Weights.IMAGENET1K_V1`. You can also use `weights=VGG16_Weights.DEFAULT` to get the most up-to-date weights.
  warnings.warn(msg)
IP2P 線：13 張、條件 ['warp_rand']、steps=100 s_T=7.5 s_I=1.5 seed=20260812
/nfs/home/nelson0314/venvs/wacv/lib/python3.11/site-packages/diffusers/image_processor.py:724: FutureWarning: Passing `image` as torch tensor with value range in [-1,1] is deprecated. The expected value range for image tensor is [0,1] when passing as pytorch tensor or numpy Array. You passed `image` with value range [-1.0,1.0]
  warnings.warn(
/nfs/home/nelson0314/venvs/wacv/lib/python3.11/site-packages/diffusers/image_processor.py:724: FutureWarning: Passing `image` as torch tensor with value range in [-1,1] is deprecated. The expected value range for image tensor is [0,1] when passing as pytorch tensor or numpy Array. You passed `image` with value range [-1.0,0.9653849601745605]
  warnings.warn(
Warning: You are sending unauthenticated requests to the HF Hub. Please set a HF_TOKEN to enable higher rate limits and faster downloads.
Loading weights:   0%|          | 0/398 [00:00<?, ?it/s]Loading weights: 100%|██████████| 398/398 [00:00<00:00, 11720.87it/s]
[transformers] Model config: bos_token_id must be `None` or an integer within the vocabulary (between 0 and 31999), got 49406. This may result in unexpected behavior.
[transformers] Model config: eos_token_id must be `None` or an integer within the vocabulary (between 0 and 31999), got 49407. This may result in unexpected behavior.
Loading weights:   0%|          | 0/408 [00:00<?, ?it/s]Loading weights:  87%|████████▋ | 356/408 [00:00<00:00, 3556.86it/s]Loading weights: 100%|██████████| 408/408 [00:00<00:00, 3592.76it/s]
task_attr_mod_color_11699        warp_rand      r=0.5000 dists=0.0100 lpips=0.0378 effect=0.0548 (57s)
task_attr_mod_color_136767       warp_rand      r=0.5000 dists=0.0095 lpips=0.0256 effect=0.0444 (47s)
/nfs/home/nelson0314/venvs/wacv/lib/python3.11/site-packages/diffusers/image_processor.py:724: FutureWarning: Passing `image` as torch tensor with value range in [-1,1] is deprecated. The expected value range for image tensor is [0,1] when passing as pytorch tensor or numpy Array. You passed `image` with value range [-0.9998156428337097,1.0]
  warnings.warn(
task_attr_mod_color_184837       warp_rand      r=0.5000 dists=0.0213 lpips=0.0319 effect=0.0563 (47s)
task_attr_mod_color_32648        warp_rand      r=0.5000 dists=0.0131 lpips=0.0302 effect=0.0331 (47s)
task_attr_mod_color_6205         warp_rand      r=0.5000 dists=0.0080 lpips=0.0242 effect=0.0323 (47s)
task_env_weather_112463          warp_rand      r=0.5000 dists=0.0071 lpips=0.0198 effect=0.0804 (47s)
task_env_weather_246440          warp_rand      r=0.5000 dists=0.0154 lpips=0.0300 effect=0.1334 (47s)
/nfs/home/nelson0314/venvs/wacv/lib/python3.11/site-packages/diffusers/image_processor.py:724: FutureWarning: Passing `image` as torch tensor with value range in [-1,1] is deprecated. The expected value range for image tensor is [0,1] when passing as pytorch tensor or numpy Array. You passed `image` with value range [-0.9964815378189087,0.8843048810958862]
  warnings.warn(
task_env_weather_63722           warp_rand      r=0.5000 dists=0.0182 lpips=0.0458 effect=0.0786 (47s)
/nfs/home/nelson0314/venvs/wacv/lib/python3.11/site-packages/diffusers/image_processor.py:724: FutureWarning: Passing `image` as torch tensor with value range in [-1,1] is deprecated. The expected value range for image tensor is [0,1] when passing as pytorch tensor or numpy Array. You passed `image` with value range [-1.0,0.9916672706604004]
  warnings.warn(
task_obj_add_40931               warp_rand      r=0.5000 dists=0.0137 lpips=0.0457 effect=0.0780 (47s)
task_obj_remove_380621           warp_rand      r=0.5000 dists=0.0312 lpips=0.0431 effect=0.0851 (47s)
task_obj_swap_joint_mask_276754  warp_rand      r=0.5000 dists=0.0285 lpips=0.0859 effect=0.0353 (47s)
/nfs/home/nelson0314/venvs/wacv/lib/python3.11/site-packages/diffusers/image_processor.py:724: FutureWarning: Passing `image` as torch tensor with value range in [-1,1] is deprecated. The expected value range for image tensor is [0,1] when passing as pytorch tensor or numpy Array. You passed `image` with value range [-1.0,0.9999651908874512]
  warnings.warn(
task_obj_swap_joint_mask_533428  warp_rand      r=0.5000 dists=0.0139 lpips=0.0377 effect=0.1338 (47s)
/nfs/home/nelson0314/venvs/wacv/lib/python3.11/site-packages/diffusers/image_processor.py:724: FutureWarning: Passing `image` as torch tensor with value range in [-1,1] is deprecated. The expected value range for image tensor is [0,1] when passing as pytorch tensor or numpy Array. You passed `image` with value range [-1.0,0.9933960437774658]
  warnings.warn(
task_obj_swap_rand_mask_417469   warp_rand      r=0.5000 dists=0.0120 lpips=0.0265 effect=0.0482 (47s)

表：runs/ip2p_warp/rand_r05/results.csv（13 列）
