Loading pipeline components...:   0%|          | 0/6 [00:00<?, ?it/s]Loading pipeline components...:  33%|███▎      | 2/6 [00:00<00:00, 14.74it/s]Loading pipeline components...:  67%|██████▋   | 4/6 [00:00<00:00, 12.70it/s]
Loading weights:   0%|          | 0/196 [00:00<?, ?it/s][ALoading weights: 100%|██████████| 196/196 [00:00<00:00, 3661.21it/s]
Loading pipeline components...: 100%|██████████| 6/6 [00:00<00:00, 12.21it/s]Loading pipeline components...: 100%|██████████| 6/6 [00:00<00:00, 12.50it/s]
There are modules in AutoencoderKL that should be kept in float32: []. Casting directly with `to()` can lead to inconsistent results; set `torch_dtype` in `from_pretrained()` instead to keep these modules in float32.
/nfs/home/nelson0314/venvs/wacv/lib/python3.11/site-packages/torchvision/models/_utils.py:207: UserWarning: The parameter 'pretrained' is deprecated since 0.13 and may be removed in the future, please use 'weights' instead.
  warnings.warn(
/nfs/home/nelson0314/venvs/wacv/lib/python3.11/site-packages/torchvision/models/_utils.py:222: UserWarning: Arguments other than a weight enum or `None` for 'weights' are deprecated since 0.13 and may be removed in the future. The current behavior is equivalent to passing `weights=VGG16_Weights.IMAGENET1K_V1`. You can also use `weights=VGG16_Weights.DEFAULT` to get the most up-to-date weights.
  warnings.warn(msg)
IP2P 線：13 張、條件 ['warp_roundtrip']、steps=100 s_T=7.5 s_I=1.5 seed=20260812
/nfs/home/nelson0314/venvs/wacv/lib/python3.11/site-packages/diffusers/image_processor.py:724: FutureWarning: Passing `image` as torch tensor with value range in [-1,1] is deprecated. The expected value range for image tensor is [0,1] when passing as pytorch tensor or numpy Array. You passed `image` with value range [-1.0,1.0]
  warnings.warn(
/nfs/home/nelson0314/venvs/wacv/lib/python3.11/site-packages/diffusers/image_processor.py:724: FutureWarning: Passing `image` as torch tensor with value range in [-1,1] is deprecated. The expected value range for image tensor is [0,1] when passing as pytorch tensor or numpy Array. You passed `image` with value range [-0.9999217391014099,0.9355466365814209]
  warnings.warn(
Warning: You are sending unauthenticated requests to the HF Hub. Please set a HF_TOKEN to enable higher rate limits and faster downloads.
Loading weights:   0%|          | 0/398 [00:00<?, ?it/s]Loading weights: 100%|██████████| 398/398 [00:00<00:00, 7846.53it/s]
[transformers] Model config: bos_token_id must be `None` or an integer within the vocabulary (between 0 and 31999), got 49406. This may result in unexpected behavior.
[transformers] Model config: eos_token_id must be `None` or an integer within the vocabulary (between 0 and 31999), got 49407. This may result in unexpected behavior.
Loading weights:   0%|          | 0/408 [00:00<?, ?it/s]Loading weights:  73%|███████▎  | 299/408 [00:00<00:00, 2975.05it/s]Loading weights: 100%|██████████| 408/408 [00:00<00:00, 2977.96it/s]
task_attr_mod_color_11699        warp_roundtrip r=12.0000 dists=0.1697 lpips=0.3184 effect=0.3201 (57s)
task_attr_mod_color_136767       warp_roundtrip r=12.0000 dists=0.1747 lpips=0.3037 effect=0.3294 (47s)
/nfs/home/nelson0314/venvs/wacv/lib/python3.11/site-packages/diffusers/image_processor.py:724: FutureWarning: Passing `image` as torch tensor with value range in [-1,1] is deprecated. The expected value range for image tensor is [0,1] when passing as pytorch tensor or numpy Array. You passed `image` with value range [-0.9985008239746094,0.9927113056182861]
  warnings.warn(
task_attr_mod_color_184837       warp_roundtrip r=12.0000 dists=0.2037 lpips=0.3641 effect=0.3673 (47s)
/nfs/home/nelson0314/venvs/wacv/lib/python3.11/site-packages/diffusers/image_processor.py:724: FutureWarning: Passing `image` as torch tensor with value range in [-1,1] is deprecated. The expected value range for image tensor is [0,1] when passing as pytorch tensor or numpy Array. You passed `image` with value range [-0.9999115467071533,0.9999755620956421]
  warnings.warn(
task_attr_mod_color_32648        warp_roundtrip r=12.0000 dists=0.1808 lpips=0.2589 effect=0.2421 (47s)
task_attr_mod_color_6205         warp_roundtrip r=12.0000 dists=0.1750 lpips=0.3004 effect=0.4259 (47s)
/nfs/home/nelson0314/venvs/wacv/lib/python3.11/site-packages/diffusers/image_processor.py:724: FutureWarning: Passing `image` as torch tensor with value range in [-1,1] is deprecated. The expected value range for image tensor is [0,1] when passing as pytorch tensor or numpy Array. You passed `image` with value range [-0.9975084066390991,1.0]
  warnings.warn(
task_env_weather_112463          warp_roundtrip r=12.0000 dists=0.1987 lpips=0.3761 effect=0.3793 (48s)
task_env_weather_246440          warp_roundtrip r=12.0000 dists=0.1896 lpips=0.3843 effect=0.5084 (47s)
/nfs/home/nelson0314/venvs/wacv/lib/python3.11/site-packages/diffusers/image_processor.py:724: FutureWarning: Passing `image` as torch tensor with value range in [-1,1] is deprecated. The expected value range for image tensor is [0,1] when passing as pytorch tensor or numpy Array. You passed `image` with value range [-0.9754360914230347,0.8596447706222534]
  warnings.warn(
task_env_weather_63722           warp_roundtrip r=12.0000 dists=0.2850 lpips=0.4329 effect=0.4406 (48s)
/nfs/home/nelson0314/venvs/wacv/lib/python3.11/site-packages/diffusers/image_processor.py:724: FutureWarning: Passing `image` as torch tensor with value range in [-1,1] is deprecated. The expected value range for image tensor is [0,1] when passing as pytorch tensor or numpy Array. You passed `image` with value range [-1.0,0.9854257106781006]
  warnings.warn(
task_obj_add_40931               warp_roundtrip r=12.0000 dists=0.2483 lpips=0.4436 effect=0.4434 (47s)
/nfs/home/nelson0314/venvs/wacv/lib/python3.11/site-packages/diffusers/image_processor.py:724: FutureWarning: Passing `image` as torch tensor with value range in [-1,1] is deprecated. The expected value range for image tensor is [0,1] when passing as pytorch tensor or numpy Array. You passed `image` with value range [-1.0,0.9874569177627563]
  warnings.warn(
task_obj_remove_380621           warp_roundtrip r=12.0000 dists=0.2408 lpips=0.3956 effect=0.4165 (47s)
/nfs/home/nelson0314/venvs/wacv/lib/python3.11/site-packages/diffusers/image_processor.py:724: FutureWarning: Passing `image` as torch tensor with value range in [-1,1] is deprecated. The expected value range for image tensor is [0,1] when passing as pytorch tensor or numpy Array. You passed `image` with value range [-1.0,0.9961239099502563]
  warnings.warn(
task_obj_swap_joint_mask_276754  warp_roundtrip r=12.0000 dists=0.2238 lpips=0.4550 effect=0.1106 (47s)
/nfs/home/nelson0314/venvs/wacv/lib/python3.11/site-packages/diffusers/image_processor.py:724: FutureWarning: Passing `image` as torch tensor with value range in [-1,1] is deprecated. The expected value range for image tensor is [0,1] when passing as pytorch tensor or numpy Array. You passed `image` with value range [-1.0,0.9956041574478149]
  warnings.warn(
task_obj_swap_joint_mask_533428  warp_roundtrip r=12.0000 dists=0.2017 lpips=0.4076 effect=0.5295 (47s)
/nfs/home/nelson0314/venvs/wacv/lib/python3.11/site-packages/diffusers/image_processor.py:724: FutureWarning: Passing `image` as torch tensor with value range in [-1,1] is deprecated. The expected value range for image tensor is [0,1] when passing as pytorch tensor or numpy Array. You passed `image` with value range [-1.0,0.9843995571136475]
  warnings.warn(
task_obj_swap_rand_mask_417469   warp_roundtrip r=12.0000 dists=0.1607 lpips=0.3460 effect=0.3496 (47s)

表：runs/ip2p_warp/trip_r12/results.csv（13 列）
