Warning: You are sending unauthenticated requests to the HF Hub. Please set a HF_TOKEN to enable higher rate limits and faster downloads.
Loading pipeline components...:   0%|          | 0/6 [00:00<?, ?it/s]Loading pipeline components...:  50%|█████     | 3/6 [00:00<00:00, 21.42it/s]
Loading weights:   0%|          | 0/196 [00:00<?, ?it/s][ALoading weights: 100%|██████████| 196/196 [00:00<00:00, 4179.06it/s]
Loading pipeline components...: 100%|██████████| 6/6 [00:00<00:00, 16.73it/s]Loading pipeline components...: 100%|██████████| 6/6 [00:00<00:00, 17.28it/s]
There are modules in AutoencoderKL that should be kept in float32: []. Casting directly with `to()` can lead to inconsistent results; set `torch_dtype` in `from_pretrained()` instead to keep these modules in float32.
/nfs/home/nelson0314/venvs/wacv/lib/python3.11/site-packages/torchvision/models/_utils.py:207: UserWarning: The parameter 'pretrained' is deprecated since 0.13 and may be removed in the future, please use 'weights' instead.
  warnings.warn(
/nfs/home/nelson0314/venvs/wacv/lib/python3.11/site-packages/torchvision/models/_utils.py:222: UserWarning: Arguments other than a weight enum or `None` for 'weights' are deprecated since 0.13 and may be removed in the future. The current behavior is equivalent to passing `weights=VGG16_Weights.IMAGENET1K_V1`. You can also use `weights=VGG16_Weights.DEFAULT` to get the most up-to-date weights.
  warnings.warn(msg)
IP2P 線：6 張、條件 ['phase']、steps=100 s_T=7.5 s_I=1.5 seed=20260812
/nfs/home/nelson0314/venvs/wacv/lib/python3.11/site-packages/diffusers/image_processor.py:724: FutureWarning: Passing `image` as torch tensor with value range in [-1,1] is deprecated. The expected value range for image tensor is [0,1] when passing as pytorch tensor or numpy Array. You passed `image` with value range [-1.0,1.0]
  warnings.warn(
task_attr_mod_color_184837       phase          r=0.8000 dists=0.0836 lpips=0.1452 effect=0.2776 (38s)
task_env_weather_133752          phase          r=0.8000 dists=0.0859 lpips=0.1727 effect=0.2420 (39s)
task_obj_add_13726               phase          r=0.8000 dists=0.0974 lpips=0.1837 effect=0.2911 (39s)
task_obj_add_692065              phase          r=0.8000 dists=0.0636 lpips=0.1142 effect=0.1596 (40s)
task_obj_remove_509477           phase          r=0.8000 dists=0.0842 lpips=0.2028 effect=0.2444 (40s)
/nfs/home/nelson0314/venvs/wacv/lib/python3.11/site-packages/diffusers/image_processor.py:724: FutureWarning: Passing `image` as torch tensor with value range in [-1,1] is deprecated. The expected value range for image tensor is [0,1] when passing as pytorch tensor or numpy Array. You passed `image` with value range [-0.9686274528503418,1.0]
  warnings.warn(
task_obj_swap_joint_mask_75733   phase          r=0.8000 dists=0.1444 lpips=0.3185 effect=0.3696 (40s)

表：runs/fair0820/a2_rmin/rm06_t080_2/results.csv（6 列）
