===== train =====
[env] 載入 SDXLWrapper(stabilityai/stable-diffusion-xl-base-1.0) dtype=torch.bfloat16
Loading pipeline components...:   0%|          | 0/7 [00:00<?, ?it/s]Loading pipeline components...:  14%|█▍        | 1/7 [00:00<00:01,  3.71it/s]Loading pipeline components...:  29%|██▊       | 2/7 [00:01<00:04,  1.24it/s]
Loading weights:   0%|          | 0/196 [00:00<?, ?it/s][ALoading weights: 100%|██████████| 196/196 [00:00<00:00, 2566.77it/s]
Loading pipeline components...:  71%|███████▏  | 5/7 [00:01<00:00,  2.85it/s]
Loading weights:   0%|          | 0/517 [00:00<?, ?it/s][A
Loading weights:  41%|████      | 213/517 [00:00<00:00, 2091.95it/s][A
Loading weights:  91%|█████████ | 469/517 [00:00<00:00, 2340.90it/s][ALoading weights: 100%|██████████| 517/517 [00:00<00:00, 2358.46it/s]
Loading pipeline components...:  86%|████████▌ | 6/7 [00:02<00:00,  2.71it/s]Loading pipeline components...: 100%|██████████| 7/7 [00:02<00:00,  2.85it/s]
There are modules in UNet2DConditionModel that should be kept in float32: []. Casting directly with `to()` can lead to inconsistent results; set `torch_dtype` in `from_pretrained()` instead to keep these modules in float32.
There are modules in AutoencoderKL that should be kept in float32: []. Casting directly with `to()` can lead to inconsistent results; set `torch_dtype` in `from_pretrained()` instead to keep these modules in float32.
/nfs/home/nelson0314/venvs/wacv/lib/python3.11/site-packages/torchvision/models/_utils.py:207: UserWarning: The parameter 'pretrained' is deprecated since 0.13 and may be removed in the future, please use 'weights' instead.
  warnings.warn(
/nfs/home/nelson0314/venvs/wacv/lib/python3.11/site-packages/torchvision/models/_utils.py:222: UserWarning: Arguments other than a weight enum or `None` for 'weights' are deprecated since 0.13 and may be removed in the future. The current behavior is equivalent to passing `weights=VGG16_Weights.IMAGENET1K_V1`. You can also use `weights=VGG16_Weights.DEFAULT` to get the most up-to-date weights.
  warnings.warn(msg)
[env] 影像 1 張：['bird_03']

[preflight] 以下事項會影響本批的結果，請先處理：
  - tau_acut 仍為 0.04，那是在 τ_lpips=0.05 的量級上由人眼判讀定出的絕對值；本輪訓練在 τ=0.35。需重新判讀後以 --tau-acut 指定（objective.py「門檻的適用範圍」）
  - tau_chroma 仍為 0.8，同上，需重新判讀

  [stop] 監看 shared_mass；約束：fid_pen_lpips, fid_pen_acut, fid_pen_chroma
  [stage default] lr=0.1（lr.N1）上限 250 步
/nfs/home/nelson0314/WACV/src/defense/objective.py:550: UserWarning: Converting a tensor with requires_grad=True to a scalar may lead to unexpected behavior.
Consider using tensor.detach() first. (Triggered internally at /__w/pytorch/pytorch/torch/csrc/autograd/generated/python_variable_methods.cpp:822.)
  "fid_linf_total": float((xd - xr).abs().max()),
  [default] step    0  loss=0.9840  L_def=0.9840  L_fid=0.0000  |g|=2.384e-04
  [default] step   10  loss=0.9840  L_def=0.9840  L_fid=0.0000  |g|=2.128e-04
  [default] step   20  loss=0.9840  L_def=0.9840  L_fid=0.0000  |g|=1.067e-04
  [default] step   30  loss=0.9840  L_def=0.9840  L_fid=0.0000  |g|=1.323e-04
  [default] step   40  loss=0.9840  L_def=0.9840  L_fid=0.0000  |g|=1.764e-04
  [default] step   50  loss=0.9840  L_def=0.9840  L_fid=0.0000  |g|=1.224e-04
  [default] step   60  loss=0.9839  L_def=0.9839  L_fid=0.0000  |g|=8.887e-05
  [default] step   70  loss=0.9840  L_def=0.9840  L_fid=0.0000  |g|=1.335e-04
  [stop] 階段 default 第 70 步停止：約束已啟動且 shared_mass 在最近 20 步的每步改善 +1.20e-07 低於 2.3e-07
/nfs/home/nelson0314/venvs/wacv/lib/python3.11/site-packages/torchvision/models/_utils.py:207: UserWarning: The parameter 'pretrained' is deprecated since 0.13 and may be removed in the future, please use 'weights' instead.
  warnings.warn(
/nfs/home/nelson0314/venvs/wacv/lib/python3.11/site-packages/torchvision/models/_utils.py:222: UserWarning: Arguments other than a weight enum or `None` for 'weights' are deprecated since 0.13 and may be removed in the future. The current behavior is equivalent to passing `weights=VGG16_Weights.IMAGENET1K_V1`. You can also use `weights=VGG16_Weights.DEFAULT` to get the most up-to-date weights.
  warnings.warn(msg)
  [stop] 監看 edit_shift；約束：fid_pen_lpips, fid_pen_acut, fid_pen_chroma
  [stage default] lr=0.001（lr.N2）上限 250 步
  [default] step    0  loss=0.7424  L_def=0.7424  L_fid=0.0000  |g|=3.100e-01
  [default] step   10  loss=0.6815  L_def=0.6815  L_fid=0.0000  |g|=1.005e-01
  [default] step   20  loss=0.7346  L_def=0.7346  L_fid=0.0000  |g|=1.930e-01
  [default] step   30  loss=0.7438  L_def=0.7438  L_fid=0.0000  |g|=9.725e-02
  [default] step   40  loss=0.6809  L_def=0.6809  L_fid=0.0000  |g|=5.464e-02
  [default] step   50  loss=0.7315  L_def=0.7315  L_fid=0.0000  |g|=3.001e-01
  [default] step   60  loss=0.7436  L_def=0.7436  L_fid=0.0000  |g|=8.147e-02
  [default] step   70  loss=0.6804  L_def=0.6804  L_fid=0.0000  |g|=8.261e-02
  [default] step   80  loss=0.7361  L_def=0.7361  L_fid=0.0000  |g|=9.097e-02
  [default] step   90  loss=0.7419  L_def=0.7419  L_fid=0.0000  |g|=5.566e-02
  [default] step  100  loss=0.6797  L_def=0.6797  L_fid=0.0000  |g|=6.959e-02
  [default] step  110  loss=0.7326  L_def=0.7326  L_fid=0.0000  |g|=1.031e-01
  [default] step  120  loss=0.7409  L_def=0.7409  L_fid=0.0000  |g|=1.212e-01
  [default] step  130  loss=0.6778  L_def=0.6778  L_fid=0.0000  |g|=3.964e-02
  [default] step  140  loss=0.7358  L_def=0.7358  L_fid=0.0000  |g|=1.761e-01
  [default] step  150  loss=0.7412  L_def=0.7412  L_fid=0.0000  |g|=5.277e-02
  [default] step  160  loss=0.6776  L_def=0.6776  L_fid=0.0000  |g|=4.767e-02
  [default] step  170  loss=0.7316  L_def=0.7316  L_fid=0.0000  |g|=7.841e-02
  [default] step  180  loss=0.7408  L_def=0.7408  L_fid=0.0000  |g|=9.427e-02
  [default] step  190  loss=0.6777  L_def=0.6777  L_fid=0.0000  |g|=4.876e-02
  [default] step  200  loss=0.7374  L_def=0.7374  L_fid=0.0000  |g|=1.113e-01
  [default] step  210  loss=0.7401  L_def=0.7401  L_fid=0.0000  |g|=1.165e-01
  [default] step  220  loss=0.6789  L_def=0.6789  L_fid=0.0000  |g|=4.355e-02
  [default] step  230  loss=0.7356  L_def=0.7356  L_fid=0.0000  |g|=1.085e-01
  [default] step  240  loss=0.7387  L_def=0.7387  L_fid=0.0000  |g|=4.087e-02
  [default] step  249  loss=0.7389  L_def=0.7389  L_fid=0.0000  |g|=4.493e-02
  [stop] 階段 default 用盡上限 250 步仍未達停止準則，該格不可用於跨條件比較
  [stop] 監看 edit_shift；約束：fid_pen_lpips, fid_pen_acut, fid_pen_chroma
  [align] group=stage1 lr=0.001（lr.N3_stage1）200 步
  [align] step    0  loss=1383.0336  lpips=0.7325  psnr=19.57
  [align] step   10  loss=192.6423  lpips=0.2975  psnr=26.81
  [align] step   20  loss=94.2095  lpips=0.2832  psnr=28.02
  [align] step   30  loss=37.1562  lpips=0.2563  psnr=30.21
  [align] step   40  loss=17.5877  lpips=0.2568  psnr=30.83
  [align] step   50  loss=9.9709  lpips=0.2445  psnr=31.47
  [align] step   60  loss=21.0541  lpips=0.2426  psnr=31.68
  [align] step   70  loss=14.4576  lpips=0.2428  psnr=31.48
  [align] step   80  loss=20.5338  lpips=0.2390  psnr=31.77
  [align] step   90  loss=11.1169  lpips=0.2349  psnr=31.95
  [align] step  100  loss=30.8375  lpips=0.2376  psnr=32.06
  [align] step  110  loss=9.5724  lpips=0.2386  psnr=31.96
  [align] step  120  loss=8.0614  lpips=0.2334  psnr=32.13
  [align] step  130  loss=19.1372  lpips=0.2332  psnr=32.13
  [align] step  140  loss=18.0242  lpips=0.2375  psnr=31.48
  [align] step  150  loss=30.2938  lpips=0.2301  psnr=31.37
  [align] step  160  loss=7.7035  lpips=0.2292  psnr=32.01
  [align] step  170  loss=7.1625  lpips=0.2292  psnr=32.22
  [align] step  180  loss=20.6207  lpips=0.2214  psnr=31.73
  [align] step  190  loss=3.7563  lpips=0.2233  psnr=32.34
  [align] step  199  loss=27.1027  lpips=0.2250  psnr=31.23
  [align] 還原第 178 步的 φ（loss=3.7292）；最後一步為 27.1027
  [stage stage2] lr=0.005（lr.N3_stage2）上限 250 步
  [stage2] step    0  loss=0.0250  L_def=0.0250  L_fid=0.0000  |g|=1.102e-03
  [stage2] step   10  loss=0.0192  L_def=0.0192  L_fid=0.0000  |g|=4.444e-03
  [stage2] step   20  loss=0.0230  L_def=0.0230  L_fid=0.0000  |g|=4.791e-03
  [stop] 階段 stage2 第 24 步停止：約束已啟動且 edit_shift 在最近 20 步的每步改善 -3.92e-04 低於 1.2e-03
  [fail] train/N3/bird_03
  [photoguard_c] step    0  L=5.118898e+02  Linf01=0.0290  L2=1.000
  [photoguard_c] step   10  L=5.179197e+02  Linf01=0.0726  L2=3.309
  [photoguard_c] step   20  L=5.114987e+02  Linf01=0.1116  L2=4.591
  [photoguard_c] step   30  L=5.010053e+02  Linf01=0.1110  L2=5.610
  [photoguard_c] step   40  L=5.226880e+02  Linf01=0.1364  L2=6.482
  [photoguard_c] step   50  L=5.094833e+02  Linf01=0.1363  L2=7.301
  [photoguard_c] step   60  L=5.116951e+02  Linf01=0.1363  L2=7.996
  [photoguard_c] step   70  L=5.041640e+02  Linf01=0.1363  L2=8.664
  [photoguard_c] step   80  L=5.078940e+02  Linf01=0.1361  L2=9.296
  [photoguard_c] step   90  L=5.065801e+02  Linf01=0.1361  L2=9.926
  [photoguard_c] step  100  L=5.088492e+02  Linf01=0.1444  L2=10.497
  [photoguard_c] step  110  L=4.981990e+02  Linf01=0.1440  L2=11.054
  [photoguard_c] step  120  L=4.961700e+02  Linf01=0.1436  L2=11.614
  [photoguard_c] step  130  L=5.027709e+02  Linf01=0.1440  L2=12.132
  [photoguard_c] step  140  L=4.929842e+02  Linf01=0.1438  L2=12.620
  [photoguard_c] step  150  L=5.037261e+02  Linf01=0.1434  L2=13.125
  [photoguard_c] step  160  L=4.983760e+02  Linf01=0.1433  L2=13.601
  [photoguard_c] step  170  L=5.000845e+02  Linf01=0.1428  L2=14.118
  [photoguard_c] step  180  L=5.024082e+02  Linf01=0.1426  L2=14.550
  [photoguard_c] step  190  L=4.984825e+02  Linf01=0.1423  L2=15.001
  [photoguard_c] step  199  L=4.988263e+02  Linf01=0.1419  L2=15.416
/nfs/home/nelson0314/venvs/wacv/lib/python3.11/site-packages/torch/nn/modules/loss.py:630: UserWarning: Using a target size (torch.Size([1, 4, 180, 180])) that is different to the input size (torch.Size([1, 4, 128, 128])). This will likely lead to incorrect results due to broadcasting. Please ensure they have the same size.
  return F.mse_loss(input, target, reduction=self.reduction)
  [fail] train/mist/bird_03
[W806 17:16:29.445821027 CUDACachingAllocator.cpp:508] expandable_segments: memory mapping failed with OOM on device 0 while trying to map 20971520 bytes (free: 15728640, total: 25296044032).
[W806 17:16:29.445887573 CUDACachingAllocator.cpp:508] expandable_segments: memory mapping failed with OOM on device 0 while trying to map 20971520 bytes (free: 15728640, total: 25296044032).
  [fail] train/dia_r/bird_03

[train] done=4 failed=3 skipped=0 resumed=0
[exit 0]
