===== eval =====
[env] 載入 SDXLWrapper(stabilityai/stable-diffusion-xl-base-1.0) dtype=torch.bfloat16
Warning: You are sending unauthenticated requests to the HF Hub. Please set a HF_TOKEN to enable higher rate limits and faster downloads.
Loading pipeline components...:   0%|          | 0/7 [00:00<?, ?it/s]
Loading weights:   0%|          | 0/196 [00:00<?, ?it/s][ALoading weights: 100%|██████████| 196/196 [00:00<00:00, 3616.51it/s]
Loading pipeline components...:  29%|██▊       | 2/7 [00:00<00:00, 10.10it/s]Loading pipeline components...:  57%|█████▋    | 4/7 [00:01<00:01,  2.21it/s]Loading pipeline components...:  71%|███████▏  | 5/7 [00:01<00:00,  2.69it/s]Loading pipeline components...:  86%|████████▌ | 6/7 [00:02<00:00,  1.64it/s]
Loading weights:   0%|          | 0/517 [00:00<?, ?it/s][A
Loading weights:  32%|███▏      | 168/517 [00:00<00:00, 1630.40it/s][A
Loading weights:  64%|██████▍   | 332/517 [00:00<00:00, 1467.65it/s][A
Loading weights:  94%|█████████▍| 487/517 [00:00<00:00, 1502.58it/s][ALoading weights: 100%|██████████| 517/517 [00:00<00:00, 1530.34it/s]
Loading pipeline components...: 100%|██████████| 7/7 [00:03<00:00,  1.65it/s]Loading pipeline components...: 100%|██████████| 7/7 [00:03<00:00,  1.98it/s]
There are modules in UNet2DConditionModel that should be kept in float32: []. Casting directly with `to()` can lead to inconsistent results; set `torch_dtype` in `from_pretrained()` instead to keep these modules in float32.
There are modules in AutoencoderKL that should be kept in float32: []. Casting directly with `to()` can lead to inconsistent results; set `torch_dtype` in `from_pretrained()` instead to keep these modules in float32.
/nfs/home/nelson0314/venvs/wacv/lib/python3.11/site-packages/torchvision/models/_utils.py:207: UserWarning: The parameter 'pretrained' is deprecated since 0.13 and may be removed in the future, please use 'weights' instead.
  warnings.warn(
/nfs/home/nelson0314/venvs/wacv/lib/python3.11/site-packages/torchvision/models/_utils.py:222: UserWarning: Arguments other than a weight enum or `None` for 'weights' are deprecated since 0.13 and may be removed in the future. The current behavior is equivalent to passing `weights=VGG16_Weights.IMAGENET1K_V1`. You can also use `weights=VGG16_Weights.DEFAULT` to get the most up-to-date weights.
  warnings.warn(msg)
[env] 影像 1 張：['bird_03']

[preflight] 以下事項會影響本批的結果，請先處理：
  - tau_acut 仍為 0.04，那是在 τ_lpips=0.05 的量級上由人眼判讀定出的絕對值；本輪訓練在 τ=0.35。需重新判讀後以 --tau-acut 指定（objective.py「門檻的適用範圍」）
  - tau_chroma 仍為 0.8，同上，需重新判讀


[control] done=0 failed=0 skipped=5 resumed=90
Loading weights:   0%|          | 0/398 [00:00<?, ?it/s]Loading weights: 100%|██████████| 398/398 [00:00<00:00, 26502.40it/s]
[transformers] Model config: bos_token_id must be `None` or an integer within the vocabulary (between 0 and 31999), got 49406. This may result in unexpected behavior.
[transformers] Model config: eos_token_id must be `None` or an integer within the vocabulary (between 0 and 31999), got 49407. This may result in unexpected behavior.
Loading weights:   0%|          | 0/408 [00:00<?, ?it/s]Loading weights:  89%|████████▉ | 365/408 [00:00<00:00, 3636.88it/s]Loading weights: 100%|██████████| 408/408 [00:00<00:00, 3638.72it/s]
  [eval] 50/140  done=45 failed=0 resumed=0
  [eval] 100/140  done=95 failed=0 resumed=0

[eval] done=130 failed=0 skipped=10 resumed=0
===== report =====

[report] /nfs/home/nelson0314/wacv_runs/b1_bird_03/grid.csv（140 列）
[exit 0]
