Loading pipeline components...:   0%|          | 0/6 [00:00<?, ?it/s]Loading pipeline components...:  17%|█▋        | 1/6 [00:00<00:00,  8.56it/s]
Loading weights:   0%|          | 0/196 [00:00<?, ?it/s][ALoading weights: 100%|██████████| 196/196 [00:00<00:00, 7367.86it/s]
Loading pipeline components...:  67%|██████▋   | 4/6 [00:00<00:00, 14.24it/s]Loading pipeline components...: 100%|██████████| 6/6 [00:00<00:00, 10.36it/s]Loading pipeline components...: 100%|██████████| 6/6 [00:00<00:00, 10.79it/s]
There are modules in AutoencoderKL that should be kept in float32: []. Casting directly with `to()` can lead to inconsistent results; set `torch_dtype` in `from_pretrained()` instead to keep these modules in float32.
/venv/main/lib/python3.12/site-packages/torchvision/models/_utils.py:208: UserWarning: The parameter 'pretrained' is deprecated since 0.13 and may be removed in the future, please use 'weights' instead.
  warnings.warn(
/venv/main/lib/python3.12/site-packages/torchvision/models/_utils.py:223: UserWarning: Arguments other than a weight enum or `None` for 'weights' are deprecated since 0.13 and may be removed in the future. The current behavior is equivalent to passing `weights=VGG16_Weights.IMAGENET1K_V1`. You can also use `weights=VGG16_Weights.DEFAULT` to get the most up-to-date weights.
  warnings.warn(msg)
[purify] 相依不齊，跳過：['gridpure']
/venv/main/lib/python3.12/site-packages/diffusers/image_processor.py:724: FutureWarning: Passing `image` as torch tensor with value range in [-1,1] is deprecated. The expected value range for image tensor is [0,1] when passing as pytorch tensor or numpy Array. You passed `image` with value range [-1.0,1.0]
  warnings.warn(
=== task_attr_mod_color_136767 / dct_shield ===
/venv/main/lib/python3.12/site-packages/diffusers/image_processor.py:724: FutureWarning: Passing `image` as torch tensor with value range in [-1,1] is deprecated. The expected value range for image tensor is [0,1] when passing as pytorch tensor or numpy Array. You passed `image` with value range [-0.9999494552612305,0.9996926784515381]
  warnings.warn(
    identity=0.6049, blur1=0.2491, jpeg75=0.1354, crop_resize0.1=0.5604
=== task_env_weather_112463 / dct_shield ===
/venv/main/lib/python3.12/site-packages/diffusers/image_processor.py:724: FutureWarning: Passing `image` as torch tensor with value range in [-1,1] is deprecated. The expected value range for image tensor is [0,1] when passing as pytorch tensor or numpy Array. You passed `image` with value range [-0.9960512518882751,0.9967060089111328]
  warnings.warn(
    identity=0.7555, blur1=0.2589, jpeg75=0.1517, crop_resize0.1=0.7152
=== task_env_weather_63722 / dct_shield ===
/venv/main/lib/python3.12/site-packages/diffusers/image_processor.py:724: FutureWarning: Passing `image` as torch tensor with value range in [-1,1] is deprecated. The expected value range for image tensor is [0,1] when passing as pytorch tensor or numpy Array. You passed `image` with value range [-0.9922179579734802,0.8272351026535034]
  warnings.warn(
    identity=0.6607, blur1=0.2868, jpeg75=0.1669, crop_resize0.1=0.5720
=== task_obj_add_581286 / dct_shield ===
/venv/main/lib/python3.12/site-packages/diffusers/image_processor.py:724: FutureWarning: Passing `image` as torch tensor with value range in [-1,1] is deprecated. The expected value range for image tensor is [0,1] when passing as pytorch tensor or numpy Array. You passed `image` with value range [-0.9992210268974304,0.9977389574050903]
  warnings.warn(
    identity=0.7882, blur1=0.2037, jpeg75=0.1212, crop_resize0.1=0.6804
=== task_obj_remove_380621 / dct_shield ===
/venv/main/lib/python3.12/site-packages/diffusers/image_processor.py:724: FutureWarning: Passing `image` as torch tensor with value range in [-1,1] is deprecated. The expected value range for image tensor is [0,1] when passing as pytorch tensor or numpy Array. You passed `image` with value range [-0.999024510383606,0.9696004390716553]
  warnings.warn(
    identity=0.7468, blur1=0.4280, jpeg75=0.1648, crop_resize0.1=0.6420
=== task_obj_swap_joint_mask_533428 / dct_shield ===
/venv/main/lib/python3.12/site-packages/diffusers/image_processor.py:724: FutureWarning: Passing `image` as torch tensor with value range in [-1,1] is deprecated. The expected value range for image tensor is [0,1] when passing as pytorch tensor or numpy Array. You passed `image` with value range [-0.9973477721214294,0.9927682876586914]
  warnings.warn(
    identity=0.6037, blur1=0.3709, jpeg75=0.3215, crop_resize0.1=0.6073

表：runs/t0820/ret_dct_e1.0_1.csv（24 列）
