Warning: You are sending unauthenticated requests to the HF Hub. Please set a HF_TOKEN to enable higher rate limits and faster downloads.
Loading pipeline components...:   0%|          | 0/6 [00:00<?, ?it/s]Loading pipeline components...:  67%|██████▋   | 4/6 [00:00<00:00, 35.02it/s]
Loading weights:   0%|          | 0/196 [00:00<?, ?it/s][ALoading weights: 100%|██████████| 196/196 [00:00<00:00, 4264.27it/s]
Loading pipeline components...: 100%|██████████| 6/6 [00:00<00:00, 17.18it/s]
There are modules in AutoencoderKL that should be kept in float32: []. Casting directly with `to()` can lead to inconsistent results; set `torch_dtype` in `from_pretrained()` instead to keep these modules in float32.
/nfs/home/nelson0314/venvs/wacv/lib/python3.11/site-packages/torchvision/models/_utils.py:207: UserWarning: The parameter 'pretrained' is deprecated since 0.13 and may be removed in the future, please use 'weights' instead.
  warnings.warn(
/nfs/home/nelson0314/venvs/wacv/lib/python3.11/site-packages/torchvision/models/_utils.py:222: UserWarning: Arguments other than a weight enum or `None` for 'weights' are deprecated since 0.13 and may be removed in the future. The current behavior is equivalent to passing `weights=VGG16_Weights.IMAGENET1K_V1`. You can also use `weights=VGG16_Weights.DEFAULT` to get the most up-to-date weights.
  warnings.warn(msg)
IP2P 線：25 張、條件 ['phase']、steps=100 s_T=7.5 s_I=1.5 seed=20260812
/nfs/home/nelson0314/venvs/wacv/lib/python3.11/site-packages/diffusers/image_processor.py:724: FutureWarning: Passing `image` as torch tensor with value range in [-1,1] is deprecated. The expected value range for image tensor is [0,1] when passing as pytorch tensor or numpy Array. You passed `image` with value range [-1.0,1.0]
  warnings.warn(
task_attr_mod_color_11699        phase          r=1.0000 dists=0.0282 lpips=0.0815 effect=0.1139 (38s)
task_attr_mod_color_136767       phase          r=1.0000 dists=0.0571 lpips=0.1394 effect=0.1774 (39s)
task_attr_mod_color_184837       phase          r=1.0000 dists=0.0524 lpips=0.1347 effect=0.2478 (39s)
task_attr_mod_color_32648        phase          r=1.0000 dists=0.0309 lpips=0.1173 effect=0.1072 (39s)
task_attr_mod_color_6205         phase          r=1.0000 dists=0.0598 lpips=0.0887 effect=0.1153 (40s)
task_env_weather_112463          phase          r=1.0000 dists=0.0271 lpips=0.1439 effect=0.2570 (40s)
task_env_weather_133752          phase          r=1.0000 dists=0.0250 lpips=0.1256 effect=0.1619 (40s)
task_env_weather_181583          phase          r=1.0000 dists=0.0367 lpips=0.1726 effect=0.5729 (40s)
task_env_weather_246440          phase          r=1.0000 dists=0.0548 lpips=0.1876 effect=0.3266 (39s)
task_env_weather_63722           phase          r=1.0000 dists=0.0457 lpips=0.1342 effect=0.1642 (39s)
task_obj_add_13726               phase          r=1.0000 dists=0.0707 lpips=0.1739 effect=0.2639 (39s)
task_obj_add_340466              phase          r=1.0000 dists=0.0362 lpips=0.0935 effect=0.1779 (39s)
task_obj_add_40931               phase          r=1.0000 dists=0.0562 lpips=0.2773 effect=0.2811 (39s)
task_obj_add_581286              phase          r=1.0000 dists=0.0283 lpips=0.0892 effect=0.1124 (39s)
task_obj_add_692065              phase          r=1.0000 dists=0.0389 lpips=0.1096 effect=0.1578 (39s)
task_obj_remove_10197            phase          r=1.0000 dists=0.0410 lpips=0.2272 effect=0.4062 (39s)
task_obj_remove_257910           phase          r=1.0000 dists=0.0338 lpips=0.1340 effect=0.1560 (39s)
task_obj_remove_380621           phase          r=1.0000 dists=0.0580 lpips=0.1845 effect=0.2455 (39s)
task_obj_remove_509477           phase          r=1.0000 dists=0.0461 lpips=0.1753 effect=0.2064 (39s)
task_obj_remove_657585           phase          r=1.0000 dists=0.0296 lpips=0.0679 effect=0.2343 (39s)
task_obj_swap_joint_mask_276754  phase          r=1.0000 dists=0.0793 lpips=0.3630 effect=0.1462 (39s)
task_obj_swap_joint_mask_533428  phase          r=1.0000 dists=0.0529 lpips=0.1802 effect=0.2283 (39s)
/nfs/home/nelson0314/venvs/wacv/lib/python3.11/site-packages/diffusers/image_processor.py:724: FutureWarning: Passing `image` as torch tensor with value range in [-1,1] is deprecated. The expected value range for image tensor is [0,1] when passing as pytorch tensor or numpy Array. You passed `image` with value range [-0.9686274528503418,1.0]
  warnings.warn(
task_obj_swap_joint_mask_75733   phase          r=1.0000 dists=0.0550 lpips=0.2203 effect=0.2940 (39s)
task_obj_swap_rand_mask_298147   phase          r=1.0000 dists=0.0978 lpips=0.2940 effect=0.4264 (39s)
task_obj_swap_rand_mask_417469   phase          r=1.0000 dists=0.0362 lpips=0.1528 effect=0.1855 (39s)

表：runs/fair0820/a6_purify/eot_t100/results.csv（25 列）
