Warning: You are sending unauthenticated requests to the HF Hub. Please set a HF_TOKEN to enable higher rate limits and faster downloads.
Loading pipeline components...:   0%|          | 0/6 [00:00<?, ?it/s]Loading pipeline components...:  17%|█▋        | 1/6 [00:00<00:00,  9.21it/s]
Loading weights:   0%|          | 0/196 [00:00<?, ?it/s][ALoading weights: 100%|██████████| 196/196 [00:00<00:00, 3622.76it/s]
Loading pipeline components...:  67%|██████▋   | 4/6 [00:00<00:00, 11.05it/s]Loading pipeline components...: 100%|██████████| 6/6 [00:00<00:00, 15.86it/s]
There are modules in AutoencoderKL that should be kept in float32: []. Casting directly with `to()` can lead to inconsistent results; set `torch_dtype` in `from_pretrained()` instead to keep these modules in float32.
/nfs/home/nelson0314/venvs/wacv/lib/python3.11/site-packages/torchvision/models/_utils.py:207: UserWarning: The parameter 'pretrained' is deprecated since 0.13 and may be removed in the future, please use 'weights' instead.
  warnings.warn(
/nfs/home/nelson0314/venvs/wacv/lib/python3.11/site-packages/torchvision/models/_utils.py:222: UserWarning: Arguments other than a weight enum or `None` for 'weights' are deprecated since 0.13 and may be removed in the future. The current behavior is equivalent to passing `weights=VGG16_Weights.IMAGENET1K_V1`. You can also use `weights=VGG16_Weights.DEFAULT` to get the most up-to-date weights.
  warnings.warn(msg)
IP2P 線：25 張、條件 ['phase']、steps=100 s_T=7.5 s_I=1.5 seed=20260812
/nfs/home/nelson0314/venvs/wacv/lib/python3.11/site-packages/diffusers/image_processor.py:724: FutureWarning: Passing `image` as torch tensor with value range in [-1,1] is deprecated. The expected value range for image tensor is [0,1] when passing as pytorch tensor or numpy Array. You passed `image` with value range [-1.0,1.0]
  warnings.warn(
task_attr_mod_color_11699        phase          r=0.9000 dists=0.0527 lpips=0.2044 effect=0.2050 (80s)
task_attr_mod_color_136767       phase          r=0.9000 dists=0.0767 lpips=0.2242 effect=0.2524 (81s)
task_attr_mod_color_184837       phase          r=0.9000 dists=0.0807 lpips=0.2406 effect=0.2761 (81s)
task_attr_mod_color_32648        phase          r=0.9000 dists=0.0434 lpips=0.1960 effect=0.2201 (81s)
task_attr_mod_color_6205         phase          r=0.9000 dists=0.0724 lpips=0.1749 effect=0.3521 (81s)
task_env_weather_112463          phase          r=0.9000 dists=0.0465 lpips=0.2713 effect=0.3047 (81s)
task_env_weather_133752          phase          r=0.9000 dists=0.0364 lpips=0.2573 effect=0.2772 (81s)
task_env_weather_181583          phase          r=0.9000 dists=0.0451 lpips=0.2710 effect=0.5947 (81s)
task_env_weather_246440          phase          r=0.9000 dists=0.0647 lpips=0.3099 effect=0.4255 (81s)
task_env_weather_63722           phase          r=0.9000 dists=0.0624 lpips=0.2620 effect=0.2662 (81s)
task_obj_add_13726               phase          r=0.9000 dists=0.0650 lpips=0.3335 effect=0.3740 (81s)
task_obj_add_340466              phase          r=0.9000 dists=0.0541 lpips=0.1781 effect=0.2766 (81s)
task_obj_add_40931               phase          r=0.9000 dists=0.0633 lpips=0.3831 effect=0.3606 (81s)
task_obj_add_581286              phase          r=0.9000 dists=0.0430 lpips=0.1711 effect=0.1725 (81s)
task_obj_add_692065              phase          r=0.9000 dists=0.0955 lpips=0.2906 effect=0.3039 (81s)
task_obj_remove_10197            phase          r=0.9000 dists=0.0606 lpips=0.3239 effect=0.4558 (81s)
task_obj_remove_257910           phase          r=0.9000 dists=0.0504 lpips=0.3442 effect=0.2947 (81s)
task_obj_remove_380621           phase          r=0.9000 dists=0.0788 lpips=0.3187 effect=0.4627 (81s)
task_obj_remove_509477           phase          r=0.9000 dists=0.0577 lpips=0.2850 effect=0.2825 (81s)
task_obj_remove_657585           phase          r=0.9000 dists=0.0411 lpips=0.1798 effect=0.2973 (81s)
task_obj_swap_joint_mask_276754  phase          r=0.9000 dists=0.0826 lpips=0.3951 effect=0.1889 (81s)
task_obj_swap_joint_mask_533428  phase          r=0.9000 dists=0.0682 lpips=0.3317 effect=0.4106 (81s)
/nfs/home/nelson0314/venvs/wacv/lib/python3.11/site-packages/diffusers/image_processor.py:724: FutureWarning: Passing `image` as torch tensor with value range in [-1,1] is deprecated. The expected value range for image tensor is [0,1] when passing as pytorch tensor or numpy Array. You passed `image` with value range [-0.9686274528503418,1.0]
  warnings.warn(
task_obj_swap_joint_mask_75733   phase          r=0.9000 dists=0.0535 lpips=0.3445 effect=0.3224 (81s)
task_obj_swap_rand_mask_298147   phase          r=0.9000 dists=0.1021 lpips=0.3691 effect=0.5298 (81s)
task_obj_swap_rand_mask_417469   phase          r=0.9000 dists=0.0517 lpips=0.2660 effect=0.2799 (81s)

表：runs/ip2p_gate_opening/q00_e00_r09/results.csv（25 列）
