Warning: You are sending unauthenticated requests to the HF Hub. Please set a HF_TOKEN to enable higher rate limits and faster downloads.
Loading pipeline components...:   0%|          | 0/6 [00:00<?, ?it/s]Loading pipeline components...:  33%|███▎      | 2/6 [00:00<00:00, 18.34it/s]
Loading weights:   0%|          | 0/196 [00:00<?, ?it/s][ALoading weights: 100%|██████████| 196/196 [00:00<00:00, 4178.44it/s]
Loading pipeline components...:  83%|████████▎ | 5/6 [00:00<00:00, 13.69it/s]Loading pipeline components...: 100%|██████████| 6/6 [00:00<00:00, 15.29it/s]
There are modules in AutoencoderKL that should be kept in float32: []. Casting directly with `to()` can lead to inconsistent results; set `torch_dtype` in `from_pretrained()` instead to keep these modules in float32.
/nfs/home/nelson0314/venvs/wacv/lib/python3.11/site-packages/torchvision/models/_utils.py:207: UserWarning: The parameter 'pretrained' is deprecated since 0.13 and may be removed in the future, please use 'weights' instead.
  warnings.warn(
/nfs/home/nelson0314/venvs/wacv/lib/python3.11/site-packages/torchvision/models/_utils.py:222: UserWarning: Arguments other than a weight enum or `None` for 'weights' are deprecated since 0.13 and may be removed in the future. The current behavior is equivalent to passing `weights=VGG16_Weights.IMAGENET1K_V1`. You can also use `weights=VGG16_Weights.DEFAULT` to get the most up-to-date weights.
  warnings.warn(msg)
IP2P 線：25 張、條件 ['phase']、steps=100 s_T=7.5 s_I=1.5 seed=20260812
/nfs/home/nelson0314/venvs/wacv/lib/python3.11/site-packages/diffusers/image_processor.py:724: FutureWarning: Passing `image` as torch tensor with value range in [-1,1] is deprecated. The expected value range for image tensor is [0,1] when passing as pytorch tensor or numpy Array. You passed `image` with value range [-1.0,1.0]
  warnings.warn(
task_attr_mod_color_11699        phase          r=1.8000 dists=0.0852 lpips=0.2454 effect=0.2403 (79s)
task_attr_mod_color_136767       phase          r=1.8000 dists=0.1236 lpips=0.2823 effect=0.3363 (80s)
task_attr_mod_color_184837       phase          r=1.8000 dists=0.1600 lpips=0.3193 effect=0.3605 (80s)
task_attr_mod_color_32648        phase          r=1.8000 dists=0.0600 lpips=0.2464 effect=0.2858 (80s)
task_attr_mod_color_6205         phase          r=1.8000 dists=0.1192 lpips=0.2056 effect=0.3924 (80s)
task_env_weather_112463          phase          r=1.8000 dists=0.0619 lpips=0.3069 effect=0.3361 (80s)
task_env_weather_133752          phase          r=1.8000 dists=0.0636 lpips=0.3215 effect=0.3298 (80s)
task_env_weather_181583          phase          r=1.8000 dists=0.0744 lpips=0.3174 effect=0.6708 (80s)
task_env_weather_246440          phase          r=1.8000 dists=0.1192 lpips=0.3754 effect=0.4466 (80s)
task_env_weather_63722           phase          r=1.8000 dists=0.0999 lpips=0.3122 effect=0.3188 (80s)
task_obj_add_13726               phase          r=1.8000 dists=0.1199 lpips=0.4267 effect=0.4688 (80s)
task_obj_add_340466              phase          r=1.8000 dists=0.0909 lpips=0.2022 effect=0.3226 (80s)
task_obj_add_40931               phase          r=1.8000 dists=0.1055 lpips=0.4404 effect=0.4143 (80s)
task_obj_add_581286              phase          r=1.8000 dists=0.0730 lpips=0.2126 effect=0.2149 (80s)
task_obj_add_692065              phase          r=1.8000 dists=0.1081 lpips=0.2672 effect=0.3214 (80s)
task_obj_remove_10197            phase          r=1.8000 dists=0.0891 lpips=0.3563 effect=0.4438 (80s)
task_obj_remove_257910           phase          r=1.8000 dists=0.0667 lpips=0.3675 effect=0.3271 (80s)
task_obj_remove_380621           phase          r=1.8000 dists=0.1009 lpips=0.3582 effect=0.5516 (79s)
task_obj_remove_509477           phase          r=1.8000 dists=0.1086 lpips=0.3563 effect=0.3500 (80s)
task_obj_remove_657585           phase          r=1.8000 dists=0.0661 lpips=0.2291 effect=0.3265 (80s)
task_obj_swap_joint_mask_276754  phase          r=1.8000 dists=0.1434 lpips=0.4517 effect=0.1968 (80s)
task_obj_swap_joint_mask_533428  phase          r=1.8000 dists=0.1250 lpips=0.4205 effect=0.5082 (80s)
/nfs/home/nelson0314/venvs/wacv/lib/python3.11/site-packages/diffusers/image_processor.py:724: FutureWarning: Passing `image` as torch tensor with value range in [-1,1] is deprecated. The expected value range for image tensor is [0,1] when passing as pytorch tensor or numpy Array. You passed `image` with value range [-0.9686274528503418,1.0]
  warnings.warn(
task_obj_swap_joint_mask_75733   phase          r=1.8000 dists=0.1026 lpips=0.4202 effect=0.4236 (80s)
task_obj_swap_rand_mask_298147   phase          r=1.8000 dists=0.1496 lpips=0.4290 effect=0.6537 (80s)
task_obj_swap_rand_mask_417469   phase          r=1.8000 dists=0.0877 lpips=0.3154 effect=0.3671 (80s)

表：runs/ip2p_gate_opening/q25_e05_r18/results.csv（25 列）
