Loading pipeline components...:   0%|          | 0/6 [00:00<?, ?it/s]Loading pipeline components...:  33%|███▎      | 2/6 [00:00<00:00, 15.07it/s]
Loading weights:   0%|          | 0/196 [00:00<?, ?it/s][ALoading weights: 100%|██████████| 196/196 [00:00<00:00, 4531.91it/s]
Loading pipeline components...:  67%|██████▋   | 4/6 [00:00<00:00, 10.75it/s]Loading pipeline components...: 100%|██████████| 6/6 [00:00<00:00, 16.37it/s]
There are modules in AutoencoderKL that should be kept in float32: []. Casting directly with `to()` can lead to inconsistent results; set `torch_dtype` in `from_pretrained()` instead to keep these modules in float32.
/nfs/home/nelson0314/venvs/wacv/lib/python3.11/site-packages/torchvision/models/_utils.py:207: UserWarning: The parameter 'pretrained' is deprecated since 0.13 and may be removed in the future, please use 'weights' instead.
  warnings.warn(
/nfs/home/nelson0314/venvs/wacv/lib/python3.11/site-packages/torchvision/models/_utils.py:222: UserWarning: Arguments other than a weight enum or `None` for 'weights' are deprecated since 0.13 and may be removed in the future. The current behavior is equivalent to passing `weights=VGG16_Weights.IMAGENET1K_V1`. You can also use `weights=VGG16_Weights.DEFAULT` to get the most up-to-date weights.
  warnings.warn(msg)
IP2P 線：25 張、條件 ['phase']、steps=100 s_T=7.5 s_I=1.5 seed=20260812
/nfs/home/nelson0314/venvs/wacv/lib/python3.11/site-packages/diffusers/image_processor.py:724: FutureWarning: Passing `image` as torch tensor with value range in [-1,1] is deprecated. The expected value range for image tensor is [0,1] when passing as pytorch tensor or numpy Array. You passed `image` with value range [-1.0,1.0]
  warnings.warn(
task_attr_mod_color_11699        phase          r=1.2700 dists=0.0464 lpips=0.1401 effect=0.1693 (80s)
task_attr_mod_color_136767       phase          r=1.2700 dists=0.0778 lpips=0.1990 effect=0.2318 (81s)
task_attr_mod_color_184837       phase          r=1.2700 dists=0.0901 lpips=0.2109 effect=0.2701 (81s)
task_attr_mod_color_32648        phase          r=1.2700 dists=0.0428 lpips=0.1852 effect=0.2281 (81s)
task_attr_mod_color_6205         phase          r=1.2700 dists=0.0830 lpips=0.1375 effect=0.2787 (81s)
task_env_weather_112463          phase          r=1.2700 dists=0.0364 lpips=0.1971 effect=0.2994 (81s)
task_env_weather_133752          phase          r=1.2700 dists=0.0417 lpips=0.2280 effect=0.2693 (81s)
task_env_weather_181583          phase          r=1.2700 dists=0.0340 lpips=0.2245 effect=0.5907 (81s)
task_env_weather_246440          phase          r=1.2700 dists=0.0756 lpips=0.2556 effect=0.3806 (81s)
task_env_weather_63722           phase          r=1.2700 dists=0.0649 lpips=0.1948 effect=0.2250 (81s)
task_obj_add_13726               phase          r=1.2700 dists=0.0768 lpips=0.2392 effect=0.3333 (81s)
task_obj_add_340466              phase          r=1.2700 dists=0.0601 lpips=0.1390 effect=0.2435 (81s)
task_obj_add_40931               phase          r=1.2700 dists=0.0611 lpips=0.3592 effect=0.3384 (81s)
task_obj_add_581286              phase          r=1.2700 dists=0.0424 lpips=0.1458 effect=0.1603 (81s)
task_obj_add_692065              phase          r=1.2700 dists=0.0593 lpips=0.1802 effect=0.2342 (81s)
task_obj_remove_10197            phase          r=1.2700 dists=0.0560 lpips=0.2852 effect=0.4394 (81s)
task_obj_remove_257910           phase          r=1.2700 dists=0.0441 lpips=0.2496 effect=0.2321 (81s)
task_obj_remove_380621           phase          r=1.2700 dists=0.0711 lpips=0.2720 effect=0.4479 (81s)
task_obj_remove_509477           phase          r=1.2700 dists=0.0653 lpips=0.2653 effect=0.2734 (81s)
task_obj_remove_657585           phase          r=1.2700 dists=0.0443 lpips=0.1294 effect=0.2721 (81s)
task_obj_swap_joint_mask_276754  phase          r=1.2700 dists=0.0956 lpips=0.4113 effect=0.1965 (81s)
task_obj_swap_joint_mask_533428  phase          r=1.2700 dists=0.0787 lpips=0.2773 effect=0.3274 (81s)
/nfs/home/nelson0314/venvs/wacv/lib/python3.11/site-packages/diffusers/image_processor.py:724: FutureWarning: Passing `image` as torch tensor with value range in [-1,1] is deprecated. The expected value range for image tensor is [0,1] when passing as pytorch tensor or numpy Array. You passed `image` with value range [-0.9686274528503418,1.0]
  warnings.warn(
/nfs/home/nelson0314/venvs/wacv/lib/python3.11/site-packages/diffusers/image_processor.py:724: FutureWarning: Passing `image` as torch tensor with value range in [-1,1] is deprecated. The expected value range for image tensor is [0,1] when passing as pytorch tensor or numpy Array. You passed `image` with value range [-0.9896987676620483,1.0]
  warnings.warn(
task_obj_swap_joint_mask_75733   phase          r=1.2700 dists=0.0689 lpips=0.2779 effect=0.3537 (81s)
task_obj_swap_rand_mask_298147   phase          r=1.2700 dists=0.1054 lpips=0.3465 effect=0.5527 (81s)
task_obj_swap_rand_mask_417469   phase          r=1.2700 dists=0.0475 lpips=0.2167 effect=0.2585 (81s)

表：runs/ip2p_gate_opening/q50_e05_r127/results.csv（25 列）
