Loading pipeline components...:   0%|          | 0/6 [00:00<?, ?it/s]
Loading weights:   0%|          | 0/196 [00:00<?, ?it/s][ALoading weights: 100%|██████████| 196/196 [00:00<00:00, 3876.42it/s]
Loading pipeline components...:  50%|█████     | 3/6 [00:00<00:00, 12.75it/s]Loading pipeline components...:  83%|████████▎ | 5/6 [00:00<00:00, 14.31it/s]Loading pipeline components...: 100%|██████████| 6/6 [00:00<00:00, 15.50it/s]
There are modules in AutoencoderKL that should be kept in float32: []. Casting directly with `to()` can lead to inconsistent results; set `torch_dtype` in `from_pretrained()` instead to keep these modules in float32.
/nfs/home/nelson0314/venvs/wacv/lib/python3.11/site-packages/torchvision/models/_utils.py:207: UserWarning: The parameter 'pretrained' is deprecated since 0.13 and may be removed in the future, please use 'weights' instead.
  warnings.warn(
/nfs/home/nelson0314/venvs/wacv/lib/python3.11/site-packages/torchvision/models/_utils.py:222: UserWarning: Arguments other than a weight enum or `None` for 'weights' are deprecated since 0.13 and may be removed in the future. The current behavior is equivalent to passing `weights=VGG16_Weights.IMAGENET1K_V1`. You can also use `weights=VGG16_Weights.DEFAULT` to get the most up-to-date weights.
  warnings.warn(msg)
IP2P 線：25 張、條件 ['phase']、steps=100 s_T=7.5 s_I=1.5 seed=20260812
/nfs/home/nelson0314/venvs/wacv/lib/python3.11/site-packages/diffusers/image_processor.py:724: FutureWarning: Passing `image` as torch tensor with value range in [-1,1] is deprecated. The expected value range for image tensor is [0,1] when passing as pytorch tensor or numpy Array. You passed `image` with value range [-1.0,1.0]
  warnings.warn(
task_attr_mod_color_11699        phase          r=0.9000 dists=0.0288 lpips=0.1026 effect=0.1395 (82s)
task_attr_mod_color_136767       phase          r=0.9000 dists=0.0522 lpips=0.1568 effect=0.1998 (83s)
task_attr_mod_color_184837       phase          r=0.9000 dists=0.0504 lpips=0.1504 effect=0.2151 (82s)
task_attr_mod_color_32648        phase          r=0.9000 dists=0.0349 lpips=0.1465 effect=0.1575 (83s)
task_attr_mod_color_6205         phase          r=0.9000 dists=0.0532 lpips=0.1023 effect=0.2168 (83s)
task_env_weather_112463          phase          r=0.9000 dists=0.0245 lpips=0.1511 effect=0.2635 (83s)
task_env_weather_133752          phase          r=0.9000 dists=0.0232 lpips=0.1651 effect=0.2014 (83s)
task_env_weather_181583          phase          r=0.9000 dists=0.0291 lpips=0.1736 effect=0.5696 (83s)
task_env_weather_246440          phase          r=0.9000 dists=0.0529 lpips=0.1999 effect=0.3376 (83s)
task_env_weather_63722           phase          r=0.9000 dists=0.0448 lpips=0.1480 effect=0.1797 (83s)
task_obj_add_13726               phase          r=0.9000 dists=0.0521 lpips=0.1854 effect=0.2625 (83s)
task_obj_add_340466              phase          r=0.9000 dists=0.0378 lpips=0.1011 effect=0.2015 (83s)
task_obj_add_40931               phase          r=0.9000 dists=0.0447 lpips=0.2981 effect=0.2734 (83s)
task_obj_add_581286              phase          r=0.9000 dists=0.0266 lpips=0.1060 effect=0.1242 (83s)
task_obj_add_692065              phase          r=0.9000 dists=0.0365 lpips=0.1318 effect=0.1836 (83s)
task_obj_remove_10197            phase          r=0.9000 dists=0.0371 lpips=0.2420 effect=0.4119 (83s)
task_obj_remove_257910           phase          r=0.9000 dists=0.0331 lpips=0.1921 effect=0.1890 (83s)
task_obj_remove_380621           phase          r=0.9000 dists=0.0568 lpips=0.2204 effect=0.3459 (83s)
task_obj_remove_509477           phase          r=0.9000 dists=0.0411 lpips=0.1981 effect=0.2234 (83s)
task_obj_remove_657585           phase          r=0.9000 dists=0.0286 lpips=0.0861 effect=0.2539 (83s)
task_obj_swap_joint_mask_276754  phase          r=0.9000 dists=0.0665 lpips=0.3742 effect=0.1885 (82s)
task_obj_swap_joint_mask_533428  phase          r=0.9000 dists=0.0495 lpips=0.2062 effect=0.2854 (83s)
/nfs/home/nelson0314/venvs/wacv/lib/python3.11/site-packages/diffusers/image_processor.py:724: FutureWarning: Passing `image` as torch tensor with value range in [-1,1] is deprecated. The expected value range for image tensor is [0,1] when passing as pytorch tensor or numpy Array. You passed `image` with value range [-0.9686274528503418,1.0]
  warnings.warn(
task_obj_swap_joint_mask_75733   phase          r=0.9000 dists=0.0460 lpips=0.2313 effect=0.3040 (83s)
task_obj_swap_rand_mask_298147   phase          r=0.9000 dists=0.0728 lpips=0.2973 effect=0.4132 (82s)
task_obj_swap_rand_mask_417469   phase          r=0.9000 dists=0.0301 lpips=0.1698 effect=0.1986 (83s)

表：runs/ip2p_gate_opening/q50_e05_r09/results.csv（25 列）
