Warning: You are sending unauthenticated requests to the HF Hub. Please set a HF_TOKEN to enable higher rate limits and faster downloads.
Loading pipeline components...:   0%|          | 0/6 [00:00<?, ?it/s]Loading pipeline components...:  33%|███▎      | 2/6 [00:00<00:00, 11.55it/s]
Loading weights:   0%|          | 0/196 [00:00<?, ?it/s][ALoading weights: 100%|██████████| 196/196 [00:00<00:00, 3736.39it/s]
Loading pipeline components...:  83%|████████▎ | 5/6 [00:00<00:00, 15.74it/s]Loading pipeline components...: 100%|██████████| 6/6 [00:00<00:00, 16.25it/s]
There are modules in AutoencoderKL that should be kept in float32: []. Casting directly with `to()` can lead to inconsistent results; set `torch_dtype` in `from_pretrained()` instead to keep these modules in float32.
/nfs/home/nelson0314/venvs/wacv/lib/python3.11/site-packages/torchvision/models/_utils.py:207: UserWarning: The parameter 'pretrained' is deprecated since 0.13 and may be removed in the future, please use 'weights' instead.
  warnings.warn(
/nfs/home/nelson0314/venvs/wacv/lib/python3.11/site-packages/torchvision/models/_utils.py:222: UserWarning: Arguments other than a weight enum or `None` for 'weights' are deprecated since 0.13 and may be removed in the future. The current behavior is equivalent to passing `weights=VGG16_Weights.IMAGENET1K_V1`. You can also use `weights=VGG16_Weights.DEFAULT` to get the most up-to-date weights.
  warnings.warn(msg)
IP2P 線：10 張、條件 ['dct_nonadd']、steps=100 s_T=7.5 s_I=1.5 seed=20260812
/nfs/home/nelson0314/venvs/wacv/lib/python3.11/site-packages/diffusers/image_processor.py:724: FutureWarning: Passing `image` as torch tensor with value range in [-1,1] is deprecated. The expected value range for image tensor is [0,1] when passing as pytorch tensor or numpy Array. You passed `image` with value range [-1.0,1.0]
  warnings.warn(
    [dct_nonadd] step    0 loss 105.950577 |p| 0.00609
    [dct_nonadd] step   25 loss 102.466209 |p| 0.12531
    [dct_nonadd] step   50 loss 99.600273 |p| 0.22930
    [dct_nonadd] step   75 loss 97.199394 |p| 0.32354
    [dct_nonadd] step  100 loss 95.085594 |p| 0.41096
    [dct_nonadd] step  125 loss 93.277138 |p| 0.49119
    [dct_nonadd] step  150 loss 91.704239 |p| 0.56629
    [dct_nonadd] step  175 loss 90.305946 |p| 0.63531
    [dct_nonadd] step  200 loss 89.101440 |p| 0.69949
    [dct_nonadd] step  225 loss 88.019897 |p| 0.75985
    [dct_nonadd] step  250 loss 87.088928 |p| 0.81493
    [dct_nonadd] step  275 loss 86.638992 |p| 0.83926
    [dct_nonadd] step  300 loss 86.300018 |p| 0.85922
    [dct_nonadd] step  325 loss 86.009483 |p| 0.87665
    [dct_nonadd] step  350 loss 85.746887 |p| 0.89236
    [dct_nonadd] step  375 loss 85.541077 |p| 0.90659
    [dct_nonadd] step  400 loss 85.353310 |p| 0.91928
    [dct_nonadd] step  425 loss 85.192513 |p| 0.93092
    [dct_nonadd] step  450 loss 85.020363 |p| 0.94189
    [dct_nonadd] step  475 loss 84.862946 |p| 0.95184
    [dct_nonadd] step  500 loss 84.733170 |p| 0.96106
    [dct_nonadd] step  525 loss 84.607925 |p| 0.96928
    [dct_nonadd] step  550 loss 84.504585 |p| 0.97723
    [dct_nonadd] step  575 loss 84.398621 |p| 0.98435
    [dct_nonadd] step  600 loss 84.300552 |p| 0.99111
    [dct_nonadd] step  625 loss 84.191841 |p| 0.99723
    [dct_nonadd] step  650 loss 84.130623 |p| 1.00297
    [dct_nonadd] step  675 loss 84.040741 |p| 1.00830
    [dct_nonadd] step  700 loss 83.971146 |p| 1.01345
    [dct_nonadd] step  725 loss 83.902191 |p| 1.01828
    [dct_nonadd] step  750 loss 83.842438 |p| 1.02289
    [dct_nonadd] step  775 loss 83.741692 |p| 1.02717
    [dct_nonadd] step  800 loss 83.669693 |p| 1.03144
    [dct_nonadd] step  825 loss 83.614471 |p| 1.03531
    [dct_nonadd] step  850 loss 83.547401 |p| 1.03917
    [dct_nonadd] step  875 loss 83.484047 |p| 1.04278
    [dct_nonadd] step  900 loss 83.432541 |p| 1.04648
    [dct_nonadd] step  925 loss 83.361290 |p| 1.04993
    [dct_nonadd] step  950 loss 83.326210 |p| 1.05341
    [dct_nonadd] step  975 loss 83.273300 |p| 1.05662
    [dct_nonadd] step  999 loss 83.231194 |p| 1.05964
Loading weights:   0%|          | 0/398 [00:00<?, ?it/s]Loading weights: 100%|██████████| 398/398 [00:00<00:00, 13117.29it/s]
[transformers] Model config: bos_token_id must be `None` or an integer within the vocabulary (between 0 and 31999), got 49406. This may result in unexpected behavior.
[transformers] Model config: eos_token_id must be `None` or an integer within the vocabulary (between 0 and 31999), got 49407. This may result in unexpected behavior.
Loading weights:   0%|          | 0/408 [00:00<?, ?it/s]Loading weights: 100%|██████████| 408/408 [00:00<00:00, 4178.38it/s]
task_attr_mod_color_11699        dct_nonadd     r=1.6000 dists=0.0559 lpips=0.1743 effect=0.2112 (391s)
    [dct_nonadd] step    0 loss 133.485077 |p| 0.00636
    [dct_nonadd] step   25 loss 128.932037 |p| 0.13517
    [dct_nonadd] step   50 loss 125.239441 |p| 0.25104
    [dct_nonadd] step   75 loss 122.032242 |p| 0.35839
    [dct_nonadd] step  100 loss 119.248947 |p| 0.45836
    [dct_nonadd] step  125 loss 116.805305 |p| 0.55171
    [dct_nonadd] step  150 loss 114.614578 |p| 0.63884
    [dct_nonadd] step  175 loss 112.694191 |p| 0.72056
    [dct_nonadd] step  200 loss 110.971420 |p| 0.79669
    [dct_nonadd] step  225 loss 109.441254 |p| 0.86841
    [dct_nonadd] step  250 loss 108.041008 |p| 0.93501
    [dct_nonadd] step  275 loss 107.400429 |p| 0.96439
    [dct_nonadd] step  300 loss 106.945496 |p| 0.98749
    [dct_nonadd] step  325 loss 106.583000 |p| 1.00768
    [dct_nonadd] step  350 loss 106.261841 |p| 1.02561
    [dct_nonadd] step  375 loss 106.006386 |p| 1.04179
    [dct_nonadd] step  400 loss 105.771629 |p| 1.05634
    [dct_nonadd] step  425 loss 105.598091 |p| 1.06953
    [dct_nonadd] step  450 loss 105.427620 |p| 1.08171
    [dct_nonadd] step  475 loss 105.289734 |p| 1.09270
    [dct_nonadd] step  500 loss 105.170418 |p| 1.10261
    [dct_nonadd] step  525 loss 105.056236 |p| 1.11163
    [dct_nonadd] step  550 loss 104.963943 |p| 1.11977
    [dct_nonadd] step  575 loss 104.874588 |p| 1.12715
    [dct_nonadd] step  600 loss 104.799835 |p| 1.13393
    [dct_nonadd] step  625 loss 104.728554 |p| 1.14010
    [dct_nonadd] step  650 loss 104.650345 |p| 1.14585
    [dct_nonadd] step  675 loss 104.595284 |p| 1.15102
    [dct_nonadd] step  700 loss 104.525665 |p| 1.15592
    [dct_nonadd] step  725 loss 104.468208 |p| 1.16049
    [dct_nonadd] step  750 loss 104.414162 |p| 1.16472
    [dct_nonadd] step  775 loss 104.363632 |p| 1.16866
    [dct_nonadd] step  800 loss 104.303383 |p| 1.17244
    [dct_nonadd] step  825 loss 104.271431 |p| 1.17586
    [dct_nonadd] step  850 loss 104.212074 |p| 1.17916
    [dct_nonadd] step  875 loss 104.208145 |p| 1.18214
    [dct_nonadd] step  900 loss 104.144447 |p| 1.18495
    [dct_nonadd] step  925 loss 104.145172 |p| 1.18759
    [dct_nonadd] step  950 loss 104.087822 |p| 1.19006
    [dct_nonadd] step  975 loss 104.089417 |p| 1.19240
    [dct_nonadd] step  999 loss 104.057182 |p| 1.19443
task_attr_mod_color_136767       dct_nonadd     r=1.6000 dists=0.0786 lpips=0.1873 effect=0.2338 (380s)
    [dct_nonadd] step    0 loss 105.163506 |p| 0.00640
    [dct_nonadd] step   25 loss 100.389313 |p| 0.12343
    [dct_nonadd] step   50 loss 96.787247 |p| 0.22483
    [dct_nonadd] step   75 loss 93.796486 |p| 0.31517
    [dct_nonadd] step  100 loss 91.246674 |p| 0.39713
    [dct_nonadd] step  125 loss 89.042534 |p| 0.47225
    [dct_nonadd] step  150 loss 87.179626 |p| 0.54048
    [dct_nonadd] step  175 loss 85.586685 |p| 0.60170
    [dct_nonadd] step  200 loss 84.221001 |p| 0.65710
    [dct_nonadd] step  225 loss 83.046295 |p| 0.70764
    [dct_nonadd] step  250 loss 81.969925 |p| 0.75361
    [dct_nonadd] step  275 loss 81.359825 |p| 0.77956
    [dct_nonadd] step  300 loss 80.890083 |p| 0.80086
    [dct_nonadd] step  325 loss 80.513283 |p| 0.81909
    [dct_nonadd] step  350 loss 80.196640 |p| 0.83523
    [dct_nonadd] step  375 loss 79.935829 |p| 0.84974
    [dct_nonadd] step  400 loss 79.676834 |p| 0.86281
    [dct_nonadd] step  425 loss 79.499290 |p| 0.87468
    [dct_nonadd] step  450 loss 79.229507 |p| 0.88612
    [dct_nonadd] step  475 loss 79.055290 |p| 0.89642
    [dct_nonadd] step  500 loss 78.872635 |p| 0.90617
    [dct_nonadd] step  525 loss 78.708977 |p| 0.91546
    [dct_nonadd] step  550 loss 78.536140 |p| 0.92400
    [dct_nonadd] step  575 loss 78.385803 |p| 0.93172
    [dct_nonadd] step  600 loss 78.229149 |p| 0.93916
    [dct_nonadd] step  625 loss 78.041672 |p| 0.94615
    [dct_nonadd] step  650 loss 77.588608 |p| 0.95288
    [dct_nonadd] step  675 loss 77.251419 |p| 0.95928
    [dct_nonadd] step  700 loss 77.077370 |p| 0.96541
    [dct_nonadd] step  725 loss 76.937950 |p| 0.97113
    [dct_nonadd] step  750 loss 76.813889 |p| 0.97661
    [dct_nonadd] step  775 loss 76.723137 |p| 0.98164
    [dct_nonadd] step  800 loss 76.618210 |p| 0.98656
    [dct_nonadd] step  825 loss 76.539604 |p| 0.99125
    [dct_nonadd] step  850 loss 76.450264 |p| 0.99593
    [dct_nonadd] step  875 loss 76.362823 |p| 1.00015
    [dct_nonadd] step  900 loss 76.281204 |p| 1.00432
    [dct_nonadd] step  925 loss 76.230339 |p| 1.00815
    [dct_nonadd] step  950 loss 76.162132 |p| 1.01189
    [dct_nonadd] step  975 loss 76.109566 |p| 1.01534
    [dct_nonadd] step  999 loss 76.057098 |p| 1.01854
task_attr_mod_color_184837       dct_nonadd     r=1.6000 dists=0.1179 lpips=0.2408 effect=0.3285 (380s)
    [dct_nonadd] step    0 loss 166.294235 |p| 0.00586
    [dct_nonadd] step   25 loss 161.233322 |p| 0.13236
    [dct_nonadd] step   50 loss 156.580597 |p| 0.25187
    [dct_nonadd] step   75 loss 152.308456 |p| 0.36434
    [dct_nonadd] step  100 loss 148.477707 |p| 0.47042
    [dct_nonadd] step  125 loss 144.992783 |p| 0.57070
    [dct_nonadd] step  150 loss 141.833664 |p| 0.66655
    [dct_nonadd] step  175 loss 139.064789 |p| 0.75631
    [dct_nonadd] step  200 loss 136.544800 |p| 0.84169
    [dct_nonadd] step  225 loss 134.290024 |p| 0.92236
    [dct_nonadd] step  250 loss 132.202469 |p| 0.99763
    [dct_nonadd] step  275 loss 131.462173 |p| 1.02186
    [dct_nonadd] step  300 loss 130.957291 |p| 1.04076
    [dct_nonadd] step  325 loss 130.510086 |p| 1.05716
    [dct_nonadd] step  350 loss 130.178726 |p| 1.07193
    [dct_nonadd] step  375 loss 129.876785 |p| 1.08570
    [dct_nonadd] step  400 loss 129.646072 |p| 1.09866
    [dct_nonadd] step  425 loss 129.419861 |p| 1.11083
    [dct_nonadd] step  450 loss 129.212982 |p| 1.12244
    [dct_nonadd] step  475 loss 129.048248 |p| 1.13334
    [dct_nonadd] step  500 loss 128.858627 |p| 1.14331
    [dct_nonadd] step  525 loss 128.731415 |p| 1.15234
    [dct_nonadd] step  550 loss 128.578430 |p| 1.16051
    [dct_nonadd] step  575 loss 128.488174 |p| 1.16810
    [dct_nonadd] step  600 loss 128.368698 |p| 1.17477
    [dct_nonadd] step  625 loss 128.317642 |p| 1.18078
    [dct_nonadd] step  650 loss 128.202896 |p| 1.18610
    [dct_nonadd] step  675 loss 128.153107 |p| 1.19091
    [dct_nonadd] step  700 loss 128.043396 |p| 1.19546
    [dct_nonadd] step  725 loss 127.999733 |p| 1.19946
    [dct_nonadd] step  750 loss 127.924911 |p| 1.20311
    [dct_nonadd] step  775 loss 127.891083 |p| 1.20637
    [dct_nonadd] step  800 loss 127.795357 |p| 1.20953
    [dct_nonadd] step  825 loss 127.761543 |p| 1.21242
    [dct_nonadd] step  850 loss 127.687111 |p| 1.21514
    [dct_nonadd] step  875 loss 127.636711 |p| 1.21763
    [dct_nonadd] step  900 loss 127.566353 |p| 1.22008
    [dct_nonadd] step  925 loss 127.526184 |p| 1.22224
    [dct_nonadd] step  950 loss 127.450859 |p| 1.22424
    [dct_nonadd] step  975 loss 127.416222 |p| 1.22609
    [dct_nonadd] step  999 loss 127.382774 |p| 1.22769
task_attr_mod_color_32648        dct_nonadd     r=1.6000 dists=0.0606 lpips=0.2396 effect=0.1777 (382s)
    [dct_nonadd] step    0 loss 110.273300 |p| 0.00640
    [dct_nonadd] step   25 loss 106.947861 |p| 0.13556
    [dct_nonadd] step   50 loss 104.080246 |p| 0.25400
    [dct_nonadd] step   75 loss 101.512764 |p| 0.36249
    [dct_nonadd] step  100 loss 99.225533 |p| 0.46326
    [dct_nonadd] step  125 loss 97.205719 |p| 0.55726
    [dct_nonadd] step  150 loss 95.430122 |p| 0.64569
    [dct_nonadd] step  175 loss 93.833336 |p| 0.72887
    [dct_nonadd] step  200 loss 92.444855 |p| 0.80674
    [dct_nonadd] step  225 loss 91.215256 |p| 0.87959
    [dct_nonadd] step  250 loss 90.105186 |p| 0.94733
    [dct_nonadd] step  275 loss 89.612030 |p| 0.97542
    [dct_nonadd] step  300 loss 89.230507 |p| 0.99766
    [dct_nonadd] step  325 loss 88.944450 |p| 1.01666
    [dct_nonadd] step  350 loss 88.712257 |p| 1.03345
    [dct_nonadd] step  375 loss 88.508018 |p| 1.04851
    [dct_nonadd] step  400 loss 88.358345 |p| 1.06202
    [dct_nonadd] step  425 loss 88.207207 |p| 1.07431
    [dct_nonadd] step  450 loss 88.093651 |p| 1.08524
    [dct_nonadd] step  475 loss 87.983818 |p| 1.09509
    [dct_nonadd] step  500 loss 87.898987 |p| 1.10406
    [dct_nonadd] step  525 loss 87.809059 |p| 1.11214
    [dct_nonadd] step  550 loss 87.734253 |p| 1.11938
    [dct_nonadd] step  575 loss 87.665390 |p| 1.12596
    [dct_nonadd] step  600 loss 87.610039 |p| 1.13189
    [dct_nonadd] step  625 loss 87.559731 |p| 1.13725
    [dct_nonadd] step  650 loss 87.515900 |p| 1.14212
    [dct_nonadd] step  675 loss 87.466721 |p| 1.14666
    [dct_nonadd] step  700 loss 87.426414 |p| 1.15075
    [dct_nonadd] step  725 loss 87.395088 |p| 1.15460
    [dct_nonadd] step  750 loss 87.361534 |p| 1.15809
    [dct_nonadd] step  775 loss 87.322113 |p| 1.16147
    [dct_nonadd] step  800 loss 87.291580 |p| 1.16449
    [dct_nonadd] step  825 loss 87.262230 |p| 1.16744
    [dct_nonadd] step  850 loss 87.230148 |p| 1.17011
    [dct_nonadd] step  875 loss 87.206734 |p| 1.17265
    [dct_nonadd] step  900 loss 87.176659 |p| 1.17495
    [dct_nonadd] step  925 loss 87.141281 |p| 1.17718
    [dct_nonadd] step  950 loss 87.123589 |p| 1.17914
    [dct_nonadd] step  975 loss 87.098816 |p| 1.18101
    [dct_nonadd] step  999 loss 87.086380 |p| 1.18253
task_attr_mod_color_6205         dct_nonadd     r=1.6000 dists=0.0691 lpips=0.1504 effect=0.2853 (381s)
    [dct_nonadd] step    0 loss 121.520950 |p| 0.00640
    [dct_nonadd] step   25 loss 115.547417 |p| 0.13647
    [dct_nonadd] step   50 loss 109.764229 |p| 0.25487
    [dct_nonadd] step   75 loss 104.623169 |p| 0.36309
    [dct_nonadd] step  100 loss 100.369232 |p| 0.46256
    [dct_nonadd] step  125 loss 97.014557 |p| 0.55279
    [dct_nonadd] step  150 loss 94.329453 |p| 0.63565
    [dct_nonadd] step  175 loss 92.162743 |p| 0.71109
    [dct_nonadd] step  200 loss 90.398415 |p| 0.78100
    [dct_nonadd] step  225 loss 88.840485 |p| 0.84647
    [dct_nonadd] step  250 loss 87.542595 |p| 0.90643
    [dct_nonadd] step  275 loss 86.837341 |p| 0.93800
    [dct_nonadd] step  300 loss 86.327995 |p| 0.96283
    [dct_nonadd] step  325 loss 85.916824 |p| 0.98367
    [dct_nonadd] step  350 loss 85.582886 |p| 1.00155
    [dct_nonadd] step  375 loss 85.280251 |p| 1.01708
    [dct_nonadd] step  400 loss 85.047531 |p| 1.03095
    [dct_nonadd] step  425 loss 84.820465 |p| 1.04351
    [dct_nonadd] step  450 loss 84.625938 |p| 1.05488
    [dct_nonadd] step  475 loss 84.453896 |p| 1.06511
    [dct_nonadd] step  500 loss 84.321213 |p| 1.07449
    [dct_nonadd] step  525 loss 84.138168 |p| 1.08298
    [dct_nonadd] step  550 loss 84.026741 |p| 1.09061
    [dct_nonadd] step  575 loss 83.881973 |p| 1.09763
    [dct_nonadd] step  600 loss 83.783089 |p| 1.10413
    [dct_nonadd] step  625 loss 83.651489 |p| 1.11017
    [dct_nonadd] step  650 loss 83.539757 |p| 1.11580
    [dct_nonadd] step  675 loss 83.414627 |p| 1.12087
    [dct_nonadd] step  700 loss 83.314110 |p| 1.12577
    [dct_nonadd] step  725 loss 83.175011 |p| 1.13036
    [dct_nonadd] step  750 loss 83.083130 |p| 1.13467
    [dct_nonadd] step  775 loss 82.904861 |p| 1.13872
    [dct_nonadd] step  800 loss 82.765869 |p| 1.14264
    [dct_nonadd] step  825 loss 82.554802 |p| 1.14625
    [dct_nonadd] step  850 loss 82.412231 |p| 1.14984
    [dct_nonadd] step  875 loss 82.207718 |p| 1.15323
    [dct_nonadd] step  900 loss 82.082024 |p| 1.15646
    [dct_nonadd] step  925 loss 81.897842 |p| 1.15952
    [dct_nonadd] step  950 loss 81.776466 |p| 1.16248
    [dct_nonadd] step  975 loss 81.600533 |p| 1.16542
    [dct_nonadd] step  999 loss 81.458565 |p| 1.16823
task_env_weather_112463          dct_nonadd     r=1.6000 dists=0.0573 lpips=0.3296 effect=0.3398 (380s)
    [dct_nonadd] step    0 loss 104.030472 |p| 0.00640
    [dct_nonadd] step   25 loss 97.237656 |p| 0.12608
    [dct_nonadd] step   50 loss 92.513603 |p| 0.22516
    [dct_nonadd] step   75 loss 88.817696 |p| 0.31378
    [dct_nonadd] step  100 loss 86.015419 |p| 0.39163
    [dct_nonadd] step  125 loss 83.832977 |p| 0.46095
    [dct_nonadd] step  150 loss 82.078156 |p| 0.52288
    [dct_nonadd] step  175 loss 80.646286 |p| 0.57935
    [dct_nonadd] step  200 loss 79.449944 |p| 0.63088
    [dct_nonadd] step  225 loss 78.377769 |p| 0.67820
    [dct_nonadd] step  250 loss 77.498909 |p| 0.72195
    [dct_nonadd] step  275 loss 76.872337 |p| 0.74912
    [dct_nonadd] step  300 loss 76.361031 |p| 0.77120
    [dct_nonadd] step  325 loss 75.935448 |p| 0.79002
    [dct_nonadd] step  350 loss 75.556488 |p| 0.80646
    [dct_nonadd] step  375 loss 75.232536 |p| 0.82109
    [dct_nonadd] step  400 loss 74.949554 |p| 0.83422
    [dct_nonadd] step  425 loss 74.744453 |p| 0.84616
    [dct_nonadd] step  450 loss 74.484314 |p| 0.85743
    [dct_nonadd] step  475 loss 74.312805 |p| 0.86781
    [dct_nonadd] step  500 loss 74.073013 |p| 0.87753
    [dct_nonadd] step  525 loss 73.921783 |p| 0.88656
    [dct_nonadd] step  550 loss 73.760651 |p| 0.89506
    [dct_nonadd] step  575 loss 73.626701 |p| 0.90303
    [dct_nonadd] step  600 loss 73.467522 |p| 0.91063
    [dct_nonadd] step  625 loss 73.367996 |p| 0.91768
    [dct_nonadd] step  650 loss 73.232681 |p| 0.92441
    [dct_nonadd] step  675 loss 73.131142 |p| 0.93077
    [dct_nonadd] step  700 loss 73.019310 |p| 0.93681
    [dct_nonadd] step  725 loss 72.907501 |p| 0.94263
    [dct_nonadd] step  750 loss 72.822609 |p| 0.94831
    [dct_nonadd] step  775 loss 72.729683 |p| 0.95367
    [dct_nonadd] step  800 loss 72.596596 |p| 0.95883
    [dct_nonadd] step  825 loss 72.524696 |p| 0.96393
    [dct_nonadd] step  850 loss 72.375763 |p| 0.96885
    [dct_nonadd] step  875 loss 72.325745 |p| 0.97354
    [dct_nonadd] step  900 loss 72.234970 |p| 0.97808
    [dct_nonadd] step  925 loss 72.145790 |p| 0.98248
    [dct_nonadd] step  950 loss 72.048592 |p| 0.98669
    [dct_nonadd] step  975 loss 72.005836 |p| 0.99063
    [dct_nonadd] step  999 loss 71.937363 |p| 0.99439
task_obj_remove_380621           dct_nonadd     r=1.6000 dists=0.0770 lpips=0.2638 effect=0.3951 (380s)
    [dct_nonadd] step    0 loss 137.389908 |p| 0.00566
    [dct_nonadd] step   25 loss 125.265144 |p| 0.11098
    [dct_nonadd] step   50 loss 116.275795 |p| 0.19453
    [dct_nonadd] step   75 loss 110.427872 |p| 0.25974
    [dct_nonadd] step  100 loss 106.559509 |p| 0.31264
    [dct_nonadd] step  125 loss 103.633636 |p| 0.35728
    [dct_nonadd] step  150 loss 101.387970 |p| 0.39504
    [dct_nonadd] step  175 loss 99.491112 |p| 0.42734
    [dct_nonadd] step  200 loss 97.798149 |p| 0.45607
    [dct_nonadd] step  225 loss 96.246681 |p| 0.48142
    [dct_nonadd] step  250 loss 94.684708 |p| 0.50365
    [dct_nonadd] step  275 loss 93.343407 |p| 0.52066
    [dct_nonadd] step  300 loss 91.975105 |p| 0.53517
    [dct_nonadd] step  325 loss 90.784134 |p| 0.54801
    [dct_nonadd] step  350 loss 89.679665 |p| 0.55987
    [dct_nonadd] step  375 loss 88.749664 |p| 0.57087
    [dct_nonadd] step  400 loss 87.816345 |p| 0.58089
    [dct_nonadd] step  425 loss 86.987968 |p| 0.59019
    [dct_nonadd] step  450 loss 86.198662 |p| 0.59884
    [dct_nonadd] step  475 loss 85.647438 |p| 0.60710
    [dct_nonadd] step  500 loss 85.026199 |p| 0.61501
    [dct_nonadd] step  525 loss 84.546951 |p| 0.62243
    [dct_nonadd] step  550 loss 84.079506 |p| 0.62955
    [dct_nonadd] step  575 loss 83.692314 |p| 0.63625
    [dct_nonadd] step  600 loss 83.298927 |p| 0.64279
    [dct_nonadd] step  625 loss 82.995377 |p| 0.64898
    [dct_nonadd] step  650 loss 82.678345 |p| 0.65495
    [dct_nonadd] step  675 loss 82.374329 |p| 0.66065
    [dct_nonadd] step  700 loss 82.034027 |p| 0.66619
    [dct_nonadd] step  725 loss 81.782166 |p| 0.67147
    [dct_nonadd] step  750 loss 81.549248 |p| 0.67657
    [dct_nonadd] step  775 loss 81.326935 |p| 0.68159
    [dct_nonadd] step  800 loss 81.086220 |p| 0.68652
    [dct_nonadd] step  825 loss 80.862823 |p| 0.69124
    [dct_nonadd] step  850 loss 80.695747 |p| 0.69578
    [dct_nonadd] step  875 loss 80.517494 |p| 0.70013
    [dct_nonadd] step  900 loss 80.345016 |p| 0.70448
    [dct_nonadd] step  925 loss 80.164795 |p| 0.70870
    [dct_nonadd] step  950 loss 80.007401 |p| 0.71283
    [dct_nonadd] step  975 loss 79.868111 |p| 0.71687
    [dct_nonadd] step  999 loss 79.713692 |p| 0.72066
task_obj_swap_joint_mask_276754  dct_nonadd     r=1.6000 dists=0.0944 lpips=0.3660 effect=0.6675 (382s)
    [dct_nonadd] step    0 loss 108.988068 |p| 0.00640
    [dct_nonadd] step   25 loss 102.528709 |p| 0.12646
    [dct_nonadd] step   50 loss 97.549156 |p| 0.22892
    [dct_nonadd] step   75 loss 93.683601 |p| 0.31795
    [dct_nonadd] step  100 loss 90.694969 |p| 0.39512
    [dct_nonadd] step  125 loss 88.325653 |p| 0.46256
    [dct_nonadd] step  150 loss 86.340569 |p| 0.52284
    [dct_nonadd] step  175 loss 84.740135 |p| 0.57760
    [dct_nonadd] step  200 loss 83.341377 |p| 0.62816
    [dct_nonadd] step  225 loss 82.132881 |p| 0.67418
    [dct_nonadd] step  250 loss 81.115227 |p| 0.71588
    [dct_nonadd] step  275 loss 80.372032 |p| 0.74266
    [dct_nonadd] step  300 loss 79.817902 |p| 0.76438
    [dct_nonadd] step  325 loss 79.352486 |p| 0.78346
    [dct_nonadd] step  350 loss 78.961525 |p| 0.80036
    [dct_nonadd] step  375 loss 78.621452 |p| 0.81539
    [dct_nonadd] step  400 loss 78.275795 |p| 0.82878
    [dct_nonadd] step  425 loss 78.016541 |p| 0.84128
    [dct_nonadd] step  450 loss 77.774017 |p| 0.85269
    [dct_nonadd] step  475 loss 77.538879 |p| 0.86329
    [dct_nonadd] step  500 loss 77.345383 |p| 0.87317
    [dct_nonadd] step  525 loss 77.122971 |p| 0.88237
    [dct_nonadd] step  550 loss 76.948891 |p| 0.89089
    [dct_nonadd] step  575 loss 76.801399 |p| 0.89902
    [dct_nonadd] step  600 loss 76.637207 |p| 0.90665
    [dct_nonadd] step  625 loss 76.473000 |p| 0.91385
    [dct_nonadd] step  650 loss 76.383530 |p| 0.92063
    [dct_nonadd] step  675 loss 76.229034 |p| 0.92710
    [dct_nonadd] step  700 loss 76.110115 |p| 0.93335
    [dct_nonadd] step  725 loss 75.988914 |p| 0.93936
    [dct_nonadd] step  750 loss 75.889267 |p| 0.94504
    [dct_nonadd] step  775 loss 75.761940 |p| 0.95060
    [dct_nonadd] step  800 loss 75.694489 |p| 0.95592
    [dct_nonadd] step  825 loss 75.600906 |p| 0.96105
    [dct_nonadd] step  850 loss 75.494476 |p| 0.96610
    [dct_nonadd] step  875 loss 75.395737 |p| 0.97096
    [dct_nonadd] step  900 loss 75.324837 |p| 0.97559
    [dct_nonadd] step  925 loss 75.221817 |p| 0.98010
    [dct_nonadd] step  950 loss 75.168587 |p| 0.98445
    [dct_nonadd] step  975 loss 75.089806 |p| 0.98872
    [dct_nonadd] step  999 loss 75.001846 |p| 0.99255
task_obj_swap_joint_mask_533428  dct_nonadd     r=1.6000 dists=0.0974 lpips=0.3314 effect=0.5098 (380s)
    [dct_nonadd] step    0 loss 122.812904 |p| 0.00634
    [dct_nonadd] step   25 loss 117.447014 |p| 0.12871
    [dct_nonadd] step   50 loss 113.235733 |p| 0.23616
    [dct_nonadd] step   75 loss 109.699547 |p| 0.33230
    [dct_nonadd] step  100 loss 106.745583 |p| 0.42065
    [dct_nonadd] step  125 loss 104.204575 |p| 0.50208
    [dct_nonadd] step  150 loss 101.965256 |p| 0.57768
    [dct_nonadd] step  175 loss 100.029289 |p| 0.64713
    [dct_nonadd] step  200 loss 98.345596 |p| 0.71099
    [dct_nonadd] step  225 loss 96.827484 |p| 0.76997
    [dct_nonadd] step  250 loss 95.492485 |p| 0.82455
    [dct_nonadd] step  275 loss 94.713310 |p| 0.85480
    [dct_nonadd] step  300 loss 94.120697 |p| 0.87871
    [dct_nonadd] step  325 loss 93.629951 |p| 0.89899
    [dct_nonadd] step  350 loss 93.277603 |p| 0.91694
    [dct_nonadd] step  375 loss 92.907318 |p| 0.93296
    [dct_nonadd] step  400 loss 92.640060 |p| 0.94741
    [dct_nonadd] step  425 loss 92.353851 |p| 0.96060
    [dct_nonadd] step  450 loss 92.149422 |p| 0.97246
    [dct_nonadd] step  475 loss 91.928871 |p| 0.98339
    [dct_nonadd] step  500 loss 91.764626 |p| 0.99340
    [dct_nonadd] step  525 loss 91.579170 |p| 1.00260
    [dct_nonadd] step  550 loss 91.419098 |p| 1.01110
    [dct_nonadd] step  575 loss 91.281898 |p| 1.01904
    [dct_nonadd] step  600 loss 91.124786 |p| 1.02643
    [dct_nonadd] step  625 loss 91.026382 |p| 1.03335
    [dct_nonadd] step  650 loss 90.912956 |p| 1.03972
    [dct_nonadd] step  675 loss 90.814354 |p| 1.04579
    [dct_nonadd] step  700 loss 90.698227 |p| 1.05148
    [dct_nonadd] step  725 loss 90.555817 |p| 1.05687
    [dct_nonadd] step  750 loss 90.488251 |p| 1.06211
    [dct_nonadd] step  775 loss 90.376076 |p| 1.06696
    [dct_nonadd] step  800 loss 90.271660 |p| 1.07178
    [dct_nonadd] step  825 loss 90.155014 |p| 1.07634
    [dct_nonadd] step  850 loss 90.085129 |p| 1.08069
    [dct_nonadd] step  875 loss 90.019272 |p| 1.08493
    [dct_nonadd] step  900 loss 89.927925 |p| 1.08891
    [dct_nonadd] step  925 loss 89.839058 |p| 1.09276
    [dct_nonadd] step  950 loss 89.760139 |p| 1.09655
    [dct_nonadd] step  975 loss 89.665756 |p| 1.10016
    [dct_nonadd] step  999 loss 89.599762 |p| 1.10357
task_obj_swap_rand_mask_417469   dct_nonadd     r=1.6000 dists=0.0653 lpips=0.2661 effect=0.3649 (380s)

表：runs/ip2p_dct_nonadd/nd_gain_16/results.csv（10 列）
