Warning: You are sending unauthenticated requests to the HF Hub. Please set a HF_TOKEN to enable higher rate limits and faster downloads.
Loading pipeline components...:   0%|          | 0/6 [00:00<?, ?it/s]Loading pipeline components...:  33%|███▎      | 2/6 [00:00<00:00, 17.39it/s]
Loading weights:   0%|          | 0/196 [00:00<?, ?it/s][ALoading weights: 100%|██████████| 196/196 [00:00<00:00, 3989.86it/s]
Loading pipeline components...:  67%|██████▋   | 4/6 [00:00<00:00, 10.60it/s]Loading pipeline components...: 100%|██████████| 6/6 [00:00<00:00, 16.37it/s]
There are modules in AutoencoderKL that should be kept in float32: []. Casting directly with `to()` can lead to inconsistent results; set `torch_dtype` in `from_pretrained()` instead to keep these modules in float32.
/nfs/home/nelson0314/venvs/wacv/lib/python3.11/site-packages/torchvision/models/_utils.py:207: UserWarning: The parameter 'pretrained' is deprecated since 0.13 and may be removed in the future, please use 'weights' instead.
  warnings.warn(
/nfs/home/nelson0314/venvs/wacv/lib/python3.11/site-packages/torchvision/models/_utils.py:222: UserWarning: Arguments other than a weight enum or `None` for 'weights' are deprecated since 0.13 and may be removed in the future. The current behavior is equivalent to passing `weights=VGG16_Weights.IMAGENET1K_V1`. You can also use `weights=VGG16_Weights.DEFAULT` to get the most up-to-date weights.
  warnings.warn(msg)
IP2P 線：10 張、條件 ['dct_nonadd']、steps=100 s_T=7.5 s_I=1.5 seed=20260812
/nfs/home/nelson0314/venvs/wacv/lib/python3.11/site-packages/diffusers/image_processor.py:724: FutureWarning: Passing `image` as torch tensor with value range in [-1,1] is deprecated. The expected value range for image tensor is [0,1] when passing as pytorch tensor or numpy Array. You passed `image` with value range [-1.0,1.0]
  warnings.warn(
    [dct_nonadd] step    0 loss 105.950577 |p| 0.79134
    [dct_nonadd] step   25 loss 105.307800 |p| 0.77410
    [dct_nonadd] step   50 loss 103.543747 |p| 0.75497
    [dct_nonadd] step   75 loss 100.453163 |p| 0.73602
    [dct_nonadd] step  100 loss 96.439102 |p| 0.71948
    [dct_nonadd] step  125 loss 92.245903 |p| 0.70626
    [dct_nonadd] step  150 loss 88.376740 |p| 0.69634
    [dct_nonadd] step  175 loss 85.149124 |p| 0.68893
    [dct_nonadd] step  200 loss 82.420364 |p| 0.68356
    [dct_nonadd] step  225 loss 80.039581 |p| 0.67977
    [dct_nonadd] step  250 loss 78.054390 |p| 0.67713
    [dct_nonadd] step  275 loss 76.675529 |p| 0.67486
    [dct_nonadd] step  300 loss 75.563316 |p| 0.67304
    [dct_nonadd] step  325 loss 74.506386 |p| 0.67177
    [dct_nonadd] step  350 loss 73.537056 |p| 0.67085
    [dct_nonadd] step  375 loss 72.632263 |p| 0.67013
    [dct_nonadd] step  400 loss 71.875694 |p| 0.66961
    [dct_nonadd] step  425 loss 71.204948 |p| 0.66938
    [dct_nonadd] step  450 loss 70.711433 |p| 0.66922
    [dct_nonadd] step  475 loss 70.192924 |p| 0.66921
    [dct_nonadd] step  500 loss 69.774704 |p| 0.66929
    [dct_nonadd] step  525 loss 69.281944 |p| 0.66949
    [dct_nonadd] step  550 loss 68.890739 |p| 0.66974
    [dct_nonadd] step  575 loss 68.558701 |p| 0.67008
    [dct_nonadd] step  600 loss 68.198845 |p| 0.67046
    [dct_nonadd] step  625 loss 67.880173 |p| 0.67091
    [dct_nonadd] step  650 loss 67.565933 |p| 0.67132
    [dct_nonadd] step  675 loss 67.313248 |p| 0.67172
    [dct_nonadd] step  700 loss 67.054176 |p| 0.67216
    [dct_nonadd] step  725 loss 66.816757 |p| 0.67267
    [dct_nonadd] step  750 loss 66.585220 |p| 0.67315
    [dct_nonadd] step  775 loss 66.393532 |p| 0.67369
    [dct_nonadd] step  800 loss 66.178665 |p| 0.67426
    [dct_nonadd] step  825 loss 65.978127 |p| 0.67483
    [dct_nonadd] step  850 loss 65.839714 |p| 0.67542
    [dct_nonadd] step  875 loss 65.733482 |p| 0.67604
    [dct_nonadd] step  900 loss 65.564293 |p| 0.67665
    [dct_nonadd] step  925 loss 65.434105 |p| 0.67730
    [dct_nonadd] step  950 loss 65.323364 |p| 0.67790
    [dct_nonadd] step  975 loss 65.227631 |p| 0.67855
    [dct_nonadd] step  999 loss 65.118706 |p| 0.67918
Loading weights:   0%|          | 0/398 [00:00<?, ?it/s]Loading weights: 100%|██████████| 398/398 [00:00<00:00, 20311.65it/s]
[transformers] Model config: bos_token_id must be `None` or an integer within the vocabulary (between 0 and 31999), got 49406. This may result in unexpected behavior.
[transformers] Model config: eos_token_id must be `None` or an integer within the vocabulary (between 0 and 31999), got 49407. This may result in unexpected behavior.
Loading weights:   0%|          | 0/408 [00:00<?, ?it/s]Loading weights:  90%|████████▉ | 367/408 [00:00<00:00, 3666.91it/s]Loading weights: 100%|██████████| 408/408 [00:00<00:00, 3679.77it/s]
task_attr_mod_color_11699        dct_nonadd     r=1.8000 dists=0.0607 lpips=0.3372 effect=0.4102 (403s)
    [dct_nonadd] step    0 loss 133.485077 |p| 0.79135
    [dct_nonadd] step   25 loss 132.676926 |p| 0.77220
    [dct_nonadd] step   50 loss 130.396164 |p| 0.75018
    [dct_nonadd] step   75 loss 126.561172 |p| 0.72829
    [dct_nonadd] step  100 loss 121.600029 |p| 0.70812
    [dct_nonadd] step  125 loss 116.350212 |p| 0.69089
    [dct_nonadd] step  150 loss 111.524757 |p| 0.67742
    [dct_nonadd] step  175 loss 107.479462 |p| 0.66744
    [dct_nonadd] step  200 loss 104.301048 |p| 0.66006
    [dct_nonadd] step  225 loss 101.654472 |p| 0.65441
    [dct_nonadd] step  250 loss 99.562889 |p| 0.65052
    [dct_nonadd] step  275 loss 98.129608 |p| 0.64698
    [dct_nonadd] step  300 loss 97.056641 |p| 0.64396
    [dct_nonadd] step  325 loss 96.213638 |p| 0.64146
    [dct_nonadd] step  350 loss 95.449791 |p| 0.63936
    [dct_nonadd] step  375 loss 94.795853 |p| 0.63753
    [dct_nonadd] step  400 loss 94.135391 |p| 0.63608
    [dct_nonadd] step  425 loss 93.594696 |p| 0.63483
    [dct_nonadd] step  450 loss 93.057533 |p| 0.63383
    [dct_nonadd] step  475 loss 92.644997 |p| 0.63302
    [dct_nonadd] step  500 loss 92.251602 |p| 0.63242
    [dct_nonadd] step  525 loss 91.866241 |p| 0.63186
    [dct_nonadd] step  550 loss 91.461258 |p| 0.63142
    [dct_nonadd] step  575 loss 91.149895 |p| 0.63109
    [dct_nonadd] step  600 loss 90.867760 |p| 0.63083
    [dct_nonadd] step  625 loss 90.538788 |p| 0.63062
    [dct_nonadd] step  650 loss 90.288254 |p| 0.63042
    [dct_nonadd] step  675 loss 90.046112 |p| 0.63035
    [dct_nonadd] step  700 loss 89.863914 |p| 0.63033
    [dct_nonadd] step  725 loss 89.631760 |p| 0.63034
    [dct_nonadd] step  750 loss 89.456192 |p| 0.63038
    [dct_nonadd] step  775 loss 89.260475 |p| 0.63042
    [dct_nonadd] step  800 loss 89.092995 |p| 0.63051
    [dct_nonadd] step  825 loss 88.876183 |p| 0.63059
    [dct_nonadd] step  850 loss 88.706497 |p| 0.63071
    [dct_nonadd] step  875 loss 88.582146 |p| 0.63089
    [dct_nonadd] step  900 loss 88.400696 |p| 0.63113
    [dct_nonadd] step  925 loss 88.265984 |p| 0.63141
    [dct_nonadd] step  950 loss 88.101776 |p| 0.63161
    [dct_nonadd] step  975 loss 87.981224 |p| 0.63190
    [dct_nonadd] step  999 loss 87.855843 |p| 0.63218
task_attr_mod_color_136767       dct_nonadd     r=1.8000 dists=0.1073 lpips=0.3607 effect=0.4581 (395s)
    [dct_nonadd] step    0 loss 105.163506 |p| 0.79135
    [dct_nonadd] step   25 loss 104.237068 |p| 0.77481
    [dct_nonadd] step   50 loss 101.779305 |p| 0.75600
    [dct_nonadd] step   75 loss 97.794983 |p| 0.73682
    [dct_nonadd] step  100 loss 93.181488 |p| 0.72009
    [dct_nonadd] step  125 loss 88.703278 |p| 0.70636
    [dct_nonadd] step  150 loss 84.769630 |p| 0.69582
    [dct_nonadd] step  175 loss 81.460793 |p| 0.68794
    [dct_nonadd] step  200 loss 78.702705 |p| 0.68237
    [dct_nonadd] step  225 loss 76.281250 |p| 0.67843
    [dct_nonadd] step  250 loss 74.298271 |p| 0.67556
    [dct_nonadd] step  275 loss 72.897751 |p| 0.67322
    [dct_nonadd] step  300 loss 71.762794 |p| 0.67134
    [dct_nonadd] step  325 loss 70.790833 |p| 0.66972
    [dct_nonadd] step  350 loss 69.904167 |p| 0.66841
    [dct_nonadd] step  375 loss 69.177391 |p| 0.66730
    [dct_nonadd] step  400 loss 68.454483 |p| 0.66633
    [dct_nonadd] step  425 loss 67.886047 |p| 0.66551
    [dct_nonadd] step  450 loss 67.226891 |p| 0.66475
    [dct_nonadd] step  475 loss 66.592674 |p| 0.66404
    [dct_nonadd] step  500 loss 65.975548 |p| 0.66340
    [dct_nonadd] step  525 loss 65.239922 |p| 0.66277
    [dct_nonadd] step  550 loss 64.577873 |p| 0.66219
    [dct_nonadd] step  575 loss 63.859653 |p| 0.66171
    [dct_nonadd] step  600 loss 63.294300 |p| 0.66132
    [dct_nonadd] step  625 loss 62.777229 |p| 0.66103
    [dct_nonadd] step  650 loss 62.255882 |p| 0.66081
    [dct_nonadd] step  675 loss 61.813801 |p| 0.66054
    [dct_nonadd] step  700 loss 61.368889 |p| 0.66034
    [dct_nonadd] step  725 loss 60.948898 |p| 0.66020
    [dct_nonadd] step  750 loss 60.591587 |p| 0.66010
    [dct_nonadd] step  775 loss 60.319553 |p| 0.66004
    [dct_nonadd] step  800 loss 59.941803 |p| 0.65994
    [dct_nonadd] step  825 loss 59.634773 |p| 0.65991
    [dct_nonadd] step  850 loss 59.353088 |p| 0.65989
    [dct_nonadd] step  875 loss 59.125183 |p| 0.65993
    [dct_nonadd] step  900 loss 58.817150 |p| 0.65992
    [dct_nonadd] step  925 loss 58.526554 |p| 0.66001
    [dct_nonadd] step  950 loss 58.351406 |p| 0.66009
    [dct_nonadd] step  975 loss 58.114105 |p| 0.66021
    [dct_nonadd] step  999 loss 57.814388 |p| 0.66029
task_attr_mod_color_184837       dct_nonadd     r=1.8000 dists=0.1439 lpips=0.4479 effect=0.5886 (396s)
    [dct_nonadd] step    0 loss 166.294235 |p| 0.79134
    [dct_nonadd] step   25 loss 165.525452 |p| 0.76636
    [dct_nonadd] step   50 loss 163.315384 |p| 0.73986
    [dct_nonadd] step   75 loss 158.999390 |p| 0.71515
    [dct_nonadd] step  100 loss 152.685928 |p| 0.69433
    [dct_nonadd] step  125 loss 145.549637 |p| 0.67828
    [dct_nonadd] step  150 loss 138.916214 |p| 0.66661
    [dct_nonadd] step  175 loss 133.291214 |p| 0.65835
    [dct_nonadd] step  200 loss 128.899567 |p| 0.65277
    [dct_nonadd] step  225 loss 125.543465 |p| 0.64897
    [dct_nonadd] step  250 loss 122.993019 |p| 0.64640
    [dct_nonadd] step  275 loss 121.348991 |p| 0.64396
    [dct_nonadd] step  300 loss 120.124062 |p| 0.64189
    [dct_nonadd] step  325 loss 119.130608 |p| 0.64022
    [dct_nonadd] step  350 loss 118.234467 |p| 0.63901
    [dct_nonadd] step  375 loss 117.515038 |p| 0.63807
    [dct_nonadd] step  400 loss 116.820267 |p| 0.63743
    [dct_nonadd] step  425 loss 116.165512 |p| 0.63706
    [dct_nonadd] step  450 loss 115.539703 |p| 0.63690
    [dct_nonadd] step  475 loss 114.987068 |p| 0.63688
    [dct_nonadd] step  500 loss 114.452606 |p| 0.63690
    [dct_nonadd] step  525 loss 113.931297 |p| 0.63697
    [dct_nonadd] step  550 loss 113.445198 |p| 0.63709
    [dct_nonadd] step  575 loss 113.078011 |p| 0.63730
    [dct_nonadd] step  600 loss 112.671173 |p| 0.63747
    [dct_nonadd] step  625 loss 112.288261 |p| 0.63773
    [dct_nonadd] step  650 loss 111.909454 |p| 0.63797
    [dct_nonadd] step  675 loss 111.577614 |p| 0.63825
    [dct_nonadd] step  700 loss 111.265045 |p| 0.63861
    [dct_nonadd] step  725 loss 111.007111 |p| 0.63899
    [dct_nonadd] step  750 loss 110.742928 |p| 0.63940
    [dct_nonadd] step  775 loss 110.465271 |p| 0.63984
    [dct_nonadd] step  800 loss 110.191109 |p| 0.64032
    [dct_nonadd] step  825 loss 110.003242 |p| 0.64081
    [dct_nonadd] step  850 loss 109.787750 |p| 0.64125
    [dct_nonadd] step  875 loss 109.636681 |p| 0.64173
    [dct_nonadd] step  900 loss 109.472977 |p| 0.64222
    [dct_nonadd] step  925 loss 109.318924 |p| 0.64272
    [dct_nonadd] step  950 loss 109.138245 |p| 0.64318
    [dct_nonadd] step  975 loss 108.964424 |p| 0.64374
    [dct_nonadd] step  999 loss 108.756119 |p| 0.64427
task_attr_mod_color_32648        dct_nonadd     r=1.8000 dists=0.0466 lpips=0.3503 effect=0.2893 (399s)
    [dct_nonadd] step    0 loss 110.273300 |p| 0.79135
    [dct_nonadd] step   25 loss 109.582596 |p| 0.76994
    [dct_nonadd] step   50 loss 107.667870 |p| 0.74666
    [dct_nonadd] step   75 loss 104.314865 |p| 0.72408
    [dct_nonadd] step  100 loss 99.962242 |p| 0.70474
    [dct_nonadd] step  125 loss 95.385307 |p| 0.68945
    [dct_nonadd] step  150 loss 91.225540 |p| 0.67803
    [dct_nonadd] step  175 loss 87.674950 |p| 0.66982
    [dct_nonadd] step  200 loss 84.804718 |p| 0.66420
    [dct_nonadd] step  225 loss 82.562553 |p| 0.66053
    [dct_nonadd] step  250 loss 80.779327 |p| 0.65836
    [dct_nonadd] step  275 loss 79.615395 |p| 0.65650
    [dct_nonadd] step  300 loss 78.689461 |p| 0.65483
    [dct_nonadd] step  325 loss 77.940651 |p| 0.65362
    [dct_nonadd] step  350 loss 77.315231 |p| 0.65283
    [dct_nonadd] step  375 loss 76.745651 |p| 0.65224
    [dct_nonadd] step  400 loss 76.236618 |p| 0.65187
    [dct_nonadd] step  425 loss 75.820900 |p| 0.65157
    [dct_nonadd] step  450 loss 75.445557 |p| 0.65141
    [dct_nonadd] step  475 loss 75.083641 |p| 0.65143
    [dct_nonadd] step  500 loss 74.770355 |p| 0.65157
    [dct_nonadd] step  525 loss 74.484413 |p| 0.65168
    [dct_nonadd] step  550 loss 74.229736 |p| 0.65184
    [dct_nonadd] step  575 loss 73.977356 |p| 0.65203
    [dct_nonadd] step  600 loss 73.765907 |p| 0.65226
    [dct_nonadd] step  625 loss 73.584167 |p| 0.65256
    [dct_nonadd] step  650 loss 73.424881 |p| 0.65289
    [dct_nonadd] step  675 loss 73.233124 |p| 0.65324
    [dct_nonadd] step  700 loss 73.036804 |p| 0.65354
    [dct_nonadd] step  725 loss 72.876236 |p| 0.65390
    [dct_nonadd] step  750 loss 72.736801 |p| 0.65431
    [dct_nonadd] step  775 loss 72.575180 |p| 0.65471
    [dct_nonadd] step  800 loss 72.396011 |p| 0.65514
    [dct_nonadd] step  825 loss 72.268738 |p| 0.65558
    [dct_nonadd] step  850 loss 72.165855 |p| 0.65597
    [dct_nonadd] step  875 loss 71.956810 |p| 0.65642
    [dct_nonadd] step  900 loss 71.841354 |p| 0.65688
    [dct_nonadd] step  925 loss 71.703575 |p| 0.65733
    [dct_nonadd] step  950 loss 71.535316 |p| 0.65771
    [dct_nonadd] step  975 loss 71.383057 |p| 0.65815
    [dct_nonadd] step  999 loss 71.245552 |p| 0.65862
task_attr_mod_color_6205         dct_nonadd     r=1.8000 dists=0.0745 lpips=0.3221 effect=0.4461 (395s)
    [dct_nonadd] step    0 loss 121.520950 |p| 0.79135
    [dct_nonadd] step   25 loss 120.070595 |p| 0.77512
    [dct_nonadd] step   50 loss 115.214218 |p| 0.75646
    [dct_nonadd] step   75 loss 106.446419 |p| 0.73902
    [dct_nonadd] step  100 loss 96.245506 |p| 0.72362
    [dct_nonadd] step  125 loss 88.008583 |p| 0.71010
    [dct_nonadd] step  150 loss 82.426628 |p| 0.69919
    [dct_nonadd] step  175 loss 78.625298 |p| 0.69114
    [dct_nonadd] step  200 loss 75.833855 |p| 0.68538
    [dct_nonadd] step  225 loss 73.579224 |p| 0.68127
    [dct_nonadd] step  250 loss 71.606735 |p| 0.67832
    [dct_nonadd] step  275 loss 69.931702 |p| 0.67592
    [dct_nonadd] step  300 loss 68.520592 |p| 0.67398
    [dct_nonadd] step  325 loss 67.292755 |p| 0.67248
    [dct_nonadd] step  350 loss 66.262596 |p| 0.67126
    [dct_nonadd] step  375 loss 65.417557 |p| 0.67035
    [dct_nonadd] step  400 loss 64.695396 |p| 0.66956
    [dct_nonadd] step  425 loss 64.113365 |p| 0.66899
    [dct_nonadd] step  450 loss 63.534306 |p| 0.66848
    [dct_nonadd] step  475 loss 63.059452 |p| 0.66807
    [dct_nonadd] step  500 loss 62.572247 |p| 0.66766
    [dct_nonadd] step  525 loss 62.146908 |p| 0.66735
    [dct_nonadd] step  550 loss 61.739368 |p| 0.66710
    [dct_nonadd] step  575 loss 61.429699 |p| 0.66688
    [dct_nonadd] step  600 loss 61.019135 |p| 0.66674
    [dct_nonadd] step  625 loss 60.705379 |p| 0.66663
    [dct_nonadd] step  650 loss 60.391670 |p| 0.66652
    [dct_nonadd] step  675 loss 60.112648 |p| 0.66644
    [dct_nonadd] step  700 loss 59.838558 |p| 0.66642
    [dct_nonadd] step  725 loss 59.596523 |p| 0.66641
    [dct_nonadd] step  750 loss 59.334827 |p| 0.66646
    [dct_nonadd] step  775 loss 59.147675 |p| 0.66650
    [dct_nonadd] step  800 loss 58.874367 |p| 0.66652
    [dct_nonadd] step  825 loss 58.693890 |p| 0.66657
    [dct_nonadd] step  850 loss 58.521938 |p| 0.66664
    [dct_nonadd] step  875 loss 58.327202 |p| 0.66674
    [dct_nonadd] step  900 loss 58.097794 |p| 0.66688
    [dct_nonadd] step  925 loss 57.982246 |p| 0.66697
    [dct_nonadd] step  950 loss 57.758717 |p| 0.66711
    [dct_nonadd] step  975 loss 57.631618 |p| 0.66733
    [dct_nonadd] step  999 loss 57.505432 |p| 0.66751
task_env_weather_112463          dct_nonadd     r=1.8000 dists=0.0596 lpips=0.5188 effect=0.8275 (400s)
    [dct_nonadd] step    0 loss 104.030472 |p| 0.79135
    [dct_nonadd] step   25 loss 102.826996 |p| 0.77669
    [dct_nonadd] step   50 loss 99.618134 |p| 0.76023
    [dct_nonadd] step   75 loss 94.577110 |p| 0.74407
    [dct_nonadd] step  100 loss 88.892273 |p| 0.72967
    [dct_nonadd] step  125 loss 83.882729 |p| 0.71788
    [dct_nonadd] step  150 loss 80.037613 |p| 0.70898
    [dct_nonadd] step  175 loss 77.139015 |p| 0.70234
    [dct_nonadd] step  200 loss 74.840714 |p| 0.69751
    [dct_nonadd] step  225 loss 73.036476 |p| 0.69379
    [dct_nonadd] step  250 loss 71.472588 |p| 0.69088
    [dct_nonadd] step  275 loss 70.215546 |p| 0.68836
    [dct_nonadd] step  300 loss 69.106644 |p| 0.68617
    [dct_nonadd] step  325 loss 68.163002 |p| 0.68429
    [dct_nonadd] step  350 loss 67.362335 |p| 0.68263
    [dct_nonadd] step  375 loss 66.631302 |p| 0.68118
    [dct_nonadd] step  400 loss 65.945221 |p| 0.67986
    [dct_nonadd] step  425 loss 65.324776 |p| 0.67865
    [dct_nonadd] step  450 loss 64.770332 |p| 0.67758
    [dct_nonadd] step  475 loss 64.231552 |p| 0.67662
    [dct_nonadd] step  500 loss 63.779148 |p| 0.67576
    [dct_nonadd] step  525 loss 63.280605 |p| 0.67492
    [dct_nonadd] step  550 loss 62.830635 |p| 0.67414
    [dct_nonadd] step  575 loss 62.429756 |p| 0.67345
    [dct_nonadd] step  600 loss 62.053036 |p| 0.67284
    [dct_nonadd] step  625 loss 61.672230 |p| 0.67227
    [dct_nonadd] step  650 loss 61.257374 |p| 0.67176
    [dct_nonadd] step  675 loss 60.873978 |p| 0.67129
    [dct_nonadd] step  700 loss 60.485046 |p| 0.67092
    [dct_nonadd] step  725 loss 60.112438 |p| 0.67059
    [dct_nonadd] step  750 loss 59.786221 |p| 0.67024
    [dct_nonadd] step  775 loss 59.419323 |p| 0.66998
    [dct_nonadd] step  800 loss 59.077595 |p| 0.66974
    [dct_nonadd] step  825 loss 58.734024 |p| 0.66950
    [dct_nonadd] step  850 loss 58.464760 |p| 0.66938
    [dct_nonadd] step  875 loss 58.228378 |p| 0.66925
    [dct_nonadd] step  900 loss 57.890018 |p| 0.66918
    [dct_nonadd] step  925 loss 57.646187 |p| 0.66914
    [dct_nonadd] step  950 loss 57.383488 |p| 0.66911
    [dct_nonadd] step  975 loss 57.129116 |p| 0.66911
    [dct_nonadd] step  999 loss 56.915340 |p| 0.66915
task_obj_remove_380621           dct_nonadd     r=1.8000 dists=0.0878 lpips=0.4582 effect=0.6604 (399s)
    [dct_nonadd] step    0 loss 137.389908 |p| 0.79134
    [dct_nonadd] step   25 loss 135.677719 |p| 0.78329
    [dct_nonadd] step   50 loss 130.753677 |p| 0.77379
    [dct_nonadd] step   75 loss 122.682220 |p| 0.76405
    [dct_nonadd] step  100 loss 114.135818 |p| 0.75484
    [dct_nonadd] step  125 loss 107.442139 |p| 0.74694
    [dct_nonadd] step  150 loss 102.805817 |p| 0.74091
    [dct_nonadd] step  175 loss 99.365593 |p| 0.73648
    [dct_nonadd] step  200 loss 96.616470 |p| 0.73336
    [dct_nonadd] step  225 loss 94.312958 |p| 0.73118
    [dct_nonadd] step  250 loss 92.309273 |p| 0.72962
    [dct_nonadd] step  275 loss 90.591019 |p| 0.72842
    [dct_nonadd] step  300 loss 89.119629 |p| 0.72746
    [dct_nonadd] step  325 loss 87.736717 |p| 0.72672
    [dct_nonadd] step  350 loss 86.582176 |p| 0.72613
    [dct_nonadd] step  375 loss 85.555038 |p| 0.72575
    [dct_nonadd] step  400 loss 84.550423 |p| 0.72545
    [dct_nonadd] step  425 loss 83.719398 |p| 0.72527
    [dct_nonadd] step  450 loss 82.939674 |p| 0.72515
    [dct_nonadd] step  475 loss 82.131691 |p| 0.72512
    [dct_nonadd] step  500 loss 81.365273 |p| 0.72511
    [dct_nonadd] step  525 loss 80.612938 |p| 0.72514
    [dct_nonadd] step  550 loss 79.998344 |p| 0.72518
    [dct_nonadd] step  575 loss 79.387787 |p| 0.72527
    [dct_nonadd] step  600 loss 78.809471 |p| 0.72535
    [dct_nonadd] step  625 loss 78.189568 |p| 0.72551
    [dct_nonadd] step  650 loss 77.636711 |p| 0.72565
    [dct_nonadd] step  675 loss 76.998482 |p| 0.72580
    [dct_nonadd] step  700 loss 76.520508 |p| 0.72600
    [dct_nonadd] step  725 loss 76.051682 |p| 0.72621
    [dct_nonadd] step  750 loss 75.614510 |p| 0.72643
    [dct_nonadd] step  775 loss 75.204498 |p| 0.72668
    [dct_nonadd] step  800 loss 74.897720 |p| 0.72693
    [dct_nonadd] step  825 loss 74.527077 |p| 0.72717
    [dct_nonadd] step  850 loss 74.254921 |p| 0.72741
    [dct_nonadd] step  875 loss 73.934929 |p| 0.72768
    [dct_nonadd] step  900 loss 73.680740 |p| 0.72795
    [dct_nonadd] step  925 loss 73.453728 |p| 0.72826
    [dct_nonadd] step  950 loss 73.322334 |p| 0.72856
    [dct_nonadd] step  975 loss 73.014107 |p| 0.72885
    [dct_nonadd] step  999 loss 72.845818 |p| 0.72917
task_obj_swap_joint_mask_276754  dct_nonadd     r=1.8000 dists=0.1398 lpips=0.4327 effect=0.6734 (393s)
    [dct_nonadd] step    0 loss 108.988068 |p| 0.79135
    [dct_nonadd] step   25 loss 107.784134 |p| 0.77703
    [dct_nonadd] step   50 loss 104.577248 |p| 0.76071
    [dct_nonadd] step   75 loss 99.339607 |p| 0.74410
    [dct_nonadd] step  100 loss 93.308723 |p| 0.72925
    [dct_nonadd] step  125 loss 87.872108 |p| 0.71693
    [dct_nonadd] step  150 loss 83.585999 |p| 0.70745
    [dct_nonadd] step  175 loss 80.264565 |p| 0.70042
    [dct_nonadd] step  200 loss 77.725380 |p| 0.69528
    [dct_nonadd] step  225 loss 75.744232 |p| 0.69157
    [dct_nonadd] step  250 loss 74.147552 |p| 0.68886
    [dct_nonadd] step  275 loss 72.868530 |p| 0.68675
    [dct_nonadd] step  300 loss 71.796661 |p| 0.68497
    [dct_nonadd] step  325 loss 70.916672 |p| 0.68356
    [dct_nonadd] step  350 loss 70.077332 |p| 0.68228
    [dct_nonadd] step  375 loss 69.329964 |p| 0.68119
    [dct_nonadd] step  400 loss 68.686508 |p| 0.68024
    [dct_nonadd] step  425 loss 68.065712 |p| 0.67930
    [dct_nonadd] step  450 loss 67.441338 |p| 0.67847
    [dct_nonadd] step  475 loss 66.970894 |p| 0.67773
    [dct_nonadd] step  500 loss 66.388519 |p| 0.67711
    [dct_nonadd] step  525 loss 65.985771 |p| 0.67662
    [dct_nonadd] step  550 loss 65.547234 |p| 0.67615
    [dct_nonadd] step  575 loss 65.117554 |p| 0.67581
    [dct_nonadd] step  600 loss 64.682709 |p| 0.67546
    [dct_nonadd] step  625 loss 64.322121 |p| 0.67520
    [dct_nonadd] step  650 loss 63.947361 |p| 0.67498
    [dct_nonadd] step  675 loss 63.614479 |p| 0.67484
    [dct_nonadd] step  700 loss 63.282005 |p| 0.67469
    [dct_nonadd] step  725 loss 63.044590 |p| 0.67456
    [dct_nonadd] step  750 loss 62.633263 |p| 0.67456
    [dct_nonadd] step  775 loss 62.388725 |p| 0.67453
    [dct_nonadd] step  800 loss 62.051563 |p| 0.67450
    [dct_nonadd] step  825 loss 61.769352 |p| 0.67450
    [dct_nonadd] step  850 loss 61.463787 |p| 0.67452
    [dct_nonadd] step  875 loss 61.260490 |p| 0.67459
    [dct_nonadd] step  900 loss 60.879852 |p| 0.67462
    [dct_nonadd] step  925 loss 60.689507 |p| 0.67467
    [dct_nonadd] step  950 loss 60.423893 |p| 0.67473
    [dct_nonadd] step  975 loss 60.105244 |p| 0.67487
    [dct_nonadd] step  999 loss 59.933662 |p| 0.67498
task_obj_swap_joint_mask_533428  dct_nonadd     r=1.8000 dists=0.1115 lpips=0.4965 effect=0.6050 (393s)
    [dct_nonadd] step    0 loss 122.812904 |p| 0.79135
    [dct_nonadd] step   25 loss 121.821884 |p| 0.77467
    [dct_nonadd] step   50 loss 119.215668 |p| 0.75543
    [dct_nonadd] step   75 loss 114.589561 |p| 0.73652
    [dct_nonadd] step  100 loss 108.676064 |p| 0.71999
    [dct_nonadd] step  125 loss 102.688454 |p| 0.70664
    [dct_nonadd] step  150 loss 97.463768 |p| 0.69605
    [dct_nonadd] step  175 loss 93.233139 |p| 0.68794
    [dct_nonadd] step  200 loss 90.037376 |p| 0.68199
    [dct_nonadd] step  225 loss 87.594269 |p| 0.67758
    [dct_nonadd] step  250 loss 85.666191 |p| 0.67439
    [dct_nonadd] step  275 loss 84.237762 |p| 0.67162
    [dct_nonadd] step  300 loss 83.105156 |p| 0.66913
    [dct_nonadd] step  325 loss 82.141983 |p| 0.66703
    [dct_nonadd] step  350 loss 81.291023 |p| 0.66514
    [dct_nonadd] step  375 loss 80.500549 |p| 0.66350
    [dct_nonadd] step  400 loss 79.868942 |p| 0.66196
    [dct_nonadd] step  425 loss 79.223495 |p| 0.66066
    [dct_nonadd] step  450 loss 78.674156 |p| 0.65950
    [dct_nonadd] step  475 loss 78.165894 |p| 0.65851
    [dct_nonadd] step  500 loss 77.713791 |p| 0.65753
    [dct_nonadd] step  525 loss 77.236885 |p| 0.65661
    [dct_nonadd] step  550 loss 76.891533 |p| 0.65583
    [dct_nonadd] step  575 loss 76.515251 |p| 0.65517
    [dct_nonadd] step  600 loss 76.124657 |p| 0.65453
    [dct_nonadd] step  625 loss 75.767784 |p| 0.65401
    [dct_nonadd] step  650 loss 75.469894 |p| 0.65349
    [dct_nonadd] step  675 loss 75.096970 |p| 0.65307
    [dct_nonadd] step  700 loss 74.778267 |p| 0.65270
    [dct_nonadd] step  725 loss 74.445374 |p| 0.65235
    [dct_nonadd] step  750 loss 74.098083 |p| 0.65214
    [dct_nonadd] step  775 loss 73.749695 |p| 0.65196
    [dct_nonadd] step  800 loss 73.443825 |p| 0.65177
    [dct_nonadd] step  825 loss 73.092712 |p| 0.65166
    [dct_nonadd] step  850 loss 72.755951 |p| 0.65153
    [dct_nonadd] step  875 loss 72.406868 |p| 0.65144
    [dct_nonadd] step  900 loss 72.140739 |p| 0.65140
    [dct_nonadd] step  925 loss 71.881210 |p| 0.65143
    [dct_nonadd] step  950 loss 71.637970 |p| 0.65149
    [dct_nonadd] step  975 loss 71.406921 |p| 0.65154
    [dct_nonadd] step  999 loss 71.204941 |p| 0.65163
task_obj_swap_rand_mask_417469   dct_nonadd     r=1.8000 dists=0.0855 lpips=0.4630 effect=0.6442 (393s)

表：runs/ip2p_dct_nonadd/nd_plane_18/results.csv（10 列）
