Warning: You are sending unauthenticated requests to the HF Hub. Please set a HF_TOKEN to enable higher rate limits and faster downloads.
Loading pipeline components...:   0%|          | 0/6 [00:00<?, ?it/s]Loading pipeline components...:  17%|█▋        | 1/6 [00:00<00:00,  9.71it/s]
Loading weights:   0%|          | 0/196 [00:00<?, ?it/s][ALoading weights: 100%|██████████| 196/196 [00:00<00:00, 3936.22it/s]
Loading pipeline components...:  33%|███▎      | 2/6 [00:00<00:00,  7.13it/s]Loading pipeline components...: 100%|██████████| 6/6 [00:00<00:00, 18.27it/s]Loading pipeline components...: 100%|██████████| 6/6 [00:00<00:00, 15.51it/s]
There are modules in AutoencoderKL that should be kept in float32: []. Casting directly with `to()` can lead to inconsistent results; set `torch_dtype` in `from_pretrained()` instead to keep these modules in float32.
/nfs/home/nelson0314/venvs/wacv/lib/python3.11/site-packages/torchvision/models/_utils.py:207: UserWarning: The parameter 'pretrained' is deprecated since 0.13 and may be removed in the future, please use 'weights' instead.
  warnings.warn(
/nfs/home/nelson0314/venvs/wacv/lib/python3.11/site-packages/torchvision/models/_utils.py:222: UserWarning: Arguments other than a weight enum or `None` for 'weights' are deprecated since 0.13 and may be removed in the future. The current behavior is equivalent to passing `weights=VGG16_Weights.IMAGENET1K_V1`. You can also use `weights=VGG16_Weights.DEFAULT` to get the most up-to-date weights.
  warnings.warn(msg)
IP2P 線：1 張、條件 ['patch']、steps=100 s_T=7.5 s_I=1.5 seed=20260812
/nfs/home/nelson0314/venvs/wacv/lib/python3.11/site-packages/diffusers/image_processor.py:724: FutureWarning: Passing `image` as torch tensor with value range in [-1,1] is deprecated. The expected value range for image tensor is [0,1] when passing as pytorch tensor or numpy Array. You passed `image` with value range [-1.0,1.0]
  warnings.warn(
Loading weights:   0%|          | 0/462 [00:00<?, ?it/s]Loading weights:  76%|███████▌  | 352/462 [00:00<00:00, 3475.83it/s]Loading weights: 100%|██████████| 462/462 [00:00<00:00, 3419.67it/s]
Loading weights:   0%|          | 0/380 [00:00<?, ?it/s]Loading weights:  87%|████████▋ | 332/380 [00:00<00:00, 3316.91it/s]Loading weights: 100%|██████████| 380/380 [00:00<00:00, 3283.08it/s]
    [patch] step    0 loss 0.397404 |p| 0.22830 eval 0.158428
    [patch] step  150 loss 0.002521 |p| 0.27708
    [patch] step  200 loss 0.057837 |p| 0.30551 eval 0.072334
    [patch] step  300 loss 0.001936 |p| 0.34056
    [patch] step  400 loss 0.061746 |p| 0.36349 eval 0.069439
    [patch] step  450 loss 0.138694 |p| 0.37285
    [patch] step  600 loss 0.051799 |p| 0.39311 eval 0.068817
    [patch] step  750 loss 0.005209 |p| 0.40667
    [patch] step  800 loss 0.082195 |p| 0.41063 eval 0.067466
    [patch] step  900 loss 0.001281 |p| 0.41683
    [patch] step 1000 loss 0.013857 |p| 0.42144 eval 0.067175
    [patch] step 1050 loss 0.037365 |p| 0.42334
    [patch] step 1200 loss 0.091830 |p| 0.42956 eval 0.066281
    [patch] step 1350 loss 0.001970 |p| 0.43317
    [patch] step 1400 loss 0.011575 |p| 0.43450 eval 0.066298
    [patch] step 1500 loss 0.051819 |p| 0.43565
    [patch] step 1600 loss 0.085137 |p| 0.43639 eval 0.065989
    [patch] step 1650 loss 0.116900 |p| 0.43721
    [patch] step 1800 loss 0.052914 |p| 0.43901 eval 0.065951
    [patch] step 1950 loss 0.036303 |p| 0.44020
    [patch] step 2000 loss 0.018844 |p| 0.44084 eval 0.065780
    [patch] step 2100 loss 0.027284 |p| 0.44284
    [patch] step 2200 loss 0.007025 |p| 0.44189 eval 0.065881
    [patch] step 2250 loss 0.044618 |p| 0.44224
    [patch] step 2400 loss 0.001441 |p| 0.44336 eval 0.065868
    [patch] step 2550 loss 0.003735 |p| 0.44500
    [patch] step 2600 loss 0.026785 |p| 0.44517 eval 0.065838
    [patch] step 2700 loss 0.023538 |p| 0.44546
    [patch] step 2800 loss 0.127569 |p| 0.44631 eval 0.065376
    [patch] step 2850 loss 0.059812 |p| 0.44695
    [patch] step 3000 loss 0.027240 |p| 0.44872 eval 0.065590
    [patch] step 3150 loss 0.091673 |p| 0.44820
    [patch] step 3200 loss 0.115056 |p| 0.44897 eval 0.065209
    [patch] step 3300 loss 0.001641 |p| 0.44961
    [patch] step 3400 loss 0.023670 |p| 0.45004 eval 0.065665
    [patch] step 3450 loss 0.010551 |p| 0.45094
    [patch] step 3600 loss 0.003641 |p| 0.45131 eval 0.065440
    [patch] step 3750 loss 0.035333 |p| 0.45264
    [patch] step 3800 loss 0.019226 |p| 0.45223 eval 0.065530
    [patch] step 3900 loss 0.005945 |p| 0.45222
    [patch] step 4000 loss 0.012127 |p| 0.45335 eval 0.065270
    [patch] step 4050 loss 0.094204 |p| 0.45377
    [patch] step 4200 loss 0.059843 |p| 0.45416 eval 0.064870
    [patch] step 4350 loss 0.109105 |p| 0.45397
    [patch] step 4400 loss 0.038598 |p| 0.45405 eval 0.065014
    [patch] step 4500 loss 0.003279 |p| 0.45414
    [patch] step 4600 loss 0.070029 |p| 0.45599 eval 0.064878
    [patch] step 4650 loss 0.038306 |p| 0.45584
    [patch] step 4800 loss 0.065896 |p| 0.45608 eval 0.064682
    [patch] step 4950 loss 0.001026 |p| 0.45588
    [patch] step 5000 loss 0.003785 |p| 0.45620 eval 0.064951
    [patch] step 5100 loss 0.018949 |p| 0.45585
    [patch] step 5200 loss 0.052832 |p| 0.45526 eval 0.064873
    [patch] step 5250 loss 0.001080 |p| 0.45568
    [patch] step 5400 loss 0.133005 |p| 0.45605 eval 0.064605
    [patch] step 5550 loss 0.024385 |p| 0.45634
    [patch] step 5600 loss 0.082432 |p| 0.45670 eval 0.064512
    [patch] step 5700 loss 0.012472 |p| 0.45694
    [patch] step 5800 loss 0.012362 |p| 0.45713 eval 0.065022
    [patch] step 5850 loss 0.003538 |p| 0.45770
    [patch] step 5999 loss 0.118969 |p| 0.45716 eval 0.064719
/nfs/home/nelson0314/venvs/wacv/lib/python3.11/site-packages/diffusers/image_processor.py:724: FutureWarning: Passing `image` as torch tensor with value range in [-1,1] is deprecated. The expected value range for image tensor is [0,1] when passing as pytorch tensor or numpy Array. You passed `image` with value range [-1.0,1.0]
  warnings.warn(
Loading weights:   0%|          | 0/398 [00:00<?, ?it/s]Loading weights: 100%|██████████| 398/398 [00:00<00:00, 13831.92it/s]
[transformers] Model config: bos_token_id must be `None` or an integer within the vocabulary (between 0 and 31999), got 49406. This may result in unexpected behavior.
[transformers] Model config: eos_token_id must be `None` or an integer within the vocabulary (between 0 and 31999), got 49407. This may result in unexpected behavior.
Loading weights:   0%|          | 0/408 [00:00<?, ?it/s]Loading weights:  53%|█████▎    | 215/408 [00:00<00:00, 2149.25it/s]Loading weights: 100%|██████████| 408/408 [00:00<00:00, 2748.28it/s]
task_attr_mod_color_202962       patch          r=0.0500 dists=0.1437 lpips=0.1465 effect=0.2920 (2832s)

表：runs/ip2p_patch_breadth_pretty/tile_a_task_attr_mod_color_202962/results.csv（1 列）
