Loading pipeline components...:   0%|          | 0/6 [00:00<?, ?it/s]
Loading weights:   0%|          | 0/196 [00:00<?, ?it/s][ALoading weights: 100%|██████████| 196/196 [00:00<00:00, 4715.19it/s]
Loading pipeline components...:  33%|███▎      | 2/6 [00:00<00:00, 10.20it/s]Loading pipeline components...: 100%|██████████| 6/6 [00:00<00:00,  9.93it/s]Loading pipeline components...: 100%|██████████| 6/6 [00:00<00:00,  9.95it/s]
There are modules in AutoencoderKL that should be kept in float32: []. Casting directly with `to()` can lead to inconsistent results; set `torch_dtype` in `from_pretrained()` instead to keep these modules in float32.
/nfs/home/nelson0314/venvs/wacv/lib/python3.11/site-packages/torchvision/models/_utils.py:207: UserWarning: The parameter 'pretrained' is deprecated since 0.13 and may be removed in the future, please use 'weights' instead.
  warnings.warn(
/nfs/home/nelson0314/venvs/wacv/lib/python3.11/site-packages/torchvision/models/_utils.py:222: UserWarning: Arguments other than a weight enum or `None` for 'weights' are deprecated since 0.13 and may be removed in the future. The current behavior is equivalent to passing `weights=VGG16_Weights.IMAGENET1K_V1`. You can also use `weights=VGG16_Weights.DEFAULT` to get the most up-to-date weights.
  warnings.warn(msg)
IP2P 線：1 張、條件 ['patch']、steps=100 s_T=7.5 s_I=1.5 seed=20260812
/nfs/home/nelson0314/venvs/wacv/lib/python3.11/site-packages/diffusers/image_processor.py:724: FutureWarning: Passing `image` as torch tensor with value range in [-1,1] is deprecated. The expected value range for image tensor is [0,1] when passing as pytorch tensor or numpy Array. You passed `image` with value range [-1.0,1.0]
  warnings.warn(
Warning: You are sending unauthenticated requests to the HF Hub. Please set a HF_TOKEN to enable higher rate limits and faster downloads.
Loading weights:   0%|          | 0/462 [00:00<?, ?it/s]Loading weights:  76%|███████▌  | 351/462 [00:00<00:00, 3507.88it/s]Loading weights: 100%|██████████| 462/462 [00:00<00:00, 3438.83it/s]
Loading weights:   0%|          | 0/380 [00:00<?, ?it/s]Loading weights:  72%|███████▏  | 273/380 [00:00<00:00, 2719.58it/s]Loading weights: 100%|██████████| 380/380 [00:00<00:00, 2772.44it/s]
    [patch] step    0 loss 0.430886 |p| 0.35030 eval 0.208297
    [patch] step  150 loss 0.002332 |p| 0.36934
    [patch] step  200 loss 0.115320 |p| 0.38241 eval 0.128641
    [patch] step  300 loss 0.001794 |p| 0.39769
    [patch] step  400 loss 0.129914 |p| 0.40864 eval 0.124967
    [patch] step  450 loss 0.230745 |p| 0.41336
    [patch] step  600 loss 0.115081 |p| 0.42438 eval 0.123389
    [patch] step  750 loss 0.004841 |p| 0.43025
    [patch] step  800 loss 0.148805 |p| 0.43297 eval 0.121981
    [patch] step  900 loss 0.001312 |p| 0.43640
    [patch] step 1000 loss 0.016057 |p| 0.43887 eval 0.121365
    [patch] step 1050 loss 0.082441 |p| 0.44018
    [patch] step 1200 loss 0.174423 |p| 0.44289 eval 0.120290
    [patch] step 1350 loss 0.002034 |p| 0.44565
    [patch] step 1400 loss 0.017071 |p| 0.44548 eval 0.119907
    [patch] step 1500 loss 0.124403 |p| 0.44574
    [patch] step 1600 loss 0.153241 |p| 0.44707 eval 0.119438
    [patch] step 1650 loss 0.186371 |p| 0.44722
    [patch] step 1800 loss 0.098492 |p| 0.44720 eval 0.119258
    [patch] step 1950 loss 0.066263 |p| 0.44684
    [patch] step 2000 loss 0.028850 |p| 0.44712 eval 0.119405
    [patch] step 2100 loss 0.041437 |p| 0.44693
    [patch] step 2200 loss 0.008062 |p| 0.44812 eval 0.119114
    [patch] step 2250 loss 0.103845 |p| 0.44831
    [patch] step 2400 loss 0.001537 |p| 0.44886 eval 0.119220
    [patch] step 2550 loss 0.004024 |p| 0.44946
    [patch] step 2600 loss 0.050610 |p| 0.45017 eval 0.118823
    [patch] step 2700 loss 0.032928 |p| 0.44982
    [patch] step 2800 loss 0.206533 |p| 0.44965 eval 0.118245
    [patch] step 2850 loss 0.114723 |p| 0.44964
    [patch] step 3000 loss 0.051990 |p| 0.45020 eval 0.118168
    [patch] step 3150 loss 0.172331 |p| 0.45111
    [patch] step 3200 loss 0.192939 |p| 0.45165 eval 0.117899
    [patch] step 3300 loss 0.001906 |p| 0.45233
    [patch] step 3400 loss 0.048180 |p| 0.45326 eval 0.118067
    [patch] step 3450 loss 0.013563 |p| 0.45340
    [patch] step 3600 loss 0.004616 |p| 0.45369 eval 0.118347
    [patch] step 3750 loss 0.078351 |p| 0.45452
    [patch] step 3800 loss 0.025974 |p| 0.45499 eval 0.118354
    [patch] step 3900 loss 0.005542 |p| 0.45518
    [patch] step 4000 loss 0.018464 |p| 0.45493 eval 0.117749
    [patch] step 4050 loss 0.159867 |p| 0.45516
    [patch] step 4200 loss 0.109908 |p| 0.45559 eval 0.117610
    [patch] step 4350 loss 0.187827 |p| 0.45550
    [patch] step 4400 loss 0.095326 |p| 0.45499 eval 0.117497
    [patch] step 4500 loss 0.003328 |p| 0.45512
    [patch] step 4600 loss 0.153308 |p| 0.45496 eval 0.117432
    [patch] step 4650 loss 0.073888 |p| 0.45536
    [patch] step 4800 loss 0.131569 |p| 0.45533 eval 0.117241
    [patch] step 4950 loss 0.001179 |p| 0.45640
    [patch] step 5000 loss 0.004342 |p| 0.45602 eval 0.117516
    [patch] step 5100 loss 0.027445 |p| 0.45645
    [patch] step 5200 loss 0.104617 |p| 0.45643 eval 0.117229
    [patch] step 5250 loss 0.001349 |p| 0.45686
    [patch] step 5400 loss 0.205967 |p| 0.45712 eval 0.116964
    [patch] step 5550 loss 0.046426 |p| 0.45732
    [patch] step 5600 loss 0.151814 |p| 0.45698 eval 0.117058
    [patch] step 5700 loss 0.012522 |p| 0.45627
    [patch] step 5800 loss 0.019201 |p| 0.45675 eval 0.117564
    [patch] step 5850 loss 0.003643 |p| 0.45706
    [patch] step 5999 loss 0.200997 |p| 0.45684 eval 0.116844
/nfs/home/nelson0314/venvs/wacv/lib/python3.11/site-packages/diffusers/image_processor.py:724: FutureWarning: Passing `image` as torch tensor with value range in [-1,1] is deprecated. The expected value range for image tensor is [0,1] when passing as pytorch tensor or numpy Array. You passed `image` with value range [-1.0,1.0]
  warnings.warn(
Loading weights:   0%|          | 0/398 [00:00<?, ?it/s]Loading weights: 100%|██████████| 398/398 [00:00<00:00, 23412.15it/s]
[transformers] Model config: bos_token_id must be `None` or an integer within the vocabulary (between 0 and 31999), got 49406. This may result in unexpected behavior.
[transformers] Model config: eos_token_id must be `None` or an integer within the vocabulary (between 0 and 31999), got 49407. This may result in unexpected behavior.
Loading weights:   0%|          | 0/408 [00:00<?, ?it/s]Loading weights:  97%|█████████▋| 396/408 [00:00<00:00, 3955.48it/s]Loading weights: 100%|██████████| 408/408 [00:00<00:00, 4014.79it/s]
task_attr_mod_color_158070       patch          r=0.0500 dists=0.0926 lpips=0.1750 effect=0.2839 (6219s)

表：runs/ip2p_patch_breadth_pretty/tile_a_task_attr_mod_color_158070/results.csv（1 列）
