Warning: You are sending unauthenticated requests to the HF Hub. Please set a HF_TOKEN to enable higher rate limits and faster downloads.
Loading pipeline components...:   0%|          | 0/6 [00:00<?, ?it/s]
Loading weights:   0%|          | 0/196 [00:00<?, ?it/s][ALoading weights: 100%|██████████| 196/196 [00:00<00:00, 4149.19it/s]
Loading pipeline components...:  33%|███▎      | 2/6 [00:00<00:00,  8.92it/s]Loading pipeline components...:  67%|██████▋   | 4/6 [00:00<00:00, 12.93it/s]Loading pipeline components...: 100%|██████████| 6/6 [00:00<00:00, 16.64it/s]
There are modules in AutoencoderKL that should be kept in float32: []. Casting directly with `to()` can lead to inconsistent results; set `torch_dtype` in `from_pretrained()` instead to keep these modules in float32.
/nfs/home/nelson0314/venvs/wacv/lib/python3.11/site-packages/torchvision/models/_utils.py:207: UserWarning: The parameter 'pretrained' is deprecated since 0.13 and may be removed in the future, please use 'weights' instead.
  warnings.warn(
/nfs/home/nelson0314/venvs/wacv/lib/python3.11/site-packages/torchvision/models/_utils.py:222: UserWarning: Arguments other than a weight enum or `None` for 'weights' are deprecated since 0.13 and may be removed in the future. The current behavior is equivalent to passing `weights=VGG16_Weights.IMAGENET1K_V1`. You can also use `weights=VGG16_Weights.DEFAULT` to get the most up-to-date weights.
  warnings.warn(msg)
IP2P 線：7 張、條件 ['phase']、steps=100 s_T=7.5 s_I=1.5 seed=20260812
/nfs/home/nelson0314/venvs/wacv/lib/python3.11/site-packages/diffusers/image_processor.py:724: FutureWarning: Passing `image` as torch tensor with value range in [-1,1] is deprecated. The expected value range for image tensor is [0,1] when passing as pytorch tensor or numpy Array. You passed `image` with value range [-1.0,1.0]
  warnings.warn(
task_attr_mod_color_11699        phase          r=1.0000 dists=0.0869 lpips=0.1273 effect=0.1644 (37s)
task_attr_mod_color_6205         phase          r=1.0000 dists=0.1241 lpips=0.1340 effect=0.2827 (37s)
task_env_weather_246440          phase          r=1.0000 dists=0.0912 lpips=0.2266 effect=0.3814 (37s)
task_obj_add_40931               phase          r=1.0000 dists=0.0967 lpips=0.3151 effect=0.2960 (37s)
task_obj_remove_257910           phase          r=1.0000 dists=0.1275 lpips=0.2746 effect=0.3000 (37s)
task_obj_swap_joint_mask_276754  phase          r=1.0000 dists=0.1319 lpips=0.3940 effect=0.1796 (37s)
task_obj_swap_rand_mask_417469   phase          r=1.0000 dists=0.0954 lpips=0.1883 effect=0.2256 (38s)

表：runs/fair0820/a2_rmin/rm06_t100_0/results.csv（7 列）
