Warning: You are sending unauthenticated requests to the HF Hub. Please set a HF_TOKEN to enable higher rate limits and faster downloads.
Loading pipeline components...:   0%|          | 0/6 [00:00<?, ?it/s]
Loading weights:   0%|          | 0/196 [00:00<?, ?it/s][ALoading weights: 100%|██████████| 196/196 [00:00<00:00, 4147.85it/s]
Loading pipeline components...:  33%|███▎      | 2/6 [00:00<00:00,  9.28it/s]Loading pipeline components...:  83%|████████▎ | 5/6 [00:00<00:00, 14.10it/s]Loading pipeline components...: 100%|██████████| 6/6 [00:00<00:00, 15.61it/s]
There are modules in AutoencoderKL that should be kept in float32: []. Casting directly with `to()` can lead to inconsistent results; set `torch_dtype` in `from_pretrained()` instead to keep these modules in float32.
/nfs/home/nelson0314/venvs/wacv/lib/python3.11/site-packages/torchvision/models/_utils.py:207: UserWarning: The parameter 'pretrained' is deprecated since 0.13 and may be removed in the future, please use 'weights' instead.
  warnings.warn(
/nfs/home/nelson0314/venvs/wacv/lib/python3.11/site-packages/torchvision/models/_utils.py:222: UserWarning: Arguments other than a weight enum or `None` for 'weights' are deprecated since 0.13 and may be removed in the future. The current behavior is equivalent to passing `weights=VGG16_Weights.IMAGENET1K_V1`. You can also use `weights=VGG16_Weights.DEFAULT` to get the most up-to-date weights.
  warnings.warn(msg)
IP2P 線：25 張、條件 ['phase']、steps=100 s_T=7.5 s_I=1.5 seed=20260812
/nfs/home/nelson0314/venvs/wacv/lib/python3.11/site-packages/diffusers/image_processor.py:724: FutureWarning: Passing `image` as torch tensor with value range in [-1,1] is deprecated. The expected value range for image tensor is [0,1] when passing as pytorch tensor or numpy Array. You passed `image` with value range [-1.0,1.0]
  warnings.warn(
task_attr_mod_color_11699        phase          r=1.0000 dists=0.0578 lpips=0.1069 effect=0.1397 (39s)
task_attr_mod_color_136767       phase          r=1.0000 dists=0.0882 lpips=0.1746 effect=0.2071 (39s)
task_attr_mod_color_184837       phase          r=1.0000 dists=0.0760 lpips=0.1673 effect=0.2602 (39s)
task_attr_mod_color_32648        phase          r=1.0000 dists=0.0705 lpips=0.1680 effect=0.1664 (39s)
task_attr_mod_color_6205         phase          r=1.0000 dists=0.1031 lpips=0.1108 effect=0.2335 (39s)
task_env_weather_112463          phase          r=1.0000 dists=0.0754 lpips=0.2010 effect=0.3063 (39s)
task_env_weather_133752          phase          r=1.0000 dists=0.0677 lpips=0.1800 effect=0.2486 (39s)
task_env_weather_181583          phase          r=1.0000 dists=0.0765 lpips=0.2081 effect=0.2394 (39s)
task_env_weather_246440          phase          r=1.0000 dists=0.0684 lpips=0.2137 effect=0.3547 (39s)
task_env_weather_63722           phase          r=1.0000 dists=0.0616 lpips=0.1540 effect=0.1947 (39s)
task_obj_add_13726               phase          r=1.0000 dists=0.0823 lpips=0.2021 effect=0.4604 (39s)
task_obj_add_340466              phase          r=1.0000 dists=0.0740 lpips=0.1106 effect=0.2195 (39s)
task_obj_add_40931               phase          r=1.0000 dists=0.0753 lpips=0.3055 effect=0.2912 (39s)
task_obj_add_581286              phase          r=1.0000 dists=0.0837 lpips=0.1357 effect=0.1635 (39s)
task_obj_add_692065              phase          r=1.0000 dists=0.0514 lpips=0.1289 effect=0.1761 (39s)
task_obj_remove_10197            phase          r=1.0000 dists=0.0632 lpips=0.2508 effect=0.4301 (39s)
task_obj_remove_257910           phase          r=1.0000 dists=0.0880 lpips=0.2354 effect=0.2569 (39s)
task_obj_remove_380621           phase          r=1.0000 dists=0.0858 lpips=0.2317 effect=0.3136 (39s)
task_obj_remove_509477           phase          r=1.0000 dists=0.0741 lpips=0.2224 effect=0.2549 (39s)
task_obj_remove_657585           phase          r=1.0000 dists=0.0749 lpips=0.1304 effect=0.2982 (39s)
task_obj_swap_joint_mask_276754  phase          r=1.0000 dists=0.1006 lpips=0.3907 effect=0.1838 (39s)
task_obj_swap_joint_mask_533428  phase          r=1.0000 dists=0.0659 lpips=0.2279 effect=0.3063 (39s)
/nfs/home/nelson0314/venvs/wacv/lib/python3.11/site-packages/diffusers/image_processor.py:724: FutureWarning: Passing `image` as torch tensor with value range in [-1,1] is deprecated. The expected value range for image tensor is [0,1] when passing as pytorch tensor or numpy Array. You passed `image` with value range [-0.9686274528503418,1.0]
  warnings.warn(
task_obj_swap_joint_mask_75733   phase          r=1.0000 dists=0.1330 lpips=0.3122 effect=0.3751 (39s)
task_obj_swap_rand_mask_298147   phase          r=1.0000 dists=0.0984 lpips=0.3171 effect=0.4466 (39s)
task_obj_swap_rand_mask_417469   phase          r=1.0000 dists=0.0587 lpips=0.1789 effect=0.2046 (39s)

表：runs/fair0820/a2_rmin/rm08_t100/results.csv（25 列）
