[env] 載入 SDXLWrapper(stabilityai/stable-diffusion-xl-base-1.0) dtype=torch.bfloat16
Warning: You are sending unauthenticated requests to the HF Hub. Please set a HF_TOKEN to enable higher rate limits and faster downloads.
Loading pipeline components...:   0%|          | 0/7 [00:00<?, ?it/s]
Loading weights:   0%|          | 0/517 [00:00<?, ?it/s][A
Loading weights:  34%|███▍      | 178/517 [00:00<00:00, 1776.21it/s][A
Loading weights:  69%|██████▉   | 356/517 [00:00<00:00, 1769.01it/s][ALoading weights: 100%|██████████| 517/517 [00:00<00:00, 1753.69it/s]
Loading pipeline components...:  14%|█▍        | 1/7 [00:00<00:03,  1.84it/s]
Loading weights:   0%|          | 0/196 [00:00<?, ?it/s][ALoading weights: 100%|██████████| 196/196 [00:00<00:00, 2673.33it/s]
Loading pipeline components...:  43%|████▎     | 3/7 [00:00<00:00,  4.92it/s]Loading pipeline components...:  71%|███████▏  | 5/7 [00:00<00:00,  6.28it/s]Loading pipeline components...:  86%|████████▌ | 6/7 [00:02<00:00,  2.29it/s]Loading pipeline components...: 100%|██████████| 7/7 [00:02<00:00,  3.18it/s]
There are modules in UNet2DConditionModel that should be kept in float32: []. Casting directly with `to()` can lead to inconsistent results; set `torch_dtype` in `from_pretrained()` instead to keep these modules in float32.
There are modules in AutoencoderKL that should be kept in float32: []. Casting directly with `to()` can lead to inconsistent results; set `torch_dtype` in `from_pretrained()` instead to keep these modules in float32.
/nfs/home/nelson0314/venvs/wacv/lib/python3.11/site-packages/torchvision/models/_utils.py:207: UserWarning: The parameter 'pretrained' is deprecated since 0.13 and may be removed in the future, please use 'weights' instead.
  warnings.warn(
/nfs/home/nelson0314/venvs/wacv/lib/python3.11/site-packages/torchvision/models/_utils.py:222: UserWarning: Arguments other than a weight enum or `None` for 'weights' are deprecated since 0.13 and may be removed in the future. The current behavior is equivalent to passing `weights=VGG16_Weights.IMAGENET1K_V1`. You can also use `weights=VGG16_Weights.DEFAULT` to get the most up-to-date weights.
  warnings.warn(msg)
[env] 影像 1 張：['bird_03']

[preflight] 以下事項會影響本批的結果，請先處理：
  - tau_acut 仍為 0.04，那是在 τ_lpips=0.05 的量級上由人眼判讀定出的絕對值；本輪訓練在 τ=0.2。需重新判讀後以 --tau-acut 指定（objective.py「門檻的適用範圍」）
  - tau_chroma 仍為 0.8，同上，需重新判讀

[W807 09:46:43.514323030 CUDACachingAllocator.cpp:508] expandable_segments: memory mapping failed with OOM on device 0 while trying to map 20971520 bytes (free: 17825792, total: 25296044032).
[W807 09:46:43.518067251 CUDACachingAllocator.cpp:508] expandable_segments: memory mapping failed with OOM on device 0 while trying to map 20971520 bytes (free: 17825792, total: 25296044032).
  [fail] train/mist/bird_03

[train] done=0 failed=1 skipped=0 resumed=0
[exit 1]
