Warning: You are sending unauthenticated requests to the HF Hub. Please set a HF_TOKEN to enable higher rate limits and faster downloads.
Loading pipeline components...:   0%|          | 0/6 [00:00<?, ?it/s]
Loading weights:   0%|          | 0/196 [00:00<?, ?it/s][ALoading weights: 100%|██████████| 196/196 [00:00<00:00, 3651.94it/s]
Loading pipeline components...:  50%|█████     | 3/6 [00:00<00:00, 14.31it/s]Loading pipeline components...:  83%|████████▎ | 5/6 [00:00<00:00, 12.84it/s]Loading pipeline components...: 100%|██████████| 6/6 [00:00<00:00, 15.36it/s]
There are modules in AutoencoderKL that should be kept in float32: []. Casting directly with `to()` can lead to inconsistent results; set `torch_dtype` in `from_pretrained()` instead to keep these modules in float32.
/nfs/home/nelson0314/venvs/wacv/lib/python3.11/site-packages/torchvision/models/_utils.py:207: UserWarning: The parameter 'pretrained' is deprecated since 0.13 and may be removed in the future, please use 'weights' instead.
  warnings.warn(
/nfs/home/nelson0314/venvs/wacv/lib/python3.11/site-packages/torchvision/models/_utils.py:222: UserWarning: Arguments other than a weight enum or `None` for 'weights' are deprecated since 0.13 and may be removed in the future. The current behavior is equivalent to passing `weights=VGG16_Weights.IMAGENET1K_V1`. You can also use `weights=VGG16_Weights.DEFAULT` to get the most up-to-date weights.
  warnings.warn(msg)
IP2P 線：13 張、條件 ['phase_gain']、steps=100 s_T=7.5 s_I=1.5 seed=20260812
/nfs/home/nelson0314/venvs/wacv/lib/python3.11/site-packages/diffusers/image_processor.py:724: FutureWarning: Passing `image` as torch tensor with value range in [-1,1] is deprecated. The expected value range for image tensor is [0,1] when passing as pytorch tensor or numpy Array. You passed `image` with value range [-1.0,1.0]
  warnings.warn(
Loading weights:   0%|          | 0/398 [00:00<?, ?it/s]Loading weights: 100%|██████████| 398/398 [00:00<00:00, 12756.05it/s]
[transformers] Model config: bos_token_id must be `None` or an integer within the vocabulary (between 0 and 31999), got 49406. This may result in unexpected behavior.
[transformers] Model config: eos_token_id must be `None` or an integer within the vocabulary (between 0 and 31999), got 49407. This may result in unexpected behavior.
Loading weights:   0%|          | 0/408 [00:00<?, ?it/s]Loading weights:  86%|████████▋ | 352/408 [00:00<00:00, 3512.96it/s]Loading weights: 100%|██████████| 408/408 [00:00<00:00, 3363.61it/s]
task_attr_mod_color_11699        phase_gain     r=8.0000 dists=0.1174 lpips=0.4583 effect=0.5860 (180s)
task_attr_mod_color_136767       phase_gain     r=8.0000 dists=0.2202 lpips=0.5289 effect=0.6402 (171s)
task_attr_mod_color_184837       phase_gain     r=8.0000 dists=0.2429 lpips=0.5667 effect=0.7845 (171s)
task_attr_mod_color_32648        phase_gain     r=8.0000 dists=0.1409 lpips=0.5313 effect=0.4500 (171s)
task_attr_mod_color_6205         phase_gain     r=8.0000 dists=0.1702 lpips=0.4825 effect=0.6309 (171s)
task_env_weather_112463          phase_gain     r=8.0000 dists=0.0902 lpips=0.5710 effect=0.8221 (171s)
task_env_weather_246440          phase_gain     r=8.0000 dists=0.2057 lpips=0.5464 effect=0.6355 (171s)
task_env_weather_63722           phase_gain     r=8.0000 dists=0.1225 lpips=0.5266 effect=0.6500 (171s)
task_obj_add_40931               phase_gain     r=8.0000 dists=0.1927 lpips=0.5691 effect=0.6941 (171s)
task_obj_remove_380621           phase_gain     r=8.0000 dists=0.1279 lpips=0.5025 effect=0.7407 (171s)
task_obj_swap_joint_mask_276754  phase_gain     r=8.0000 dists=0.2716 lpips=0.5342 effect=0.6346 (170s)
task_obj_swap_joint_mask_533428  phase_gain     r=8.0000 dists=0.1989 lpips=0.5876 effect=0.6305 (170s)
task_obj_swap_rand_mask_417469   phase_gain     r=8.0000 dists=0.1535 lpips=0.5668 effect=0.7622 (170s)

表：runs/ip2p_weight_plus_loss/wl_r80/results.csv（13 列）
