Loading pipeline components...:   0%|          | 0/6 [00:00<?, ?it/s]
Loading weights:   0%|          | 0/196 [00:00<?, ?it/s][ALoading weights: 100%|██████████| 196/196 [00:00<00:00, 2929.90it/s]
Loading pipeline components...:  17%|█▋        | 1/6 [00:00<00:01,  3.39it/s]Loading pipeline components...:  33%|███▎      | 2/6 [00:01<00:03,  1.05it/s]Loading pipeline components...:  67%|██████▋   | 4/6 [00:02<00:00,  2.21it/s]Loading pipeline components...:  83%|████████▎ | 5/6 [00:06<00:01,  1.73s/it]Loading pipeline components...: 100%|██████████| 6/6 [00:06<00:00,  1.10s/it]
There are modules in AutoencoderKL that should be kept in float32: []. Casting directly with `to()` can lead to inconsistent results; set `torch_dtype` in `from_pretrained()` instead to keep these modules in float32.
/nfs/home/nelson0314/venvs/wacv/lib/python3.11/site-packages/torchvision/models/_utils.py:207: UserWarning: The parameter 'pretrained' is deprecated since 0.13 and may be removed in the future, please use 'weights' instead.
  warnings.warn(
/nfs/home/nelson0314/venvs/wacv/lib/python3.11/site-packages/torchvision/models/_utils.py:222: UserWarning: Arguments other than a weight enum or `None` for 'weights' are deprecated since 0.13 and may be removed in the future. The current behavior is equivalent to passing `weights=VGG16_Weights.IMAGENET1K_V1`. You can also use `weights=VGG16_Weights.DEFAULT` to get the most up-to-date weights.
  warnings.warn(msg)
分片 4/5：5 格 × 3 種子 × 2 臂 × 1 淨化
Warning: You are sending unauthenticated requests to the HF Hub. Please set a HF_TOKEN to enable higher rate limits and faster downloads.
Loading weights:   0%|          | 0/380 [00:00<?, ?it/s]Loading weights:  88%|████████▊ | 336/380 [00:00<00:00, 3337.04it/s]Loading weights: 100%|██████████| 380/380 [00:00<00:00, 3183.23it/s]
/nfs/home/nelson0314/venvs/wacv/lib/python3.11/site-packages/diffusers/image_processor.py:724: FutureWarning: Passing `image` as torch tensor with value range in [-1,1] is deprecated. The expected value range for image tensor is [0,1] when passing as pytorch tensor or numpy Array. You passed `image` with value range [-1.0,1.0]
  warnings.warn(
Loading weights:   0%|          | 0/398 [00:00<?, ?it/s]Loading weights: 100%|██████████| 398/398 [00:00<00:00, 9215.25it/s]
[transformers] Model config: bos_token_id must be `None` or an integer within the vocabulary (between 0 and 31999), got 49406. This may result in unexpected behavior.
[transformers] Model config: eos_token_id must be `None` or an integer within the vocabulary (between 0 and 31999), got 49407. This may result in unexpected behavior.
Loading weights:   0%|          | 0/408 [00:00<?, ?it/s]Loading weights:  67%|██████▋   | 275/408 [00:00<00:00, 2734.77it/s]Loading weights: 100%|██████████| 408/408 [00:00<00:00, 2757.46it/s]
/nfs/home/nelson0314/venvs/wacv/lib/python3.11/site-packages/diffusers/image_processor.py:724: FutureWarning: Passing `image` as torch tensor with value range in [-1,1] is deprecated. The expected value range for image tensor is [0,1] when passing as pytorch tensor or numpy Array. You passed `image` with value range [-1.0,1.0]
  warnings.warn(
  task_attr_mod_color_123744 · glasses  50.3s
  task_env_weather_114555 · glasses  33.5s
  task_env_weather_126577 · glasses  33.3s
  task_env_weather_195273 · glasses  33.0s
  task_obj_remove_509477 · glasses  33.7s
寫出 runs/field_screen/flow_08/shard4/evaluate_shard4of5.csv（30 列）
