Warning: You are sending unauthenticated requests to the HF Hub. Please set a HF_TOKEN to enable higher rate limits and faster downloads.
Loading pipeline components...:   0%|          | 0/6 [00:00<?, ?it/s]Loading pipeline components...:  17%|█▋        | 1/6 [00:07<00:38,  7.63s/it]Loading pipeline components...:  33%|███▎      | 2/6 [00:08<00:15,  3.80s/it]
Loading weights:   0%|          | 0/196 [00:00<?, ?it/s][ALoading weights: 100%|██████████| 196/196 [00:00<00:00, 2303.86it/s]
Loading pipeline components...:  50%|█████     | 3/6 [00:09<00:06,  2.21s/it]Loading pipeline components...:  67%|██████▋   | 4/6 [00:09<00:02,  1.38s/it]Loading pipeline components...: 100%|██████████| 6/6 [00:09<00:00,  1.53s/it]
There are modules in AutoencoderKL that should be kept in float32: []. Casting directly with `to()` can lead to inconsistent results; set `torch_dtype` in `from_pretrained()` instead to keep these modules in float32.
/nfs/home/nelson0314/venvs/wacv/lib/python3.11/site-packages/torchvision/models/_utils.py:207: UserWarning: The parameter 'pretrained' is deprecated since 0.13 and may be removed in the future, please use 'weights' instead.
  warnings.warn(
/nfs/home/nelson0314/venvs/wacv/lib/python3.11/site-packages/torchvision/models/_utils.py:222: UserWarning: Arguments other than a weight enum or `None` for 'weights' are deprecated since 0.13 and may be removed in the future. The current behavior is equivalent to passing `weights=VGG16_Weights.IMAGENET1K_V1`. You can also use `weights=VGG16_Weights.DEFAULT` to get the most up-to-date weights.
  warnings.warn(msg)
分片 3/5：5 格 × 3 種子 × 2 臂 × 1 淨化
Loading weights:   0%|          | 0/380 [00:00<?, ?it/s]Loading weights:  85%|████████▌ | 324/380 [00:00<00:00, 3234.34it/s]Loading weights: 100%|██████████| 380/380 [00:00<00:00, 3236.27it/s]
/nfs/home/nelson0314/venvs/wacv/lib/python3.11/site-packages/diffusers/image_processor.py:724: FutureWarning: Passing `image` as torch tensor with value range in [-1,1] is deprecated. The expected value range for image tensor is [0,1] when passing as pytorch tensor or numpy Array. You passed `image` with value range [-1.0,1.0]
  warnings.warn(
Loading weights:   0%|          | 0/398 [00:00<?, ?it/s]Loading weights: 100%|██████████| 398/398 [00:00<00:00, 10763.29it/s]
[transformers] Model config: bos_token_id must be `None` or an integer within the vocabulary (between 0 and 31999), got 49406. This may result in unexpected behavior.
[transformers] Model config: eos_token_id must be `None` or an integer within the vocabulary (between 0 and 31999), got 49407. This may result in unexpected behavior.
Loading weights:   0%|          | 0/408 [00:00<?, ?it/s]Loading weights:  74%|███████▍  | 303/408 [00:00<00:00, 3017.26it/s]Loading weights: 100%|██████████| 408/408 [00:00<00:00, 2931.67it/s]
/nfs/home/nelson0314/venvs/wacv/lib/python3.11/site-packages/diffusers/image_processor.py:724: FutureWarning: Passing `image` as torch tensor with value range in [-1,1] is deprecated. The expected value range for image tensor is [0,1] when passing as pytorch tensor or numpy Array. You passed `image` with value range [-1.0,1.0]
  warnings.warn(
  task_attr_mod_color_123744 · background  50.1s
  task_env_weather_114555 · background  33.0s
  task_env_weather_126577 · background  33.2s
  task_env_weather_195273 · background  33.4s
  task_obj_remove_509477 · background  34.3s
寫出 runs/field_screen/flow_04/shard3/evaluate_shard3of5.csv（30 列）
