Warning: You are sending unauthenticated requests to the HF Hub. Please set a HF_TOKEN to enable higher rate limits and faster downloads.
Loading pipeline components...:   0%|          | 0/6 [00:00<?, ?it/s]Loading pipeline components...:  17%|█▋        | 1/6 [00:00<00:00,  8.63it/s]
Loading weights:   0%|          | 0/196 [00:00<?, ?it/s][ALoading weights: 100%|██████████| 196/196 [00:00<00:00, 3276.59it/s]
Loading pipeline components...:  33%|███▎      | 2/6 [00:00<00:00,  6.79it/s]Loading pipeline components...: 100%|██████████| 6/6 [00:00<00:00, 18.06it/s]Loading pipeline components...: 100%|██████████| 6/6 [00:00<00:00, 15.09it/s]
There are modules in AutoencoderKL that should be kept in float32: []. Casting directly with `to()` can lead to inconsistent results; set `torch_dtype` in `from_pretrained()` instead to keep these modules in float32.
/nfs/home/nelson0314/venvs/wacv/lib/python3.11/site-packages/torchvision/models/_utils.py:207: UserWarning: The parameter 'pretrained' is deprecated since 0.13 and may be removed in the future, please use 'weights' instead.
  warnings.warn(
/nfs/home/nelson0314/venvs/wacv/lib/python3.11/site-packages/torchvision/models/_utils.py:222: UserWarning: Arguments other than a weight enum or `None` for 'weights' are deprecated since 0.13 and may be removed in the future. The current behavior is equivalent to passing `weights=VGG16_Weights.IMAGENET1K_V1`. You can also use `weights=VGG16_Weights.DEFAULT` to get the most up-to-date weights.
  warnings.warn(msg)
IP2P 線：25 張、條件 ['add']、steps=100 s_T=7.5 s_I=1.5 seed=20260812
/nfs/home/nelson0314/venvs/wacv/lib/python3.11/site-packages/diffusers/image_processor.py:724: FutureWarning: Passing `image` as torch tensor with value range in [-1,1] is deprecated. The expected value range for image tensor is [0,1] when passing as pytorch tensor or numpy Array. You passed `image` with value range [-1.0,1.0]
  warnings.warn(
task_attr_mod_color_11699        add            r=0.0400 dists=0.0801 lpips=0.4312 effect=0.3500 (37s)
task_attr_mod_color_136767       add            r=0.0400 dists=0.0695 lpips=0.4166 effect=0.4061 (38s)
task_attr_mod_color_184837       add            r=0.0400 dists=0.0848 lpips=0.3151 effect=0.3964 (38s)
task_attr_mod_color_32648        add            r=0.0400 dists=0.1336 lpips=0.5995 effect=0.4250 (38s)
task_attr_mod_color_6205         add            r=0.0400 dists=0.0948 lpips=0.4507 effect=0.5086 (38s)
task_env_weather_112463          add            r=0.0400 dists=0.0587 lpips=0.5256 effect=0.6419 (38s)
task_env_weather_133752          add            r=0.0400 dists=0.0971 lpips=0.5316 effect=0.6046 (38s)
task_env_weather_181583          add            r=0.0400 dists=0.0649 lpips=0.4847 effect=0.7296 (38s)
task_env_weather_246440          add            r=0.0400 dists=0.0378 lpips=0.2953 effect=0.4436 (38s)
task_env_weather_63722           add            r=0.0400 dists=0.0797 lpips=0.4387 effect=0.4190 (38s)
task_obj_add_13726               add            r=0.0400 dists=0.0665 lpips=0.3935 effect=0.4076 (38s)
task_obj_add_340466              add            r=0.0400 dists=0.1018 lpips=0.4551 effect=0.4963 (38s)
task_obj_add_40931               add            r=0.0400 dists=0.0943 lpips=0.4676 effect=0.4401 (38s)
task_obj_add_581286              add            r=0.0400 dists=0.0932 lpips=0.5376 effect=0.6742 (38s)
task_obj_add_692065              add            r=0.0400 dists=0.0454 lpips=0.3700 effect=0.3102 (38s)
task_obj_remove_10197            add            r=0.0400 dists=0.0706 lpips=0.3812 effect=0.4620 (38s)
task_obj_remove_257910           add            r=0.0400 dists=0.0853 lpips=0.5087 effect=0.6167 (38s)
task_obj_remove_380621           add            r=0.0400 dists=0.1248 lpips=0.4989 effect=0.7263 (38s)
task_obj_remove_509477           add            r=0.0400 dists=0.0380 lpips=0.3524 effect=0.3305 (38s)
task_obj_remove_657585           add            r=0.0400 dists=0.1016 lpips=0.5599 effect=0.8027 (38s)
task_obj_swap_joint_mask_276754  add            r=0.0400 dists=0.0935 lpips=0.4655 effect=0.4238 (38s)
task_obj_swap_joint_mask_533428  add            r=0.0400 dists=0.0506 lpips=0.4005 effect=0.4361 (38s)
/nfs/home/nelson0314/venvs/wacv/lib/python3.11/site-packages/diffusers/image_processor.py:724: FutureWarning: Passing `image` as torch tensor with value range in [-1,1] is deprecated. The expected value range for image tensor is [0,1] when passing as pytorch tensor or numpy Array. You passed `image` with value range [-0.9686274528503418,1.0]
  warnings.warn(
task_obj_swap_joint_mask_75733   add            r=0.0400 dists=0.0809 lpips=0.5340 effect=0.5045 (38s)
task_obj_swap_rand_mask_298147   add            r=0.0400 dists=0.0769 lpips=0.3912 effect=0.5906 (38s)
task_obj_swap_rand_mask_417469   add            r=0.0400 dists=0.0654 lpips=0.4336 effect=0.4552 (38s)

表：runs/ip2p_parameterization_control/add_et_e04/results.csv（25 列）
