Loading pipeline components...:   0%|          | 0/6 [00:00<?, ?it/s]Loading pipeline components...:  17%|█▋        | 1/6 [00:00<00:00,  8.61it/s]
Loading weights:   0%|          | 0/196 [00:00<?, ?it/s][ALoading weights: 100%|██████████| 196/196 [00:00<00:00, 4066.50it/s]
Loading pipeline components...:  83%|████████▎ | 5/6 [00:00<00:00, 15.48it/s]Loading pipeline components...: 100%|██████████| 6/6 [00:00<00:00, 15.78it/s]
There are modules in AutoencoderKL that should be kept in float32: []. Casting directly with `to()` can lead to inconsistent results; set `torch_dtype` in `from_pretrained()` instead to keep these modules in float32.
/nfs/home/nelson0314/venvs/wacv/lib/python3.11/site-packages/torchvision/models/_utils.py:207: UserWarning: The parameter 'pretrained' is deprecated since 0.13 and may be removed in the future, please use 'weights' instead.
  warnings.warn(
/nfs/home/nelson0314/venvs/wacv/lib/python3.11/site-packages/torchvision/models/_utils.py:222: UserWarning: Arguments other than a weight enum or `None` for 'weights' are deprecated since 0.13 and may be removed in the future. The current behavior is equivalent to passing `weights=VGG16_Weights.IMAGENET1K_V1`. You can also use `weights=VGG16_Weights.DEFAULT` to get the most up-to-date weights.
  warnings.warn(msg)
IP2P 線：13 張、條件 ['phase']、steps=100 s_T=7.5 s_I=1.5 seed=20260812
/nfs/home/nelson0314/venvs/wacv/lib/python3.11/site-packages/diffusers/image_processor.py:724: FutureWarning: Passing `image` as torch tensor with value range in [-1,1] is deprecated. The expected value range for image tensor is [0,1] when passing as pytorch tensor or numpy Array. You passed `image` with value range [-0.9921568632125854,1.0]
  warnings.warn(
/nfs/home/nelson0314/venvs/wacv/lib/python3.11/site-packages/diffusers/image_processor.py:724: FutureWarning: Passing `image` as torch tensor with value range in [-1,1] is deprecated. The expected value range for image tensor is [0,1] when passing as pytorch tensor or numpy Array. You passed `image` with value range [-1.0,1.0]
  warnings.warn(
task_attr_mod_color_121425       phase          r=1.3000 dists=0.0183 lpips=0.0230 effect=0.0259 (125s)
task_attr_mod_color_202962       phase          r=1.3000 dists=0.0559 lpips=0.1172 effect=0.1159 (124s)
task_attr_mod_color_71564        phase          r=1.3000 dists=0.0700 lpips=0.2161 effect=0.2548 (124s)
task_env_weather_137030          phase          r=1.3000 dists=0.0642 lpips=0.1894 effect=0.3789 (124s)
task_env_weather_262001          phase          r=1.3000 dists=0.0628 lpips=0.2596 effect=0.3248 (124s)
task_obj_add_161232              phase          r=1.3000 dists=0.0413 lpips=0.1281 effect=0.2256 (124s)
/nfs/home/nelson0314/venvs/wacv/lib/python3.11/site-packages/diffusers/image_processor.py:724: FutureWarning: Passing `image` as torch tensor with value range in [-1,1] is deprecated. The expected value range for image tensor is [0,1] when passing as pytorch tensor or numpy Array. You passed `image` with value range [-1.0,0.9137254953384399]
  warnings.warn(
/nfs/home/nelson0314/venvs/wacv/lib/python3.11/site-packages/diffusers/image_processor.py:724: FutureWarning: Passing `image` as torch tensor with value range in [-1,1] is deprecated. The expected value range for image tensor is [0,1] when passing as pytorch tensor or numpy Array. You passed `image` with value range [-1.0,0.9807318449020386]
  warnings.warn(
task_obj_add_441549              phase          r=1.3000 dists=0.0769 lpips=0.1897 effect=0.2131 (125s)
task_obj_add_697862              phase          r=1.3000 dists=0.0652 lpips=0.2134 effect=0.6993 (124s)
task_obj_remove_271889           phase          r=1.3000 dists=0.0486 lpips=0.1203 effect=0.3107 (124s)
task_obj_remove_560476           phase          r=1.3000 dists=0.0720 lpips=0.1441 effect=0.8776 (124s)
task_obj_swap_joint_mask_310537  phase          r=1.3000 dists=0.0228 lpips=0.1966 effect=0.2285 (124s)
task_obj_swap_joint_mask_890199  phase          r=1.3000 dists=0.0436 lpips=0.1361 effect=0.1568 (124s)
task_obj_swap_rand_mask_598617   phase          r=1.3000 dists=0.0627 lpips=0.2099 effect=0.3108 (124s)

表：runs/m0820/phase_t1.30_1/results.csv（13 列）
