Loading pipeline components...:   0%|          | 0/6 [00:00<?, ?it/s]Loading pipeline components...:  50%|█████     | 3/6 [00:00<00:00, 21.45it/s]
Loading weights:   0%|          | 0/196 [00:00<?, ?it/s][ALoading weights: 100%|██████████| 196/196 [00:00<00:00, 3394.78it/s]
Loading pipeline components...: 100%|██████████| 6/6 [00:00<00:00, 14.88it/s]Loading pipeline components...: 100%|██████████| 6/6 [00:00<00:00, 15.59it/s]
There are modules in AutoencoderKL that should be kept in float32: []. Casting directly with `to()` can lead to inconsistent results; set `torch_dtype` in `from_pretrained()` instead to keep these modules in float32.
/nfs/home/nelson0314/venvs/wacv/lib/python3.11/site-packages/torchvision/models/_utils.py:207: UserWarning: The parameter 'pretrained' is deprecated since 0.13 and may be removed in the future, please use 'weights' instead.
  warnings.warn(
/nfs/home/nelson0314/venvs/wacv/lib/python3.11/site-packages/torchvision/models/_utils.py:222: UserWarning: Arguments other than a weight enum or `None` for 'weights' are deprecated since 0.13 and may be removed in the future. The current behavior is equivalent to passing `weights=VGG16_Weights.IMAGENET1K_V1`. You can also use `weights=VGG16_Weights.DEFAULT` to get the most up-to-date weights.
  warnings.warn(msg)
IP2P 線：13 張、條件 ['phase']、steps=100 s_T=7.5 s_I=1.5 seed=20260812
/nfs/home/nelson0314/venvs/wacv/lib/python3.11/site-packages/diffusers/image_processor.py:724: FutureWarning: Passing `image` as torch tensor with value range in [-1,1] is deprecated. The expected value range for image tensor is [0,1] when passing as pytorch tensor or numpy Array. You passed `image` with value range [-1.0,1.0]
  warnings.warn(
task_attr_mod_color_11699        phase          r=1.3000 dists=0.0344 lpips=0.1074 effect=0.1349 (124s)
task_attr_mod_color_184837       phase          r=1.3000 dists=0.0817 lpips=0.1975 effect=0.2753 (123s)
task_attr_mod_color_6205         phase          r=1.3000 dists=0.0750 lpips=0.1109 effect=0.2321 (124s)
task_env_weather_133752          phase          r=1.3000 dists=0.0300 lpips=0.1835 effect=0.2316 (123s)
task_env_weather_246440          phase          r=1.3000 dists=0.0711 lpips=0.2404 effect=0.3588 (123s)
task_obj_add_13726               phase          r=1.3000 dists=0.0748 lpips=0.2283 effect=0.3141 (123s)
task_obj_add_40931               phase          r=1.3000 dists=0.0598 lpips=0.3361 effect=0.3147 (124s)
task_obj_add_692065              phase          r=1.3000 dists=0.0469 lpips=0.1458 effect=0.1897 (123s)
task_obj_remove_257910           phase          r=1.3000 dists=0.0368 lpips=0.2066 effect=0.2008 (124s)
task_obj_remove_509477           phase          r=1.3000 dists=0.0585 lpips=0.2451 effect=0.2593 (123s)
task_obj_swap_joint_mask_276754  phase          r=1.3000 dists=0.0947 lpips=0.4102 effect=0.1879 (123s)
/nfs/home/nelson0314/venvs/wacv/lib/python3.11/site-packages/diffusers/image_processor.py:724: FutureWarning: Passing `image` as torch tensor with value range in [-1,1] is deprecated. The expected value range for image tensor is [0,1] when passing as pytorch tensor or numpy Array. You passed `image` with value range [-0.9686274528503418,1.0]
  warnings.warn(
task_obj_swap_joint_mask_75733   phase          r=1.3000 dists=0.0639 lpips=0.2674 effect=0.3469 (123s)
task_obj_swap_rand_mask_417469   phase          r=1.3000 dists=0.0430 lpips=0.1995 effect=0.2375 (122s)

表：runs/m0820/phase_t1.30_0/results.csv（13 列）
