Warning: You are sending unauthenticated requests to the HF Hub. Please set a HF_TOKEN to enable higher rate limits and faster downloads.
Loading pipeline components...:   0%|          | 0/6 [00:00<?, ?it/s]
Loading weights:   0%|          | 0/196 [00:00<?, ?it/s][ALoading weights: 100%|██████████| 196/196 [00:00<00:00, 4198.85it/s]
Loading pipeline components...:  50%|█████     | 3/6 [00:00<00:00, 13.09it/s]Loading pipeline components...: 100%|██████████| 6/6 [00:00<00:00, 17.70it/s]Loading pipeline components...: 100%|██████████| 6/6 [00:00<00:00, 16.80it/s]
There are modules in AutoencoderKL that should be kept in float32: []. Casting directly with `to()` can lead to inconsistent results; set `torch_dtype` in `from_pretrained()` instead to keep these modules in float32.
/nfs/home/nelson0314/venvs/wacv/lib/python3.11/site-packages/torchvision/models/_utils.py:207: UserWarning: The parameter 'pretrained' is deprecated since 0.13 and may be removed in the future, please use 'weights' instead.
  warnings.warn(
/nfs/home/nelson0314/venvs/wacv/lib/python3.11/site-packages/torchvision/models/_utils.py:222: UserWarning: Arguments other than a weight enum or `None` for 'weights' are deprecated since 0.13 and may be removed in the future. The current behavior is equivalent to passing `weights=VGG16_Weights.IMAGENET1K_V1`. You can also use `weights=VGG16_Weights.DEFAULT` to get the most up-to-date weights.
  warnings.warn(msg)
IP2P 線：9 張、條件 ['dct_wm']、steps=100 s_T=7.5 s_I=1.5 seed=20260812
/nfs/home/nelson0314/venvs/wacv/lib/python3.11/site-packages/diffusers/image_processor.py:724: FutureWarning: Passing `image` as torch tensor with value range in [-1,1] is deprecated. The expected value range for image tensor is [0,1] when passing as pytorch tensor or numpy Array. You passed `image` with value range [-1.0,1.0]
  warnings.warn(
task_attr_mod_color_11699        dct_wm         r=2.0000 dists=0.0505 lpips=0.3308 effect=0.2887 (67s)
task_attr_mod_color_32648        dct_wm         r=2.0000 dists=0.1051 lpips=0.4654 effect=0.4519 (68s)
task_env_weather_133752          dct_wm         r=2.0000 dists=0.0653 lpips=0.3240 effect=0.3782 (68s)
task_env_weather_63722           dct_wm         r=2.0000 dists=0.0539 lpips=0.3154 effect=0.3087 (68s)
task_obj_add_40931               dct_wm         r=2.0000 dists=0.0555 lpips=0.2534 effect=0.2842 (69s)
task_obj_remove_10197            dct_wm         r=2.0000 dists=0.0403 lpips=0.2486 effect=0.3742 (68s)
task_obj_remove_509477           dct_wm         r=2.0000 dists=0.0186 lpips=0.1760 effect=0.1984 (69s)
task_obj_swap_joint_mask_533428  dct_wm         r=2.0000 dists=0.0390 lpips=0.2280 effect=0.3153 (69s)
task_obj_swap_rand_mask_417469   dct_wm         r=2.0000 dists=0.0393 lpips=0.2780 effect=0.2949 (68s)

表：runs/fair0820/b1_wm/k32_0/results.csv（9 列）
