Warning: You are sending unauthenticated requests to the HF Hub. Please set a HF_TOKEN to enable higher rate limits and faster downloads.
Loading pipeline components...:   0%|          | 0/6 [00:00<?, ?it/s]Loading pipeline components...:  33%|███▎      | 2/6 [00:00<00:00, 15.43it/s]
Loading weights:   0%|          | 0/196 [00:00<?, ?it/s][ALoading weights: 100%|██████████| 196/196 [00:00<00:00, 3520.91it/s]
Loading pipeline components...:  67%|██████▋   | 4/6 [00:00<00:00,  6.99it/s]Loading pipeline components...: 100%|██████████| 6/6 [00:00<00:00,  9.90it/s]
There are modules in AutoencoderKL that should be kept in float32: []. Casting directly with `to()` can lead to inconsistent results; set `torch_dtype` in `from_pretrained()` instead to keep these modules in float32.
/nfs/home/nelson0314/venvs/wacv/lib/python3.11/site-packages/torchvision/models/_utils.py:207: UserWarning: The parameter 'pretrained' is deprecated since 0.13 and may be removed in the future, please use 'weights' instead.
  warnings.warn(
/nfs/home/nelson0314/venvs/wacv/lib/python3.11/site-packages/torchvision/models/_utils.py:222: UserWarning: Arguments other than a weight enum or `None` for 'weights' are deprecated since 0.13 and may be removed in the future. The current behavior is equivalent to passing `weights=VGG16_Weights.IMAGENET1K_V1`. You can also use `weights=VGG16_Weights.DEFAULT` to get the most up-to-date weights.
  warnings.warn(msg)
IP2P 線：1 張、條件 ['patch']、steps=100 s_T=7.5 s_I=1.5 seed=20260812
/nfs/home/nelson0314/venvs/wacv/lib/python3.11/site-packages/diffusers/image_processor.py:724: FutureWarning: Passing `image` as torch tensor with value range in [-1,1] is deprecated. The expected value range for image tensor is [0,1] when passing as pytorch tensor or numpy Array. You passed `image` with value range [-1.0,1.0]
  warnings.warn(
Loading weights:   0%|          | 0/380 [00:00<?, ?it/s]Loading weights: 100%|██████████| 380/380 [00:00<00:00, 5980.22it/s]
    [patch] step    0 loss 0.562669 |p| 0.46371 eval 0.221161
    [patch] step  150 loss 0.001509 |p| 0.46322
    [patch] step  200 loss 0.063051 |p| 0.46298 eval 0.081491
    [patch] step  300 loss 0.001226 |p| 0.46267
    [patch] step  400 loss 0.069521 |p| 0.46238 eval 0.075197
    [patch] step  450 loss 0.160964 |p| 0.46226
    [patch] step  600 loss 0.065745 |p| 0.46216 eval 0.072938
    [patch] step  750 loss 0.002748 |p| 0.46192
    [patch] step  800 loss 0.077395 |p| 0.46191 eval 0.070444
    [patch] step  900 loss 0.000680 |p| 0.46191
    [patch] step 1000 loss 0.007595 |p| 0.46198 eval 0.072053
    [patch] step 1050 loss 0.038392 |p| 0.46196
    [patch] step 1200 loss 0.101860 |p| 0.46208 eval 0.068759
    [patch] step 1350 loss 0.001089 |p| 0.46201
    [patch] step 1400 loss 0.008152 |p| 0.46204 eval 0.069158
    [patch] step 1500 loss 0.062798 |p| 0.46208
    [patch] step 1600 loss 0.087008 |p| 0.46220 eval 0.067716
    [patch] step 1650 loss 0.121030 |p| 0.46224
    [patch] step 1800 loss 0.045097 |p| 0.46232 eval 0.067534
    [patch] step 1950 loss 0.031855 |p| 0.46234
    [patch] step 2000 loss 0.013737 |p| 0.46236 eval 0.067823
    [patch] step 2100 loss 0.017867 |p| 0.46244
    [patch] step 2200 loss 0.003746 |p| 0.46252 eval 0.067734
    [patch] step 2250 loss 0.050408 |p| 0.46249
    [patch] step 2400 loss 0.000835 |p| 0.46258 eval 0.067292
    [patch] step 2550 loss 0.002089 |p| 0.46265
    [patch] step 2600 loss 0.024989 |p| 0.46267 eval 0.067169
    [patch] step 2700 loss 0.016222 |p| 0.46260
    [patch] step 2800 loss 0.129785 |p| 0.46259 eval 0.066297
    [patch] step 2850 loss 0.063766 |p| 0.46257
    [patch] step 3000 loss 0.024806 |p| 0.46261 eval 0.066562
    [patch] step 3150 loss 0.098923 |p| 0.46256
    [patch] step 3200 loss 0.118362 |p| 0.46254 eval 0.065782
    [patch] step 3300 loss 0.001058 |p| 0.46270
    [patch] step 3400 loss 0.021270 |p| 0.46268 eval 0.066409
    [patch] step 3450 loss 0.005837 |p| 0.46263
    [patch] step 3600 loss 0.002310 |p| 0.46275 eval 0.067369
    [patch] step 3750 loss 0.035301 |p| 0.46280
    [patch] step 3800 loss 0.011442 |p| 0.46289 eval 0.066846
    [patch] step 3900 loss 0.002927 |p| 0.46285
    [patch] step 4000 loss 0.009041 |p| 0.46287 eval 0.066584
    [patch] step 4050 loss 0.097036 |p| 0.46295
    [patch] step 4200 loss 0.059693 |p| 0.46296 eval 0.065841
    [patch] step 4350 loss 0.117456 |p| 0.46297
    [patch] step 4400 loss 0.044143 |p| 0.46296 eval 0.065685
    [patch] step 4500 loss 0.001635 |p| 0.46292
    [patch] step 4600 loss 0.080682 |p| 0.46286 eval 0.065524
    [patch] step 4650 loss 0.034702 |p| 0.46287
    [patch] step 4800 loss 0.069877 |p| 0.46285 eval 0.065325
    [patch] step 4950 loss 0.000596 |p| 0.46296
    [patch] step 5000 loss 0.001904 |p| 0.46292 eval 0.066152
    [patch] step 5100 loss 0.013242 |p| 0.46303
    [patch] step 5200 loss 0.052854 |p| 0.46300 eval 0.065611
    [patch] step 5250 loss 0.000686 |p| 0.46306
    [patch] step 5400 loss 0.137064 |p| 0.46310 eval 0.064861
    [patch] step 5550 loss 0.023258 |p| 0.46303
    [patch] step 5600 loss 0.085302 |p| 0.46303 eval 0.064939
    [patch] step 5700 loss 0.005958 |p| 0.46311
    [patch] step 5800 loss 0.008917 |p| 0.46316 eval 0.067141
    [patch] step 5850 loss 0.001925 |p| 0.46319
    [patch] step 5999 loss 0.135061 |p| 0.46320 eval 0.065479
/nfs/home/nelson0314/venvs/wacv/lib/python3.11/site-packages/diffusers/image_processor.py:724: FutureWarning: Passing `image` as torch tensor with value range in [-1,1] is deprecated. The expected value range for image tensor is [0,1] when passing as pytorch tensor or numpy Array. You passed `image` with value range [-1.0,1.0]
  warnings.warn(
Loading weights:   0%|          | 0/398 [00:00<?, ?it/s]Loading weights: 100%|██████████| 398/398 [00:00<00:00, 15295.48it/s]
[transformers] Model config: bos_token_id must be `None` or an integer within the vocabulary (between 0 and 31999), got 49406. This may result in unexpected behavior.
[transformers] Model config: eos_token_id must be `None` or an integer within the vocabulary (between 0 and 31999), got 49407. This may result in unexpected behavior.
Loading weights:   0%|          | 0/408 [00:00<?, ?it/s]Loading weights:  89%|████████▊ | 362/408 [00:00<00:00, 3614.09it/s]Loading weights: 100%|██████████| 408/408 [00:00<00:00, 3615.13it/s]
task_obj_remove_509477           patch          r=0.0500 dists=0.1112 lpips=0.2243 effect=0.4256 (6386s)

表：runs/ip2p_face_defence/accessory_plain_task_obj_remove_509477/results.csv（1 列）
