Warning: You are sending unauthenticated requests to the HF Hub. Please set a HF_TOKEN to enable higher rate limits and faster downloads.
Loading pipeline components...:   0%|          | 0/6 [00:00<?, ?it/s]Loading pipeline components...:  67%|██████▋   | 4/6 [00:00<00:00, 30.55it/s]
Loading weights:   0%|          | 0/196 [00:00<?, ?it/s][ALoading weights: 100%|██████████| 196/196 [00:00<00:00, 4402.57it/s]
Loading pipeline components...: 100%|██████████| 6/6 [00:00<00:00, 10.41it/s]
There are modules in AutoencoderKL that should be kept in float32: []. Casting directly with `to()` can lead to inconsistent results; set `torch_dtype` in `from_pretrained()` instead to keep these modules in float32.
/nfs/home/nelson0314/venvs/wacv/lib/python3.11/site-packages/torchvision/models/_utils.py:207: UserWarning: The parameter 'pretrained' is deprecated since 0.13 and may be removed in the future, please use 'weights' instead.
  warnings.warn(
/nfs/home/nelson0314/venvs/wacv/lib/python3.11/site-packages/torchvision/models/_utils.py:222: UserWarning: Arguments other than a weight enum or `None` for 'weights' are deprecated since 0.13 and may be removed in the future. The current behavior is equivalent to passing `weights=VGG16_Weights.IMAGENET1K_V1`. You can also use `weights=VGG16_Weights.DEFAULT` to get the most up-to-date weights.
  warnings.warn(msg)
IP2P 線：1 張、條件 ['patch']、steps=100 s_T=7.5 s_I=1.5 seed=20260812
/nfs/home/nelson0314/venvs/wacv/lib/python3.11/site-packages/diffusers/image_processor.py:724: FutureWarning: Passing `image` as torch tensor with value range in [-1,1] is deprecated. The expected value range for image tensor is [0,1] when passing as pytorch tensor or numpy Array. You passed `image` with value range [-1.0,1.0]
  warnings.warn(
Loading weights:   0%|          | 0/380 [00:00<?, ?it/s]Loading weights: 100%|██████████| 380/380 [00:00<00:00, 20326.68it/s]
    [patch] step    0 loss 0.429858 |p| 0.43163 eval 0.119628
    [patch] step  150 loss 0.001622 |p| 0.42286
    [patch] step  200 loss 0.028417 |p| 0.42066 eval 0.037917
    [patch] step  300 loss 0.001126 |p| 0.41647
    [patch] step  400 loss 0.029549 |p| 0.41252 eval 0.033254
    [patch] step  450 loss 0.081479 |p| 0.41080
    [patch] step  600 loss 0.027055 |p| 0.40637 eval 0.030403
    [patch] step  750 loss 0.001692 |p| 0.40281
    [patch] step  800 loss 0.031741 |p| 0.40179 eval 0.027288
    [patch] step  900 loss 0.000873 |p| 0.39989
    [patch] step 1000 loss 0.003684 |p| 0.39837 eval 0.026740
    [patch] step 1050 loss 0.012332 |p| 0.39773
    [patch] step 1200 loss 0.036541 |p| 0.39577 eval 0.024317
    [patch] step 1350 loss 0.001111 |p| 0.39396
    [patch] step 1400 loss 0.002912 |p| 0.39343 eval 0.024091
    [patch] step 1500 loss 0.023651 |p| 0.39259
    [patch] step 1600 loss 0.028681 |p| 0.39183 eval 0.023096
    [patch] step 1650 loss 0.043361 |p| 0.39152
    [patch] step 1800 loss 0.015975 |p| 0.39050 eval 0.022570
    [patch] step 1950 loss 0.009260 |p| 0.38970
    [patch] step 2000 loss 0.005212 |p| 0.38939 eval 0.022594
    [patch] step 2100 loss 0.004563 |p| 0.38901
    [patch] step 2200 loss 0.001793 |p| 0.38861 eval 0.022320
    [patch] step 2250 loss 0.016337 |p| 0.38832
    [patch] step 2400 loss 0.000872 |p| 0.38766 eval 0.023184
    [patch] step 2550 loss 0.001135 |p| 0.38708
    [patch] step 2600 loss 0.006018 |p| 0.38688 eval 0.021812
    [patch] step 2700 loss 0.004645 |p| 0.38648
    [patch] step 2800 loss 0.042886 |p| 0.38621 eval 0.020841
    [patch] step 2850 loss 0.020552 |p| 0.38600
    [patch] step 3000 loss 0.004866 |p| 0.38553 eval 0.021343
    [patch] step 3150 loss 0.032509 |p| 0.38521
    [patch] step 3200 loss 0.039420 |p| 0.38520 eval 0.020425
    [patch] step 3300 loss 0.001065 |p| 0.38488
    [patch] step 3400 loss 0.006651 |p| 0.38471 eval 0.020986
    [patch] step 3450 loss 0.002301 |p| 0.38466
    [patch] step 3600 loss 0.001623 |p| 0.38427 eval 0.021476
    [patch] step 3750 loss 0.010798 |p| 0.38421
    [patch] step 3800 loss 0.004057 |p| 0.38410 eval 0.020976
    [patch] step 3900 loss 0.001630 |p| 0.38394
    [patch] step 4000 loss 0.001940 |p| 0.38370 eval 0.020801
    [patch] step 4050 loss 0.029547 |p| 0.38355
    [patch] step 4200 loss 0.017586 |p| 0.38323 eval 0.020192
    [patch] step 4350 loss 0.039127 |p| 0.38302
    [patch] step 4400 loss 0.014169 |p| 0.38302 eval 0.019814
    [patch] step 4500 loss 0.001287 |p| 0.38299
    [patch] step 4600 loss 0.025369 |p| 0.38283 eval 0.019893
    [patch] step 4650 loss 0.010236 |p| 0.38284
    [patch] step 4800 loss 0.022538 |p| 0.38275 eval 0.019505
    [patch] step 4950 loss 0.000702 |p| 0.38225
    [patch] step 5000 loss 0.001281 |p| 0.38230 eval 0.019838
    [patch] step 5100 loss 0.003527 |p| 0.38221
    [patch] step 5200 loss 0.014893 |p| 0.38224 eval 0.019221
    [patch] step 5250 loss 0.000832 |p| 0.38213
    [patch] step 5400 loss 0.045248 |p| 0.38195 eval 0.018615
    [patch] step 5550 loss 0.005207 |p| 0.38162
    [patch] step 5600 loss 0.026681 |p| 0.38155 eval 0.018838
    [patch] step 5700 loss 0.002117 |p| 0.38122
    [patch] step 5800 loss 0.002809 |p| 0.38125 eval 0.020107
    [patch] step 5850 loss 0.001255 |p| 0.38122
    [patch] step 5999 loss 0.044646 |p| 0.38087 eval 0.018684
/nfs/home/nelson0314/venvs/wacv/lib/python3.11/site-packages/diffusers/image_processor.py:724: FutureWarning: Passing `image` as torch tensor with value range in [-1,1] is deprecated. The expected value range for image tensor is [0,1] when passing as pytorch tensor or numpy Array. You passed `image` with value range [-1.0,1.0]
  warnings.warn(
Loading weights:   0%|          | 0/398 [00:00<?, ?it/s]Loading weights: 100%|██████████| 398/398 [00:00<00:00, 13724.34it/s]
[transformers] Model config: bos_token_id must be `None` or an integer within the vocabulary (between 0 and 31999), got 49406. This may result in unexpected behavior.
[transformers] Model config: eos_token_id must be `None` or an integer within the vocabulary (between 0 and 31999), got 49407. This may result in unexpected behavior.
Loading weights:   0%|          | 0/408 [00:00<?, ?it/s]Loading weights:  93%|█████████▎| 380/408 [00:00<00:00, 3791.70it/s]Loading weights: 100%|██████████| 408/408 [00:00<00:00, 3760.78it/s]
task_obj_remove_284852           patch          r=0.0500 dists=0.1939 lpips=0.2828 effect=0.6887 (6350s)

表：runs/ip2p_face_defence/accessory_plain_task_obj_remove_284852/results.csv（1 列）
