Warning: You are sending unauthenticated requests to the HF Hub. Please set a HF_TOKEN to enable higher rate limits and faster downloads.
Loading pipeline components...:   0%|          | 0/6 [00:00<?, ?it/s]Loading pipeline components...:  33%|███▎      | 2/6 [00:00<00:00, 18.72it/s]
Loading weights:   0%|          | 0/196 [00:00<?, ?it/s][ALoading weights: 100%|██████████| 196/196 [00:00<00:00, 4332.80it/s]
Loading pipeline components...: 100%|██████████| 6/6 [00:00<00:00, 10.62it/s]Loading pipeline components...: 100%|██████████| 6/6 [00:00<00:00, 11.10it/s]
There are modules in AutoencoderKL that should be kept in float32: []. Casting directly with `to()` can lead to inconsistent results; set `torch_dtype` in `from_pretrained()` instead to keep these modules in float32.
/nfs/home/nelson0314/venvs/wacv/lib/python3.11/site-packages/torchvision/models/_utils.py:207: UserWarning: The parameter 'pretrained' is deprecated since 0.13 and may be removed in the future, please use 'weights' instead.
  warnings.warn(
/nfs/home/nelson0314/venvs/wacv/lib/python3.11/site-packages/torchvision/models/_utils.py:222: UserWarning: Arguments other than a weight enum or `None` for 'weights' are deprecated since 0.13 and may be removed in the future. The current behavior is equivalent to passing `weights=VGG16_Weights.IMAGENET1K_V1`. You can also use `weights=VGG16_Weights.DEFAULT` to get the most up-to-date weights.
  warnings.warn(msg)
IP2P 線：1 張、條件 ['patch']、steps=100 s_T=7.5 s_I=1.5 seed=20260812
/nfs/home/nelson0314/venvs/wacv/lib/python3.11/site-packages/diffusers/image_processor.py:724: FutureWarning: Passing `image` as torch tensor with value range in [-1,1] is deprecated. The expected value range for image tensor is [0,1] when passing as pytorch tensor or numpy Array. You passed `image` with value range [-1.0,1.0]
  warnings.warn(
Loading weights:   0%|          | 0/380 [00:00<?, ?it/s]Loading weights: 100%|██████████| 380/380 [00:00<00:00, 16957.32it/s]
    [patch] step    0 loss 0.444197 |p| 0.45531 eval 0.175397
    [patch] step  150 loss 0.002089 |p| 0.45529
    [patch] step  200 loss 0.090252 |p| 0.45522 eval 0.111447
    [patch] step  300 loss 0.001968 |p| 0.45533
    [patch] step  400 loss 0.104675 |p| 0.45521 eval 0.107517
    [patch] step  450 loss 0.266744 |p| 0.45521
    [patch] step  600 loss 0.094872 |p| 0.45522 eval 0.106186
    [patch] step  750 loss 0.004468 |p| 0.45527
    [patch] step  800 loss 0.115729 |p| 0.45522 eval 0.104721
    [patch] step  900 loss 0.001336 |p| 0.45540
    [patch] step 1000 loss 0.014097 |p| 0.45524 eval 0.104685
    [patch] step 1050 loss 0.061461 |p| 0.45526
    [patch] step 1200 loss 0.149403 |p| 0.45527 eval 0.103712
    [patch] step 1350 loss 0.002386 |p| 0.45539
    [patch] step 1400 loss 0.014175 |p| 0.45529 eval 0.103682
    [patch] step 1500 loss 0.099890 |p| 0.45525
    [patch] step 1600 loss 0.125656 |p| 0.45523 eval 0.103110
    [patch] step 1650 loss 0.177342 |p| 0.45529
    [patch] step 1800 loss 0.073612 |p| 0.45530 eval 0.102750
    [patch] step 1950 loss 0.053368 |p| 0.45532
    [patch] step 2000 loss 0.022915 |p| 0.45524 eval 0.102751
    [patch] step 2100 loss 0.030906 |p| 0.45526
    [patch] step 2200 loss 0.008336 |p| 0.45533 eval 0.103067
    [patch] step 2250 loss 0.080966 |p| 0.45530
    [patch] step 2400 loss 0.001838 |p| 0.45538 eval 0.103189
    [patch] step 2550 loss 0.004506 |p| 0.45532
    [patch] step 2600 loss 0.037005 |p| 0.45526 eval 0.102550
    [patch] step 2700 loss 0.025745 |p| 0.45525
    [patch] step 2800 loss 0.200127 |p| 0.45530 eval 0.101991
    [patch] step 2850 loss 0.093599 |p| 0.45529
    [patch] step 3000 loss 0.039339 |p| 0.45530 eval 0.102236
    [patch] step 3150 loss 0.143797 |p| 0.45529
    [patch] step 3200 loss 0.175658 |p| 0.45521 eval 0.101772
    [patch] step 3300 loss 0.001913 |p| 0.45531
    [patch] step 3400 loss 0.032740 |p| 0.45523 eval 0.101942
    [patch] step 3450 loss 0.010764 |p| 0.45525
    [patch] step 3600 loss 0.004442 |p| 0.45529 eval 0.102219
    [patch] step 3750 loss 0.059473 |p| 0.45527
    [patch] step 3800 loss 0.022510 |p| 0.45532 eval 0.101988
    [patch] step 3900 loss 0.005805 |p| 0.45534
    [patch] step 4000 loss 0.014878 |p| 0.45532 eval 0.101890
    [patch] step 4050 loss 0.143386 |p| 0.45529
    [patch] step 4200 loss 0.091748 |p| 0.45530 eval 0.101660
    [patch] step 4350 loss 0.172232 |p| 0.45522
    [patch] step 4400 loss 0.069912 |p| 0.45520 eval 0.101323
    [patch] step 4500 loss 0.003048 |p| 0.45536
    [patch] step 4600 loss 0.116715 |p| 0.45528 eval 0.101376
    [patch] step 4650 loss 0.057758 |p| 0.45525
    [patch] step 4800 loss 0.106335 |p| 0.45520 eval 0.100843
    [patch] step 4950 loss 0.001142 |p| 0.45533
    [patch] step 5000 loss 0.004257 |p| 0.45535 eval 0.101007
    [patch] step 5100 loss 0.021869 |p| 0.45525
    [patch] step 5200 loss 0.082031 |p| 0.45526 eval 0.101090
    [patch] step 5250 loss 0.001305 |p| 0.45539
    [patch] step 5400 loss 0.212275 |p| 0.45522 eval 0.100631
    [patch] step 5550 loss 0.035606 |p| 0.45523
    [patch] step 5600 loss 0.124594 |p| 0.45531 eval 0.100592
    [patch] step 5700 loss 0.010984 |p| 0.45533
    [patch] step 5800 loss 0.015653 |p| 0.45533 eval 0.101769
    [patch] step 5850 loss 0.003830 |p| 0.45526
    [patch] step 5999 loss 0.244151 |p| 0.45524 eval 0.100729
/nfs/home/nelson0314/venvs/wacv/lib/python3.11/site-packages/diffusers/image_processor.py:724: FutureWarning: Passing `image` as torch tensor with value range in [-1,1] is deprecated. The expected value range for image tensor is [0,1] when passing as pytorch tensor or numpy Array. You passed `image` with value range [-1.0,1.0]
  warnings.warn(
Loading weights:   0%|          | 0/398 [00:00<?, ?it/s]Loading weights: 100%|██████████| 398/398 [00:00<00:00, 27510.43it/s]
[transformers] Model config: bos_token_id must be `None` or an integer within the vocabulary (between 0 and 31999), got 49406. This may result in unexpected behavior.
[transformers] Model config: eos_token_id must be `None` or an integer within the vocabulary (between 0 and 31999), got 49407. This may result in unexpected behavior.
Loading weights:   0%|          | 0/408 [00:00<?, ?it/s]Loading weights:  90%|█████████ | 369/408 [00:00<00:00, 3675.64it/s]Loading weights: 100%|██████████| 408/408 [00:00<00:00, 3722.76it/s]
task_attr_mod_color_123744       patch          r=0.0500 dists=0.0567 lpips=0.0979 effect=0.2183 (6371s)

表：runs/ip2p_face_defence/accessory_pretty_task_attr_mod_color_123744/results.csv（1 列）
