Warning: You are sending unauthenticated requests to the HF Hub. Please set a HF_TOKEN to enable higher rate limits and faster downloads.
Loading pipeline components...:   0%|          | 0/6 [00:00<?, ?it/s]Loading pipeline components...:  33%|███▎      | 2/6 [00:00<00:00, 11.30it/s]
Loading weights:   0%|          | 0/196 [00:00<?, ?it/s][ALoading weights: 100%|██████████| 196/196 [00:00<00:00, 3693.70it/s]
Loading pipeline components...:  67%|██████▋   | 4/6 [00:00<00:00, 11.87it/s]Loading pipeline components...: 100%|██████████| 6/6 [00:00<00:00, 15.88it/s]
There are modules in AutoencoderKL that should be kept in float32: []. Casting directly with `to()` can lead to inconsistent results; set `torch_dtype` in `from_pretrained()` instead to keep these modules in float32.
/nfs/home/nelson0314/venvs/wacv/lib/python3.11/site-packages/torchvision/models/_utils.py:207: UserWarning: The parameter 'pretrained' is deprecated since 0.13 and may be removed in the future, please use 'weights' instead.
  warnings.warn(
/nfs/home/nelson0314/venvs/wacv/lib/python3.11/site-packages/torchvision/models/_utils.py:222: UserWarning: Arguments other than a weight enum or `None` for 'weights' are deprecated since 0.13 and may be removed in the future. The current behavior is equivalent to passing `weights=VGG16_Weights.IMAGENET1K_V1`. You can also use `weights=VGG16_Weights.DEFAULT` to get the most up-to-date weights.
  warnings.warn(msg)
IP2P 線：1 張、條件 ['patch']、steps=100 s_T=7.5 s_I=1.5 seed=20260812
/nfs/home/nelson0314/venvs/wacv/lib/python3.11/site-packages/diffusers/image_processor.py:724: FutureWarning: Passing `image` as torch tensor with value range in [-1,1] is deprecated. The expected value range for image tensor is [0,1] when passing as pytorch tensor or numpy Array. You passed `image` with value range [-1.0,1.0]
  warnings.warn(
Loading weights:   0%|          | 0/380 [00:00<?, ?it/s]Loading weights:  89%|████████▉ | 339/380 [00:00<00:00, 3387.20it/s]Loading weights: 100%|██████████| 380/380 [00:00<00:00, 3390.43it/s]
    [patch] step    0 loss 0.444197 |p| 0.45532 eval 0.162329
    [patch] step  150 loss 0.001116 |p| 0.45088
    [patch] step  200 loss 0.038653 |p| 0.44890 eval 0.038011
    [patch] step  300 loss 0.000777 |p| 0.44548
    [patch] step  400 loss 0.041572 |p| 0.44252 eval 0.032988
    [patch] step  450 loss 0.050913 |p| 0.44109
    [patch] step  600 loss 0.037128 |p| 0.43749 eval 0.031497
    [patch] step  750 loss 0.001402 |p| 0.43458
    [patch] step  800 loss 0.036995 |p| 0.43368 eval 0.029432
    [patch] step  900 loss 0.000420 |p| 0.43209
    [patch] step 1000 loss 0.004816 |p| 0.43078 eval 0.030012
    [patch] step 1050 loss 0.022932 |p| 0.43007
    [patch] step 1200 loss 0.040372 |p| 0.42839 eval 0.027969
    [patch] step 1350 loss 0.000799 |p| 0.42709
    [patch] step 1400 loss 0.005398 |p| 0.42669 eval 0.028208
    [patch] step 1500 loss 0.035396 |p| 0.42592
    [patch] step 1600 loss 0.037399 |p| 0.42520 eval 0.027235
    [patch] step 1650 loss 0.040346 |p| 0.42491
    [patch] step 1800 loss 0.027034 |p| 0.42392 eval 0.026473
    [patch] step 1950 loss 0.020193 |p| 0.42326
    [patch] step 2000 loss 0.008194 |p| 0.42303 eval 0.025818
    [patch] step 2100 loss 0.008933 |p| 0.42253
    [patch] step 2200 loss 0.002532 |p| 0.42214 eval 0.024589
    [patch] step 2250 loss 0.026143 |p| 0.42190
    [patch] step 2400 loss 0.000547 |p| 0.42136 eval 0.024055
    [patch] step 2550 loss 0.001290 |p| 0.42087
    [patch] step 2600 loss 0.011182 |p| 0.42075 eval 0.022963
    [patch] step 2700 loss 0.008241 |p| 0.42045
    [patch] step 2800 loss 0.030952 |p| 0.42025 eval 0.021829
    [patch] step 2850 loss 0.025660 |p| 0.42008
    [patch] step 3000 loss 0.012142 |p| 0.41963 eval 0.022048
    [patch] step 3150 loss 0.026816 |p| 0.41937
    [patch] step 3200 loss 0.029106 |p| 0.41926 eval 0.020807
    [patch] step 3300 loss 0.000609 |p| 0.41899
    [patch] step 3400 loss 0.009715 |p| 0.41884 eval 0.021548
    [patch] step 3450 loss 0.002249 |p| 0.41882
    [patch] step 3600 loss 0.001140 |p| 0.41853 eval 0.021432
    [patch] step 3750 loss 0.018187 |p| 0.41837
    [patch] step 3800 loss 0.006499 |p| 0.41822 eval 0.021146
    [patch] step 3900 loss 0.001479 |p| 0.41811
    [patch] step 4000 loss 0.003613 |p| 0.41790 eval 0.020655
    [patch] step 4050 loss 0.028194 |p| 0.41784
    [patch] step 4200 loss 0.027732 |p| 0.41764 eval 0.020348
    [patch] step 4350 loss 0.026985 |p| 0.41753
    [patch] step 4400 loss 0.022198 |p| 0.41748 eval 0.019986
    [patch] step 4500 loss 0.000877 |p| 0.41740
    [patch] step 4600 loss 0.025729 |p| 0.41731 eval 0.019630
    [patch] step 4650 loss 0.016398 |p| 0.41726
    [patch] step 4800 loss 0.023253 |p| 0.41717 eval 0.019486
    [patch] step 4950 loss 0.000360 |p| 0.41696
    [patch] step 5000 loss 0.000972 |p| 0.41702 eval 0.020103
    [patch] step 5100 loss 0.005941 |p| 0.41690
    [patch] step 5200 loss 0.023899 |p| 0.41698 eval 0.019608
    [patch] step 5250 loss 0.000415 |p| 0.41690
    [patch] step 5400 loss 0.029525 |p| 0.41680 eval 0.019011
    [patch] step 5550 loss 0.009044 |p| 0.41673
    [patch] step 5600 loss 0.023474 |p| 0.41661 eval 0.019113
    [patch] step 5700 loss 0.002598 |p| 0.41648
    [patch] step 5800 loss 0.004335 |p| 0.41636 eval 0.020433
    [patch] step 5850 loss 0.000979 |p| 0.41639
    [patch] step 5999 loss 0.027356 |p| 0.41623 eval 0.019068
/nfs/home/nelson0314/venvs/wacv/lib/python3.11/site-packages/diffusers/image_processor.py:724: FutureWarning: Passing `image` as torch tensor with value range in [-1,1] is deprecated. The expected value range for image tensor is [0,1] when passing as pytorch tensor or numpy Array. You passed `image` with value range [-1.0,1.0]
  warnings.warn(
Loading weights:   0%|          | 0/398 [00:00<?, ?it/s]Loading weights: 100%|██████████| 398/398 [00:00<00:00, 16207.27it/s]
[transformers] Model config: bos_token_id must be `None` or an integer within the vocabulary (between 0 and 31999), got 49406. This may result in unexpected behavior.
[transformers] Model config: eos_token_id must be `None` or an integer within the vocabulary (between 0 and 31999), got 49407. This may result in unexpected behavior.
Loading weights:   0%|          | 0/408 [00:00<?, ?it/s]Loading weights:  87%|████████▋ | 353/408 [00:00<00:00, 3520.75it/s]Loading weights: 100%|██████████| 408/408 [00:00<00:00, 3494.35it/s]
task_attr_mod_color_123744       patch          r=0.0500 dists=0.1618 lpips=0.2761 effect=0.4832 (6203s)

表：runs/ip2p_face_defence/accessory_plain_task_attr_mod_color_123744/results.csv（1 列）
