Loading pipeline components...:   0%|          | 0/6 [00:00<?, ?it/s]
Loading weights:   0%|          | 0/196 [00:00<?, ?it/s][ALoading weights: 100%|██████████| 196/196 [00:00<00:00, 3406.46it/s]
Loading pipeline components...:  17%|█▋        | 1/6 [00:00<00:00,  5.92it/s]Loading pipeline components...:  50%|█████     | 3/6 [00:00<00:00,  5.88it/s]Loading pipeline components...: 100%|██████████| 6/6 [00:00<00:00, 10.16it/s]
There are modules in AutoencoderKL that should be kept in float32: []. Casting directly with `to()` can lead to inconsistent results; set `torch_dtype` in `from_pretrained()` instead to keep these modules in float32.
/nfs/home/nelson0314/venvs/wacv/lib/python3.11/site-packages/torchvision/models/_utils.py:207: UserWarning: The parameter 'pretrained' is deprecated since 0.13 and may be removed in the future, please use 'weights' instead.
  warnings.warn(
/nfs/home/nelson0314/venvs/wacv/lib/python3.11/site-packages/torchvision/models/_utils.py:222: UserWarning: Arguments other than a weight enum or `None` for 'weights' are deprecated since 0.13 and may be removed in the future. The current behavior is equivalent to passing `weights=VGG16_Weights.IMAGENET1K_V1`. You can also use `weights=VGG16_Weights.DEFAULT` to get the most up-to-date weights.
  warnings.warn(msg)
IP2P 線：1 張、條件 ['patch']、steps=100 s_T=7.5 s_I=1.5 seed=20260812
/nfs/home/nelson0314/venvs/wacv/lib/python3.11/site-packages/diffusers/image_processor.py:724: FutureWarning: Passing `image` as torch tensor with value range in [-1,1] is deprecated. The expected value range for image tensor is [0,1] when passing as pytorch tensor or numpy Array. You passed `image` with value range [-1.0,1.0]
  warnings.warn(
Warning: You are sending unauthenticated requests to the HF Hub. Please set a HF_TOKEN to enable higher rate limits and faster downloads.
Loading weights:   0%|          | 0/380 [00:00<?, ?it/s]Loading weights: 100%|██████████| 380/380 [00:00<00:00, 16576.38it/s]
    [patch] step    0 loss 0.458398 |p| 0.40104 eval 0.156708
    [patch] step  150 loss 0.002341 |p| 0.40114
    [patch] step  200 loss 0.080463 |p| 0.40131 eval 0.112101
    [patch] step  300 loss 0.002000 |p| 0.40105
    [patch] step  400 loss 0.084848 |p| 0.40129 eval 0.108242
    [patch] step  450 loss 0.308314 |p| 0.40129
    [patch] step  600 loss 0.076873 |p| 0.40125 eval 0.106367
    [patch] step  750 loss 0.003553 |p| 0.40113
    [patch] step  800 loss 0.106095 |p| 0.40133 eval 0.103659
    [patch] step  900 loss 0.001352 |p| 0.40101
    [patch] step 1000 loss 0.009686 |p| 0.40119 eval 0.104775
    [patch] step 1050 loss 0.045462 |p| 0.40127
    [patch] step 1200 loss 0.146647 |p| 0.40131 eval 0.101887
    [patch] step 1350 loss 0.002036 |p| 0.40106
    [patch] step 1400 loss 0.011575 |p| 0.40126 eval 0.103793
    [patch] step 1500 loss 0.077715 |p| 0.40128
    [patch] step 1600 loss 0.111665 |p| 0.40128 eval 0.100694
    [patch] step 1650 loss 0.190743 |p| 0.40121
    [patch] step 1800 loss 0.054976 |p| 0.40123 eval 0.100829
    [patch] step 1950 loss 0.036511 |p| 0.40127
    [patch] step 2000 loss 0.017021 |p| 0.40122 eval 0.101486
    [patch] step 2100 loss 0.019636 |p| 0.40124
    [patch] step 2200 loss 0.005381 |p| 0.40118 eval 0.100910
    [patch] step 2250 loss 0.060107 |p| 0.40130
    [patch] step 2400 loss 0.001553 |p| 0.40099 eval 0.099870
    [patch] step 2550 loss 0.003067 |p| 0.40112
    [patch] step 2600 loss 0.027566 |p| 0.40127 eval 0.100728
    [patch] step 2700 loss 0.018564 |p| 0.40122
    [patch] step 2800 loss 0.215725 |p| 0.40129 eval 0.099935
    [patch] step 2850 loss 0.077589 |p| 0.40129
    [patch] step 3000 loss 0.027182 |p| 0.40126 eval 0.100513
    [patch] step 3150 loss 0.145216 |p| 0.40124
    [patch] step 3200 loss 0.188654 |p| 0.40127 eval 0.099135
    [patch] step 3300 loss 0.002003 |p| 0.40107
    [patch] step 3400 loss 0.024007 |p| 0.40125 eval 0.099968
    [patch] step 3450 loss 0.008994 |p| 0.40129
    [patch] step 3600 loss 0.003387 |p| 0.40115 eval 0.101362
    [patch] step 3750 loss 0.042809 |p| 0.40131
    [patch] step 3800 loss 0.014801 |p| 0.40122 eval 0.100443
    [patch] step 3900 loss 0.004290 |p| 0.40110
    [patch] step 4000 loss 0.011475 |p| 0.40125 eval 0.100867
    [patch] step 4050 loss 0.137218 |p| 0.40131
    [patch] step 4200 loss 0.070847 |p| 0.40117 eval 0.099845
    [patch] step 4350 loss 0.186163 |p| 0.40135
    [patch] step 4400 loss 0.050700 |p| 0.40132 eval 0.099426
    [patch] step 4500 loss 0.002864 |p| 0.40105
    [patch] step 4600 loss 0.107916 |p| 0.40126 eval 0.099163
    [patch] step 4650 loss 0.042051 |p| 0.40129
    [patch] step 4800 loss 0.095124 |p| 0.40133 eval 0.098983
    [patch] step 4950 loss 0.001188 |p| 0.40097
    [patch] step 5000 loss 0.003270 |p| 0.40117 eval 0.099730
    [patch] step 5100 loss 0.016169 |p| 0.40121
    [patch] step 5200 loss 0.061756 |p| 0.40125 eval 0.099563
    [patch] step 5250 loss 0.001433 |p| 0.40094
    [patch] step 5400 loss 0.243589 |p| 0.40126 eval 0.098729
    [patch] step 5550 loss 0.026301 |p| 0.40126
    [patch] step 5600 loss 0.122713 |p| 0.40125 eval 0.099318
    [patch] step 5700 loss 0.008146 |p| 0.40119
    [patch] step 5800 loss 0.011860 |p| 0.40116 eval 0.102607
    [patch] step 5850 loss 0.002825 |p| 0.40120
    [patch] step 5999 loss 0.281093 |p| 0.40122 eval 0.100083
/nfs/home/nelson0314/venvs/wacv/lib/python3.11/site-packages/diffusers/image_processor.py:724: FutureWarning: Passing `image` as torch tensor with value range in [-1,1] is deprecated. The expected value range for image tensor is [0,1] when passing as pytorch tensor or numpy Array. You passed `image` with value range [-1.0,1.0]
  warnings.warn(
Loading weights:   0%|          | 0/398 [00:00<?, ?it/s]Loading weights: 100%|██████████| 398/398 [00:00<00:00, 22554.90it/s]
[transformers] Model config: bos_token_id must be `None` or an integer within the vocabulary (between 0 and 31999), got 49406. This may result in unexpected behavior.
[transformers] Model config: eos_token_id must be `None` or an integer within the vocabulary (between 0 and 31999), got 49407. This may result in unexpected behavior.
Loading weights:   0%|          | 0/408 [00:00<?, ?it/s]Loading weights:  93%|█████████▎| 381/408 [00:00<00:00, 3783.43it/s]Loading weights: 100%|██████████| 408/408 [00:00<00:00, 3818.21it/s]
task_obj_remove_720199           patch          r=0.0500 dists=0.0656 lpips=0.0759 effect=0.2829 (6328s)

表：runs/ip2p_face_defence/accessory_pretty_task_obj_remove_720199/results.csv（1 列）
