Warning: You are sending unauthenticated requests to the HF Hub. Please set a HF_TOKEN to enable higher rate limits and faster downloads.
Loading pipeline components...:   0%|          | 0/6 [00:00<?, ?it/s]Loading pipeline components...:  17%|█▋        | 1/6 [00:00<00:00,  9.93it/s]
Loading weights:   0%|          | 0/196 [00:00<?, ?it/s][ALoading weights: 100%|██████████| 196/196 [00:00<00:00, 3661.87it/s]
Loading pipeline components...:  50%|█████     | 3/6 [00:00<00:00,  9.39it/s]Loading pipeline components...:  67%|██████▋   | 4/6 [00:00<00:00,  6.58it/s]Loading pipeline components...: 100%|██████████| 6/6 [00:00<00:00, 10.65it/s]
There are modules in AutoencoderKL that should be kept in float32: []. Casting directly with `to()` can lead to inconsistent results; set `torch_dtype` in `from_pretrained()` instead to keep these modules in float32.
/nfs/home/nelson0314/venvs/wacv/lib/python3.11/site-packages/torchvision/models/_utils.py:207: UserWarning: The parameter 'pretrained' is deprecated since 0.13 and may be removed in the future, please use 'weights' instead.
  warnings.warn(
/nfs/home/nelson0314/venvs/wacv/lib/python3.11/site-packages/torchvision/models/_utils.py:222: UserWarning: Arguments other than a weight enum or `None` for 'weights' are deprecated since 0.13 and may be removed in the future. The current behavior is equivalent to passing `weights=VGG16_Weights.IMAGENET1K_V1`. You can also use `weights=VGG16_Weights.DEFAULT` to get the most up-to-date weights.
  warnings.warn(msg)
IP2P 線：1 張、條件 ['patch']、steps=100 s_T=7.5 s_I=1.5 seed=20260812
/nfs/home/nelson0314/venvs/wacv/lib/python3.11/site-packages/diffusers/image_processor.py:724: FutureWarning: Passing `image` as torch tensor with value range in [-1,1] is deprecated. The expected value range for image tensor is [0,1] when passing as pytorch tensor or numpy Array. You passed `image` with value range [-1.0,1.0]
  warnings.warn(
Loading weights:   0%|          | 0/380 [00:00<?, ?it/s]Loading weights:  95%|█████████▌| 361/380 [00:00<00:00, 3602.25it/s]Loading weights: 100%|██████████| 380/380 [00:00<00:00, 3658.62it/s]
    [patch] step    0 loss 0.476680 |p| 0.56493 eval 0.167732
    [patch] step  150 loss 0.002138 |p| 0.56492
    [patch] step  200 loss 0.069133 |p| 0.56473 eval 0.101450
    [patch] step  300 loss 0.002037 |p| 0.56491
    [patch] step  400 loss 0.078505 |p| 0.56474 eval 0.097885
    [patch] step  450 loss 0.309809 |p| 0.56472
    [patch] step  600 loss 0.068487 |p| 0.56469 eval 0.096622
    [patch] step  750 loss 0.004019 |p| 0.56480
    [patch] step  800 loss 0.095304 |p| 0.56466 eval 0.095492
    [patch] step  900 loss 0.001550 |p| 0.56491
    [patch] step 1000 loss 0.009497 |p| 0.56472 eval 0.095905
    [patch] step 1050 loss 0.041563 |p| 0.56473
    [patch] step 1200 loss 0.132544 |p| 0.56468 eval 0.094353
    [patch] step 1350 loss 0.002004 |p| 0.56482
    [patch] step 1400 loss 0.010828 |p| 0.56472 eval 0.094356
    [patch] step 1500 loss 0.071805 |p| 0.56469
    [patch] step 1600 loss 0.104307 |p| 0.56463 eval 0.093785
    [patch] step 1650 loss 0.166598 |p| 0.56471
    [patch] step 1800 loss 0.053190 |p| 0.56468 eval 0.093725
    [patch] step 1950 loss 0.034916 |p| 0.56467
    [patch] step 2000 loss 0.015342 |p| 0.56465 eval 0.093650
    [patch] step 2100 loss 0.021721 |p| 0.56468
    [patch] step 2200 loss 0.005937 |p| 0.56469 eval 0.093669
    [patch] step 2250 loss 0.057818 |p| 0.56463
    [patch] step 2400 loss 0.001737 |p| 0.56492 eval 0.093223
    [patch] step 2550 loss 0.003386 |p| 0.56485
    [patch] step 2600 loss 0.025649 |p| 0.56466 eval 0.093324
    [patch] step 2700 loss 0.016877 |p| 0.56468
    [patch] step 2800 loss 0.201934 |p| 0.56467 eval 0.092813
    [patch] step 2850 loss 0.068693 |p| 0.56468
    [patch] step 3000 loss 0.025866 |p| 0.56471 eval 0.093077
    [patch] step 3150 loss 0.131096 |p| 0.56471
    [patch] step 3200 loss 0.170111 |p| 0.56463 eval 0.092518
    [patch] step 3300 loss 0.001967 |p| 0.56476
    [patch] step 3400 loss 0.023773 |p| 0.56467 eval 0.092900
    [patch] step 3450 loss 0.008938 |p| 0.56474
    [patch] step 3600 loss 0.003463 |p| 0.56476 eval 0.093302
    [patch] step 3750 loss 0.041960 |p| 0.56464
    [patch] step 3800 loss 0.014740 |p| 0.56468 eval 0.093363
    [patch] step 3900 loss 0.004542 |p| 0.56476
    [patch] step 4000 loss 0.011218 |p| 0.56478 eval 0.093159
    [patch] step 4050 loss 0.126791 |p| 0.56467
    [patch] step 4200 loss 0.065022 |p| 0.56477 eval 0.092622
    [patch] step 4350 loss 0.170878 |p| 0.56468
    [patch] step 4400 loss 0.050942 |p| 0.56470 eval 0.092354
    [patch] step 4500 loss 0.002856 |p| 0.56483
    [patch] step 4600 loss 0.100900 |p| 0.56474 eval 0.092573
    [patch] step 4650 loss 0.042875 |p| 0.56470
    [patch] step 4800 loss 0.086762 |p| 0.56466 eval 0.092156
    [patch] step 4950 loss 0.001249 |p| 0.56478
    [patch] step 5000 loss 0.003306 |p| 0.56482 eval 0.092455
    [patch] step 5100 loss 0.014031 |p| 0.56468
    [patch] step 5200 loss 0.060872 |p| 0.56469 eval 0.092527
    [patch] step 5250 loss 0.001472 |p| 0.56486
    [patch] step 5400 loss 0.230679 |p| 0.56462 eval 0.091947
    [patch] step 5550 loss 0.025015 |p| 0.56472
    [patch] step 5600 loss 0.108674 |p| 0.56469 eval 0.092174
    [patch] step 5700 loss 0.007559 |p| 0.56478
    [patch] step 5800 loss 0.010766 |p| 0.56480 eval 0.093432
    [patch] step 5850 loss 0.002586 |p| 0.56473
    [patch] step 5999 loss 0.298598 |p| 0.56465 eval 0.092426
/nfs/home/nelson0314/venvs/wacv/lib/python3.11/site-packages/diffusers/image_processor.py:724: FutureWarning: Passing `image` as torch tensor with value range in [-1,1] is deprecated. The expected value range for image tensor is [0,1] when passing as pytorch tensor or numpy Array. You passed `image` with value range [-1.0,1.0]
  warnings.warn(
Loading weights:   0%|          | 0/398 [00:00<?, ?it/s]Loading weights: 100%|██████████| 398/398 [00:00<00:00, 13254.78it/s]
[transformers] Model config: bos_token_id must be `None` or an integer within the vocabulary (between 0 and 31999), got 49406. This may result in unexpected behavior.
[transformers] Model config: eos_token_id must be `None` or an integer within the vocabulary (between 0 and 31999), got 49407. This may result in unexpected behavior.
Loading weights:   0%|          | 0/408 [00:00<?, ?it/s]Loading weights:  80%|███████▉  | 326/408 [00:00<00:00, 3259.05it/s]Loading weights: 100%|██████████| 408/408 [00:00<00:00, 3300.54it/s]
task_env_weather_70149           patch          r=0.0500 dists=0.0505 lpips=0.0745 effect=0.1886 (6297s)

表：runs/ip2p_face_defence/background_pretty_task_env_weather_70149/results.csv（1 列）
