Loading pipeline components...:   0%|          | 0/6 [00:00<?, ?it/s]
Loading weights:   0%|          | 0/196 [00:00<?, ?it/s][ALoading weights: 100%|██████████| 196/196 [00:00<00:00, 4051.83it/s]
Loading pipeline components...:  17%|█▋        | 1/6 [00:00<00:00,  6.22it/s]Loading pipeline components...:  67%|██████▋   | 4/6 [00:00<00:00,  8.07it/s]Loading pipeline components...: 100%|██████████| 6/6 [00:00<00:00, 10.24it/s]
There are modules in AutoencoderKL that should be kept in float32: []. Casting directly with `to()` can lead to inconsistent results; set `torch_dtype` in `from_pretrained()` instead to keep these modules in float32.
/nfs/home/nelson0314/venvs/wacv/lib/python3.11/site-packages/torchvision/models/_utils.py:207: UserWarning: The parameter 'pretrained' is deprecated since 0.13 and may be removed in the future, please use 'weights' instead.
  warnings.warn(
/nfs/home/nelson0314/venvs/wacv/lib/python3.11/site-packages/torchvision/models/_utils.py:222: UserWarning: Arguments other than a weight enum or `None` for 'weights' are deprecated since 0.13 and may be removed in the future. The current behavior is equivalent to passing `weights=VGG16_Weights.IMAGENET1K_V1`. You can also use `weights=VGG16_Weights.DEFAULT` to get the most up-to-date weights.
  warnings.warn(msg)
IP2P 線：1 張、條件 ['patch']、steps=100 s_T=7.5 s_I=1.5 seed=20260812
/nfs/home/nelson0314/venvs/wacv/lib/python3.11/site-packages/diffusers/image_processor.py:724: FutureWarning: Passing `image` as torch tensor with value range in [-1,1] is deprecated. The expected value range for image tensor is [0,1] when passing as pytorch tensor or numpy Array. You passed `image` with value range [-1.0,1.0]
  warnings.warn(
Warning: You are sending unauthenticated requests to the HF Hub. Please set a HF_TOKEN to enable higher rate limits and faster downloads.
Loading weights:   0%|          | 0/380 [00:00<?, ?it/s]Loading weights: 100%|██████████| 380/380 [00:00<00:00, 4250.85it/s]
    [patch] step    0 loss 0.562669 |p| 0.46371 eval 0.226281
    [patch] step  150 loss 0.003072 |p| 0.46377
    [patch] step  200 loss 0.122539 |p| 0.46380 eval 0.158177
    [patch] step  300 loss 0.002596 |p| 0.46380
    [patch] step  400 loss 0.135697 |p| 0.46383 eval 0.153418
    [patch] step  450 loss 0.409819 |p| 0.46389
    [patch] step  600 loss 0.127544 |p| 0.46381 eval 0.151385
    [patch] step  750 loss 0.005751 |p| 0.46382
    [patch] step  800 loss 0.155563 |p| 0.46381 eval 0.149542
    [patch] step  900 loss 0.001697 |p| 0.46382
    [patch] step 1000 loss 0.017861 |p| 0.46382 eval 0.149639
    [patch] step 1050 loss 0.076945 |p| 0.46381
    [patch] step 1200 loss 0.213821 |p| 0.46384 eval 0.148239
    [patch] step 1350 loss 0.002757 |p| 0.46384
    [patch] step 1400 loss 0.018594 |p| 0.46383 eval 0.148025
    [patch] step 1500 loss 0.127552 |p| 0.46385
    [patch] step 1600 loss 0.174842 |p| 0.46383 eval 0.147093
    [patch] step 1650 loss 0.254145 |p| 0.46383
    [patch] step 1800 loss 0.092707 |p| 0.46382 eval 0.146629
    [patch] step 1950 loss 0.067427 |p| 0.46380
    [patch] step 2000 loss 0.027969 |p| 0.46382 eval 0.147127
    [patch] step 2100 loss 0.037798 |p| 0.46379
    [patch] step 2200 loss 0.009871 |p| 0.46378 eval 0.146846
    [patch] step 2250 loss 0.105156 |p| 0.46381
    [patch] step 2400 loss 0.001992 |p| 0.46379 eval 0.146846
    [patch] step 2550 loss 0.004881 |p| 0.46381
    [patch] step 2600 loss 0.048871 |p| 0.46378 eval 0.146471
    [patch] step 2700 loss 0.033532 |p| 0.46379
    [patch] step 2800 loss 0.294855 |p| 0.46383 eval 0.145963
    [patch] step 2850 loss 0.128823 |p| 0.46382
    [patch] step 3000 loss 0.050065 |p| 0.46383 eval 0.146063
    [patch] step 3150 loss 0.208215 |p| 0.46381
    [patch] step 3200 loss 0.260218 |p| 0.46387 eval 0.145626
    [patch] step 3300 loss 0.002664 |p| 0.46384
    [patch] step 3400 loss 0.042427 |p| 0.46381 eval 0.145696
    [patch] step 3450 loss 0.013628 |p| 0.46382
    [patch] step 3600 loss 0.005569 |p| 0.46382 eval 0.146211
    [patch] step 3750 loss 0.074459 |p| 0.46383
    [patch] step 3800 loss 0.024247 |p| 0.46380 eval 0.145831
    [patch] step 3900 loss 0.006670 |p| 0.46382
    [patch] step 4000 loss 0.019045 |p| 0.46382 eval 0.145831
    [patch] step 4050 loss 0.201019 |p| 0.46387
    [patch] step 4200 loss 0.120598 |p| 0.46382 eval 0.145633
    [patch] step 4350 loss 0.261852 |p| 0.46385
    [patch] step 4400 loss 0.092226 |p| 0.46387 eval 0.145342
    [patch] step 4500 loss 0.004379 |p| 0.46385
    [patch] step 4600 loss 0.167271 |p| 0.46384 eval 0.145533
    [patch] step 4650 loss 0.071385 |p| 0.46382
    [patch] step 4800 loss 0.146380 |p| 0.46389 eval 0.145066
    [patch] step 4950 loss 0.001497 |p| 0.46384
    [patch] step 5000 loss 0.005201 |p| 0.46385 eval 0.145702
    [patch] step 5100 loss 0.027153 |p| 0.46386
    [patch] step 5200 loss 0.106121 |p| 0.46383 eval 0.145364
    [patch] step 5250 loss 0.001821 |p| 0.46379
    [patch] step 5400 loss 0.331104 |p| 0.46385 eval 0.144893
    [patch] step 5550 loss 0.046082 |p| 0.46384
    [patch] step 5600 loss 0.178209 |p| 0.46384 eval 0.145212
    [patch] step 5700 loss 0.013795 |p| 0.46384
    [patch] step 5800 loss 0.020444 |p| 0.46381 eval 0.146630
    [patch] step 5850 loss 0.004902 |p| 0.46380
    [patch] step 5999 loss 0.393069 |p| 0.46385 eval 0.145205
/nfs/home/nelson0314/venvs/wacv/lib/python3.11/site-packages/diffusers/image_processor.py:724: FutureWarning: Passing `image` as torch tensor with value range in [-1,1] is deprecated. The expected value range for image tensor is [0,1] when passing as pytorch tensor or numpy Array. You passed `image` with value range [-1.0,1.0]
  warnings.warn(
Loading weights:   0%|          | 0/398 [00:00<?, ?it/s]Loading weights: 100%|██████████| 398/398 [00:00<00:00, 18990.63it/s]
[transformers] Model config: bos_token_id must be `None` or an integer within the vocabulary (between 0 and 31999), got 49406. This may result in unexpected behavior.
[transformers] Model config: eos_token_id must be `None` or an integer within the vocabulary (between 0 and 31999), got 49407. This may result in unexpected behavior.
Loading weights:   0%|          | 0/408 [00:00<?, ?it/s]Loading weights:  86%|████████▌ | 350/408 [00:00<00:00, 3496.44it/s]Loading weights: 100%|██████████| 408/408 [00:00<00:00, 3475.46it/s]
task_obj_remove_509477           patch          r=0.0500 dists=0.0350 lpips=0.0802 effect=0.1457 (3005s)

表：runs/ip2p_face_defence/background_pretty_task_obj_remove_509477/results.csv（1 列）
