Warning: You are sending unauthenticated requests to the HF Hub. Please set a HF_TOKEN to enable higher rate limits and faster downloads.
Loading pipeline components...:   0%|          | 0/6 [00:00<?, ?it/s]Loading pipeline components...:  17%|█▋        | 1/6 [00:00<00:00,  6.43it/s]
Loading weights:   0%|          | 0/196 [00:00<?, ?it/s][ALoading weights: 100%|██████████| 196/196 [00:00<00:00, 3473.81it/s]
Loading pipeline components...:  33%|███▎      | 2/6 [00:00<00:00,  5.70it/s]Loading pipeline components...:  83%|████████▎ | 5/6 [00:00<00:00,  9.13it/s]Loading pipeline components...: 100%|██████████| 6/6 [00:00<00:00,  9.04it/s]
There are modules in AutoencoderKL that should be kept in float32: []. Casting directly with `to()` can lead to inconsistent results; set `torch_dtype` in `from_pretrained()` instead to keep these modules in float32.
/nfs/home/nelson0314/venvs/wacv/lib/python3.11/site-packages/torchvision/models/_utils.py:207: UserWarning: The parameter 'pretrained' is deprecated since 0.13 and may be removed in the future, please use 'weights' instead.
  warnings.warn(
/nfs/home/nelson0314/venvs/wacv/lib/python3.11/site-packages/torchvision/models/_utils.py:222: UserWarning: Arguments other than a weight enum or `None` for 'weights' are deprecated since 0.13 and may be removed in the future. The current behavior is equivalent to passing `weights=VGG16_Weights.IMAGENET1K_V1`. You can also use `weights=VGG16_Weights.DEFAULT` to get the most up-to-date weights.
  warnings.warn(msg)
IP2P 線：1 張、條件 ['patch']、steps=100 s_T=7.5 s_I=1.5 seed=20260812
/nfs/home/nelson0314/venvs/wacv/lib/python3.11/site-packages/diffusers/image_processor.py:724: FutureWarning: Passing `image` as torch tensor with value range in [-1,1] is deprecated. The expected value range for image tensor is [0,1] when passing as pytorch tensor or numpy Array. You passed `image` with value range [-1.0,1.0]
  warnings.warn(
Loading weights:   0%|          | 0/380 [00:00<?, ?it/s]Loading weights: 100%|██████████| 380/380 [00:00<00:00, 10412.33it/s]
    [patch] step    0 loss 0.483610 |p| 0.78295 eval 0.108758
    [patch] step  150 loss 0.001002 |p| 0.76636
    [patch] step  200 loss 0.030470 |p| 0.76112 eval 0.041526
    [patch] step  300 loss 0.000659 |p| 0.75139
    [patch] step  400 loss 0.029808 |p| 0.74302 eval 0.031519
    [patch] step  450 loss 0.060447 |p| 0.73905
    [patch] step  600 loss 0.024299 |p| 0.72815 eval 0.025421
    [patch] step  750 loss 0.001100 |p| 0.71978
    [patch] step  800 loss 0.024139 |p| 0.71729 eval 0.020696
    [patch] step  900 loss 0.000457 |p| 0.71259
    [patch] step 1000 loss 0.002047 |p| 0.70878 eval 0.019109
    [patch] step 1050 loss 0.011634 |p| 0.70710
    [patch] step 1200 loss 0.025159 |p| 0.70251 eval 0.016792
    [patch] step 1350 loss 0.000596 |p| 0.69845
    [patch] step 1400 loss 0.002490 |p| 0.69741 eval 0.016246
    [patch] step 1500 loss 0.016128 |p| 0.69539
    [patch] step 1600 loss 0.018274 |p| 0.69368 eval 0.015316
    [patch] step 1650 loss 0.026122 |p| 0.69282
    [patch] step 1800 loss 0.011776 |p| 0.69052 eval 0.015042
    [patch] step 1950 loss 0.009038 |p| 0.68862
    [patch] step 2000 loss 0.002349 |p| 0.68794 eval 0.014722
    [patch] step 2100 loss 0.004950 |p| 0.68699
    [patch] step 2200 loss 0.000980 |p| 0.68588 eval 0.014483
    [patch] step 2250 loss 0.012588 |p| 0.68535
    [patch] step 2400 loss 0.000562 |p| 0.68416 eval 0.016527
    [patch] step 2550 loss 0.000875 |p| 0.68289
    [patch] step 2600 loss 0.005396 |p| 0.68261 eval 0.014140
    [patch] step 2700 loss 0.003582 |p| 0.68181
    [patch] step 2800 loss 0.023891 |p| 0.68131 eval 0.013399
    [patch] step 2850 loss 0.013848 |p| 0.68103
    [patch] step 3000 loss 0.005449 |p| 0.68027 eval 0.013723
    [patch] step 3150 loss 0.019456 |p| 0.67956
    [patch] step 3200 loss 0.025867 |p| 0.67946 eval 0.013059
    [patch] step 3300 loss 0.000503 |p| 0.67892
    [patch] step 3400 loss 0.007017 |p| 0.67861 eval 0.013659
    [patch] step 3450 loss 0.001719 |p| 0.67847
    [patch] step 3600 loss 0.000706 |p| 0.67791 eval 0.013747
    [patch] step 3750 loss 0.010495 |p| 0.67754
    [patch] step 3800 loss 0.003377 |p| 0.67731 eval 0.013506
    [patch] step 3900 loss 0.001061 |p| 0.67700
    [patch] step 4000 loss 0.002015 |p| 0.67675 eval 0.013475
    [patch] step 4050 loss 0.018015 |p| 0.67668
    [patch] step 4200 loss 0.009740 |p| 0.67613 eval 0.013063
    [patch] step 4350 loss 0.022140 |p| 0.67585
    [patch] step 4400 loss 0.010306 |p| 0.67578 eval 0.012703
    [patch] step 4500 loss 0.000585 |p| 0.67555
    [patch] step 4600 loss 0.015871 |p| 0.67542 eval 0.012812
    [patch] step 4650 loss 0.009345 |p| 0.67535
    [patch] step 4800 loss 0.015938 |p| 0.67510 eval 0.012420
    [patch] step 4950 loss 0.000488 |p| 0.67470
    [patch] step 5000 loss 0.000688 |p| 0.67472 eval 0.012708
    [patch] step 5100 loss 0.002862 |p| 0.67439
    [patch] step 5200 loss 0.010558 |p| 0.67431 eval 0.012581
    [patch] step 5250 loss 0.000433 |p| 0.67419
    [patch] step 5400 loss 0.023407 |p| 0.67408 eval 0.012154
    [patch] step 5550 loss 0.006348 |p| 0.67369
    [patch] step 5600 loss 0.017143 |p| 0.67374 eval 0.012192
    [patch] step 5700 loss 0.001557 |p| 0.67347
    [patch] step 5800 loss 0.002285 |p| 0.67335 eval 0.013224
    [patch] step 5850 loss 0.000922 |p| 0.67321
    [patch] step 5999 loss 0.019768 |p| 0.67296 eval 0.012117
/nfs/home/nelson0314/venvs/wacv/lib/python3.11/site-packages/diffusers/image_processor.py:724: FutureWarning: Passing `image` as torch tensor with value range in [-1,1] is deprecated. The expected value range for image tensor is [0,1] when passing as pytorch tensor or numpy Array. You passed `image` with value range [-1.0,1.0]
  warnings.warn(
Loading weights:   0%|          | 0/398 [00:00<?, ?it/s]Loading weights: 100%|██████████| 398/398 [00:00<00:00, 12065.84it/s]
[transformers] Model config: bos_token_id must be `None` or an integer within the vocabulary (between 0 and 31999), got 49406. This may result in unexpected behavior.
[transformers] Model config: eos_token_id must be `None` or an integer within the vocabulary (between 0 and 31999), got 49407. This may result in unexpected behavior.
Loading weights:   0%|          | 0/408 [00:00<?, ?it/s]Loading weights:  84%|████████▍ | 342/408 [00:00<00:00, 3415.61it/s]Loading weights: 100%|██████████| 408/408 [00:00<00:00, 3359.14it/s]
task_obj_remove_410264           patch          r=0.0500 dists=0.2277 lpips=0.2864 effect=0.5732 (6310s)

表：runs/ip2p_face_defence/background_plain_task_obj_remove_410264/results.csv（1 列）
