Warning: You are sending unauthenticated requests to the HF Hub. Please set a HF_TOKEN to enable higher rate limits and faster downloads.
Loading pipeline components...:   0%|          | 0/6 [00:00<?, ?it/s]Loading pipeline components...:  17%|█▋        | 1/6 [00:00<00:00,  9.53it/s]
Loading weights:   0%|          | 0/196 [00:00<?, ?it/s][ALoading weights: 100%|██████████| 196/196 [00:00<00:00, 4189.32it/s]
Loading pipeline components...:  50%|█████     | 3/6 [00:00<00:00, 12.47it/s]Loading pipeline components...: 100%|██████████| 6/6 [00:00<00:00, 18.05it/s]Loading pipeline components...: 100%|██████████| 6/6 [00:00<00:00, 16.32it/s]
There are modules in AutoencoderKL that should be kept in float32: []. Casting directly with `to()` can lead to inconsistent results; set `torch_dtype` in `from_pretrained()` instead to keep these modules in float32.
/nfs/home/nelson0314/venvs/wacv/lib/python3.11/site-packages/torchvision/models/_utils.py:207: UserWarning: The parameter 'pretrained' is deprecated since 0.13 and may be removed in the future, please use 'weights' instead.
  warnings.warn(
/nfs/home/nelson0314/venvs/wacv/lib/python3.11/site-packages/torchvision/models/_utils.py:222: UserWarning: Arguments other than a weight enum or `None` for 'weights' are deprecated since 0.13 and may be removed in the future. The current behavior is equivalent to passing `weights=VGG16_Weights.IMAGENET1K_V1`. You can also use `weights=VGG16_Weights.DEFAULT` to get the most up-to-date weights.
  warnings.warn(msg)
IP2P 線：1 張、條件 ['patch']、steps=100 s_T=7.5 s_I=1.5 seed=20260812
/nfs/home/nelson0314/venvs/wacv/lib/python3.11/site-packages/diffusers/image_processor.py:724: FutureWarning: Passing `image` as torch tensor with value range in [-1,1] is deprecated. The expected value range for image tensor is [0,1] when passing as pytorch tensor or numpy Array. You passed `image` with value range [-1.0,1.0]
  warnings.warn(
Loading weights:   0%|          | 0/380 [00:00<?, ?it/s]Loading weights: 100%|██████████| 380/380 [00:00<00:00, 4142.29it/s]
    [patch] step    0 loss 0.444197 |p| 0.45531 eval 0.175397
    [patch] step  150 loss 0.002125 |p| 0.45533
    [patch] step  200 loss 0.090287 |p| 0.45521 eval 0.111286
    [patch] step  300 loss 0.002029 |p| 0.45533
    [patch] step  400 loss 0.104972 |p| 0.45521 eval 0.107510
    [patch] step  450 loss 0.267520 |p| 0.45522
    [patch] step  600 loss 0.095853 |p| 0.45527 eval 0.106714
    [patch] step  750 loss 0.004584 |p| 0.45521
    [patch] step  800 loss 0.115890 |p| 0.45520 eval 0.105035
    [patch] step  900 loss 0.001375 |p| 0.45536
    [patch] step 1000 loss 0.014097 |p| 0.45527 eval 0.104717
    [patch] step 1050 loss 0.061332 |p| 0.45524
    [patch] step 1200 loss 0.149617 |p| 0.45527 eval 0.103417
    [patch] step 1350 loss 0.002362 |p| 0.45532
    [patch] step 1400 loss 0.014128 |p| 0.45529 eval 0.103745
    [patch] step 1500 loss 0.100012 |p| 0.45521
    [patch] step 1600 loss 0.125634 |p| 0.45520 eval 0.102605
    [patch] step 1650 loss 0.177201 |p| 0.45527
    [patch] step 1800 loss 0.073464 |p| 0.45530 eval 0.102519
    [patch] step 1950 loss 0.053288 |p| 0.45520
    [patch] step 2000 loss 0.022670 |p| 0.45527 eval 0.102426
    [patch] step 2100 loss 0.030967 |p| 0.45531
    [patch] step 2200 loss 0.008381 |p| 0.45528 eval 0.102840
    [patch] step 2250 loss 0.080647 |p| 0.45522
    [patch] step 2400 loss 0.001789 |p| 0.45542 eval 0.102361
    [patch] step 2550 loss 0.004502 |p| 0.45525
    [patch] step 2600 loss 0.036763 |p| 0.45523 eval 0.102108
    [patch] step 2700 loss 0.025552 |p| 0.45525
    [patch] step 2800 loss 0.198669 |p| 0.45525 eval 0.101663
    [patch] step 2850 loss 0.093074 |p| 0.45526
    [patch] step 3000 loss 0.039018 |p| 0.45529 eval 0.101484
    [patch] step 3150 loss 0.142970 |p| 0.45529
    [patch] step 3200 loss 0.174552 |p| 0.45521 eval 0.101232
    [patch] step 3300 loss 0.001941 |p| 0.45538
    [patch] step 3400 loss 0.032476 |p| 0.45526 eval 0.101601
    [patch] step 3450 loss 0.010730 |p| 0.45532
    [patch] step 3600 loss 0.004372 |p| 0.45532 eval 0.102155
    [patch] step 3750 loss 0.059122 |p| 0.45525
    [patch] step 3800 loss 0.022722 |p| 0.45529 eval 0.101628
    [patch] step 3900 loss 0.005896 |p| 0.45537
    [patch] step 4000 loss 0.014911 |p| 0.45534 eval 0.101636
    [patch] step 4050 loss 0.143591 |p| 0.45529
    [patch] step 4200 loss 0.091495 |p| 0.45530 eval 0.101282
    [patch] step 4350 loss 0.172347 |p| 0.45525
    [patch] step 4400 loss 0.070313 |p| 0.45524 eval 0.101052
    [patch] step 4500 loss 0.002954 |p| 0.45539
    [patch] step 4600 loss 0.116868 |p| 0.45536 eval 0.101013
    [patch] step 4650 loss 0.057892 |p| 0.45530
    [patch] step 4800 loss 0.106551 |p| 0.45527 eval 0.100855
    [patch] step 4950 loss 0.001124 |p| 0.45529
    [patch] step 5000 loss 0.004215 |p| 0.45536 eval 0.101079
    [patch] step 5100 loss 0.021858 |p| 0.45529
    [patch] step 5200 loss 0.081841 |p| 0.45532 eval 0.101045
    [patch] step 5250 loss 0.001314 |p| 0.45539
    [patch] step 5400 loss 0.211673 |p| 0.45523 eval 0.100694
    [patch] step 5550 loss 0.035336 |p| 0.45531
    [patch] step 5600 loss 0.124897 |p| 0.45534 eval 0.100797
    [patch] step 5700 loss 0.010968 |p| 0.45540
    [patch] step 5800 loss 0.015825 |p| 0.45535 eval 0.101996
    [patch] step 5850 loss 0.003665 |p| 0.45533
    [patch] step 5999 loss 0.244717 |p| 0.45531 eval 0.100975
/nfs/home/nelson0314/venvs/wacv/lib/python3.11/site-packages/diffusers/image_processor.py:724: FutureWarning: Passing `image` as torch tensor with value range in [-1,1] is deprecated. The expected value range for image tensor is [0,1] when passing as pytorch tensor or numpy Array. You passed `image` with value range [-1.0,1.0]
  warnings.warn(
Loading weights:   0%|          | 0/398 [00:00<?, ?it/s]Loading weights: 100%|██████████| 398/398 [00:00<00:00, 13512.93it/s]
[transformers] Model config: bos_token_id must be `None` or an integer within the vocabulary (between 0 and 31999), got 49406. This may result in unexpected behavior.
[transformers] Model config: eos_token_id must be `None` or an integer within the vocabulary (between 0 and 31999), got 49407. This may result in unexpected behavior.
Loading weights:   0%|          | 0/408 [00:00<?, ?it/s]Loading weights:  83%|████████▎ | 337/408 [00:00<00:00, 3357.05it/s]Loading weights: 100%|██████████| 408/408 [00:00<00:00, 3305.91it/s]
task_attr_mod_color_123744       patch          r=0.0500 dists=0.0531 lpips=0.0977 effect=0.1895 (2825s)

表：runs/ip2p_face_defence/background_pretty_task_attr_mod_color_123744/results.csv（1 列）
