Loading pipeline components...:   0%|          | 0/6 [00:00<?, ?it/s]Loading pipeline components...:  33%|███▎      | 2/6 [00:00<00:00, 15.79it/s]Loading pipeline components...:  83%|████████▎ | 5/6 [00:00<00:00, 23.27it/s]
Loading weights:   0%|          | 0/196 [00:00<?, ?it/s][ALoading weights: 100%|██████████| 196/196 [00:00<00:00, 4532.06it/s]
Loading pipeline components...: 100%|██████████| 6/6 [00:00<00:00,  9.48it/s]
There are modules in AutoencoderKL that should be kept in float32: []. Casting directly with `to()` can lead to inconsistent results; set `torch_dtype` in `from_pretrained()` instead to keep these modules in float32.
/nfs/home/nelson0314/venvs/wacv/lib/python3.11/site-packages/torchvision/models/_utils.py:207: UserWarning: The parameter 'pretrained' is deprecated since 0.13 and may be removed in the future, please use 'weights' instead.
  warnings.warn(
/nfs/home/nelson0314/venvs/wacv/lib/python3.11/site-packages/torchvision/models/_utils.py:222: UserWarning: Arguments other than a weight enum or `None` for 'weights' are deprecated since 0.13 and may be removed in the future. The current behavior is equivalent to passing `weights=VGG16_Weights.IMAGENET1K_V1`. You can also use `weights=VGG16_Weights.DEFAULT` to get the most up-to-date weights.
  warnings.warn(msg)
IP2P 線：1 張、條件 ['patch']、steps=100 s_T=7.5 s_I=1.5 seed=20260812
/nfs/home/nelson0314/venvs/wacv/lib/python3.11/site-packages/diffusers/image_processor.py:724: FutureWarning: Passing `image` as torch tensor with value range in [-1,1] is deprecated. The expected value range for image tensor is [0,1] when passing as pytorch tensor or numpy Array. You passed `image` with value range [-1.0,1.0]
  warnings.warn(
Warning: You are sending unauthenticated requests to the HF Hub. Please set a HF_TOKEN to enable higher rate limits and faster downloads.
Loading weights:   0%|          | 0/380 [00:00<?, ?it/s]Loading weights: 100%|██████████| 380/380 [00:00<00:00, 4668.35it/s]
    [patch] step    0 loss 0.423409 |p| 0.50790 eval 0.139130
    [patch] step  150 loss 0.001777 |p| 0.50789
    [patch] step  200 loss 0.058290 |p| 0.50813 eval 0.087537
    [patch] step  300 loss 0.001651 |p| 0.50782
    [patch] step  400 loss 0.066737 |p| 0.50809 eval 0.086391
    [patch] step  450 loss 0.293374 |p| 0.50815
    [patch] step  600 loss 0.060463 |p| 0.50807 eval 0.085876
    [patch] step  750 loss 0.003415 |p| 0.50797
    [patch] step  800 loss 0.079685 |p| 0.50810 eval 0.084694
    [patch] step  900 loss 0.001318 |p| 0.50782
    [patch] step 1000 loss 0.008686 |p| 0.50803 eval 0.084361
    [patch] step 1050 loss 0.035403 |p| 0.50801
    [patch] step 1200 loss 0.112763 |p| 0.50812 eval 0.083479
    [patch] step 1350 loss 0.001707 |p| 0.50787
    [patch] step 1400 loss 0.008913 |p| 0.50802 eval 0.083607
    [patch] step 1500 loss 0.060690 |p| 0.50811
    [patch] step 1600 loss 0.085661 |p| 0.50815 eval 0.083009
    [patch] step 1650 loss 0.149622 |p| 0.50809
    [patch] step 1800 loss 0.045267 |p| 0.50810 eval 0.082949
    [patch] step 1950 loss 0.031055 |p| 0.50811
    [patch] step 2000 loss 0.014923 |p| 0.50807 eval 0.082992
    [patch] step 2100 loss 0.018292 |p| 0.50803
    [patch] step 2200 loss 0.004278 |p| 0.50795 eval 0.082786
    [patch] step 2250 loss 0.050379 |p| 0.50812
    [patch] step 2400 loss 0.001521 |p| 0.50785 eval 0.082888
    [patch] step 2550 loss 0.002717 |p| 0.50797
    [patch] step 2600 loss 0.025813 |p| 0.50810 eval 0.083106
    [patch] step 2700 loss 0.016642 |p| 0.50807
    [patch] step 2800 loss 0.180444 |p| 0.50811 eval 0.082751
    [patch] step 2850 loss 0.058367 |p| 0.50808
    [patch] step 3000 loss 0.021626 |p| 0.50807 eval 0.082715
    [patch] step 3150 loss 0.111479 |p| 0.50813
    [patch] step 3200 loss 0.148366 |p| 0.50817 eval 0.082402
    [patch] step 3300 loss 0.001528 |p| 0.50792
    [patch] step 3400 loss 0.020583 |p| 0.50805 eval 0.082670
    [patch] step 3450 loss 0.007390 |p| 0.50803
    [patch] step 3600 loss 0.003516 |p| 0.50801 eval 0.082896
    [patch] step 3750 loss 0.034796 |p| 0.50811
    [patch] step 3800 loss 0.013275 |p| 0.50804 eval 0.082838
    [patch] step 3900 loss 0.003888 |p| 0.50797
    [patch] step 4000 loss 0.010334 |p| 0.50800 eval 0.082890
    [patch] step 4050 loss 0.107370 |p| 0.50812
    [patch] step 4200 loss 0.058643 |p| 0.50801 eval 0.082762
    [patch] step 4350 loss 0.150794 |p| 0.50817
    [patch] step 4400 loss 0.040032 |p| 0.50809 eval 0.082320
    [patch] step 4500 loss 0.002632 |p| 0.50797
    [patch] step 4600 loss 0.086207 |p| 0.50806 eval 0.082535
    [patch] step 4650 loss 0.034809 |p| 0.50808
    [patch] step 4800 loss 0.075302 |p| 0.50814 eval 0.082250
    [patch] step 4950 loss 0.001220 |p| 0.50786
    [patch] step 5000 loss 0.003071 |p| 0.50799 eval 0.082580
    [patch] step 5100 loss 0.014106 |p| 0.50804
    [patch] step 5200 loss 0.047599 |p| 0.50804 eval 0.082629
    [patch] step 5250 loss 0.001371 |p| 0.50786
    [patch] step 5400 loss 0.214614 |p| 0.50815 eval 0.081894
    [patch] step 5550 loss 0.021715 |p| 0.50809
    [patch] step 5600 loss 0.095518 |p| 0.50811 eval 0.082241
    [patch] step 5700 loss 0.008469 |p| 0.50799
    [patch] step 5800 loss 0.010359 |p| 0.50794 eval 0.083260
    [patch] step 5850 loss 0.002476 |p| 0.50792
    [patch] step 5999 loss 0.298588 |p| 0.50809 eval 0.082424
/nfs/home/nelson0314/venvs/wacv/lib/python3.11/site-packages/diffusers/image_processor.py:724: FutureWarning: Passing `image` as torch tensor with value range in [-1,1] is deprecated. The expected value range for image tensor is [0,1] when passing as pytorch tensor or numpy Array. You passed `image` with value range [-1.0,1.0]
  warnings.warn(
Loading weights:   0%|          | 0/398 [00:00<?, ?it/s]Loading weights: 100%|██████████| 398/398 [00:00<00:00, 10600.35it/s]
[transformers] Model config: bos_token_id must be `None` or an integer within the vocabulary (between 0 and 31999), got 49406. This may result in unexpected behavior.
[transformers] Model config: eos_token_id must be `None` or an integer within the vocabulary (between 0 and 31999), got 49407. This may result in unexpected behavior.
Loading weights:   0%|          | 0/408 [00:00<?, ?it/s]Loading weights:  82%|████████▏ | 333/408 [00:00<00:00, 3292.00it/s]Loading weights: 100%|██████████| 408/408 [00:00<00:00, 3223.10it/s]
task_obj_remove_257910           patch          r=0.0500 dists=0.0603 lpips=0.0767 effect=0.1751 (6361s)

表：runs/ip2p_face_defence/clothing_pretty_task_obj_remove_257910/results.csv（1 列）
