Loading pipeline components...:   0%|          | 0/6 [00:00<?, ?it/s]Loading pipeline components...:  67%|██████▋   | 4/6 [00:00<00:00, 31.41it/s]
Loading weights:   0%|          | 0/196 [00:00<?, ?it/s][ALoading weights: 100%|██████████| 196/196 [00:00<00:00, 3489.19it/s]
Loading pipeline components...: 100%|██████████| 6/6 [00:00<00:00,  9.94it/s]
There are modules in AutoencoderKL that should be kept in float32: []. Casting directly with `to()` can lead to inconsistent results; set `torch_dtype` in `from_pretrained()` instead to keep these modules in float32.
/nfs/home/nelson0314/venvs/wacv/lib/python3.11/site-packages/torchvision/models/_utils.py:207: UserWarning: The parameter 'pretrained' is deprecated since 0.13 and may be removed in the future, please use 'weights' instead.
  warnings.warn(
/nfs/home/nelson0314/venvs/wacv/lib/python3.11/site-packages/torchvision/models/_utils.py:222: UserWarning: Arguments other than a weight enum or `None` for 'weights' are deprecated since 0.13 and may be removed in the future. The current behavior is equivalent to passing `weights=VGG16_Weights.IMAGENET1K_V1`. You can also use `weights=VGG16_Weights.DEFAULT` to get the most up-to-date weights.
  warnings.warn(msg)
IP2P 線：1 張、條件 ['patch']、steps=100 s_T=7.5 s_I=1.5 seed=20260812
/nfs/home/nelson0314/venvs/wacv/lib/python3.11/site-packages/diffusers/image_processor.py:724: FutureWarning: Passing `image` as torch tensor with value range in [-1,1] is deprecated. The expected value range for image tensor is [0,1] when passing as pytorch tensor or numpy Array. You passed `image` with value range [-1.0,1.0]
  warnings.warn(
Warning: You are sending unauthenticated requests to the HF Hub. Please set a HF_TOKEN to enable higher rate limits and faster downloads.
Loading weights:   0%|          | 0/380 [00:00<?, ?it/s]Loading weights: 100%|██████████| 380/380 [00:00<00:00, 3867.56it/s]
    [patch] step    0 loss 0.458398 |p| 0.40104 eval 0.156708
    [patch] step  150 loss 0.002357 |p| 0.40116
    [patch] step  200 loss 0.080065 |p| 0.40136 eval 0.111622
    [patch] step  300 loss 0.002008 |p| 0.40107
    [patch] step  400 loss 0.084782 |p| 0.40130 eval 0.108865
    [patch] step  450 loss 0.310739 |p| 0.40134
    [patch] step  600 loss 0.078738 |p| 0.40124 eval 0.108143
    [patch] step  750 loss 0.003527 |p| 0.40117
    [patch] step  800 loss 0.109640 |p| 0.40131 eval 0.106105
    [patch] step  900 loss 0.001454 |p| 0.40101
    [patch] step 1000 loss 0.009871 |p| 0.40118 eval 0.106866
    [patch] step 1050 loss 0.046947 |p| 0.40129
    [patch] step 1200 loss 0.149840 |p| 0.40132 eval 0.105241
    [patch] step 1350 loss 0.002106 |p| 0.40111
    [patch] step 1400 loss 0.011226 |p| 0.40125 eval 0.105424
    [patch] step 1500 loss 0.080382 |p| 0.40133
    [patch] step 1600 loss 0.116143 |p| 0.40136 eval 0.104094
    [patch] step 1650 loss 0.196696 |p| 0.40127
    [patch] step 1800 loss 0.057239 |p| 0.40131 eval 0.103801
    [patch] step 1950 loss 0.038340 |p| 0.40133
    [patch] step 2000 loss 0.017183 |p| 0.40125 eval 0.104226
    [patch] step 2100 loss 0.019957 |p| 0.40126
    [patch] step 2200 loss 0.005426 |p| 0.40120 eval 0.104085
    [patch] step 2250 loss 0.062912 |p| 0.40135
    [patch] step 2400 loss 0.001666 |p| 0.40106 eval 0.103568
    [patch] step 2550 loss 0.002968 |p| 0.40117
    [patch] step 2600 loss 0.028587 |p| 0.40132 eval 0.103557
    [patch] step 2700 loss 0.019122 |p| 0.40127
    [patch] step 2800 loss 0.220944 |p| 0.40133 eval 0.102971
    [patch] step 2850 loss 0.080287 |p| 0.40132
    [patch] step 3000 loss 0.028164 |p| 0.40131 eval 0.103205
    [patch] step 3150 loss 0.148340 |p| 0.40130
    [patch] step 3200 loss 0.192458 |p| 0.40134 eval 0.102262
    [patch] step 3300 loss 0.001980 |p| 0.40110
    [patch] step 3400 loss 0.025287 |p| 0.40127 eval 0.103032
    [patch] step 3450 loss 0.008991 |p| 0.40130
    [patch] step 3600 loss 0.003627 |p| 0.40121 eval 0.104904
    [patch] step 3750 loss 0.045353 |p| 0.40134
    [patch] step 3800 loss 0.015806 |p| 0.40126 eval 0.103533
    [patch] step 3900 loss 0.003878 |p| 0.40115
    [patch] step 4000 loss 0.012283 |p| 0.40126 eval 0.104524
    [patch] step 4050 loss 0.141505 |p| 0.40135
    [patch] step 4200 loss 0.073520 |p| 0.40122 eval 0.103044
    [patch] step 4350 loss 0.191010 |p| 0.40140
    [patch] step 4400 loss 0.052910 |p| 0.40136 eval 0.102172
    [patch] step 4500 loss 0.002854 |p| 0.40112
    [patch] step 4600 loss 0.112054 |p| 0.40133 eval 0.102266
    [patch] step 4650 loss 0.044207 |p| 0.40132
    [patch] step 4800 loss 0.098102 |p| 0.40138 eval 0.102017
    [patch] step 4950 loss 0.001242 |p| 0.40102
    [patch] step 5000 loss 0.003247 |p| 0.40118 eval 0.102623
    [patch] step 5100 loss 0.016782 |p| 0.40126
    [patch] step 5200 loss 0.064435 |p| 0.40130 eval 0.102621
    [patch] step 5250 loss 0.001521 |p| 0.40099
    [patch] step 5400 loss 0.251230 |p| 0.40132 eval 0.101536
    [patch] step 5550 loss 0.027194 |p| 0.40128
    [patch] step 5600 loss 0.126613 |p| 0.40130 eval 0.102156
    [patch] step 5700 loss 0.007983 |p| 0.40121
    [patch] step 5800 loss 0.011706 |p| 0.40114 eval 0.104672
    [patch] step 5850 loss 0.002920 |p| 0.40124
    [patch] step 5999 loss 0.295770 |p| 0.40128 eval 0.102639
/nfs/home/nelson0314/venvs/wacv/lib/python3.11/site-packages/diffusers/image_processor.py:724: FutureWarning: Passing `image` as torch tensor with value range in [-1,1] is deprecated. The expected value range for image tensor is [0,1] when passing as pytorch tensor or numpy Array. You passed `image` with value range [-1.0,1.0]
  warnings.warn(
Loading weights:   0%|          | 0/398 [00:00<?, ?it/s]Loading weights: 100%|██████████| 398/398 [00:00<00:00, 10943.50it/s]
[transformers] Model config: bos_token_id must be `None` or an integer within the vocabulary (between 0 and 31999), got 49406. This may result in unexpected behavior.
[transformers] Model config: eos_token_id must be `None` or an integer within the vocabulary (between 0 and 31999), got 49407. This may result in unexpected behavior.
Loading weights:   0%|          | 0/408 [00:00<?, ?it/s]Loading weights:  90%|████████▉ | 366/408 [00:00<00:00, 3654.54it/s]Loading weights: 100%|██████████| 408/408 [00:00<00:00, 3617.90it/s]
task_obj_remove_720199           patch          r=0.0500 dists=0.0668 lpips=0.0781 effect=0.1770 (6361s)

表：runs/ip2p_face_defence/clothing_pretty_task_obj_remove_720199/results.csv（1 列）
