Warning: You are sending unauthenticated requests to the HF Hub. Please set a HF_TOKEN to enable higher rate limits and faster downloads.
Loading pipeline components...:   0%|          | 0/6 [00:00<?, ?it/s]Loading pipeline components...:  33%|███▎      | 2/6 [00:00<00:00, 18.30it/s]
Loading weights:   0%|          | 0/196 [00:00<?, ?it/s][ALoading weights: 100%|██████████| 196/196 [00:00<00:00, 3728.25it/s]
Loading pipeline components...:  67%|██████▋   | 4/6 [00:00<00:00, 10.55it/s]Loading pipeline components...: 100%|██████████| 6/6 [00:00<00:00, 15.26it/s]
There are modules in AutoencoderKL that should be kept in float32: []. Casting directly with `to()` can lead to inconsistent results; set `torch_dtype` in `from_pretrained()` instead to keep these modules in float32.
/nfs/home/nelson0314/venvs/wacv/lib/python3.11/site-packages/torchvision/models/_utils.py:207: UserWarning: The parameter 'pretrained' is deprecated since 0.13 and may be removed in the future, please use 'weights' instead.
  warnings.warn(
/nfs/home/nelson0314/venvs/wacv/lib/python3.11/site-packages/torchvision/models/_utils.py:222: UserWarning: Arguments other than a weight enum or `None` for 'weights' are deprecated since 0.13 and may be removed in the future. The current behavior is equivalent to passing `weights=VGG16_Weights.IMAGENET1K_V1`. You can also use `weights=VGG16_Weights.DEFAULT` to get the most up-to-date weights.
  warnings.warn(msg)
IP2P 線：1 張、條件 ['patch']、steps=100 s_T=7.5 s_I=1.5 seed=20260812
/nfs/home/nelson0314/venvs/wacv/lib/python3.11/site-packages/diffusers/image_processor.py:724: FutureWarning: Passing `image` as torch tensor with value range in [-1,1] is deprecated. The expected value range for image tensor is [0,1] when passing as pytorch tensor or numpy Array. You passed `image` with value range [-1.0,1.0]
  warnings.warn(
Loading weights:   0%|          | 0/380 [00:00<?, ?it/s]Loading weights: 100%|██████████| 380/380 [00:00<00:00, 6906.54it/s]
    [patch] step    0 loss 0.546740 |p| 0.41148 eval 0.210634
    [patch] step  150 loss 0.002585 |p| 0.41159
    [patch] step  200 loss 0.094898 |p| 0.41173 eval 0.140361
    [patch] step  300 loss 0.002283 |p| 0.41159
    [patch] step  400 loss 0.107063 |p| 0.41173 eval 0.135926
    [patch] step  450 loss 0.397451 |p| 0.41173
    [patch] step  600 loss 0.100157 |p| 0.41176 eval 0.134218
    [patch] step  750 loss 0.003835 |p| 0.41168
    [patch] step  800 loss 0.134129 |p| 0.41180 eval 0.132714
    [patch] step  900 loss 0.001727 |p| 0.41165
    [patch] step 1000 loss 0.014902 |p| 0.41175 eval 0.132884
    [patch] step 1050 loss 0.065237 |p| 0.41180
    [patch] step 1200 loss 0.186224 |p| 0.41177 eval 0.131351
    [patch] step 1350 loss 0.002415 |p| 0.41163
    [patch] step 1400 loss 0.015910 |p| 0.41175 eval 0.131443
    [patch] step 1500 loss 0.102523 |p| 0.41179
    [patch] step 1600 loss 0.143539 |p| 0.41182 eval 0.130434
    [patch] step 1650 loss 0.224719 |p| 0.41176
    [patch] step 1800 loss 0.076383 |p| 0.41174 eval 0.130209
    [patch] step 1950 loss 0.058046 |p| 0.41176
    [patch] step 2000 loss 0.024681 |p| 0.41173 eval 0.130623
    [patch] step 2100 loss 0.036115 |p| 0.41175
    [patch] step 2200 loss 0.008537 |p| 0.41171 eval 0.130136
    [patch] step 2250 loss 0.081509 |p| 0.41176
    [patch] step 2400 loss 0.001996 |p| 0.41158 eval 0.130156
    [patch] step 2550 loss 0.003637 |p| 0.41168
    [patch] step 2600 loss 0.043427 |p| 0.41175 eval 0.129829
    [patch] step 2700 loss 0.027958 |p| 0.41173
    [patch] step 2800 loss 0.268620 |p| 0.41178 eval 0.129112
    [patch] step 2850 loss 0.104004 |p| 0.41175
    [patch] step 3000 loss 0.041115 |p| 0.41176 eval 0.129407
    [patch] step 3150 loss 0.176804 |p| 0.41177
    [patch] step 3200 loss 0.226828 |p| 0.41181 eval 0.128695
    [patch] step 3300 loss 0.002317 |p| 0.41162
    [patch] step 3400 loss 0.038130 |p| 0.41172 eval 0.129380
    [patch] step 3450 loss 0.012853 |p| 0.41173
    [patch] step 3600 loss 0.005223 |p| 0.41167 eval 0.129629
    [patch] step 3750 loss 0.067274 |p| 0.41178
    [patch] step 3800 loss 0.024146 |p| 0.41173 eval 0.129210
    [patch] step 3900 loss 0.006032 |p| 0.41165
    [patch] step 4000 loss 0.016606 |p| 0.41175 eval 0.129066
    [patch] step 4050 loss 0.174855 |p| 0.41176
    [patch] step 4200 loss 0.095497 |p| 0.41170 eval 0.128430
    [patch] step 4350 loss 0.229676 |p| 0.41180
    [patch] step 4400 loss 0.079132 |p| 0.41177 eval 0.127900
    [patch] step 4500 loss 0.003878 |p| 0.41170
    [patch] step 4600 loss 0.135060 |p| 0.41176 eval 0.128255
    [patch] step 4650 loss 0.062811 |p| 0.41178
    [patch] step 4800 loss 0.121513 |p| 0.41179 eval 0.127691
    [patch] step 4950 loss 0.001609 |p| 0.41164
    [patch] step 5000 loss 0.004595 |p| 0.41175 eval 0.127875
    [patch] step 5100 loss 0.022668 |p| 0.41177
    [patch] step 5200 loss 0.087022 |p| 0.41177 eval 0.128166
    [patch] step 5250 loss 0.001726 |p| 0.41160
    [patch] step 5400 loss 0.302135 |p| 0.41180 eval 0.127576
    [patch] step 5550 loss 0.039556 |p| 0.41177
    [patch] step 5600 loss 0.149103 |p| 0.41177 eval 0.127723
    [patch] step 5700 loss 0.011544 |p| 0.41168
    [patch] step 5800 loss 0.016632 |p| 0.41171 eval 0.129997
    [patch] step 5850 loss 0.003884 |p| 0.41172
    [patch] step 5999 loss 0.377412 |p| 0.41176 eval 0.128094
/nfs/home/nelson0314/venvs/wacv/lib/python3.11/site-packages/diffusers/image_processor.py:724: FutureWarning: Passing `image` as torch tensor with value range in [-1,1] is deprecated. The expected value range for image tensor is [0,1] when passing as pytorch tensor or numpy Array. You passed `image` with value range [-1.0,1.0]
  warnings.warn(
Loading weights:   0%|          | 0/398 [00:00<?, ?it/s]Loading weights: 100%|██████████| 398/398 [00:00<00:00, 14720.62it/s]
[transformers] Model config: bos_token_id must be `None` or an integer within the vocabulary (between 0 and 31999), got 49406. This may result in unexpected behavior.
[transformers] Model config: eos_token_id must be `None` or an integer within the vocabulary (between 0 and 31999), got 49407. This may result in unexpected behavior.
Loading weights:   0%|          | 0/408 [00:00<?, ?it/s]Loading weights:  88%|████████▊ | 357/408 [00:00<00:00, 3534.48it/s]Loading weights: 100%|██████████| 408/408 [00:00<00:00, 3514.19it/s]
task_obj_swap_joint_mask_533428  patch          r=0.0500 dists=0.0349 lpips=0.0729 effect=0.1651 (6257s)

表：runs/ip2p_face_defence/clothing_pretty_task_obj_swap_joint_mask_533428/results.csv（1 列）
