Loading pipeline components...:   0%|          | 0/6 [00:00<?, ?it/s]Loading pipeline components...:  17%|█▋        | 1/6 [00:00<00:00,  8.96it/s]Loading pipeline components...:  67%|██████▋   | 4/6 [00:00<00:00, 18.97it/s]
Loading weights:   0%|          | 0/196 [00:00<?, ?it/s][ALoading weights: 100%|██████████| 196/196 [00:00<00:00, 4137.75it/s]
Loading pipeline components...: 100%|██████████| 6/6 [00:00<00:00,  8.04it/s]Loading pipeline components...: 100%|██████████| 6/6 [00:00<00:00,  9.05it/s]
There are modules in AutoencoderKL that should be kept in float32: []. Casting directly with `to()` can lead to inconsistent results; set `torch_dtype` in `from_pretrained()` instead to keep these modules in float32.
/nfs/home/nelson0314/venvs/wacv/lib/python3.11/site-packages/torchvision/models/_utils.py:207: UserWarning: The parameter 'pretrained' is deprecated since 0.13 and may be removed in the future, please use 'weights' instead.
  warnings.warn(
/nfs/home/nelson0314/venvs/wacv/lib/python3.11/site-packages/torchvision/models/_utils.py:222: UserWarning: Arguments other than a weight enum or `None` for 'weights' are deprecated since 0.13 and may be removed in the future. The current behavior is equivalent to passing `weights=VGG16_Weights.IMAGENET1K_V1`. You can also use `weights=VGG16_Weights.DEFAULT` to get the most up-to-date weights.
  warnings.warn(msg)
IP2P 線：1 張、條件 ['patch']、steps=100 s_T=7.5 s_I=1.5 seed=20260812
/nfs/home/nelson0314/venvs/wacv/lib/python3.11/site-packages/diffusers/image_processor.py:724: FutureWarning: Passing `image` as torch tensor with value range in [-1,1] is deprecated. The expected value range for image tensor is [0,1] when passing as pytorch tensor or numpy Array. You passed `image` with value range [-1.0,1.0]
  warnings.warn(
Warning: You are sending unauthenticated requests to the HF Hub. Please set a HF_TOKEN to enable higher rate limits and faster downloads.
Loading weights:   0%|          | 0/380 [00:00<?, ?it/s]Loading weights: 100%|██████████| 380/380 [00:00<00:00, 18918.15it/s]
    [patch] step    0 loss 0.476680 |p| 0.56493 eval 0.167732
    [patch] step  150 loss 0.002159 |p| 0.56489
    [patch] step  200 loss 0.069225 |p| 0.56473 eval 0.101532
    [patch] step  300 loss 0.002035 |p| 0.56491
    [patch] step  400 loss 0.078611 |p| 0.56473 eval 0.097918
    [patch] step  450 loss 0.310384 |p| 0.56473
    [patch] step  600 loss 0.068754 |p| 0.56468 eval 0.096700
    [patch] step  750 loss 0.003911 |p| 0.56481
    [patch] step  800 loss 0.095232 |p| 0.56469 eval 0.095372
    [patch] step  900 loss 0.001568 |p| 0.56486
    [patch] step 1000 loss 0.009656 |p| 0.56473 eval 0.096312
    [patch] step 1050 loss 0.041528 |p| 0.56472
    [patch] step 1200 loss 0.132214 |p| 0.56465 eval 0.094146
    [patch] step 1350 loss 0.002044 |p| 0.56482
    [patch] step 1400 loss 0.010686 |p| 0.56470 eval 0.094149
    [patch] step 1500 loss 0.071945 |p| 0.56464
    [patch] step 1600 loss 0.103744 |p| 0.56460 eval 0.093417
    [patch] step 1650 loss 0.165553 |p| 0.56463
    [patch] step 1800 loss 0.053585 |p| 0.56466 eval 0.093341
    [patch] step 1950 loss 0.035214 |p| 0.56463
    [patch] step 2000 loss 0.015295 |p| 0.56462 eval 0.093770
    [patch] step 2100 loss 0.021521 |p| 0.56468
    [patch] step 2200 loss 0.006149 |p| 0.56471 eval 0.093571
    [patch] step 2250 loss 0.057781 |p| 0.56466
    [patch] step 2400 loss 0.001750 |p| 0.56490 eval 0.093251
    [patch] step 2550 loss 0.003377 |p| 0.56481
    [patch] step 2600 loss 0.025346 |p| 0.56465 eval 0.093399
    [patch] step 2700 loss 0.017012 |p| 0.56466
    [patch] step 2800 loss 0.202598 |p| 0.56473 eval 0.092880
    [patch] step 2850 loss 0.068719 |p| 0.56470
    [patch] step 3000 loss 0.025836 |p| 0.56474 eval 0.093050
    [patch] step 3150 loss 0.131215 |p| 0.56469
    [patch] step 3200 loss 0.170918 |p| 0.56462 eval 0.092651
    [patch] step 3300 loss 0.002058 |p| 0.56470
    [patch] step 3400 loss 0.023848 |p| 0.56470 eval 0.093123
    [patch] step 3450 loss 0.009058 |p| 0.56472
    [patch] step 3600 loss 0.003507 |p| 0.56476 eval 0.093586
    [patch] step 3750 loss 0.042238 |p| 0.56466
    [patch] step 3800 loss 0.014755 |p| 0.56473 eval 0.093465
    [patch] step 3900 loss 0.004677 |p| 0.56477
    [patch] step 4000 loss 0.011408 |p| 0.56474 eval 0.093510
    [patch] step 4050 loss 0.126728 |p| 0.56468
    [patch] step 4200 loss 0.065211 |p| 0.56474 eval 0.093035
    [patch] step 4350 loss 0.171454 |p| 0.56468
    [patch] step 4400 loss 0.051022 |p| 0.56469 eval 0.092567
    [patch] step 4500 loss 0.002970 |p| 0.56478
    [patch] step 4600 loss 0.101549 |p| 0.56469 eval 0.092886
    [patch] step 4650 loss 0.043145 |p| 0.56468
    [patch] step 4800 loss 0.087060 |p| 0.56464 eval 0.092363
    [patch] step 4950 loss 0.001249 |p| 0.56477
    [patch] step 5000 loss 0.003342 |p| 0.56480 eval 0.092889
    [patch] step 5100 loss 0.013940 |p| 0.56464
    [patch] step 5200 loss 0.060770 |p| 0.56464 eval 0.092707
    [patch] step 5250 loss 0.001451 |p| 0.56482
    [patch] step 5400 loss 0.231350 |p| 0.56458 eval 0.092285
    [patch] step 5550 loss 0.024765 |p| 0.56468
    [patch] step 5600 loss 0.109173 |p| 0.56463 eval 0.092387
    [patch] step 5700 loss 0.007838 |p| 0.56478
    [patch] step 5800 loss 0.010875 |p| 0.56474 eval 0.093543
    [patch] step 5850 loss 0.002604 |p| 0.56467
    [patch] step 5999 loss 0.300081 |p| 0.56469 eval 0.092764
/nfs/home/nelson0314/venvs/wacv/lib/python3.11/site-packages/diffusers/image_processor.py:724: FutureWarning: Passing `image` as torch tensor with value range in [-1,1] is deprecated. The expected value range for image tensor is [0,1] when passing as pytorch tensor or numpy Array. You passed `image` with value range [-1.0,1.0]
  warnings.warn(
Loading weights:   0%|          | 0/398 [00:00<?, ?it/s]Loading weights: 100%|██████████| 398/398 [00:00<00:00, 10014.48it/s]
[transformers] Model config: bos_token_id must be `None` or an integer within the vocabulary (between 0 and 31999), got 49406. This may result in unexpected behavior.
[transformers] Model config: eos_token_id must be `None` or an integer within the vocabulary (between 0 and 31999), got 49407. This may result in unexpected behavior.
Loading weights:   0%|          | 0/408 [00:00<?, ?it/s]Loading weights:  81%|████████  | 330/408 [00:00<00:00, 3295.53it/s]Loading weights: 100%|██████████| 408/408 [00:00<00:00, 3514.38it/s]
task_env_weather_70149           patch          r=0.0500 dists=0.0514 lpips=0.0748 effect=0.1618 (6351s)

表：runs/ip2p_face_defence/clothing_pretty_task_env_weather_70149/results.csv（1 列）
