Warning: You are sending unauthenticated requests to the HF Hub. Please set a HF_TOKEN to enable higher rate limits and faster downloads.
Loading pipeline components...:   0%|          | 0/6 [00:00<?, ?it/s]Loading pipeline components...:  33%|███▎      | 2/6 [00:00<00:00, 15.13it/s]
Loading weights:   0%|          | 0/196 [00:00<?, ?it/s][ALoading weights: 100%|██████████| 196/196 [00:00<00:00, 4478.46it/s]
Loading pipeline components...:  67%|██████▋   | 4/6 [00:00<00:00, 14.28it/s]Loading pipeline components...: 100%|██████████| 6/6 [00:00<00:00, 14.77it/s]Loading pipeline components...: 100%|██████████| 6/6 [00:00<00:00, 14.71it/s]
There are modules in AutoencoderKL that should be kept in float32: []. Casting directly with `to()` can lead to inconsistent results; set `torch_dtype` in `from_pretrained()` instead to keep these modules in float32.
/nfs/home/nelson0314/venvs/wacv/lib/python3.11/site-packages/torchvision/models/_utils.py:207: UserWarning: The parameter 'pretrained' is deprecated since 0.13 and may be removed in the future, please use 'weights' instead.
  warnings.warn(
/nfs/home/nelson0314/venvs/wacv/lib/python3.11/site-packages/torchvision/models/_utils.py:222: UserWarning: Arguments other than a weight enum or `None` for 'weights' are deprecated since 0.13 and may be removed in the future. The current behavior is equivalent to passing `weights=VGG16_Weights.IMAGENET1K_V1`. You can also use `weights=VGG16_Weights.DEFAULT` to get the most up-to-date weights.
  warnings.warn(msg)
IP2P 線：1 張、條件 ['patch']、steps=100 s_T=7.5 s_I=1.5 seed=20260812
/nfs/home/nelson0314/venvs/wacv/lib/python3.11/site-packages/diffusers/image_processor.py:724: FutureWarning: Passing `image` as torch tensor with value range in [-1,1] is deprecated. The expected value range for image tensor is [0,1] when passing as pytorch tensor or numpy Array. You passed `image` with value range [-1.0,1.0]
  warnings.warn(
Loading weights:   0%|          | 0/380 [00:00<?, ?it/s]Loading weights: 100%|██████████| 380/380 [00:00<00:00, 16349.55it/s]
    [patch] step    0 loss 0.444197 |p| 0.45531 eval 0.175397
    [patch] step  150 loss 0.002132 |p| 0.45532
    [patch] step  200 loss 0.090414 |p| 0.45523 eval 0.111382
    [patch] step  300 loss 0.001941 |p| 0.45533
    [patch] step  400 loss 0.104934 |p| 0.45521 eval 0.107449
    [patch] step  450 loss 0.265805 |p| 0.45527
    [patch] step  600 loss 0.094931 |p| 0.45528 eval 0.105750
    [patch] step  750 loss 0.004468 |p| 0.45529
    [patch] step  800 loss 0.115641 |p| 0.45525 eval 0.104589
    [patch] step  900 loss 0.001354 |p| 0.45542
    [patch] step 1000 loss 0.014367 |p| 0.45530 eval 0.104389
    [patch] step 1050 loss 0.061368 |p| 0.45528
    [patch] step 1200 loss 0.148959 |p| 0.45529 eval 0.103262
    [patch] step 1350 loss 0.002372 |p| 0.45531
    [patch] step 1400 loss 0.014205 |p| 0.45534 eval 0.103346
    [patch] step 1500 loss 0.099967 |p| 0.45523
    [patch] step 1600 loss 0.125770 |p| 0.45520 eval 0.102643
    [patch] step 1650 loss 0.176611 |p| 0.45528
    [patch] step 1800 loss 0.072878 |p| 0.45530 eval 0.102473
    [patch] step 1950 loss 0.053271 |p| 0.45526
    [patch] step 2000 loss 0.022742 |p| 0.45524 eval 0.102467
    [patch] step 2100 loss 0.030862 |p| 0.45527
    [patch] step 2200 loss 0.008534 |p| 0.45528 eval 0.102457
    [patch] step 2250 loss 0.080665 |p| 0.45520
    [patch] step 2400 loss 0.001784 |p| 0.45541 eval 0.102724
    [patch] step 2550 loss 0.004433 |p| 0.45530
    [patch] step 2600 loss 0.037042 |p| 0.45523 eval 0.102222
    [patch] step 2700 loss 0.025517 |p| 0.45526
    [patch] step 2800 loss 0.199416 |p| 0.45530 eval 0.101735
    [patch] step 2850 loss 0.093186 |p| 0.45530
    [patch] step 3000 loss 0.039063 |p| 0.45529 eval 0.102104
    [patch] step 3150 loss 0.142768 |p| 0.45527
    [patch] step 3200 loss 0.174827 |p| 0.45520 eval 0.101303
    [patch] step 3300 loss 0.001921 |p| 0.45532
    [patch] step 3400 loss 0.032686 |p| 0.45527 eval 0.101589
    [patch] step 3450 loss 0.010797 |p| 0.45525
    [patch] step 3600 loss 0.004540 |p| 0.45526 eval 0.101989
    [patch] step 3750 loss 0.059207 |p| 0.45528
    [patch] step 3800 loss 0.022417 |p| 0.45529 eval 0.101717
    [patch] step 3900 loss 0.005649 |p| 0.45532
    [patch] step 4000 loss 0.014622 |p| 0.45530 eval 0.101803
    [patch] step 4050 loss 0.143031 |p| 0.45525
    [patch] step 4200 loss 0.091413 |p| 0.45531 eval 0.101520
    [patch] step 4350 loss 0.171968 |p| 0.45525
    [patch] step 4400 loss 0.070161 |p| 0.45519 eval 0.101428
    [patch] step 4500 loss 0.002968 |p| 0.45534
    [patch] step 4600 loss 0.116592 |p| 0.45531 eval 0.101313
    [patch] step 4650 loss 0.057616 |p| 0.45527
    [patch] step 4800 loss 0.106323 |p| 0.45524 eval 0.100934
    [patch] step 4950 loss 0.001146 |p| 0.45541
    [patch] step 5000 loss 0.004310 |p| 0.45536 eval 0.101147
    [patch] step 5100 loss 0.021952 |p| 0.45528
    [patch] step 5200 loss 0.082261 |p| 0.45526 eval 0.101235
    [patch] step 5250 loss 0.001304 |p| 0.45541
    [patch] step 5400 loss 0.211934 |p| 0.45527 eval 0.100729
    [patch] step 5550 loss 0.035049 |p| 0.45527
    [patch] step 5600 loss 0.124923 |p| 0.45528 eval 0.100966
    [patch] step 5700 loss 0.010927 |p| 0.45533
    [patch] step 5800 loss 0.015571 |p| 0.45533 eval 0.101765
    [patch] step 5850 loss 0.003683 |p| 0.45529
    [patch] step 5999 loss 0.246442 |p| 0.45527 eval 0.101029
/nfs/home/nelson0314/venvs/wacv/lib/python3.11/site-packages/diffusers/image_processor.py:724: FutureWarning: Passing `image` as torch tensor with value range in [-1,1] is deprecated. The expected value range for image tensor is [0,1] when passing as pytorch tensor or numpy Array. You passed `image` with value range [-1.0,1.0]
  warnings.warn(
Loading weights:   0%|          | 0/398 [00:00<?, ?it/s]Loading weights: 100%|██████████| 398/398 [00:00<00:00, 11625.77it/s]
[transformers] Model config: bos_token_id must be `None` or an integer within the vocabulary (between 0 and 31999), got 49406. This may result in unexpected behavior.
[transformers] Model config: eos_token_id must be `None` or an integer within the vocabulary (between 0 and 31999), got 49407. This may result in unexpected behavior.
Loading weights:   0%|          | 0/408 [00:00<?, ?it/s]Loading weights:  85%|████████▍ | 345/408 [00:00<00:00, 3438.23it/s]Loading weights: 100%|██████████| 408/408 [00:00<00:00, 3438.11it/s]
task_attr_mod_color_123744       patch          r=0.0500 dists=0.0591 lpips=0.0987 effect=0.1563 (6443s)

表：runs/ip2p_face_defence/clothing_pretty_task_attr_mod_color_123744/results.csv（1 列）
