Warning: You are sending unauthenticated requests to the HF Hub. Please set a HF_TOKEN to enable higher rate limits and faster downloads.
Loading pipeline components...:   0%|          | 0/6 [00:00<?, ?it/s]
Loading weights:   0%|          | 0/196 [00:00<?, ?it/s][ALoading weights: 100%|██████████| 196/196 [00:00<00:00, 5553.46it/s]
Loading pipeline components...:  17%|█▋        | 1/6 [00:00<00:00,  5.24it/s]Loading pipeline components...:  83%|████████▎ | 5/6 [00:00<00:00,  9.79it/s]Loading pipeline components...: 100%|██████████| 6/6 [00:00<00:00,  9.81it/s]
There are modules in AutoencoderKL that should be kept in float32: []. Casting directly with `to()` can lead to inconsistent results; set `torch_dtype` in `from_pretrained()` instead to keep these modules in float32.
/nfs/home/nelson0314/venvs/wacv/lib/python3.11/site-packages/torchvision/models/_utils.py:207: UserWarning: The parameter 'pretrained' is deprecated since 0.13 and may be removed in the future, please use 'weights' instead.
  warnings.warn(
/nfs/home/nelson0314/venvs/wacv/lib/python3.11/site-packages/torchvision/models/_utils.py:222: UserWarning: Arguments other than a weight enum or `None` for 'weights' are deprecated since 0.13 and may be removed in the future. The current behavior is equivalent to passing `weights=VGG16_Weights.IMAGENET1K_V1`. You can also use `weights=VGG16_Weights.DEFAULT` to get the most up-to-date weights.
  warnings.warn(msg)
IP2P 線：1 張、條件 ['patch']、steps=100 s_T=7.5 s_I=1.5 seed=20260812
/nfs/home/nelson0314/venvs/wacv/lib/python3.11/site-packages/diffusers/image_processor.py:724: FutureWarning: Passing `image` as torch tensor with value range in [-1,1] is deprecated. The expected value range for image tensor is [0,1] when passing as pytorch tensor or numpy Array. You passed `image` with value range [-1.0,1.0]
  warnings.warn(
Loading weights:   0%|          | 0/380 [00:00<?, ?it/s]Loading weights: 100%|██████████| 380/380 [00:00<00:00, 16037.14it/s]
    [patch] step    0 loss 0.301525 |p| 0.22832 eval 0.067985
    [patch] step  150 loss 0.000805 |p| 0.23521
    [patch] step  200 loss 0.009716 |p| 0.23848 eval 0.014731
    [patch] step  300 loss 0.000561 |p| 0.24377
    [patch] step  400 loss 0.009462 |p| 0.24779 eval 0.012662
    [patch] step  450 loss 0.029775 |p| 0.24961
    [patch] step  600 loss 0.007884 |p| 0.25423 eval 0.011769
    [patch] step  750 loss 0.001405 |p| 0.25757
    [patch] step  800 loss 0.010373 |p| 0.25855 eval 0.010986
    [patch] step  900 loss 0.000400 |p| 0.26021
    [patch] step 1000 loss 0.003205 |p| 0.26177 eval 0.010983
    [patch] step 1050 loss 0.005437 |p| 0.26249
    [patch] step 1200 loss 0.013799 |p| 0.26427 eval 0.010279
    [patch] step 1350 loss 0.000624 |p| 0.26574
    [patch] step 1400 loss 0.002077 |p| 0.26615 eval 0.010220
    [patch] step 1500 loss 0.006774 |p| 0.26708
    [patch] step 1600 loss 0.011144 |p| 0.26780 eval 0.009961
    [patch] step 1650 loss 0.018029 |p| 0.26814
    [patch] step 1800 loss 0.006332 |p| 0.26906 eval 0.009887
    [patch] step 1950 loss 0.004310 |p| 0.26987
    [patch] step 2000 loss 0.002982 |p| 0.27016 eval 0.009901
    [patch] step 2100 loss 0.003225 |p| 0.27068
    [patch] step 2200 loss 0.001856 |p| 0.27109 eval 0.009785
    [patch] step 2250 loss 0.005870 |p| 0.27131
    [patch] step 2400 loss 0.000487 |p| 0.27190 eval 0.009926
    [patch] step 2550 loss 0.001066 |p| 0.27241
    [patch] step 2600 loss 0.002984 |p| 0.27250 eval 0.009617
    [patch] step 2700 loss 0.002915 |p| 0.27287
    [patch] step 2800 loss 0.020330 |p| 0.27309 eval 0.009407
    [patch] step 2850 loss 0.007227 |p| 0.27326
    [patch] step 3000 loss 0.003794 |p| 0.27357 eval 0.009474
    [patch] step 3150 loss 0.012181 |p| 0.27388
    [patch] step 3200 loss 0.017591 |p| 0.27400 eval 0.009241
    [patch] step 3300 loss 0.000598 |p| 0.27424
    [patch] step 3400 loss 0.002972 |p| 0.27441 eval 0.009519
    [patch] step 3450 loss 0.001768 |p| 0.27445
    [patch] step 3600 loss 0.000877 |p| 0.27476 eval 0.009502
    [patch] step 3750 loss 0.004370 |p| 0.27497
    [patch] step 3800 loss 0.002060 |p| 0.27512 eval 0.009490
    [patch] step 3900 loss 0.001217 |p| 0.27524
    [patch] step 4000 loss 0.001827 |p| 0.27532 eval 0.009438
    [patch] step 4050 loss 0.012961 |p| 0.27532
    [patch] step 4200 loss 0.007009 |p| 0.27562 eval 0.009306
    [patch] step 4350 loss 0.016449 |p| 0.27570
    [patch] step 4400 loss 0.004842 |p| 0.27577 eval 0.009206
    [patch] step 4500 loss 0.000846 |p| 0.27587
    [patch] step 4600 loss 0.009455 |p| 0.27588 eval 0.009190
    [patch] step 4650 loss 0.004511 |p| 0.27588
    [patch] step 4800 loss 0.008376 |p| 0.27599 eval 0.009134
    [patch] step 4950 loss 0.000379 |p| 0.27603
    [patch] step 5000 loss 0.000898 |p| 0.27611 eval 0.009194
    [patch] step 5100 loss 0.002175 |p| 0.27626
    [patch] step 5200 loss 0.005963 |p| 0.27632 eval 0.009183
    [patch] step 5250 loss 0.000431 |p| 0.27632
    [patch] step 5400 loss 0.020773 |p| 0.27637 eval 0.008976
    [patch] step 5550 loss 0.002847 |p| 0.27642
    [patch] step 5600 loss 0.010130 |p| 0.27642 eval 0.008944
    [patch] step 5700 loss 0.001578 |p| 0.27660
    [patch] step 5800 loss 0.001991 |p| 0.27660 eval 0.009305
    [patch] step 5850 loss 0.000632 |p| 0.27663
    [patch] step 5999 loss 0.019468 |p| 0.27678 eval 0.009029
/nfs/home/nelson0314/venvs/wacv/lib/python3.11/site-packages/diffusers/image_processor.py:724: FutureWarning: Passing `image` as torch tensor with value range in [-1,1] is deprecated. The expected value range for image tensor is [0,1] when passing as pytorch tensor or numpy Array. You passed `image` with value range [-1.0,1.0]
  warnings.warn(
Loading weights:   0%|          | 0/398 [00:00<?, ?it/s]Loading weights: 100%|██████████| 398/398 [00:00<00:00, 14222.22it/s]
[transformers] Model config: bos_token_id must be `None` or an integer within the vocabulary (between 0 and 31999), got 49406. This may result in unexpected behavior.
[transformers] Model config: eos_token_id must be `None` or an integer within the vocabulary (between 0 and 31999), got 49407. This may result in unexpected behavior.
Loading weights:   0%|          | 0/408 [00:00<?, ?it/s]Loading weights:  95%|█████████▌| 388/408 [00:00<00:00, 3840.91it/s]Loading weights: 100%|██████████| 408/408 [00:00<00:00, 3878.83it/s]
task_attr_mod_color_202962       patch          r=0.0500 dists=0.2494 lpips=0.1875 effect=0.2816 (6344s)

表：runs/ip2p_face_defence/clothing_plain_task_attr_mod_color_202962/results.csv（1 列）
