Warning: You are sending unauthenticated requests to the HF Hub. Please set a HF_TOKEN to enable higher rate limits and faster downloads.
Loading pipeline components...:   0%|          | 0/6 [00:00<?, ?it/s]Loading pipeline components...:  17%|█▋        | 1/6 [00:00<00:00,  7.51it/s]
Loading weights:   0%|          | 0/196 [00:00<?, ?it/s][ALoading weights: 100%|██████████| 196/196 [00:00<00:00, 3244.80it/s]
Loading pipeline components...:  83%|████████▎ | 5/6 [00:00<00:00, 15.20it/s]Loading pipeline components...: 100%|██████████| 6/6 [00:00<00:00, 13.62it/s]
There are modules in AutoencoderKL that should be kept in float32: []. Casting directly with `to()` can lead to inconsistent results; set `torch_dtype` in `from_pretrained()` instead to keep these modules in float32.
/nfs/home/nelson0314/venvs/wacv/lib/python3.11/site-packages/torchvision/models/_utils.py:207: UserWarning: The parameter 'pretrained' is deprecated since 0.13 and may be removed in the future, please use 'weights' instead.
  warnings.warn(
/nfs/home/nelson0314/venvs/wacv/lib/python3.11/site-packages/torchvision/models/_utils.py:222: UserWarning: Arguments other than a weight enum or `None` for 'weights' are deprecated since 0.13 and may be removed in the future. The current behavior is equivalent to passing `weights=VGG16_Weights.IMAGENET1K_V1`. You can also use `weights=VGG16_Weights.DEFAULT` to get the most up-to-date weights.
  warnings.warn(msg)
IP2P 線：13 張、條件 ['gain_only']、steps=100 s_T=7.5 s_I=1.5 seed=20260812
/nfs/home/nelson0314/venvs/wacv/lib/python3.11/site-packages/diffusers/image_processor.py:724: FutureWarning: Passing `image` as torch tensor with value range in [-1,1] is deprecated. The expected value range for image tensor is [0,1] when passing as pytorch tensor or numpy Array. You passed `image` with value range [-1.0,1.0]
  warnings.warn(
Loading weights:   0%|          | 0/398 [00:00<?, ?it/s]Loading weights: 100%|██████████| 398/398 [00:00<00:00, 10625.93it/s]
[transformers] Model config: bos_token_id must be `None` or an integer within the vocabulary (between 0 and 31999), got 49406. This may result in unexpected behavior.
[transformers] Model config: eos_token_id must be `None` or an integer within the vocabulary (between 0 and 31999), got 49407. This may result in unexpected behavior.
Loading weights:   0%|          | 0/408 [00:00<?, ?it/s]Loading weights:  66%|██████▌   | 269/408 [00:00<00:00, 2668.32it/s]Loading weights: 100%|██████████| 408/408 [00:00<00:00, 2733.53it/s]
task_attr_mod_color_11699        gain_only      r=0.9000 dists=0.0178 lpips=0.0697 effect=0.1157 (412s)
task_attr_mod_color_136767       gain_only      r=0.9000 dists=0.0352 lpips=0.1079 effect=0.1469 (400s)
task_attr_mod_color_184837       gain_only      r=0.9000 dists=0.0481 lpips=0.1084 effect=0.1886 (401s)
task_attr_mod_color_32648        gain_only      r=0.9000 dists=0.0162 lpips=0.1032 effect=0.0909 (400s)
task_attr_mod_color_6205         gain_only      r=0.9000 dists=0.0339 lpips=0.0602 effect=0.2062 (400s)
task_env_weather_112463          gain_only      r=0.9000 dists=0.0148 lpips=0.1056 effect=0.1774 (400s)
task_env_weather_246440          gain_only      r=0.9000 dists=0.0361 lpips=0.1036 effect=0.3476 (399s)
task_env_weather_63722           gain_only      r=0.9000 dists=0.0285 lpips=0.1006 effect=0.1720 (399s)
task_obj_add_40931               gain_only      r=0.9000 dists=0.0386 lpips=0.1845 effect=0.2319 (400s)
task_obj_remove_380621           gain_only      r=0.9000 dists=0.0318 lpips=0.1084 effect=0.1902 (399s)
task_obj_swap_joint_mask_276754  gain_only      r=0.9000 dists=0.0386 lpips=0.2820 effect=0.4168 (399s)
task_obj_swap_joint_mask_533428  gain_only      r=0.9000 dists=0.0353 lpips=0.1530 effect=0.3626 (399s)
task_obj_swap_rand_mask_417469   gain_only      r=0.9000 dists=0.0227 lpips=0.1285 effect=0.1872 (398s)

表：runs/ip2p_axis_necessity/a_gn_r09/results.csv（13 列）
