Warning: You are sending unauthenticated requests to the HF Hub. Please set a HF_TOKEN to enable higher rate limits and faster downloads.
Loading pipeline components...:   0%|          | 0/6 [00:00<?, ?it/s]Loading pipeline components...:  17%|█▋        | 1/6 [00:00<00:00,  7.71it/s]Loading pipeline components...:  33%|███▎      | 2/6 [00:00<00:00,  8.23it/s]
Loading weights:   0%|          | 0/196 [00:00<?, ?it/s][ALoading weights: 100%|██████████| 196/196 [00:00<00:00, 2839.97it/s]
Loading pipeline components...:  50%|█████     | 3/6 [00:00<00:00,  6.51it/s]Loading pipeline components...: 100%|██████████| 6/6 [00:00<00:00, 12.32it/s]
There are modules in AutoencoderKL that should be kept in float32: []. Casting directly with `to()` can lead to inconsistent results; set `torch_dtype` in `from_pretrained()` instead to keep these modules in float32.
/nfs/home/nelson0314/venvs/wacv/lib/python3.11/site-packages/torchvision/models/_utils.py:207: UserWarning: The parameter 'pretrained' is deprecated since 0.13 and may be removed in the future, please use 'weights' instead.
  warnings.warn(
/nfs/home/nelson0314/venvs/wacv/lib/python3.11/site-packages/torchvision/models/_utils.py:222: UserWarning: Arguments other than a weight enum or `None` for 'weights' are deprecated since 0.13 and may be removed in the future. The current behavior is equivalent to passing `weights=VGG16_Weights.IMAGENET1K_V1`. You can also use `weights=VGG16_Weights.DEFAULT` to get the most up-to-date weights.
  warnings.warn(msg)
IP2P 線：13 張、條件 ['phase_gain']、steps=100 s_T=7.5 s_I=1.5 seed=20260812
/nfs/home/nelson0314/venvs/wacv/lib/python3.11/site-packages/diffusers/image_processor.py:724: FutureWarning: Passing `image` as torch tensor with value range in [-1,1] is deprecated. The expected value range for image tensor is [0,1] when passing as pytorch tensor or numpy Array. You passed `image` with value range [-1.0,1.0]
  warnings.warn(
Loading weights:   0%|          | 0/398 [00:00<?, ?it/s]Loading weights: 100%|██████████| 398/398 [00:00<00:00, 9050.67it/s]
[transformers] Model config: bos_token_id must be `None` or an integer within the vocabulary (between 0 and 31999), got 49406. This may result in unexpected behavior.
[transformers] Model config: eos_token_id must be `None` or an integer within the vocabulary (between 0 and 31999), got 49407. This may result in unexpected behavior.
Loading weights:   0%|          | 0/408 [00:00<?, ?it/s]Loading weights:  67%|██████▋   | 274/408 [00:00<00:00, 2732.98it/s]Loading weights: 100%|██████████| 408/408 [00:00<00:00, 2720.98it/s]
task_attr_mod_color_11699        phase_gain     r=1.1000 dists=0.0391 lpips=0.1673 effect=0.2129 (416s)
task_attr_mod_color_136767       phase_gain     r=1.1000 dists=0.0738 lpips=0.2166 effect=0.3003 (405s)
task_attr_mod_color_184837       phase_gain     r=1.1000 dists=0.1049 lpips=0.2629 effect=0.4038 (404s)
task_attr_mod_color_32648        phase_gain     r=1.1000 dists=0.0367 lpips=0.2186 effect=0.1778 (404s)
task_attr_mod_color_6205         phase_gain     r=1.1000 dists=0.0728 lpips=0.1465 effect=0.3228 (404s)
task_env_weather_112463          phase_gain     r=1.1000 dists=0.0338 lpips=0.2717 effect=0.3032 (404s)
task_env_weather_246440          phase_gain     r=1.1000 dists=0.0731 lpips=0.2503 effect=0.4633 (404s)
task_env_weather_63722           phase_gain     r=1.1000 dists=0.0585 lpips=0.2274 effect=0.3195 (403s)
task_obj_add_40931               phase_gain     r=1.1000 dists=0.0716 lpips=0.3469 effect=0.3632 (403s)
task_obj_remove_380621           phase_gain     r=1.1000 dists=0.0641 lpips=0.2357 effect=0.4304 (403s)
task_obj_swap_joint_mask_276754  phase_gain     r=1.1000 dists=0.0734 lpips=0.3705 effect=0.6411 (403s)
task_obj_swap_joint_mask_533428  phase_gain     r=1.1000 dists=0.0690 lpips=0.3223 effect=0.4707 (403s)
task_obj_swap_rand_mask_417469   phase_gain     r=1.1000 dists=0.0529 lpips=0.2825 effect=0.3941 (401s)

表：runs/ip2p_axis_necessity/a_pg_r11/results.csv（13 列）
