Warning: You are sending unauthenticated requests to the HF Hub. Please set a HF_TOKEN to enable higher rate limits and faster downloads.
Loading pipeline components...:   0%|          | 0/6 [00:00<?, ?it/s]Loading pipeline components...:  67%|██████▋   | 4/6 [00:00<00:00, 26.66it/s]
Loading weights:   0%|          | 0/196 [00:00<?, ?it/s][ALoading weights: 100%|██████████| 196/196 [00:00<00:00, 3945.63it/s]
Loading pipeline components...: 100%|██████████| 6/6 [00:00<00:00, 12.26it/s]
There are modules in AutoencoderKL that should be kept in float32: []. Casting directly with `to()` can lead to inconsistent results; set `torch_dtype` in `from_pretrained()` instead to keep these modules in float32.
/nfs/home/nelson0314/venvs/wacv/lib/python3.11/site-packages/torchvision/models/_utils.py:207: UserWarning: The parameter 'pretrained' is deprecated since 0.13 and may be removed in the future, please use 'weights' instead.
  warnings.warn(
/nfs/home/nelson0314/venvs/wacv/lib/python3.11/site-packages/torchvision/models/_utils.py:222: UserWarning: Arguments other than a weight enum or `None` for 'weights' are deprecated since 0.13 and may be removed in the future. The current behavior is equivalent to passing `weights=VGG16_Weights.IMAGENET1K_V1`. You can also use `weights=VGG16_Weights.DEFAULT` to get the most up-to-date weights.
  warnings.warn(msg)
IP2P 線：13 張、條件 ['gain_only']、steps=100 s_T=7.5 s_I=1.5 seed=20260812
/nfs/home/nelson0314/venvs/wacv/lib/python3.11/site-packages/diffusers/image_processor.py:724: FutureWarning: Passing `image` as torch tensor with value range in [-1,1] is deprecated. The expected value range for image tensor is [0,1] when passing as pytorch tensor or numpy Array. You passed `image` with value range [-1.0,1.0]
  warnings.warn(
Loading weights:   0%|          | 0/398 [00:00<?, ?it/s]Loading weights: 100%|██████████| 398/398 [00:00<00:00, 9345.15it/s]
[transformers] Model config: bos_token_id must be `None` or an integer within the vocabulary (between 0 and 31999), got 49406. This may result in unexpected behavior.
[transformers] Model config: eos_token_id must be `None` or an integer within the vocabulary (between 0 and 31999), got 49407. This may result in unexpected behavior.
Loading weights:   0%|          | 0/408 [00:00<?, ?it/s]Loading weights:  95%|█████████▍| 387/408 [00:00<00:00, 3868.58it/s]Loading weights: 100%|██████████| 408/408 [00:00<00:00, 3857.32it/s]
task_attr_mod_color_11699        gain_only      r=2.4000 dists=0.1103 lpips=0.5059 effect=0.5149 (426s)
task_attr_mod_color_136767       gain_only      r=2.4000 dists=0.1485 lpips=0.4700 effect=0.6315 (416s)
task_attr_mod_color_184837       gain_only      r=2.4000 dists=0.1915 lpips=0.4888 effect=0.7828 (415s)
task_attr_mod_color_32648        gain_only      r=2.4000 dists=0.1305 lpips=0.5582 effect=0.6177 (415s)
task_attr_mod_color_6205         gain_only      r=2.4000 dists=0.1383 lpips=0.5254 effect=0.6880 (415s)
task_env_weather_112463          gain_only      r=2.4000 dists=0.0766 lpips=0.5668 effect=0.8419 (415s)
task_env_weather_246440          gain_only      r=2.4000 dists=0.1262 lpips=0.4313 effect=0.6077 (415s)
task_env_weather_63722           gain_only      r=2.4000 dists=0.1064 lpips=0.5041 effect=0.6711 (414s)
task_obj_add_40931               gain_only      r=2.4000 dists=0.1453 lpips=0.4991 effect=0.5923 (414s)
task_obj_remove_380621           gain_only      r=2.4000 dists=0.1243 lpips=0.5317 effect=0.7259 (414s)
task_obj_swap_joint_mask_276754  gain_only      r=2.4000 dists=0.1409 lpips=0.4804 effect=0.6845 (414s)
task_obj_swap_joint_mask_533428  gain_only      r=2.4000 dists=0.1216 lpips=0.4903 effect=0.6285 (415s)
task_obj_swap_rand_mask_417469   gain_only      r=2.4000 dists=0.1028 lpips=0.5071 effect=0.7790 (398s)

表：runs/ip2p_axis_necessity/b_gn_r24/results.csv（13 列）
