Loading pipeline components...:   0%|          | 0/6 [00:00<?, ?it/s]Loading pipeline components...:  33%|███▎      | 2/6 [00:00<00:00, 14.48it/s]
Loading weights:   0%|          | 0/196 [00:00<?, ?it/s][ALoading weights: 100%|██████████| 196/196 [00:00<00:00, 3971.99it/s]
Loading pipeline components...:  83%|████████▎ | 5/6 [00:00<00:00, 17.47it/s]Loading pipeline components...: 100%|██████████| 6/6 [00:00<00:00, 16.00it/s]
There are modules in AutoencoderKL that should be kept in float32: []. Casting directly with `to()` can lead to inconsistent results; set `torch_dtype` in `from_pretrained()` instead to keep these modules in float32.
/nfs/home/nelson0314/venvs/wacv/lib/python3.11/site-packages/torchvision/models/_utils.py:207: UserWarning: The parameter 'pretrained' is deprecated since 0.13 and may be removed in the future, please use 'weights' instead.
  warnings.warn(
/nfs/home/nelson0314/venvs/wacv/lib/python3.11/site-packages/torchvision/models/_utils.py:222: UserWarning: Arguments other than a weight enum or `None` for 'weights' are deprecated since 0.13 and may be removed in the future. The current behavior is equivalent to passing `weights=VGG16_Weights.IMAGENET1K_V1`. You can also use `weights=VGG16_Weights.DEFAULT` to get the most up-to-date weights.
  warnings.warn(msg)
IP2P 線：13 張、條件 ['phase_gain']、steps=100 s_T=7.5 s_I=1.5 seed=20260812
/nfs/home/nelson0314/venvs/wacv/lib/python3.11/site-packages/diffusers/image_processor.py:724: FutureWarning: Passing `image` as torch tensor with value range in [-1,1] is deprecated. The expected value range for image tensor is [0,1] when passing as pytorch tensor or numpy Array. You passed `image` with value range [-1.0,1.0]
  warnings.warn(
Warning: You are sending unauthenticated requests to the HF Hub. Please set a HF_TOKEN to enable higher rate limits and faster downloads.
Loading weights:   0%|          | 0/398 [00:00<?, ?it/s]Loading weights: 100%|██████████| 398/398 [00:00<00:00, 11519.47it/s]
[transformers] Model config: bos_token_id must be `None` or an integer within the vocabulary (between 0 and 31999), got 49406. This may result in unexpected behavior.
[transformers] Model config: eos_token_id must be `None` or an integer within the vocabulary (between 0 and 31999), got 49407. This may result in unexpected behavior.
Loading weights:   0%|          | 0/408 [00:00<?, ?it/s]Loading weights:  92%|█████████▏| 376/408 [00:00<00:00, 3757.45it/s]Loading weights: 100%|██████████| 408/408 [00:00<00:00, 3754.96it/s]
task_attr_mod_color_11699        phase_gain     r=1.5000 dists=0.1030 lpips=0.5022 effect=0.5277 (410s)
task_attr_mod_color_136767       phase_gain     r=1.5000 dists=0.1401 lpips=0.4714 effect=0.6334 (400s)
task_attr_mod_color_184837       phase_gain     r=1.5000 dists=0.1821 lpips=0.4905 effect=0.7517 (400s)
task_attr_mod_color_32648        phase_gain     r=1.5000 dists=0.1243 lpips=0.5581 effect=0.6222 (401s)
task_attr_mod_color_6205         phase_gain     r=1.5000 dists=0.1339 lpips=0.5232 effect=0.7199 (401s)
task_env_weather_112463          phase_gain     r=1.5000 dists=0.0676 lpips=0.5660 effect=0.8451 (401s)
task_env_weather_246440          phase_gain     r=1.5000 dists=0.1140 lpips=0.4362 effect=0.6128 (401s)
task_env_weather_63722           phase_gain     r=1.5000 dists=0.0951 lpips=0.5002 effect=0.6570 (401s)
task_obj_add_40931               phase_gain     r=1.5000 dists=0.1343 lpips=0.5054 effect=0.5770 (401s)
task_obj_remove_380621           phase_gain     r=1.5000 dists=0.1120 lpips=0.5240 effect=0.7223 (401s)
task_obj_swap_joint_mask_276754  phase_gain     r=1.5000 dists=0.1311 lpips=0.4816 effect=0.6858 (400s)
task_obj_swap_joint_mask_533428  phase_gain     r=1.5000 dists=0.1155 lpips=0.4941 effect=0.6348 (401s)
task_obj_swap_rand_mask_417469   phase_gain     r=1.5000 dists=0.0919 lpips=0.5056 effect=0.7936 (400s)

表：runs/ip2p_axis_necessity/b_pg_r15/results.csv（13 列）
