Warning: You are sending unauthenticated requests to the HF Hub. Please set a HF_TOKEN to enable higher rate limits and faster downloads.
Loading pipeline components...:   0%|          | 0/6 [00:00<?, ?it/s]
Loading weights:   0%|          | 0/196 [00:00<?, ?it/s][ALoading weights: 100%|██████████| 196/196 [00:00<00:00, 3438.98it/s]
Loading pipeline components...:  50%|█████     | 3/6 [00:00<00:00, 11.48it/s]Loading pipeline components...:  83%|████████▎ | 5/6 [00:00<00:00,  9.98it/s]Loading pipeline components...: 100%|██████████| 6/6 [00:00<00:00, 12.03it/s]
There are modules in AutoencoderKL that should be kept in float32: []. Casting directly with `to()` can lead to inconsistent results; set `torch_dtype` in `from_pretrained()` instead to keep these modules in float32.
/nfs/home/nelson0314/venvs/wacv/lib/python3.11/site-packages/torchvision/models/_utils.py:207: UserWarning: The parameter 'pretrained' is deprecated since 0.13 and may be removed in the future, please use 'weights' instead.
  warnings.warn(
/nfs/home/nelson0314/venvs/wacv/lib/python3.11/site-packages/torchvision/models/_utils.py:222: UserWarning: Arguments other than a weight enum or `None` for 'weights' are deprecated since 0.13 and may be removed in the future. The current behavior is equivalent to passing `weights=VGG16_Weights.IMAGENET1K_V1`. You can also use `weights=VGG16_Weights.DEFAULT` to get the most up-to-date weights.
  warnings.warn(msg)
IP2P 線：13 張、條件 ['phase']、steps=100 s_T=7.5 s_I=1.5 seed=20260812
/nfs/home/nelson0314/venvs/wacv/lib/python3.11/site-packages/diffusers/image_processor.py:724: FutureWarning: Passing `image` as torch tensor with value range in [-1,1] is deprecated. The expected value range for image tensor is [0,1] when passing as pytorch tensor or numpy Array. You passed `image` with value range [-1.0,1.0]
  warnings.warn(
Loading weights:   0%|          | 0/398 [00:00<?, ?it/s]Loading weights: 100%|██████████| 398/398 [00:00<00:00, 9584.01it/s]
[transformers] Model config: bos_token_id must be `None` or an integer within the vocabulary (between 0 and 31999), got 49406. This may result in unexpected behavior.
[transformers] Model config: eos_token_id must be `None` or an integer within the vocabulary (between 0 and 31999), got 49407. This may result in unexpected behavior.
Loading weights:   0%|          | 0/408 [00:00<?, ?it/s]Loading weights:  76%|███████▌  | 311/408 [00:00<00:00, 3103.06it/s]Loading weights: 100%|██████████| 408/408 [00:00<00:00, 3032.30it/s]
task_attr_mod_color_11699        phase          r=0.8000 dists=0.0381 lpips=0.4085 effect=0.3892 (439s)
task_attr_mod_color_136767       phase          r=0.8000 dists=0.0545 lpips=0.3872 effect=0.5688 (427s)
task_attr_mod_color_184837       phase          r=0.8000 dists=0.0435 lpips=0.3594 effect=0.4456 (426s)
task_attr_mod_color_32648        phase          r=0.8000 dists=0.0810 lpips=0.5280 effect=0.4511 (426s)
task_attr_mod_color_6205         phase          r=0.8000 dists=0.0626 lpips=0.4447 effect=0.5995 (426s)
task_env_weather_112463          phase          r=0.8000 dists=0.0185 lpips=0.5267 effect=0.8217 (426s)
task_env_weather_246440          phase          r=0.8000 dists=0.0294 lpips=0.3161 effect=0.4729 (426s)
task_env_weather_63722           phase          r=0.8000 dists=0.0347 lpips=0.4059 effect=0.4549 (426s)
task_obj_add_40931               phase          r=0.8000 dists=0.0384 lpips=0.4154 effect=0.4644 (426s)
task_obj_remove_380621           phase          r=0.8000 dists=0.0539 lpips=0.4548 effect=0.6353 (426s)
task_obj_swap_joint_mask_276754  phase          r=0.8000 dists=0.0424 lpips=0.4189 effect=0.4660 (426s)
task_obj_swap_joint_mask_533428  phase          r=0.8000 dists=0.0320 lpips=0.3880 effect=0.5503 (426s)
task_obj_swap_rand_mask_417469   phase          r=0.8000 dists=0.0334 lpips=0.4272 effect=0.6127 (417s)

表：runs/ip2p_axis_necessity/b_ph_r08/results.csv（13 列）
