Warning: You are sending unauthenticated requests to the HF Hub. Please set a HF_TOKEN to enable higher rate limits and faster downloads.
Loading pipeline components...:   0%|          | 0/6 [00:00<?, ?it/s]Loading pipeline components...:  50%|█████     | 3/6 [00:00<00:00, 28.92it/s]
Loading weights:   0%|          | 0/196 [00:00<?, ?it/s][ALoading weights: 100%|██████████| 196/196 [00:00<00:00, 2880.59it/s]
Loading pipeline components...: 100%|██████████| 6/6 [00:00<00:00, 10.54it/s]Loading pipeline components...: 100%|██████████| 6/6 [00:00<00:00, 11.65it/s]
There are modules in AutoencoderKL that should be kept in float32: []. Casting directly with `to()` can lead to inconsistent results; set `torch_dtype` in `from_pretrained()` instead to keep these modules in float32.
/nfs/home/nelson0314/venvs/wacv/lib/python3.11/site-packages/torchvision/models/_utils.py:207: UserWarning: The parameter 'pretrained' is deprecated since 0.13 and may be removed in the future, please use 'weights' instead.
  warnings.warn(
/nfs/home/nelson0314/venvs/wacv/lib/python3.11/site-packages/torchvision/models/_utils.py:222: UserWarning: Arguments other than a weight enum or `None` for 'weights' are deprecated since 0.13 and may be removed in the future. The current behavior is equivalent to passing `weights=VGG16_Weights.IMAGENET1K_V1`. You can also use `weights=VGG16_Weights.DEFAULT` to get the most up-to-date weights.
  warnings.warn(msg)
IP2P 線：13 張、條件 ['phase']、steps=100 s_T=7.5 s_I=1.5 seed=20260812
/nfs/home/nelson0314/venvs/wacv/lib/python3.11/site-packages/diffusers/image_processor.py:724: FutureWarning: Passing `image` as torch tensor with value range in [-1,1] is deprecated. The expected value range for image tensor is [0,1] when passing as pytorch tensor or numpy Array. You passed `image` with value range [-1.0,1.0]
  warnings.warn(
Loading weights:   0%|          | 0/398 [00:00<?, ?it/s]Loading weights: 100%|██████████| 398/398 [00:00<00:00, 13146.01it/s]
[transformers] Model config: bos_token_id must be `None` or an integer within the vocabulary (between 0 and 31999), got 49406. This may result in unexpected behavior.
[transformers] Model config: eos_token_id must be `None` or an integer within the vocabulary (between 0 and 31999), got 49407. This may result in unexpected behavior.
Loading weights:   0%|          | 0/408 [00:00<?, ?it/s]Loading weights:  67%|██████▋   | 275/408 [00:00<00:00, 2715.74it/s]Loading weights: 100%|██████████| 408/408 [00:00<00:00, 2687.19it/s]
task_attr_mod_color_11699        phase          r=1.8000 dists=0.0736 lpips=0.4844 effect=0.4882 (439s)
task_attr_mod_color_136767       phase          r=1.8000 dists=0.0947 lpips=0.4531 effect=0.6289 (426s)
task_attr_mod_color_184837       phase          r=1.8000 dists=0.1090 lpips=0.4553 effect=0.6108 (426s)
task_attr_mod_color_32648        phase          r=1.8000 dists=0.1195 lpips=0.5425 effect=0.5726 (425s)
task_attr_mod_color_6205         phase          r=1.8000 dists=0.1082 lpips=0.5125 effect=0.6529 (425s)
task_env_weather_112463          phase          r=1.8000 dists=0.0466 lpips=0.5680 effect=0.8370 (425s)
task_env_weather_246440          phase          r=1.8000 dists=0.0680 lpips=0.4021 effect=0.5468 (425s)
task_env_weather_63722           phase          r=1.8000 dists=0.0711 lpips=0.4867 effect=0.6052 (425s)
task_obj_add_40931               phase          r=1.8000 dists=0.0833 lpips=0.4793 effect=0.5379 (425s)
task_obj_remove_380621           phase          r=1.8000 dists=0.0888 lpips=0.5176 effect=0.7150 (425s)
task_obj_swap_joint_mask_276754  phase          r=1.8000 dists=0.0825 lpips=0.4639 effect=0.6920 (425s)
task_obj_swap_joint_mask_533428  phase          r=1.8000 dists=0.0715 lpips=0.4614 effect=0.5706 (425s)
task_obj_swap_rand_mask_417469   phase          r=1.8000 dists=0.0662 lpips=0.4927 effect=0.7459 (422s)

表：runs/ip2p_axis_necessity/b_ph_r18/results.csv（13 列）
