Loading pipeline components...:   0%|          | 0/6 [00:00<?, ?it/s]Loading pipeline components...:  33%|███▎      | 2/6 [00:00<00:00, 14.00it/s]Loading pipeline components...:  67%|██████▋   | 4/6 [00:00<00:00, 16.28it/s]
Loading weights:   0%|          | 0/196 [00:00<?, ?it/s][ALoading weights: 100%|██████████| 196/196 [00:00<00:00, 2983.48it/s]
Loading pipeline components...: 100%|██████████| 6/6 [00:00<00:00, 12.90it/s]Loading pipeline components...: 100%|██████████| 6/6 [00:00<00:00, 13.48it/s]
There are modules in AutoencoderKL that should be kept in float32: []. Casting directly with `to()` can lead to inconsistent results; set `torch_dtype` in `from_pretrained()` instead to keep these modules in float32.
/nfs/home/nelson0314/venvs/wacv/lib/python3.11/site-packages/torchvision/models/_utils.py:207: UserWarning: The parameter 'pretrained' is deprecated since 0.13 and may be removed in the future, please use 'weights' instead.
  warnings.warn(
/nfs/home/nelson0314/venvs/wacv/lib/python3.11/site-packages/torchvision/models/_utils.py:222: UserWarning: Arguments other than a weight enum or `None` for 'weights' are deprecated since 0.13 and may be removed in the future. The current behavior is equivalent to passing `weights=VGG16_Weights.IMAGENET1K_V1`. You can also use `weights=VGG16_Weights.DEFAULT` to get the most up-to-date weights.
  warnings.warn(msg)
IP2P 線：13 張、條件 ['phase']、steps=100 s_T=7.5 s_I=1.5 seed=20260812
/nfs/home/nelson0314/venvs/wacv/lib/python3.11/site-packages/diffusers/image_processor.py:724: FutureWarning: Passing `image` as torch tensor with value range in [-1,1] is deprecated. The expected value range for image tensor is [0,1] when passing as pytorch tensor or numpy Array. You passed `image` with value range [-1.0,1.0]
  warnings.warn(
Warning: You are sending unauthenticated requests to the HF Hub. Please set a HF_TOKEN to enable higher rate limits and faster downloads.
Loading weights:   0%|          | 0/398 [00:00<?, ?it/s]Loading weights: 100%|██████████| 398/398 [00:00<00:00, 16658.18it/s]
[transformers] Model config: bos_token_id must be `None` or an integer within the vocabulary (between 0 and 31999), got 49406. This may result in unexpected behavior.
[transformers] Model config: eos_token_id must be `None` or an integer within the vocabulary (between 0 and 31999), got 49407. This may result in unexpected behavior.
Loading weights:   0%|          | 0/408 [00:00<?, ?it/s]Loading weights:  75%|███████▌  | 308/408 [00:00<00:00, 3074.81it/s]Loading weights: 100%|██████████| 408/408 [00:00<00:00, 2853.12it/s]
task_attr_mod_color_11699        phase          r=3.1416 dists=0.1138 lpips=0.5290 effect=0.5823 (428s)
task_attr_mod_color_136767       phase          r=3.1416 dists=0.1435 lpips=0.5005 effect=0.6277 (417s)
task_attr_mod_color_184837       phase          r=3.1416 dists=0.1870 lpips=0.5080 effect=0.7823 (417s)
task_attr_mod_color_32648        phase          r=3.1416 dists=0.1501 lpips=0.5625 effect=0.6048 (417s)
task_attr_mod_color_6205         phase          r=3.1416 dists=0.1470 lpips=0.5502 effect=0.7640 (416s)
task_env_weather_112463          phase          r=3.1416 dists=0.0789 lpips=0.5910 effect=0.8602 (416s)
task_env_weather_246440          phase          r=3.1416 dists=0.1187 lpips=0.4520 effect=0.6190 (416s)
task_env_weather_63722           phase          r=3.1416 dists=0.1119 lpips=0.5285 effect=0.6780 (416s)
task_obj_add_40931               phase          r=3.1416 dists=0.1264 lpips=0.5178 effect=0.7647 (416s)
task_obj_remove_380621           phase          r=3.1416 dists=0.1225 lpips=0.5512 effect=0.7277 (416s)
task_obj_swap_joint_mask_276754  phase          r=3.1416 dists=0.1376 lpips=0.4909 effect=0.6756 (416s)
task_obj_swap_joint_mask_533428  phase          r=3.1416 dists=0.1247 lpips=0.5087 effect=0.6355 (416s)
task_obj_swap_rand_mask_417469   phase          r=3.1416 dists=0.1096 lpips=0.5339 effect=0.7925 (406s)

表：runs/ip2p_axis_necessity/b_ph_rpi/results.csv（13 列）
