Loading pipeline components...:   0%|          | 0/6 [00:00<?, ?it/s]Loading pipeline components...:  33%|███▎      | 2/6 [00:00<00:00, 16.65it/s]
Loading weights:   0%|          | 0/196 [00:00<?, ?it/s][ALoading weights: 100%|██████████| 196/196 [00:00<00:00, 3849.57it/s]
Loading pipeline components...:  83%|████████▎ | 5/6 [00:00<00:00, 13.49it/s]Loading pipeline components...: 100%|██████████| 6/6 [00:00<00:00, 16.14it/s]
There are modules in AutoencoderKL that should be kept in float32: []. Casting directly with `to()` can lead to inconsistent results; set `torch_dtype` in `from_pretrained()` instead to keep these modules in float32.
/nfs/home/nelson0314/venvs/wacv/lib/python3.11/site-packages/torchvision/models/_utils.py:207: UserWarning: The parameter 'pretrained' is deprecated since 0.13 and may be removed in the future, please use 'weights' instead.
  warnings.warn(
/nfs/home/nelson0314/venvs/wacv/lib/python3.11/site-packages/torchvision/models/_utils.py:222: UserWarning: Arguments other than a weight enum or `None` for 'weights' are deprecated since 0.13 and may be removed in the future. The current behavior is equivalent to passing `weights=VGG16_Weights.IMAGENET1K_V1`. You can also use `weights=VGG16_Weights.DEFAULT` to get the most up-to-date weights.
  warnings.warn(msg)
IP2P 線：9 張、條件 ['dct_shield']、steps=100 s_T=7.5 s_I=1.5 seed=20260812
/nfs/home/nelson0314/venvs/wacv/lib/python3.11/site-packages/diffusers/image_processor.py:724: FutureWarning: Passing `image` as torch tensor with value range in [-1,1] is deprecated. The expected value range for image tensor is [0,1] when passing as pytorch tensor or numpy Array. You passed `image` with value range [-1.0,1.0]
  warnings.warn(
    [dct_shield] step    0 loss 106.0338
    [dct_shield] step  250 loss 72.9282
    [dct_shield] step  500 loss 71.3805
    [dct_shield] step  750 loss 70.2975
    [dct_shield] step  999 loss 69.1557
task_attr_mod_color_11699        dct_shield     r=1.0000 dists=0.0245 lpips=0.3090 effect=0.3294 (585s)
    [dct_shield] step    0 loss 167.1024
    [dct_shield] step  250 loss 86.6875
    [dct_shield] step  500 loss 83.6441
    [dct_shield] step  750 loss 81.2763
    [dct_shield] step  999 loss 79.4014
task_attr_mod_color_32648        dct_shield     r=1.0000 dists=0.0480 lpips=0.4760 effect=0.5822 (586s)
    [dct_shield] step    0 loss 102.8409
    [dct_shield] step  250 loss 60.8797
    [dct_shield] step  500 loss 59.1485
    [dct_shield] step  750 loss 57.8317
    [dct_shield] step  999 loss 56.5298
task_env_weather_133752          dct_shield     r=1.0000 dists=0.0307 lpips=0.3645 effect=0.3990 (586s)
    [dct_shield] step    0 loss 93.1648
    [dct_shield] step  250 loss 61.2701
    [dct_shield] step  500 loss 59.3717
    [dct_shield] step  750 loss 58.0890
    [dct_shield] step  999 loss 56.7585
task_env_weather_63722           dct_shield     r=1.0000 dists=0.0219 lpips=0.3010 effect=0.3872 (587s)
    [dct_shield] step    0 loss 115.1901
    [dct_shield] step  250 loss 81.8805
    [dct_shield] step  500 loss 80.6282
    [dct_shield] step  750 loss 79.8220
    [dct_shield] step  999 loss 78.7947
task_obj_add_40931               dct_shield     r=1.0000 dists=0.0159 lpips=0.2577 effect=0.3583 (587s)
    [dct_shield] step    0 loss 92.0406
    [dct_shield] step  250 loss 72.5474
    [dct_shield] step  500 loss 71.8160
    [dct_shield] step  750 loss 71.1635
    [dct_shield] step  999 loss 70.4567
task_obj_remove_10197            dct_shield     r=1.0000 dists=0.0113 lpips=0.1802 effect=0.4662 (587s)
    [dct_shield] step    0 loss 106.4088
    [dct_shield] step  250 loss 86.8771
    [dct_shield] step  500 loss 86.4821
    [dct_shield] step  750 loss 86.1043
    [dct_shield] step  999 loss 85.6115
task_obj_remove_509477           dct_shield     r=1.0000 dists=0.0081 lpips=0.1757 effect=0.1999 (588s)
    [dct_shield] step    0 loss 108.8397
    [dct_shield] step  250 loss 82.9747
    [dct_shield] step  500 loss 82.4087
    [dct_shield] step  750 loss 81.8560
    [dct_shield] step  999 loss 81.1070
task_obj_swap_joint_mask_533428  dct_shield     r=1.0000 dists=0.0110 lpips=0.2347 effect=0.4494 (596s)
    [dct_shield] step    0 loss 122.9210
    [dct_shield] step  250 loss 83.9896
    [dct_shield] step  500 loss 81.9464
    [dct_shield] step  750 loss 80.5753
    [dct_shield] step  999 loss 79.2492
task_obj_swap_rand_mask_417469   dct_shield     r=1.0000 dists=0.0130 lpips=0.3055 effect=0.4149 (188s)

表：runs/fair0820/a_dct/e10_q98_0/results.csv（9 列）
