Loading pipeline components...:   0%|          | 0/6 [00:00<?, ?it/s]
Loading weights:   0%|          | 0/196 [00:00<?, ?it/s][ALoading weights: 100%|██████████| 196/196 [00:00<00:00, 3913.70it/s]
Loading pipeline components...:  67%|██████▋   | 4/6 [00:00<00:00, 16.43it/s]Loading pipeline components...: 100%|██████████| 6/6 [00:00<00:00, 15.57it/s]Loading pipeline components...: 100%|██████████| 6/6 [00:00<00:00, 15.73it/s]
There are modules in AutoencoderKL that should be kept in float32: []. Casting directly with `to()` can lead to inconsistent results; set `torch_dtype` in `from_pretrained()` instead to keep these modules in float32.
/nfs/home/nelson0314/venvs/wacv/lib/python3.11/site-packages/torchvision/models/_utils.py:207: UserWarning: The parameter 'pretrained' is deprecated since 0.13 and may be removed in the future, please use 'weights' instead.
  warnings.warn(
/nfs/home/nelson0314/venvs/wacv/lib/python3.11/site-packages/torchvision/models/_utils.py:222: UserWarning: Arguments other than a weight enum or `None` for 'weights' are deprecated since 0.13 and may be removed in the future. The current behavior is equivalent to passing `weights=VGG16_Weights.IMAGENET1K_V1`. You can also use `weights=VGG16_Weights.DEFAULT` to get the most up-to-date weights.
  warnings.warn(msg)
IP2P 線：13 張、條件 ['phase']、steps=100 s_T=7.5 s_I=1.5 seed=20260812
/nfs/home/nelson0314/venvs/wacv/lib/python3.11/site-packages/diffusers/image_processor.py:724: FutureWarning: Passing `image` as torch tensor with value range in [-1,1] is deprecated. The expected value range for image tensor is [0,1] when passing as pytorch tensor or numpy Array. You passed `image` with value range [-1.0,1.0]
  warnings.warn(
Warning: You are sending unauthenticated requests to the HF Hub. Please set a HF_TOKEN to enable higher rate limits and faster downloads.
Loading weights:   0%|          | 0/398 [00:00<?, ?it/s]Loading weights: 100%|██████████| 398/398 [00:00<00:00, 20333.42it/s]
[transformers] Model config: bos_token_id must be `None` or an integer within the vocabulary (between 0 and 31999), got 49406. This may result in unexpected behavior.
[transformers] Model config: eos_token_id must be `None` or an integer within the vocabulary (between 0 and 31999), got 49407. This may result in unexpected behavior.
Loading weights:   0%|          | 0/408 [00:00<?, ?it/s]Loading weights:  88%|████████▊ | 359/408 [00:00<00:00, 3579.74it/s]Loading weights: 100%|██████████| 408/408 [00:00<00:00, 3577.19it/s]
task_attr_mod_color_11699        phase          r=3.1416 dists=0.1370 lpips=0.5726 effect=0.6293 (405s)
task_attr_mod_color_136767       phase          r=3.1416 dists=0.1597 lpips=0.5363 effect=0.6353 (394s)
task_attr_mod_color_184837       phase          r=3.1416 dists=0.1957 lpips=0.5379 effect=0.7823 (394s)
task_attr_mod_color_32648        phase          r=3.1416 dists=0.1907 lpips=0.6039 effect=0.6262 (394s)
task_attr_mod_color_6205         phase          r=3.1416 dists=0.1699 lpips=0.5901 effect=0.7419 (394s)
task_env_weather_112463          phase          r=3.1416 dists=0.0998 lpips=0.6219 effect=0.8783 (394s)
task_env_weather_246440          phase          r=3.1416 dists=0.1265 lpips=0.4749 effect=0.6190 (394s)
task_env_weather_63722           phase          r=3.1416 dists=0.1220 lpips=0.5650 effect=0.6875 (394s)
task_obj_add_40931               phase          r=3.1416 dists=0.1464 lpips=0.5423 effect=0.7101 (394s)
task_obj_remove_380621           phase          r=3.1416 dists=0.1480 lpips=0.5816 effect=0.7368 (394s)
task_obj_swap_joint_mask_276754  phase          r=3.1416 dists=0.1590 lpips=0.5091 effect=0.6847 (393s)
task_obj_swap_joint_mask_533428  phase          r=3.1416 dists=0.1431 lpips=0.5462 effect=0.6414 (393s)
task_obj_swap_rand_mask_417469   phase          r=3.1416 dists=0.1290 lpips=0.5588 effect=0.7535 (393s)

表：runs/ip2p_phase_floor/f060/results.csv（13 列）
