Warning: You are sending unauthenticated requests to the HF Hub. Please set a HF_TOKEN to enable higher rate limits and faster downloads.
Loading pipeline components...:   0%|          | 0/6 [00:00<?, ?it/s]Loading pipeline components...:  50%|█████     | 3/6 [00:00<00:00, 15.89it/s]
Loading weights:   0%|          | 0/196 [00:00<?, ?it/s][ALoading weights: 100%|██████████| 196/196 [00:00<00:00, 4314.99it/s]
Loading pipeline components...:  83%|████████▎ | 5/6 [00:00<00:00, 14.67it/s]Loading pipeline components...: 100%|██████████| 6/6 [00:00<00:00, 14.15it/s]
There are modules in AutoencoderKL that should be kept in float32: []. Casting directly with `to()` can lead to inconsistent results; set `torch_dtype` in `from_pretrained()` instead to keep these modules in float32.
/nfs/home/nelson0314/venvs/wacv/lib/python3.11/site-packages/torchvision/models/_utils.py:207: UserWarning: The parameter 'pretrained' is deprecated since 0.13 and may be removed in the future, please use 'weights' instead.
  warnings.warn(
/nfs/home/nelson0314/venvs/wacv/lib/python3.11/site-packages/torchvision/models/_utils.py:222: UserWarning: Arguments other than a weight enum or `None` for 'weights' are deprecated since 0.13 and may be removed in the future. The current behavior is equivalent to passing `weights=VGG16_Weights.IMAGENET1K_V1`. You can also use `weights=VGG16_Weights.DEFAULT` to get the most up-to-date weights.
  warnings.warn(msg)
IP2P 線：10 張、條件 ['dct_nonadd']、steps=100 s_T=7.5 s_I=1.5 seed=20260812
/nfs/home/nelson0314/venvs/wacv/lib/python3.11/site-packages/diffusers/image_processor.py:724: FutureWarning: Passing `image` as torch tensor with value range in [-1,1] is deprecated. The expected value range for image tensor is [0,1] when passing as pytorch tensor or numpy Array. You passed `image` with value range [-1.0,1.0]
  warnings.warn(
    [dct_nonadd] step    0 loss 105.950577 |p| 0.79138
    [dct_nonadd] step   25 loss 104.159554 |p| 0.76078
    [dct_nonadd] step   50 loss 98.756889 |p| 0.72946
    [dct_nonadd] step   75 loss 91.691673 |p| 0.70634
    [dct_nonadd] step  100 loss 85.486626 |p| 0.69141
    [dct_nonadd] step  125 loss 80.800331 |p| 0.68209
    [dct_nonadd] step  150 loss 77.288658 |p| 0.67680
    [dct_nonadd] step  175 loss 74.393486 |p| 0.67425
    [dct_nonadd] step  200 loss 72.025520 |p| 0.67346
    [dct_nonadd] step  225 loss 69.985420 |p| 0.67358
    [dct_nonadd] step  250 loss 68.170235 |p| 0.67416
    [dct_nonadd] step  275 loss 66.756645 |p| 0.67483
    [dct_nonadd] step  300 loss 65.642395 |p| 0.67567
    [dct_nonadd] step  325 loss 64.650757 |p| 0.67639
    [dct_nonadd] step  350 loss 63.881023 |p| 0.67731
    [dct_nonadd] step  375 loss 63.131977 |p| 0.67836
    [dct_nonadd] step  400 loss 62.498947 |p| 0.67949
    [dct_nonadd] step  425 loss 61.921246 |p| 0.68071
    [dct_nonadd] step  450 loss 61.451328 |p| 0.68198
    [dct_nonadd] step  475 loss 60.962551 |p| 0.68325
    [dct_nonadd] step  500 loss 60.662445 |p| 0.68458
    [dct_nonadd] step  525 loss 60.127506 |p| 0.68583
    [dct_nonadd] step  550 loss 59.766804 |p| 0.68712
    [dct_nonadd] step  575 loss 59.417797 |p| 0.68840
    [dct_nonadd] step  600 loss 59.163956 |p| 0.68964
    [dct_nonadd] step  625 loss 58.848259 |p| 0.69080
    [dct_nonadd] step  650 loss 58.522289 |p| 0.69214
    [dct_nonadd] step  675 loss 58.300610 |p| 0.69339
    [dct_nonadd] step  700 loss 58.013199 |p| 0.69458
    [dct_nonadd] step  725 loss 57.765678 |p| 0.69586
    [dct_nonadd] step  750 loss 57.479473 |p| 0.69716
    [dct_nonadd] step  775 loss 57.328613 |p| 0.69845
    [dct_nonadd] step  800 loss 57.110497 |p| 0.69977
    [dct_nonadd] step  825 loss 56.912186 |p| 0.70106
    [dct_nonadd] step  850 loss 56.722912 |p| 0.70236
    [dct_nonadd] step  875 loss 56.665661 |p| 0.70364
    [dct_nonadd] step  900 loss 56.464420 |p| 0.70490
    [dct_nonadd] step  925 loss 56.337093 |p| 0.70615
    [dct_nonadd] step  950 loss 56.249180 |p| 0.70735
    [dct_nonadd] step  975 loss 56.143551 |p| 0.70858
    [dct_nonadd] step  999 loss 56.049629 |p| 0.70979
Loading weights:   0%|          | 0/398 [00:00<?, ?it/s]Loading weights: 100%|██████████| 398/398 [00:00<00:00, 13381.00it/s]
[transformers] Model config: bos_token_id must be `None` or an integer within the vocabulary (between 0 and 31999), got 49406. This may result in unexpected behavior.
[transformers] Model config: eos_token_id must be `None` or an integer within the vocabulary (between 0 and 31999), got 49407. This may result in unexpected behavior.
Loading weights:   0%|          | 0/408 [00:00<?, ?it/s]Loading weights:  87%|████████▋ | 356/408 [00:00<00:00, 3559.10it/s]Loading weights: 100%|██████████| 408/408 [00:00<00:00, 3556.15it/s]
task_attr_mod_color_11699        dct_nonadd     r=3.1416 dists=0.1053 lpips=0.4048 effect=0.6119 (393s)
    [dct_nonadd] step    0 loss 133.485077 |p| 0.79139
    [dct_nonadd] step   25 loss 131.206635 |p| 0.75706
    [dct_nonadd] step   50 loss 124.413757 |p| 0.72005
    [dct_nonadd] step   75 loss 115.419418 |p| 0.68960
    [dct_nonadd] step  100 loss 107.650757 |p| 0.66936
    [dct_nonadd] step  125 loss 101.978050 |p| 0.65627
    [dct_nonadd] step  150 loss 98.093201 |p| 0.64797
    [dct_nonadd] step  175 loss 95.234695 |p| 0.64285
    [dct_nonadd] step  200 loss 93.083267 |p| 0.63990
    [dct_nonadd] step  225 loss 91.326057 |p| 0.63831
    [dct_nonadd] step  250 loss 89.872292 |p| 0.63752
    [dct_nonadd] step  275 loss 88.662407 |p| 0.63718
    [dct_nonadd] step  300 loss 87.700928 |p| 0.63717
    [dct_nonadd] step  325 loss 86.811874 |p| 0.63736
    [dct_nonadd] step  350 loss 86.087372 |p| 0.63783
    [dct_nonadd] step  375 loss 85.285774 |p| 0.63828
    [dct_nonadd] step  400 loss 84.778900 |p| 0.63895
    [dct_nonadd] step  425 loss 84.170547 |p| 0.63972
    [dct_nonadd] step  450 loss 83.783264 |p| 0.64052
    [dct_nonadd] step  475 loss 83.210754 |p| 0.64147
    [dct_nonadd] step  500 loss 82.901482 |p| 0.64240
    [dct_nonadd] step  525 loss 82.366257 |p| 0.64337
    [dct_nonadd] step  550 loss 82.013611 |p| 0.64436
    [dct_nonadd] step  575 loss 81.618912 |p| 0.64537
    [dct_nonadd] step  600 loss 81.397362 |p| 0.64639
    [dct_nonadd] step  625 loss 80.963554 |p| 0.64743
    [dct_nonadd] step  650 loss 80.789116 |p| 0.64849
    [dct_nonadd] step  675 loss 80.360878 |p| 0.64955
    [dct_nonadd] step  700 loss 80.170830 |p| 0.65068
    [dct_nonadd] step  725 loss 79.841545 |p| 0.65181
    [dct_nonadd] step  750 loss 79.699318 |p| 0.65290
    [dct_nonadd] step  775 loss 79.345978 |p| 0.65409
    [dct_nonadd] step  800 loss 79.219376 |p| 0.65524
    [dct_nonadd] step  825 loss 78.943573 |p| 0.65649
    [dct_nonadd] step  850 loss 78.819046 |p| 0.65778
    [dct_nonadd] step  875 loss 78.530403 |p| 0.65914
    [dct_nonadd] step  900 loss 78.525887 |p| 0.66043
    [dct_nonadd] step  925 loss 78.185287 |p| 0.66166
    [dct_nonadd] step  950 loss 78.070160 |p| 0.66291
    [dct_nonadd] step  975 loss 77.893059 |p| 0.66419
    [dct_nonadd] step  999 loss 77.751160 |p| 0.66542
task_attr_mod_color_136767       dct_nonadd     r=3.1416 dists=0.1860 lpips=0.4298 effect=0.5813 (383s)
    [dct_nonadd] step    0 loss 105.163506 |p| 0.79139
    [dct_nonadd] step   25 loss 102.682076 |p| 0.76230
    [dct_nonadd] step   50 loss 95.862343 |p| 0.73088
    [dct_nonadd] step   75 loss 87.862862 |p| 0.70587
    [dct_nonadd] step  100 loss 81.160057 |p| 0.68853
    [dct_nonadd] step  125 loss 76.030815 |p| 0.67830
    [dct_nonadd] step  150 loss 72.428871 |p| 0.67202
    [dct_nonadd] step  175 loss 69.695572 |p| 0.66805
    [dct_nonadd] step  200 loss 67.422050 |p| 0.66576
    [dct_nonadd] step  225 loss 65.533203 |p| 0.66442
    [dct_nonadd] step  250 loss 63.969925 |p| 0.66360
    [dct_nonadd] step  275 loss 62.353657 |p| 0.66320
    [dct_nonadd] step  300 loss 60.770897 |p| 0.66307
    [dct_nonadd] step  325 loss 59.379723 |p| 0.66305
    [dct_nonadd] step  350 loss 57.925224 |p| 0.66331
    [dct_nonadd] step  375 loss 56.726166 |p| 0.66366
    [dct_nonadd] step  400 loss 55.568821 |p| 0.66416
    [dct_nonadd] step  425 loss 54.498772 |p| 0.66468
    [dct_nonadd] step  450 loss 53.484539 |p| 0.66532
    [dct_nonadd] step  475 loss 52.619453 |p| 0.66604
    [dct_nonadd] step  500 loss 51.852123 |p| 0.66677
    [dct_nonadd] step  525 loss 51.157536 |p| 0.66757
    [dct_nonadd] step  550 loss 50.547153 |p| 0.66839
    [dct_nonadd] step  575 loss 49.961079 |p| 0.66928
    [dct_nonadd] step  600 loss 49.523956 |p| 0.67016
    [dct_nonadd] step  625 loss 49.009113 |p| 0.67098
    [dct_nonadd] step  650 loss 48.621861 |p| 0.67193
    [dct_nonadd] step  675 loss 48.259941 |p| 0.67281
    [dct_nonadd] step  700 loss 47.923405 |p| 0.67364
    [dct_nonadd] step  725 loss 47.567486 |p| 0.67447
    [dct_nonadd] step  750 loss 47.175365 |p| 0.67531
    [dct_nonadd] step  775 loss 47.033379 |p| 0.67614
    [dct_nonadd] step  800 loss 46.681847 |p| 0.67693
    [dct_nonadd] step  825 loss 46.383560 |p| 0.67779
    [dct_nonadd] step  850 loss 46.175617 |p| 0.67864
    [dct_nonadd] step  875 loss 45.921135 |p| 0.67956
    [dct_nonadd] step  900 loss 45.700848 |p| 0.68046
    [dct_nonadd] step  925 loss 45.514454 |p| 0.68125
    [dct_nonadd] step  950 loss 45.321972 |p| 0.68214
    [dct_nonadd] step  975 loss 45.099373 |p| 0.68302
    [dct_nonadd] step  999 loss 44.928898 |p| 0.68388
task_attr_mod_color_184837       dct_nonadd     r=3.1416 dists=0.2221 lpips=0.5330 effect=0.7811 (383s)
    [dct_nonadd] step    0 loss 166.294235 |p| 0.79138
    [dct_nonadd] step   25 loss 164.116882 |p| 0.74736
    [dct_nonadd] step   50 loss 156.349274 |p| 0.70567
    [dct_nonadd] step   75 loss 144.328308 |p| 0.67687
    [dct_nonadd] step  100 loss 133.678864 |p| 0.65992
    [dct_nonadd] step  125 loss 126.369759 |p| 0.65094
    [dct_nonadd] step  150 loss 121.750748 |p| 0.64640
    [dct_nonadd] step  175 loss 118.533524 |p| 0.64454
    [dct_nonadd] step  200 loss 115.975838 |p| 0.64426
    [dct_nonadd] step  225 loss 113.944885 |p| 0.64490
    [dct_nonadd] step  250 loss 112.238319 |p| 0.64605
    [dct_nonadd] step  275 loss 110.833427 |p| 0.64721
    [dct_nonadd] step  300 loss 109.765869 |p| 0.64845
    [dct_nonadd] step  325 loss 109.008827 |p| 0.64976
    [dct_nonadd] step  350 loss 108.336456 |p| 0.65110
    [dct_nonadd] step  375 loss 107.813576 |p| 0.65245
    [dct_nonadd] step  400 loss 107.425766 |p| 0.65386
    [dct_nonadd] step  425 loss 107.073746 |p| 0.65532
    [dct_nonadd] step  450 loss 106.823235 |p| 0.65682
    [dct_nonadd] step  475 loss 106.495331 |p| 0.65827
    [dct_nonadd] step  500 loss 106.324242 |p| 0.65975
    [dct_nonadd] step  525 loss 106.070465 |p| 0.66124
    [dct_nonadd] step  550 loss 105.934662 |p| 0.66274
    [dct_nonadd] step  575 loss 105.721527 |p| 0.66429
    [dct_nonadd] step  600 loss 105.560425 |p| 0.66579
    [dct_nonadd] step  625 loss 105.372803 |p| 0.66733
    [dct_nonadd] step  650 loss 105.190704 |p| 0.66886
    [dct_nonadd] step  675 loss 105.043053 |p| 0.67049
    [dct_nonadd] step  700 loss 104.999573 |p| 0.67216
    [dct_nonadd] step  725 loss 104.804413 |p| 0.67379
    [dct_nonadd] step  750 loss 104.673500 |p| 0.67546
    [dct_nonadd] step  775 loss 104.531982 |p| 0.67698
    [dct_nonadd] step  800 loss 104.469780 |p| 0.67869
    [dct_nonadd] step  825 loss 104.332550 |p| 0.68035
    [dct_nonadd] step  850 loss 104.290131 |p| 0.68204
    [dct_nonadd] step  875 loss 104.168602 |p| 0.68376
    [dct_nonadd] step  900 loss 104.153580 |p| 0.68554
    [dct_nonadd] step  925 loss 104.037132 |p| 0.68712
    [dct_nonadd] step  950 loss 103.959572 |p| 0.68881
    [dct_nonadd] step  975 loss 103.840584 |p| 0.69047
    [dct_nonadd] step  999 loss 103.784714 |p| 0.69213
task_attr_mod_color_32648        dct_nonadd     r=3.1416 dists=0.0709 lpips=0.3911 effect=0.3218 (382s)
    [dct_nonadd] step    0 loss 110.273300 |p| 0.79139
    [dct_nonadd] step   25 loss 108.346428 |p| 0.75358
    [dct_nonadd] step   50 loss 102.436455 |p| 0.71609
    [dct_nonadd] step   75 loss 94.651543 |p| 0.68910
    [dct_nonadd] step  100 loss 87.876114 |p| 0.67200
    [dct_nonadd] step  125 loss 83.038170 |p| 0.66238
    [dct_nonadd] step  150 loss 79.584625 |p| 0.65746
    [dct_nonadd] step  175 loss 77.087227 |p| 0.65532
    [dct_nonadd] step  200 loss 75.086937 |p| 0.65469
    [dct_nonadd] step  225 loss 73.561699 |p| 0.65483
    [dct_nonadd] step  250 loss 72.264137 |p| 0.65543
    [dct_nonadd] step  275 loss 71.317337 |p| 0.65605
    [dct_nonadd] step  300 loss 70.524719 |p| 0.65663
    [dct_nonadd] step  325 loss 69.781120 |p| 0.65736
    [dct_nonadd] step  350 loss 69.070435 |p| 0.65816
    [dct_nonadd] step  375 loss 68.444672 |p| 0.65900
    [dct_nonadd] step  400 loss 67.878296 |p| 0.65995
    [dct_nonadd] step  425 loss 67.295486 |p| 0.66100
    [dct_nonadd] step  450 loss 66.743355 |p| 0.66211
    [dct_nonadd] step  475 loss 66.274750 |p| 0.66326
    [dct_nonadd] step  500 loss 65.717667 |p| 0.66441
    [dct_nonadd] step  525 loss 65.135071 |p| 0.66557
    [dct_nonadd] step  550 loss 64.683769 |p| 0.66679
    [dct_nonadd] step  575 loss 64.255981 |p| 0.66812
    [dct_nonadd] step  600 loss 63.788517 |p| 0.66946
    [dct_nonadd] step  625 loss 63.478313 |p| 0.67083
    [dct_nonadd] step  650 loss 63.063534 |p| 0.67229
    [dct_nonadd] step  675 loss 62.714745 |p| 0.67375
    [dct_nonadd] step  700 loss 62.320454 |p| 0.67526
    [dct_nonadd] step  725 loss 62.079784 |p| 0.67674
    [dct_nonadd] step  750 loss 61.794048 |p| 0.67831
    [dct_nonadd] step  775 loss 61.563080 |p| 0.67992
    [dct_nonadd] step  800 loss 61.345779 |p| 0.68156
    [dct_nonadd] step  825 loss 61.058868 |p| 0.68315
    [dct_nonadd] step  850 loss 60.884960 |p| 0.68473
    [dct_nonadd] step  875 loss 60.663898 |p| 0.68640
    [dct_nonadd] step  900 loss 60.503193 |p| 0.68805
    [dct_nonadd] step  925 loss 60.358521 |p| 0.68966
    [dct_nonadd] step  950 loss 60.120953 |p| 0.69126
    [dct_nonadd] step  975 loss 59.988712 |p| 0.69293
    [dct_nonadd] step  999 loss 59.866276 |p| 0.69452
task_attr_mod_color_6205         dct_nonadd     r=3.1416 dists=0.1388 lpips=0.3918 effect=0.6398 (383s)
    [dct_nonadd] step    0 loss 121.520950 |p| 0.79139
    [dct_nonadd] step   25 loss 116.978539 |p| 0.76220
    [dct_nonadd] step   50 loss 101.736450 |p| 0.73312
    [dct_nonadd] step   75 loss 86.572655 |p| 0.70903
    [dct_nonadd] step  100 loss 78.356468 |p| 0.69187
    [dct_nonadd] step  125 loss 73.613510 |p| 0.68146
    [dct_nonadd] step  150 loss 70.103600 |p| 0.67537
    [dct_nonadd] step  175 loss 67.366959 |p| 0.67167
    [dct_nonadd] step  200 loss 65.167473 |p| 0.66982
    [dct_nonadd] step  225 loss 63.384190 |p| 0.66886
    [dct_nonadd] step  250 loss 61.905403 |p| 0.66859
    [dct_nonadd] step  275 loss 60.738583 |p| 0.66858
    [dct_nonadd] step  300 loss 59.710941 |p| 0.66880
    [dct_nonadd] step  325 loss 58.930603 |p| 0.66907
    [dct_nonadd] step  350 loss 58.176723 |p| 0.66948
    [dct_nonadd] step  375 loss 57.432678 |p| 0.67006
    [dct_nonadd] step  400 loss 56.805260 |p| 0.67070
    [dct_nonadd] step  425 loss 56.235435 |p| 0.67137
    [dct_nonadd] step  450 loss 55.684750 |p| 0.67208
    [dct_nonadd] step  475 loss 55.182999 |p| 0.67283
    [dct_nonadd] step  500 loss 54.690453 |p| 0.67367
    [dct_nonadd] step  525 loss 54.254406 |p| 0.67448
    [dct_nonadd] step  550 loss 53.867161 |p| 0.67523
    [dct_nonadd] step  575 loss 53.514149 |p| 0.67595
    [dct_nonadd] step  600 loss 53.089252 |p| 0.67676
    [dct_nonadd] step  625 loss 52.738308 |p| 0.67760
    [dct_nonadd] step  650 loss 52.422890 |p| 0.67847
    [dct_nonadd] step  675 loss 52.149364 |p| 0.67933
    [dct_nonadd] step  700 loss 51.898415 |p| 0.68027
    [dct_nonadd] step  725 loss 51.622452 |p| 0.68118
    [dct_nonadd] step  750 loss 51.363064 |p| 0.68206
    [dct_nonadd] step  775 loss 51.165413 |p| 0.68304
    [dct_nonadd] step  800 loss 50.994656 |p| 0.68396
    [dct_nonadd] step  825 loss 50.684196 |p| 0.68482
    [dct_nonadd] step  850 loss 50.485832 |p| 0.68574
    [dct_nonadd] step  875 loss 50.276485 |p| 0.68669
    [dct_nonadd] step  900 loss 50.074169 |p| 0.68762
    [dct_nonadd] step  925 loss 49.921783 |p| 0.68868
    [dct_nonadd] step  950 loss 49.753330 |p| 0.68965
    [dct_nonadd] step  975 loss 49.612133 |p| 0.69060
    [dct_nonadd] step  999 loss 49.427650 |p| 0.69146
task_env_weather_112463          dct_nonadd     r=3.1416 dists=0.1163 lpips=0.5615 effect=0.8389 (383s)
    [dct_nonadd] step    0 loss 104.030472 |p| 0.79139
    [dct_nonadd] step   25 loss 100.730873 |p| 0.76545
    [dct_nonadd] step   50 loss 92.109505 |p| 0.73845
    [dct_nonadd] step   75 loss 83.054459 |p| 0.71682
    [dct_nonadd] step  100 loss 76.751320 |p| 0.70179
    [dct_nonadd] step  125 loss 72.377007 |p| 0.69180
    [dct_nonadd] step  150 loss 69.332748 |p| 0.68509
    [dct_nonadd] step  175 loss 66.984673 |p| 0.68041
    [dct_nonadd] step  200 loss 65.128609 |p| 0.67701
    [dct_nonadd] step  225 loss 63.537346 |p| 0.67457
    [dct_nonadd] step  250 loss 62.217907 |p| 0.67286
    [dct_nonadd] step  275 loss 60.913212 |p| 0.67162
    [dct_nonadd] step  300 loss 59.798588 |p| 0.67069
    [dct_nonadd] step  325 loss 58.773651 |p| 0.67013
    [dct_nonadd] step  350 loss 57.762657 |p| 0.66970
    [dct_nonadd] step  375 loss 56.839672 |p| 0.66956
    [dct_nonadd] step  400 loss 56.017925 |p| 0.66952
    [dct_nonadd] step  425 loss 55.165546 |p| 0.66971
    [dct_nonadd] step  450 loss 54.388260 |p| 0.66995
    [dct_nonadd] step  475 loss 53.699280 |p| 0.67042
    [dct_nonadd] step  500 loss 53.008957 |p| 0.67089
    [dct_nonadd] step  525 loss 52.362728 |p| 0.67134
    [dct_nonadd] step  550 loss 51.844067 |p| 0.67195
    [dct_nonadd] step  575 loss 51.275288 |p| 0.67255
    [dct_nonadd] step  600 loss 50.908791 |p| 0.67329
    [dct_nonadd] step  625 loss 50.380264 |p| 0.67412
    [dct_nonadd] step  650 loss 49.927654 |p| 0.67486
    [dct_nonadd] step  675 loss 49.533997 |p| 0.67567
    [dct_nonadd] step  700 loss 49.242836 |p| 0.67654
    [dct_nonadd] step  725 loss 48.815830 |p| 0.67738
    [dct_nonadd] step  750 loss 48.492916 |p| 0.67831
    [dct_nonadd] step  775 loss 48.181892 |p| 0.67922
    [dct_nonadd] step  800 loss 47.912994 |p| 0.68015
    [dct_nonadd] step  825 loss 47.689964 |p| 0.68111
    [dct_nonadd] step  850 loss 47.309750 |p| 0.68204
    [dct_nonadd] step  875 loss 47.032906 |p| 0.68305
    [dct_nonadd] step  900 loss 46.774330 |p| 0.68399
    [dct_nonadd] step  925 loss 46.564465 |p| 0.68500
    [dct_nonadd] step  950 loss 46.256046 |p| 0.68593
    [dct_nonadd] step  975 loss 46.057919 |p| 0.68690
    [dct_nonadd] step  999 loss 45.815411 |p| 0.68780
task_obj_remove_380621           dct_nonadd     r=3.1416 dists=0.1443 lpips=0.5276 effect=0.7342 (383s)
    [dct_nonadd] step    0 loss 137.389908 |p| 0.79138
    [dct_nonadd] step   25 loss 132.497589 |p| 0.77711
    [dct_nonadd] step   50 loss 118.869713 |p| 0.76105
    [dct_nonadd] step   75 loss 106.383209 |p| 0.74689
    [dct_nonadd] step  100 loss 99.150467 |p| 0.73735
    [dct_nonadd] step  125 loss 94.320221 |p| 0.73180
    [dct_nonadd] step  150 loss 90.663063 |p| 0.72871
    [dct_nonadd] step  175 loss 87.780220 |p| 0.72706
    [dct_nonadd] step  200 loss 85.417152 |p| 0.72617
    [dct_nonadd] step  225 loss 83.532196 |p| 0.72591
    [dct_nonadd] step  250 loss 81.936798 |p| 0.72598
    [dct_nonadd] step  275 loss 80.566170 |p| 0.72625
    [dct_nonadd] step  300 loss 79.311844 |p| 0.72664
    [dct_nonadd] step  325 loss 78.119659 |p| 0.72717
    [dct_nonadd] step  350 loss 77.168144 |p| 0.72776
    [dct_nonadd] step  375 loss 76.300003 |p| 0.72845
    [dct_nonadd] step  400 loss 75.507050 |p| 0.72919
    [dct_nonadd] step  425 loss 74.687431 |p| 0.73004
    [dct_nonadd] step  450 loss 73.971931 |p| 0.73090
    [dct_nonadd] step  475 loss 73.241882 |p| 0.73180
    [dct_nonadd] step  500 loss 72.588646 |p| 0.73270
    [dct_nonadd] step  525 loss 72.001701 |p| 0.73369
    [dct_nonadd] step  550 loss 71.508331 |p| 0.73467
    [dct_nonadd] step  575 loss 71.031693 |p| 0.73565
    [dct_nonadd] step  600 loss 70.579987 |p| 0.73668
    [dct_nonadd] step  625 loss 70.106392 |p| 0.73767
    [dct_nonadd] step  650 loss 69.835915 |p| 0.73877
    [dct_nonadd] step  675 loss 69.447945 |p| 0.73982
    [dct_nonadd] step  700 loss 69.178001 |p| 0.74084
    [dct_nonadd] step  725 loss 68.868637 |p| 0.74191
    [dct_nonadd] step  750 loss 68.612701 |p| 0.74301
    [dct_nonadd] step  775 loss 68.349030 |p| 0.74413
    [dct_nonadd] step  800 loss 68.124153 |p| 0.74523
    [dct_nonadd] step  825 loss 67.935791 |p| 0.74631
    [dct_nonadd] step  850 loss 67.702934 |p| 0.74746
    [dct_nonadd] step  875 loss 67.489929 |p| 0.74855
    [dct_nonadd] step  900 loss 67.284042 |p| 0.74966
    [dct_nonadd] step  925 loss 67.009422 |p| 0.75083
    [dct_nonadd] step  950 loss 66.858574 |p| 0.75188
    [dct_nonadd] step  975 loss 66.634956 |p| 0.75293
    [dct_nonadd] step  999 loss 66.483940 |p| 0.75401
task_obj_swap_joint_mask_276754  dct_nonadd     r=3.1416 dists=0.2061 lpips=0.4702 effect=0.6650 (383s)
    [dct_nonadd] step    0 loss 108.988068 |p| 0.79139
    [dct_nonadd] step   25 loss 105.708923 |p| 0.76605
    [dct_nonadd] step   50 loss 96.792221 |p| 0.73878
    [dct_nonadd] step   75 loss 87.134666 |p| 0.71670
    [dct_nonadd] step  100 loss 80.380600 |p| 0.70168
    [dct_nonadd] step  125 loss 75.759712 |p| 0.69217
    [dct_nonadd] step  150 loss 72.575768 |p| 0.68646
    [dct_nonadd] step  175 loss 70.060867 |p| 0.68269
    [dct_nonadd] step  200 loss 68.039307 |p| 0.68033
    [dct_nonadd] step  225 loss 66.348938 |p| 0.67885
    [dct_nonadd] step  250 loss 64.858673 |p| 0.67800
    [dct_nonadd] step  275 loss 63.738708 |p| 0.67762
    [dct_nonadd] step  300 loss 62.593197 |p| 0.67757
    [dct_nonadd] step  325 loss 61.682896 |p| 0.67769
    [dct_nonadd] step  350 loss 60.815117 |p| 0.67808
    [dct_nonadd] step  375 loss 60.031277 |p| 0.67854
    [dct_nonadd] step  400 loss 59.090034 |p| 0.67905
    [dct_nonadd] step  425 loss 58.279671 |p| 0.67955
    [dct_nonadd] step  450 loss 57.437267 |p| 0.68013
    [dct_nonadd] step  475 loss 56.739269 |p| 0.68077
    [dct_nonadd] step  500 loss 55.893963 |p| 0.68140
    [dct_nonadd] step  525 loss 55.225025 |p| 0.68213
    [dct_nonadd] step  550 loss 54.499874 |p| 0.68291
    [dct_nonadd] step  575 loss 53.941681 |p| 0.68383
    [dct_nonadd] step  600 loss 53.304947 |p| 0.68473
    [dct_nonadd] step  625 loss 52.751717 |p| 0.68561
    [dct_nonadd] step  650 loss 52.258106 |p| 0.68653
    [dct_nonadd] step  675 loss 51.717197 |p| 0.68750
    [dct_nonadd] step  700 loss 51.240238 |p| 0.68846
    [dct_nonadd] step  725 loss 50.913361 |p| 0.68944
    [dct_nonadd] step  750 loss 50.522572 |p| 0.69042
    [dct_nonadd] step  775 loss 50.203987 |p| 0.69139
    [dct_nonadd] step  800 loss 49.747013 |p| 0.69228
    [dct_nonadd] step  825 loss 49.431259 |p| 0.69320
    [dct_nonadd] step  850 loss 49.239590 |p| 0.69416
    [dct_nonadd] step  875 loss 48.791813 |p| 0.69512
    [dct_nonadd] step  900 loss 48.524017 |p| 0.69602
    [dct_nonadd] step  925 loss 48.283005 |p| 0.69693
    [dct_nonadd] step  950 loss 48.016418 |p| 0.69788
    [dct_nonadd] step  975 loss 47.853703 |p| 0.69874
    [dct_nonadd] step  999 loss 47.610783 |p| 0.69958
task_obj_swap_joint_mask_533428  dct_nonadd     r=3.1416 dists=0.1887 lpips=0.5598 effect=0.6364 (383s)
    [dct_nonadd] step    0 loss 122.812904 |p| 0.79139
    [dct_nonadd] step   25 loss 120.163544 |p| 0.76162
    [dct_nonadd] step   50 loss 112.142654 |p| 0.73036
    [dct_nonadd] step   75 loss 101.889740 |p| 0.70654
    [dct_nonadd] step  100 loss 93.656868 |p| 0.69014
    [dct_nonadd] step  125 loss 88.179131 |p| 0.67930
    [dct_nonadd] step  150 loss 84.345497 |p| 0.67222
    [dct_nonadd] step  175 loss 81.535034 |p| 0.66761
    [dct_nonadd] step  200 loss 79.279686 |p| 0.66442
    [dct_nonadd] step  225 loss 77.549576 |p| 0.66242
    [dct_nonadd] step  250 loss 76.059204 |p| 0.66126
    [dct_nonadd] step  275 loss 74.925934 |p| 0.66044
    [dct_nonadd] step  300 loss 73.805382 |p| 0.65989
    [dct_nonadd] step  325 loss 72.837288 |p| 0.65955
    [dct_nonadd] step  350 loss 71.912643 |p| 0.65946
    [dct_nonadd] step  375 loss 71.060936 |p| 0.65960
    [dct_nonadd] step  400 loss 70.190910 |p| 0.65990
    [dct_nonadd] step  425 loss 69.372719 |p| 0.66049
    [dct_nonadd] step  450 loss 68.639107 |p| 0.66116
    [dct_nonadd] step  475 loss 68.008301 |p| 0.66191
    [dct_nonadd] step  500 loss 67.352722 |p| 0.66277
    [dct_nonadd] step  525 loss 66.829399 |p| 0.66360
    [dct_nonadd] step  550 loss 66.218704 |p| 0.66451
    [dct_nonadd] step  575 loss 65.727013 |p| 0.66541
    [dct_nonadd] step  600 loss 65.287102 |p| 0.66633
    [dct_nonadd] step  625 loss 64.903191 |p| 0.66734
    [dct_nonadd] step  650 loss 64.458458 |p| 0.66837
    [dct_nonadd] step  675 loss 64.097794 |p| 0.66947
    [dct_nonadd] step  700 loss 63.839596 |p| 0.67050
    [dct_nonadd] step  725 loss 63.481384 |p| 0.67167
    [dct_nonadd] step  750 loss 63.195621 |p| 0.67273
    [dct_nonadd] step  775 loss 62.950764 |p| 0.67372
    [dct_nonadd] step  800 loss 62.711052 |p| 0.67481
    [dct_nonadd] step  825 loss 62.452927 |p| 0.67586
    [dct_nonadd] step  850 loss 62.249889 |p| 0.67701
    [dct_nonadd] step  875 loss 62.039593 |p| 0.67802
    [dct_nonadd] step  900 loss 61.816788 |p| 0.67912
    [dct_nonadd] step  925 loss 61.665142 |p| 0.68019
    [dct_nonadd] step  950 loss 61.426918 |p| 0.68128
    [dct_nonadd] step  975 loss 61.306900 |p| 0.68248
    [dct_nonadd] step  999 loss 61.158115 |p| 0.68357
task_obj_swap_rand_mask_417469   dct_nonadd     r=3.1416 dists=0.1560 lpips=0.5212 effect=0.7604 (371s)

表：runs/ip2p_dct_nonadd/nd_plane_31/results.csv（10 列）
