Warning: You are sending unauthenticated requests to the HF Hub. Please set a HF_TOKEN to enable higher rate limits and faster downloads.
Loading pipeline components...:   0%|          | 0/6 [00:00<?, ?it/s]
Loading weights:   0%|          | 0/196 [00:00<?, ?it/s][ALoading weights: 100%|██████████| 196/196 [00:00<00:00, 3959.39it/s]
Loading pipeline components...:  33%|███▎      | 2/6 [00:00<00:00, 11.39it/s]Loading pipeline components...:  67%|██████▋   | 4/6 [00:00<00:00, 15.02it/s]Loading pipeline components...: 100%|██████████| 6/6 [00:00<00:00, 16.02it/s]Loading pipeline components...: 100%|██████████| 6/6 [00:00<00:00, 15.22it/s]
There are modules in AutoencoderKL that should be kept in float32: []. Casting directly with `to()` can lead to inconsistent results; set `torch_dtype` in `from_pretrained()` instead to keep these modules in float32.
/nfs/home/nelson0314/venvs/wacv/lib/python3.11/site-packages/torchvision/models/_utils.py:207: UserWarning: The parameter 'pretrained' is deprecated since 0.13 and may be removed in the future, please use 'weights' instead.
  warnings.warn(
/nfs/home/nelson0314/venvs/wacv/lib/python3.11/site-packages/torchvision/models/_utils.py:222: UserWarning: Arguments other than a weight enum or `None` for 'weights' are deprecated since 0.13 and may be removed in the future. The current behavior is equivalent to passing `weights=VGG16_Weights.IMAGENET1K_V1`. You can also use `weights=VGG16_Weights.DEFAULT` to get the most up-to-date weights.
  warnings.warn(msg)
IP2P 線：13 張、條件 ['phase_gain']、steps=100 s_T=7.5 s_I=1.5 seed=20260812
/nfs/home/nelson0314/venvs/wacv/lib/python3.11/site-packages/diffusers/image_processor.py:724: FutureWarning: Passing `image` as torch tensor with value range in [-1,1] is deprecated. The expected value range for image tensor is [0,1] when passing as pytorch tensor or numpy Array. You passed `image` with value range [-1.0,1.0]
  warnings.warn(
Loading weights:   0%|          | 0/398 [00:00<?, ?it/s]Loading weights: 100%|██████████| 398/398 [00:00<00:00, 15730.76it/s]
[transformers] Model config: bos_token_id must be `None` or an integer within the vocabulary (between 0 and 31999), got 49406. This may result in unexpected behavior.
[transformers] Model config: eos_token_id must be `None` or an integer within the vocabulary (between 0 and 31999), got 49407. This may result in unexpected behavior.
Loading weights:   0%|          | 0/408 [00:00<?, ?it/s]Loading weights:  80%|███████▉  | 325/408 [00:00<00:00, 3216.86it/s]Loading weights: 100%|██████████| 408/408 [00:00<00:00, 3198.58it/s]
task_attr_mod_color_11699        phase_gain     r=2.5000 dists=0.1032 lpips=0.3274 effect=0.4687 (187s)
task_attr_mod_color_136767       phase_gain     r=2.5000 dists=0.1737 lpips=0.3876 effect=0.5404 (175s)
task_attr_mod_color_184837       phase_gain     r=2.5000 dists=0.2266 lpips=0.4492 effect=0.6739 (175s)
task_attr_mod_color_32648        phase_gain     r=2.5000 dists=0.0803 lpips=0.4104 effect=0.3323 (175s)
task_attr_mod_color_6205         phase_gain     r=2.5000 dists=0.1356 lpips=0.3262 effect=0.5232 (175s)
task_env_weather_112463          phase_gain     r=2.5000 dists=0.0872 lpips=0.4386 effect=0.7864 (175s)
task_env_weather_246440          phase_gain     r=2.5000 dists=0.1647 lpips=0.4172 effect=0.6209 (175s)
task_env_weather_63722           phase_gain     r=2.5000 dists=0.1061 lpips=0.3903 effect=0.4927 (175s)
task_obj_add_40931               phase_gain     r=2.5000 dists=0.1566 lpips=0.4833 effect=0.5512 (175s)
task_obj_remove_380621           phase_gain     r=2.5000 dists=0.1208 lpips=0.3880 effect=0.6346 (175s)
task_obj_swap_joint_mask_276754  phase_gain     r=2.5000 dists=0.1917 lpips=0.4480 effect=0.6670 (175s)
task_obj_swap_joint_mask_533428  phase_gain     r=2.5000 dists=0.1685 lpips=0.4811 effect=0.6169 (175s)
task_obj_swap_rand_mask_417469   phase_gain     r=2.5000 dists=0.1299 lpips=0.4554 effect=0.6846 (175s)

表：runs/ip2p_overlap_sweep/h16_r25/results.csv（13 列）
