Warning: You are sending unauthenticated requests to the HF Hub. Please set a HF_TOKEN to enable higher rate limits and faster downloads.
Loading pipeline components...:   0%|          | 0/6 [00:00<?, ?it/s]Loading pipeline components...:  17%|█▋        | 1/6 [00:00<00:00,  8.24it/s]Loading pipeline components...:  50%|█████     | 3/6 [00:00<00:00, 13.40it/s]
Loading weights:   0%|          | 0/196 [00:00<?, ?it/s][ALoading weights: 100%|██████████| 196/196 [00:00<00:00, 4438.23it/s]
Loading pipeline components...: 100%|██████████| 6/6 [00:00<00:00, 16.51it/s]Loading pipeline components...: 100%|██████████| 6/6 [00:00<00:00, 15.26it/s]
There are modules in AutoencoderKL that should be kept in float32: []. Casting directly with `to()` can lead to inconsistent results; set `torch_dtype` in `from_pretrained()` instead to keep these modules in float32.
/nfs/home/nelson0314/venvs/wacv/lib/python3.11/site-packages/torchvision/models/_utils.py:207: UserWarning: The parameter 'pretrained' is deprecated since 0.13 and may be removed in the future, please use 'weights' instead.
  warnings.warn(
/nfs/home/nelson0314/venvs/wacv/lib/python3.11/site-packages/torchvision/models/_utils.py:222: UserWarning: Arguments other than a weight enum or `None` for 'weights' are deprecated since 0.13 and may be removed in the future. The current behavior is equivalent to passing `weights=VGG16_Weights.IMAGENET1K_V1`. You can also use `weights=VGG16_Weights.DEFAULT` to get the most up-to-date weights.
  warnings.warn(msg)
IP2P 線：25 張、條件 ['phase']、steps=100 s_T=7.5 s_I=1.5 seed=20260812
/nfs/home/nelson0314/venvs/wacv/lib/python3.11/site-packages/diffusers/image_processor.py:724: FutureWarning: Passing `image` as torch tensor with value range in [-1,1] is deprecated. The expected value range for image tensor is [0,1] when passing as pytorch tensor or numpy Array. You passed `image` with value range [-1.0,1.0]
  warnings.warn(
task_attr_mod_color_11699        phase          r=1.2000 dists=0.0303 lpips=0.0974 effect=0.1314 (120s)
task_attr_mod_color_136767       phase          r=1.2000 dists=0.0634 lpips=0.1653 effect=0.1995 (120s)
task_attr_mod_color_184837       phase          r=1.2000 dists=0.0738 lpips=0.1829 effect=0.2865 (120s)
task_attr_mod_color_32648        phase          r=1.2000 dists=0.0324 lpips=0.1494 effect=0.1672 (120s)
task_attr_mod_color_6205         phase          r=1.2000 dists=0.0645 lpips=0.1027 effect=0.2101 (121s)
task_env_weather_112463          phase          r=1.2000 dists=0.0264 lpips=0.1661 effect=0.2746 (120s)
task_env_weather_133752          phase          r=1.2000 dists=0.0282 lpips=0.1698 effect=0.2099 (120s)
task_env_weather_181583          phase          r=1.2000 dists=0.0298 lpips=0.1972 effect=0.3349 (120s)
task_env_weather_246440          phase          r=1.2000 dists=0.0630 lpips=0.2305 effect=0.3560 (120s)
task_env_weather_63722           phase          r=1.2000 dists=0.0503 lpips=0.1617 effect=0.1945 (121s)
task_obj_add_13726               phase          r=1.2000 dists=0.0669 lpips=0.2155 effect=0.2927 (121s)
task_obj_add_340466              phase          r=1.2000 dists=0.0438 lpips=0.1089 effect=0.2014 (121s)
task_obj_add_40931               phase          r=1.2000 dists=0.0552 lpips=0.3223 effect=0.2928 (121s)
task_obj_add_581286              phase          r=1.2000 dists=0.0306 lpips=0.1142 effect=0.1311 (121s)
task_obj_add_692065              phase          r=1.2000 dists=0.0460 lpips=0.1368 effect=0.1793 (121s)
task_obj_remove_10197            phase          r=1.2000 dists=0.0472 lpips=0.2597 effect=0.4222 (121s)
task_obj_remove_257910           phase          r=1.2000 dists=0.0324 lpips=0.1937 effect=0.1932 (121s)
task_obj_remove_380621           phase          r=1.2000 dists=0.0562 lpips=0.2256 effect=0.4024 (121s)
task_obj_remove_509477           phase          r=1.2000 dists=0.0519 lpips=0.2274 effect=0.2481 (121s)
task_obj_remove_657585           phase          r=1.2000 dists=0.0308 lpips=0.0926 effect=0.2517 (121s)
task_obj_swap_joint_mask_276754  phase          r=1.2000 dists=0.0805 lpips=0.4014 effect=0.2315 (121s)
task_obj_swap_joint_mask_533428  phase          r=1.2000 dists=0.0629 lpips=0.2416 effect=0.3143 (122s)
/nfs/home/nelson0314/venvs/wacv/lib/python3.11/site-packages/diffusers/image_processor.py:724: FutureWarning: Passing `image` as torch tensor with value range in [-1,1] is deprecated. The expected value range for image tensor is [0,1] when passing as pytorch tensor or numpy Array. You passed `image` with value range [-0.9686274528503418,1.0]
  warnings.warn(
/nfs/home/nelson0314/venvs/wacv/lib/python3.11/site-packages/diffusers/image_processor.py:724: FutureWarning: Passing `image` as torch tensor with value range in [-1,1] is deprecated. The expected value range for image tensor is [0,1] when passing as pytorch tensor or numpy Array. You passed `image` with value range [-0.9848874807357788,1.0]
  warnings.warn(
task_obj_swap_joint_mask_75733   phase          r=1.2000 dists=0.0576 lpips=0.2595 effect=0.3383 (122s)
task_obj_swap_rand_mask_298147   phase          r=1.2000 dists=0.0913 lpips=0.3318 effect=0.4900 (122s)
task_obj_swap_rand_mask_417469   phase          r=1.2000 dists=0.0391 lpips=0.1891 effect=0.2278 (122s)

表：runs/fair0820/a_phase/p00_t12/results.csv（25 列）
