Warning: You are sending unauthenticated requests to the HF Hub. Please set a HF_TOKEN to enable higher rate limits and faster downloads.
Loading pipeline components...:   0%|          | 0/6 [00:00<?, ?it/s]Loading pipeline components...:  17%|█▋        | 1/6 [00:00<00:00,  8.02it/s]
Loading weights:   0%|          | 0/196 [00:00<?, ?it/s][ALoading weights: 100%|██████████| 196/196 [00:00<00:00, 4033.02it/s]
Loading pipeline components...:  50%|█████     | 3/6 [00:00<00:00,  9.92it/s]Loading pipeline components...: 100%|██████████| 6/6 [00:00<00:00, 15.06it/s]
There are modules in AutoencoderKL that should be kept in float32: []. Casting directly with `to()` can lead to inconsistent results; set `torch_dtype` in `from_pretrained()` instead to keep these modules in float32.
/nfs/home/nelson0314/venvs/wacv/lib/python3.11/site-packages/torchvision/models/_utils.py:207: UserWarning: The parameter 'pretrained' is deprecated since 0.13 and may be removed in the future, please use 'weights' instead.
  warnings.warn(
/nfs/home/nelson0314/venvs/wacv/lib/python3.11/site-packages/torchvision/models/_utils.py:222: UserWarning: Arguments other than a weight enum or `None` for 'weights' are deprecated since 0.13 and may be removed in the future. The current behavior is equivalent to passing `weights=VGG16_Weights.IMAGENET1K_V1`. You can also use `weights=VGG16_Weights.DEFAULT` to get the most up-to-date weights.
  warnings.warn(msg)
IP2P 線：25 張、條件 ['phase']、steps=100 s_T=7.5 s_I=1.5 seed=20260812
/nfs/home/nelson0314/venvs/wacv/lib/python3.11/site-packages/diffusers/image_processor.py:724: FutureWarning: Passing `image` as torch tensor with value range in [-1,1] is deprecated. The expected value range for image tensor is [0,1] when passing as pytorch tensor or numpy Array. You passed `image` with value range [-1.0,1.0]
  warnings.warn(
task_attr_mod_color_11699        phase          r=1.8000 dists=0.0214 lpips=0.0577 effect=0.0817 (119s)
task_attr_mod_color_136767       phase          r=1.8000 dists=0.0404 lpips=0.0935 effect=0.1130 (118s)
task_attr_mod_color_184837       phase          r=1.8000 dists=0.0544 lpips=0.1073 effect=0.2242 (119s)
task_attr_mod_color_32648        phase          r=1.8000 dists=0.0303 lpips=0.1300 effect=0.1245 (119s)
task_attr_mod_color_6205         phase          r=1.8000 dists=0.0382 lpips=0.0496 effect=0.0703 (118s)
task_env_weather_112463          phase          r=1.8000 dists=0.0189 lpips=0.1353 effect=0.2066 (118s)
task_env_weather_133752          phase          r=1.8000 dists=0.0174 lpips=0.1136 effect=0.1466 (119s)
task_env_weather_181583          phase          r=1.8000 dists=0.0299 lpips=0.1690 effect=0.2390 (118s)
task_env_weather_246440          phase          r=1.8000 dists=0.0583 lpips=0.1986 effect=0.3341 (118s)
task_env_weather_63722           phase          r=1.8000 dists=0.0462 lpips=0.1300 effect=0.1533 (119s)
task_obj_add_13726               phase          r=1.8000 dists=0.0647 lpips=0.1794 effect=0.2578 (118s)
task_obj_add_340466              phase          r=1.8000 dists=0.0341 lpips=0.0723 effect=0.1855 (118s)
task_obj_add_40931               phase          r=1.8000 dists=0.0478 lpips=0.1801 effect=0.2140 (119s)
task_obj_add_581286              phase          r=1.8000 dists=0.0239 lpips=0.0877 effect=0.1049 (118s)
task_obj_add_692065              phase          r=1.8000 dists=0.0368 lpips=0.0902 effect=0.1292 (118s)
task_obj_remove_10197            phase          r=1.8000 dists=0.0525 lpips=0.2413 effect=0.4245 (119s)
task_obj_remove_257910           phase          r=1.8000 dists=0.0270 lpips=0.1488 effect=0.1680 (118s)
task_obj_remove_380621           phase          r=1.8000 dists=0.0501 lpips=0.1821 effect=0.3667 (118s)
task_obj_remove_509477           phase          r=1.8000 dists=0.0474 lpips=0.1497 effect=0.1849 (69s)
task_obj_remove_657585           phase          r=1.8000 dists=0.0185 lpips=0.0457 effect=0.2186 (37s)
task_obj_swap_joint_mask_276754  phase          r=1.8000 dists=0.0884 lpips=0.3933 effect=0.1954 (37s)
task_obj_swap_joint_mask_533428  phase          r=1.8000 dists=0.0633 lpips=0.1797 effect=0.2580 (37s)
/nfs/home/nelson0314/venvs/wacv/lib/python3.11/site-packages/diffusers/image_processor.py:724: FutureWarning: Passing `image` as torch tensor with value range in [-1,1] is deprecated. The expected value range for image tensor is [0,1] when passing as pytorch tensor or numpy Array. You passed `image` with value range [-0.9686274528503418,1.0]
  warnings.warn(
task_obj_swap_joint_mask_75733   phase          r=1.8000 dists=0.0628 lpips=0.2412 effect=0.3364 (37s)
task_obj_swap_rand_mask_298147   phase          r=1.8000 dists=0.0865 lpips=0.2905 effect=0.5280 (37s)
task_obj_swap_rand_mask_417469   phase          r=1.8000 dists=0.0298 lpips=0.1338 effect=0.1608 (37s)

表：runs/fair0820/a_phase/p20_t18/results.csv（25 列）
