Loading pipeline components...:   0%|          | 0/6 [00:00<?, ?it/s]Loading pipeline components...:  50%|█████     | 3/6 [00:00<00:00, 19.67it/s]
Loading weights:   0%|          | 0/196 [00:00<?, ?it/s][ALoading weights: 100%|██████████| 196/196 [00:00<00:00, 3755.59it/s]
Loading pipeline components...:  83%|████████▎ | 5/6 [00:00<00:00, 15.42it/s]Loading pipeline components...: 100%|██████████| 6/6 [00:00<00:00, 14.60it/s]
There are modules in AutoencoderKL that should be kept in float32: []. Casting directly with `to()` can lead to inconsistent results; set `torch_dtype` in `from_pretrained()` instead to keep these modules in float32.
/nfs/home/nelson0314/venvs/wacv/lib/python3.11/site-packages/torchvision/models/_utils.py:207: UserWarning: The parameter 'pretrained' is deprecated since 0.13 and may be removed in the future, please use 'weights' instead.
  warnings.warn(
/nfs/home/nelson0314/venvs/wacv/lib/python3.11/site-packages/torchvision/models/_utils.py:222: UserWarning: Arguments other than a weight enum or `None` for 'weights' are deprecated since 0.13 and may be removed in the future. The current behavior is equivalent to passing `weights=VGG16_Weights.IMAGENET1K_V1`. You can also use `weights=VGG16_Weights.DEFAULT` to get the most up-to-date weights.
  warnings.warn(msg)
IP2P 線：25 張、條件 ['phase']、steps=100 s_T=7.5 s_I=1.5 seed=20260812
/nfs/home/nelson0314/venvs/wacv/lib/python3.11/site-packages/diffusers/image_processor.py:724: FutureWarning: Passing `image` as torch tensor with value range in [-1,1] is deprecated. The expected value range for image tensor is [0,1] when passing as pytorch tensor or numpy Array. You passed `image` with value range [-1.0,1.0]
  warnings.warn(
task_attr_mod_color_11699        phase          r=3.0000 dists=0.0424 lpips=0.0826 effect=0.1103 (118s)
task_attr_mod_color_136767       phase          r=3.0000 dists=0.0617 lpips=0.1255 effect=0.1503 (118s)
task_attr_mod_color_184837       phase          r=3.0000 dists=0.1048 lpips=0.1512 effect=0.2599 (118s)
task_attr_mod_color_32648        phase          r=3.0000 dists=0.0371 lpips=0.1659 effect=0.2009 (117s)
task_attr_mod_color_6205         phase          r=3.0000 dists=0.0599 lpips=0.0721 effect=0.0930 (118s)
task_env_weather_112463          phase          r=3.0000 dists=0.0257 lpips=0.1649 effect=0.2710 (118s)
task_env_weather_133752          phase          r=3.0000 dists=0.0294 lpips=0.1640 effect=0.2115 (118s)
task_env_weather_181583          phase          r=3.0000 dists=0.0471 lpips=0.2125 effect=0.2621 (118s)
task_env_weather_246440          phase          r=3.0000 dists=0.0900 lpips=0.2383 effect=0.3610 (117s)
task_env_weather_63722           phase          r=3.0000 dists=0.0727 lpips=0.1691 effect=0.1957 (117s)
task_obj_add_13726               phase          r=3.0000 dists=0.0985 lpips=0.2253 effect=0.4280 (118s)
task_obj_add_340466              phase          r=3.0000 dists=0.0541 lpips=0.0973 effect=0.2123 (118s)
task_obj_add_40931               phase          r=3.0000 dists=0.0746 lpips=0.2319 effect=0.2467 (118s)
task_obj_add_581286              phase          r=3.0000 dists=0.0349 lpips=0.1155 effect=0.1304 (117s)
task_obj_add_692065              phase          r=3.0000 dists=0.0599 lpips=0.1302 effect=0.1726 (118s)
task_obj_remove_10197            phase          r=3.0000 dists=0.0969 lpips=0.2834 effect=0.4330 (117s)
task_obj_remove_257910           phase          r=3.0000 dists=0.0466 lpips=0.2046 effect=0.2117 (117s)
task_obj_remove_380621           phase          r=3.0000 dists=0.0721 lpips=0.2295 effect=0.4085 (117s)
task_obj_remove_509477           phase          r=3.0000 dists=0.0762 lpips=0.2056 effect=0.2276 (117s)
task_obj_remove_657585           phase          r=3.0000 dists=0.0297 lpips=0.0720 effect=0.2308 (117s)
task_obj_swap_joint_mask_276754  phase          r=3.0000 dists=0.1360 lpips=0.4255 effect=0.1766 (117s)
task_obj_swap_joint_mask_533428  phase          r=3.0000 dists=0.0986 lpips=0.2426 effect=0.3139 (117s)
/nfs/home/nelson0314/venvs/wacv/lib/python3.11/site-packages/diffusers/image_processor.py:724: FutureWarning: Passing `image` as torch tensor with value range in [-1,1] is deprecated. The expected value range for image tensor is [0,1] when passing as pytorch tensor or numpy Array. You passed `image` with value range [-0.9686274528503418,1.0]
  warnings.warn(
task_obj_swap_joint_mask_75733   phase          r=3.0000 dists=0.0951 lpips=0.2779 effect=0.3729 (117s)
task_obj_swap_rand_mask_298147   phase          r=3.0000 dists=0.1310 lpips=0.3412 effect=0.6064 (117s)
task_obj_swap_rand_mask_417469   phase          r=3.0000 dists=0.0508 lpips=0.1811 effect=0.2107 (108s)

表：runs/fair0820/a_phase/p20_t30/results.csv（25 列）
