Loading pipeline components...:   0%|          | 0/6 [00:00<?, ?it/s]Loading pipeline components...:  33%|███▎      | 2/6 [00:00<00:00, 18.20it/s]
Loading weights:   0%|          | 0/196 [00:00<?, ?it/s][ALoading weights: 100%|██████████| 196/196 [00:00<00:00, 3764.86it/s]
Loading pipeline components...:  67%|██████▋   | 4/6 [00:00<00:00, 11.15it/s]Loading pipeline components...: 100%|██████████| 6/6 [00:00<00:00, 15.78it/s]
There are modules in AutoencoderKL that should be kept in float32: []. Casting directly with `to()` can lead to inconsistent results; set `torch_dtype` in `from_pretrained()` instead to keep these modules in float32.
/nfs/home/nelson0314/venvs/wacv/lib/python3.11/site-packages/torchvision/models/_utils.py:207: UserWarning: The parameter 'pretrained' is deprecated since 0.13 and may be removed in the future, please use 'weights' instead.
  warnings.warn(
/nfs/home/nelson0314/venvs/wacv/lib/python3.11/site-packages/torchvision/models/_utils.py:222: UserWarning: Arguments other than a weight enum or `None` for 'weights' are deprecated since 0.13 and may be removed in the future. The current behavior is equivalent to passing `weights=VGG16_Weights.IMAGENET1K_V1`. You can also use `weights=VGG16_Weights.DEFAULT` to get the most up-to-date weights.
  warnings.warn(msg)
IP2P 線：25 張、條件 ['phase']、steps=100 s_T=7.5 s_I=1.5 seed=20260812
/nfs/home/nelson0314/venvs/wacv/lib/python3.11/site-packages/diffusers/image_processor.py:724: FutureWarning: Passing `image` as torch tensor with value range in [-1,1] is deprecated. The expected value range for image tensor is [0,1] when passing as pytorch tensor or numpy Array. You passed `image` with value range [-1.0,1.0]
  warnings.warn(
task_attr_mod_color_11699        phase          r=2.2000 dists=0.0296 lpips=0.0705 effect=0.0962 (118s)
task_attr_mod_color_136767       phase          r=2.2000 dists=0.0502 lpips=0.1057 effect=0.1295 (118s)
task_attr_mod_color_184837       phase          r=2.2000 dists=0.0775 lpips=0.1251 effect=0.2340 (118s)
task_attr_mod_color_32648        phase          r=2.2000 dists=0.0340 lpips=0.1449 effect=0.1528 (117s)
task_attr_mod_color_6205         phase          r=2.2000 dists=0.0528 lpips=0.0596 effect=0.0789 (118s)
task_env_weather_112463          phase          r=2.2000 dists=0.0212 lpips=0.1483 effect=0.2304 (118s)
task_env_weather_133752          phase          r=2.2000 dists=0.0223 lpips=0.1342 effect=0.1682 (118s)
task_env_weather_181583          phase          r=2.2000 dists=0.0357 lpips=0.1869 effect=0.2512 (118s)
task_env_weather_246440          phase          r=2.2000 dists=0.0712 lpips=0.2158 effect=0.3428 (117s)
task_env_weather_63722           phase          r=2.2000 dists=0.0568 lpips=0.1478 effect=0.1735 (117s)
task_obj_add_13726               phase          r=2.2000 dists=0.0790 lpips=0.1992 effect=0.2950 (118s)
task_obj_add_340466              phase          r=2.2000 dists=0.0403 lpips=0.0818 effect=0.1972 (118s)
task_obj_add_40931               phase          r=2.2000 dists=0.0581 lpips=0.2026 effect=0.2271 (118s)
task_obj_add_581286              phase          r=2.2000 dists=0.0303 lpips=0.1001 effect=0.1167 (117s)
task_obj_add_692065              phase          r=2.2000 dists=0.0423 lpips=0.1061 effect=0.1467 (118s)
task_obj_remove_10197            phase          r=2.2000 dists=0.0692 lpips=0.2595 effect=0.4121 (117s)
task_obj_remove_257910           phase          r=2.2000 dists=0.0349 lpips=0.1728 effect=0.1839 (117s)
task_obj_remove_380621           phase          r=2.2000 dists=0.0605 lpips=0.2025 effect=0.3891 (118s)
task_obj_remove_509477           phase          r=2.2000 dists=0.0600 lpips=0.1745 effect=0.2023 (117s)
task_obj_remove_657585           phase          r=2.2000 dists=0.0237 lpips=0.0559 effect=0.2292 (117s)
task_obj_swap_joint_mask_276754  phase          r=2.2000 dists=0.1014 lpips=0.4097 effect=0.1782 (117s)
task_obj_swap_joint_mask_533428  phase          r=2.2000 dists=0.0782 lpips=0.2087 effect=0.2742 (117s)
/nfs/home/nelson0314/venvs/wacv/lib/python3.11/site-packages/diffusers/image_processor.py:724: FutureWarning: Passing `image` as torch tensor with value range in [-1,1] is deprecated. The expected value range for image tensor is [0,1] when passing as pytorch tensor or numpy Array. You passed `image` with value range [-0.9686274528503418,1.0]
  warnings.warn(
task_obj_swap_joint_mask_75733   phase          r=2.2000 dists=0.0771 lpips=0.2581 effect=0.3622 (117s)
task_obj_swap_rand_mask_298147   phase          r=2.2000 dists=0.1070 lpips=0.3121 effect=0.5381 (117s)
task_obj_swap_rand_mask_417469   phase          r=2.2000 dists=0.0367 lpips=0.1538 effect=0.1840 (108s)

表：runs/fair0820/a_phase/p20_t22/results.csv（25 列）
