Warning: You are sending unauthenticated requests to the HF Hub. Please set a HF_TOKEN to enable higher rate limits and faster downloads.
Loading pipeline components...:   0%|          | 0/6 [00:00<?, ?it/s]
Loading weights:   0%|          | 0/196 [00:00<?, ?it/s][ALoading weights: 100%|██████████| 196/196 [00:00<00:00, 4050.31it/s]
Loading pipeline components...:  67%|██████▋   | 4/6 [00:00<00:00, 19.69it/s]Loading pipeline components...: 100%|██████████| 6/6 [00:00<00:00, 15.29it/s]Loading pipeline components...: 100%|██████████| 6/6 [00:00<00:00, 16.00it/s]
There are modules in AutoencoderKL that should be kept in float32: []. Casting directly with `to()` can lead to inconsistent results; set `torch_dtype` in `from_pretrained()` instead to keep these modules in float32.
/nfs/home/nelson0314/venvs/wacv/lib/python3.11/site-packages/torchvision/models/_utils.py:207: UserWarning: The parameter 'pretrained' is deprecated since 0.13 and may be removed in the future, please use 'weights' instead.
  warnings.warn(
/nfs/home/nelson0314/venvs/wacv/lib/python3.11/site-packages/torchvision/models/_utils.py:222: UserWarning: Arguments other than a weight enum or `None` for 'weights' are deprecated since 0.13 and may be removed in the future. The current behavior is equivalent to passing `weights=VGG16_Weights.IMAGENET1K_V1`. You can also use `weights=VGG16_Weights.DEFAULT` to get the most up-to-date weights.
  warnings.warn(msg)
IP2P 線：25 張、條件 ['phase_rand']、steps=100 s_T=7.5 s_I=1.5 seed=20260812
/nfs/home/nelson0314/venvs/wacv/lib/python3.11/site-packages/diffusers/image_processor.py:724: FutureWarning: Passing `image` as torch tensor with value range in [-1,1] is deprecated. The expected value range for image tensor is [0,1] when passing as pytorch tensor or numpy Array. You passed `image` with value range [-1.0,1.0]
  warnings.warn(
task_attr_mod_color_11699        phase_rand     r=1.6000 dists=0.0739 lpips=0.1118 effect=0.1284 (70s)
task_attr_mod_color_136767       phase_rand     r=1.6000 dists=0.1422 lpips=0.1544 effect=0.1834 (70s)
task_attr_mod_color_184837       phase_rand     r=1.6000 dists=0.1704 lpips=0.1989 effect=0.2665 (70s)
task_attr_mod_color_32648        phase_rand     r=1.6000 dists=0.0592 lpips=0.0669 effect=0.1087 (70s)
task_attr_mod_color_6205         phase_rand     r=1.6000 dists=0.1154 lpips=0.1192 effect=0.1226 (70s)
task_env_weather_112463          phase_rand     r=1.6000 dists=0.0536 lpips=0.1057 effect=0.1874 (70s)
task_env_weather_133752          phase_rand     r=1.6000 dists=0.0394 lpips=0.0552 effect=0.0969 (70s)
task_env_weather_181583          phase_rand     r=1.6000 dists=0.0614 lpips=0.1002 effect=0.1499 (70s)
task_env_weather_246440          phase_rand     r=1.6000 dists=0.0990 lpips=0.1418 effect=0.2718 (70s)
task_env_weather_63722           phase_rand     r=1.6000 dists=0.1210 lpips=0.1428 effect=0.1724 (70s)
task_obj_add_13726               phase_rand     r=1.6000 dists=0.1296 lpips=0.1496 effect=0.1976 (70s)
task_obj_add_340466              phase_rand     r=1.6000 dists=0.1268 lpips=0.1395 effect=0.2291 (70s)
task_obj_add_40931               phase_rand     r=1.6000 dists=0.0991 lpips=0.1754 effect=0.2307 (70s)
task_obj_add_581286              phase_rand     r=1.6000 dists=0.0559 lpips=0.0699 effect=0.0966 (70s)
task_obj_add_692065              phase_rand     r=1.6000 dists=0.0672 lpips=0.0832 effect=0.1113 (70s)
task_obj_remove_10197            phase_rand     r=1.6000 dists=0.0868 lpips=0.1379 effect=0.2339 (70s)
task_obj_remove_257910           phase_rand     r=1.6000 dists=0.0636 lpips=0.0885 effect=0.1213 (70s)
task_obj_remove_380621           phase_rand     r=1.6000 dists=0.0864 lpips=0.1169 effect=0.1633 (70s)
task_obj_remove_509477           phase_rand     r=1.6000 dists=0.1040 lpips=0.1628 effect=0.1877 (70s)
task_obj_remove_657585           phase_rand     r=1.6000 dists=0.0591 lpips=0.0757 effect=0.2298 (70s)
task_obj_swap_joint_mask_276754  phase_rand     r=1.6000 dists=0.1185 lpips=0.2453 effect=0.0715 (70s)
task_obj_swap_joint_mask_533428  phase_rand     r=1.6000 dists=0.1193 lpips=0.1581 effect=0.2769 (70s)
/nfs/home/nelson0314/venvs/wacv/lib/python3.11/site-packages/diffusers/image_processor.py:724: FutureWarning: Passing `image` as torch tensor with value range in [-1,1] is deprecated. The expected value range for image tensor is [0,1] when passing as pytorch tensor or numpy Array. You passed `image` with value range [-0.9686274528503418,1.0]
  warnings.warn(
task_obj_swap_joint_mask_75733   phase_rand     r=1.6000 dists=0.1186 lpips=0.1261 effect=0.1653 (70s)
task_obj_swap_rand_mask_298147   phase_rand     r=1.6000 dists=0.1343 lpips=0.2531 effect=0.2987 (70s)
task_obj_swap_rand_mask_417469   phase_rand     r=1.6000 dists=0.0857 lpips=0.1514 effect=0.1805 (70s)

表：runs/fair0820/a_phase/r00_t16/results.csv（25 列）
