[32mActivated conda/uv virtual environment at [36m/venv/main[0m
Warning: You are sending unauthenticated requests to the HF Hub. Please set a HF_TOKEN to enable higher rate limits and faster downloads.
Loading pipeline components...:   0%|          | 0/6 [00:00<?, ?it/s]Loading pipeline components...:  17%|█▋        | 1/6 [00:00<00:00,  8.47it/s]
Loading weights:   0%|          | 0/196 [00:00<?, ?it/s][ALoading weights: 100%|██████████| 196/196 [00:00<00:00, 4657.83it/s]
Loading pipeline components...:  50%|█████     | 3/6 [00:00<00:00,  9.54it/s]Loading pipeline components...: 100%|██████████| 6/6 [00:00<00:00, 17.02it/s]
There are modules in UNet2DConditionModel that should be kept in float32: []. Casting directly with `to()` can lead to inconsistent results; set `torch_dtype` in `from_pretrained()` instead to keep these modules in float32.
There are modules in AutoencoderKL that should be kept in float32: []. Casting directly with `to()` can lead to inconsistent results; set `torch_dtype` in `from_pretrained()` instead to keep these modules in float32.
/venv/main/lib/python3.12/site-packages/torchvision/models/_utils.py:208: UserWarning: The parameter 'pretrained' is deprecated since 0.13 and may be removed in the future, please use 'weights' instead.
  warnings.warn(
/venv/main/lib/python3.12/site-packages/torchvision/models/_utils.py:223: UserWarning: Arguments other than a weight enum or `None` for 'weights' are deprecated since 0.13 and may be removed in the future. The current behavior is equivalent to passing `weights=VGG16_Weights.IMAGENET1K_V1`. You can also use `weights=VGG16_Weights.DEFAULT` to get the most up-to-date weights.
  warnings.warn(msg)
重算 5 張影像的編輯：lebron_00 musk_00 obama_00 ronaldo_00 trump_00
Loading weights:   0%|          | 0/398 [00:00<?, ?it/s]Loading weights: 100%|██████████| 398/398 [00:00<00:00, 32051.40it/s]
[transformers] Model config: bos_token_id must be `None` or an integer within the vocabulary (between 0 and 31999), got 49406. This may result in unexpected behavior.
[transformers] Model config: eos_token_id must be `None` or an integer within the vocabulary (between 0 and 31999), got 49407. This may result in unexpected behavior.
Loading weights:   0%|          | 0/408 [00:00<?, ?it/s]Loading weights:  90%|█████████ | 369/408 [00:00<00:00, 3686.29it/s]Loading weights: 100%|██████████| 408/408 [00:00<00:00, 3688.30it/s]
  lebron_00    add__human         edit_lpips 0.1937 -> 0.1738  (3.4 s)
  lebron_00    phase__human       edit_lpips 0.2082 -> 0.2114  (2.9 s)
  lebron_00    phase_rand__human  edit_lpips 0.1041 -> 0.1047  (2.9 s)
  lebron_00    apa_weak           edit_lpips 0.0816 -> 0.0837  (2.9 s)
  lebron_00    mist               edit_lpips 0.6419 -> 0.6348  (2.9 s)
  lebron_00    dia_r              edit_lpips 0.201 -> 0.1974  (2.9 s)
  lebron_00    photoguard_c       edit_lpips 0.4194 -> 0.4006  (2.9 s)
  musk_00      add__human         edit_lpips 0.1851 -> 0.1644  (2.9 s)
  musk_00      phase__human       edit_lpips 0.1922 -> 0.1892  (2.9 s)
  musk_00      phase_rand__human  edit_lpips 0.0459 -> 0.0496  (2.9 s)
  musk_00      apa_weak           edit_lpips 0.0751 -> 0.0774  (2.9 s)
  musk_00      mist               edit_lpips 0.5246 -> 0.5295  (2.9 s)
  musk_00      dia_r              edit_lpips 0.2712 -> 0.2797  (2.9 s)
  musk_00      photoguard_c       edit_lpips 0.3141 -> 0.3038  (2.9 s)
  obama_00     add__human         edit_lpips 0.2645 -> 0.2564  (2.9 s)
  obama_00     phase__human       edit_lpips 0.2753 -> 0.2706  (2.9 s)
  obama_00     phase_rand__human  edit_lpips 0.1378 -> 0.1427  (2.9 s)
  obama_00     apa_weak           edit_lpips 0.1737 -> 0.1873  (2.9 s)
  obama_00     mist               edit_lpips 0.5866 -> 0.5837  (2.9 s)
  obama_00     dia_r              edit_lpips 0.3339 -> 0.3457  (2.9 s)
  obama_00     photoguard_c       edit_lpips 0.4859 -> 0.4827  (2.9 s)
  ronaldo_00   add__human         edit_lpips 0.4483 -> 0.4264  (2.9 s)
  ronaldo_00   phase__human       edit_lpips 0.5333 -> 0.5328  (2.9 s)
  ronaldo_00   phase_rand__human  edit_lpips 0.0746 -> 0.0772  (2.9 s)
  ronaldo_00   apa_weak           edit_lpips 0.2144 -> 0.2367  (2.9 s)
  ronaldo_00   mist               edit_lpips 0.6377 -> 0.646  (2.9 s)
  ronaldo_00   dia_r              edit_lpips 0.4549 -> 0.4192  (2.9 s)
  ronaldo_00   photoguard_c       edit_lpips 0.5185 -> 0.5686  (2.9 s)
  trump_00     add__human         edit_lpips 0.2929 -> 0.271  (2.9 s)
  trump_00     phase__human       edit_lpips 0.3278 -> 0.3277  (2.9 s)
  trump_00     phase_rand__human  edit_lpips 0.086 -> 0.0873  (2.9 s)
  trump_00     apa_weak           edit_lpips 0.2148 -> 0.2326  (2.9 s)
  trump_00     mist               edit_lpips 0.579 -> 0.5922  (2.9 s)
  trump_00     dia_r              edit_lpips 0.3289 -> 0.3169  (2.9 s)
  trump_00     photoguard_c       edit_lpips 0.6076 -> 0.5815  (2.9 s)

重算完成：35 列 -> runs/s0817/merged/results.csv
