Warning: You are sending unauthenticated requests to the HF Hub. Please set a HF_TOKEN to enable higher rate limits and faster downloads.
Loading pipeline components...:   0%|          | 0/6 [00:00<?, ?it/s]Loading pipeline components...:  67%|██████▋   | 4/6 [00:00<00:00, 20.57it/s]
Loading weights:   0%|          | 0/196 [00:00<?, ?it/s][ALoading weights: 100%|██████████| 196/196 [00:00<00:00, 3522.19it/s]
Loading pipeline components...: 100%|██████████| 6/6 [00:00<00:00, 13.60it/s]
There are modules in AutoencoderKL that should be kept in float32: []. Casting directly with `to()` can lead to inconsistent results; set `torch_dtype` in `from_pretrained()` instead to keep these modules in float32.
/nfs/home/nelson0314/venvs/wacv/lib/python3.11/site-packages/torchvision/models/_utils.py:207: UserWarning: The parameter 'pretrained' is deprecated since 0.13 and may be removed in the future, please use 'weights' instead.
  warnings.warn(
/nfs/home/nelson0314/venvs/wacv/lib/python3.11/site-packages/torchvision/models/_utils.py:222: UserWarning: Arguments other than a weight enum or `None` for 'weights' are deprecated since 0.13 and may be removed in the future. The current behavior is equivalent to passing `weights=VGG16_Weights.IMAGENET1K_V1`. You can also use `weights=VGG16_Weights.DEFAULT` to get the most up-to-date weights.
  warnings.warn(msg)
IP2P 線：13 張、條件 ['phase_gain']、steps=100 s_T=7.5 s_I=1.5 seed=20260812
/nfs/home/nelson0314/venvs/wacv/lib/python3.11/site-packages/diffusers/image_processor.py:724: FutureWarning: Passing `image` as torch tensor with value range in [-1,1] is deprecated. The expected value range for image tensor is [0,1] when passing as pytorch tensor or numpy Array. You passed `image` with value range [-1.0,1.0]
  warnings.warn(
Loading weights:   0%|          | 0/398 [00:00<?, ?it/s]Loading weights: 100%|██████████| 398/398 [00:00<00:00, 20617.19it/s]
[transformers] Model config: bos_token_id must be `None` or an integer within the vocabulary (between 0 and 31999), got 49406. This may result in unexpected behavior.
[transformers] Model config: eos_token_id must be `None` or an integer within the vocabulary (between 0 and 31999), got 49407. This may result in unexpected behavior.
Loading weights:   0%|          | 0/408 [00:00<?, ?it/s]Loading weights:  75%|███████▌  | 306/408 [00:00<00:00, 3055.42it/s]Loading weights: 100%|██████████| 408/408 [00:00<00:00, 3025.73it/s]
task_attr_mod_color_11699        phase_gain     r=3.0000 dists=0.1176 lpips=0.3473 effect=0.5488 (212s)
task_attr_mod_color_136767       phase_gain     r=3.0000 dists=0.1993 lpips=0.4171 effect=0.5735 (201s)
task_attr_mod_color_184837       phase_gain     r=3.0000 dists=0.2325 lpips=0.4779 effect=0.7567 (201s)
task_attr_mod_color_32648        phase_gain     r=3.0000 dists=0.1089 lpips=0.4415 effect=0.3721 (201s)
task_attr_mod_color_6205         phase_gain     r=3.0000 dists=0.1537 lpips=0.3607 effect=0.5793 (201s)
task_env_weather_112463          phase_gain     r=3.0000 dists=0.0919 lpips=0.4635 effect=0.8172 (201s)
task_env_weather_246440          phase_gain     r=3.0000 dists=0.1796 lpips=0.4453 effect=0.5962 (201s)
task_env_weather_63722           phase_gain     r=3.0000 dists=0.1218 lpips=0.4197 effect=0.5369 (201s)
task_obj_add_40931               phase_gain     r=3.0000 dists=0.1857 lpips=0.5045 effect=0.7059 (201s)
task_obj_remove_380621           phase_gain     r=3.0000 dists=0.1231 lpips=0.4141 effect=0.7169 (201s)
task_obj_swap_joint_mask_276754  phase_gain     r=3.0000 dists=0.1969 lpips=0.4630 effect=0.6671 (201s)
task_obj_swap_joint_mask_533428  phase_gain     r=3.0000 dists=0.1862 lpips=0.5100 effect=0.6393 (202s)
task_obj_swap_rand_mask_417469   phase_gain     r=3.0000 dists=0.1543 lpips=0.4863 effect=0.7616 (203s)

表：runs/ip2p_overlap_sweep/h04_r30/results.csv（13 列）
