Warning: You are sending unauthenticated requests to the HF Hub. Please set a HF_TOKEN to enable higher rate limits and faster downloads.
Loading pipeline components...:   0%|          | 0/6 [00:00<?, ?it/s]Loading pipeline components...:  50%|█████     | 3/6 [00:00<00:00, 21.22it/s]
Loading weights:   0%|          | 0/196 [00:00<?, ?it/s][ALoading weights: 100%|██████████| 196/196 [00:00<00:00, 4109.16it/s]
Loading pipeline components...: 100%|██████████| 6/6 [00:00<00:00, 16.37it/s]Loading pipeline components...: 100%|██████████| 6/6 [00:00<00:00, 16.94it/s]
There are modules in AutoencoderKL that should be kept in float32: []. Casting directly with `to()` can lead to inconsistent results; set `torch_dtype` in `from_pretrained()` instead to keep these modules in float32.
/nfs/home/nelson0314/venvs/wacv/lib/python3.11/site-packages/torchvision/models/_utils.py:207: UserWarning: The parameter 'pretrained' is deprecated since 0.13 and may be removed in the future, please use 'weights' instead.
  warnings.warn(
/nfs/home/nelson0314/venvs/wacv/lib/python3.11/site-packages/torchvision/models/_utils.py:222: UserWarning: Arguments other than a weight enum or `None` for 'weights' are deprecated since 0.13 and may be removed in the future. The current behavior is equivalent to passing `weights=VGG16_Weights.IMAGENET1K_V1`. You can also use `weights=VGG16_Weights.DEFAULT` to get the most up-to-date weights.
  warnings.warn(msg)
IP2P 線：13 張、條件 ['phase_gain']、steps=100 s_T=7.5 s_I=1.5 seed=20260812
/nfs/home/nelson0314/venvs/wacv/lib/python3.11/site-packages/diffusers/image_processor.py:724: FutureWarning: Passing `image` as torch tensor with value range in [-1,1] is deprecated. The expected value range for image tensor is [0,1] when passing as pytorch tensor or numpy Array. You passed `image` with value range [-1.0,1.0]
  warnings.warn(
Loading weights:   0%|          | 0/398 [00:00<?, ?it/s]Loading weights: 100%|██████████| 398/398 [00:00<00:00, 25674.94it/s]
[transformers] Model config: bos_token_id must be `None` or an integer within the vocabulary (between 0 and 31999), got 49406. This may result in unexpected behavior.
[transformers] Model config: eos_token_id must be `None` or an integer within the vocabulary (between 0 and 31999), got 49407. This may result in unexpected behavior.
Loading weights:   0%|          | 0/408 [00:00<?, ?it/s]Loading weights:  89%|████████▉ | 365/408 [00:00<00:00, 3647.83it/s]Loading weights: 100%|██████████| 408/408 [00:00<00:00, 3647.14it/s]
task_attr_mod_color_11699        phase_gain     r=2.0000 dists=0.0146 lpips=0.1909 effect=0.2085 (186s)
task_attr_mod_color_136767       phase_gain     r=2.0000 dists=0.0392 lpips=0.2231 effect=0.2725 (177s)
task_attr_mod_color_184837       phase_gain     r=2.0000 dists=0.0468 lpips=0.2696 effect=0.3556 (342s)
task_attr_mod_color_32648        phase_gain     r=2.0000 dists=0.0153 lpips=0.2600 effect=0.1943 (370s)
task_attr_mod_color_6205         phase_gain     r=2.0000 dists=0.0286 lpips=0.1601 effect=0.2985 (383s)
task_env_weather_112463          phase_gain     r=2.0000 dists=0.0103 lpips=0.2716 effect=0.2866 (383s)
task_env_weather_246440          phase_gain     r=2.0000 dists=0.0379 lpips=0.2597 effect=0.4258 (383s)
task_env_weather_63722           phase_gain     r=2.0000 dists=0.0251 lpips=0.2393 effect=0.3022 (383s)
task_obj_add_40931               phase_gain     r=2.0000 dists=0.0334 lpips=0.3342 effect=0.3237 (383s)
task_obj_remove_380621           phase_gain     r=2.0000 dists=0.0399 lpips=0.2504 effect=0.3888 (383s)
task_obj_swap_joint_mask_276754  phase_gain     r=2.0000 dists=0.0424 lpips=0.3732 effect=0.5679 (383s)
task_obj_swap_joint_mask_533428  phase_gain     r=2.0000 dists=0.0328 lpips=0.3159 effect=0.5010 (383s)
task_obj_swap_rand_mask_417469   phase_gain     r=2.0000 dists=0.0251 lpips=0.2855 effect=0.3570 (383s)

表：runs/ip2p_weight_plus_loss/wl_r20/results.csv（13 列）
