Warning: You are sending unauthenticated requests to the HF Hub. Please set a HF_TOKEN to enable higher rate limits and faster downloads.
Loading pipeline components...:   0%|          | 0/6 [00:00<?, ?it/s]
Loading weights:   0%|          | 0/196 [00:00<?, ?it/s][ALoading weights: 100%|██████████| 196/196 [00:00<00:00, 3720.05it/s]
Loading pipeline components...:  33%|███▎      | 2/6 [00:00<00:00,  8.88it/s]Loading pipeline components...: 100%|██████████| 6/6 [00:00<00:00, 18.31it/s]Loading pipeline components...: 100%|██████████| 6/6 [00:00<00:00, 16.55it/s]
There are modules in AutoencoderKL that should be kept in float32: []. Casting directly with `to()` can lead to inconsistent results; set `torch_dtype` in `from_pretrained()` instead to keep these modules in float32.
/nfs/home/nelson0314/venvs/wacv/lib/python3.11/site-packages/torchvision/models/_utils.py:207: UserWarning: The parameter 'pretrained' is deprecated since 0.13 and may be removed in the future, please use 'weights' instead.
  warnings.warn(
/nfs/home/nelson0314/venvs/wacv/lib/python3.11/site-packages/torchvision/models/_utils.py:222: UserWarning: Arguments other than a weight enum or `None` for 'weights' are deprecated since 0.13 and may be removed in the future. The current behavior is equivalent to passing `weights=VGG16_Weights.IMAGENET1K_V1`. You can also use `weights=VGG16_Weights.DEFAULT` to get the most up-to-date weights.
  warnings.warn(msg)
IP2P 線：13 張、條件 ['phase']、steps=100 s_T=7.5 s_I=1.5 seed=20260812
/nfs/home/nelson0314/venvs/wacv/lib/python3.11/site-packages/diffusers/image_processor.py:724: FutureWarning: Passing `image` as torch tensor with value range in [-1,1] is deprecated. The expected value range for image tensor is [0,1] when passing as pytorch tensor or numpy Array. You passed `image` with value range [-1.0,1.0]
  warnings.warn(
Loading weights:   0%|          | 0/398 [00:00<?, ?it/s]Loading weights: 100%|██████████| 398/398 [00:00<00:00, 13568.83it/s]
[transformers] Model config: bos_token_id must be `None` or an integer within the vocabulary (between 0 and 31999), got 49406. This may result in unexpected behavior.
[transformers] Model config: eos_token_id must be `None` or an integer within the vocabulary (between 0 and 31999), got 49407. This may result in unexpected behavior.
Loading weights:   0%|          | 0/408 [00:00<?, ?it/s]Loading weights:  99%|█████████▉| 403/408 [00:00<00:00, 4027.46it/s]Loading weights: 100%|██████████| 408/408 [00:00<00:00, 4040.51it/s]
task_attr_mod_color_11699        phase          r=3.1416 dists=0.1158 lpips=0.5232 effect=0.4639 (410s)
task_attr_mod_color_136767       phase          r=3.1416 dists=0.1568 lpips=0.4972 effect=0.6178 (396s)
task_attr_mod_color_184837       phase          r=3.1416 dists=0.1980 lpips=0.5292 effect=0.6241 (396s)
task_attr_mod_color_32648        phase          r=3.1416 dists=0.1571 lpips=0.5808 effect=0.4159 (397s)
task_attr_mod_color_6205         phase          r=3.1416 dists=0.1579 lpips=0.5534 effect=0.6702 (397s)
task_env_weather_112463          phase          r=3.1416 dists=0.0759 lpips=0.6016 effect=0.7486 (397s)
task_env_weather_246440          phase          r=3.1416 dists=0.1448 lpips=0.4667 effect=0.5408 (397s)
task_env_weather_63722           phase          r=3.1416 dists=0.1141 lpips=0.5371 effect=0.5127 (397s)
task_obj_add_40931               phase          r=3.1416 dists=0.1368 lpips=0.5189 effect=0.5526 (398s)
task_obj_remove_380621           phase          r=3.1416 dists=0.1259 lpips=0.5700 effect=0.6609 (398s)
task_obj_swap_joint_mask_276754  phase          r=3.1416 dists=0.1736 lpips=0.5015 effect=0.5545 (398s)
task_obj_swap_joint_mask_533428  phase          r=3.1416 dists=0.1312 lpips=0.5198 effect=0.6006 (398s)
task_obj_swap_rand_mask_417469   phase          r=3.1416 dists=0.1104 lpips=0.5399 effect=0.7227 (396s)

表：runs/ip2p_eot_geometry/g_rpi/results.csv（13 列）
