Warning: You are sending unauthenticated requests to the HF Hub. Please set a HF_TOKEN to enable higher rate limits and faster downloads.
Loading pipeline components...:   0%|          | 0/6 [00:00<?, ?it/s]Loading pipeline components...:  17%|█▋        | 1/6 [00:00<00:00,  8.76it/s]Loading pipeline components...:  67%|██████▋   | 4/6 [00:00<00:00, 18.95it/s]
Loading weights:   0%|          | 0/196 [00:00<?, ?it/s][ALoading weights: 100%|██████████| 196/196 [00:00<00:00, 3924.01it/s]
Loading pipeline components...: 100%|██████████| 6/6 [00:00<00:00, 14.01it/s]Loading pipeline components...: 100%|██████████| 6/6 [00:00<00:00, 14.26it/s]
There are modules in AutoencoderKL that should be kept in float32: []. Casting directly with `to()` can lead to inconsistent results; set `torch_dtype` in `from_pretrained()` instead to keep these modules in float32.
/nfs/home/nelson0314/venvs/wacv/lib/python3.11/site-packages/torchvision/models/_utils.py:207: UserWarning: The parameter 'pretrained' is deprecated since 0.13 and may be removed in the future, please use 'weights' instead.
  warnings.warn(
/nfs/home/nelson0314/venvs/wacv/lib/python3.11/site-packages/torchvision/models/_utils.py:222: UserWarning: Arguments other than a weight enum or `None` for 'weights' are deprecated since 0.13 and may be removed in the future. The current behavior is equivalent to passing `weights=VGG16_Weights.IMAGENET1K_V1`. You can also use `weights=VGG16_Weights.DEFAULT` to get the most up-to-date weights.
  warnings.warn(msg)
IP2P 線：25 張、條件 ['phase_gain']、steps=100 s_T=7.5 s_I=1.5 seed=20260812
/nfs/home/nelson0314/venvs/wacv/lib/python3.11/site-packages/diffusers/image_processor.py:724: FutureWarning: Passing `image` as torch tensor with value range in [-1,1] is deprecated. The expected value range for image tensor is [0,1] when passing as pytorch tensor or numpy Array. You passed `image` with value range [-1.0,1.0]
  warnings.warn(
task_attr_mod_color_11699        phase_gain     r=3.0000 dists=0.1501 lpips=0.2827 effect=0.3587 (37s)
task_attr_mod_color_136767       phase_gain     r=3.0000 dists=0.2134 lpips=0.3988 effect=0.4786 (37s)
task_attr_mod_color_184837       phase_gain     r=3.0000 dists=0.2308 lpips=0.4063 effect=0.4878 (37s)
task_attr_mod_color_32648        phase_gain     r=3.0000 dists=0.1784 lpips=0.4164 effect=0.3520 (37s)
task_attr_mod_color_6205         phase_gain     r=3.0000 dists=0.1826 lpips=0.3037 effect=0.5251 (37s)
task_env_weather_112463          phase_gain     r=3.0000 dists=0.1294 lpips=0.4569 effect=0.4543 (37s)
task_env_weather_133752          phase_gain     r=3.0000 dists=0.1334 lpips=0.4134 effect=0.5717 (37s)
task_env_weather_181583          phase_gain     r=3.0000 dists=0.1792 lpips=0.4491 effect=0.6737 (37s)
task_env_weather_246440          phase_gain     r=3.0000 dists=0.2042 lpips=0.4629 effect=0.5072 (37s)
task_env_weather_63722           phase_gain     r=3.0000 dists=0.1765 lpips=0.3453 effect=0.3849 (37s)
task_obj_add_13726               phase_gain     r=3.0000 dists=0.2035 lpips=0.4683 effect=0.6224 (37s)
task_obj_add_340466              phase_gain     r=3.0000 dists=0.1800 lpips=0.2999 effect=0.4162 (37s)
task_obj_add_40931               phase_gain     r=3.0000 dists=0.2413 lpips=0.5483 effect=0.5661 (37s)
task_obj_add_581286              phase_gain     r=3.0000 dists=0.1391 lpips=0.3621 effect=0.5545 (37s)
task_obj_add_692065              phase_gain     r=3.0000 dists=0.1692 lpips=0.3526 effect=0.3690 (37s)
task_obj_remove_10197            phase_gain     r=3.0000 dists=0.2016 lpips=0.4348 effect=0.4675 (37s)
task_obj_remove_257910           phase_gain     r=3.0000 dists=0.1431 lpips=0.4470 effect=0.4314 (37s)
task_obj_remove_380621           phase_gain     r=3.0000 dists=0.1666 lpips=0.4497 effect=0.6447 (37s)
task_obj_remove_509477           phase_gain     r=3.0000 dists=0.1877 lpips=0.4782 effect=0.5146 (37s)
task_obj_remove_657585           phase_gain     r=3.0000 dists=0.1428 lpips=0.4560 effect=0.4689 (37s)
task_obj_swap_joint_mask_276754  phase_gain     r=3.0000 dists=0.2743 lpips=0.5234 effect=0.2173 (37s)
task_obj_swap_joint_mask_533428  phase_gain     r=3.0000 dists=0.2441 lpips=0.5202 effect=0.5378 (37s)
/nfs/home/nelson0314/venvs/wacv/lib/python3.11/site-packages/diffusers/image_processor.py:724: FutureWarning: Passing `image` as torch tensor with value range in [-1,1] is deprecated. The expected value range for image tensor is [0,1] when passing as pytorch tensor or numpy Array. You passed `image` with value range [-0.9686274528503418,1.0]
  warnings.warn(
task_obj_swap_joint_mask_75733   phase_gain     r=3.0000 dists=0.1899 lpips=0.4430 effect=0.5100 (37s)
task_obj_swap_rand_mask_298147   phase_gain     r=3.0000 dists=0.2447 lpips=0.5424 effect=0.7198 (37s)
task_obj_swap_rand_mask_417469   phase_gain     r=3.0000 dists=0.1950 lpips=0.4352 effect=0.5920 (37s)

表：runs/ip2p_reach_lpips_ext/pgx_g66/results.csv（25 列）
