Warning: You are sending unauthenticated requests to the HF Hub. Please set a HF_TOKEN to enable higher rate limits and faster downloads.
Loading pipeline components...:   0%|          | 0/6 [00:00<?, ?it/s]Loading pipeline components...:  33%|███▎      | 2/6 [00:00<00:00, 16.42it/s]Loading pipeline components...:  83%|████████▎ | 5/6 [00:00<00:00, 22.87it/s]
Loading weights:   0%|          | 0/196 [00:00<?, ?it/s][ALoading weights: 100%|██████████| 196/196 [00:00<00:00, 3430.98it/s]
Loading pipeline components...: 100%|██████████| 6/6 [00:00<00:00, 15.08it/s]
There are modules in AutoencoderKL that should be kept in float32: []. Casting directly with `to()` can lead to inconsistent results; set `torch_dtype` in `from_pretrained()` instead to keep these modules in float32.
/nfs/home/nelson0314/venvs/wacv/lib/python3.11/site-packages/torchvision/models/_utils.py:207: UserWarning: The parameter 'pretrained' is deprecated since 0.13 and may be removed in the future, please use 'weights' instead.
  warnings.warn(
/nfs/home/nelson0314/venvs/wacv/lib/python3.11/site-packages/torchvision/models/_utils.py:222: UserWarning: Arguments other than a weight enum or `None` for 'weights' are deprecated since 0.13 and may be removed in the future. The current behavior is equivalent to passing `weights=VGG16_Weights.IMAGENET1K_V1`. You can also use `weights=VGG16_Weights.DEFAULT` to get the most up-to-date weights.
  warnings.warn(msg)
IP2P 線：25 張、條件 ['phase_gain']、steps=100 s_T=7.5 s_I=1.5 seed=20260812
/nfs/home/nelson0314/venvs/wacv/lib/python3.11/site-packages/diffusers/image_processor.py:724: FutureWarning: Passing `image` as torch tensor with value range in [-1,1] is deprecated. The expected value range for image tensor is [0,1] when passing as pytorch tensor or numpy Array. You passed `image` with value range [-1.0,1.0]
  warnings.warn(
task_attr_mod_color_11699        phase_gain     r=3.0000 dists=0.1536 lpips=0.2793 effect=0.3378 (36s)
task_attr_mod_color_136767       phase_gain     r=3.0000 dists=0.2105 lpips=0.3935 effect=0.4769 (36s)
task_attr_mod_color_184837       phase_gain     r=3.0000 dists=0.2301 lpips=0.3998 effect=0.4844 (36s)
task_attr_mod_color_32648        phase_gain     r=3.0000 dists=0.1689 lpips=0.4067 effect=0.3650 (36s)
task_attr_mod_color_6205         phase_gain     r=3.0000 dists=0.1868 lpips=0.3008 effect=0.5359 (36s)
task_env_weather_112463          phase_gain     r=3.0000 dists=0.1324 lpips=0.4514 effect=0.4500 (36s)
task_env_weather_133752          phase_gain     r=3.0000 dists=0.1336 lpips=0.4114 effect=0.5749 (36s)
task_env_weather_181583          phase_gain     r=3.0000 dists=0.1836 lpips=0.4444 effect=0.6635 (36s)
task_env_weather_246440          phase_gain     r=3.0000 dists=0.1969 lpips=0.4566 effect=0.5102 (36s)
task_env_weather_63722           phase_gain     r=3.0000 dists=0.1744 lpips=0.3416 effect=0.3823 (36s)
task_obj_add_13726               phase_gain     r=3.0000 dists=0.2068 lpips=0.4644 effect=0.7613 (36s)
task_obj_add_340466              phase_gain     r=3.0000 dists=0.1835 lpips=0.2953 effect=0.4336 (36s)
task_obj_add_40931               phase_gain     r=3.0000 dists=0.2417 lpips=0.5471 effect=0.5684 (36s)
task_obj_add_581286              phase_gain     r=3.0000 dists=0.1338 lpips=0.3594 effect=0.4679 (36s)
task_obj_add_692065              phase_gain     r=3.0000 dists=0.1718 lpips=0.3471 effect=0.3668 (36s)
task_obj_remove_10197            phase_gain     r=3.0000 dists=0.2088 lpips=0.4341 effect=0.4848 (36s)
task_obj_remove_257910           phase_gain     r=3.0000 dists=0.1419 lpips=0.4418 effect=0.4260 (36s)
task_obj_remove_380621           phase_gain     r=3.0000 dists=0.1685 lpips=0.4450 effect=0.6436 (36s)
task_obj_remove_509477           phase_gain     r=3.0000 dists=0.1930 lpips=0.4762 effect=0.5388 (36s)
task_obj_remove_657585           phase_gain     r=3.0000 dists=0.1421 lpips=0.4491 effect=0.4570 (36s)
task_obj_swap_joint_mask_276754  phase_gain     r=3.0000 dists=0.2692 lpips=0.5254 effect=0.2113 (36s)
task_obj_swap_joint_mask_533428  phase_gain     r=3.0000 dists=0.2417 lpips=0.5169 effect=0.5471 (36s)
/nfs/home/nelson0314/venvs/wacv/lib/python3.11/site-packages/diffusers/image_processor.py:724: FutureWarning: Passing `image` as torch tensor with value range in [-1,1] is deprecated. The expected value range for image tensor is [0,1] when passing as pytorch tensor or numpy Array. You passed `image` with value range [-0.9686274528503418,1.0]
  warnings.warn(
task_obj_swap_joint_mask_75733   phase_gain     r=3.0000 dists=0.1873 lpips=0.4385 effect=0.5121 (36s)
task_obj_swap_rand_mask_298147   phase_gain     r=3.0000 dists=0.2437 lpips=0.5407 effect=0.7215 (36s)
task_obj_swap_rand_mask_417469   phase_gain     r=3.0000 dists=0.1942 lpips=0.4343 effect=0.6013 (36s)

表：runs/ip2p_reach_lpips_ext/pgx_g54/results.csv（25 列）
