Warning: You are sending unauthenticated requests to the HF Hub. Please set a HF_TOKEN to enable higher rate limits and faster downloads.
Loading pipeline components...:   0%|          | 0/6 [00:00<?, ?it/s]Loading pipeline components...:  67%|██████▋   | 4/6 [00:00<00:00, 13.58it/s]
Loading weights:   0%|          | 0/196 [00:00<?, ?it/s][ALoading weights: 100%|██████████| 196/196 [00:00<00:00, 4355.89it/s]
Loading pipeline components...: 100%|██████████| 6/6 [00:00<00:00, 12.20it/s]Loading pipeline components...: 100%|██████████| 6/6 [00:00<00:00, 12.45it/s]
There are modules in AutoencoderKL that should be kept in float32: []. Casting directly with `to()` can lead to inconsistent results; set `torch_dtype` in `from_pretrained()` instead to keep these modules in float32.
/nfs/home/nelson0314/venvs/wacv/lib/python3.11/site-packages/torchvision/models/_utils.py:207: UserWarning: The parameter 'pretrained' is deprecated since 0.13 and may be removed in the future, please use 'weights' instead.
  warnings.warn(
/nfs/home/nelson0314/venvs/wacv/lib/python3.11/site-packages/torchvision/models/_utils.py:222: UserWarning: Arguments other than a weight enum or `None` for 'weights' are deprecated since 0.13 and may be removed in the future. The current behavior is equivalent to passing `weights=VGG16_Weights.IMAGENET1K_V1`. You can also use `weights=VGG16_Weights.DEFAULT` to get the most up-to-date weights.
  warnings.warn(msg)
IP2P 線：13 張、條件 ['phase']、steps=100 s_T=7.5 s_I=1.5 seed=20260812
/nfs/home/nelson0314/venvs/wacv/lib/python3.11/site-packages/diffusers/image_processor.py:724: FutureWarning: Passing `image` as torch tensor with value range in [-1,1] is deprecated. The expected value range for image tensor is [0,1] when passing as pytorch tensor or numpy Array. You passed `image` with value range [-1.0,1.0]
  warnings.warn(
Loading weights:   0%|          | 0/398 [00:00<?, ?it/s]Loading weights: 100%|██████████| 398/398 [00:00<00:00, 15647.16it/s]
[transformers] Model config: bos_token_id must be `None` or an integer within the vocabulary (between 0 and 31999), got 49406. This may result in unexpected behavior.
[transformers] Model config: eos_token_id must be `None` or an integer within the vocabulary (between 0 and 31999), got 49407. This may result in unexpected behavior.
Loading weights:   0%|          | 0/408 [00:00<?, ?it/s]Loading weights: 100%|██████████| 408/408 [00:00<00:00, 4244.18it/s]
task_attr_mod_color_11699        phase          r=1.0000 dists=0.0420 lpips=0.4198 effect=0.4015 (410s)
task_attr_mod_color_136767       phase          r=1.0000 dists=0.0607 lpips=0.3952 effect=0.5785 (401s)
task_attr_mod_color_184837       phase          r=1.0000 dists=0.0474 lpips=0.3725 effect=0.4574 (408s)
task_attr_mod_color_32648        phase          r=1.0000 dists=0.0875 lpips=0.5327 effect=0.5275 (410s)
task_attr_mod_color_6205         phase          r=1.0000 dists=0.0697 lpips=0.4578 effect=0.6166 (409s)
task_env_weather_112463          phase          r=1.0000 dists=0.0226 lpips=0.5340 effect=0.8313 (410s)
task_env_weather_246440          phase          r=1.0000 dists=0.0312 lpips=0.3249 effect=0.4727 (411s)
task_env_weather_63722           phase          r=1.0000 dists=0.0392 lpips=0.4221 effect=0.4650 (412s)
task_obj_add_40931               phase          r=1.0000 dists=0.0411 lpips=0.4220 effect=0.4873 (411s)
task_obj_remove_380621           phase          r=1.0000 dists=0.0589 lpips=0.4693 effect=0.6490 (412s)
task_obj_swap_joint_mask_276754  phase          r=1.0000 dists=0.0429 lpips=0.4239 effect=0.5499 (412s)
task_obj_swap_joint_mask_533428  phase          r=1.0000 dists=0.0352 lpips=0.3966 effect=0.5476 (412s)
task_obj_swap_rand_mask_417469   phase          r=1.0000 dists=0.0365 lpips=0.4389 effect=0.6122 (410s)

表：runs/ip2p_quantile_sweep/q60_r10/results.csv（13 列）
