Warning: You are sending unauthenticated requests to the HF Hub. Please set a HF_TOKEN to enable higher rate limits and faster downloads.
Loading pipeline components...:   0%|          | 0/6 [00:00<?, ?it/s]
Loading weights:   0%|          | 0/196 [00:00<?, ?it/s][A
Loading weights:  41%|████▏     | 81/196 [00:00<00:00, 808.91it/s][ALoading weights: 100%|██████████| 196/196 [00:00<00:00, 1058.52it/s]
Loading pipeline components...:  17%|█▋        | 1/6 [00:00<00:01,  3.13it/s]Loading pipeline components...:  50%|█████     | 3/6 [00:00<00:00,  7.52it/s]Loading pipeline components...: 100%|██████████| 6/6 [00:00<00:00, 12.63it/s]Loading pipeline components...: 100%|██████████| 6/6 [00:00<00:00, 10.15it/s]
There are modules in AutoencoderKL that should be kept in float32: []. Casting directly with `to()` can lead to inconsistent results; set `torch_dtype` in `from_pretrained()` instead to keep these modules in float32.
/nfs/home/nelson0314/venvs/wacv/lib/python3.11/site-packages/torchvision/models/_utils.py:207: UserWarning: The parameter 'pretrained' is deprecated since 0.13 and may be removed in the future, please use 'weights' instead.
  warnings.warn(
/nfs/home/nelson0314/venvs/wacv/lib/python3.11/site-packages/torchvision/models/_utils.py:222: UserWarning: Arguments other than a weight enum or `None` for 'weights' are deprecated since 0.13 and may be removed in the future. The current behavior is equivalent to passing `weights=VGG16_Weights.IMAGENET1K_V1`. You can also use `weights=VGG16_Weights.DEFAULT` to get the most up-to-date weights.
  warnings.warn(msg)
IP2P 線：13 張、條件 ['advdrop']、steps=100 s_T=7.5 s_I=1.5 seed=20260812
/nfs/home/nelson0314/venvs/wacv/lib/python3.11/site-packages/diffusers/image_processor.py:724: FutureWarning: Passing `image` as torch tensor with value range in [-1,1] is deprecated. The expected value range for image tensor is [0,1] when passing as pytorch tensor or numpy Array. You passed `image` with value range [-1.0,1.0]
  warnings.warn(
Loading weights:   0%|          | 0/398 [00:00<?, ?it/s]Loading weights: 100%|██████████| 398/398 [00:00<00:00, 19517.74it/s]
[transformers] Model config: bos_token_id must be `None` or an integer within the vocabulary (between 0 and 31999), got 49406. This may result in unexpected behavior.
[transformers] Model config: eos_token_id must be `None` or an integer within the vocabulary (between 0 and 31999), got 49407. This may result in unexpected behavior.
Loading weights:   0%|          | 0/408 [00:00<?, ?it/s]Loading weights:  75%|███████▌  | 308/408 [00:00<00:00, 3059.97it/s]Loading weights: 100%|██████████| 408/408 [00:00<00:00, 2938.00it/s]
task_attr_mod_color_11699        advdrop        r=220.0000 dists=0.0210 lpips=0.0993 effect=0.1158 (79s)
task_attr_mod_color_136767       advdrop        r=220.0000 dists=0.0073 lpips=0.0449 effect=0.0654 (64s)
task_attr_mod_color_184837       advdrop        r=220.0000 dists=0.0061 lpips=0.0324 effect=0.0595 (64s)
task_attr_mod_color_32648        advdrop        r=220.0000 dists=0.0181 lpips=0.1149 effect=0.1102 (64s)
task_attr_mod_color_6205         advdrop        r=220.0000 dists=0.0081 lpips=0.0657 effect=0.0687 (64s)
task_env_weather_112463          advdrop        r=220.0000 dists=0.0130 lpips=0.0812 effect=0.1825 (64s)
task_env_weather_246440          advdrop        r=220.0000 dists=0.0020 lpips=0.0164 effect=0.1048 (64s)
task_env_weather_63722           advdrop        r=220.0000 dists=0.0207 lpips=0.1086 effect=0.1342 (64s)
task_obj_add_40931               advdrop        r=220.0000 dists=0.0112 lpips=0.0795 effect=0.1091 (64s)
task_obj_remove_380621           advdrop        r=220.0000 dists=0.0146 lpips=0.0949 effect=0.1366 (64s)
task_obj_swap_joint_mask_276754  advdrop        r=220.0000 dists=0.0084 lpips=0.0616 effect=0.0236 (64s)
task_obj_swap_joint_mask_533428  advdrop        r=220.0000 dists=0.0090 lpips=0.0695 effect=0.2205 (64s)
task_obj_swap_rand_mask_417469   advdrop        r=220.0000 dists=0.0083 lpips=0.0632 effect=0.0831 (64s)

表：runs/ip2p_advdrop_band/e220/results.csv（13 列）
