Warning: You are sending unauthenticated requests to the HF Hub. Please set a HF_TOKEN to enable higher rate limits and faster downloads.
Loading pipeline components...:   0%|          | 0/6 [00:00<?, ?it/s]Loading pipeline components...:  67%|██████▋   | 4/6 [00:00<00:00, 27.40it/s]
Loading weights:   0%|          | 0/196 [00:00<?, ?it/s][ALoading weights: 100%|██████████| 196/196 [00:00<00:00, 3868.30it/s]
Loading pipeline components...: 100%|██████████| 6/6 [00:00<00:00, 14.69it/s]
There are modules in AutoencoderKL that should be kept in float32: []. Casting directly with `to()` can lead to inconsistent results; set `torch_dtype` in `from_pretrained()` instead to keep these modules in float32.
/nfs/home/nelson0314/venvs/wacv/lib/python3.11/site-packages/torchvision/models/_utils.py:207: UserWarning: The parameter 'pretrained' is deprecated since 0.13 and may be removed in the future, please use 'weights' instead.
  warnings.warn(
/nfs/home/nelson0314/venvs/wacv/lib/python3.11/site-packages/torchvision/models/_utils.py:222: UserWarning: Arguments other than a weight enum or `None` for 'weights' are deprecated since 0.13 and may be removed in the future. The current behavior is equivalent to passing `weights=VGG16_Weights.IMAGENET1K_V1`. You can also use `weights=VGG16_Weights.DEFAULT` to get the most up-to-date weights.
  warnings.warn(msg)
IP2P 線：25 張、條件 ['phase']、steps=100 s_T=7.5 s_I=1.5 seed=20260812
/nfs/home/nelson0314/venvs/wacv/lib/python3.11/site-packages/diffusers/image_processor.py:724: FutureWarning: Passing `image` as torch tensor with value range in [-1,1] is deprecated. The expected value range for image tensor is [0,1] when passing as pytorch tensor or numpy Array. You passed `image` with value range [-1.0,1.0]
  warnings.warn(
task_attr_mod_color_11699        phase          r=1.2700 dists=0.0857 lpips=0.2642 effect=0.2540 (83s)
task_attr_mod_color_136767       phase          r=1.2700 dists=0.1106 lpips=0.2769 effect=0.3151 (84s)
task_attr_mod_color_184837       phase          r=1.2700 dists=0.1373 lpips=0.3235 effect=0.3581 (84s)
task_attr_mod_color_32648        phase          r=1.2700 dists=0.0517 lpips=0.2371 effect=0.2817 (84s)
task_attr_mod_color_6205         phase          r=1.2700 dists=0.1139 lpips=0.2231 effect=0.4069 (84s)
task_env_weather_112463          phase          r=1.2700 dists=0.0677 lpips=0.3360 effect=0.3573 (84s)
task_env_weather_133752          phase          r=1.2700 dists=0.0662 lpips=0.3319 effect=0.3195 (84s)
task_env_weather_181583          phase          r=1.2700 dists=0.0666 lpips=0.3339 effect=0.6665 (84s)
task_env_weather_246440          phase          r=1.2700 dists=0.1027 lpips=0.3754 effect=0.4580 (84s)
task_env_weather_63722           phase          r=1.2700 dists=0.0940 lpips=0.3262 effect=0.3217 (84s)
task_obj_add_13726               phase          r=1.2700 dists=0.0931 lpips=0.3987 effect=0.4420 (84s)
task_obj_add_340466              phase          r=1.2700 dists=0.0911 lpips=0.2359 effect=0.3351 (85s)
task_obj_add_40931               phase          r=1.2700 dists=0.0897 lpips=0.4388 effect=0.4088 (85s)
task_obj_add_581286              phase          r=1.2700 dists=0.0685 lpips=0.2298 effect=0.2169 (84s)
task_obj_add_692065              phase          r=1.2700 dists=0.1414 lpips=0.3711 effect=0.3496 (85s)
task_obj_remove_10197            phase          r=1.2700 dists=0.0975 lpips=0.3866 effect=0.4677 (85s)
task_obj_remove_257910           phase          r=1.2700 dists=0.0691 lpips=0.4012 effect=0.3428 (85s)
task_obj_remove_380621           phase          r=1.2700 dists=0.0897 lpips=0.3751 effect=0.5612 (84s)
task_obj_remove_509477           phase          r=1.2700 dists=0.0926 lpips=0.3534 effect=0.3348 (85s)
task_obj_remove_657585           phase          r=1.2700 dists=0.0607 lpips=0.2422 effect=0.3301 (84s)
task_obj_swap_joint_mask_276754  phase          r=1.2700 dists=0.1137 lpips=0.4330 effect=0.1778 (84s)
task_obj_swap_joint_mask_533428  phase          r=1.2700 dists=0.1064 lpips=0.4074 effect=0.4972 (85s)
/nfs/home/nelson0314/venvs/wacv/lib/python3.11/site-packages/diffusers/image_processor.py:724: FutureWarning: Passing `image` as torch tensor with value range in [-1,1] is deprecated. The expected value range for image tensor is [0,1] when passing as pytorch tensor or numpy Array. You passed `image` with value range [-0.9686274528503418,1.0]
  warnings.warn(
task_obj_swap_joint_mask_75733   phase          r=1.2700 dists=0.0825 lpips=0.4021 effect=0.3729 (85s)
task_obj_swap_rand_mask_298147   phase          r=1.2700 dists=0.1407 lpips=0.4190 effect=0.6194 (84s)
task_obj_swap_rand_mask_417469   phase          r=1.2700 dists=0.0859 lpips=0.3270 effect=0.3394 (84s)

表：runs/ip2p_gate_opening/q00_e00_r127/results.csv（25 列）
