Loading pipeline components...:   0%|          | 0/6 [00:00<?, ?it/s]Loading pipeline components...:  50%|█████     | 3/6 [00:00<00:00, 18.29it/s]
Loading weights:   0%|          | 0/196 [00:00<?, ?it/s][ALoading weights: 100%|██████████| 196/196 [00:00<00:00, 3669.90it/s]
Loading pipeline components...:  83%|████████▎ | 5/6 [00:00<00:00, 12.35it/s]Loading pipeline components...: 100%|██████████| 6/6 [00:00<00:00, 15.71it/s]
There are modules in AutoencoderKL that should be kept in float32: []. Casting directly with `to()` can lead to inconsistent results; set `torch_dtype` in `from_pretrained()` instead to keep these modules in float32.
/nfs/home/nelson0314/venvs/wacv/lib/python3.11/site-packages/torchvision/models/_utils.py:207: UserWarning: The parameter 'pretrained' is deprecated since 0.13 and may be removed in the future, please use 'weights' instead.
  warnings.warn(
/nfs/home/nelson0314/venvs/wacv/lib/python3.11/site-packages/torchvision/models/_utils.py:222: UserWarning: Arguments other than a weight enum or `None` for 'weights' are deprecated since 0.13 and may be removed in the future. The current behavior is equivalent to passing `weights=VGG16_Weights.IMAGENET1K_V1`. You can also use `weights=VGG16_Weights.DEFAULT` to get the most up-to-date weights.
  warnings.warn(msg)
IP2P 線：25 張、條件 ['phase']、steps=100 s_T=7.5 s_I=1.5 seed=20260812
/nfs/home/nelson0314/venvs/wacv/lib/python3.11/site-packages/diffusers/image_processor.py:724: FutureWarning: Passing `image` as torch tensor with value range in [-1,1] is deprecated. The expected value range for image tensor is [0,1] when passing as pytorch tensor or numpy Array. You passed `image` with value range [-1.0,1.0]
  warnings.warn(
task_attr_mod_color_11699        phase          r=1.8000 dists=0.0679 lpips=0.2172 effect=0.2115 (82s)
task_attr_mod_color_136767       phase          r=1.8000 dists=0.1024 lpips=0.2548 effect=0.2885 (83s)
task_attr_mod_color_184837       phase          r=1.8000 dists=0.1508 lpips=0.3200 effect=0.3768 (83s)
task_attr_mod_color_32648        phase          r=1.8000 dists=0.0481 lpips=0.2234 effect=0.2538 (83s)
task_attr_mod_color_6205         phase          r=1.8000 dists=0.1021 lpips=0.1835 effect=0.3391 (83s)
task_env_weather_112463          phase          r=1.8000 dists=0.0621 lpips=0.3256 effect=0.3608 (82s)
task_env_weather_133752          phase          r=1.8000 dists=0.0511 lpips=0.2790 effect=0.3008 (82s)
task_env_weather_181583          phase          r=1.8000 dists=0.0656 lpips=0.3448 effect=0.6728 (83s)
task_env_weather_246440          phase          r=1.8000 dists=0.1169 lpips=0.3863 effect=0.4615 (82s)
task_env_weather_63722           phase          r=1.8000 dists=0.0906 lpips=0.3078 effect=0.3166 (82s)
task_obj_add_13726               phase          r=1.8000 dists=0.1175 lpips=0.4302 effect=0.4586 (83s)
task_obj_add_340466              phase          r=1.8000 dists=0.0822 lpips=0.1963 effect=0.2978 (82s)
task_obj_add_40931               phase          r=1.8000 dists=0.0956 lpips=0.4303 effect=0.4028 (83s)
task_obj_add_581286              phase          r=1.8000 dists=0.0574 lpips=0.1976 effect=0.1980 (82s)
task_obj_add_692065              phase          r=1.8000 dists=0.0901 lpips=0.2379 effect=0.2845 (82s)
task_obj_remove_10197            phase          r=1.8000 dists=0.0875 lpips=0.3528 effect=0.4516 (82s)
task_obj_remove_257910           phase          r=1.8000 dists=0.0599 lpips=0.3642 effect=0.3135 (82s)
task_obj_remove_380621           phase          r=1.8000 dists=0.0848 lpips=0.3368 effect=0.5349 (82s)
task_obj_remove_509477           phase          r=1.8000 dists=0.1038 lpips=0.3610 effect=0.3405 (83s)
task_obj_remove_657585           phase          r=1.8000 dists=0.0509 lpips=0.2165 effect=0.3142 (82s)
task_obj_swap_joint_mask_276754  phase          r=1.8000 dists=0.1409 lpips=0.4547 effect=0.1903 (82s)
task_obj_swap_joint_mask_533428  phase          r=1.8000 dists=0.1145 lpips=0.4253 effect=0.5120 (82s)
/nfs/home/nelson0314/venvs/wacv/lib/python3.11/site-packages/diffusers/image_processor.py:724: FutureWarning: Passing `image` as torch tensor with value range in [-1,1] is deprecated. The expected value range for image tensor is [0,1] when passing as pytorch tensor or numpy Array. You passed `image` with value range [-0.9686274528503418,1.0]
  warnings.warn(
task_obj_swap_joint_mask_75733   phase          r=1.8000 dists=0.0929 lpips=0.4220 effect=0.4122 (82s)
task_obj_swap_rand_mask_298147   phase          r=1.8000 dists=0.1579 lpips=0.4411 effect=0.6390 (82s)
task_obj_swap_rand_mask_417469   phase          r=1.8000 dists=0.0832 lpips=0.3349 effect=0.3434 (82s)

表：runs/ip2p_gate_opening/q00_e10_r18/results.csv（25 列）
