Warning: You are sending unauthenticated requests to the HF Hub. Please set a HF_TOKEN to enable higher rate limits and faster downloads.
Loading pipeline components...:   0%|          | 0/6 [00:00<?, ?it/s]Loading pipeline components...:  50%|█████     | 3/6 [00:00<00:00, 28.68it/s]
Loading weights:   0%|          | 0/196 [00:00<?, ?it/s][ALoading weights: 100%|██████████| 196/196 [00:00<00:00, 3946.33it/s]
Loading pipeline components...: 100%|██████████| 6/6 [00:00<00:00, 13.32it/s]Loading pipeline components...: 100%|██████████| 6/6 [00:00<00:00, 14.48it/s]
There are modules in AutoencoderKL that should be kept in float32: []. Casting directly with `to()` can lead to inconsistent results; set `torch_dtype` in `from_pretrained()` instead to keep these modules in float32.
/nfs/home/nelson0314/venvs/wacv/lib/python3.11/site-packages/torchvision/models/_utils.py:207: UserWarning: The parameter 'pretrained' is deprecated since 0.13 and may be removed in the future, please use 'weights' instead.
  warnings.warn(
/nfs/home/nelson0314/venvs/wacv/lib/python3.11/site-packages/torchvision/models/_utils.py:222: UserWarning: Arguments other than a weight enum or `None` for 'weights' are deprecated since 0.13 and may be removed in the future. The current behavior is equivalent to passing `weights=VGG16_Weights.IMAGENET1K_V1`. You can also use `weights=VGG16_Weights.DEFAULT` to get the most up-to-date weights.
  warnings.warn(msg)
IP2P 線：13 張、條件 ['floor_only']、steps=100 s_T=7.5 s_I=1.5 seed=20260812
/nfs/home/nelson0314/venvs/wacv/lib/python3.11/site-packages/diffusers/image_processor.py:724: FutureWarning: Passing `image` as torch tensor with value range in [-1,1] is deprecated. The expected value range for image tensor is [0,1] when passing as pytorch tensor or numpy Array. You passed `image` with value range [-1.0,1.0]
  warnings.warn(
Loading weights:   0%|          | 0/398 [00:00<?, ?it/s]Loading weights: 100%|██████████| 398/398 [00:00<00:00, 16928.12it/s]
[transformers] Model config: bos_token_id must be `None` or an integer within the vocabulary (between 0 and 31999), got 49406. This may result in unexpected behavior.
[transformers] Model config: eos_token_id must be `None` or an integer within the vocabulary (between 0 and 31999), got 49407. This may result in unexpected behavior.
Loading weights:   0%|          | 0/408 [00:00<?, ?it/s]Loading weights: 100%|██████████| 408/408 [00:00<00:00, 4253.41it/s]
task_attr_mod_color_11699        floor_only     r=2.0000 dists=0.0937 lpips=0.5414 effect=0.4979 (399s)
task_attr_mod_color_136767       floor_only     r=2.0000 dists=0.1119 lpips=0.5032 effect=0.6365 (377s)
task_attr_mod_color_184837       floor_only     r=2.0000 dists=0.0653 lpips=0.4703 effect=0.6342 (377s)
task_attr_mod_color_32648        floor_only     r=2.0000 dists=0.1746 lpips=0.6013 effect=0.6194 (378s)
task_attr_mod_color_6205         floor_only     r=2.0000 dists=0.1133 lpips=0.5687 effect=0.7473 (378s)
task_env_weather_112463          floor_only     r=2.0000 dists=0.0764 lpips=0.6205 effect=0.8471 (378s)
task_env_weather_246440          floor_only     r=2.0000 dists=0.0436 lpips=0.3780 effect=0.5086 (378s)
task_env_weather_63722           floor_only     r=2.0000 dists=0.0658 lpips=0.5257 effect=0.6547 (379s)
task_obj_add_40931               floor_only     r=2.0000 dists=0.0858 lpips=0.4976 effect=0.5524 (379s)
task_obj_remove_380621           floor_only     r=2.0000 dists=0.1227 lpips=0.5638 effect=0.7252 (379s)
task_obj_swap_joint_mask_276754  floor_only     r=2.0000 dists=0.0813 lpips=0.4716 effect=0.6839 (379s)
task_obj_swap_joint_mask_533428  floor_only     r=2.0000 dists=0.0578 lpips=0.4753 effect=0.6066 (379s)
task_obj_swap_rand_mask_417469   floor_only     r=2.0000 dists=0.0785 lpips=0.5138 effect=0.7858 (373s)

表：runs/ip2p_floor_only/f0090/results.csv（13 列）
