Warning: You are sending unauthenticated requests to the HF Hub. Please set a HF_TOKEN to enable higher rate limits and faster downloads.
Loading pipeline components...:   0%|          | 0/6 [00:00<?, ?it/s]Loading pipeline components...:  33%|███▎      | 2/6 [00:00<00:00, 17.14it/s]Loading pipeline components...:  83%|████████▎ | 5/6 [00:00<00:00, 24.21it/s]
Loading weights:   0%|          | 0/196 [00:00<?, ?it/s][ALoading weights: 100%|██████████| 196/196 [00:00<00:00, 4222.92it/s]
Loading pipeline components...: 100%|██████████| 6/6 [00:00<00:00, 16.54it/s]
There are modules in AutoencoderKL that should be kept in float32: []. Casting directly with `to()` can lead to inconsistent results; set `torch_dtype` in `from_pretrained()` instead to keep these modules in float32.
/nfs/home/nelson0314/venvs/wacv/lib/python3.11/site-packages/torchvision/models/_utils.py:207: UserWarning: The parameter 'pretrained' is deprecated since 0.13 and may be removed in the future, please use 'weights' instead.
  warnings.warn(
/nfs/home/nelson0314/venvs/wacv/lib/python3.11/site-packages/torchvision/models/_utils.py:222: UserWarning: Arguments other than a weight enum or `None` for 'weights' are deprecated since 0.13 and may be removed in the future. The current behavior is equivalent to passing `weights=VGG16_Weights.IMAGENET1K_V1`. You can also use `weights=VGG16_Weights.DEFAULT` to get the most up-to-date weights.
  warnings.warn(msg)
IP2P 線：25 張、條件 ['phase_gain']、steps=100 s_T=7.5 s_I=1.5 seed=20260812
/nfs/home/nelson0314/venvs/wacv/lib/python3.11/site-packages/diffusers/image_processor.py:724: FutureWarning: Passing `image` as torch tensor with value range in [-1,1] is deprecated. The expected value range for image tensor is [0,1] when passing as pytorch tensor or numpy Array. You passed `image` with value range [-1.0,1.0]
  warnings.warn(
task_attr_mod_color_11699        phase_gain     r=1.5000 dists=0.0763 lpips=0.1632 effect=0.2375 (37s)
task_attr_mod_color_136767       phase_gain     r=1.5000 dists=0.1423 lpips=0.2425 effect=0.3138 (37s)
task_attr_mod_color_184837       phase_gain     r=1.5000 dists=0.1907 lpips=0.3130 effect=0.4469 (37s)
task_attr_mod_color_32648        phase_gain     r=1.5000 dists=0.0484 lpips=0.1958 effect=0.1957 (37s)
task_attr_mod_color_6205         phase_gain     r=1.5000 dists=0.1253 lpips=0.1731 effect=0.3601 (37s)
task_env_weather_112463          phase_gain     r=1.5000 dists=0.0635 lpips=0.2283 effect=0.3165 (37s)
task_env_weather_133752          phase_gain     r=1.5000 dists=0.0558 lpips=0.2447 effect=0.3146 (37s)
task_env_weather_181583          phase_gain     r=1.5000 dists=0.0809 lpips=0.2622 effect=0.6286 (37s)
task_env_weather_246440          phase_gain     r=1.5000 dists=0.1282 lpips=0.2677 effect=0.4550 (37s)
task_env_weather_63722           phase_gain     r=1.5000 dists=0.1092 lpips=0.2146 effect=0.3072 (37s)
task_obj_add_13726               phase_gain     r=1.5000 dists=0.1409 lpips=0.2825 effect=0.4901 (37s)
task_obj_add_340466              phase_gain     r=1.5000 dists=0.1107 lpips=0.1800 effect=0.2863 (37s)
task_obj_add_40931               phase_gain     r=1.5000 dists=0.1209 lpips=0.3845 effect=0.4090 (37s)
task_obj_add_581286              phase_gain     r=1.5000 dists=0.0694 lpips=0.1722 effect=0.2216 (37s)
task_obj_add_692065              phase_gain     r=1.5000 dists=0.0828 lpips=0.1887 effect=0.2682 (37s)
task_obj_remove_10197            phase_gain     r=1.5000 dists=0.0822 lpips=0.3058 effect=0.4916 (37s)
task_obj_remove_257910           phase_gain     r=1.5000 dists=0.0590 lpips=0.2650 effect=0.2857 (37s)
task_obj_remove_380621           phase_gain     r=1.5000 dists=0.0968 lpips=0.2658 effect=0.4621 (37s)
task_obj_remove_509477           phase_gain     r=1.5000 dists=0.1246 lpips=0.3226 effect=0.4062 (37s)
task_obj_remove_657585           phase_gain     r=1.5000 dists=0.0588 lpips=0.1783 effect=0.2919 (37s)
task_obj_swap_joint_mask_276754  phase_gain     r=1.5000 dists=0.1588 lpips=0.4097 effect=0.4529 (37s)
task_obj_swap_joint_mask_533428  phase_gain     r=1.5000 dists=0.1366 lpips=0.3378 effect=0.5097 (37s)
/nfs/home/nelson0314/venvs/wacv/lib/python3.11/site-packages/diffusers/image_processor.py:724: FutureWarning: Passing `image` as torch tensor with value range in [-1,1] is deprecated. The expected value range for image tensor is [0,1] when passing as pytorch tensor or numpy Array. You passed `image` with value range [-0.9686274528503418,1.0]
  warnings.warn(
task_obj_swap_joint_mask_75733   phase_gain     r=1.5000 dists=0.1342 lpips=0.2992 effect=0.4228 (37s)
task_obj_swap_rand_mask_298147   phase_gain     r=1.5000 dists=0.1577 lpips=0.4084 effect=0.5489 (37s)
task_obj_swap_rand_mask_417469   phase_gain     r=1.5000 dists=0.0931 lpips=0.2793 effect=0.4063 (37s)

表：runs/ip2p_latent_norm_visual/ln_g_r15/results.csv（25 列）
