Warning: You are sending unauthenticated requests to the HF Hub. Please set a HF_TOKEN to enable higher rate limits and faster downloads.
Loading pipeline components...:   0%|          | 0/6 [00:00<?, ?it/s]Loading pipeline components...:  67%|██████▋   | 4/6 [00:00<00:00, 32.73it/s]
Loading weights:   0%|          | 0/196 [00:00<?, ?it/s][ALoading weights: 100%|██████████| 196/196 [00:00<00:00, 4272.38it/s]
Loading pipeline components...: 100%|██████████| 6/6 [00:00<00:00, 16.62it/s]
There are modules in AutoencoderKL that should be kept in float32: []. Casting directly with `to()` can lead to inconsistent results; set `torch_dtype` in `from_pretrained()` instead to keep these modules in float32.
/nfs/home/nelson0314/venvs/wacv/lib/python3.11/site-packages/torchvision/models/_utils.py:207: UserWarning: The parameter 'pretrained' is deprecated since 0.13 and may be removed in the future, please use 'weights' instead.
  warnings.warn(
/nfs/home/nelson0314/venvs/wacv/lib/python3.11/site-packages/torchvision/models/_utils.py:222: UserWarning: Arguments other than a weight enum or `None` for 'weights' are deprecated since 0.13 and may be removed in the future. The current behavior is equivalent to passing `weights=VGG16_Weights.IMAGENET1K_V1`. You can also use `weights=VGG16_Weights.DEFAULT` to get the most up-to-date weights.
  warnings.warn(msg)
IP2P 線：25 張、條件 ['phase']、steps=100 s_T=7.5 s_I=1.5 seed=20260812
/nfs/home/nelson0314/venvs/wacv/lib/python3.11/site-packages/diffusers/image_processor.py:724: FutureWarning: Passing `image` as torch tensor with value range in [-1,1] is deprecated. The expected value range for image tensor is [0,1] when passing as pytorch tensor or numpy Array. You passed `image` with value range [-1.0,1.0]
  warnings.warn(
task_attr_mod_color_11699        phase          r=1.0000 dists=0.0359 lpips=0.0974 effect=0.1471 (38s)
task_attr_mod_color_136767       phase          r=1.0000 dists=0.0737 lpips=0.1538 effect=0.1998 (38s)
task_attr_mod_color_184837       phase          r=1.0000 dists=0.1130 lpips=0.1954 effect=0.2940 (38s)
task_attr_mod_color_32648        phase          r=1.0000 dists=0.0258 lpips=0.1118 effect=0.1215 (38s)
task_attr_mod_color_6205         phase          r=1.0000 dists=0.0781 lpips=0.1010 effect=0.2526 (38s)
task_env_weather_112463          phase          r=1.0000 dists=0.0316 lpips=0.1286 effect=0.1986 (38s)
task_env_weather_133752          phase          r=1.0000 dists=0.0241 lpips=0.1300 effect=0.2002 (38s)
task_env_weather_181583          phase          r=1.0000 dists=0.0382 lpips=0.1601 effect=0.5361 (39s)
task_env_weather_246440          phase          r=1.0000 dists=0.0715 lpips=0.1696 effect=0.3898 (38s)
task_env_weather_63722           phase          r=1.0000 dists=0.0593 lpips=0.1389 effect=0.2034 (39s)
task_obj_add_13726               phase          r=1.0000 dists=0.0663 lpips=0.1700 effect=0.2833 (39s)
task_obj_add_340466              phase          r=1.0000 dists=0.0570 lpips=0.1075 effect=0.2601 (39s)
task_obj_add_40931               phase          r=1.0000 dists=0.0576 lpips=0.2548 effect=0.2877 (39s)
task_obj_add_581286              phase          r=1.0000 dists=0.0340 lpips=0.0933 effect=0.1304 (39s)
task_obj_add_692065              phase          r=1.0000 dists=0.0432 lpips=0.1082 effect=0.1618 (39s)
task_obj_remove_10197            phase          r=1.0000 dists=0.0398 lpips=0.2302 effect=0.4544 (39s)
task_obj_remove_257910           phase          r=1.0000 dists=0.0310 lpips=0.1614 effect=0.1747 (39s)
task_obj_remove_380621           phase          r=1.0000 dists=0.0649 lpips=0.1716 effect=0.3520 (39s)
task_obj_remove_509477           phase          r=1.0000 dists=0.0794 lpips=0.1946 effect=0.2538 (39s)
task_obj_remove_657585           phase          r=1.0000 dists=0.0324 lpips=0.0806 effect=0.2335 (39s)
task_obj_swap_joint_mask_276754  phase          r=1.0000 dists=0.0767 lpips=0.3490 effect=0.2620 (39s)
task_obj_swap_joint_mask_533428  phase          r=1.0000 dists=0.0703 lpips=0.2056 effect=0.3862 (39s)
/nfs/home/nelson0314/venvs/wacv/lib/python3.11/site-packages/diffusers/image_processor.py:724: FutureWarning: Passing `image` as torch tensor with value range in [-1,1] is deprecated. The expected value range for image tensor is [0,1] when passing as pytorch tensor or numpy Array. You passed `image` with value range [-0.9686274528503418,1.0]
  warnings.warn(
task_obj_swap_joint_mask_75733   phase          r=1.0000 dists=0.0597 lpips=0.2180 effect=0.3232 (39s)
task_obj_swap_rand_mask_298147   phase          r=1.0000 dists=0.0959 lpips=0.3141 effect=0.4469 (39s)
task_obj_swap_rand_mask_417469   phase          r=1.0000 dists=0.0451 lpips=0.1740 effect=0.2496 (39s)

表：runs/ip2p_latent_norm_visual/ln_t10_s100/results.csv（25 列）
