Loading pipeline components...:   0%|          | 0/6 [00:00<?, ?it/s]
Loading weights:   0%|          | 0/196 [00:00<?, ?it/s][ALoading weights: 100%|██████████| 196/196 [00:00<00:00, 3835.79it/s]
Loading pipeline components...:  33%|███▎      | 2/6 [00:00<00:00, 10.85it/s]Loading pipeline components...:  83%|████████▎ | 5/6 [00:00<00:00, 14.94it/s]Loading pipeline components...: 100%|██████████| 6/6 [00:00<00:00, 15.80it/s]
There are modules in AutoencoderKL that should be kept in float32: []. Casting directly with `to()` can lead to inconsistent results; set `torch_dtype` in `from_pretrained()` instead to keep these modules in float32.
/nfs/home/nelson0314/venvs/wacv/lib/python3.11/site-packages/torchvision/models/_utils.py:207: UserWarning: The parameter 'pretrained' is deprecated since 0.13 and may be removed in the future, please use 'weights' instead.
  warnings.warn(
/nfs/home/nelson0314/venvs/wacv/lib/python3.11/site-packages/torchvision/models/_utils.py:222: UserWarning: Arguments other than a weight enum or `None` for 'weights' are deprecated since 0.13 and may be removed in the future. The current behavior is equivalent to passing `weights=VGG16_Weights.IMAGENET1K_V1`. You can also use `weights=VGG16_Weights.DEFAULT` to get the most up-to-date weights.
  warnings.warn(msg)
IP2P 線：25 張、條件 ['phase']、steps=100 s_T=7.5 s_I=1.5 seed=20260812
/nfs/home/nelson0314/venvs/wacv/lib/python3.11/site-packages/diffusers/image_processor.py:724: FutureWarning: Passing `image` as torch tensor with value range in [-1,1] is deprecated. The expected value range for image tensor is [0,1] when passing as pytorch tensor or numpy Array. You passed `image` with value range [-1.0,1.0]
  warnings.warn(
task_attr_mod_color_11699        phase          r=2.6000 dists=0.0772 lpips=0.1638 effect=0.2475 (178s)
task_attr_mod_color_136767       phase          r=2.6000 dists=0.1389 lpips=0.2410 effect=0.3028 (183s)
task_attr_mod_color_184837       phase          r=2.6000 dists=0.1908 lpips=0.2897 effect=0.4431 (184s)
task_attr_mod_color_32648        phase          r=2.6000 dists=0.0447 lpips=0.1926 effect=0.2142 (184s)
task_attr_mod_color_6205         phase          r=2.6000 dists=0.1264 lpips=0.1674 effect=0.3578 (185s)
task_env_weather_112463          phase          r=2.6000 dists=0.0616 lpips=0.2271 effect=0.3062 (185s)
task_env_weather_133752          phase          r=2.6000 dists=0.0501 lpips=0.2429 effect=0.3054 (185s)
task_env_weather_181583          phase          r=2.6000 dists=0.0746 lpips=0.2548 effect=0.6149 (184s)
task_env_weather_246440          phase          r=2.6000 dists=0.1216 lpips=0.2514 effect=0.4521 (184s)
task_env_weather_63722           phase          r=2.6000 dists=0.0982 lpips=0.1988 effect=0.2861 (183s)
task_obj_add_13726               phase          r=2.6000 dists=0.1228 lpips=0.2589 effect=0.5225 (183s)
task_obj_add_340466              phase          r=2.6000 dists=0.1015 lpips=0.1669 effect=0.2796 (183s)
task_obj_add_40931               phase          r=2.6000 dists=0.0977 lpips=0.3626 effect=0.3880 (183s)
task_obj_add_581286              phase          r=2.6000 dists=0.0648 lpips=0.1692 effect=0.2194 (183s)
task_obj_add_692065              phase          r=2.6000 dists=0.0803 lpips=0.1798 effect=0.2545 (182s)
task_obj_remove_10197            phase          r=2.6000 dists=0.0736 lpips=0.2843 effect=0.4780 (182s)
task_obj_remove_257910           phase          r=2.6000 dists=0.0615 lpips=0.2730 effect=0.2744 (183s)
task_obj_remove_380621           phase          r=2.6000 dists=0.1028 lpips=0.2479 effect=0.4541 (183s)
task_obj_remove_509477           phase          r=2.6000 dists=0.1187 lpips=0.3064 effect=0.3887 (182s)
task_obj_remove_657585           phase          r=2.6000 dists=0.0563 lpips=0.1688 effect=0.2858 (183s)
task_obj_swap_joint_mask_276754  phase          r=2.6000 dists=0.1260 lpips=0.3911 effect=0.6346 (182s)
task_obj_swap_joint_mask_533428  phase          r=2.6000 dists=0.1243 lpips=0.3174 effect=0.4955 (183s)
/nfs/home/nelson0314/venvs/wacv/lib/python3.11/site-packages/diffusers/image_processor.py:724: FutureWarning: Passing `image` as torch tensor with value range in [-1,1] is deprecated. The expected value range for image tensor is [0,1] when passing as pytorch tensor or numpy Array. You passed `image` with value range [-0.9686274528503418,1.0]
  warnings.warn(
task_obj_swap_joint_mask_75733   phase          r=2.6000 dists=0.1257 lpips=0.2976 effect=0.4247 (182s)
task_obj_swap_rand_mask_298147   phase          r=2.6000 dists=0.1378 lpips=0.3904 effect=0.5770 (182s)
task_obj_swap_rand_mask_417469   phase          r=2.6000 dists=0.0827 lpips=0.2599 effect=0.3911 (183s)

表：runs/ip2p_latent_norm_visual/ln_t26_s1000/results.csv（25 列）
