Warning: You are sending unauthenticated requests to the HF Hub. Please set a HF_TOKEN to enable higher rate limits and faster downloads.
Loading pipeline components...:   0%|          | 0/6 [00:00<?, ?it/s]Loading pipeline components...:  17%|█▋        | 1/6 [00:00<00:00,  8.65it/s]
Loading weights:   0%|          | 0/196 [00:00<?, ?it/s][ALoading weights: 100%|██████████| 196/196 [00:00<00:00, 3748.23it/s]
Loading pipeline components...:  83%|████████▎ | 5/6 [00:00<00:00, 15.01it/s]Loading pipeline components...: 100%|██████████| 6/6 [00:00<00:00, 15.71it/s]
There are modules in AutoencoderKL that should be kept in float32: []. Casting directly with `to()` can lead to inconsistent results; set `torch_dtype` in `from_pretrained()` instead to keep these modules in float32.
/nfs/home/nelson0314/venvs/wacv/lib/python3.11/site-packages/torchvision/models/_utils.py:207: UserWarning: The parameter 'pretrained' is deprecated since 0.13 and may be removed in the future, please use 'weights' instead.
  warnings.warn(
/nfs/home/nelson0314/venvs/wacv/lib/python3.11/site-packages/torchvision/models/_utils.py:222: UserWarning: Arguments other than a weight enum or `None` for 'weights' are deprecated since 0.13 and may be removed in the future. The current behavior is equivalent to passing `weights=VGG16_Weights.IMAGENET1K_V1`. You can also use `weights=VGG16_Weights.DEFAULT` to get the most up-to-date weights.
  warnings.warn(msg)
IP2P 線：5 張、條件 ['dct_shield']、steps=100 s_T=7.5 s_I=1.5 seed=20260812
/nfs/home/nelson0314/venvs/wacv/lib/python3.11/site-packages/diffusers/image_processor.py:724: FutureWarning: Passing `image` as torch tensor with value range in [-1,1] is deprecated. The expected value range for image tensor is [0,1] when passing as pytorch tensor or numpy Array. You passed `image` with value range [-1.0,1.0]
  warnings.warn(
    [dct_shield] step    0 loss 93.0170
    [dct_shield] step  250 loss 34.5087
    [dct_shield] step  500 loss 31.6015
    [dct_shield] step  750 loss 29.6353
    [dct_shield] step  999 loss 28.0492
task_attr_mod_color_22137        dct_shield     r=1.0000 dists=0.0812 lpips=0.5499 effect=0.5487 (599s)
    [dct_shield] step    0 loss 120.3144
    [dct_shield] step  250 loss 83.1368
    [dct_shield] step  500 loss 81.9235
    [dct_shield] step  750 loss 80.9562
    [dct_shield] step  999 loss 79.7469
task_env_weather_195273          dct_shield     r=1.0000 dists=0.0571 lpips=0.3180 effect=0.7074 (596s)
    [dct_shield] step    0 loss 108.6005
    [dct_shield] step  250 loss 61.6010
    [dct_shield] step  500 loss 59.1056
    [dct_shield] step  750 loss 57.4956
    [dct_shield] step  999 loss 56.0536
task_obj_add_44802               dct_shield     r=1.0000 dists=0.0358 lpips=0.4034 effect=0.5670 (597s)
    [dct_shield] step    0 loss 89.7920
    [dct_shield] step  250 loss 42.4651
    [dct_shield] step  500 loss 39.6878
    [dct_shield] step  750 loss 37.9373
    [dct_shield] step  999 loss 36.4547
task_obj_remove_388764           dct_shield     r=1.0000 dists=0.0617 lpips=0.5052 effect=0.7022 (598s)
    [dct_shield] step    0 loss 112.9996
    [dct_shield] step  250 loss 65.6211
    [dct_shield] step  500 loss 63.3238
    [dct_shield] step  750 loss 61.6332
    [dct_shield] step  999 loss 59.8464
task_obj_swap_rand_mask_11376    dct_shield     r=1.0000 dists=0.0350 lpips=0.3545 effect=0.5884 (599s)

表：runs/fair0820/b/dct_7/results.csv（5 列）
