Loading pipeline components...:   0%|          | 0/6 [00:00<?, ?it/s]Loading pipeline components...:  33%|███▎      | 2/6 [00:00<00:00, 19.74it/s]
Loading weights:   0%|          | 0/196 [00:00<?, ?it/s][ALoading weights: 100%|██████████| 196/196 [00:00<00:00, 3867.83it/s]
Loading pipeline components...:  67%|██████▋   | 4/6 [00:00<00:00, 14.10it/s]Loading pipeline components...: 100%|██████████| 6/6 [00:00<00:00, 13.22it/s]Loading pipeline components...: 100%|██████████| 6/6 [00:00<00:00, 13.82it/s]
There are modules in AutoencoderKL that should be kept in float32: []. Casting directly with `to()` can lead to inconsistent results; set `torch_dtype` in `from_pretrained()` instead to keep these modules in float32.
/nfs/home/nelson0314/venvs/wacv/lib/python3.11/site-packages/torchvision/models/_utils.py:207: UserWarning: The parameter 'pretrained' is deprecated since 0.13 and may be removed in the future, please use 'weights' instead.
  warnings.warn(
/nfs/home/nelson0314/venvs/wacv/lib/python3.11/site-packages/torchvision/models/_utils.py:222: UserWarning: Arguments other than a weight enum or `None` for 'weights' are deprecated since 0.13 and may be removed in the future. The current behavior is equivalent to passing `weights=VGG16_Weights.IMAGENET1K_V1`. You can also use `weights=VGG16_Weights.DEFAULT` to get the most up-to-date weights.
  warnings.warn(msg)
IP2P 線：5 張、條件 ['dct_shield']、steps=100 s_T=7.5 s_I=1.5 seed=20260812
/nfs/home/nelson0314/venvs/wacv/lib/python3.11/site-packages/diffusers/image_processor.py:724: FutureWarning: Passing `image` as torch tensor with value range in [-1,1] is deprecated. The expected value range for image tensor is [0,1] when passing as pytorch tensor or numpy Array. You passed `image` with value range [-1.0,1.0]
  warnings.warn(
    [dct_shield] step    0 loss 113.6147
    [dct_shield] step  250 loss 60.8559
    [dct_shield] step  500 loss 58.8407
    [dct_shield] step  750 loss 57.4213
    [dct_shield] step  999 loss 56.0210
task_attr_mod_color_158070       dct_shield     r=1.0000 dists=0.0403 lpips=0.4458 effect=0.5195 (567s)
    [dct_shield] step    0 loss 122.7919
    [dct_shield] step  250 loss 66.5179
    [dct_shield] step  500 loss 63.6517
    [dct_shield] step  750 loss 61.9037
    [dct_shield] step  999 loss 60.4965
task_env_weather_137230          dct_shield     r=1.0000 dists=0.0468 lpips=0.4485 effect=0.6531 (569s)
    [dct_shield] step    0 loss 111.2852
    [dct_shield] step  250 loss 49.5351
    [dct_shield] step  500 loss 47.0677
    [dct_shield] step  750 loss 44.7886
    [dct_shield] step  999 loss 42.9424
task_obj_add_362298              dct_shield     r=1.0000 dists=0.0579 lpips=0.5348 effect=0.7140 (570s)
    [dct_shield] step    0 loss 146.8377
    [dct_shield] step  250 loss 70.4983
    [dct_shield] step  500 loss 67.2840
    [dct_shield] step  750 loss 65.2064
    [dct_shield] step  999 loss 63.7781
task_obj_remove_284852           dct_shield     r=1.0000 dists=0.0801 lpips=0.5308 effect=0.7366 (567s)
    [dct_shield] step    0 loss 95.0971
    [dct_shield] step  250 loss 61.2111
    [dct_shield] step  500 loss 58.5513
    [dct_shield] step  750 loss 56.6290
    [dct_shield] step  999 loss 54.7181
task_obj_swap_joint_mask_671429  dct_shield     r=1.0000 dists=0.0398 lpips=0.3331 effect=0.6643 (568s)

表：runs/fair0820/b/dct_4/results.csv（5 列）
