Loading pipeline components...:   0%|          | 0/6 [00:00<?, ?it/s]Loading pipeline components...:  50%|█████     | 3/6 [00:00<00:00, 29.98it/s]
Loading weights:   0%|          | 0/196 [00:00<?, ?it/s][ALoading weights: 100%|██████████| 196/196 [00:00<00:00, 3929.20it/s]
Loading pipeline components...: 100%|██████████| 6/6 [00:00<00:00, 12.70it/s]Loading pipeline components...: 100%|██████████| 6/6 [00:00<00:00, 13.90it/s]
There are modules in AutoencoderKL that should be kept in float32: []. Casting directly with `to()` can lead to inconsistent results; set `torch_dtype` in `from_pretrained()` instead to keep these modules in float32.
/nfs/home/nelson0314/venvs/wacv/lib/python3.11/site-packages/torchvision/models/_utils.py:207: UserWarning: The parameter 'pretrained' is deprecated since 0.13 and may be removed in the future, please use 'weights' instead.
  warnings.warn(
/nfs/home/nelson0314/venvs/wacv/lib/python3.11/site-packages/torchvision/models/_utils.py:222: UserWarning: Arguments other than a weight enum or `None` for 'weights' are deprecated since 0.13 and may be removed in the future. The current behavior is equivalent to passing `weights=VGG16_Weights.IMAGENET1K_V1`. You can also use `weights=VGG16_Weights.DEFAULT` to get the most up-to-date weights.
  warnings.warn(msg)
IP2P 線：19 張、條件 ['phase']、steps=100 s_T=7.5 s_I=1.5 seed=20260812
/nfs/home/nelson0314/venvs/wacv/lib/python3.11/site-packages/diffusers/image_processor.py:724: FutureWarning: Passing `image` as torch tensor with value range in [-1,1] is deprecated. The expected value range for image tensor is [0,1] when passing as pytorch tensor or numpy Array. You passed `image` with value range [-1.0,1.0]
  warnings.warn(
task_attr_mod_color_126580       phase          r=1.2700 dists=0.0495 lpips=0.2703 effect=0.3336 (78s)
task_attr_mod_color_184837       phase          r=1.2700 dists=0.0792 lpips=0.1945 effect=0.2809 (78s)
task_attr_mod_color_42929        phase          r=1.2700 dists=0.0570 lpips=0.1238 effect=0.1514 (78s)
task_attr_mod_color_76641        phase          r=1.2700 dists=0.0244 lpips=0.1207 effect=0.1218 (79s)
task_env_weather_133752          phase          r=1.2700 dists=0.0314 lpips=0.1791 effect=0.2205 (78s)
task_env_weather_195273          phase          r=1.2700 dists=0.0690 lpips=0.1114 effect=0.3510 (78s)
task_env_weather_59863           phase          r=1.2700 dists=0.0575 lpips=0.2394 effect=0.2367 (78s)
task_obj_add_13726               phase          r=1.2700 dists=0.0722 lpips=0.2228 effect=0.3100 (78s)
task_obj_add_362298              phase          r=1.2700 dists=0.0411 lpips=0.1379 effect=0.1613 (78s)
/nfs/home/nelson0314/venvs/wacv/lib/python3.11/site-packages/diffusers/image_processor.py:724: FutureWarning: Passing `image` as torch tensor with value range in [-1,1] is deprecated. The expected value range for image tensor is [0,1] when passing as pytorch tensor or numpy Array. You passed `image` with value range [-1.0,0.9450980424880981]
  warnings.warn(
task_obj_add_530461              phase          r=1.2700 dists=0.0448 lpips=0.1043 effect=0.1512 (78s)
task_obj_add_692065              phase          r=1.2700 dists=0.0475 lpips=0.1429 effect=0.1864 (78s)
task_obj_remove_157386           phase          r=1.2700 dists=0.0803 lpips=0.2077 effect=0.3571 (78s)
task_obj_remove_2878             phase          r=1.2700 dists=0.0535 lpips=0.1646 effect=0.2158 (78s)
task_obj_remove_509477           phase          r=1.2700 dists=0.0611 lpips=0.2398 effect=0.2538 (79s)
task_obj_remove_720199           phase          r=1.2700 dists=0.0669 lpips=0.1952 effect=0.2478 (36s)
task_obj_swap_joint_mask_474202  phase          r=1.2700 dists=0.0700 lpips=0.1892 effect=0.3794 (36s)
/nfs/home/nelson0314/venvs/wacv/lib/python3.11/site-packages/diffusers/image_processor.py:724: FutureWarning: Passing `image` as torch tensor with value range in [-1,1] is deprecated. The expected value range for image tensor is [0,1] when passing as pytorch tensor or numpy Array. You passed `image` with value range [-0.9686274528503418,1.0]
  warnings.warn(
/nfs/home/nelson0314/venvs/wacv/lib/python3.11/site-packages/diffusers/image_processor.py:724: FutureWarning: Passing `image` as torch tensor with value range in [-1,1] is deprecated. The expected value range for image tensor is [0,1] when passing as pytorch tensor or numpy Array. You passed `image` with value range [-0.992746889591217,1.0]
  warnings.warn(
task_obj_swap_joint_mask_75733   phase          r=1.2700 dists=0.0647 lpips=0.2648 effect=0.3490 (36s)
task_obj_swap_rand_mask_315182   phase          r=1.2700 dists=0.0286 lpips=0.1804 effect=0.2957 (36s)
task_obj_swap_rand_mask_79926    phase          r=1.2700 dists=0.0360 lpips=0.1550 effect=0.1628 (36s)

表：runs/fair0820/b/phase_2/results.csv（19 列）
