Loading pipeline components...:   0%|          | 0/6 [00:00<?, ?it/s]
Loading weights:   0%|          | 0/196 [00:00<?, ?it/s][ALoading weights: 100%|██████████| 196/196 [00:00<00:00, 3343.12it/s]
Loading pipeline components...:  50%|█████     | 3/6 [00:00<00:00, 10.35it/s]Loading pipeline components...:  83%|████████▎ | 5/6 [00:00<00:00, 12.85it/s]Loading pipeline components...: 100%|██████████| 6/6 [00:00<00:00, 12.60it/s]
There are modules in AutoencoderKL that should be kept in float32: []. Casting directly with `to()` can lead to inconsistent results; set `torch_dtype` in `from_pretrained()` instead to keep these modules in float32.
/nfs/home/nelson0314/venvs/wacv/lib/python3.11/site-packages/torchvision/models/_utils.py:207: UserWarning: The parameter 'pretrained' is deprecated since 0.13 and may be removed in the future, please use 'weights' instead.
  warnings.warn(
/nfs/home/nelson0314/venvs/wacv/lib/python3.11/site-packages/torchvision/models/_utils.py:222: UserWarning: Arguments other than a weight enum or `None` for 'weights' are deprecated since 0.13 and may be removed in the future. The current behavior is equivalent to passing `weights=VGG16_Weights.IMAGENET1K_V1`. You can also use `weights=VGG16_Weights.DEFAULT` to get the most up-to-date weights.
  warnings.warn(msg)
IP2P 線：13 張、條件 ['phase_gain']、steps=100 s_T=7.5 s_I=1.5 seed=20260812
/nfs/home/nelson0314/venvs/wacv/lib/python3.11/site-packages/diffusers/image_processor.py:724: FutureWarning: Passing `image` as torch tensor with value range in [-1,1] is deprecated. The expected value range for image tensor is [0,1] when passing as pytorch tensor or numpy Array. You passed `image` with value range [-1.0,1.0]
  warnings.warn(
Warning: You are sending unauthenticated requests to the HF Hub. Please set a HF_TOKEN to enable higher rate limits and faster downloads.
Loading weights:   0%|          | 0/398 [00:00<?, ?it/s]Loading weights: 100%|██████████| 398/398 [00:00<00:00, 8338.87it/s]
[transformers] Model config: bos_token_id must be `None` or an integer within the vocabulary (between 0 and 31999), got 49406. This may result in unexpected behavior.
[transformers] Model config: eos_token_id must be `None` or an integer within the vocabulary (between 0 and 31999), got 49407. This may result in unexpected behavior.
Loading weights:   0%|          | 0/408 [00:00<?, ?it/s]Loading weights:  75%|███████▍  | 304/408 [00:00<00:00, 3036.31it/s]Loading weights: 100%|██████████| 408/408 [00:00<00:00, 2933.65it/s]
task_attr_mod_color_11699        phase_gain     r=3.2000 dists=0.0847 lpips=0.3567 effect=0.4672 (181s)
task_attr_mod_color_136767       phase_gain     r=3.2000 dists=0.1582 lpips=0.4122 effect=0.5731 (170s)
task_attr_mod_color_184837       phase_gain     r=3.2000 dists=0.1926 lpips=0.4695 effect=0.7603 (170s)
task_attr_mod_color_32648        phase_gain     r=3.2000 dists=0.0863 lpips=0.4483 effect=0.3730 (170s)
task_attr_mod_color_6205         phase_gain     r=3.2000 dists=0.1191 lpips=0.3589 effect=0.5207 (170s)
task_env_weather_112463          phase_gain     r=3.2000 dists=0.0499 lpips=0.4666 effect=0.8068 (170s)
task_env_weather_246440          phase_gain     r=3.2000 dists=0.1374 lpips=0.4433 effect=0.6228 (170s)
task_env_weather_63722           phase_gain     r=3.2000 dists=0.0970 lpips=0.4217 effect=0.5019 (170s)
task_obj_add_40931               phase_gain     r=3.2000 dists=0.1400 lpips=0.4901 effect=0.5442 (170s)
task_obj_remove_380621           phase_gain     r=3.2000 dists=0.0964 lpips=0.4175 effect=0.7031 (170s)
task_obj_swap_joint_mask_276754  phase_gain     r=3.2000 dists=0.1841 lpips=0.4676 effect=0.6674 (170s)
task_obj_swap_joint_mask_533428  phase_gain     r=3.2000 dists=0.1419 lpips=0.4918 effect=0.6289 (170s)
task_obj_swap_rand_mask_417469   phase_gain     r=3.2000 dists=0.1070 lpips=0.4748 effect=0.6884 (170s)

表：runs/ip2p_band_edge_push/g025_rm25_r32/results.csv（13 列）
