Warning: You are sending unauthenticated requests to the HF Hub. Please set a HF_TOKEN to enable higher rate limits and faster downloads.
Loading pipeline components...:   0%|          | 0/6 [00:00<?, ?it/s]
Loading weights:   0%|          | 0/196 [00:00<?, ?it/s][ALoading weights: 100%|██████████| 196/196 [00:00<00:00, 4725.54it/s]
Loading pipeline components...:  17%|█▋        | 1/6 [00:00<00:00,  6.72it/s]Loading pipeline components...:  67%|██████▋   | 4/6 [00:00<00:00, 16.69it/s]Loading pipeline components...: 100%|██████████| 6/6 [00:00<00:00, 16.51it/s]
There are modules in AutoencoderKL that should be kept in float32: []. Casting directly with `to()` can lead to inconsistent results; set `torch_dtype` in `from_pretrained()` instead to keep these modules in float32.
/nfs/home/nelson0314/venvs/wacv/lib/python3.11/site-packages/torchvision/models/_utils.py:207: UserWarning: The parameter 'pretrained' is deprecated since 0.13 and may be removed in the future, please use 'weights' instead.
  warnings.warn(
/nfs/home/nelson0314/venvs/wacv/lib/python3.11/site-packages/torchvision/models/_utils.py:222: UserWarning: Arguments other than a weight enum or `None` for 'weights' are deprecated since 0.13 and may be removed in the future. The current behavior is equivalent to passing `weights=VGG16_Weights.IMAGENET1K_V1`. You can also use `weights=VGG16_Weights.DEFAULT` to get the most up-to-date weights.
  warnings.warn(msg)
IP2P 線：10 張、條件 ['disp_k4']、steps=100 s_T=7.5 s_I=1.5 seed=20260812
/nfs/home/nelson0314/venvs/wacv/lib/python3.11/site-packages/diffusers/image_processor.py:724: FutureWarning: Passing `image` as torch tensor with value range in [-1,1] is deprecated. The expected value range for image tensor is [0,1] when passing as pytorch tensor or numpy Array. You passed `image` with value range [-1.0,1.0]
  warnings.warn(
Loading weights:   0%|          | 0/398 [00:00<?, ?it/s]Loading weights: 100%|██████████| 398/398 [00:00<00:00, 14604.71it/s]
[transformers] Model config: bos_token_id must be `None` or an integer within the vocabulary (between 0 and 31999), got 49406. This may result in unexpected behavior.
[transformers] Model config: eos_token_id must be `None` or an integer within the vocabulary (between 0 and 31999), got 49407. This may result in unexpected behavior.
Loading weights:   0%|          | 0/408 [00:00<?, ?it/s]Loading weights: 100%|██████████| 408/408 [00:00<00:00, 4922.95it/s]
task_attr_mod_color_11699        disp_k4        r=5.0000 dists=0.1269 lpips=0.3079 effect=0.2933 (57s)
task_attr_mod_color_136767       disp_k4        r=5.0000 dists=0.1444 lpips=0.2740 effect=0.2791 (48s)
task_attr_mod_color_184837       disp_k4        r=5.0000 dists=0.1837 lpips=0.3387 effect=0.3488 (48s)
task_attr_mod_color_32648        disp_k4        r=5.0000 dists=0.1093 lpips=0.1785 effect=0.2212 (48s)
task_attr_mod_color_6205         disp_k4        r=5.0000 dists=0.1325 lpips=0.2468 effect=0.2383 (48s)
task_env_weather_112463          disp_k4        r=5.0000 dists=0.0832 lpips=0.2156 effect=0.2834 (49s)
task_obj_remove_380621           disp_k4        r=5.0000 dists=0.1439 lpips=0.2688 effect=0.2811 (48s)
task_obj_swap_joint_mask_276754  disp_k4        r=5.0000 dists=0.1584 lpips=0.3771 effect=0.0481 (49s)
task_obj_swap_joint_mask_533428  disp_k4        r=5.0000 dists=0.1486 lpips=0.3140 effect=0.3373 (49s)
task_obj_swap_rand_mask_417469   disp_k4        r=5.0000 dists=0.0994 lpips=0.2670 effect=0.2640 (49s)

表：runs/ip2p_dispersion/d_k4/results.csv（10 列）
