Warning: You are sending unauthenticated requests to the HF Hub. Please set a HF_TOKEN to enable higher rate limits and faster downloads.
Loading pipeline components...:   0%|          | 0/6 [00:00<?, ?it/s]
Loading weights:   0%|          | 0/196 [00:00<?, ?it/s][ALoading weights: 100%|██████████| 196/196 [00:00<00:00, 3684.08it/s]
Loading pipeline components...:  33%|███▎      | 2/6 [00:00<00:00,  9.31it/s]Loading pipeline components...:  50%|█████     | 3/6 [00:00<00:00,  9.57it/s]Loading pipeline components...: 100%|██████████| 6/6 [00:00<00:00, 15.22it/s]
There are modules in AutoencoderKL that should be kept in float32: []. Casting directly with `to()` can lead to inconsistent results; set `torch_dtype` in `from_pretrained()` instead to keep these modules in float32.
/nfs/home/nelson0314/venvs/wacv/lib/python3.11/site-packages/torchvision/models/_utils.py:207: UserWarning: The parameter 'pretrained' is deprecated since 0.13 and may be removed in the future, please use 'weights' instead.
  warnings.warn(
/nfs/home/nelson0314/venvs/wacv/lib/python3.11/site-packages/torchvision/models/_utils.py:222: UserWarning: Arguments other than a weight enum or `None` for 'weights' are deprecated since 0.13 and may be removed in the future. The current behavior is equivalent to passing `weights=VGG16_Weights.IMAGENET1K_V1`. You can also use `weights=VGG16_Weights.DEFAULT` to get the most up-to-date weights.
  warnings.warn(msg)
IP2P 線：25 張、條件 ['add']、steps=100 s_T=7.5 s_I=1.5 seed=20260812
/nfs/home/nelson0314/venvs/wacv/lib/python3.11/site-packages/diffusers/image_processor.py:724: FutureWarning: Passing `image` as torch tensor with value range in [-1,1] is deprecated. The expected value range for image tensor is [0,1] when passing as pytorch tensor or numpy Array. You passed `image` with value range [-1.0,1.0]
  warnings.warn(
task_attr_mod_color_11699        add            r=0.1000 dists=0.1824 lpips=0.6302 effect=0.6061 (36s)
task_attr_mod_color_136767       add            r=0.1000 dists=0.1682 lpips=0.6006 effect=0.6359 (37s)
task_attr_mod_color_184837       add            r=0.1000 dists=0.1644 lpips=0.5744 effect=0.7781 (37s)
task_attr_mod_color_32648        add            r=0.1000 dists=0.2787 lpips=0.7232 effect=0.6134 (37s)
task_attr_mod_color_6205         add            r=0.1000 dists=0.1974 lpips=0.6590 effect=0.7540 (37s)
task_env_weather_112463          add            r=0.1000 dists=0.1464 lpips=0.6740 effect=0.8888 (37s)
task_env_weather_133752          add            r=0.1000 dists=0.1749 lpips=0.6812 effect=0.7604 (37s)
task_env_weather_181583          add            r=0.1000 dists=0.1457 lpips=0.6217 effect=0.8015 (37s)
task_env_weather_246440          add            r=0.1000 dists=0.0848 lpips=0.4474 effect=0.6256 (37s)
task_env_weather_63722           add            r=0.1000 dists=0.1628 lpips=0.6049 effect=0.6853 (37s)
task_obj_add_13726               add            r=0.1000 dists=0.1548 lpips=0.5655 effect=0.8456 (37s)
task_obj_add_340466              add            r=0.1000 dists=0.2050 lpips=0.6554 effect=0.7808 (37s)
task_obj_add_40931               add            r=0.1000 dists=0.1717 lpips=0.5959 effect=0.7293 (37s)
task_obj_add_581286              add            r=0.1000 dists=0.2252 lpips=0.6982 effect=0.7814 (37s)
task_obj_add_692065              add            r=0.1000 dists=0.1232 lpips=0.5356 effect=0.6411 (37s)
task_obj_remove_10197            add            r=0.1000 dists=0.1457 lpips=0.5650 effect=0.5833 (37s)
task_obj_remove_257910           add            r=0.1000 dists=0.1924 lpips=0.6421 effect=0.7389 (37s)
task_obj_remove_380621           add            r=0.1000 dists=0.2384 lpips=0.6385 effect=0.7478 (37s)
task_obj_remove_509477           add            r=0.1000 dists=0.1447 lpips=0.5480 effect=0.6528 (37s)
task_obj_remove_657585           add            r=0.1000 dists=0.2252 lpips=0.7244 effect=0.8298 (37s)
task_obj_swap_joint_mask_276754  add            r=0.1000 dists=0.1842 lpips=0.5730 effect=0.6184 (37s)
task_obj_swap_joint_mask_533428  add            r=0.1000 dists=0.1541 lpips=0.5889 effect=0.6480 (37s)
/nfs/home/nelson0314/venvs/wacv/lib/python3.11/site-packages/diffusers/image_processor.py:724: FutureWarning: Passing `image` as torch tensor with value range in [-1,1] is deprecated. The expected value range for image tensor is [0,1] when passing as pytorch tensor or numpy Array. You passed `image` with value range [-0.9686274528503418,1.0]
  warnings.warn(
task_obj_swap_joint_mask_75733   add            r=0.1000 dists=0.1912 lpips=0.6534 effect=0.6538 (37s)
task_obj_swap_rand_mask_298147   add            r=0.1000 dists=0.1833 lpips=0.5467 effect=0.7943 (37s)
task_obj_swap_rand_mask_417469   add            r=0.1000 dists=0.1546 lpips=0.6202 effect=0.7610 (37s)

表：runs/ip2p_parameterization_control/add_ln_e10/results.csv（25 列）
