Warning: You are sending unauthenticated requests to the HF Hub. Please set a HF_TOKEN to enable higher rate limits and faster downloads.
Loading pipeline components...:   0%|          | 0/6 [00:00<?, ?it/s]Loading pipeline components...:  50%|█████     | 3/6 [00:00<00:00, 18.11it/s]
Loading weights:   0%|          | 0/196 [00:00<?, ?it/s][ALoading weights: 100%|██████████| 196/196 [00:00<00:00, 5089.42it/s]
Loading pipeline components...:  83%|████████▎ | 5/6 [00:00<00:00, 12.16it/s]Loading pipeline components...: 100%|██████████| 6/6 [00:00<00:00, 15.10it/s]
There are modules in AutoencoderKL that should be kept in float32: []. Casting directly with `to()` can lead to inconsistent results; set `torch_dtype` in `from_pretrained()` instead to keep these modules in float32.
/nfs/home/nelson0314/venvs/wacv/lib/python3.11/site-packages/torchvision/models/_utils.py:207: UserWarning: The parameter 'pretrained' is deprecated since 0.13 and may be removed in the future, please use 'weights' instead.
  warnings.warn(
/nfs/home/nelson0314/venvs/wacv/lib/python3.11/site-packages/torchvision/models/_utils.py:222: UserWarning: Arguments other than a weight enum or `None` for 'weights' are deprecated since 0.13 and may be removed in the future. The current behavior is equivalent to passing `weights=VGG16_Weights.IMAGENET1K_V1`. You can also use `weights=VGG16_Weights.DEFAULT` to get the most up-to-date weights.
  warnings.warn(msg)
IP2P 線：8 張、條件 ['advdrop']、steps=100 s_T=7.5 s_I=1.5 seed=20260812
/nfs/home/nelson0314/venvs/wacv/lib/python3.11/site-packages/diffusers/image_processor.py:724: FutureWarning: Passing `image` as torch tensor with value range in [-1,1] is deprecated. The expected value range for image tensor is [0,1] when passing as pytorch tensor or numpy Array. You passed `image` with value range [-1.0,1.0]
  warnings.warn(
task_attr_mod_color_136767       advdrop        r=1600.0000 dists=0.0389 lpips=0.1611 effect=0.1938 (395s)
task_attr_mod_color_6205         advdrop        r=1600.0000 dists=0.0522 lpips=0.2407 effect=0.3274 (399s)
task_env_weather_181583          advdrop        r=1600.0000 dists=0.0323 lpips=0.1589 effect=0.4636 (330s)
task_obj_add_13726               advdrop        r=1600.0000 dists=0.0511 lpips=0.2160 effect=0.2643 (190s)
task_obj_add_581286              advdrop        r=1600.0000 dists=0.0449 lpips=0.2108 effect=0.2297 (190s)
task_obj_remove_257910           advdrop        r=1600.0000 dists=0.0832 lpips=0.3474 effect=0.3431 (190s)
task_obj_remove_657585           advdrop        r=1600.0000 dists=0.0677 lpips=0.3478 effect=0.4200 (188s)
/nfs/home/nelson0314/venvs/wacv/lib/python3.11/site-packages/diffusers/image_processor.py:724: FutureWarning: Passing `image` as torch tensor with value range in [-1,1] is deprecated. The expected value range for image tensor is [0,1] when passing as pytorch tensor or numpy Array. You passed `image` with value range [-0.9686274528503418,1.0]
  warnings.warn(
task_obj_swap_joint_mask_75733   advdrop        r=1600.0000 dists=0.0480 lpips=0.2850 effect=0.3357 (185s)

表：runs/fair0820/a3_advdrop/s1000_1/results.csv（8 列）
