Loading pipeline components...:   0%|          | 0/6 [00:00<?, ?it/s]
Loading weights:   0%|          | 0/196 [00:00<?, ?it/s][ALoading weights: 100%|██████████| 196/196 [00:00<00:00, 3728.63it/s]
Loading pipeline components...:  17%|█▋        | 1/6 [00:00<00:00,  6.14it/s]Loading pipeline components...:  50%|█████     | 3/6 [00:00<00:00, 11.02it/s]Loading pipeline components...: 100%|██████████| 6/6 [00:00<00:00, 16.12it/s]
There are modules in AutoencoderKL that should be kept in float32: []. Casting directly with `to()` can lead to inconsistent results; set `torch_dtype` in `from_pretrained()` instead to keep these modules in float32.
/nfs/home/nelson0314/venvs/wacv/lib/python3.11/site-packages/torchvision/models/_utils.py:207: UserWarning: The parameter 'pretrained' is deprecated since 0.13 and may be removed in the future, please use 'weights' instead.
  warnings.warn(
/nfs/home/nelson0314/venvs/wacv/lib/python3.11/site-packages/torchvision/models/_utils.py:222: UserWarning: Arguments other than a weight enum or `None` for 'weights' are deprecated since 0.13 and may be removed in the future. The current behavior is equivalent to passing `weights=VGG16_Weights.IMAGENET1K_V1`. You can also use `weights=VGG16_Weights.DEFAULT` to get the most up-to-date weights.
  warnings.warn(msg)
IP2P 線：9 張、條件 ['advdrop']、steps=100 s_T=7.5 s_I=1.5 seed=20260812
/nfs/home/nelson0314/venvs/wacv/lib/python3.11/site-packages/diffusers/image_processor.py:724: FutureWarning: Passing `image` as torch tensor with value range in [-1,1] is deprecated. The expected value range for image tensor is [0,1] when passing as pytorch tensor or numpy Array. You passed `image` with value range [-1.0,1.0]
  warnings.warn(
task_attr_mod_color_11699        advdrop        r=1600.0000 dists=0.0661 lpips=0.2608 effect=0.2610 (379s)
task_attr_mod_color_32648        advdrop        r=1600.0000 dists=0.1078 lpips=0.3082 effect=0.2721 (380s)
task_env_weather_133752          advdrop        r=1600.0000 dists=0.0711 lpips=0.2421 effect=0.2669 (313s)
task_env_weather_63722           advdrop        r=1600.0000 dists=0.0666 lpips=0.2718 effect=0.2686 (178s)
task_obj_add_40931               advdrop        r=1600.0000 dists=0.0600 lpips=0.2302 effect=0.2412 (179s)
task_obj_remove_10197            advdrop        r=1600.0000 dists=0.0409 lpips=0.2036 effect=0.3548 (179s)
task_obj_remove_509477           advdrop        r=1600.0000 dists=0.0146 lpips=0.1062 effect=0.1303 (179s)
task_obj_swap_joint_mask_533428  advdrop        r=1600.0000 dists=0.0350 lpips=0.1944 effect=0.4575 (179s)
task_obj_swap_rand_mask_417469   advdrop        r=1600.0000 dists=0.0440 lpips=0.2050 effect=0.2214 (179s)

表：runs/fair0820/a3_advdrop/s1000_0/results.csv（9 列）
