Loading pipeline components...:   0%|          | 0/6 [00:00<?, ?it/s]Loading pipeline components...:  17%|█▋        | 1/6 [00:00<00:00,  9.15it/s]
Loading weights:   0%|          | 0/196 [00:00<?, ?it/s][ALoading weights: 100%|██████████| 196/196 [00:00<00:00, 4006.70it/s]
Loading pipeline components...:  33%|███▎      | 2/6 [00:00<00:00,  7.55it/s]Loading pipeline components...:  83%|████████▎ | 5/6 [00:00<00:00, 15.45it/s]Loading pipeline components...: 100%|██████████| 6/6 [00:00<00:00, 14.87it/s]
There are modules in AutoencoderKL that should be kept in float32: []. Casting directly with `to()` can lead to inconsistent results; set `torch_dtype` in `from_pretrained()` instead to keep these modules in float32.
/nfs/home/nelson0314/venvs/wacv/lib/python3.11/site-packages/torchvision/models/_utils.py:207: UserWarning: The parameter 'pretrained' is deprecated since 0.13 and may be removed in the future, please use 'weights' instead.
  warnings.warn(
/nfs/home/nelson0314/venvs/wacv/lib/python3.11/site-packages/torchvision/models/_utils.py:222: UserWarning: Arguments other than a weight enum or `None` for 'weights' are deprecated since 0.13 and may be removed in the future. The current behavior is equivalent to passing `weights=VGG16_Weights.IMAGENET1K_V1`. You can also use `weights=VGG16_Weights.DEFAULT` to get the most up-to-date weights.
  warnings.warn(msg)
IP2P 線：8 張、條件 ['advdrop']、steps=100 s_T=7.5 s_I=1.5 seed=20260812
/nfs/home/nelson0314/venvs/wacv/lib/python3.11/site-packages/diffusers/image_processor.py:724: FutureWarning: Passing `image` as torch tensor with value range in [-1,1] is deprecated. The expected value range for image tensor is [0,1] when passing as pytorch tensor or numpy Array. You passed `image` with value range [-1.0,1.0]
  warnings.warn(
task_attr_mod_color_184837       advdrop        r=1600.0000 dists=0.0544 lpips=0.1368 effect=0.1562 (238s)
task_env_weather_112463          advdrop        r=1600.0000 dists=0.0605 lpips=0.2223 effect=0.2553 (239s)
task_env_weather_246440          advdrop        r=1600.0000 dists=0.0109 lpips=0.0570 effect=0.2074 (240s)
task_obj_add_340466              advdrop        r=1600.0000 dists=0.0849 lpips=0.2674 effect=0.4557 (240s)
task_obj_add_692065              advdrop        r=1600.0000 dists=0.0461 lpips=0.1130 effect=0.1170 (242s)
task_obj_remove_380621           advdrop        r=1600.0000 dists=0.0929 lpips=0.3320 effect=0.3597 (452s)
task_obj_swap_joint_mask_276754  advdrop        r=1600.0000 dists=0.0462 lpips=0.2383 effect=0.1148 (512s)
task_obj_swap_rand_mask_298147   advdrop        r=1600.0000 dists=0.0333 lpips=0.1742 effect=0.2416 (512s)

表：runs/fair0820/a3_advdrop/s1400_2/results.csv（8 列）
