Warning: You are sending unauthenticated requests to the HF Hub. Please set a HF_TOKEN to enable higher rate limits and faster downloads.
Loading pipeline components...:   0%|          | 0/6 [00:00<?, ?it/s]Loading pipeline components...:  17%|█▋        | 1/6 [00:00<00:00,  8.79it/s]
Loading weights:   0%|          | 0/196 [00:00<?, ?it/s][ALoading weights: 100%|██████████| 196/196 [00:00<00:00, 3453.71it/s]
Loading pipeline components...:  50%|█████     | 3/6 [00:00<00:00,  8.43it/s]Loading pipeline components...: 100%|██████████| 6/6 [00:00<00:00, 14.54it/s]
There are modules in AutoencoderKL that should be kept in float32: []. Casting directly with `to()` can lead to inconsistent results; set `torch_dtype` in `from_pretrained()` instead to keep these modules in float32.
/nfs/home/nelson0314/venvs/wacv/lib/python3.11/site-packages/torchvision/models/_utils.py:207: UserWarning: The parameter 'pretrained' is deprecated since 0.13 and may be removed in the future, please use 'weights' instead.
  warnings.warn(
/nfs/home/nelson0314/venvs/wacv/lib/python3.11/site-packages/torchvision/models/_utils.py:222: UserWarning: Arguments other than a weight enum or `None` for 'weights' are deprecated since 0.13 and may be removed in the future. The current behavior is equivalent to passing `weights=VGG16_Weights.IMAGENET1K_V1`. You can also use `weights=VGG16_Weights.DEFAULT` to get the most up-to-date weights.
  warnings.warn(msg)
IP2P 線：10 張、條件 ['phase_gain']、steps=100 s_T=7.5 s_I=1.5 seed=20260812
/nfs/home/nelson0314/venvs/wacv/lib/python3.11/site-packages/diffusers/image_processor.py:724: FutureWarning: Passing `image` as torch tensor with value range in [-1,1] is deprecated. The expected value range for image tensor is [0,1] when passing as pytorch tensor or numpy Array. You passed `image` with value range [-1.0,1.0]
  warnings.warn(
    [phase] step    0 loss 105.950577 |p| 0.00073 eval 105.912224
    [phase] step  100 loss 102.960976 |p| 0.06188 eval 102.933807
    [phase] step  200 loss 100.494370 |p| 0.11699 eval 100.469139
    [phase] step  300 loss 98.272263 |p| 0.16821 eval 98.248459
    [phase] step  400 loss 96.262619 |p| 0.21613 eval 96.242226
    [phase] step  500 loss 94.474724 |p| 0.26052 eval 94.457329
    [phase] step  600 loss 92.853951 |p| 0.30160 eval 92.836411
    [phase] step  700 loss 91.450989 |p| 0.33922 eval 91.436852
    [phase] step  800 loss 90.194778 |p| 0.37432 eval 90.182602
    [phase] step  900 loss 89.103157 |p| 0.40692 eval 89.092491
    [phase] step 1000 loss 88.117935 |p| 0.43761 eval 88.108665
    [phase] step 1100 loss 87.222839 |p| 0.46655 eval 87.213188
    [phase] step 1200 loss 86.388634 |p| 0.49383 eval 86.380142
    [phase] step 1300 loss 85.609467 |p| 0.51954 eval 85.600151
    [phase] step 1400 loss 84.869591 |p| 0.54386 eval 84.859123
    [phase] step 1500 loss 84.167603 |p| 0.56689 eval 84.157761
    [phase] step 1600 loss 83.502518 |p| 0.58879 eval 83.494598
    [phase] step 1700 loss 82.864616 |p| 0.60955 eval 82.855949
    [phase] step 1800 loss 82.261772 |p| 0.62933 eval 82.254829
    [phase] step 1900 loss 81.680016 |p| 0.64841 eval 81.670189
    [phase] step 2000 loss 81.109512 |p| 0.66679 eval 81.102531
    [phase] step 2100 loss 80.554810 |p| 0.68437 eval 80.545021
    [phase] step 2200 loss 80.001778 |p| 0.70113 eval 79.993767
    [phase] step 2300 loss 79.446892 |p| 0.71704 eval 79.440491
    [phase] step 2400 loss 78.899101 |p| 0.73220 eval 78.893616
    [phase] step 2500 loss 78.355743 |p| 0.74667 eval 78.349609
    [phase] step 2600 loss 77.840454 |p| 0.76049 eval 77.836693
    [phase] step 2700 loss 77.344109 |p| 0.77375 eval 77.340111
    [phase] step 2800 loss 76.860603 |p| 0.78663 eval 76.857155
    [phase] step 2900 loss 76.390236 |p| 0.79898 eval 76.387108
    [phase] step 3000 loss 75.942352 |p| 0.81084 eval 75.939224
    [phase] step 3100 loss 75.613525 |p| 0.81690 eval 75.610939
    [phase] step 3200 loss 75.282860 |p| 0.82230 eval 75.280922
    [phase] step 3300 loss 74.977585 |p| 0.82730 eval 74.976006
    [phase] step 3400 loss 74.683853 |p| 0.83200 eval 74.682121
    [phase] step 3500 loss 74.393570 |p| 0.83649 eval 74.391365
    [phase] step 3600 loss 74.103142 |p| 0.84079 eval 74.099968
    [phase] step 3700 loss 73.812920 |p| 0.84488 eval 73.811035
    [phase] step 3800 loss 73.525917 |p| 0.84878 eval 73.524925
    [phase] step 3900 loss 73.257858 |p| 0.85256 eval 73.256828
    [phase] step 4000 loss 73.015953 |p| 0.85622 eval 73.014473
    [phase] step 4100 loss 72.782753 |p| 0.85974 eval 72.781662
    [phase] step 4200 loss 72.568108 |p| 0.86313 eval 72.567268
    [phase] step 4300 loss 72.357132 |p| 0.86643 eval 72.356133
    [phase] step 4400 loss 72.147079 |p| 0.86959 eval 72.139931
    [phase] step 4500 loss 71.956665 |p| 0.87264 eval 71.949120
    [phase] step 4600 loss 71.779694 |p| 0.87557 eval 71.772560
    [phase] step 4700 loss 71.613922 |p| 0.87841 eval 71.607063
    [phase] step 4800 loss 71.457893 |p| 0.88117 eval 71.451012
    [phase] step 4900 loss 71.307739 |p| 0.88382 eval 71.301003
    [phase] step 5000 loss 71.160126 |p| 0.88627 eval 71.153206
    [phase] step 5100 loss 71.016731 |p| 0.88876 eval 71.009270
    [phase] step 5200 loss 70.879555 |p| 0.89120 eval 70.872215
    [phase] step 5300 loss 70.736816 |p| 0.89359 eval 70.729324
    [phase] step 5400 loss 70.595757 |p| 0.89593 eval 70.588730
    [phase] step 5500 loss 70.455765 |p| 0.89820 eval 70.447334
    [phase] step 5600 loss 70.319336 |p| 0.90040 eval 70.310509
    [phase] step 5700 loss 70.199959 |p| 0.90255 eval 70.190826
    [phase] step 5800 loss 70.086174 |p| 0.90464 eval 70.076645
    [phase] step 5900 loss 69.970177 |p| 0.90668 eval 69.959801
    [phase] step 6000 loss 69.847786 |p| 0.90867 eval 69.836716
    [phase] step 6100 loss 69.735237 |p| 0.91063 eval 69.723854
    [phase] step 6200 loss 69.630203 |p| 0.91254 eval 69.618553
    [phase] step 6300 loss 69.529442 |p| 0.91441 eval 69.517296
    [phase] step 6400 loss 69.432167 |p| 0.91624 eval 69.420044
    [phase] step 6500 loss 69.335869 |p| 0.91803 eval 69.323906
    [phase] step 6600 loss 69.240044 |p| 0.91979 eval 69.228165
    [phase] step 6700 loss 69.146233 |p| 0.92153 eval 69.134705
    [phase] step 6800 loss 69.039589 |p| 0.92324 eval 69.028229
    [phase] step 6900 loss 68.942406 |p| 0.92493 eval 68.931145
    [phase] step 7000 loss 68.843552 |p| 0.92659 eval 68.831879
    [phase] step 7100 loss 68.751465 |p| 0.92820 eval 68.739548
    [phase] step 7200 loss 68.657547 |p| 0.92978 eval 68.645424
    [phase] step 7300 loss 68.566551 |p| 0.93134 eval 68.555389
    [phase] step 7400 loss 68.481056 |p| 0.93288 eval 68.471413
    [phase] step 7500 loss 68.397400 |p| 0.93439 eval 68.389206
    [phase] step 7600 loss 68.315178 |p| 0.93588 eval 68.307243
    [phase] step 7700 loss 68.229454 |p| 0.93735 eval 68.221436
    [phase] step 7800 loss 68.150452 |p| 0.93878 eval 68.142799
    [phase] step 7900 loss 68.074211 |p| 0.94018 eval 68.066628
    [phase] step 8000 loss 68.000000 |p| 0.94156 eval 67.992287
    [phase] step 8100 loss 67.928200 |p| 0.94291 eval 67.920174
    [phase] step 8200 loss 67.856789 |p| 0.94425 eval 67.848488
    [phase] step 8300 loss 67.787796 |p| 0.94556 eval 67.779526
    [phase] step 8400 loss 67.714027 |p| 0.94687 eval 67.706253
    [phase] step 8500 loss 67.640190 |p| 0.94815 eval 67.632446
    [phase] step 8600 loss 67.576981 |p| 0.94941 eval 67.569283
    [phase] step 8700 loss 67.517181 |p| 0.95063 eval 67.509483
    [phase] step 8800 loss 67.459740 |p| 0.95184 eval 67.451927
    [phase] step 8900 loss 67.402084 |p| 0.95302 eval 67.393677
    [phase] step 9000 loss 67.345261 |p| 0.95419 eval 67.335915
    [phase] step 9100 loss 67.290108 |p| 0.95533 eval 67.279457
    [phase] step 9200 loss 67.237068 |p| 0.95644 eval 67.225174
    [phase] step 9300 loss 67.185532 |p| 0.95754 eval 67.172630
    [phase] step 9400 loss 67.136505 |p| 0.95861 eval 67.123398
    [phase] step 9500 loss 67.090012 |p| 0.95966 eval 67.076683
    [phase] step 9600 loss 67.044914 |p| 0.96068 eval 67.031570
    [phase] step 9700 loss 67.000763 |p| 0.96169 eval 66.987007
    [phase] step 9800 loss 66.957642 |p| 0.96268 eval 66.943657
    [phase] step 9900 loss 66.915672 |p| 0.96366 eval 66.901459
    [phase] step 10000 loss 66.875427 |p| 0.96461 eval 66.860939
    [phase] step 10100 loss 66.835884 |p| 0.96555 eval 66.821327
    [phase] step 10200 loss 66.798134 |p| 0.96648 eval 66.783623
    [phase] step 10300 loss 66.761917 |p| 0.96738 eval 66.747200
    [phase] step 10400 loss 66.726349 |p| 0.96829 eval 66.710785
    [phase] step 10500 loss 66.691284 |p| 0.96918 eval 66.674492
    [phase] step 10600 loss 66.654930 |p| 0.97005 eval 66.637764
    [phase] step 10700 loss 66.620949 |p| 0.97089 eval 66.603920
    [phase] step 10800 loss 66.588013 |p| 0.97172 eval 66.570343
    [phase] step 10900 loss 66.557716 |p| 0.97254 eval 66.538765
    [phase] step 11000 loss 66.528717 |p| 0.97333 eval 66.509338
    [phase] step 11100 loss 66.499443 |p| 0.97412 eval 66.479736
    [phase] step 11200 loss 66.471718 |p| 0.97489 eval 66.451378
    [phase] step 11300 loss 66.444328 |p| 0.97565 eval 66.423515
    [phase] step 11400 loss 66.418510 |p| 0.97638 eval 66.397476
    [phase] step 11500 loss 66.393036 |p| 0.97711 eval 66.372131
    [phase] step 11600 loss 66.365417 |p| 0.97781 eval 66.344734
    [phase] step 11700 loss 66.340919 |p| 0.97852 eval 66.320175
    [phase] step 11800 loss 66.318169 |p| 0.97922 eval 66.297348
    [phase] step 11900 loss 66.295670 |p| 0.97990 eval 66.274582
    [phase] step 11999 loss 66.253044 |p| 0.98056 eval 66.273979
Loading weights:   0%|          | 0/398 [00:00<?, ?it/s]Loading weights: 100%|██████████| 398/398 [00:00<00:00, 8476.05it/s]
[transformers] Model config: bos_token_id must be `None` or an integer within the vocabulary (between 0 and 31999), got 49406. This may result in unexpected behavior.
[transformers] Model config: eos_token_id must be `None` or an integer within the vocabulary (between 0 and 31999), got 49407. This may result in unexpected behavior.
Loading weights:   0%|          | 0/408 [00:00<?, ?it/s]Loading weights:  74%|███████▍  | 303/408 [00:00<00:00, 3028.02it/s]Loading weights: 100%|██████████| 408/408 [00:00<00:00, 2981.95it/s]
task_attr_mod_color_11699        phase_gain     r=2.5000 dists=0.0764 lpips=0.2605 effect=0.4284 (1981s)
    [phase] step    0 loss 133.485077 |p| 0.00073 eval 133.424271
    [phase] step  100 loss 128.996017 |p| 0.06192 eval 128.955963
    [phase] step  200 loss 125.323647 |p| 0.11783 eval 125.289635
    [phase] step  300 loss 122.147964 |p| 0.17024 eval 122.117378
    [phase] step  400 loss 119.323982 |p| 0.21975 eval 119.298859
    [phase] step  500 loss 116.909554 |p| 0.26607 eval 116.883247
    [phase] step  600 loss 114.773758 |p| 0.30945 eval 114.754570
    [phase] step  700 loss 112.886581 |p| 0.35012 eval 112.868942
    [phase] step  800 loss 111.211403 |p| 0.38820 eval 111.196388
    [phase] step  900 loss 109.708046 |p| 0.42399 eval 109.693817
    [phase] step 1000 loss 108.323135 |p| 0.45790 eval 108.313042
    [phase] step 1100 loss 107.066109 |p| 0.49017 eval 107.058006
    [phase] step 1200 loss 105.901947 |p| 0.52091 eval 105.891708
    [phase] step 1300 loss 104.819099 |p| 0.55006 eval 104.812218
    [phase] step 1400 loss 103.801994 |p| 0.57786 eval 103.796974
    [phase] step 1500 loss 102.850243 |p| 0.60425 eval 102.845787
    [phase] step 1600 loss 101.963112 |p| 0.62914 eval 101.956810
    [phase] step 1700 loss 101.137901 |p| 0.65255 eval 101.133301
    [phase] step 1800 loss 100.364349 |p| 0.67471 eval 100.358719
    [phase] step 1900 loss 99.649399 |p| 0.69561 eval 99.640518
    [phase] step 2000 loss 98.969940 |p| 0.71539 eval 98.961685
    [phase] step 2100 loss 98.328148 |p| 0.73412 eval 98.321182
    [phase] step 2200 loss 97.731422 |p| 0.75182 eval 97.722618
    [phase] step 2300 loss 97.164536 |p| 0.76866 eval 97.155022
    [phase] step 2400 loss 96.622894 |p| 0.78456 eval 96.614151
    [phase] step 2500 loss 96.112869 |p| 0.79965 eval 96.104042
    [phase] step 2600 loss 95.632301 |p| 0.81401 eval 95.624176
    [phase] step 2700 loss 95.173744 |p| 0.82764 eval 95.166130
    [phase] step 2800 loss 94.741333 |p| 0.84061 eval 94.734192
    [phase] step 2900 loss 94.322296 |p| 0.85298 eval 94.315117
    [phase] step 3000 loss 93.922623 |p| 0.86466 eval 93.917213
    [phase] step 3100 loss 93.686172 |p| 0.87180 eval 93.680389
    [phase] step 3200 loss 93.474373 |p| 0.87829 eval 93.468613
    [phase] step 3300 loss 93.281860 |p| 0.88435 eval 93.276192
    [phase] step 3400 loss 93.105675 |p| 0.89004 eval 93.099937
    [phase] step 3500 loss 92.940109 |p| 0.89543 eval 92.934593
    [phase] step 3600 loss 92.785896 |p| 0.90057 eval 92.780647
    [phase] step 3700 loss 92.638062 |p| 0.90548 eval 92.632713
    [phase] step 3800 loss 92.497627 |p| 0.91016 eval 92.492073
    [phase] step 3900 loss 92.360916 |p| 0.91465 eval 92.352997
    [phase] step 4000 loss 92.233772 |p| 0.91895 eval 92.225746
    [phase] step 4100 loss 92.109833 |p| 0.92309 eval 92.101807
    [phase] step 4200 loss 91.994522 |p| 0.92705 eval 91.986458
    [phase] step 4300 loss 91.884918 |p| 0.93086 eval 91.876694
    [phase] step 4400 loss 91.779274 |p| 0.93449 eval 91.770752
    [phase] step 4500 loss 91.679482 |p| 0.93798 eval 91.670723
    [phase] step 4600 loss 91.582985 |p| 0.94132 eval 91.574165
    [phase] step 4700 loss 91.493652 |p| 0.94454 eval 91.484520
    [phase] step 4800 loss 91.408104 |p| 0.94763 eval 91.398918
    [phase] step 4900 loss 91.324821 |p| 0.95062 eval 91.315689
    [phase] step 5000 loss 91.243217 |p| 0.95351 eval 91.234055
    [phase] step 5100 loss 91.165489 |p| 0.95631 eval 91.156364
    [phase] step 5200 loss 91.092102 |p| 0.95902 eval 91.082939
    [phase] step 5300 loss 91.020432 |p| 0.96164 eval 91.011673
    [phase] step 5400 loss 90.949615 |p| 0.96419 eval 90.941238
    [phase] step 5500 loss 90.882835 |p| 0.96666 eval 90.874619
    [phase] step 5600 loss 90.818771 |p| 0.96906 eval 90.810455
    [phase] step 5700 loss 90.756081 |p| 0.97140 eval 90.747658
    [phase] step 5800 loss 90.695824 |p| 0.97366 eval 90.687233
    [phase] step 5900 loss 90.636452 |p| 0.97586 eval 90.627975
    [phase] step 6000 loss 90.577370 |p| 0.97799 eval 90.569046
    [phase] step 6100 loss 90.518623 |p| 0.98009 eval 90.510864
    [phase] step 6200 loss 90.460739 |p| 0.98212 eval 90.453667
    [phase] step 6300 loss 90.405762 |p| 0.98409 eval 90.398483
    [phase] step 6400 loss 90.351746 |p| 0.98601 eval 90.345116
    [phase] step 6500 loss 90.299622 |p| 0.98787 eval 90.293205
    [phase] step 6600 loss 90.248711 |p| 0.98969 eval 90.242218
    [phase] step 6700 loss 90.199486 |p| 0.99147 eval 90.192841
    [phase] step 6800 loss 90.151390 |p| 0.99319 eval 90.144753
    [phase] step 6900 loss 90.103477 |p| 0.99488 eval 90.097534
    [phase] step 7000 loss 90.054749 |p| 0.99654 eval 90.049202
    [phase] step 7100 loss 90.004951 |p| 0.99819 eval 90.000679
    [phase] step 7200 loss 89.957161 |p| 0.99980 eval 89.953079
    [phase] step 7300 loss 89.908478 |p| 1.00137 eval 89.904091
    [phase] step 7400 loss 89.860840 |p| 1.00293 eval 89.856377
    [phase] step 7500 loss 89.815475 |p| 1.00446 eval 89.809578
    [phase] step 7600 loss 89.769814 |p| 1.00596 eval 89.764534
    [phase] step 7700 loss 89.725426 |p| 1.00743 eval 89.719116
    [phase] step 7800 loss 89.681847 |p| 1.00887 eval 89.675468
    [phase] step 7900 loss 89.637955 |p| 1.01030 eval 89.631607
    [phase] step 8000 loss 89.593887 |p| 1.01169 eval 89.587288
    [phase] step 8100 loss 89.550262 |p| 1.01307 eval 89.543816
    [phase] step 8200 loss 89.509445 |p| 1.01441 eval 89.502831
    [phase] step 8300 loss 89.469681 |p| 1.01573 eval 89.463020
    [phase] step 8400 loss 89.429451 |p| 1.01704 eval 89.422981
    [phase] step 8500 loss 89.391098 |p| 1.01831 eval 89.384819
    [phase] step 8600 loss 89.353119 |p| 1.01957 eval 89.347038
    [phase] step 8700 loss 89.315765 |p| 1.02081 eval 89.309616
    [phase] step 8800 loss 89.275970 |p| 1.02205 eval 89.272354
    [phase] step 8900 loss 89.240150 |p| 1.02327 eval 89.235023
    [phase] step 9000 loss 89.205078 |p| 1.02446 eval 89.199120
    [phase] step 9100 loss 89.169930 |p| 1.02565 eval 89.163948
    [phase] step 9200 loss 89.134575 |p| 1.02682 eval 89.128494
    [phase] step 9300 loss 89.094170 |p| 1.02800 eval 89.088188
    [phase] step 9400 loss 89.056099 |p| 1.02917 eval 89.049789
    [phase] step 9500 loss 89.019035 |p| 1.03033 eval 89.012840
    [phase] step 9600 loss 88.983063 |p| 1.03147 eval 88.976952
    [phase] step 9700 loss 88.947868 |p| 1.03259 eval 88.941406
    [phase] step 9800 loss 88.912094 |p| 1.03370 eval 88.905693
    [phase] step 9900 loss 88.873772 |p| 1.03480 eval 88.867325
    [phase] step 10000 loss 88.836906 |p| 1.03588 eval 88.830841
    [phase] step 10100 loss 88.800285 |p| 1.03694 eval 88.794167
    [phase] step 10200 loss 88.766197 |p| 1.03799 eval 88.760109
    [phase] step 10300 loss 88.731339 |p| 1.03902 eval 88.727478
    [phase] step 10400 loss 88.696732 |p| 1.04004 eval 88.692688
    [phase] step 10500 loss 88.664902 |p| 1.04104 eval 88.660118
    [phase] step 10600 loss 88.633278 |p| 1.04204 eval 88.627922
    [phase] step 10700 loss 88.600998 |p| 1.04303 eval 88.596336
    [phase] step 10800 loss 88.569565 |p| 1.04400 eval 88.564255
    [phase] step 10900 loss 88.537834 |p| 1.04497 eval 88.532906
    [phase] step 11000 loss 88.505630 |p| 1.04593 eval 88.502090
    [phase] step 11100 loss 88.473732 |p| 1.04688 eval 88.470894
    [phase] step 11200 loss 88.442467 |p| 1.04781 eval 88.440735
    [phase] step 11300 loss 88.410522 |p| 1.04875 eval 88.409401
    [phase] step 11400 loss 88.375229 |p| 1.04965 eval 88.373474
    [phase] step 11500 loss 88.345078 |p| 1.05056 eval 88.342751
    [phase] step 11600 loss 88.314461 |p| 1.05146 eval 88.312340
    [phase] step 11700 loss 88.285370 |p| 1.05234 eval 88.283188
    [phase] step 11800 loss 88.256393 |p| 1.05322 eval 88.254356
    [phase] step 11900 loss 88.227951 |p| 1.05408 eval 88.225548
    [phase] step 11999 loss 88.198227 |p| 1.05492 eval 88.200485
task_attr_mod_color_136767       phase_gain     r=2.5000 dists=0.1210 lpips=0.3188 effect=0.4263 (1971s)
    [phase] step    0 loss 105.163506 |p| 0.00073 eval 105.084709
    [phase] step  100 loss 100.839767 |p| 0.05778 eval 100.794907
    [phase] step  200 loss 97.532288 |p| 0.10732 eval 97.484261
    [phase] step  300 loss 94.789650 |p| 0.15171 eval 94.741219
    [phase] step  400 loss 92.417892 |p| 0.19183 eval 92.373253
    [phase] step  500 loss 90.310997 |p| 0.22846 eval 90.274208
    [phase] step  600 loss 88.442146 |p| 0.26220 eval 88.407837
    [phase] step  700 loss 86.827011 |p| 0.29314 eval 86.795876
    [phase] step  800 loss 85.378746 |p| 0.32154 eval 85.353065
    [phase] step  900 loss 83.820396 |p| 0.34758 eval 83.796089
    [phase] step 1000 loss 82.175102 |p| 0.37074 eval 82.161301
    [phase] step 1100 loss 81.163177 |p| 0.39227 eval 81.152565
    [phase] step 1200 loss 80.245949 |p| 0.41231 eval 80.238655
    [phase] step 1300 loss 79.412407 |p| 0.43078 eval 79.412262
    [phase] step 1400 loss 78.647324 |p| 0.44803 eval 78.653664
    [phase] step 1500 loss 77.952049 |p| 0.46408 eval 77.957230
    [phase] step 1600 loss 77.313164 |p| 0.47912 eval 77.316963
    [phase] step 1700 loss 76.716156 |p| 0.49311 eval 76.719627
    [phase] step 1800 loss 76.167831 |p| 0.50609 eval 76.168877
    [phase] step 1900 loss 75.656021 |p| 0.51805 eval 75.658134
    [phase] step 2000 loss 75.195946 |p| 0.52920 eval 75.197670
    [phase] step 2100 loss 74.764091 |p| 0.53970 eval 74.764183
    [phase] step 2200 loss 74.359123 |p| 0.54957 eval 74.359978
    [phase] step 2300 loss 73.974731 |p| 0.55897 eval 73.975395
    [phase] step 2400 loss 73.605751 |p| 0.56794 eval 73.606583
    [phase] step 2500 loss 73.256836 |p| 0.57648 eval 73.257278
    [phase] step 2600 loss 72.928215 |p| 0.58462 eval 72.927307
    [phase] step 2700 loss 72.619926 |p| 0.59225 eval 72.619232
    [phase] step 2800 loss 72.325729 |p| 0.59956 eval 72.328857
    [phase] step 2900 loss 72.055573 |p| 0.60660 eval 72.030937
    [phase] step 3000 loss 71.781906 |p| 0.61336 eval 71.763161
    [phase] step 3100 loss 71.585320 |p| 0.61778 eval 71.566002
    [phase] step 3200 loss 71.396935 |p| 0.62187 eval 71.378090
    [phase] step 3300 loss 71.227768 |p| 0.62571 eval 71.210121
    [phase] step 3400 loss 71.068420 |p| 0.62936 eval 71.050941
    [phase] step 3500 loss 70.918358 |p| 0.63285 eval 70.905518
    [phase] step 3600 loss 70.768570 |p| 0.63619 eval 70.750443
    [phase] step 3700 loss 70.630516 |p| 0.63938 eval 70.608704
    [phase] step 3800 loss 70.497910 |p| 0.64244 eval 70.483292
    [phase] step 3900 loss 70.375183 |p| 0.64538 eval 70.356148
    [phase] step 4000 loss 70.264168 |p| 0.64824 eval 70.233582
    [phase] step 4100 loss 70.143944 |p| 0.65100 eval 70.125275
    [phase] step 4200 loss 70.036537 |p| 0.65365 eval 70.018219
    [phase] step 4300 loss 69.931427 |p| 0.65623 eval 69.912270
    [phase] step 4400 loss 69.822861 |p| 0.65872 eval 69.804779
    [phase] step 4500 loss 69.724724 |p| 0.66112 eval 69.703964
    [phase] step 4600 loss 69.627609 |p| 0.66345 eval 69.606148
    [phase] step 4700 loss 69.537994 |p| 0.66570 eval 69.512222
    [phase] step 4800 loss 69.450005 |p| 0.66787 eval 69.428375
    [phase] step 4900 loss 69.360489 |p| 0.67001 eval 69.345543
    [phase] step 5000 loss 69.271378 |p| 0.67211 eval 69.263237
    [phase] step 5100 loss 69.188759 |p| 0.67415 eval 69.182655
    [phase] step 5200 loss 69.106133 |p| 0.67617 eval 69.105453
    [phase] step 5300 loss 69.028343 |p| 0.67813 eval 69.020767
    [phase] step 5400 loss 68.949829 |p| 0.68004 eval 68.944870
    [phase] step 5500 loss 68.876717 |p| 0.68193 eval 68.874580
    [phase] step 5600 loss 68.799362 |p| 0.68378 eval 68.792892
    [phase] step 5700 loss 68.725075 |p| 0.68558 eval 68.720047
    [phase] step 5800 loss 68.655251 |p| 0.68733 eval 68.650009
    [phase] step 5900 loss 68.588394 |p| 0.68907 eval 68.580193
    [phase] step 6000 loss 68.522369 |p| 0.69075 eval 68.511467
    [phase] step 6100 loss 68.458809 |p| 0.69240 eval 68.446793
    [phase] step 6200 loss 68.396431 |p| 0.69402 eval 68.383858
    [phase] step 6300 loss 68.336014 |p| 0.69560 eval 68.322205
    [phase] step 6400 loss 68.275589 |p| 0.69715 eval 68.262276
    [phase] step 6500 loss 68.215912 |p| 0.69870 eval 68.201309
    [phase] step 6600 loss 68.155823 |p| 0.70024 eval 68.143562
    [phase] step 6700 loss 68.097366 |p| 0.70173 eval 68.083687
    [phase] step 6800 loss 68.036827 |p| 0.70319 eval 68.026314
    [phase] step 6900 loss 67.979523 |p| 0.70463 eval 67.971222
    [phase] step 7000 loss 67.922981 |p| 0.70604 eval 67.910805
    [phase] step 7100 loss 67.868507 |p| 0.70744 eval 67.855103
    [phase] step 7200 loss 67.815582 |p| 0.70879 eval 67.801796
    [phase] step 7300 loss 67.765503 |p| 0.71013 eval 67.747772
    [phase] step 7400 loss 67.713943 |p| 0.71146 eval 67.696541
    [phase] step 7500 loss 67.664444 |p| 0.71277 eval 67.644089
    [phase] step 7600 loss 67.613281 |p| 0.71405 eval 67.592834
    [phase] step 7700 loss 67.565880 |p| 0.71531 eval 67.543976
    [phase] step 7800 loss 67.518082 |p| 0.71655 eval 67.492813
    [phase] step 7900 loss 67.471794 |p| 0.71778 eval 67.444870
    [phase] step 8000 loss 67.424232 |p| 0.71900 eval 67.397652
    [phase] step 8100 loss 67.376030 |p| 0.72018 eval 67.348381
    [phase] step 8200 loss 67.331924 |p| 0.72137 eval 67.301750
    [phase] step 8300 loss 67.288551 |p| 0.72256 eval 67.257431
    [phase] step 8400 loss 67.245659 |p| 0.72371 eval 67.226097
    [phase] step 8500 loss 67.200157 |p| 0.72482 eval 67.180222
    [phase] step 8600 loss 67.157196 |p| 0.72593 eval 67.137711
    [phase] step 8700 loss 67.116211 |p| 0.72701 eval 67.095451
    [phase] step 8800 loss 67.075554 |p| 0.72808 eval 67.052773
    [phase] step 8900 loss 67.029343 |p| 0.72913 eval 67.016777
    [phase] step 9000 loss 66.990303 |p| 0.73017 eval 66.978401
    [phase] step 9100 loss 66.948822 |p| 0.73121 eval 66.940102
    [phase] step 9200 loss 66.910851 |p| 0.73222 eval 66.901421
    [phase] step 9300 loss 66.875122 |p| 0.73321 eval 66.863258
    [phase] step 9400 loss 66.832993 |p| 0.73420 eval 66.823662
    [phase] step 9500 loss 66.793373 |p| 0.73519 eval 66.788879
    [phase] step 9600 loss 66.757874 |p| 0.73616 eval 66.751839
    [phase] step 9700 loss 66.724251 |p| 0.73710 eval 66.717018
    [phase] step 9800 loss 66.690796 |p| 0.73804 eval 66.683830
    [phase] step 9900 loss 66.659821 |p| 0.73896 eval 66.648689
    [phase] step 10000 loss 66.624840 |p| 0.73989 eval 66.613625
    [phase] step 10100 loss 66.590385 |p| 0.74080 eval 66.580063
    [phase] step 10200 loss 66.556557 |p| 0.74170 eval 66.544922
    [phase] step 10300 loss 66.522484 |p| 0.74259 eval 66.512558
    [phase] step 10400 loss 66.489441 |p| 0.74348 eval 66.479355
    [phase] step 10500 loss 66.458015 |p| 0.74437 eval 66.445702
    [phase] step 10600 loss 66.423927 |p| 0.74525 eval 66.413589
    [phase] step 10700 loss 66.387108 |p| 0.74613 eval 66.379616
    [phase] step 10800 loss 66.353088 |p| 0.74700 eval 66.345345
    [phase] step 10900 loss 66.319824 |p| 0.74786 eval 66.314087
    [phase] step 11000 loss 66.285645 |p| 0.74869 eval 66.281158
    [phase] step 11100 loss 66.254074 |p| 0.74952 eval 66.249474
    [phase] step 11200 loss 66.225235 |p| 0.75033 eval 66.216644
    [phase] step 11300 loss 66.194275 |p| 0.75113 eval 66.186714
    [phase] step 11400 loss 66.164131 |p| 0.75194 eval 66.156464
    [phase] step 11500 loss 66.133293 |p| 0.75274 eval 66.125084
    [phase] step 11600 loss 66.102478 |p| 0.75353 eval 66.096046
    [phase] step 11700 loss 66.072586 |p| 0.75433 eval 66.066406
    [phase] step 11800 loss 66.039986 |p| 0.75512 eval 66.036240
    [phase] step 11900 loss 66.011169 |p| 0.75590 eval 66.006943
    [phase] step 11999 loss 65.980217 |p| 0.75666 eval 65.982285
task_attr_mod_color_184837       phase_gain     r=2.5000 dists=0.1484 lpips=0.3330 effect=0.4685 (1973s)
    [phase] step    0 loss 166.294281 |p| 0.00073 eval 166.248840
    [phase] step  100 loss 162.664108 |p| 0.06672 eval 162.629593
    [phase] step  200 loss 159.170746 |p| 0.12968 eval 159.136597
    [phase] step  300 loss 155.787277 |p| 0.19019 eval 155.754791
    [phase] step  400 loss 152.572647 |p| 0.24826 eval 152.542328
    [phase] step  500 loss 149.571915 |p| 0.30373 eval 149.545059
    [phase] step  600 loss 146.740448 |p| 0.35647 eval 146.714142
    [phase] step  700 loss 144.083710 |p| 0.40715 eval 144.058212
    [phase] step  800 loss 141.579758 |p| 0.45600 eval 141.556015
    [phase] step  900 loss 139.230423 |p| 0.50272 eval 139.208344
    [phase] step 1000 loss 137.031067 |p| 0.54739 eval 137.010025
    [phase] step 1100 loss 134.936478 |p| 0.59035 eval 134.918152
    [phase] step 1200 loss 132.968323 |p| 0.63167 eval 132.950333
    [phase] step 1300 loss 131.135468 |p| 0.67113 eval 131.117798
    [phase] step 1400 loss 129.415588 |p| 0.70869 eval 129.398575
    [phase] step 1500 loss 127.790894 |p| 0.74440 eval 127.774384
    [phase] step 1600 loss 126.235069 |p| 0.77862 eval 126.219269
    [phase] step 1700 loss 124.745117 |p| 0.81124 eval 124.730812
    [phase] step 1800 loss 123.336784 |p| 0.84234 eval 123.322708
    [phase] step 1900 loss 121.980629 |p| 0.87190 eval 121.967018
    [phase] step 2000 loss 120.685310 |p| 0.89997 eval 120.672508
    [phase] step 2100 loss 119.449371 |p| 0.92676 eval 119.436646
    [phase] step 2200 loss 118.259209 |p| 0.95245 eval 118.247116
    [phase] step 2300 loss 117.115196 |p| 0.97687 eval 117.103760
    [phase] step 2400 loss 116.031837 |p| 1.00006 eval 116.021172
    [phase] step 2500 loss 115.002419 |p| 1.02183 eval 114.992889
    [phase] step 2600 loss 114.038902 |p| 1.04217 eval 114.036247
    [phase] step 2700 loss 113.144791 |p| 1.06113 eval 113.133713
    [phase] step 2800 loss 112.300903 |p| 1.07893 eval 112.292854
    [phase] step 2900 loss 111.495338 |p| 1.09582 eval 111.486046
    [phase] step 3000 loss 110.727043 |p| 1.11173 eval 110.724266
    [phase] step 3100 loss 110.381966 |p| 1.11909 eval 110.391220
    [phase] step 3200 loss 110.090523 |p| 1.12574 eval 110.098892
    [phase] step 3300 loss 109.824097 |p| 1.13199 eval 109.821594
    [phase] step 3400 loss 109.558266 |p| 1.13792 eval 109.566200
    [phase] step 3500 loss 109.321899 |p| 1.14356 eval 109.326767
    [phase] step 3600 loss 109.094612 |p| 1.14895 eval 109.094193
    [phase] step 3700 loss 108.882713 |p| 1.15409 eval 108.877953
    [phase] step 3800 loss 108.676056 |p| 1.15896 eval 108.674385
    [phase] step 3900 loss 108.473068 |p| 1.16366 eval 108.480637
    [phase] step 4000 loss 108.297539 |p| 1.16813 eval 108.293373
    [phase] step 4100 loss 108.121925 |p| 1.17238 eval 108.118523
    [phase] step 4200 loss 107.955780 |p| 1.17640 eval 107.954018
    [phase] step 4300 loss 107.795441 |p| 1.18025 eval 107.795792
    [phase] step 4400 loss 107.630325 |p| 1.18396 eval 107.634621
    [phase] step 4500 loss 107.477562 |p| 1.18752 eval 107.481247
    [phase] step 4600 loss 107.329224 |p| 1.19093 eval 107.333717
    [phase] step 4700 loss 107.185463 |p| 1.19420 eval 107.190422
    [phase] step 4800 loss 107.051544 |p| 1.19733 eval 107.053635
    [phase] step 4900 loss 106.915871 |p| 1.20034 eval 106.920464
    [phase] step 5000 loss 106.787766 |p| 1.20323 eval 106.792931
    [phase] step 5100 loss 106.660393 |p| 1.20603 eval 106.665482
    [phase] step 5200 loss 106.536026 |p| 1.20871 eval 106.541115
    [phase] step 5300 loss 106.414978 |p| 1.21129 eval 106.419662
    [phase] step 5400 loss 106.298706 |p| 1.21376 eval 106.303085
    [phase] step 5500 loss 106.186813 |p| 1.21613 eval 106.190674
    [phase] step 5600 loss 106.084908 |p| 1.21841 eval 106.085869
    [phase] step 5700 loss 105.976936 |p| 1.22061 eval 105.981247
    [phase] step 5800 loss 105.873405 |p| 1.22274 eval 105.877777
    [phase] step 5900 loss 105.773804 |p| 1.22482 eval 105.778046
    [phase] step 6000 loss 105.680511 |p| 1.22682 eval 105.680008
    [phase] step 6100 loss 105.587555 |p| 1.22876 eval 105.582451
    [phase] step 6200 loss 105.495361 |p| 1.23065 eval 105.488930
    [phase] step 6300 loss 105.402451 |p| 1.23248 eval 105.398186
    [phase] step 6400 loss 105.299858 |p| 1.23427 eval 105.310722
    [phase] step 6500 loss 105.213112 |p| 1.23597 eval 105.212692
    [phase] step 6600 loss 105.119698 |p| 1.23762 eval 105.131348
    [phase] step 6700 loss 105.033257 |p| 1.23923 eval 105.046791
    [phase] step 6800 loss 104.945938 |p| 1.24079 eval 104.959824
    [phase] step 6900 loss 104.854446 |p| 1.24236 eval 104.865044
    [phase] step 7000 loss 104.766449 |p| 1.24387 eval 104.764328
    [phase] step 7100 loss 104.690376 |p| 1.24536 eval 104.678261
    [phase] step 7200 loss 104.590881 |p| 1.24684 eval 104.586060
    [phase] step 7300 loss 104.496193 |p| 1.24828 eval 104.491013
    [phase] step 7400 loss 104.403694 |p| 1.24970 eval 104.402756
    [phase] step 7500 loss 104.316124 |p| 1.25110 eval 104.314636
    [phase] step 7600 loss 104.233055 |p| 1.25247 eval 104.229454
    [phase] step 7700 loss 104.150322 |p| 1.25384 eval 104.144234
    [phase] step 7800 loss 104.066689 |p| 1.25520 eval 104.059395
    [phase] step 7900 loss 103.981987 |p| 1.25657 eval 103.971123
    [phase] step 8000 loss 103.895576 |p| 1.25790 eval 103.886215
    [phase] step 8100 loss 103.815521 |p| 1.25919 eval 103.799927
    [phase] step 8200 loss 103.734344 |p| 1.26044 eval 103.720009
    [phase] step 8300 loss 103.642670 |p| 1.26167 eval 103.629044
    [phase] step 8400 loss 103.564911 |p| 1.26286 eval 103.555374
    [phase] step 8500 loss 103.498222 |p| 1.26403 eval 103.481430
    [phase] step 8600 loss 103.420563 |p| 1.26520 eval 103.408524
    [phase] step 8700 loss 103.350845 |p| 1.26633 eval 103.337044
    [phase] step 8800 loss 103.281006 |p| 1.26744 eval 103.266571
    [phase] step 8900 loss 103.210258 |p| 1.26853 eval 103.194397
    [phase] step 9000 loss 103.142311 |p| 1.26964 eval 103.118866
    [phase] step 9100 loss 103.069305 |p| 1.27073 eval 103.047493
    [phase] step 9200 loss 102.997513 |p| 1.27179 eval 102.983231
    [phase] step 9300 loss 102.919167 |p| 1.27285 eval 102.919960
    [phase] step 9400 loss 102.851379 |p| 1.27387 eval 102.844925
    [phase] step 9500 loss 102.791443 |p| 1.27484 eval 102.774315
    [phase] step 9600 loss 102.717979 |p| 1.27581 eval 102.710533
    [phase] step 9700 loss 102.654114 |p| 1.27676 eval 102.629318
    [phase] step 9800 loss 102.584854 |p| 1.27771 eval 102.561737
    [phase] step 9900 loss 102.516289 |p| 1.27862 eval 102.503632
    [phase] step 10000 loss 102.454224 |p| 1.27950 eval 102.445686
    [phase] step 10100 loss 102.393883 |p| 1.28037 eval 102.389053
    [phase] step 10200 loss 102.339088 |p| 1.28122 eval 102.335724
    [phase] step 10300 loss 102.285225 |p| 1.28205 eval 102.279594
    [phase] step 10400 loss 102.230751 |p| 1.28288 eval 102.216278
    [phase] step 10500 loss 102.167908 |p| 1.28369 eval 102.152222
    [phase] step 10600 loss 102.114113 |p| 1.28451 eval 102.087509
    [phase] step 10700 loss 102.040642 |p| 1.28530 eval 102.023224
    [phase] step 10800 loss 101.983826 |p| 1.28606 eval 101.964279
    [phase] step 10900 loss 101.925865 |p| 1.28682 eval 101.908768
    [phase] step 11000 loss 101.869347 |p| 1.28758 eval 101.851082
    [phase] step 11100 loss 101.809319 |p| 1.28834 eval 101.790817
    [phase] step 11200 loss 101.751945 |p| 1.28908 eval 101.735001
    [phase] step 11300 loss 101.697273 |p| 1.28981 eval 101.678734
    [phase] step 11400 loss 101.641891 |p| 1.29052 eval 101.622414
    [phase] step 11500 loss 101.583717 |p| 1.29123 eval 101.567184
    [phase] step 11600 loss 101.521645 |p| 1.29193 eval 101.502396
    [phase] step 11700 loss 101.454666 |p| 1.29261 eval 101.435822
    [phase] step 11800 loss 101.392181 |p| 1.29329 eval 101.374260
    [phase] step 11900 loss 101.333694 |p| 1.29395 eval 101.316704
    [phase] step 11999 loss 101.262749 |p| 1.29458 eval 101.277443
task_attr_mod_color_32648        phase_gain     r=2.5000 dists=0.0768 lpips=0.3815 effect=0.3242 (1971s)
    [phase] step    0 loss 110.273308 |p| 0.00073 eval 110.219925
    [phase] step  100 loss 107.306099 |p| 0.06270 eval 107.278221
    [phase] step  200 loss 104.747223 |p| 0.12067 eval 104.721359
    [phase] step  300 loss 102.351166 |p| 0.17520 eval 102.327179
    [phase] step  400 loss 100.223587 |p| 0.22614 eval 100.202560
    [phase] step  500 loss 98.309319 |p| 0.27376 eval 98.291458
    [phase] step  600 loss 96.582695 |p| 0.31826 eval 96.567566
    [phase] step  700 loss 95.025673 |p| 0.36020 eval 95.007675
    [phase] step  800 loss 93.589005 |p| 0.39999 eval 93.573982
    [phase] step  900 loss 92.256866 |p| 0.43756 eval 92.247833
    [phase] step 1000 loss 91.056129 |p| 0.47288 eval 91.042648
    [phase] step 1100 loss 89.958534 |p| 0.50603 eval 89.948814
    [phase] step 1200 loss 88.942780 |p| 0.53741 eval 88.931786
    [phase] step 1300 loss 88.025131 |p| 0.56679 eval 88.015739
    [phase] step 1400 loss 87.185036 |p| 0.59447 eval 87.176117
    [phase] step 1500 loss 86.401382 |p| 0.62062 eval 86.392357
    [phase] step 1600 loss 85.669830 |p| 0.64533 eval 85.661354
    [phase] step 1700 loss 84.982590 |p| 0.66872 eval 84.974991
    [phase] step 1800 loss 84.331459 |p| 0.69078 eval 84.324089
    [phase] step 1900 loss 83.722427 |p| 0.71159 eval 83.716042
    [phase] step 2000 loss 83.140724 |p| 0.73132 eval 83.134689
    [phase] step 2100 loss 82.599556 |p| 0.75013 eval 82.593948
    [phase] step 2200 loss 82.084480 |p| 0.76812 eval 82.078934
    [phase] step 2300 loss 81.595352 |p| 0.78528 eval 81.590103
    [phase] step 2400 loss 81.129051 |p| 0.80169 eval 81.123940
    [phase] step 2500 loss 80.679909 |p| 0.81740 eval 80.675247
    [phase] step 2600 loss 80.245071 |p| 0.83238 eval 80.240616
    [phase] step 2700 loss 79.830994 |p| 0.84668 eval 79.827110
    [phase] step 2800 loss 79.441650 |p| 0.86039 eval 79.438095
    [phase] step 2900 loss 79.065201 |p| 0.87355 eval 79.061996
    [phase] step 3000 loss 78.704132 |p| 0.88619 eval 78.702568
    [phase] step 3100 loss 78.496567 |p| 0.89268 eval 78.495621
    [phase] step 3200 loss 78.314178 |p| 0.89847 eval 78.313438
    [phase] step 3300 loss 78.147224 |p| 0.90387 eval 78.145454
    [phase] step 3400 loss 77.991043 |p| 0.90896 eval 77.989410
    [phase] step 3500 loss 77.845161 |p| 0.91376 eval 77.843903
    [phase] step 3600 loss 77.710846 |p| 0.91833 eval 77.709923
    [phase] step 3700 loss 77.583580 |p| 0.92267 eval 77.582878
    [phase] step 3800 loss 77.463982 |p| 0.92683 eval 77.463356
    [phase] step 3900 loss 77.352585 |p| 0.93079 eval 77.351944
    [phase] step 4000 loss 77.240547 |p| 0.93458 eval 77.240013
    [phase] step 4100 loss 77.140282 |p| 0.93820 eval 77.139603
    [phase] step 4200 loss 77.045135 |p| 0.94165 eval 77.044319
    [phase] step 4300 loss 76.953850 |p| 0.94497 eval 76.953064
    [phase] step 4400 loss 76.866440 |p| 0.94814 eval 76.865829
    [phase] step 4500 loss 76.780388 |p| 0.95120 eval 76.779732
    [phase] step 4600 loss 76.700218 |p| 0.95411 eval 76.699364
    [phase] step 4700 loss 76.623344 |p| 0.95691 eval 76.622314
    [phase] step 4800 loss 76.549339 |p| 0.95961 eval 76.548439
    [phase] step 4900 loss 76.471672 |p| 0.96221 eval 76.470894
    [phase] step 5000 loss 76.402077 |p| 0.96471 eval 76.401299
    [phase] step 5100 loss 76.336586 |p| 0.96711 eval 76.336113
    [phase] step 5200 loss 76.273308 |p| 0.96943 eval 76.272911
    [phase] step 5300 loss 76.212059 |p| 0.97169 eval 76.211754
    [phase] step 5400 loss 76.153275 |p| 0.97387 eval 76.152832
    [phase] step 5500 loss 76.095322 |p| 0.97599 eval 76.095192
    [phase] step 5600 loss 76.039124 |p| 0.97804 eval 76.039215
    [phase] step 5700 loss 75.984711 |p| 0.98000 eval 75.984917
    [phase] step 5800 loss 75.931168 |p| 0.98191 eval 75.931053
    [phase] step 5900 loss 75.877449 |p| 0.98378 eval 75.877396
    [phase] step 6000 loss 75.825089 |p| 0.98559 eval 75.824982
    [phase] step 6100 loss 75.774948 |p| 0.98733 eval 75.774826
    [phase] step 6200 loss 75.725769 |p| 0.98902 eval 75.725655
    [phase] step 6300 loss 75.677742 |p| 0.99065 eval 75.677620
    [phase] step 6400 loss 75.629898 |p| 0.99224 eval 75.629555
    [phase] step 6500 loss 75.578369 |p| 0.99381 eval 75.578049
    [phase] step 6600 loss 75.530670 |p| 0.99535 eval 75.530228
    [phase] step 6700 loss 75.480370 |p| 0.99688 eval 75.479904
    [phase] step 6800 loss 75.430023 |p| 0.99836 eval 75.430054
    [phase] step 6900 loss 75.384506 |p| 0.99979 eval 75.384697
    [phase] step 7000 loss 75.341034 |p| 1.00118 eval 75.341347
    [phase] step 7100 loss 75.298370 |p| 1.00255 eval 75.298904
    [phase] step 7200 loss 75.255997 |p| 1.00389 eval 75.256638
    [phase] step 7300 loss 75.215683 |p| 1.00520 eval 75.216446
    [phase] step 7400 loss 75.176430 |p| 1.00648 eval 75.177299
    [phase] step 7500 loss 75.137703 |p| 1.00772 eval 75.138596
    [phase] step 7600 loss 75.100830 |p| 1.00894 eval 75.101913
    [phase] step 7700 loss 75.064156 |p| 1.01014 eval 75.065323
    [phase] step 7800 loss 75.026985 |p| 1.01132 eval 75.028290
    [phase] step 7900 loss 74.990860 |p| 1.01248 eval 74.992798
    [phase] step 8000 loss 74.955544 |p| 1.01362 eval 74.957230
    [phase] step 8100 loss 74.920464 |p| 1.01474 eval 74.921928
    [phase] step 8200 loss 74.885704 |p| 1.01583 eval 74.887054
    [phase] step 8300 loss 74.851540 |p| 1.01690 eval 74.852760
    [phase] step 8400 loss 74.817627 |p| 1.01795 eval 74.818802
    [phase] step 8500 loss 74.780830 |p| 1.01899 eval 74.781647
    [phase] step 8600 loss 74.747467 |p| 1.02001 eval 74.748169
    [phase] step 8700 loss 74.712486 |p| 1.02102 eval 74.712662
    [phase] step 8800 loss 74.677895 |p| 1.02199 eval 74.677193
    [phase] step 8900 loss 74.643768 |p| 1.02295 eval 74.642845
    [phase] step 9000 loss 74.609779 |p| 1.02389 eval 74.608795
    [phase] step 9100 loss 74.576958 |p| 1.02483 eval 74.575912
    [phase] step 9200 loss 74.544556 |p| 1.02575 eval 74.543633
    [phase] step 9300 loss 74.511856 |p| 1.02667 eval 74.511009
    [phase] step 9400 loss 74.479752 |p| 1.02758 eval 74.479027
    [phase] step 9500 loss 74.447128 |p| 1.02849 eval 74.446404
    [phase] step 9600 loss 74.414711 |p| 1.02939 eval 74.413979
    [phase] step 9700 loss 74.382690 |p| 1.03027 eval 74.381996
    [phase] step 9800 loss 74.350754 |p| 1.03115 eval 74.350266
    [phase] step 9900 loss 74.319695 |p| 1.03201 eval 74.319199
    [phase] step 10000 loss 74.288750 |p| 1.03286 eval 74.288139
    [phase] step 10100 loss 74.258720 |p| 1.03369 eval 74.258026
    [phase] step 10200 loss 74.229332 |p| 1.03451 eval 74.228531
    [phase] step 10300 loss 74.200226 |p| 1.03533 eval 74.199326
    [phase] step 10400 loss 74.170776 |p| 1.03615 eval 74.169769
    [phase] step 10500 loss 74.141052 |p| 1.03695 eval 74.139740
    [phase] step 10600 loss 74.110016 |p| 1.03775 eval 74.108482
    [phase] step 10700 loss 74.079102 |p| 1.03853 eval 74.077515
    [phase] step 10800 loss 74.048256 |p| 1.03928 eval 74.046791
    [phase] step 10900 loss 74.018280 |p| 1.04005 eval 74.016968
    [phase] step 11000 loss 73.988693 |p| 1.04083 eval 73.987274
    [phase] step 11100 loss 73.958115 |p| 1.04160 eval 73.956940
    [phase] step 11200 loss 73.927773 |p| 1.04236 eval 73.926765
    [phase] step 11300 loss 73.891922 |p| 1.04313 eval 73.890839
    [phase] step 11400 loss 73.860802 |p| 1.04389 eval 73.859665
    [phase] step 11500 loss 73.831009 |p| 1.04463 eval 73.829659
    [phase] step 11600 loss 73.801308 |p| 1.04535 eval 73.800003
    [phase] step 11700 loss 73.771957 |p| 1.04607 eval 73.770920
    [phase] step 11800 loss 73.743973 |p| 1.04677 eval 73.743317
    [phase] step 11900 loss 73.716896 |p| 1.04746 eval 73.716652
    [phase] step 11999 loss 73.691528 |p| 1.04814 eval 73.691010
task_attr_mod_color_6205         phase_gain     r=2.5000 dists=0.1067 lpips=0.2585 effect=0.4233 (1976s)
    [phase] step    0 loss 121.520950 |p| 0.00073 eval 121.481140
    [phase] step  100 loss 118.471573 |p| 0.06408 eval 118.442856
    [phase] step  200 loss 115.689194 |p| 0.12450 eval 115.661240
    [phase] step  300 loss 112.958771 |p| 0.18206 eval 112.931244
    [phase] step  400 loss 110.243599 |p| 0.23718 eval 110.216835
    [phase] step  500 loss 107.607986 |p| 0.28979 eval 107.582146
    [phase] step  600 loss 105.085945 |p| 0.33987 eval 105.062317
    [phase] step  700 loss 102.712204 |p| 0.38736 eval 102.691360
    [phase] step  800 loss 100.496811 |p| 0.43247 eval 100.476974
    [phase] step  900 loss 98.439438 |p| 0.47508 eval 98.420998
    [phase] step 1000 loss 96.541260 |p| 0.51509 eval 96.524437
    [phase] step 1100 loss 94.796173 |p| 0.55276 eval 94.781387
    [phase] step 1200 loss 93.179062 |p| 0.58823 eval 93.164482
    [phase] step 1300 loss 91.701698 |p| 0.62136 eval 91.688042
    [phase] step 1400 loss 90.356804 |p| 0.65235 eval 90.343452
    [phase] step 1500 loss 89.125114 |p| 0.68139 eval 89.112343
    [phase] step 1600 loss 87.994835 |p| 0.70848 eval 87.981979
    [phase] step 1700 loss 86.961441 |p| 0.73373 eval 86.948441
