===== train =====
[env] 載入 SDXLWrapper(stabilityai/stable-diffusion-xl-base-1.0) dtype=torch.bfloat16
Warning: You are sending unauthenticated requests to the HF Hub. Please set a HF_TOKEN to enable higher rate limits and faster downloads.
Loading pipeline components...:   0%|          | 0/7 [00:00<?, ?it/s]
Loading weights:   0%|          | 0/517 [00:00<?, ?it/s][A
Loading weights:  36%|███▋      | 188/517 [00:00<00:00, 1879.23it/s][A
Loading weights:  92%|█████████▏| 474/517 [00:00<00:00, 2429.32it/s][ALoading weights: 100%|██████████| 517/517 [00:00<00:00, 2425.71it/s]
Loading pipeline components...:  14%|█▍        | 1/7 [00:00<00:02,  2.14it/s]Loading pipeline components...:  57%|█████▋    | 4/7 [00:01<00:00,  3.84it/s]
Loading weights:   0%|          | 0/196 [00:00<?, ?it/s][ALoading weights: 100%|██████████| 196/196 [00:00<00:00, 3974.93it/s]
Loading pipeline components...:  71%|███████▏  | 5/7 [00:01<00:00,  4.44it/s]Loading pipeline components...:  86%|████████▌ | 6/7 [00:02<00:00,  1.67it/s]Loading pipeline components...: 100%|██████████| 7/7 [00:02<00:00,  2.45it/s]
There are modules in UNet2DConditionModel that should be kept in float32: []. Casting directly with `to()` can lead to inconsistent results; set `torch_dtype` in `from_pretrained()` instead to keep these modules in float32.
There are modules in AutoencoderKL that should be kept in float32: []. Casting directly with `to()` can lead to inconsistent results; set `torch_dtype` in `from_pretrained()` instead to keep these modules in float32.
/nfs/home/nelson0314/venvs/wacv/lib/python3.11/site-packages/torchvision/models/_utils.py:207: UserWarning: The parameter 'pretrained' is deprecated since 0.13 and may be removed in the future, please use 'weights' instead.
  warnings.warn(
/nfs/home/nelson0314/venvs/wacv/lib/python3.11/site-packages/torchvision/models/_utils.py:222: UserWarning: Arguments other than a weight enum or `None` for 'weights' are deprecated since 0.13 and may be removed in the future. The current behavior is equivalent to passing `weights=VGG16_Weights.IMAGENET1K_V1`. You can also use `weights=VGG16_Weights.DEFAULT` to get the most up-to-date weights.
  warnings.warn(msg)
[env] 影像 1 張：['cat_02']

[preflight] 以下事項會影響本批的結果，請先處理：
  - tau_acut 仍為 0.04，那是在 τ_lpips=0.05 的量級上由人眼判讀定出的絕對值；本輪訓練在 τ=0.35。需重新判讀後以 --tau-acut 指定（objective.py「門檻的適用範圍」）
  - tau_chroma 仍為 0.8，同上，需重新判讀

  [stop] 監看 shared_mass；約束：fid_pen_lpips, fid_pen_acut, fid_pen_chroma
  [stage default] lr=0.1（lr.N1）上限 250 步
/nfs/home/nelson0314/WACV/src/defense/objective.py:550: UserWarning: Converting a tensor with requires_grad=True to a scalar may lead to unexpected behavior.
Consider using tensor.detach() first. (Triggered internally at /__w/pytorch/pytorch/torch/csrc/autograd/generated/python_variable_methods.cpp:822.)
  "fid_linf_total": float((xd - xr).abs().max()),
  [default] step    0  loss=0.9836  L_def=0.9836  L_fid=0.0000  |g|=3.119e-04
  [default] step   10  loss=0.9835  L_def=0.9835  L_fid=0.0000  |g|=1.897e-04
  [default] step   20  loss=0.9835  L_def=0.9835  L_fid=0.0000  |g|=2.339e-04
  [default] step   30  loss=0.9835  L_def=0.9835  L_fid=0.0000  |g|=1.950e-04
  [default] step   40  loss=0.9835  L_def=0.9835  L_fid=0.0000  |g|=2.070e-04
  [default] step   50  loss=0.9835  L_def=0.9835  L_fid=0.0000  |g|=2.110e-04
  [default] step   60  loss=0.9835  L_def=0.9835  L_fid=0.0000  |g|=3.185e-04
  [default] step   70  loss=0.9834  L_def=0.9834  L_fid=0.0000  |g|=2.605e-04
  [default] step   80  loss=0.9834  L_def=0.9834  L_fid=0.0000  |g|=2.100e-04
  [default] step   90  loss=0.9834  L_def=0.9834  L_fid=0.0000  |g|=2.493e-04
  [default] step  100  loss=0.9834  L_def=0.9834  L_fid=0.0000  |g|=2.301e-04
  [default] step  110  loss=0.9834  L_def=0.9834  L_fid=0.0000  |g|=1.741e-04
  [default] step  120  loss=0.9834  L_def=0.9834  L_fid=0.0000  |g|=2.155e-04
  [default] step  130  loss=0.9833  L_def=0.9833  L_fid=0.0000  |g|=1.630e-04
  [default] step  140  loss=0.9834  L_def=0.9834  L_fid=0.0000  |g|=2.019e-04
  [stop] 階段 default 第 148 步停止：約束已啟動且 shared_mass 在最近 20 步的每步改善 -5.02e-07 低於 2.3e-07
/nfs/home/nelson0314/venvs/wacv/lib/python3.11/site-packages/torchvision/models/_utils.py:207: UserWarning: The parameter 'pretrained' is deprecated since 0.13 and may be removed in the future, please use 'weights' instead.
  warnings.warn(
/nfs/home/nelson0314/venvs/wacv/lib/python3.11/site-packages/torchvision/models/_utils.py:222: UserWarning: Arguments other than a weight enum or `None` for 'weights' are deprecated since 0.13 and may be removed in the future. The current behavior is equivalent to passing `weights=VGG16_Weights.IMAGENET1K_V1`. You can also use `weights=VGG16_Weights.DEFAULT` to get the most up-to-date weights.
  warnings.warn(msg)
  [stop] 監看 edit_shift；約束：fid_pen_lpips, fid_pen_acut, fid_pen_chroma
  [stage default] lr=0.001（lr.N2）上限 250 步
  [default] step    0  loss=0.8300  L_def=0.8300  L_fid=0.0000  |g|=1.621e-01
  [default] step   10  loss=0.8131  L_def=0.8131  L_fid=0.0000  |g|=1.667e-01
  [default] step   20  loss=0.8328  L_def=0.8328  L_fid=0.0000  |g|=9.142e-02
  [default] step   30  loss=0.8291  L_def=0.8291  L_fid=0.0000  |g|=1.189e-01
  [default] step   40  loss=0.8114  L_def=0.8114  L_fid=0.0000  |g|=1.303e-01
  [default] step   50  loss=0.8389  L_def=0.8389  L_fid=0.0000  |g|=2.446e-01
  [default] step   60  loss=0.8286  L_def=0.8286  L_fid=0.0000  |g|=1.127e-01
  [default] step   70  loss=0.8081  L_def=0.8081  L_fid=0.0000  |g|=1.464e-01
  [default] step   80  loss=0.8358  L_def=0.8358  L_fid=0.0000  |g|=8.618e-02
  [default] step   90  loss=0.8285  L_def=0.8285  L_fid=0.0000  |g|=6.730e-02
  [default] step  100  loss=0.8092  L_def=0.8092  L_fid=0.0000  |g|=8.364e-02
  [default] step  110  loss=0.8390  L_def=0.8390  L_fid=0.0000  |g|=9.855e-02
  [default] step  120  loss=0.8286  L_def=0.8286  L_fid=0.0000  |g|=9.794e-02
  [default] step  130  loss=0.8076  L_def=0.8076  L_fid=0.0000  |g|=6.427e-02
  [default] step  140  loss=0.8355  L_def=0.8355  L_fid=0.0000  |g|=7.403e-02
  [default] step  150  loss=0.8273  L_def=0.8273  L_fid=0.0000  |g|=1.135e-01
  [default] step  160  loss=0.8085  L_def=0.8085  L_fid=0.0000  |g|=1.022e-01
  [default] step  170  loss=0.8362  L_def=0.8362  L_fid=0.0000  |g|=8.628e-02
  [default] step  180  loss=0.8286  L_def=0.8286  L_fid=0.0000  |g|=1.834e-01
  [default] step  190  loss=0.8074  L_def=0.8074  L_fid=0.0000  |g|=7.195e-02
  [default] step  200  loss=0.8357  L_def=0.8357  L_fid=0.0000  |g|=1.040e-01
  [default] step  210  loss=0.8275  L_def=0.8275  L_fid=0.0000  |g|=5.343e-02
  [default] step  220  loss=0.8075  L_def=0.8075  L_fid=0.0000  |g|=5.556e-02
  [default] step  230  loss=0.8384  L_def=0.8384  L_fid=0.0000  |g|=1.479e-01
  [default] step  240  loss=0.8269  L_def=0.8269  L_fid=0.0000  |g|=5.566e-02
  [default] step  249  loss=0.8273  L_def=0.8273  L_fid=0.0000  |g|=4.312e-02
  [stop] 階段 default 用盡上限 250 步仍未達停止準則，該格不可用於跨條件比較
  [stop] 監看 edit_shift；約束：fid_pen_lpips, fid_pen_acut, fid_pen_chroma
  [align] group=stage1 lr=0.001（lr.N3_stage1）200 步
  [align] step    0  loss=885.3160  lpips=0.6736  psnr=18.96
  [align] step   10  loss=146.3960  lpips=0.4112  psnr=24.94
  [align] step   20  loss=69.6974  lpips=0.3893  psnr=24.77
  [align] step   30  loss=46.8043  lpips=0.3783  psnr=25.71
  [align] step   40  loss=34.1414  lpips=0.3681  psnr=25.75
  [align] step   50  loss=21.7943  lpips=0.3514  psnr=25.98
  [align] step   60  loss=19.9636  lpips=0.3457  psnr=26.31
  [align] step   70  loss=15.0284  lpips=0.3400  psnr=26.57
  [align] step   80  loss=16.6541  lpips=0.3322  psnr=26.53
  [align] step   90  loss=12.4168  lpips=0.3331  psnr=26.47
  [align] step  100  loss=18.9349  lpips=0.3358  psnr=26.88
  [align] step  110  loss=41.3902  lpips=0.3380  psnr=26.80
  [align] step  120  loss=25.4559  lpips=0.3474  psnr=26.52
  [align] step  130  loss=12.1069  lpips=0.3224  psnr=26.64
  [align] step  140  loss=12.2353  lpips=0.3283  psnr=26.58
  [align] step  150  loss=12.5905  lpips=0.3325  psnr=26.70
  [align] step  160  loss=11.5602  lpips=0.3282  psnr=26.96
  [align] step  170  loss=17.7072  lpips=0.3234  psnr=27.15
  [align] step  180  loss=13.2055  lpips=0.3251  psnr=26.71
  [align] step  190  loss=20.1580  lpips=0.3274  psnr=26.87
  [align] step  199  loss=8.6969  lpips=0.3260  psnr=26.98
  [align] 還原第 184 步的 φ（loss=7.7371）；最後一步為 8.6969
  [stage stage2] lr=0.005（lr.N3_stage2）上限 250 步
  [stage2] step    0  loss=0.0339  L_def=0.0339  L_fid=0.0000  |g|=2.753e-03
  [stage2] step   10  loss=0.0310  L_def=0.0310  L_fid=0.0000  |g|=1.039e-02
  [stage2] step   20  loss=0.0304  L_def=0.0304  L_fid=0.0000  |g|=7.020e-03
  [stop] 階段 stage2 第 24 步停止：約束已啟動且 edit_shift 在最近 20 步的每步改善 +5.00e-05 低於 1.2e-03
  [fail] train/N3/cat_02
  [photoguard_c] step    0  L=4.962551e+02  Linf01=0.0497  L2=1.000
  [photoguard_c] step   10  L=4.973711e+02  Linf01=0.0915  L2=3.326
  [photoguard_c] step   20  L=4.942407e+02  Linf01=0.0948  L2=4.618
  [photoguard_c] step   30  L=4.927424e+02  Linf01=0.1297  L2=5.620
  [photoguard_c] step   40  L=4.952270e+02  Linf01=0.1296  L2=6.473
  [photoguard_c] step   50  L=4.824558e+02  Linf01=0.1290  L2=7.259
  [photoguard_c] step   60  L=4.918828e+02  Linf01=0.1288  L2=7.988
  [photoguard_c] step   70  L=4.881774e+02  Linf01=0.1286  L2=8.683
  [photoguard_c] step   80  L=4.927954e+02  Linf01=0.1283  L2=9.380
  [photoguard_c] step   90  L=4.859876e+02  Linf01=0.1279  L2=10.081
  [photoguard_c] step  100  L=4.962914e+02  Linf01=0.1398  L2=10.678
  [photoguard_c] step  110  L=4.917199e+02  Linf01=0.1447  L2=11.348
  [photoguard_c] step  120  L=4.792811e+02  Linf01=0.1447  L2=11.958
  [photoguard_c] step  130  L=4.842474e+02  Linf01=0.1450  L2=12.602
  [photoguard_c] step  140  L=4.702093e+02  Linf01=0.1451  L2=13.283
  [photoguard_c] step  150  L=4.818392e+02  Linf01=0.1452  L2=13.841
  [photoguard_c] step  160  L=4.778997e+02  Linf01=0.1452  L2=14.454
  [photoguard_c] step  170  L=4.741956e+02  Linf01=0.1453  L2=15.206
  [photoguard_c] step  180  L=4.663612e+02  Linf01=0.1455  L2=15.802
  [photoguard_c] step  190  L=4.723380e+02  Linf01=0.1418  L2=16.000
  [photoguard_c] step  199  L=4.743480e+02  Linf01=0.1486  L2=16.000
/nfs/home/nelson0314/venvs/wacv/lib/python3.11/site-packages/torch/nn/modules/loss.py:630: UserWarning: Using a target size (torch.Size([1, 4, 180, 180])) that is different to the input size (torch.Size([1, 4, 128, 128])). This will likely lead to incorrect results due to broadcasting. Please ensure they have the same size.
  return F.mse_loss(input, target, reduction=self.reduction)
  [fail] train/mist/cat_02
[W806 17:10:25.650501689 CUDACachingAllocator.cpp:508] expandable_segments: memory mapping failed with OOM on device 0 while trying to map 20971520 bytes (free: 15728640, total: 25296044032).
[W806 17:10:25.650563415 CUDACachingAllocator.cpp:508] expandable_segments: memory mapping failed with OOM on device 0 while trying to map 20971520 bytes (free: 15728640, total: 25296044032).
  [fail] train/dia_r/cat_02

[train] done=4 failed=3 skipped=0 resumed=0
[exit 0]
