Warning: You are sending unauthenticated requests to the HF Hub. Please set a HF_TOKEN to enable higher rate limits and faster downloads.
Loading pipeline components...:   0%|          | 0/6 [00:00<?, ?it/s]
Loading weights:   0%|          | 0/196 [00:00<?, ?it/s][ALoading weights: 100%|██████████| 196/196 [00:00<00:00, 3803.23it/s]
Loading pipeline components...:  17%|█▋        | 1/6 [00:00<00:01,  4.25it/s]Loading pipeline components...:  50%|█████     | 3/6 [00:00<00:00,  9.77it/s]Loading pipeline components...: 100%|██████████| 6/6 [00:00<00:00, 16.00it/s]Loading pipeline components...: 100%|██████████| 6/6 [00:00<00:00, 13.06it/s]
There are modules in AutoencoderKL that should be kept in float32: []. Casting directly with `to()` can lead to inconsistent results; set `torch_dtype` in `from_pretrained()` instead to keep these modules in float32.
/nfs/home/nelson0314/venvs/wacv/lib/python3.11/site-packages/torchvision/models/_utils.py:207: UserWarning: The parameter 'pretrained' is deprecated since 0.13 and may be removed in the future, please use 'weights' instead.
  warnings.warn(
/nfs/home/nelson0314/venvs/wacv/lib/python3.11/site-packages/torchvision/models/_utils.py:222: UserWarning: Arguments other than a weight enum or `None` for 'weights' are deprecated since 0.13 and may be removed in the future. The current behavior is equivalent to passing `weights=VGG16_Weights.IMAGENET1K_V1`. You can also use `weights=VGG16_Weights.DEFAULT` to get the most up-to-date weights.
  warnings.warn(msg)
IP2P 線：13 張、條件 ['phase_gain']、steps=100 s_T=7.5 s_I=1.5 seed=20260812
/nfs/home/nelson0314/venvs/wacv/lib/python3.11/site-packages/diffusers/image_processor.py:724: FutureWarning: Passing `image` as torch tensor with value range in [-1,1] is deprecated. The expected value range for image tensor is [0,1] when passing as pytorch tensor or numpy Array. You passed `image` with value range [-1.0,1.0]
  warnings.warn(
Loading weights:   0%|          | 0/398 [00:00<?, ?it/s]Loading weights: 100%|██████████| 398/398 [00:00<00:00, 15947.47it/s]
[transformers] Model config: bos_token_id must be `None` or an integer within the vocabulary (between 0 and 31999), got 49406. This may result in unexpected behavior.
[transformers] Model config: eos_token_id must be `None` or an integer within the vocabulary (between 0 and 31999), got 49407. This may result in unexpected behavior.
Loading weights:   0%|          | 0/408 [00:00<?, ?it/s]Loading weights:  71%|███████▏  | 291/408 [00:00<00:00, 2899.42it/s]Loading weights: 100%|██████████| 408/408 [00:00<00:00, 2846.69it/s]
task_attr_mod_color_11699        phase_gain     r=2.0000 dists=0.0924 lpips=0.3142 effect=0.4571 (185s)
task_attr_mod_color_136767       phase_gain     r=2.0000 dists=0.1725 lpips=0.3740 effect=0.5322 (175s)
task_attr_mod_color_184837       phase_gain     r=2.0000 dists=0.2190 lpips=0.4369 effect=0.6406 (175s)
task_attr_mod_color_32648        phase_gain     r=2.0000 dists=0.0818 lpips=0.4057 effect=0.3289 (175s)
task_attr_mod_color_6205         phase_gain     r=2.0000 dists=0.1257 lpips=0.3155 effect=0.4773 (175s)
task_env_weather_112463          phase_gain     r=2.0000 dists=0.0679 lpips=0.4147 effect=0.7658 (175s)
task_env_weather_246440          phase_gain     r=2.0000 dists=0.1438 lpips=0.4086 effect=0.6192 (175s)
task_env_weather_63722           phase_gain     r=2.0000 dists=0.1093 lpips=0.3798 effect=0.4963 (175s)
task_obj_add_40931               phase_gain     r=2.0000 dists=0.1526 lpips=0.4806 effect=0.5261 (175s)
task_obj_remove_380621           phase_gain     r=2.0000 dists=0.1112 lpips=0.3827 effect=0.6298 (175s)
task_obj_swap_joint_mask_276754  phase_gain     r=2.0000 dists=0.1744 lpips=0.4447 effect=0.6656 (175s)
task_obj_swap_joint_mask_533428  phase_gain     r=2.0000 dists=0.1526 lpips=0.4676 effect=0.5691 (175s)
task_obj_swap_rand_mask_417469   phase_gain     r=2.0000 dists=0.1234 lpips=0.4444 effect=0.6481 (175s)

表：runs/ip2p_lowband_cutoff/rm18_r20/results.csv（13 列）
