Warning: You are sending unauthenticated requests to the HF Hub. Please set a HF_TOKEN to enable higher rate limits and faster downloads.
Loading pipeline components...:   0%|          | 0/6 [00:00<?, ?it/s]Loading pipeline components...:  50%|█████     | 3/6 [00:00<00:00, 23.87it/s]
Loading weights:   0%|          | 0/196 [00:00<?, ?it/s][ALoading weights: 100%|██████████| 196/196 [00:00<00:00, 8248.14it/s]
Loading pipeline components...: 100%|██████████| 6/6 [00:00<00:00, 19.31it/s]Loading pipeline components...: 100%|██████████| 6/6 [00:00<00:00, 19.88it/s]
/work/nelson0314/miniconda3/envs/wacv/lib/python3.11/site-packages/torchvision/models/_utils.py:208: UserWarning: The parameter 'pretrained' is deprecated since 0.13 and may be removed in the future, please use 'weights' instead.
  warnings.warn(
/work/nelson0314/miniconda3/envs/wacv/lib/python3.11/site-packages/torchvision/models/_utils.py:223: UserWarning: Arguments other than a weight enum or `None` for 'weights' are deprecated since 0.13 and may be removed in the future. The current behavior is equivalent to passing `weights=VGG16_Weights.IMAGENET1K_V1`. You can also use `weights=VGG16_Weights.DEFAULT` to get the most up-to-date weights.
  warnings.warn(msg)
[E0c] 6 張影像，k_inv ∈ [0, 5, 10, 20]，t_max ∈ [200, 300, 400, 500, 700, 999]
[E0c] car_00       t_max=   0 k= 0  psnr= 19.96  lpips=0.1609  ssim=0.7998  linf=1.0000
[E0c] car_00       t_max= 200 k= 5  psnr= 19.86  lpips=0.1897  ssim=0.7732  linf=1.0000
[E0c] car_00       t_max= 200 k=10  psnr= 19.98  lpips=0.1720  ssim=0.7907  linf=1.0000
[E0c] car_00       t_max= 200 k=20  psnr= 20.01  lpips=0.1642  ssim=0.7972  linf=1.0000
[E0c] car_00       t_max= 300 k= 5  psnr= 19.63  lpips=0.2189  ssim=0.7343  linf=0.9690
[E0c] car_00       t_max= 300 k=10  psnr= 19.95  lpips=0.1828  ssim=0.7779  linf=1.0000
[E0c] car_00       t_max= 300 k=20  psnr= 20.03  lpips=0.1689  ssim=0.7932  linf=1.0000
[E0c] car_00       t_max= 400 k= 5  psnr= 18.91  lpips=0.2892  ssim=0.6574  linf=0.9717
[E0c] car_00       t_max= 400 k=10  psnr= 19.67  lpips=0.2091  ssim=0.7430  linf=1.0000
[E0c] car_00       t_max= 400 k=20  psnr= 19.86  lpips=0.1812  ssim=0.7768  linf=1.0000
[E0c] car_00       t_max= 500 k= 5  psnr= 17.62  lpips=0.4157  ssim=0.5346  linf=0.9376
[E0c] car_00       t_max= 500 k=10  psnr= 18.72  lpips=0.2819  ssim=0.6797  linf=0.9650
[E0c] car_00       t_max= 500 k=20  psnr= 19.61  lpips=0.2039  ssim=0.7557  linf=1.0000
[E0c] car_00       t_max= 700 k= 5  psnr= 15.41  lpips=0.6335  ssim=0.3464  linf=0.8609
[E0c] car_00       t_max= 700 k=10  psnr= 16.85  lpips=0.4595  ssim=0.4605  linf=0.9339
[E0c] car_00       t_max= 700 k=20  psnr= 19.31  lpips=0.2285  ssim=0.7090  linf=0.9814
[E0c] car_00       t_max= 999 k= 5  psnr= 11.67  lpips=0.8789  ssim=0.1582  linf=0.7860
[E0c] car_00       t_max= 999 k=10  psnr= 12.87  lpips=0.8808  ssim=0.1947  linf=0.7476
[E0c] car_00       t_max= 999 k=20  psnr= 14.31  lpips=0.7126  ssim=0.2743  linf=0.8193
[E0c] car_01       t_max=   0 k= 0  psnr= 22.75  lpips=0.1744  ssim=0.8533  linf=0.9380
[E0c] car_01       t_max= 200 k= 5  psnr= 22.22  lpips=0.2228  ssim=0.8091  linf=0.9317
[E0c] car_01       t_max= 200 k=10  psnr= 22.64  lpips=0.1907  ssim=0.8398  linf=0.9283
[E0c] car_01       t_max= 200 k=20  psnr= 22.77  lpips=0.1786  ssim=0.8501  linf=0.9257
[E0c] car_01       t_max= 300 k= 5  psnr= 21.49  lpips=0.2696  ssim=0.7538  linf=0.9366
[E0c] car_01       t_max= 300 k=10  psnr= 22.39  lpips=0.2104  ssim=0.8183  linf=0.9290
[E0c] car_01       t_max= 300 k=20  psnr= 22.72  lpips=0.1850  ssim=0.8438  linf=0.9279
[E0c] car_01       t_max= 400 k= 5  psnr= 20.34  lpips=0.3363  ssim=0.6751  linf=0.9114
[E0c] car_01       t_max= 400 k=10  psnr= 21.93  lpips=0.2371  ssim=0.7856  linf=0.9234
[E0c] car_01       t_max= 400 k=20  psnr= 22.59  lpips=0.1952  ssim=0.8326  linf=0.9267
[E0c] car_01       t_max= 500 k= 5  psnr= 18.29  lpips=0.4621  ssim=0.5372  linf=0.8940
[E0c] car_01       t_max= 500 k=10  psnr= 20.65  lpips=0.2937  ssim=0.7250  linf=0.9388
[E0c] car_01       t_max= 500 k=20  psnr= 22.28  lpips=0.2100  ssim=0.8171  linf=0.9298
[E0c] car_01       t_max= 700 k= 5  psnr= 15.40  lpips=0.7278  ssim=0.2784  linf=0.8636
[E0c] car_01       t_max= 700 k=10  psnr= 16.04  lpips=0.6545  ssim=0.3332  linf=0.8600
[E0c] car_01       t_max= 700 k=20  psnr= 18.96  lpips=0.3471  ssim=0.6545  linf=0.9542
[E0c] car_01       t_max= 999 k= 5  psnr= 13.81  lpips=0.7596  ssim=0.2172  linf=0.8044
[E0c] car_01       t_max= 999 k=10  psnr= 15.05  lpips=0.7057  ssim=0.2663  linf=0.8379
[E0c] car_01       t_max= 999 k=20  psnr= 16.09  lpips=0.6136  ssim=0.3563  linf=0.8764
[E0c] dog_00       t_max=   0 k= 0  psnr= 30.69  lpips=0.1440  ssim=0.9317  linf=0.4225
[E0c] dog_00       t_max= 200 k= 5  psnr= 29.43  lpips=0.2071  ssim=0.9022  linf=0.4576
[E0c] dog_00       t_max= 200 k=10  psnr= 30.31  lpips=0.1719  ssim=0.9231  linf=0.4728
[E0c] dog_00       t_max= 200 k=20  psnr= 30.66  lpips=0.1533  ssim=0.9304  linf=0.4585
[E0c] dog_00       t_max= 300 k= 5  psnr= 28.24  lpips=0.2495  ssim=0.8670  linf=0.4767
[E0c] dog_00       t_max= 300 k=10  psnr= 29.72  lpips=0.1941  ssim=0.9090  linf=0.4489
[E0c] dog_00       t_max= 300 k=20  psnr= 30.46  lpips=0.1640  ssim=0.9260  linf=0.4601
[E0c] dog_00       t_max= 400 k= 5  psnr= 27.05  lpips=0.2906  ssim=0.8251  linf=0.4605
[E0c] dog_00       t_max= 400 k=10  psnr= 28.95  lpips=0.2199  ssim=0.8885  linf=0.4583
[E0c] dog_00       t_max= 400 k=20  psnr= 30.14  lpips=0.1765  ssim=0.9187  linf=0.4531
[E0c] dog_00       t_max= 500 k= 5  psnr= 26.09  lpips=0.3317  ssim=0.7817  linf=0.4870
[E0c] dog_00       t_max= 500 k=10  psnr= 28.24  lpips=0.2444  ssim=0.8643  linf=0.4641
[E0c] dog_00       t_max= 500 k=20  psnr= 29.75  lpips=0.1892  ssim=0.9088  linf=0.4431
[E0c] dog_00       t_max= 700 k= 5  psnr= 19.56  lpips=0.5946  ssim=0.4495  linf=0.6776
[E0c] dog_00       t_max= 700 k=10  psnr= 22.28  lpips=0.4170  ssim=0.6084  linf=0.5880
[E0c] dog_00       t_max= 700 k=20  psnr= 26.41  lpips=0.2411  ssim=0.8214  linf=0.4282
[E0c] dog_00       t_max= 999 k= 5  psnr= 16.25  lpips=0.6792  ssim=0.3349  linf=0.7731
[E0c] dog_00       t_max= 999 k=10  psnr= 18.99  lpips=0.6705  ssim=0.3825  linf=0.6771
[E0c] dog_00       t_max= 999 k=20  psnr= 24.74  lpips=0.2872  ssim=0.7499  linf=0.5078
[E0c] dog_01       t_max=   0 k= 0  psnr= 28.48  lpips=0.1563  ssim=0.9089  linf=0.7889
[E0c] dog_01       t_max= 200 k= 5  psnr= 27.57  lpips=0.2193  ssim=0.8726  linf=0.7970
[E0c] dog_01       t_max= 200 k=10  psnr= 28.28  lpips=0.1804  ssim=0.8979  linf=0.8250
[E0c] dog_01       t_max= 200 k=20  psnr= 28.49  lpips=0.1634  ssim=0.9060  linf=0.8155
[E0c] dog_01       t_max= 300 k= 5  psnr= 26.20  lpips=0.2817  ssim=0.8186  linf=0.7517
[E0c] dog_01       t_max= 300 k=10  psnr= 27.77  lpips=0.2076  ssim=0.8797  linf=0.8127
[E0c] dog_01       t_max= 300 k=20  psnr= 28.37  lpips=0.1736  ssim=0.9006  linf=0.8249
[E0c] dog_01       t_max= 400 k= 5  psnr= 24.53  lpips=0.3832  ssim=0.7416  linf=0.7668
[E0c] dog_01       t_max= 400 k=10  psnr= 26.93  lpips=0.2415  ssim=0.8493  linf=0.7801
[E0c] dog_01       t_max= 400 k=20  psnr= 28.10  lpips=0.1869  ssim=0.8911  linf=0.8022
[E0c] dog_01       t_max= 500 k= 5  psnr= 23.04  lpips=0.5198  ssim=0.6593  linf=0.8221
[E0c] dog_01       t_max= 500 k=10  psnr= 25.81  lpips=0.2938  ssim=0.8047  linf=0.8171
[E0c] dog_01       t_max= 500 k=20  psnr= 27.55  lpips=0.2103  ssim=0.8727  linf=0.7468
[E0c] dog_01       t_max= 700 k= 5  psnr= 20.10  lpips=0.5998  ssim=0.5522  linf=0.8337
[E0c] dog_01       t_max= 700 k=10  psnr= 21.96  lpips=0.5604  ssim=0.6288  linf=0.8336
[E0c] dog_01       t_max= 700 k=20  psnr= 25.68  lpips=0.3142  ssim=0.8209  linf=0.7843
[E0c] dog_01       t_max= 999 k= 5  psnr= 16.46  lpips=0.6534  ssim=0.4546  linf=0.8741
[E0c] dog_01       t_max= 999 k=10  psnr= 18.11  lpips=0.6196  ssim=0.5051  linf=0.8645
[E0c] dog_01       t_max= 999 k=20  psnr= 20.20  lpips=0.5628  ssim=0.5880  linf=0.8366
[E0c] person_00    t_max=   0 k= 0  psnr= 33.34  lpips=0.0984  ssim=0.9584  linf=0.3915
[E0c] person_00    t_max= 200 k= 5  psnr= 31.25  lpips=0.1716  ssim=0.9356  linf=0.3831
[E0c] person_00    t_max= 200 k=10  psnr= 32.56  lpips=0.1299  ssim=0.9519  linf=0.3827
[E0c] person_00    t_max= 200 k=20  psnr= 33.13  lpips=0.1099  ssim=0.9573  linf=0.3926
[E0c] person_00    t_max= 300 k= 5  psnr= 29.32  lpips=0.2259  ssim=0.9009  linf=0.3760
[E0c] person_00    t_max= 300 k=10  psnr= 31.52  lpips=0.1596  ssim=0.9391  linf=0.3816
[E0c] person_00    t_max= 300 k=20  psnr= 32.72  lpips=0.1227  ssim=0.9534  linf=0.3896
[E0c] person_00    t_max= 400 k= 5  psnr= 27.25  lpips=0.2808  ssim=0.8510  linf=0.3901
[E0c] person_00    t_max= 400 k=10  psnr= 30.25  lpips=0.1890  ssim=0.9207  linf=0.3823
[E0c] person_00    t_max= 400 k=20  psnr= 32.13  lpips=0.1367  ssim=0.9474  linf=0.3860
[E0c] person_00    t_max= 500 k= 5  psnr= 24.70  lpips=0.3571  ssim=0.7659  linf=0.4358
[E0c] person_00    t_max= 500 k=10  psnr= 28.24  lpips=0.2314  ssim=0.8860  linf=0.3767
[E0c] person_00    t_max= 500 k=20  psnr= 31.01  lpips=0.1574  ssim=0.9361  linf=0.3814
[E0c] person_00    t_max= 700 k= 5  psnr= 19.59  lpips=0.6013  ssim=0.5229  linf=0.6824
[E0c] person_00    t_max= 700 k=10  psnr= 22.58  lpips=0.4400  ssim=0.6983  linf=0.6080
[E0c] person_00    t_max= 700 k=20  psnr= 27.43  lpips=0.2195  ssim=0.8806  linf=0.3956
[E0c] person_00    t_max= 999 k= 5  psnr= 14.17  lpips=0.7700  ssim=0.3581  linf=0.8169
[E0c] person_00    t_max= 999 k=10  psnr= 18.48  lpips=0.6428  ssim=0.4972  linf=0.7014
[E0c] person_00    t_max= 999 k=20  psnr= 22.57  lpips=0.3942  ssim=0.7391  linf=0.6106
[E0c] person_01    t_max=   0 k= 0  psnr= 29.86  lpips=0.1264  ssim=0.9256  linf=0.7019
[E0c] person_01    t_max= 200 k= 5  psnr= 29.22  lpips=0.1976  ssim=0.9115  linf=0.7169
[E0c] person_01    t_max= 200 k=10  psnr= 29.70  lpips=0.1564  ssim=0.9230  linf=0.7115
[E0c] person_01    t_max= 200 k=20  psnr= 29.86  lpips=0.1368  ssim=0.9265  linf=0.7112
[E0c] person_01    t_max= 300 k= 5  psnr= 28.33  lpips=0.2575  ssim=0.8858  linf=0.7304
[E0c] person_01    t_max= 300 k=10  psnr= 29.34  lpips=0.1875  ssim=0.9136  linf=0.7104
[E0c] person_01    t_max= 300 k=20  psnr= 29.76  lpips=0.1490  ssim=0.9239  linf=0.7076
[E0c] person_01    t_max= 400 k= 5  psnr= 27.20  lpips=0.3081  ssim=0.8538  linf=0.7059
[E0c] person_01    t_max= 400 k=10  psnr= 28.68  lpips=0.2275  ssim=0.8958  linf=0.7069
[E0c] person_01    t_max= 400 k=20  psnr= 29.48  lpips=0.1741  ssim=0.9159  linf=0.7074
[E0c] person_01    t_max= 500 k= 5  psnr= 25.48  lpips=0.3803  ssim=0.8058  linf=0.6878
[E0c] person_01    t_max= 500 k=10  psnr= 28.01  lpips=0.2588  ssim=0.8775  linf=0.6998
[E0c] person_01    t_max= 500 k=20  psnr= 29.19  lpips=0.1918  ssim=0.9088  linf=0.7103
[E0c] person_01    t_max= 700 k= 5  psnr= 21.27  lpips=0.5874  ssim=0.6797  linf=0.9442
[E0c] person_01    t_max= 700 k=10  psnr= 23.39  lpips=0.5085  ssim=0.7586  linf=0.9135
[E0c] person_01    t_max= 700 k=20  psnr= 26.27  lpips=0.2830  ssim=0.8605  linf=0.7505
[E0c] person_01    t_max= 999 k= 5  psnr= 17.88  lpips=0.6863  ssim=0.6044  linf=0.9388
[E0c] person_01    t_max= 999 k=10  psnr= 17.74  lpips=0.6649  ssim=0.5911  linf=0.8893
[E0c] person_01    t_max= 999 k=20  psnr= 20.70  lpips=0.6038  ssim=0.6742  linf=0.9614

[E0c] 各 (t_max, k_inv) 的平均（n = 6 張）
 t_max  k_inv     PSNR    LPIPS     SSIM     Linf
     0      0    27.51   0.1434   0.8963   0.7071
   200      5    26.59   0.2014   0.8674   0.7144
   200     10    27.24   0.1669   0.8877   0.7200
   200     20    27.49   0.1511   0.8946   0.7173
   300      5    25.53   0.2505   0.8268   0.7067
   300     10    26.78   0.1903   0.8729   0.7138
   300     20    27.34   0.1606   0.8902   0.7184
   400      5    24.21   0.3147   0.7673   0.7011
   400     10    26.07   0.2207   0.8471   0.7085
   400     20    27.05   0.1751   0.8804   0.7126
   500      5    22.53   0.4111   0.6808   0.7107
   500     10    24.95   0.2673   0.8062   0.7102
   500     20    26.56   0.1938   0.8665   0.7019
   700      5    18.56   0.6241   0.4715   0.8104
   700     10    20.52   0.5067   0.5813   0.7895
   700     20    24.01   0.2722   0.7912   0.7157
   999      5    15.04   0.7379   0.3546   0.8322
   999     10    16.87   0.6974   0.4062   0.7863
   999     20    19.77   0.5290   0.5636   0.7687

[E0c] 寫入 runs/e0c_tmax/recon_floor.csv
