[run] device=cuda sites=['S'] ranks=[32] steps=25
Loading pipeline components...:   0%|          | 0/6 [00:00<?, ?it/s]
Loading weights:   0%|          | 0/196 [00:00<?, ?it/s][A
Loading weights:  31%|███       | 60/196 [00:00<00:00, 599.57it/s][ALoading weights: 100%|██████████| 196/196 [00:00<00:00, 1126.48it/s]
Loading pipeline components...:  17%|█▋        | 1/6 [00:00<00:01,  3.56it/s]Loading pipeline components...:  33%|███▎      | 2/6 [00:00<00:02,  1.88it/s]Loading pipeline components...:  67%|██████▋   | 4/6 [00:01<00:00,  3.83it/s]Loading pipeline components...: 100%|██████████| 6/6 [00:01<00:00,  4.69it/s]
/work/nelson0314/miniconda3/envs/wacv/lib/python3.11/site-packages/torchvision/models/_utils.py:208: UserWarning: The parameter 'pretrained' is deprecated since 0.13 and may be removed in the future, please use 'weights' instead.
  warnings.warn(
/work/nelson0314/miniconda3/envs/wacv/lib/python3.11/site-packages/torchvision/models/_utils.py:223: UserWarning: Arguments other than a weight enum or `None` for 'weights' are deprecated since 0.13 and may be removed in the future. The current behavior is equivalent to passing `weights=VGG16_Weights.IMAGENET1K_V1`. You can also use `weights=VGG16_Weights.DEFAULT` to get the most up-to-date weights.
  warnings.warn(msg)
[run] 影像 6 張：['car_00', 'car_01', 'dog_00', 'dog_01', 'person_00', 'person_01']
[run] 訓練期淨化集 ['identity', 'blur', 'jpeg']

[run] car_00__S__r32  prompt='a wrecked car after an accident'
  step    0  loss=0.5000  L_def=0.5000  L_fid=0.0000  shift=0.0000  psnr=116.81  linf=0.0000  |g|=7.544e-05
  step   10  loss=0.1548  L_def=0.1091  L_fid=0.0457  shift=0.3909  psnr=28.75  linf=0.5254  |g|=1.199e-02
  step   20  loss=0.2818  L_def=0.2259  L_fid=0.0559  shift=0.2741  psnr=27.65  linf=0.6133  |g|=4.023e-02
  step   24  loss=0.2633  L_def=0.2081  L_fid=0.0551  shift=0.2919  psnr=27.85  linf=0.6315  |g|=2.347e-02
[run] car_00__S__r32 完成 98s peak=10146MB shift=0.2919 psnr=27.85 eff_rank=512.0
Warning: You are sending unauthenticated requests to the HF Hub. Please set a HF_TOKEN to enable higher rate limits and faster downloads.
Loading weights:   0%|          | 0/398 [00:00<?, ?it/s]Loading weights: 100%|██████████| 398/398 [00:00<00:00, 30047.75it/s]
[transformers] Model config: bos_token_id must be `None` or an integer within the vocabulary (between 0 and 31999), got 49406. This may result in unexpected behavior.
[transformers] Model config: eos_token_id must be `None` or an integer within the vocabulary (between 0 and 31999), got 49407. This may result in unexpected behavior.
Loading weights:   0%|          | 0/408 [00:00<?, ?it/s]Loading weights:  13%|█▎        | 52/408 [00:00<00:00, 509.38it/s]Loading weights:  26%|██▌       | 106/408 [00:00<00:00, 525.10it/s]Loading weights:  39%|███▉      | 161/408 [00:00<00:00, 532.41it/s]Loading weights: 100%|██████████| 408/408 [00:00<00:00, 1119.56it/s]

[run] car_01__S__r32  prompt='a wrecked car after an accident'
/work/nelson0314/miniconda3/envs/wacv/lib/python3.11/site-packages/torchvision/models/_utils.py:208: UserWarning: The parameter 'pretrained' is deprecated since 0.13 and may be removed in the future, please use 'weights' instead.
  warnings.warn(
/work/nelson0314/miniconda3/envs/wacv/lib/python3.11/site-packages/torchvision/models/_utils.py:223: UserWarning: Arguments other than a weight enum or `None` for 'weights' are deprecated since 0.13 and may be removed in the future. The current behavior is equivalent to passing `weights=VGG16_Weights.IMAGENET1K_V1`. You can also use `weights=VGG16_Weights.DEFAULT` to get the most up-to-date weights.
  warnings.warn(msg)
  step    0  loss=0.5000  L_def=0.5000  L_fid=0.0000  shift=0.0000  psnr=118.25  linf=0.0000  |g|=5.122e-05
  step   10  loss=0.1817  L_def=0.1313  L_fid=0.0504  shift=0.3687  psnr=30.18  linf=0.5268  |g|=1.702e-02
  step   20  loss=0.2454  L_def=0.1810  L_fid=0.0644  shift=0.3190  psnr=28.67  linf=0.7022  |g|=6.271e-02
  step   24  loss=0.2393  L_def=0.1736  L_fid=0.0658  shift=0.3264  psnr=28.59  linf=0.7007  |g|=2.027e-02
[run] car_01__S__r32 完成 98s peak=11507MB shift=0.3264 psnr=28.59 eff_rank=512.0

[run] dog_00__S__r32  prompt='a cat sitting on the grass'
  step    0  loss=0.5000  L_def=0.5000  L_fid=0.0000  shift=0.0000  psnr=120.00  linf=0.0000  |g|=2.309e-05
  step   10  loss=0.2042  L_def=0.1644  L_fid=0.0398  shift=0.3356  psnr=38.85  linf=0.4365  |g|=7.608e-03
  step   20  loss=0.2957  L_def=0.2299  L_fid=0.0659  shift=0.2701  psnr=35.66  linf=0.6175  |g|=3.673e-02
  step   24  loss=0.3448  L_def=0.2751  L_fid=0.0697  shift=0.2249  psnr=35.28  linf=0.6495  |g|=5.923e-02
[run] dog_00__S__r32 完成 98s peak=11505MB shift=0.2249 psnr=35.28 eff_rank=512.0

[run] dog_01__S__r32  prompt='a cat sitting on the grass'
  step    0  loss=0.5000  L_def=0.5000  L_fid=0.0000  shift=0.0000  psnr=120.00  linf=0.0000  |g|=1.519e-05
  step   10  loss=0.1669  L_def=0.1270  L_fid=0.0398  shift=0.3730  psnr=37.42  linf=0.2427  |g|=1.142e-02
  step   20  loss=0.2527  L_def=0.1971  L_fid=0.0556  shift=0.3029  psnr=35.19  linf=0.3646  |g|=3.173e-02
  step   24  loss=0.2710  L_def=0.2152  L_fid=0.0558  shift=0.2848  psnr=34.82  linf=0.4328  |g|=1.470e-02
[run] dog_01__S__r32 完成 98s peak=11507MB shift=0.2848 psnr=34.82 eff_rank=512.0

[run] person_00__S__r32  prompt='an elderly person with gray hair'
  step    0  loss=0.5000  L_def=0.5000  L_fid=0.0000  shift=0.0000  psnr=120.00  linf=0.0000  |g|=4.900e-06
  step   10  loss=0.2314  L_def=0.1935  L_fid=0.0378  shift=0.3065  psnr=38.52  linf=0.3989  |g|=6.720e-03
  step   20  loss=0.3078  L_def=0.2569  L_fid=0.0509  shift=0.2431  psnr=35.67  linf=0.5399  |g|=1.570e-02
  step   24  loss=0.3022  L_def=0.2499  L_fid=0.0523  shift=0.2501  psnr=35.20  linf=0.5506  |g|=9.719e-03
[run] person_00__S__r32 完成 98s peak=11507MB shift=0.2501 psnr=35.20 eff_rank=512.0

[run] person_01__S__r32  prompt='an elderly person with gray hair'
  step    0  loss=0.5000  L_def=0.5000  L_fid=0.0000  shift=0.0000  psnr=120.00  linf=0.0000  |g|=3.600e-05
  step   10  loss=0.1531  L_def=0.1164  L_fid=0.0366  shift=0.3836  psnr=38.56  linf=0.3446  |g|=9.914e-03
  step   20  loss=0.2559  L_def=0.2109  L_fid=0.0450  shift=0.2891  psnr=36.30  linf=0.5320  |g|=3.466e-02
  step   24  loss=0.2673  L_def=0.2215  L_fid=0.0458  shift=0.2785  psnr=35.54  linf=0.6197  |g|=1.847e-02
[run] person_01__S__r32 完成 98s peak=11507MB shift=0.2785 psnr=35.54 eff_rank=512.0

[run] 全部完成，共 6 格，954s
