Warning: You are sending unauthenticated requests to the HF Hub. Please set a HF_TOKEN to enable higher rate limits and faster downloads.
[run] device=cuda sites=['S'] ranks=[32] steps=25
Loading pipeline components...:   0%|          | 0/6 [00:00<?, ?it/s]
Loading weights:   0%|          | 0/196 [00:00<?, ?it/s][A
Loading weights:  32%|███▏      | 63/196 [00:00<00:00, 619.84it/s][ALoading weights: 100%|██████████| 196/196 [00:00<00:00, 1088.46it/s]
Loading pipeline components...:  33%|███▎      | 2/6 [00:00<00:00,  5.41it/s]Loading pipeline components...:  67%|██████▋   | 4/6 [00:00<00:00,  7.38it/s]Loading pipeline components...: 100%|██████████| 6/6 [00:01<00:00,  4.05it/s]Loading pipeline components...: 100%|██████████| 6/6 [00:01<00:00,  4.51it/s]
/work/nelson0314/miniconda3/envs/wacv/lib/python3.11/site-packages/torchvision/models/_utils.py:208: UserWarning: The parameter 'pretrained' is deprecated since 0.13 and may be removed in the future, please use 'weights' instead.
  warnings.warn(
/work/nelson0314/miniconda3/envs/wacv/lib/python3.11/site-packages/torchvision/models/_utils.py:223: UserWarning: Arguments other than a weight enum or `None` for 'weights' are deprecated since 0.13 and may be removed in the future. The current behavior is equivalent to passing `weights=VGG16_Weights.IMAGENET1K_V1`. You can also use `weights=VGG16_Weights.DEFAULT` to get the most up-to-date weights.
  warnings.warn(msg)
[run] 影像 6 張：['car_00', 'car_01', 'dog_00', 'dog_01', 'person_00', 'person_01']
[run] 訓練期淨化集 ['identity', 'blur', 'jpeg']

[run] car_00__S__r32  prompt='a wrecked car after an accident'
  step    0  loss=0.5000  L_def=0.5000  L_fid=0.0000  shift=0.0000  psnr=116.81  linf=0.0000  |g|=7.544e-05
  step   10  loss=0.1535  L_def=0.1095  L_fid=0.0440  shift=0.3905  psnr=28.89  linf=0.5087  |g|=1.342e-02
  step   20  loss=0.2882  L_def=0.2277  L_fid=0.0605  shift=0.2723  psnr=27.25  linf=0.6483  |g|=1.047e-01
  step   24  loss=0.2725  L_def=0.2103  L_fid=0.0622  shift=0.2897  psnr=27.15  linf=0.6522  |g|=3.930e-02
[run] car_00__S__r32 完成 98s peak=10146MB shift=0.2897 psnr=27.15 eff_rank=512.0
Loading weights:   0%|          | 0/398 [00:00<?, ?it/s]Loading weights: 100%|██████████| 398/398 [00:00<00:00, 31053.89it/s]
[transformers] Model config: bos_token_id must be `None` or an integer within the vocabulary (between 0 and 31999), got 49406. This may result in unexpected behavior.
[transformers] Model config: eos_token_id must be `None` or an integer within the vocabulary (between 0 and 31999), got 49407. This may result in unexpected behavior.
Loading weights:   0%|          | 0/408 [00:00<?, ?it/s]Loading weights:   9%|▊         | 35/408 [00:00<00:01, 337.77it/s]Loading weights:  22%|██▏       | 91/408 [00:00<00:00, 463.42it/s]Loading weights:  35%|███▍      | 141/408 [00:00<00:00, 477.39it/s]Loading weights: 100%|██████████| 408/408 [00:00<00:00, 1099.26it/s]

[run] car_01__S__r32  prompt='a wrecked car after an accident'
/work/nelson0314/miniconda3/envs/wacv/lib/python3.11/site-packages/torchvision/models/_utils.py:208: UserWarning: The parameter 'pretrained' is deprecated since 0.13 and may be removed in the future, please use 'weights' instead.
  warnings.warn(
/work/nelson0314/miniconda3/envs/wacv/lib/python3.11/site-packages/torchvision/models/_utils.py:223: UserWarning: Arguments other than a weight enum or `None` for 'weights' are deprecated since 0.13 and may be removed in the future. The current behavior is equivalent to passing `weights=VGG16_Weights.IMAGENET1K_V1`. You can also use `weights=VGG16_Weights.DEFAULT` to get the most up-to-date weights.
  warnings.warn(msg)
  step    0  loss=0.5000  L_def=0.5000  L_fid=0.0000  shift=0.0000  psnr=118.25  linf=0.0000  |g|=5.122e-05
  step   10  loss=0.1820  L_def=0.1304  L_fid=0.0516  shift=0.3696  psnr=30.46  linf=0.5109  |g|=1.300e-02
  step   20  loss=0.2453  L_def=0.1693  L_fid=0.0760  shift=0.3307  psnr=27.90  linf=0.6517  |g|=2.422e-02
  step   24  loss=0.2306  L_def=0.1538  L_fid=0.0769  shift=0.3462  psnr=27.80  linf=0.6636  |g|=1.549e-02
[run] car_01__S__r32 完成 98s peak=11507MB shift=0.3462 psnr=27.80 eff_rank=512.0

[run] dog_00__S__r32  prompt='a cat sitting on the grass'
  step    0  loss=0.5000  L_def=0.5000  L_fid=0.0000  shift=0.0000  psnr=120.00  linf=0.0000  |g|=2.309e-05
  step   10  loss=0.2070  L_def=0.1686  L_fid=0.0385  shift=0.3314  psnr=38.94  linf=0.4273  |g|=9.369e-03
  step   20  loss=0.2874  L_def=0.2280  L_fid=0.0595  shift=0.2720  psnr=35.89  linf=0.6280  |g|=2.037e-02
  step   24  loss=0.3195  L_def=0.2669  L_fid=0.0527  shift=0.2331  psnr=36.10  linf=0.6103  |g|=4.206e-02
[run] dog_00__S__r32 完成 98s peak=11505MB shift=0.2331 psnr=36.10 eff_rank=512.0

[run] dog_01__S__r32  prompt='a cat sitting on the grass'
  step    0  loss=0.5000  L_def=0.5000  L_fid=0.0000  shift=0.0000  psnr=120.00  linf=0.0000  |g|=1.519e-05
  step   10  loss=0.1690  L_def=0.1291  L_fid=0.0398  shift=0.3709  psnr=37.37  linf=0.2261  |g|=1.352e-02
  step   20  loss=0.2580  L_def=0.2033  L_fid=0.0548  shift=0.2967  psnr=35.22  linf=0.3706  |g|=2.329e-02
  step   24  loss=0.2669  L_def=0.2119  L_fid=0.0550  shift=0.2881  psnr=34.88  linf=0.3769  |g|=1.511e-02
[run] dog_01__S__r32 完成 98s peak=11507MB shift=0.2881 psnr=34.88 eff_rank=512.0

[run] person_00__S__r32  prompt='an elderly person with gray hair'
  step    0  loss=0.5000  L_def=0.5000  L_fid=0.0000  shift=0.0000  psnr=120.00  linf=0.0000  |g|=4.900e-06
  step   10  loss=0.2315  L_def=0.1935  L_fid=0.0380  shift=0.3065  psnr=38.49  linf=0.4007  |g|=7.038e-03
  step   20  loss=0.3080  L_def=0.2573  L_fid=0.0507  shift=0.2427  psnr=35.71  linf=0.5402  |g|=1.570e-02
  step   24  loss=0.3013  L_def=0.2486  L_fid=0.0527  shift=0.2514  psnr=35.17  linf=0.5525  |g|=1.410e-02
[run] person_00__S__r32 完成 98s peak=11507MB shift=0.2514 psnr=35.17 eff_rank=512.0

[run] person_01__S__r32  prompt='an elderly person with gray hair'
  step    0  loss=0.5000  L_def=0.5000  L_fid=0.0000  shift=0.0000  psnr=120.00  linf=0.0000  |g|=3.600e-05
  step   10  loss=0.1552  L_def=0.1175  L_fid=0.0377  shift=0.3825  psnr=38.19  linf=0.2874  |g|=1.269e-02
  step   20  loss=0.2603  L_def=0.2120  L_fid=0.0482  shift=0.2880  psnr=35.89  linf=0.4946  |g|=2.220e-02
  step   24  loss=0.2603  L_def=0.2121  L_fid=0.0482  shift=0.2879  psnr=35.55  linf=0.5367  |g|=3.073e-02
[run] person_01__S__r32 完成 98s peak=11507MB shift=0.2879 psnr=35.55 eff_rank=512.0

[run] 全部完成，共 6 格，1024s
