Warning: You are sending unauthenticated requests to the HF Hub. Please set a HF_TOKEN to enable higher rate limits and faster downloads.
[run] device=cuda sites=['S'] ranks=[32] steps=25
Loading pipeline components...:   0%|          | 0/6 [00:00<?, ?it/s]
Loading weights:   0%|          | 0/196 [00:00<?, ?it/s][A
Loading weights:  17%|█▋        | 34/196 [00:00<00:00, 323.44it/s][ALoading weights: 100%|██████████| 196/196 [00:00<00:00, 1078.41it/s]
Loading pipeline components...:  33%|███▎      | 2/6 [00:00<00:00,  6.64it/s]Loading pipeline components...:  50%|█████     | 3/6 [00:00<00:01,  2.67it/s]Loading pipeline components...:  83%|████████▎ | 5/6 [00:01<00:00,  5.01it/s]Loading pipeline components...: 100%|██████████| 6/6 [00:01<00:00,  4.74it/s]
/work/nelson0314/miniconda3/envs/wacv/lib/python3.11/site-packages/torchvision/models/_utils.py:208: UserWarning: The parameter 'pretrained' is deprecated since 0.13 and may be removed in the future, please use 'weights' instead.
  warnings.warn(
/work/nelson0314/miniconda3/envs/wacv/lib/python3.11/site-packages/torchvision/models/_utils.py:223: UserWarning: Arguments other than a weight enum or `None` for 'weights' are deprecated since 0.13 and may be removed in the future. The current behavior is equivalent to passing `weights=VGG16_Weights.IMAGENET1K_V1`. You can also use `weights=VGG16_Weights.DEFAULT` to get the most up-to-date weights.
  warnings.warn(msg)
[run] 影像 6 張：['car_00', 'car_01', 'dog_00', 'dog_01', 'person_00', 'person_01']
[run] 訓練期淨化集 ['identity', 'blur', 'jpeg']

[run] car_00__S__r32  prompt='a wrecked car after an accident'
  step    0  loss=0.5000  L_def=0.5000  L_fid=0.0000  shift=0.0000  psnr=116.81  linf=0.0000  |g|=7.544e-05
  step   10  loss=0.1568  L_def=0.1117  L_fid=0.0451  shift=0.3883  psnr=28.67  linf=0.5017  |g|=2.537e-02
  step   20  loss=0.2873  L_def=0.2299  L_fid=0.0574  shift=0.2701  psnr=27.48  linf=0.6312  |g|=7.708e-02
  step   24  loss=0.2777  L_def=0.2209  L_fid=0.0569  shift=0.2791  psnr=27.48  linf=0.6697  |g|=3.098e-02
[run] car_00__S__r32 完成 99s peak=10146MB shift=0.2791 psnr=27.48 eff_rank=512.0
Loading weights:   0%|          | 0/398 [00:00<?, ?it/s]Loading weights: 100%|██████████| 398/398 [00:00<00:00, 30298.07it/s]
[transformers] Model config: bos_token_id must be `None` or an integer within the vocabulary (between 0 and 31999), got 49406. This may result in unexpected behavior.
[transformers] Model config: eos_token_id must be `None` or an integer within the vocabulary (between 0 and 31999), got 49407. This may result in unexpected behavior.
Loading weights:   0%|          | 0/408 [00:00<?, ?it/s]Loading weights:  13%|█▎        | 54/408 [00:00<00:00, 514.82it/s]Loading weights:  31%|███       | 125/408 [00:00<00:00, 627.20it/s]Loading weights:  48%|████▊     | 194/408 [00:00<00:00, 630.68it/s]Loading weights: 100%|██████████| 408/408 [00:00<00:00, 1217.63it/s]

[run] car_01__S__r32  prompt='a wrecked car after an accident'
/work/nelson0314/miniconda3/envs/wacv/lib/python3.11/site-packages/torchvision/models/_utils.py:208: UserWarning: The parameter 'pretrained' is deprecated since 0.13 and may be removed in the future, please use 'weights' instead.
  warnings.warn(
/work/nelson0314/miniconda3/envs/wacv/lib/python3.11/site-packages/torchvision/models/_utils.py:223: UserWarning: Arguments other than a weight enum or `None` for 'weights' are deprecated since 0.13 and may be removed in the future. The current behavior is equivalent to passing `weights=VGG16_Weights.IMAGENET1K_V1`. You can also use `weights=VGG16_Weights.DEFAULT` to get the most up-to-date weights.
  warnings.warn(msg)
  step    0  loss=0.5000  L_def=0.5000  L_fid=0.0000  shift=0.0000  psnr=118.25  linf=0.0000  |g|=5.122e-05
  step   10  loss=0.1825  L_def=0.1287  L_fid=0.0537  shift=0.3713  psnr=29.83  linf=0.5467  |g|=1.776e-02
  step   20  loss=0.2628  L_def=0.1894  L_fid=0.0734  shift=0.3106  psnr=27.92  linf=0.6397  |g|=2.540e-02
  step   24  loss=0.2610  L_def=0.1855  L_fid=0.0756  shift=0.3145  psnr=27.76  linf=0.7213  |g|=3.351e-02
[run] car_01__S__r32 完成 98s peak=11507MB shift=0.3145 psnr=27.76 eff_rank=512.0

[run] dog_00__S__r32  prompt='a cat sitting on the grass'
  step    0  loss=0.5000  L_def=0.5000  L_fid=0.0000  shift=0.0000  psnr=120.00  linf=0.0000  |g|=2.309e-05
  step   10  loss=0.2037  L_def=0.1647  L_fid=0.0390  shift=0.3353  psnr=38.88  linf=0.4494  |g|=8.119e-03
  step   20  loss=0.2906  L_def=0.2275  L_fid=0.0631  shift=0.2725  psnr=35.69  linf=0.6560  |g|=2.597e-02
  step   24  loss=0.3215  L_def=0.2552  L_fid=0.0663  shift=0.2448  psnr=35.37  linf=0.6428  |g|=3.731e-02
[run] dog_00__S__r32 完成 98s peak=11505MB shift=0.2448 psnr=35.37 eff_rank=512.0

[run] dog_01__S__r32  prompt='a cat sitting on the grass'
  step    0  loss=0.5000  L_def=0.5000  L_fid=0.0000  shift=0.0000  psnr=120.00  linf=0.0000  |g|=1.519e-05
  step   10  loss=0.1694  L_def=0.1295  L_fid=0.0399  shift=0.3705  psnr=37.36  linf=0.2220  |g|=6.625e-02
  step   20  loss=0.2534  L_def=0.1977  L_fid=0.0558  shift=0.3023  psnr=34.87  linf=0.3726  |g|=5.359e-02
  step   24  loss=0.2733  L_def=0.2161  L_fid=0.0572  shift=0.2839  psnr=34.47  linf=0.4401  |g|=2.953e-02
[run] dog_01__S__r32 完成 98s peak=11507MB shift=0.2839 psnr=34.47 eff_rank=512.0

[run] person_00__S__r32  prompt='an elderly person with gray hair'
  step    0  loss=0.5000  L_def=0.5000  L_fid=0.0000  shift=0.0000  psnr=120.00  linf=0.0000  |g|=4.900e-06
  step   10  loss=0.2319  L_def=0.1946  L_fid=0.0373  shift=0.3054  psnr=38.71  linf=0.3894  |g|=6.683e-03
  step   20  loss=0.3034  L_def=0.2527  L_fid=0.0507  shift=0.2473  psnr=35.65  linf=0.5405  |g|=8.332e-03
  step   24  loss=0.3018  L_def=0.2492  L_fid=0.0527  shift=0.2508  psnr=35.15  linf=0.5538  |g|=1.438e-02
[run] person_00__S__r32 完成 98s peak=11507MB shift=0.2508 psnr=35.15 eff_rank=512.0
