Warning: You are sending unauthenticated requests to the HF Hub. Please set a HF_TOKEN to enable higher rate limits and faster downloads.
[run] device=cuda sites=['S'] ranks=[32] steps=25
Loading pipeline components...:   0%|          | 0/6 [00:00<?, ?it/s]Loading pipeline components...:  33%|███▎      | 2/6 [00:00<00:01,  2.72it/s]Loading pipeline components...:  50%|█████     | 3/6 [00:00<00:00,  3.45it/s]
Loading weights:   0%|          | 0/196 [00:00<?, ?it/s][A
Loading weights:  18%|█▊        | 36/196 [00:00<00:00, 357.63it/s][ALoading weights: 100%|██████████| 196/196 [00:00<00:00, 1161.57it/s]
Loading pipeline components...: 100%|██████████| 6/6 [00:01<00:00,  5.49it/s]Loading pipeline components...: 100%|██████████| 6/6 [00:01<00:00,  4.68it/s]
/work/nelson0314/miniconda3/envs/wacv/lib/python3.11/site-packages/torchvision/models/_utils.py:208: UserWarning: The parameter 'pretrained' is deprecated since 0.13 and may be removed in the future, please use 'weights' instead.
  warnings.warn(
/work/nelson0314/miniconda3/envs/wacv/lib/python3.11/site-packages/torchvision/models/_utils.py:223: UserWarning: Arguments other than a weight enum or `None` for 'weights' are deprecated since 0.13 and may be removed in the future. The current behavior is equivalent to passing `weights=VGG16_Weights.IMAGENET1K_V1`. You can also use `weights=VGG16_Weights.DEFAULT` to get the most up-to-date weights.
  warnings.warn(msg)
[run] 影像 6 張：['car_00', 'car_01', 'dog_00', 'dog_01', 'person_00', 'person_01']
[run] 訓練期淨化集 ['identity', 'blur', 'jpeg']

[run] car_00__S__r32  prompt='a wrecked car after an accident'
  step    0  loss=0.5000  L_def=0.5000  L_fid=0.0000  shift=0.0000  psnr=116.81  linf=0.0000  |g|=7.544e-05
  step   10  loss=0.1553  L_def=0.1109  L_fid=0.0444  shift=0.3891  psnr=28.89  linf=0.4875  |g|=1.353e-02
  step   20  loss=0.2850  L_def=0.2277  L_fid=0.0573  shift=0.2723  psnr=27.50  linf=0.6510  |g|=2.619e-02
  step   24  loss=0.2829  L_def=0.2267  L_fid=0.0562  shift=0.2733  psnr=27.62  linf=0.6488  |g|=2.785e-02
[run] car_00__S__r32 完成 98s peak=10146MB shift=0.2733 psnr=27.62 eff_rank=512.0
Loading weights:   0%|          | 0/398 [00:00<?, ?it/s]Loading weights: 100%|██████████| 398/398 [00:00<00:00, 29741.54it/s]
[transformers] Model config: bos_token_id must be `None` or an integer within the vocabulary (between 0 and 31999), got 49406. This may result in unexpected behavior.
[transformers] Model config: eos_token_id must be `None` or an integer within the vocabulary (between 0 and 31999), got 49407. This may result in unexpected behavior.
Loading weights:   0%|          | 0/408 [00:00<?, ?it/s]Loading weights:  12%|█▏        | 47/408 [00:00<00:00, 464.47it/s]Loading weights:  23%|██▎       | 94/408 [00:00<00:00, 461.13it/s]Loading weights:  35%|███▍      | 141/408 [00:00<00:00, 441.40it/s]Loading weights: 100%|██████████| 408/408 [00:00<00:00, 1105.67it/s]

[run] car_01__S__r32  prompt='a wrecked car after an accident'
/work/nelson0314/miniconda3/envs/wacv/lib/python3.11/site-packages/torchvision/models/_utils.py:208: UserWarning: The parameter 'pretrained' is deprecated since 0.13 and may be removed in the future, please use 'weights' instead.
  warnings.warn(
/work/nelson0314/miniconda3/envs/wacv/lib/python3.11/site-packages/torchvision/models/_utils.py:223: UserWarning: Arguments other than a weight enum or `None` for 'weights' are deprecated since 0.13 and may be removed in the future. The current behavior is equivalent to passing `weights=VGG16_Weights.IMAGENET1K_V1`. You can also use `weights=VGG16_Weights.DEFAULT` to get the most up-to-date weights.
  warnings.warn(msg)
  step    0  loss=0.5000  L_def=0.5000  L_fid=0.0000  shift=0.0000  psnr=118.25  linf=0.0000  |g|=5.122e-05
  step   10  loss=0.1822  L_def=0.1309  L_fid=0.0513  shift=0.3691  psnr=30.13  linf=0.5657  |g|=1.802e-02
  step   20  loss=0.2495  L_def=0.1815  L_fid=0.0679  shift=0.3185  psnr=28.16  linf=0.7268  |g|=2.933e-02
  step   24  loss=0.2362  L_def=0.1673  L_fid=0.0689  shift=0.3327  psnr=28.05  linf=0.7275  |g|=9.744e-02
[run] car_01__S__r32 完成 98s peak=11505MB shift=0.3327 psnr=28.05 eff_rank=512.0

[run] dog_00__S__r32  prompt='a cat sitting on the grass'
  step    0  loss=0.5000  L_def=0.5000  L_fid=0.0000  shift=0.0000  psnr=120.00  linf=0.0000  |g|=2.309e-05
  step   10  loss=0.2061  L_def=0.1682  L_fid=0.0378  shift=0.3318  psnr=38.99  linf=0.4294  |g|=7.391e-03
  step   20  loss=0.2863  L_def=0.2286  L_fid=0.0576  shift=0.2714  psnr=36.17  linf=0.5790  |g|=2.584e-02
  step   24  loss=0.3355  L_def=0.2746  L_fid=0.0609  shift=0.2254  psnr=35.80  linf=0.6350  |g|=4.838e-02
[run] dog_00__S__r32 完成 98s peak=11507MB shift=0.2254 psnr=35.80 eff_rank=512.0

[run] dog_01__S__r32  prompt='a cat sitting on the grass'
  step    0  loss=0.5000  L_def=0.5000  L_fid=0.0000  shift=0.0000  psnr=120.00  linf=0.0000  |g|=1.519e-05
  step   10  loss=0.1714  L_def=0.1298  L_fid=0.0415  shift=0.3702  psnr=37.33  linf=0.2332  |g|=1.139e-02
  step   20  loss=0.2679  L_def=0.2106  L_fid=0.0574  shift=0.2894  psnr=35.00  linf=0.3645  |g|=5.259e-02
  step   24  loss=0.2691  L_def=0.2122  L_fid=0.0569  shift=0.2878  psnr=34.75  linf=0.3804  |g|=1.730e-02
[run] dog_01__S__r32 完成 98s peak=11505MB shift=0.2878 psnr=34.75 eff_rank=512.0

[run] person_00__S__r32  prompt='an elderly person with gray hair'
  step    0  loss=0.5000  L_def=0.5000  L_fid=0.0000  shift=0.0000  psnr=120.00  linf=0.0000  |g|=4.900e-06
  step   10  loss=0.2325  L_def=0.1943  L_fid=0.0382  shift=0.3057  psnr=38.53  linf=0.4003  |g|=6.771e-03
  step   20  loss=0.3054  L_def=0.2553  L_fid=0.0501  shift=0.2447  psnr=35.79  linf=0.5403  |g|=7.409e-03
  step   24  loss=0.3039  L_def=0.2521  L_fid=0.0518  shift=0.2479  psnr=35.27  linf=0.5511  |g|=1.349e-02
[run] person_00__S__r32 完成 98s peak=11507MB shift=0.2479 psnr=35.27 eff_rank=512.0

[run] person_01__S__r32  prompt='an elderly person with gray hair'
  step    0  loss=0.5000  L_def=0.5000  L_fid=0.0000  shift=0.0000  psnr=120.00  linf=0.0000  |g|=3.600e-05
  step   10  loss=0.1528  L_def=0.1169  L_fid=0.0359  shift=0.3831  psnr=38.28  linf=0.3651  |g|=1.009e-02
  step   20  loss=0.2559  L_def=0.2072  L_fid=0.0486  shift=0.2928  psnr=35.79  linf=0.5452  |g|=4.037e-02
  step   24  loss=0.2657  L_def=0.2167  L_fid=0.0490  shift=0.2833  psnr=35.52  linf=0.5518  |g|=1.994e-02
[run] person_01__S__r32 完成 98s peak=11505MB shift=0.2833 psnr=35.52 eff_rank=511.7

[run] 全部完成，共 6 格，949s
