=========== lam=0.1 -> runs/e19_lam0.1 ===========
Loading pipeline components...:   0%|          | 0/6 [00:00<?, ?it/s]Loading pipeline components...:  33%|███▎      | 2/6 [00:00<00:00, 17.42it/s]
Loading weights:   0%|          | 0/196 [00:00<?, ?it/s][ALoading weights: 100%|██████████| 196/196 [00:00<00:00, 8368.97it/s]
Loading pipeline components...: 100%|██████████| 6/6 [00:00<00:00, 19.32it/s]Loading pipeline components...: 100%|██████████| 6/6 [00:00<00:00, 19.11it/s]
/work/nelson0314/miniconda3/envs/wacv/lib/python3.11/site-packages/torchvision/models/_utils.py:208: UserWarning: The parameter 'pretrained' is deprecated since 0.13 and may be removed in the future, please use 'weights' instead.
  warnings.warn(
/work/nelson0314/miniconda3/envs/wacv/lib/python3.11/site-packages/torchvision/models/_utils.py:223: UserWarning: Arguments other than a weight enum or `None` for 'weights' are deprecated since 0.13 and may be removed in the future. The current behavior is equivalent to passing `weights=VGG16_Weights.IMAGENET1K_V1`. You can also use `weights=VGG16_Weights.DEFAULT` to get the most up-to-date weights.
  warnings.warn(msg)
[e17] 6 張影像，latent_opt 400 步 lr=0.02
/work/nelson0314/miniconda3/envs/wacv/lib/python3.11/site-packages/huggingface_hub/utils/_validators.py:205: UserWarning: The `local_dir_use_symlinks` argument is deprecated and ignored in `hf_hub_download`. Downloading to a local directory does not use symlinks anymore.
  warnings.warn(
Warning: You are sending unauthenticated requests to the HF Hub. Please set a HF_TOKEN to enable higher rate limits and faster downloads.
An error occurred while trying to fetch cross-attention/asymmetric-autoencoder-kl-x-1-5: cross-attention/asymmetric-autoencoder-kl-x-1-5 does not appear to have a file named diffusion_pytorch_model.safetensors.
Defaulting to unsafe serialization. Pass `allow_pickle=False` to raise an error instead.
[e17] 載入 cross-attention/asymmetric-autoencoder-kl-x-1-5 用時 3s
  car_00     roundtrip       lpips=0.1609 psnr=19.96 dists=0.0480 linf=1.0000 
  car_00     latent_opt      lpips=0.0862 psnr=22.86 dists=0.0470 linf=0.8279 
  car_00     asym_free       lpips=0.1420 psnr=20.32 dists=0.0459 linf=0.9725 
  car_00     asym_leak       lpips=0.4389 psnr=11.14 dists=0.2249 linf=0.6549 
  car_00     latent_opt_asym lpips=0.0799 psnr=23.13 dists=0.0442 linf=0.8256 
  car_00 用時 465s
  car_01     roundtrip       lpips=0.1744 psnr=22.75 dists=0.0506 linf=0.9380 
  car_01     latent_opt      lpips=0.0992 psnr=25.12 dists=0.0556 linf=0.8803 
  car_01     asym_free       lpips=0.1589 psnr=23.05 dists=0.0436 linf=0.9765 
  car_01     asym_leak       lpips=0.5422 psnr=11.29 dists=0.2768 linf=0.6549 
  car_01     latent_opt_asym lpips=0.0949 psnr=25.40 dists=0.0467 linf=0.8413 
  car_01 用時 466s
  dog_00     roundtrip       lpips=0.1440 psnr=30.69 dists=0.0347 linf=0.4225 
  dog_00     latent_opt      lpips=0.0815 psnr=31.88 dists=0.0365 linf=0.4064 
  dog_00     asym_free       lpips=0.1324 psnr=31.05 dists=0.0315 linf=0.4325 
  dog_00     asym_leak       lpips=0.6720 psnr=8.80 dists=0.3755 linf=0.6014 
  dog_00     latent_opt_asym lpips=0.0790 psnr=32.10 dists=0.0294 linf=0.3170 
  dog_00 用時 467s
  dog_01     roundtrip       lpips=0.1563 psnr=28.48 dists=0.0355 linf=0.7889 
  dog_01     latent_opt      lpips=0.0782 psnr=30.08 dists=0.0342 linf=0.6205 
  dog_01     asym_free       lpips=0.1403 psnr=28.80 dists=0.0324 linf=0.7846 
  dog_01     asym_leak       lpips=0.6104 psnr=11.92 dists=0.3697 linf=0.6588 
  dog_01     latent_opt_asym lpips=0.0762 psnr=30.25 dists=0.0307 linf=0.6386 
  dog_01 用時 467s
  person_00  roundtrip       lpips=0.0984 psnr=33.34 dists=0.0471 linf=0.3915 
  person_00  latent_opt      lpips=0.0458 psnr=34.87 dists=0.0296 linf=0.3357 通過
  person_00  asym_free       lpips=0.0878 psnr=34.07 dists=0.0328 linf=0.3540 
  person_00  asym_leak       lpips=0.6608 psnr=11.74 dists=0.3598 linf=0.6275 
  person_00  latent_opt_asym lpips=0.0445 psnr=35.08 dists=0.0290 linf=0.2530 通過
  person_00 用時 468s
  person_01  roundtrip       lpips=0.1264 psnr=29.86 dists=0.0406 linf=0.7019 
  person_01  latent_opt      lpips=0.0643 psnr=31.44 dists=0.0393 linf=0.6099 
  person_01  asym_free       lpips=0.1129 psnr=30.25 dists=0.0295 linf=0.5528 
  person_01  asym_leak       lpips=0.6936 psnr=12.97 dists=0.3622 linf=0.6588 
  person_01  latent_opt_asym lpips=0.0621 psnr=31.75 dists=0.0385 linf=0.4657 通過
  person_01 用時 468s

==============================================================================
平均（把關：LPIPS < 0.063，且 PSNR 與 DISTS 皆不差於 roundtrip）
==============================================================================
  roundtrip       lpips=0.1434  psnr=27.51  dists=0.0427  相對現況=100.0%  通過 0/6
  latent_opt      lpips=0.0759  psnr=29.38  dists=0.0404  相對現況= 52.9%  通過 1/6
  asym_free       lpips=0.1291  psnr=27.92  dists=0.0360  相對現況= 90.0%  通過 0/6
  asym_leak       lpips=0.6030  psnr=11.31  dists=0.3281  相對現況=420.5%  通過 0/6
  latent_opt_asym lpips=0.0728  psnr=29.62  dists=0.0364  相對現況= 50.7%  通過 2/6

注意：asym_leak 是退化對照，其 decoder 可完整看到原圖，重建好是因為把原圖抄回來，不可當成可用結果。
=========== lam=0.1 done rc=0 ===========
=========== lam=1 -> runs/e19_lam1 ===========
Loading pipeline components...:   0%|          | 0/6 [00:00<?, ?it/s]Loading pipeline components...:  50%|█████     | 3/6 [00:00<00:00, 19.65it/s]
Loading weights:   0%|          | 0/196 [00:00<?, ?it/s][ALoading weights: 100%|██████████| 196/196 [00:00<00:00, 8400.69it/s]
Loading pipeline components...:  83%|████████▎ | 5/6 [00:00<00:00, 16.54it/s]Loading pipeline components...: 100%|██████████| 6/6 [00:00<00:00, 19.79it/s]
/work/nelson0314/miniconda3/envs/wacv/lib/python3.11/site-packages/torchvision/models/_utils.py:208: UserWarning: The parameter 'pretrained' is deprecated since 0.13 and may be removed in the future, please use 'weights' instead.
  warnings.warn(
/work/nelson0314/miniconda3/envs/wacv/lib/python3.11/site-packages/torchvision/models/_utils.py:223: UserWarning: Arguments other than a weight enum or `None` for 'weights' are deprecated since 0.13 and may be removed in the future. The current behavior is equivalent to passing `weights=VGG16_Weights.IMAGENET1K_V1`. You can also use `weights=VGG16_Weights.DEFAULT` to get the most up-to-date weights.
  warnings.warn(msg)
[e17] 6 張影像，latent_opt 400 步 lr=0.02
/work/nelson0314/miniconda3/envs/wacv/lib/python3.11/site-packages/huggingface_hub/utils/_validators.py:205: UserWarning: The `local_dir_use_symlinks` argument is deprecated and ignored in `hf_hub_download`. Downloading to a local directory does not use symlinks anymore.
  warnings.warn(
Warning: You are sending unauthenticated requests to the HF Hub. Please set a HF_TOKEN to enable higher rate limits and faster downloads.
An error occurred while trying to fetch cross-attention/asymmetric-autoencoder-kl-x-1-5: cross-attention/asymmetric-autoencoder-kl-x-1-5 does not appear to have a file named diffusion_pytorch_model.safetensors.
Defaulting to unsafe serialization. Pass `allow_pickle=False` to raise an error instead.
[e17] 載入 cross-attention/asymmetric-autoencoder-kl-x-1-5 用時 1s
  car_00     roundtrip       lpips=0.1609 psnr=19.96 dists=0.0480 linf=1.0000 
  car_00     latent_opt      lpips=0.0814 psnr=21.49 dists=0.0448 linf=0.9173 
  car_00     asym_free       lpips=0.1420 psnr=20.32 dists=0.0459 linf=0.9725 
  car_00     asym_leak       lpips=0.4389 psnr=11.14 dists=0.2249 linf=0.6549 
  car_00     latent_opt_asym lpips=0.0757 psnr=21.82 dists=0.0413 linf=0.9662 
  car_00 用時 465s
  car_01     roundtrip       lpips=0.1744 psnr=22.75 dists=0.0506 linf=0.9380 
  car_01     latent_opt      lpips=0.0970 psnr=23.74 dists=0.0585 linf=0.9337 
  car_01     asym_free       lpips=0.1589 psnr=23.05 dists=0.0436 linf=0.9765 
  car_01     asym_leak       lpips=0.5422 psnr=11.29 dists=0.2768 linf=0.6549 
  car_01     latent_opt_asym lpips=0.0926 psnr=24.02 dists=0.0456 linf=1.0039 
  car_01 用時 466s
  dog_00     roundtrip       lpips=0.1440 psnr=30.69 dists=0.0347 linf=0.4225 
  dog_00     latent_opt      lpips=0.0813 psnr=30.99 dists=0.0370 linf=0.4749 
  dog_00     asym_free       lpips=0.1324 psnr=31.05 dists=0.0315 linf=0.4325 
  dog_00     asym_leak       lpips=0.6720 psnr=8.80 dists=0.3755 linf=0.6014 
  dog_00     latent_opt_asym lpips=0.0790 psnr=31.33 dists=0.0314 linf=0.3882 
  dog_00 用時 467s
  dog_01     roundtrip       lpips=0.1563 psnr=28.48 dists=0.0355 linf=0.7889 
  dog_01     latent_opt      lpips=0.0779 psnr=28.94 dists=0.0377 linf=0.8471 
  dog_01     asym_free       lpips=0.1403 psnr=28.80 dists=0.0324 linf=0.7846 
  dog_01     asym_leak       lpips=0.6104 psnr=11.92 dists=0.3697 linf=0.6588 
  dog_01     latent_opt_asym lpips=0.0757 psnr=29.14 dists=0.0326 linf=0.7856 
  dog_01 用時 467s
  person_00  roundtrip       lpips=0.0984 psnr=33.34 dists=0.0471 linf=0.3915 
  person_00  latent_opt      lpips=0.0456 psnr=33.84 dists=0.0342 linf=0.3834 通過
  person_00  asym_free       lpips=0.0878 psnr=34.07 dists=0.0328 linf=0.3540 
  person_00  asym_leak       lpips=0.6608 psnr=11.74 dists=0.3598 linf=0.6275 
  person_00  latent_opt_asym lpips=0.0443 psnr=34.13 dists=0.0340 linf=0.3016 通過
  person_00 用時 467s
  person_01  roundtrip       lpips=0.1264 psnr=29.86 dists=0.0406 linf=0.7019 
  person_01  latent_opt      lpips=0.0640 psnr=30.40 dists=0.0342 linf=0.6329 
  person_01  asym_free       lpips=0.1129 psnr=30.25 dists=0.0295 linf=0.5528 
  person_01  asym_leak       lpips=0.6936 psnr=12.97 dists=0.3622 linf=0.6588 
  person_01  latent_opt_asym lpips=0.0616 psnr=30.72 dists=0.0426 linf=0.5843 
  person_01 用時 468s

==============================================================================
平均（把關：LPIPS < 0.063，且 PSNR 與 DISTS 皆不差於 roundtrip）
==============================================================================
  roundtrip       lpips=0.1434  psnr=27.51  dists=0.0427  相對現況=100.0%  通過 0/6
  latent_opt      lpips=0.0745  psnr=28.23  dists=0.0411  相對現況= 52.0%  通過 1/6
  asym_free       lpips=0.1291  psnr=27.92  dists=0.0360  相對現況= 90.0%  通過 0/6
  asym_leak       lpips=0.6030  psnr=11.31  dists=0.3281  相對現況=420.5%  通過 0/6
  latent_opt_asym lpips=0.0715  psnr=28.53  dists=0.0379  相對現況= 49.8%  通過 1/6

注意：asym_leak 是退化對照，其 decoder 可完整看到原圖，重建好是因為把原圖抄回來，不可當成可用結果。
=========== lam=1 done rc=0 ===========
=========== lam=10 -> runs/e19_lam10 ===========
Warning: You are sending unauthenticated requests to the HF Hub. Please set a HF_TOKEN to enable higher rate limits and faster downloads.
Loading pipeline components...:   0%|          | 0/6 [00:00<?, ?it/s]
Loading weights:   0%|          | 0/196 [00:00<?, ?it/s][ALoading weights: 100%|██████████| 196/196 [00:00<00:00, 7897.36it/s]
Loading pipeline components...:  50%|█████     | 3/6 [00:00<00:00, 13.68it/s]Loading pipeline components...: 100%|██████████| 6/6 [00:00<00:00, 19.09it/s]
/work/nelson0314/miniconda3/envs/wacv/lib/python3.11/site-packages/torchvision/models/_utils.py:208: UserWarning: The parameter 'pretrained' is deprecated since 0.13 and may be removed in the future, please use 'weights' instead.
  warnings.warn(
/work/nelson0314/miniconda3/envs/wacv/lib/python3.11/site-packages/torchvision/models/_utils.py:223: UserWarning: Arguments other than a weight enum or `None` for 'weights' are deprecated since 0.13 and may be removed in the future. The current behavior is equivalent to passing `weights=VGG16_Weights.IMAGENET1K_V1`. You can also use `weights=VGG16_Weights.DEFAULT` to get the most up-to-date weights.
  warnings.warn(msg)
[e17] 6 張影像，latent_opt 400 步 lr=0.02
/work/nelson0314/miniconda3/envs/wacv/lib/python3.11/site-packages/huggingface_hub/utils/_validators.py:205: UserWarning: The `local_dir_use_symlinks` argument is deprecated and ignored in `hf_hub_download`. Downloading to a local directory does not use symlinks anymore.
  warnings.warn(
An error occurred while trying to fetch cross-attention/asymmetric-autoencoder-kl-x-1-5: cross-attention/asymmetric-autoencoder-kl-x-1-5 does not appear to have a file named diffusion_pytorch_model.safetensors.
Defaulting to unsafe serialization. Pass `allow_pickle=False` to raise an error instead.
[e17] 載入 cross-attention/asymmetric-autoencoder-kl-x-1-5 用時 1s
  car_00     roundtrip       lpips=0.1609 psnr=19.96 dists=0.0480 linf=1.0000 
  car_00     latent_opt      lpips=0.0815 psnr=20.66 dists=0.0475 linf=0.9750 
  car_00     asym_free       lpips=0.1420 psnr=20.32 dists=0.0459 linf=0.9725 
  car_00     asym_leak       lpips=0.4389 psnr=11.14 dists=0.2249 linf=0.6549 
  car_00     latent_opt_asym lpips=0.0756 psnr=21.14 dists=0.0418 linf=1.1323 
  car_00 用時 465s
  car_01     roundtrip       lpips=0.1744 psnr=22.75 dists=0.0506 linf=0.9380 
  car_01     latent_opt      lpips=0.0967 psnr=23.04 dists=0.0497 linf=0.9577 
  car_01     asym_free       lpips=0.1589 psnr=23.05 dists=0.0436 linf=0.9765 
  car_01     asym_leak       lpips=0.5422 psnr=11.29 dists=0.2768 linf=0.6549 
  car_01     latent_opt_asym lpips=0.0927 psnr=23.40 dists=0.0491 linf=0.9830 
  car_01 用時 466s
  dog_00     roundtrip       lpips=0.1440 psnr=30.69 dists=0.0347 linf=0.4225 
  dog_00     latent_opt      lpips=0.0815 psnr=30.45 dists=0.0395 linf=0.5497 
  dog_00     asym_free       lpips=0.1324 psnr=31.05 dists=0.0315 linf=0.4325 
  dog_00     asym_leak       lpips=0.6720 psnr=8.80 dists=0.3755 linf=0.6014 
  dog_00     latent_opt_asym lpips=0.0791 psnr=30.82 dists=0.0340 linf=0.3958 
  dog_00 用時 466s
  dog_01     roundtrip       lpips=0.1563 psnr=28.48 dists=0.0355 linf=0.7889 
  dog_01     latent_opt      lpips=0.0779 psnr=28.47 dists=0.0391 linf=0.8701 
  dog_01     asym_free       lpips=0.1403 psnr=28.80 dists=0.0324 linf=0.7846 
  dog_01     asym_leak       lpips=0.6104 psnr=11.92 dists=0.3697 linf=0.6588 
  dog_01     latent_opt_asym lpips=0.0761 psnr=28.77 dists=0.0309 linf=0.7815 
  dog_01 用時 467s
  person_00  roundtrip       lpips=0.0984 psnr=33.34 dists=0.0471 linf=0.3915 
  person_00  latent_opt      lpips=0.0456 psnr=33.31 dists=0.0350 linf=0.3232 
  person_00  asym_free       lpips=0.0878 psnr=34.07 dists=0.0328 linf=0.3540 
  person_00  asym_leak       lpips=0.6608 psnr=11.74 dists=0.3598 linf=0.6275 
  person_00  latent_opt_asym lpips=0.0442 psnr=33.76 dists=0.0310 linf=0.3266 通過
  person_00 用時 467s
  person_01  roundtrip       lpips=0.1264 psnr=29.86 dists=0.0406 linf=0.7019 
  person_01  latent_opt      lpips=0.0638 psnr=30.05 dists=0.0328 linf=0.6773 
  person_01  asym_free       lpips=0.1129 psnr=30.25 dists=0.0295 linf=0.5528 
  person_01  asym_leak       lpips=0.6936 psnr=12.97 dists=0.3622 linf=0.6588 
  person_01  latent_opt_asym lpips=0.0617 psnr=30.38 dists=0.0392 linf=0.6860 通過
  person_01 用時 468s

==============================================================================
平均（把關：LPIPS < 0.063，且 PSNR 與 DISTS 皆不差於 roundtrip）
==============================================================================
  roundtrip       lpips=0.1434  psnr=27.51  dists=0.0427  相對現況=100.0%  通過 0/6
  latent_opt      lpips=0.0745  psnr=27.66  dists=0.0406  相對現況= 52.0%  通過 0/6
  asym_free       lpips=0.1291  psnr=27.92  dists=0.0360  相對現況= 90.0%  通過 0/6
  asym_leak       lpips=0.6030  psnr=11.31  dists=0.3281  相對現況=420.5%  通過 0/6
  latent_opt_asym lpips=0.0716  psnr=28.04  dists=0.0377  相對現況= 49.9%  通過 2/6

注意：asym_leak 是退化對照，其 decoder 可完整看到原圖，重建好是因為把原圖抄回來，不可當成可用結果。
=========== lam=10 done rc=0 ===========
ALL_DONE
