[run] device=cuda sites=['P'] ranks=[16] steps=25
Loading pipeline components...:   0%|          | 0/6 [00:00<?, ?it/s]Loading pipeline components...:  17%|█▋        | 1/6 [00:00<00:00,  9.97it/s]
Loading weights:   0%|          | 0/196 [00:00<?, ?it/s][ALoading weights: 100%|██████████| 196/196 [00:00<00:00, 9130.41it/s]
Loading pipeline components...:  50%|█████     | 3/6 [00:00<00:00, 12.82it/s]Loading pipeline components...: 100%|██████████| 6/6 [00:00<00:00, 19.69it/s]
/work/nelson0314/miniconda3/envs/wacv/lib/python3.11/site-packages/torchvision/models/_utils.py:208: UserWarning: The parameter 'pretrained' is deprecated since 0.13 and may be removed in the future, please use 'weights' instead.
  warnings.warn(
/work/nelson0314/miniconda3/envs/wacv/lib/python3.11/site-packages/torchvision/models/_utils.py:223: UserWarning: Arguments other than a weight enum or `None` for 'weights' are deprecated since 0.13 and may be removed in the future. The current behavior is equivalent to passing `weights=VGG16_Weights.IMAGENET1K_V1`. You can also use `weights=VGG16_Weights.DEFAULT` to get the most up-to-date weights.
  warnings.warn(msg)
[run] 影像 6 張：['car_00', 'car_01', 'dog_00', 'dog_01', 'person_00', 'person_01']
[run] 訓練期淨化集 ['identity', 'blur', 'jpeg']

[run] car_00__P__r16  prompt='a wrecked car after an accident'
  step    0  loss=0.5000  L_def=0.5000  L_fid=0.0000  shift=0.0000  psnr=120.00  linf=0.0000  |g|=0.000e+00
  step   10  loss=0.1401  L_def=0.1342  L_fid=0.0059  shift=0.3658  psnr=47.58  linf=0.0336  |g|=8.039e-02
  step   20  loss=0.2582  L_def=0.2465  L_fid=0.0117  shift=0.2535  psnr=42.39  linf=0.0571  |g|=7.213e-02
  step   24  loss=0.2714  L_def=0.2604  L_fid=0.0110  shift=0.2396  psnr=42.46  linf=0.0659  |g|=1.667e-01
[run] car_00__P__r16 完成 98s peak=10146MB shift=0.2396 psnr=42.46 eff_rank=341.7
Warning: You are sending unauthenticated requests to the HF Hub. Please set a HF_TOKEN to enable higher rate limits and faster downloads.
Loading weights:   0%|          | 0/398 [00:00<?, ?it/s]Loading weights: 100%|██████████| 398/398 [00:00<00:00, 29518.55it/s]
[transformers] Model config: bos_token_id must be `None` or an integer within the vocabulary (between 0 and 31999), got 49406. This may result in unexpected behavior.
[transformers] Model config: eos_token_id must be `None` or an integer within the vocabulary (between 0 and 31999), got 49407. This may result in unexpected behavior.
Loading weights:   0%|          | 0/408 [00:00<?, ?it/s]Loading weights: 100%|██████████| 408/408 [00:00<00:00, 8456.59it/s]

[run] car_01__P__r16  prompt='a wrecked car after an accident'
/work/nelson0314/miniconda3/envs/wacv/lib/python3.11/site-packages/torchvision/models/_utils.py:208: UserWarning: The parameter 'pretrained' is deprecated since 0.13 and may be removed in the future, please use 'weights' instead.
  warnings.warn(
/work/nelson0314/miniconda3/envs/wacv/lib/python3.11/site-packages/torchvision/models/_utils.py:223: UserWarning: Arguments other than a weight enum or `None` for 'weights' are deprecated since 0.13 and may be removed in the future. The current behavior is equivalent to passing `weights=VGG16_Weights.IMAGENET1K_V1`. You can also use `weights=VGG16_Weights.DEFAULT` to get the most up-to-date weights.
  warnings.warn(msg)
  step    0  loss=0.5000  L_def=0.5000  L_fid=0.0000  shift=0.0000  psnr=120.00  linf=0.0000  |g|=0.000e+00
  step   10  loss=0.1595  L_def=0.1517  L_fid=0.0078  shift=0.3483  psnr=47.32  linf=0.0280  |g|=3.930e-02
  step   20  loss=0.2151  L_def=0.2024  L_fid=0.0127  shift=0.2976  psnr=43.65  linf=0.0487  |g|=7.588e-02
  step   24  loss=0.2235  L_def=0.2095  L_fid=0.0140  shift=0.2905  psnr=43.09  linf=0.0664  |g|=7.355e-02
[run] car_01__P__r16 完成 97s peak=11507MB shift=0.2905 psnr=43.09 eff_rank=200.3

[run] dog_00__P__r16  prompt='a cat sitting on the grass'
  step    0  loss=0.5000  L_def=0.5000  L_fid=0.0000  shift=0.0000  psnr=120.00  linf=0.0000  |g|=0.000e+00
  step   10  loss=0.1896  L_def=0.1798  L_fid=0.0099  shift=0.3202  psnr=48.90  linf=0.0262  |g|=7.515e-02
  step   20  loss=0.2486  L_def=0.2332  L_fid=0.0154  shift=0.2668  psnr=46.30  linf=0.0307  |g|=2.201e-01
  step   24  loss=0.3266  L_def=0.3078  L_fid=0.0189  shift=0.1922  psnr=45.10  linf=0.0356  |g|=1.598e-01
[run] dog_00__P__r16 完成 98s peak=11508MB shift=0.1922 psnr=45.10 eff_rank=97.7

[run] dog_01__P__r16  prompt='a cat sitting on the grass'
  step    0  loss=0.5000  L_def=0.5000  L_fid=0.0000  shift=0.0000  psnr=120.00  linf=0.0000  |g|=0.000e+00
  step   10  loss=0.1453  L_def=0.1316  L_fid=0.0137  shift=0.3684  psnr=50.66  linf=0.0207  |g|=8.532e-02
  step   20  loss=0.2523  L_def=0.2360  L_fid=0.0164  shift=0.2640  psnr=47.75  linf=0.0290  |g|=1.271e-01
  step   24  loss=0.2737  L_def=0.2560  L_fid=0.0177  shift=0.2440  psnr=48.01  linf=0.0301  |g|=1.395e-01
[run] dog_01__P__r16 完成 98s peak=11507MB shift=0.2440 psnr=48.01 eff_rank=115.0

[run] person_00__P__r16  prompt='an elderly person with gray hair'
  step    0  loss=0.5000  L_def=0.5000  L_fid=0.0000  shift=0.0000  psnr=120.00  linf=0.0000  |g|=0.000e+00
  step   10  loss=0.4071  L_def=0.1893  L_fid=0.2178  shift=0.3107  psnr=47.38  linf=0.0273  |g|=1.000e+00
  step   20  loss=0.2774  L_def=0.2611  L_fid=0.0163  shift=0.2389  psnr=47.39  linf=0.0296  |g|=1.766e-01
  step   24  loss=0.3091  L_def=0.2930  L_fid=0.0160  shift=0.2070  psnr=47.49  linf=0.0284  |g|=1.740e-01
[run] person_00__P__r16 完成 98s peak=11508MB shift=0.2070 psnr=47.49 eff_rank=73.7

[run] person_01__P__r16  prompt='an elderly person with gray hair'
  step    0  loss=0.5000  L_def=0.5000  L_fid=0.0000  shift=0.0000  psnr=120.00  linf=0.0000  |g|=0.000e+00
  step   10  loss=0.1371  L_def=0.1186  L_fid=0.0185  shift=0.3814  psnr=48.90  linf=0.0194  |g|=8.348e-02
  step   20  loss=0.2125  L_def=0.1964  L_fid=0.0161  shift=0.3036  psnr=47.85  linf=0.0252  |g|=3.589e-01
  step   24  loss=0.2778  L_def=0.2642  L_fid=0.0136  shift=0.2358  psnr=47.92  linf=0.0299  |g|=3.381e-01
[run] person_01__P__r16 完成 98s peak=11507MB shift=0.2358 psnr=47.92 eff_rank=231.3

[run] 全部完成，共 6 格，939s
