[run] device=cuda sites=['P'] ranks=[16] steps=25
Loading pipeline components...:   0%|          | 0/6 [00:00<?, ?it/s]
Loading weights:   0%|          | 0/196 [00:00<?, ?it/s][ALoading weights: 100%|██████████| 196/196 [00:00<00:00, 7049.25it/s]
Loading pipeline components...:  50%|█████     | 3/6 [00:00<00:00, 17.32it/s]Loading pipeline components...: 100%|██████████| 6/6 [00:00<00:00, 19.49it/s]Loading pipeline components...: 100%|██████████| 6/6 [00:00<00:00, 19.12it/s]
/work/nelson0314/miniconda3/envs/wacv/lib/python3.11/site-packages/torchvision/models/_utils.py:208: UserWarning: The parameter 'pretrained' is deprecated since 0.13 and may be removed in the future, please use 'weights' instead.
  warnings.warn(
/work/nelson0314/miniconda3/envs/wacv/lib/python3.11/site-packages/torchvision/models/_utils.py:223: UserWarning: Arguments other than a weight enum or `None` for 'weights' are deprecated since 0.13 and may be removed in the future. The current behavior is equivalent to passing `weights=VGG16_Weights.IMAGENET1K_V1`. You can also use `weights=VGG16_Weights.DEFAULT` to get the most up-to-date weights.
  warnings.warn(msg)
[run] 影像 6 張：['car_00', 'car_01', 'dog_00', 'dog_01', 'person_00', 'person_01']
[run] 訓練期淨化集 ['identity', 'blur', 'jpeg']

[run] car_00__P__r16  prompt='a wrecked car after an accident'
  step    0  loss=0.5000  L_def=0.5000  L_fid=0.0000  shift=0.0000  psnr=120.00  linf=0.0000  |g|=0.000e+00
  step   10  loss=0.1398  L_def=0.1338  L_fid=0.0060  shift=0.3662  psnr=47.56  linf=0.0324  |g|=4.977e-02
  step   20  loss=0.2475  L_def=0.2195  L_fid=0.0280  shift=0.2805  psnr=39.26  linf=0.0796  |g|=9.678e-02
  step   24  loss=0.2299  L_def=0.1940  L_fid=0.0359  shift=0.3060  psnr=37.60  linf=0.0968  |g|=6.532e-02
[run] car_00__P__r16 完成 98s peak=10146MB shift=0.3060 psnr=37.60 eff_rank=370.0
Warning: You are sending unauthenticated requests to the HF Hub. Please set a HF_TOKEN to enable higher rate limits and faster downloads.
Loading weights:   0%|          | 0/398 [00:00<?, ?it/s]Loading weights: 100%|██████████| 398/398 [00:00<00:00, 32079.73it/s]
[transformers] Model config: bos_token_id must be `None` or an integer within the vocabulary (between 0 and 31999), got 49406. This may result in unexpected behavior.
[transformers] Model config: eos_token_id must be `None` or an integer within the vocabulary (between 0 and 31999), got 49407. This may result in unexpected behavior.
Loading weights:   0%|          | 0/408 [00:00<?, ?it/s]Loading weights: 100%|██████████| 408/408 [00:00<00:00, 8540.58it/s]

[run] car_01__P__r16  prompt='a wrecked car after an accident'
/work/nelson0314/miniconda3/envs/wacv/lib/python3.11/site-packages/torchvision/models/_utils.py:208: UserWarning: The parameter 'pretrained' is deprecated since 0.13 and may be removed in the future, please use 'weights' instead.
  warnings.warn(
/work/nelson0314/miniconda3/envs/wacv/lib/python3.11/site-packages/torchvision/models/_utils.py:223: UserWarning: Arguments other than a weight enum or `None` for 'weights' are deprecated since 0.13 and may be removed in the future. The current behavior is equivalent to passing `weights=VGG16_Weights.IMAGENET1K_V1`. You can also use `weights=VGG16_Weights.DEFAULT` to get the most up-to-date weights.
  warnings.warn(msg)
  step    0  loss=0.5000  L_def=0.5000  L_fid=0.0000  shift=0.0000  psnr=120.00  linf=0.0000  |g|=0.000e+00
  step   10  loss=0.1602  L_def=0.1524  L_fid=0.0078  shift=0.3476  psnr=47.31  linf=0.0263  |g|=3.814e-02
  step   20  loss=0.1926  L_def=0.1564  L_fid=0.0362  shift=0.3436  psnr=39.44  linf=0.0834  |g|=1.074e-01
  step   24  loss=0.1679  L_def=0.1232  L_fid=0.0447  shift=0.3768  psnr=37.91  linf=0.1140  |g|=8.432e-02
[run] car_01__P__r16 完成 98s peak=11507MB shift=0.3768 psnr=37.91 eff_rank=237.0

[run] dog_00__P__r16  prompt='a cat sitting on the grass'
  step    0  loss=0.5000  L_def=0.5000  L_fid=0.0000  shift=0.0000  psnr=120.00  linf=0.0000  |g|=0.000e+00
  step   10  loss=0.1895  L_def=0.1794  L_fid=0.0101  shift=0.3206  psnr=48.78  linf=0.0231  |g|=3.760e-02
  step   20  loss=0.2223  L_def=0.1702  L_fid=0.0520  shift=0.3298  psnr=40.82  linf=0.0629  |g|=1.845e-01
  step   24  loss=0.1677  L_def=0.0976  L_fid=0.0701  shift=0.4024  psnr=39.00  linf=0.0762  |g|=1.159e-01
[run] dog_00__P__r16 完成 97s peak=11508MB shift=0.4024 psnr=39.00 eff_rank=110.7

[run] dog_01__P__r16  prompt='a cat sitting on the grass'
  step    0  loss=0.5000  L_def=0.5000  L_fid=0.0000  shift=0.0000  psnr=120.00  linf=0.0000  |g|=0.000e+00
  step   10  loss=0.1515  L_def=0.1254  L_fid=0.0262  shift=0.3746  psnr=49.17  linf=0.0228  |g|=1.001e-01
  step   20  loss=0.2106  L_def=0.1490  L_fid=0.0617  shift=0.3510  psnr=43.18  linf=0.0510  |g|=2.180e-01
  step   24  loss=0.1650  L_def=0.0998  L_fid=0.0653  shift=0.4002  psnr=42.08  linf=0.0589  |g|=7.639e-02
[run] dog_01__P__r16 完成 97s peak=11507MB shift=0.4002 psnr=42.08 eff_rank=148.3

[run] person_00__P__r16  prompt='an elderly person with gray hair'
  step    0  loss=0.5000  L_def=0.5000  L_fid=0.0000  shift=0.0000  psnr=120.00  linf=0.0000  |g|=0.000e+00
  step   10  loss=0.2115  L_def=0.1892  L_fid=0.0223  shift=0.3108  psnr=47.38  linf=0.0270  |g|=4.190e-02
  step   20  loss=0.1846  L_def=0.1137  L_fid=0.0709  shift=0.3863  psnr=40.04  linf=0.0779  |g|=2.342e-01
  step   24  loss=0.1394  L_def=0.0562  L_fid=0.0833  shift=0.4438  psnr=38.60  linf=0.0977  |g|=7.967e-02
[run] person_00__P__r16 完成 98s peak=11508MB shift=0.4438 psnr=38.60 eff_rank=184.3

[run] person_01__P__r16  prompt='an elderly person with gray hair'
  step    0  loss=0.5000  L_def=0.5000  L_fid=0.0000  shift=0.0000  psnr=120.00  linf=0.0000  |g|=0.000e+00
  step   10  loss=0.1376  L_def=0.1190  L_fid=0.0186  shift=0.3810  psnr=48.87  linf=0.0191  |g|=7.237e-02
  step   20  loss=0.1895  L_def=0.1334  L_fid=0.0561  shift=0.3666  psnr=42.26  linf=0.0575  |g|=2.267e-01
  step   24  loss=0.2105  L_def=0.1476  L_fid=0.0630  shift=0.3524  psnr=41.03  linf=0.0667  |g|=1.273e-01
[run] person_01__P__r16 完成 98s peak=11507MB shift=0.3524 psnr=41.03 eff_rank=263.3

[run] 全部完成，共 6 格，938s
