[run] device=cuda sites=['S'] ranks=[32] steps=25
Loading pipeline components...:   0%|          | 0/6 [00:00<?, ?it/s]Loading pipeline components...:  50%|█████     | 3/6 [00:00<00:00, 23.44it/s]
Loading weights:   0%|          | 0/196 [00:00<?, ?it/s][ALoading weights: 100%|██████████| 196/196 [00:00<00:00, 8980.10it/s]
Loading pipeline components...: 100%|██████████| 6/6 [00:00<00:00, 19.03it/s]Loading pipeline components...: 100%|██████████| 6/6 [00:00<00:00, 19.58it/s]
/work/nelson0314/miniconda3/envs/wacv/lib/python3.11/site-packages/torchvision/models/_utils.py:208: UserWarning: The parameter 'pretrained' is deprecated since 0.13 and may be removed in the future, please use 'weights' instead.
  warnings.warn(
/work/nelson0314/miniconda3/envs/wacv/lib/python3.11/site-packages/torchvision/models/_utils.py:223: UserWarning: Arguments other than a weight enum or `None` for 'weights' are deprecated since 0.13 and may be removed in the future. The current behavior is equivalent to passing `weights=VGG16_Weights.IMAGENET1K_V1`. You can also use `weights=VGG16_Weights.DEFAULT` to get the most up-to-date weights.
  warnings.warn(msg)
[run] 影像 6 張：['car_00', 'car_01', 'dog_00', 'dog_01', 'person_00', 'person_01']
[run] 訓練期淨化集 ['identity', 'blur', 'jpeg']

[run] car_00__S__r32  prompt='a wrecked car after an accident'
  step    0  loss=0.5000  L_def=0.5000  L_fid=0.0000  shift=0.0000  psnr=116.62  linf=0.0000  |g|=5.479e-05
  step   10  loss=0.1430  L_def=0.1213  L_fid=0.0217  shift=0.3787  psnr=27.63  linf=0.6608  |g|=1.715e-02
  step   20  loss=0.2740  L_def=0.2400  L_fid=0.0340  shift=0.2600  psnr=24.89  linf=0.7699  |g|=6.234e-02
  step   24  loss=0.2656  L_def=0.2286  L_fid=0.0370  shift=0.2714  psnr=24.34  linf=0.8181  |g|=1.767e-02
[run] car_00__S__r32 完成 98s peak=10149MB shift=0.2714 psnr=24.34 eff_rank=512.0
Warning: You are sending unauthenticated requests to the HF Hub. Please set a HF_TOKEN to enable higher rate limits and faster downloads.
Loading weights:   0%|          | 0/398 [00:00<?, ?it/s]Loading weights: 100%|██████████| 398/398 [00:00<00:00, 31821.67it/s]
[transformers] Model config: bos_token_id must be `None` or an integer within the vocabulary (between 0 and 31999), got 49406. This may result in unexpected behavior.
[transformers] Model config: eos_token_id must be `None` or an integer within the vocabulary (between 0 and 31999), got 49407. This may result in unexpected behavior.
Loading weights:   0%|          | 0/408 [00:00<?, ?it/s]Loading weights: 100%|██████████| 408/408 [00:00<00:00, 8885.68it/s]

[run] car_01__S__r32  prompt='a wrecked car after an accident'
/work/nelson0314/miniconda3/envs/wacv/lib/python3.11/site-packages/torchvision/models/_utils.py:208: UserWarning: The parameter 'pretrained' is deprecated since 0.13 and may be removed in the future, please use 'weights' instead.
  warnings.warn(
/work/nelson0314/miniconda3/envs/wacv/lib/python3.11/site-packages/torchvision/models/_utils.py:223: UserWarning: Arguments other than a weight enum or `None` for 'weights' are deprecated since 0.13 and may be removed in the future. The current behavior is equivalent to passing `weights=VGG16_Weights.IMAGENET1K_V1`. You can also use `weights=VGG16_Weights.DEFAULT` to get the most up-to-date weights.
  warnings.warn(msg)
  step    0  loss=0.5000  L_def=0.5000  L_fid=0.0000  shift=0.0000  psnr=117.35  linf=0.0000  |g|=2.108e-05
  step   10  loss=0.1714  L_def=0.1457  L_fid=0.0257  shift=0.3543  psnr=28.21  linf=0.5333  |g|=9.733e-03
  step   20  loss=0.2795  L_def=0.2378  L_fid=0.0417  shift=0.2622  psnr=25.38  linf=0.7950  |g|=2.208e-02
  step   24  loss=0.2802  L_def=0.2347  L_fid=0.0455  shift=0.2653  psnr=24.95  linf=0.8097  |g|=2.044e-02
[run] car_01__S__r32 完成 97s peak=11508MB shift=0.2653 psnr=24.95 eff_rank=512.0

[run] dog_00__S__r32  prompt='a cat sitting on the grass'
  step    0  loss=0.5000  L_def=0.5000  L_fid=0.0000  shift=0.0000  psnr=120.00  linf=0.0000  |g|=8.239e-06
  step   10  loss=0.1886  L_def=0.1658  L_fid=0.0228  shift=0.3342  psnr=37.24  linf=0.4960  |g|=6.590e-03
  step   20  loss=0.2581  L_def=0.2175  L_fid=0.0406  shift=0.2825  psnr=33.42  linf=0.7235  |g|=3.185e-02
  step   24  loss=0.3446  L_def=0.2998  L_fid=0.0448  shift=0.2002  psnr=32.58  linf=0.7297  |g|=1.838e-02
[run] dog_00__S__r32 完成 98s peak=11508MB shift=0.2002 psnr=32.58 eff_rank=512.0

[run] dog_01__S__r32  prompt='a cat sitting on the grass'
  step    0  loss=0.5000  L_def=0.5000  L_fid=0.0000  shift=0.0000  psnr=120.00  linf=0.0000  |g|=1.715e-05
  step   10  loss=0.1470  L_def=0.1277  L_fid=0.0193  shift=0.3723  psnr=35.24  linf=0.3092  |g|=6.584e-03
  step   20  loss=0.2173  L_def=0.1841  L_fid=0.0331  shift=0.3159  psnr=32.13  linf=0.4731  |g|=4.122e-02
  step   24  loss=0.2623  L_def=0.2260  L_fid=0.0363  shift=0.2740  psnr=31.59  linf=0.4954  |g|=1.874e-02
[run] dog_01__S__r32 完成 98s peak=11508MB shift=0.2740 psnr=31.59 eff_rank=512.0

[run] person_00__S__r32  prompt='an elderly person with gray hair'
  step    0  loss=0.5000  L_def=0.5000  L_fid=0.0000  shift=0.0000  psnr=120.00  linf=0.0000  |g|=1.836e-06
  step   10  loss=0.2123  L_def=0.1927  L_fid=0.0196  shift=0.3073  psnr=36.78  linf=0.3685  |g|=5.646e-03
  step   20  loss=0.2738  L_def=0.2449  L_fid=0.0289  shift=0.2551  psnr=34.25  linf=0.5454  |g|=2.712e-02
  step   24  loss=0.3333  L_def=0.3024  L_fid=0.0309  shift=0.1976  psnr=34.18  linf=0.4982  |g|=1.033e-02
[run] person_00__S__r32 完成 98s peak=11508MB shift=0.1976 psnr=34.18 eff_rank=512.0

[run] person_01__S__r32  prompt='an elderly person with gray hair'
  step    0  loss=0.5000  L_def=0.5000  L_fid=0.0000  shift=0.0000  psnr=120.00  linf=0.0000  |g|=6.428e-05
  step   10  loss=0.1450  L_def=0.1263  L_fid=0.0186  shift=0.3737  psnr=36.60  linf=0.4283  |g|=8.875e-03
  step   20  loss=0.2449  L_def=0.2164  L_fid=0.0286  shift=0.2836  psnr=33.27  linf=0.6380  |g|=2.910e-02
  step   24  loss=0.2727  L_def=0.2420  L_fid=0.0308  shift=0.2580  psnr=32.61  linf=0.7049  |g|=3.773e-02
[run] person_01__S__r32 完成 98s peak=11508MB shift=0.2580 psnr=32.61 eff_rank=512.0

[run] 全部完成，共 6 格，1009s
