Warning: You are sending unauthenticated requests to the HF Hub. Please set a HF_TOKEN to enable higher rate limits and faster downloads.
Loading pipeline components...:   0%|          | 0/6 [00:00<?, ?it/s]Loading pipeline components...:  50%|█████     | 3/6 [00:00<00:00, 27.54it/s]
Loading weights:   0%|          | 0/196 [00:00<?, ?it/s][ALoading weights: 100%|██████████| 196/196 [00:00<00:00, 10087.91it/s]
Loading pipeline components...: 100%|██████████| 6/6 [00:00<00:00, 31.44it/s]
/home/zeus/miniconda3/envs/cloudspace/lib/python3.12/site-packages/torchvision/models/_utils.py:208: UserWarning: The parameter 'pretrained' is deprecated since 0.13 and may be removed in the future, please use 'weights' instead.
  warnings.warn(
/home/zeus/miniconda3/envs/cloudspace/lib/python3.12/site-packages/torchvision/models/_utils.py:223: UserWarning: Arguments other than a weight enum or `None` for 'weights' are deprecated since 0.13 and may be removed in the future. The current behavior is equivalent to passing `weights=VGG16_Weights.IMAGENET1K_V1`. You can also use `weights=VGG16_Weights.DEFAULT` to get the most up-to-date weights.
  warnings.warn(msg)

=== man_00：20 個種子的未防禦編輯，10s ===
  [約束] gamma_lpips=100.0 tau_lpips=0.1 alpha_lpips=0.0 beta_linf=0.0

=== man_00 / site PF / τ_lpips=0.1 / 'a woman' ===
  [stop] 監看的約束：fid_pen_lpips, fid_pen_acut, fid_pen_chroma
/teamspace/studios/this_studio/WACV/src/defense/objective.py:463: UserWarning: Converting a tensor with requires_grad=True to a scalar may lead to unexpected behavior.
Consider using tensor.detach() first. (Triggered internally at /pytorch/torch/csrc/autograd/generated/python_variable_methods.cpp:835.)
  "fid_linf_total": float((xd - xr).abs().max()),
  step    0  loss=1.0000  L_def=1.0000  L_fid=0.0000  shift=0.0000  psnr=120.00  linf=0.0000  |g|=0.000e+00
  step   10  loss=9.9487  L_def=0.6739  L_fid=9.2748  shift=0.3261  psnr=36.11  linf=0.0650  |g|=1.000e+00
  step   20  loss=5.5076  L_def=0.6355  L_fid=4.8722  shift=0.3645  psnr=35.56  linf=0.1133  |g|=1.000e+00
  step   30  loss=2.2339  L_def=0.5628  L_fid=1.6711  shift=0.4372  psnr=35.75  linf=0.1349  |g|=1.000e+00
  step   40  loss=13.6007  L_def=0.6353  L_fid=12.9654  shift=0.3647  psnr=35.99  linf=0.1569  |g|=1.000e+00
  [stop] 第 47 步停止：約束已啟動且 edit_shift 在最近 20 步的每步改善 -5.98e-04 低於 1.0e-04
Loading weights:   0%|          | 0/398 [00:00<?, ?it/s]Loading weights: 100%|██████████| 398/398 [00:00<00:00, 30490.10it/s]
[transformers] Model config: bos_token_id must be `None` or an integer within the vocabulary (between 0 and 31999), got 49406. This may result in unexpected behavior.
[transformers] Model config: eos_token_id must be `None` or an integer within the vocabulary (between 0 and 31999), got 49407. This may result in unexpected behavior.
Loading weights:   0%|          | 0/408 [00:00<?, ?it/s]Loading weights: 100%|██████████| 408/408 [00:00<00:00, 11705.35it/s]
  [PF] 擾動 LPIPS 0.0992 / L∞ 0.1638  →  編輯 LPIPS 0.2490  PSNR 31.59  （48 步，99s）
  [約束] gamma_lpips=100.0 tau_lpips=0.1 alpha_lpips=0.0 beta_linf=0.0

=== man_00 / site S / τ_lpips=0.1 / 'a woman' ===
  [stop] 監看的約束：fid_pen_lpips, fid_pen_acut, fid_pen_chroma
  step    0  loss=1.0000  L_def=1.0000  L_fid=0.0000  shift=0.0000  psnr=120.00  linf=0.0000  |g|=4.882e-04
  step   10  loss=0.8537  L_def=0.8537  L_fid=0.0000  shift=0.1463  psnr=57.17  linf=0.0350  |g|=8.177e-03
  step   20  loss=0.9188  L_def=0.9188  L_fid=0.0000  shift=0.0812  psnr=51.61  linf=0.0665  |g|=2.198e-02
  step   30  loss=0.9859  L_def=0.9859  L_fid=0.0000  shift=0.0141  psnr=48.42  linf=0.0882  |g|=1.048e-02
  step   40  loss=0.8438  L_def=0.8438  L_fid=0.0000  shift=0.1562  psnr=46.08  linf=0.1107  |g|=5.492e-03
  step   50  loss=0.9073  L_def=0.9073  L_fid=0.0000  shift=0.0927  psnr=44.28  linf=0.1382  |g|=1.981e-02
  step   60  loss=0.9669  L_def=0.9669  L_fid=0.0000  shift=0.0331  psnr=42.87  linf=0.1681  |g|=1.223e-02
  step   70  loss=0.8360  L_def=0.8360  L_fid=0.0000  shift=0.1640  psnr=41.73  linf=0.1954  |g|=4.777e-03
  step   80  loss=0.8879  L_def=0.8879  L_fid=0.0000  shift=0.1121  psnr=40.75  linf=0.2193  |g|=1.868e-02
  step   90  loss=0.9417  L_def=0.9417  L_fid=0.0000  shift=0.0583  psnr=39.88  linf=0.2392  |g|=5.581e-02
  step  100  loss=0.8250  L_def=0.8250  L_fid=0.0000  shift=0.1750  psnr=39.22  linf=0.2566  |g|=5.202e-03
  step  110  loss=0.8735  L_def=0.8735  L_fid=0.0000  shift=0.1265  psnr=38.69  linf=0.2718  |g|=2.074e-02
  step  120  loss=0.9188  L_def=0.9188  L_fid=0.0000  shift=0.0812  psnr=38.20  linf=0.2895  |g|=2.069e-02
  step  130  loss=0.8188  L_def=0.8188  L_fid=0.0000  shift=0.1812  psnr=37.77  linf=0.3070  |g|=6.355e-03
  step  140  loss=0.8672  L_def=0.8672  L_fid=0.0000  shift=0.1328  psnr=37.35  linf=0.3311  |g|=1.972e-02
  step  149  loss=0.8736  L_def=0.8736  L_fid=0.0000  shift=0.1264  psnr=36.96  linf=0.3536  |g|=4.347e-02
  [stop] 用盡上限 150 步仍未達停止準則，該格不可用於跨 site 比較
  [S] 擾動 LPIPS 0.0163 / L∞ 0.3536  →  編輯 LPIPS 0.0414  PSNR 35.83  （150 步，306s）

=== man_01：20 個種子的未防禦編輯，10s ===
  [約束] gamma_lpips=100.0 tau_lpips=0.1 alpha_lpips=0.0 beta_linf=0.0

=== man_01 / site PF / τ_lpips=0.1 / 'a woman' ===
  [stop] 監看的約束：fid_pen_lpips, fid_pen_acut, fid_pen_chroma
  step    0  loss=1.0000  L_def=1.0000  L_fid=0.0000  shift=0.0000  psnr=120.00  linf=0.0000  |g|=0.000e+00
  step   10  loss=0.5412  L_def=0.5412  L_fid=0.0000  shift=0.4588  psnr=33.51  linf=0.0635  |g|=8.700e-02
  step   20  loss=0.5620  L_def=0.5620  L_fid=0.0000  shift=0.4380  psnr=31.87  linf=0.1176  |g|=2.244e-01
  step   30  loss=0.4938  L_def=0.4938  L_fid=0.0000  shift=0.5062  psnr=31.10  linf=0.1555  |g|=1.585e-01
  step   40  loss=0.9277  L_def=0.4624  L_fid=0.4653  shift=0.5376  psnr=30.80  linf=0.1790  |g|=1.000e+00
  step   50  loss=0.8711  L_def=0.4662  L_fid=0.4049  shift=0.5338  psnr=30.59  linf=0.2059  |g|=1.000e+00
  step   60  loss=0.4396  L_def=0.4396  L_fid=0.0000  shift=0.5604  psnr=30.42  linf=0.2064  |g|=2.035e-01
  step   70  loss=0.4266  L_def=0.4266  L_fid=0.0000  shift=0.5734  psnr=30.30  linf=0.2046  |g|=4.354e-02
  step   80  loss=3.4091  L_def=0.4487  L_fid=2.9603  shift=0.5513  psnr=30.15  linf=0.2206  |g|=1.000e+00
  step   90  loss=0.4465  L_def=0.4068  L_fid=0.0398  shift=0.5932  psnr=30.04  linf=0.2301  |g|=1.000e+00
  step  100  loss=0.3965  L_def=0.3965  L_fid=0.0000  shift=0.6035  psnr=30.02  linf=0.2294  |g|=3.735e-02
  step  110  loss=7.7526  L_def=0.4214  L_fid=7.3313  shift=0.5786  psnr=29.94  linf=0.2459  |g|=1.000e+00
  step  120  loss=0.3941  L_def=0.3941  L_fid=0.0000  shift=0.6059  psnr=29.84  linf=0.2752  |g|=1.821e-01
  step  130  loss=0.3888  L_def=0.3888  L_fid=0.0000  shift=0.6112  psnr=29.67  linf=0.2889  |g|=1.160e-01
  step  140  loss=8.3933  L_def=0.3961  L_fid=7.9972  shift=0.6039  psnr=29.54  linf=0.2935  |g|=1.000e+00
  step  149  loss=10.7589  L_def=0.3913  L_fid=10.3675  shift=0.6087  psnr=29.45  linf=0.3072  |g|=1.000e+00
  [stop] 用盡上限 150 步仍未達停止準則，該格不可用於跨 site 比較
  [PF] 擾動 LPIPS 0.0959 / L∞ 0.3072  →  編輯 LPIPS 0.2599  PSNR 21.59  （150 步，306s）
  [約束] gamma_lpips=100.0 tau_lpips=0.1 alpha_lpips=0.0 beta_linf=0.0

=== man_01 / site S / τ_lpips=0.1 / 'a woman' ===
  [stop] 監看的約束：fid_pen_lpips, fid_pen_acut, fid_pen_chroma
  step    0  loss=1.0000  L_def=1.0000  L_fid=0.0000  shift=0.0000  psnr=119.18  linf=0.0000  |g|=2.975e-03
  step   10  loss=0.7109  L_def=0.7109  L_fid=0.0000  shift=0.2891  psnr=48.15  linf=0.0670  |g|=1.455e-02
  step   20  loss=0.8729  L_def=0.8729  L_fid=0.0000  shift=0.1271  psnr=42.67  linf=0.1287  |g|=3.892e-02
  step   30  loss=0.9502  L_def=0.9502  L_fid=0.0000  shift=0.0498  psnr=39.32  linf=0.2012  |g|=1.840e-02
  step   40  loss=0.6985  L_def=0.6985  L_fid=0.0000  shift=0.3015  psnr=36.94  linf=0.2655  |g|=1.433e-02
  step   50  loss=0.8572  L_def=0.8572  L_fid=0.0000  shift=0.1428  psnr=35.11  linf=0.3148  |g|=2.977e-02
  step   60  loss=0.9146  L_def=0.9146  L_fid=0.0000  shift=0.0854  psnr=33.66  linf=0.3430  |g|=3.398e-02
  step   70  loss=0.6890  L_def=0.6890  L_fid=0.0000  shift=0.3110  psnr=32.56  linf=0.3619  |g|=2.412e-02
  step   80  loss=0.8248  L_def=0.8248  L_fid=0.0000  shift=0.1752  psnr=31.74  linf=0.4095  |g|=3.782e-02
  step   90  loss=0.8856  L_def=0.8856  L_fid=0.0000  shift=0.1144  psnr=31.04  linf=0.4609  |g|=2.091e-02
  step  100  loss=0.6809  L_def=0.6809  L_fid=0.0000  shift=0.3191  psnr=30.43  linf=0.5158  |g|=1.712e-02
  step  110  loss=0.8053  L_def=0.8053  L_fid=0.0000  shift=0.1947  psnr=29.90  linf=0.5539  |g|=6.159e-02
  step  120  loss=0.8632  L_def=0.8632  L_fid=0.0000  shift=0.1368  psnr=29.49  linf=0.5996  |g|=1.539e-02
  step  130  loss=0.6744  L_def=0.6744  L_fid=0.0000  shift=0.3256  psnr=29.10  linf=0.6405  |g|=2.097e-02
  step  140  loss=0.7924  L_def=0.7924  L_fid=0.0000  shift=0.2076  psnr=28.73  linf=0.6564  |g|=3.561e-02
  step  149  loss=0.7851  L_def=0.7851  L_fid=0.0000  shift=0.2149  psnr=28.42  linf=0.6672  |g|=6.258e-02
  [stop] 用盡上限 150 步仍未達停止準則，該格不可用於跨 site 比較
  [S] 擾動 LPIPS 0.0250 / L∞ 0.6672  →  編輯 LPIPS 0.0868  PSNR 25.44  （150 步，306s）

=== man_02：20 個種子的未防禦編輯，10s ===
  [約束] gamma_lpips=100.0 tau_lpips=0.1 alpha_lpips=0.0 beta_linf=0.0

=== man_02 / site PF / τ_lpips=0.1 / 'a woman' ===
  [stop] 監看的約束：fid_pen_lpips, fid_pen_acut, fid_pen_chroma
  step    0  loss=1.0000  L_def=1.0000  L_fid=0.0000  shift=0.0000  psnr=120.00  linf=0.0000  |g|=0.000e+00
  step   10  loss=0.6228  L_def=0.5834  L_fid=0.0394  shift=0.4166  psnr=33.58  linf=0.0646  |g|=1.000e+00
  step   20  loss=1.0657  L_def=0.5717  L_fid=0.4940  shift=0.4283  psnr=31.37  linf=0.1235  |g|=1.000e+00
  step   30  loss=10.8277  L_def=0.5210  L_fid=10.3067  shift=0.4790  psnr=30.55  linf=0.1617  |g|=1.000e+00
  step   40  loss=0.7900  L_def=0.4911  L_fid=0.2989  shift=0.5089  psnr=30.34  linf=0.1824  |g|=1.000e+00
  step   50  loss=0.8205  L_def=0.5060  L_fid=0.3145  shift=0.4940  psnr=30.17  linf=0.1974  |g|=1.000e+00
  step   60  loss=12.0461  L_def=0.4814  L_fid=11.5647  shift=0.5186  psnr=30.07  linf=0.2148  |g|=1.000e+00
  step   70  loss=0.4558  L_def=0.4558  L_fid=0.0000  shift=0.5442  psnr=30.30  linf=0.1978  |g|=8.765e-02
  step   80  loss=0.4695  L_def=0.4695  L_fid=0.0000  shift=0.5305  psnr=30.27  linf=0.2340  |g|=2.693e-01
  step   90  loss=7.0847  L_def=0.4447  L_fid=6.6400  shift=0.5553  psnr=30.13  linf=0.2535  |g|=1.000e+00
  step  100  loss=0.7513  L_def=0.4250  L_fid=0.3264  shift=0.5750  psnr=29.98  linf=0.2734  |g|=1.000e+00
  step  110  loss=0.5035  L_def=0.4403  L_fid=0.0632  shift=0.5597  psnr=29.84  linf=0.2841  |g|=1.000e+00
  step  120  loss=0.4478  L_def=0.4258  L_fid=0.0221  shift=0.5742  psnr=29.73  linf=0.2720  |g|=1.000e+00
  step  130  loss=0.3996  L_def=0.3996  L_fid=0.0000  shift=0.6004  psnr=29.61  linf=0.2775  |g|=5.530e-02
  step  140  loss=6.6690  L_def=0.4257  L_fid=6.2433  shift=0.5743  psnr=29.48  linf=0.2878  |g|=1.000e+00
  step  149  loss=2.0030  L_def=0.4205  L_fid=1.5825  shift=0.5795  psnr=29.38  linf=0.2902  |g|=1.000e+00
  [stop] 用盡上限 150 步仍未達停止準則，該格不可用於跨 site 比較
  [PF] 擾動 LPIPS 0.0919 / L∞ 0.2902  →  編輯 LPIPS 0.2760  PSNR 17.01  （150 步，306s）
  [約束] gamma_lpips=100.0 tau_lpips=0.1 alpha_lpips=0.0 beta_linf=0.0

=== man_02 / site S / τ_lpips=0.1 / 'a woman' ===
  [stop] 監看的約束：fid_pen_lpips, fid_pen_acut, fid_pen_chroma
  step    0  loss=1.0000  L_def=1.0000  L_fid=0.0000  shift=0.0000  psnr=112.74  linf=0.0000  |g|=4.737e-03
  step   10  loss=0.7106  L_def=0.7106  L_fid=0.0000  shift=0.2894  psnr=43.84  linf=0.0693  |g|=1.662e-02
  step   20  loss=0.8469  L_def=0.8469  L_fid=0.0000  shift=0.1531  psnr=38.58  linf=0.1361  |g|=5.514e-02
  step   30  loss=0.9309  L_def=0.9309  L_fid=0.0000  shift=0.0691  psnr=35.83  linf=0.1975  |g|=3.171e-02
  step   40  loss=0.7016  L_def=0.7016  L_fid=0.0000  shift=0.2984  psnr=33.93  linf=0.2413  |g|=2.222e-02
  step   50  loss=0.8169  L_def=0.8169  L_fid=0.0000  shift=0.1831  psnr=32.55  linf=0.3008  |g|=3.203e-02
  step   60  loss=0.8973  L_def=0.8973  L_fid=0.0000  shift=0.1027  psnr=31.43  linf=0.3633  |g|=4.766e-02
  step   70  loss=0.6919  L_def=0.6919  L_fid=0.0000  shift=0.3081  psnr=30.41  linf=0.4315  |g|=1.330e-02
  step   80  loss=0.8052  L_def=0.8052  L_fid=0.0000  shift=0.1948  psnr=29.56  linf=0.4922  |g|=4.680e-02
  step   90  loss=0.8718  L_def=0.8718  L_fid=0.0000  shift=0.1282  psnr=28.84  linf=0.6026  |g|=4.645e-02
  step  100  loss=0.6853  L_def=0.6853  L_fid=0.0000  shift=0.3147  psnr=28.20  linf=0.6856  |g|=1.631e-02
  step  110  loss=0.7960  L_def=0.7960  L_fid=0.0000  shift=0.2040  psnr=27.69  linf=0.7196  |g|=2.894e-02
  step  120  loss=0.8422  L_def=0.8422  L_fid=0.0000  shift=0.1578  psnr=27.25  linf=0.7150  |g|=2.182e-02
  step  130  loss=0.6799  L_def=0.6799  L_fid=0.0000  shift=0.3201  psnr=26.84  linf=0.6961  |g|=2.338e-02
  step  140  loss=0.7857  L_def=0.7857  L_fid=0.0000  shift=0.2143  psnr=26.46  linf=0.6719  |g|=2.662e-02
  step  149  loss=0.7814  L_def=0.7814  L_fid=0.0000  shift=0.2186  psnr=26.12  linf=0.6728  |g|=3.108e-02
  [stop] 用盡上限 150 步仍未達停止準則，該格不可用於跨 site 比較
  [S] 擾動 LPIPS 0.0178 / L∞ 0.6728  →  編輯 LPIPS 0.0828  PSNR 19.67  （150 步，306s）

=== man_03：20 個種子的未防禦編輯，10s ===
  [約束] gamma_lpips=100.0 tau_lpips=0.1 alpha_lpips=0.0 beta_linf=0.0

=== man_03 / site PF / τ_lpips=0.1 / 'a woman' ===
  [stop] 監看的約束：fid_pen_lpips, fid_pen_acut, fid_pen_chroma
  step    0  loss=1.0000  L_def=1.0000  L_fid=0.0000  shift=0.0000  psnr=120.00  linf=0.0000  |g|=0.000e+00
  step   10  loss=1.3483  L_def=0.4999  L_fid=0.8484  shift=0.5001  psnr=33.03  linf=0.0658  |g|=1.000e+00
  step   20  loss=1.0441  L_def=0.4811  L_fid=0.5630  shift=0.5189  psnr=30.86  linf=0.1286  |g|=1.000e+00
  step   30  loss=0.4486  L_def=0.4486  L_fid=0.0000  shift=0.5514  psnr=30.18  linf=0.1725  |g|=8.813e-02
  step   40  loss=0.4502  L_def=0.4502  L_fid=0.0000  shift=0.5498  psnr=29.84  linf=0.1855  |g|=4.366e-02
  step   50  loss=0.5132  L_def=0.4367  L_fid=0.0765  shift=0.5633  psnr=29.54  linf=0.2183  |g|=1.000e+00
  step   60  loss=1.6018  L_def=0.4212  L_fid=1.1805  shift=0.5788  psnr=29.41  linf=0.2132  |g|=1.000e+00
  step   70  loss=0.5800  L_def=0.4278  L_fid=0.1522  shift=0.5722  psnr=29.19  linf=0.2316  |g|=1.000e+00
  step   80  loss=0.4154  L_def=0.4154  L_fid=0.0000  shift=0.5846  psnr=28.92  linf=0.2506  |g|=9.990e-02
  step   90  loss=0.4049  L_def=0.4049  L_fid=0.0000  shift=0.5951  psnr=28.83  linf=0.2739  |g|=5.618e-02
  step  100  loss=0.4114  L_def=0.4114  L_fid=0.0000  shift=0.5886  psnr=28.62  linf=0.3003  |g|=3.988e-02
  step  110  loss=0.4062  L_def=0.4062  L_fid=0.0000  shift=0.5938  psnr=28.51  linf=0.3188  |g|=7.208e-02
  step  120  loss=0.3980  L_def=0.3980  L_fid=0.0000  shift=0.6020  psnr=28.30  linf=0.2979  |g|=1.468e-01
  [stop] 第 121 步停止：約束已啟動且 edit_shift 在最近 20 步的每步改善 +8.63e-05 低於 1.0e-04
  [PF] 擾動 LPIPS 0.0843 / L∞ 0.2963  →  編輯 LPIPS 0.2524  PSNR 22.00  （122 步，250s）
  [約束] gamma_lpips=100.0 tau_lpips=0.1 alpha_lpips=0.0 beta_linf=0.0

=== man_03 / site S / τ_lpips=0.1 / 'a woman' ===
  [stop] 監看的約束：fid_pen_lpips, fid_pen_acut, fid_pen_chroma
  step    0  loss=1.0000  L_def=1.0000  L_fid=0.0000  shift=0.0000  psnr=118.77  linf=0.0000  |g|=1.013e-03
  step   10  loss=0.7179  L_def=0.7179  L_fid=0.0000  shift=0.2821  psnr=48.27  linf=0.0634  |g|=2.097e-02
  step   20  loss=0.8641  L_def=0.8641  L_fid=0.0000  shift=0.1359  psnr=42.40  linf=0.1161  |g|=5.346e-02
  step   30  loss=0.9247  L_def=0.9247  L_fid=0.0000  shift=0.0753  psnr=39.12  linf=0.1683  |g|=4.200e-02
  step   40  loss=0.6829  L_def=0.6829  L_fid=0.0000  shift=0.3171  psnr=36.81  linf=0.2135  |g|=2.066e-02
  step   50  loss=0.8232  L_def=0.8232  L_fid=0.0000  shift=0.1768  psnr=35.10  linf=0.2650  |g|=4.484e-02
  step   60  loss=0.8448  L_def=0.8448  L_fid=0.0000  shift=0.1552  psnr=33.79  linf=0.3174  |g|=4.491e-02
  step   70  loss=0.6547  L_def=0.6547  L_fid=0.0000  shift=0.3453  psnr=32.71  linf=0.3771  |g|=1.564e-02
  step   80  loss=0.7916  L_def=0.7916  L_fid=0.0000  shift=0.2084  psnr=31.80  linf=0.4401  |g|=5.135e-02
