Loading pretrained model MUSIQ from C:\Users\nelso\.cache\torch\hub\pyiqa\musiq_koniq_ckpt-e95806b9.pth
Loading pretrained model CFANet from C:\Users\nelso\.cache\torch\hub\pyiqa\cfanet_nr_koniq_res50-9a73138b.pth
  [跳過重複] car_00__P__r16/edit_orig.png
[p11] device=cuda 來源 7 張
  e29c_C_tau0.10/car_00__C__r32 原始  niqe=3.00 musiq=77.25 clipiqa=0.62 topiq_nr=0.80
  e29c_C_tau0.10/car_00__C__r32 blur=0.5  niqe=2.86 musiq=74.79 clipiqa=0.42 topiq_nr=0.66
  e29c_C_tau0.10/car_00__C__r32 blur=1.0  niqe=4.84 musiq=54.11 clipiqa=0.33 topiq_nr=0.30
  e29c_C_tau0.10/car_00__C__r32 blur=2.0  niqe=7.07 musiq=29.17 clipiqa=0.33 topiq_nr=0.15
  e29c_C_tau0.10/car_00__C__r32 blur=4.0  niqe=10.62 musiq=16.13 clipiqa=0.27 topiq_nr=0.08
  e29c_C_tau0.10/car_00__C__r32 jpeg=80  niqe=2.54 musiq=76.97 clipiqa=0.54 topiq_nr=0.72
  e29c_C_tau0.10/car_00__C__r32 jpeg=50  niqe=2.86 musiq=75.41 clipiqa=0.52 topiq_nr=0.60
  e29c_C_tau0.10/car_00__C__r32 jpeg=30  niqe=3.56 musiq=72.71 clipiqa=0.48 topiq_nr=0.53
  e29c_C_tau0.10/car_00__C__r32 jpeg=10  niqe=5.61 musiq=56.75 clipiqa=0.24 topiq_nr=0.37
  e29c_C_tau0.10/car_00__C__r32 noise=0.02  niqe=3.96 musiq=75.34 clipiqa=0.60 topiq_nr=0.64
  e29c_C_tau0.10/car_00__C__r32 noise=0.05  niqe=5.55 musiq=64.76 clipiqa=0.45 topiq_nr=0.50
  e29c_C_tau0.10/car_00__C__r32 noise=0.1  niqe=8.08 musiq=52.82 clipiqa=0.26 topiq_nr=0.37
  e29c_C_tau0.10/car_00__C__r32 noise=0.2  niqe=13.81 musiq=41.72 clipiqa=0.27 topiq_nr=0.24
  e29c_C_tau0.10/car_00__C__r32 quantize=64  niqe=3.02 musiq=77.21 clipiqa=0.62 topiq_nr=0.79
  e29c_C_tau0.10/car_00__C__r32 quantize=16  niqe=4.22 musiq=76.34 clipiqa=0.50 topiq_nr=0.71
  e29c_C_tau0.10/car_00__C__r32 quantize=8  niqe=6.33 musiq=75.69 clipiqa=0.42 topiq_nr=0.67
  e29c_C_tau0.10/car_00__C__r32 quantize=4  niqe=10.45 musiq=67.28 clipiqa=0.30 topiq_nr=0.63
  car_00 原始  niqe=2.98 musiq=77.24 clipiqa=0.62 topiq_nr=0.79
  car_00 blur=0.5  niqe=2.87 musiq=74.79 clipiqa=0.42 topiq_nr=0.66
  car_00 blur=1.0  niqe=4.85 musiq=54.23 clipiqa=0.32 topiq_nr=0.30
  car_00 blur=2.0  niqe=7.07 musiq=29.23 clipiqa=0.34 topiq_nr=0.15
  car_00 blur=4.0  niqe=10.61 musiq=16.14 clipiqa=0.27 topiq_nr=0.08
  car_00 jpeg=80  niqe=2.59 musiq=76.97 clipiqa=0.53 topiq_nr=0.72
  car_00 jpeg=50  niqe=2.90 musiq=75.38 clipiqa=0.52 topiq_nr=0.60
  car_00 jpeg=30  niqe=3.54 musiq=72.72 clipiqa=0.50 topiq_nr=0.53
  car_00 jpeg=10  niqe=5.57 musiq=56.67 clipiqa=0.23 topiq_nr=0.37
  car_00 noise=0.02  niqe=3.95 musiq=75.31 clipiqa=0.61 topiq_nr=0.64
  car_00 noise=0.05  niqe=5.53 musiq=64.72 clipiqa=0.46 topiq_nr=0.49
  car_00 noise=0.1  niqe=8.09 musiq=52.83 clipiqa=0.26 topiq_nr=0.37
  car_00 noise=0.2  niqe=13.79 musiq=41.67 clipiqa=0.27 topiq_nr=0.24
  car_00 quantize=64  niqe=3.02 musiq=77.20 clipiqa=0.62 topiq_nr=0.79
  car_00 quantize=16  niqe=4.23 musiq=76.37 clipiqa=0.50 topiq_nr=0.71
  car_00 quantize=8  niqe=6.14 musiq=75.71 clipiqa=0.44 topiq_nr=0.67
  car_00 quantize=4  niqe=10.33 musiq=67.47 clipiqa=0.33 topiq_nr=0.62
  car_01 原始  niqe=2.31 musiq=66.24 clipiqa=0.52 topiq_nr=0.49
  car_01 blur=0.5  niqe=2.97 musiq=61.99 clipiqa=0.45 topiq_nr=0.42
  car_01 blur=1.0  niqe=5.30 musiq=43.28 clipiqa=0.37 topiq_nr=0.27
  car_01 blur=2.0  niqe=7.31 musiq=28.08 clipiqa=0.34 topiq_nr=0.14
  car_01 blur=4.0  niqe=10.60 musiq=20.48 clipiqa=0.43 topiq_nr=0.09
  car_01 jpeg=80  niqe=1.89 musiq=64.83 clipiqa=0.48 topiq_nr=0.46
  car_01 jpeg=50  niqe=2.48 musiq=61.85 clipiqa=0.43 topiq_nr=0.40
  car_01 jpeg=30  niqe=3.12 musiq=57.64 clipiqa=0.34 topiq_nr=0.37
  car_01 jpeg=10  niqe=5.35 musiq=49.56 clipiqa=0.14 topiq_nr=0.30
  car_01 noise=0.02  niqe=3.49 musiq=61.61 clipiqa=0.49 topiq_nr=0.38
  car_01 noise=0.05  niqe=6.79 musiq=55.69 clipiqa=0.29 topiq_nr=0.28
  car_01 noise=0.1  niqe=9.47 musiq=46.57 clipiqa=0.19 topiq_nr=0.24
  car_01 noise=0.2  niqe=13.51 musiq=36.33 clipiqa=0.34 topiq_nr=0.18
  car_01 quantize=64  niqe=2.39 musiq=66.38 clipiqa=0.42 topiq_nr=0.48
  car_01 quantize=16  niqe=3.93 musiq=60.70 clipiqa=0.30 topiq_nr=0.42
  car_01 quantize=8  niqe=6.55 musiq=57.63 clipiqa=0.22 topiq_nr=0.39
  car_01 quantize=4  niqe=10.49 musiq=63.71 clipiqa=0.38 topiq_nr=0.39
  dog_00 原始  niqe=4.61 musiq=68.89 clipiqa=0.73 topiq_nr=0.55
  dog_00 blur=0.5  niqe=4.55 musiq=65.97 clipiqa=0.52 topiq_nr=0.49
  dog_00 blur=1.0  niqe=6.14 musiq=56.30 clipiqa=0.54 topiq_nr=0.34
  dog_00 blur=2.0  niqe=8.38 musiq=28.26 clipiqa=0.56 topiq_nr=0.21
  dog_00 blur=4.0  niqe=10.62 musiq=16.45 clipiqa=0.54 topiq_nr=0.12
  dog_00 jpeg=80  niqe=3.16 musiq=69.72 clipiqa=0.67 topiq_nr=0.58
  dog_00 jpeg=50  niqe=3.92 musiq=68.72 clipiqa=0.62 topiq_nr=0.51
  dog_00 jpeg=30  niqe=4.72 musiq=67.34 clipiqa=0.60 topiq_nr=0.46
  dog_00 jpeg=10  niqe=7.09 musiq=53.70 clipiqa=0.27 topiq_nr=0.35
  dog_00 noise=0.02  niqe=5.29 musiq=68.71 clipiqa=0.68 topiq_nr=0.46
  dog_00 noise=0.05  niqe=7.87 musiq=65.71 clipiqa=0.60 topiq_nr=0.33
  dog_00 noise=0.1  niqe=10.42 musiq=59.27 clipiqa=0.58 topiq_nr=0.26
  dog_00 noise=0.2  niqe=15.00 musiq=37.06 clipiqa=0.53 topiq_nr=0.21
  dog_00 quantize=64  niqe=4.65 musiq=67.72 clipiqa=0.84 topiq_nr=0.53
  dog_00 quantize=16  niqe=5.87 musiq=68.76 clipiqa=0.60 topiq_nr=0.44
  dog_00 quantize=8  niqe=7.12 musiq=70.54 clipiqa=0.56 topiq_nr=0.44
  dog_00 quantize=4  niqe=12.87 musiq=64.50 clipiqa=0.38 topiq_nr=0.45
  dog_01 原始  niqe=3.01 musiq=69.61 clipiqa=0.54 topiq_nr=0.54
  dog_01 blur=0.5  niqe=3.49 musiq=66.84 clipiqa=0.47 topiq_nr=0.45
  dog_01 blur=1.0  niqe=5.27 musiq=56.66 clipiqa=0.43 topiq_nr=0.28
  dog_01 blur=2.0  niqe=7.30 musiq=39.09 clipiqa=0.34 topiq_nr=0.17
  dog_01 blur=4.0  niqe=10.58 musiq=17.37 clipiqa=0.34 topiq_nr=0.10
  dog_01 jpeg=80  niqe=2.80 musiq=68.12 clipiqa=0.60 topiq_nr=0.48
  dog_01 jpeg=50  niqe=4.04 musiq=66.00 clipiqa=0.51 topiq_nr=0.44
  dog_01 jpeg=30  niqe=4.45 musiq=61.62 clipiqa=0.41 topiq_nr=0.38
  dog_01 jpeg=10  niqe=7.08 musiq=45.95 clipiqa=0.18 topiq_nr=0.28
  dog_01 noise=0.02  niqe=4.81 musiq=65.65 clipiqa=0.62 topiq_nr=0.41
  dog_01 noise=0.05  niqe=7.94 musiq=57.82 clipiqa=0.48 topiq_nr=0.31
  dog_01 noise=0.1  niqe=10.54 musiq=47.66 clipiqa=0.47 topiq_nr=0.21
  dog_01 noise=0.2  niqe=15.60 musiq=32.46 clipiqa=0.38 topiq_nr=0.14
  dog_01 quantize=64  niqe=3.03 musiq=69.12 clipiqa=0.60 topiq_nr=0.52
  dog_01 quantize=16  niqe=3.66 musiq=63.20 clipiqa=0.56 topiq_nr=0.48
  dog_01 quantize=8  niqe=6.20 musiq=54.26 clipiqa=0.47 topiq_nr=0.44
  dog_01 quantize=4  niqe=14.17 musiq=48.90 clipiqa=0.42 topiq_nr=0.36
  person_00 原始  niqe=4.31 musiq=64.44 clipiqa=0.66 topiq_nr=0.45
  person_00 blur=0.5  niqe=4.83 musiq=60.60 clipiqa=0.53 topiq_nr=0.39
  person_00 blur=1.0  niqe=6.50 musiq=45.93 clipiqa=0.41 topiq_nr=0.24
  person_00 blur=2.0  niqe=8.33 musiq=25.34 clipiqa=0.34 topiq_nr=0.16
  person_00 blur=4.0  niqe=11.49 musiq=16.94 clipiqa=0.28 topiq_nr=0.11
  person_00 jpeg=80  niqe=4.61 musiq=61.60 clipiqa=0.57 topiq_nr=0.41
  person_00 jpeg=50  niqe=5.32 musiq=59.55 clipiqa=0.54 topiq_nr=0.36
  person_00 jpeg=30  niqe=5.84 musiq=54.76 clipiqa=0.51 topiq_nr=0.33
  person_00 jpeg=10  niqe=7.19 musiq=34.46 clipiqa=0.19 topiq_nr=0.25
  person_00 noise=0.02  niqe=6.17 musiq=60.18 clipiqa=0.57 topiq_nr=0.31
  person_00 noise=0.05  niqe=9.27 musiq=43.90 clipiqa=0.42 topiq_nr=0.22
  person_00 noise=0.1  niqe=11.97 musiq=30.03 clipiqa=0.40 topiq_nr=0.18
  person_00 noise=0.2  niqe=16.50 musiq=25.45 clipiqa=0.37 topiq_nr=0.16
  person_00 quantize=64  niqe=4.44 musiq=64.47 clipiqa=0.66 topiq_nr=0.43
  person_00 quantize=16  niqe=5.53 musiq=61.26 clipiqa=0.50 topiq_nr=0.35
  person_00 quantize=8  niqe=6.82 musiq=53.45 clipiqa=0.47 topiq_nr=0.32
  person_00 quantize=4  niqe=12.55 musiq=52.35 clipiqa=0.36 topiq_nr=0.38
  person_01 原始  niqe=4.38 musiq=73.82 clipiqa=0.80 topiq_nr=0.67
  person_01 blur=0.5  niqe=3.75 musiq=71.17 clipiqa=0.70 topiq_nr=0.59
  person_01 blur=1.0  niqe=5.77 musiq=58.96 clipiqa=0.62 topiq_nr=0.41
  person_01 blur=2.0  niqe=8.45 musiq=32.60 clipiqa=0.48 topiq_nr=0.23
  person_01 blur=4.0  niqe=11.14 musiq=16.69 clipiqa=0.34 topiq_nr=0.09
  person_01 jpeg=80  niqe=3.25 musiq=71.74 clipiqa=0.74 topiq_nr=0.60
  person_01 jpeg=50  niqe=4.23 musiq=69.23 clipiqa=0.72 topiq_nr=0.53
  person_01 jpeg=30  niqe=5.32 musiq=65.07 clipiqa=0.65 topiq_nr=0.48
  person_01 jpeg=10  niqe=9.43 musiq=45.25 clipiqa=0.16 topiq_nr=0.30
  person_01 noise=0.02  niqe=6.36 musiq=68.84 clipiqa=0.82 topiq_nr=0.50
  person_01 noise=0.05  niqe=9.68 musiq=55.38 clipiqa=0.70 topiq_nr=0.33
  person_01 noise=0.1  niqe=13.95 musiq=46.06 clipiqa=0.54 topiq_nr=0.23
  person_01 noise=0.2  niqe=17.90 musiq=26.88 clipiqa=0.46 topiq_nr=0.18
  person_01 quantize=64  niqe=4.68 musiq=73.55 clipiqa=0.82 topiq_nr=0.65
  person_01 quantize=16  niqe=6.36 musiq=70.62 clipiqa=0.71 topiq_nr=0.57
  person_01 quantize=8  niqe=9.45 musiq=66.68 clipiqa=0.58 topiq_nr=0.50
  person_01 quantize=4  niqe=13.46 musiq=62.26 clipiqa=0.50 topiq_nr=0.52
[p11] 寫出 C:\WACV\runs\p11_degrade_ladder\ladder.csv 與 C:\WACV\runs\p11_degrade_ladder\compare.html
[p11] 下一步由人眼判讀 compare.html，決定哪一級開始「不能用」，並選出在該級上可分的指標。門檻寫進 docs/RESULTS_E31.md
