C:\Users\nelso\miniconda3\envs\wacv\Lib\site-packages\torchvision\models\_utils.py:207: UserWarning: The parameter 'pretrained' is deprecated since 0.13 and may be removed in the future, please use 'weights' instead.
  warnings.warn(
C:\Users\nelso\miniconda3\envs\wacv\Lib\site-packages\torchvision\models\_utils.py:222: UserWarning: Arguments other than a weight enum or `None` for 'weights' are deprecated since 0.13 and may be removed in the future. The current behavior is equivalent to passing `weights=VGG16_Weights.IMAGENET1K_V1`. You can also use `weights=VGG16_Weights.DEFAULT` to get the most up-to-date weights.
  warnings.warn(msg)
  car_00 τ=0.05 blur           amt=0.5656 lpips=0.0500 acut=0.3799 chroma=0.1502
  car_00 τ=0.05 noise          amt=0.0151 lpips=0.0500 acut=0.0063 chroma=0.1199
  car_00 τ=0.05 warp_bilinear  amt=0.4868 lpips=0.0500 acut=0.2270 chroma=0.2037
  car_00 τ=0.05 warp_bicubic   amt=0.6028 lpips=0.0500 acut=0.0314 chroma=0.2248
  car_00 τ=0.05 chroma         amt=0.4344 lpips=0.0500 acut=0.0047 chroma=2.8615
  car_00 τ=0.1 blur           amt=0.6882 lpips=0.1000 acut=0.5012 chroma=0.1986
  car_00 τ=0.1 noise          amt=0.0252 lpips=0.1000 acut=0.0131 chroma=0.2298
  car_00 τ=0.1 warp_bilinear  amt=0.8916 lpips=0.1000 acut=0.2541 chroma=0.3419
  car_00 τ=0.1 warp_bicubic   amt=1.0028 lpips=0.1000 acut=0.0401 chroma=0.3611
  car_00 τ=0.1 chroma         amt=0.6975 lpips=0.1000 acut=0.0089 chroma=4.4906
  car_00 τ=0.15 blur           amt=0.8198 lpips=0.1500 acut=0.5932 chroma=0.2411
  car_00 τ=0.15 noise          amt=0.0363 lpips=0.1500 acut=0.0240 chroma=0.3846
  car_00 τ=0.15 warp_bilinear  amt=1.3113 lpips=0.1500 acut=0.2561 chroma=0.4820
  car_00 τ=0.15 warp_bicubic   amt=1.3952 lpips=0.1500 acut=0.0480 chroma=0.4994
  car_00 τ=0.15 chroma         amt=0.9723 lpips=0.1500 acut=0.0142 chroma=6.0941
  car_00 τ=0.2 blur           amt=0.9677 lpips=0.2000 acut=0.6711 chroma=0.2844
  car_00 τ=0.2 noise          amt=0.0492 lpips=0.2000 acut=0.0411 chroma=0.6122
  car_00 τ=0.2 warp_bilinear  amt=1.7504 lpips=0.2000 acut=0.2602 chroma=0.6293
  car_00 τ=0.2 warp_bicubic   amt=1.8166 lpips=0.2000 acut=0.0573 chroma=0.6461
  car_00 τ=0.2 chroma         amt=1.2930 lpips=0.2000 acut=0.0213 chroma=7.8210
  car_00 τ=0.28 blur           amt=1.2520 lpips=0.2800 acut=0.7716 chroma=0.3590
  car_00 τ=0.28 noise          amt=0.0735 lpips=0.2800 acut=0.0857 chroma=1.1641
  car_00 τ=0.28 warp_bilinear  amt=2.5483 lpips=0.2800 acut=0.2676 chroma=0.8947
  car_00 τ=0.28 warp_bicubic   amt=2.6057 lpips=0.2800 acut=0.0751 chroma=0.9139
  car_00 τ=0.28 chroma         amt=1.9789 lpips=0.2800 acut=0.0389 chroma=11.0095
  dog_00 τ=0.05 blur           amt=0.4913 lpips=0.0500 acut=0.1521 chroma=0.0046
  dog_00 τ=0.05 noise          amt=0.0116 lpips=0.0500 acut=0.0173 chroma=0.0845
  dog_00 τ=0.05 warp_bilinear  amt=0.3444 lpips=0.0500 acut=0.1021 chroma=0.0249
  dog_00 τ=0.05 warp_bicubic   amt=0.5478 lpips=0.0500 acut=0.0205 chroma=0.0408
  dog_00 τ=0.05 chroma         amt=0.5650 lpips=0.0500 acut=0.0014 chroma=1.2005
  dog_00 τ=0.1 blur           amt=0.5614 lpips=0.1000 acut=0.2106 chroma=0.0065
  dog_00 τ=0.1 noise          amt=0.0182 lpips=0.1000 acut=0.0416 chroma=0.1386
  dog_00 τ=0.1 warp_bilinear  amt=0.6826 lpips=0.1000 acut=0.1298 chroma=0.0491
  dog_00 τ=0.1 warp_bicubic   amt=0.9624 lpips=0.1000 acut=0.0341 chroma=0.0692
  dog_00 τ=0.1 chroma         amt=0.9279 lpips=0.1000 acut=0.0027 chroma=1.9499
  dog_00 τ=0.15 blur           amt=0.6395 lpips=0.1500 acut=0.2635 chroma=0.0084
  dog_00 τ=0.15 noise          amt=0.0245 lpips=0.1500 acut=0.0749 chroma=0.1966
  dog_00 τ=0.15 warp_bilinear  amt=1.1270 lpips=0.1500 acut=0.1343 chroma=0.0810
  dog_00 τ=0.15 warp_bicubic   amt=1.3517 lpips=0.1500 acut=0.0458 chroma=0.0969
  dog_00 τ=0.15 chroma         amt=1.3452 lpips=0.1500 acut=0.0043 chroma=2.7897
  dog_00 τ=0.2 blur           amt=0.7579 lpips=0.2000 acut=0.3301 chroma=0.0112
  dog_00 τ=0.2 noise          amt=0.0311 lpips=0.2000 acut=0.1209 chroma=0.2664
  dog_00 τ=0.2 warp_bilinear  amt=1.5701 lpips=0.2000 acut=0.1341 chroma=0.1119
  dog_00 τ=0.2 warp_bicubic   amt=1.7387 lpips=0.2000 acut=0.0585 chroma=0.1241
  dog_00 τ=0.2 chroma         amt=1.8493 lpips=0.2000 acut=0.0066 chroma=3.7650
  dog_00 τ=0.28 blur           amt=1.1282 lpips=0.2800 acut=0.4945 chroma=0.0204
  dog_00 τ=0.28 noise          amt=0.0434 lpips=0.2800 acut=0.2352 chroma=0.4214
  dog_00 τ=0.28 warp_bilinear  amt=2.2746 lpips=0.2800 acut=0.1363 chroma=0.1618
  dog_00 τ=0.28 warp_bicubic   amt=2.4035 lpips=0.2800 acut=0.0789 chroma=0.1711
  dog_00 τ=0.28 chroma         amt=2.9200 lpips=0.2800 acut=0.0136 chroma=5.6800
  person_00 τ=0.05 blur           amt=0.5343 lpips=0.0500 acut=0.1386 chroma=0.0075
  person_00 τ=0.05 noise          amt=0.0081 lpips=0.0500 acut=0.0122 chroma=0.0595
  person_00 τ=0.05 warp_bilinear  amt=0.6115 lpips=0.0500 acut=0.0967 chroma=0.0941
  person_00 τ=0.05 warp_bicubic   amt=0.9746 lpips=0.0500 acut=0.0446 chroma=0.1507
  person_00 τ=0.05 chroma         amt=0.2938 lpips=0.0500 acut=0.0004 chroma=1.3101
  person_00 τ=0.1 blur           amt=0.6753 lpips=0.1000 acut=0.2127 chroma=0.0118
  person_00 τ=0.1 noise          amt=0.0122 lpips=0.1000 acut=0.0273 chroma=0.0942
  person_00 τ=0.1 warp_bilinear  amt=1.4438 lpips=0.1000 acut=0.1071 chroma=0.2209
  person_00 τ=0.1 warp_bicubic   amt=1.6694 lpips=0.1000 acut=0.0755 chroma=0.2552
  person_00 τ=0.1 chroma         amt=0.4777 lpips=0.1000 acut=0.0009 chroma=2.1010
  person_00 τ=0.15 blur           amt=0.8964 lpips=0.1500 acut=0.3059 chroma=0.0182
  person_00 τ=0.15 noise          amt=0.0163 lpips=0.1500 acut=0.0482 chroma=0.1328
  person_00 τ=0.15 warp_bilinear  amt=2.1160 lpips=0.1500 acut=0.1195 chroma=0.3214
  person_00 τ=0.15 warp_bicubic   amt=2.2757 lpips=0.1500 acut=0.1014 chroma=0.3461
  person_00 τ=0.15 chroma         amt=0.6701 lpips=0.1500 acut=0.0018 chroma=2.9010
  person_00 τ=0.2 blur           amt=1.2073 lpips=0.2000 acut=0.4149 chroma=0.0289
  person_00 τ=0.2 noise          amt=0.0208 lpips=0.2000 acut=0.0786 chroma=0.1817
  person_00 τ=0.2 warp_bilinear  amt=2.7485 lpips=0.2000 acut=0.1346 chroma=0.4157
  person_00 τ=0.2 warp_bicubic   amt=2.8666 lpips=0.2000 acut=0.1241 chroma=0.4337
  person_00 τ=0.2 chroma         amt=0.8887 lpips=0.2000 acut=0.0031 chroma=3.7794
  person_00 τ=0.28 blur           amt=1.8753 lpips=0.2800 acut=0.5765 chroma=0.0588
  person_00 τ=0.28 noise          amt=0.0301 lpips=0.2800 acut=0.1616 chroma=0.3020
  person_00 τ=0.28 warp_bilinear  amt=3.7916 lpips=0.2800 acut=0.1650 chroma=0.5704
  person_00 τ=0.28 warp_bicubic   amt=3.8397 lpips=0.2800 acut=0.1649 chroma=0.5785
  person_00 τ=0.28 chroma         amt=1.3323 lpips=0.2800 acut=0.0066 chroma=5.4797

[定錨] τ_acut=0.04 位於 pos=0.147；τ_chroma=0.8 位於 pos=0.685（0.5 即幾何中點）

預算   τ_acut   (通過≤ / 擋下≥)        τ_chroma  (通過≤ / 擋下≥)
0.05   0.04     (0.0322 / 0.1419)      0.8       (0.1387 / 1.7907)
0.1    0.0594   (0.0499 / 0.1637)      1.2861    (0.2285 / 2.8472)
0.15   0.0749   (0.0650 / 0.1700)      1.7725    (0.3141 / 3.9283)
0.2    0.09     (0.0802 / 0.1763)      2.2962    (0.4013 / 5.1218)
0.28   0.1648   (0.1608 / 0.1896)      3.4009    (0.6292 / 7.3897)

[p14] 寫出 C:\WACV\runs\p14_budget_thresholds\arms.csv 與 C:\WACV\runs\p14_budget_thresholds\thresholds.csv
[p14] 兩側都有間隔（`pick_threshold` 未拋出）即代表門檻在每一個預算上都成立。E31 網格的每一格須以對應預算的這兩個值傳入 --tau_acut / --tau_chroma。
