C:\Users\nelso\miniconda3\envs\wacv\Lib\site-packages\torchvision\models\_utils.py:207: UserWarning: The parameter 'pretrained' is deprecated since 0.13 and may be removed in the future, please use 'weights' instead.
  warnings.warn(
C:\Users\nelso\miniconda3\envs\wacv\Lib\site-packages\torchvision\models\_utils.py:222: UserWarning: Arguments other than a weight enum or `None` for 'weights' are deprecated since 0.13 and may be removed in the future. The current behavior is equivalent to passing `weights=VGG16_Weights.IMAGENET1K_V1`. You can also use `weights=VGG16_Weights.DEFAULT` to get the most up-to-date weights.
  warnings.warn(msg)
  car_00 τ=0.05 blur           amt=0.5656 lpips=0.0500 acut=0.3799 chroma=0.1502
  car_00 τ=0.05 noise          amt=0.0151 lpips=0.0500 acut=0.0063 chroma=0.1199
  car_00 τ=0.05 warp_bilinear  amt=0.4868 lpips=0.0500 acut=0.2270 chroma=0.2037
  car_00 τ=0.05 warp_bicubic   amt=0.6028 lpips=0.0500 acut=0.0314 chroma=0.2248
  car_00 τ=0.05 chroma         amt=0.4344 lpips=0.0500 acut=0.0047 chroma=2.8615
  car_00 τ=0.1 blur           amt=0.6882 lpips=0.1000 acut=0.5012 chroma=0.1986
  car_00 τ=0.1 noise          amt=0.0252 lpips=0.1000 acut=0.0131 chroma=0.2298
  car_00 τ=0.1 warp_bilinear  amt=0.8916 lpips=0.1000 acut=0.2541 chroma=0.3419
  car_00 τ=0.1 warp_bicubic   amt=1.0028 lpips=0.1000 acut=0.0401 chroma=0.3611
  car_00 τ=0.1 chroma         amt=0.6975 lpips=0.1000 acut=0.0089 chroma=4.4906
  car_00 τ=0.15 blur           amt=0.8198 lpips=0.1500 acut=0.5932 chroma=0.2411
  car_00 τ=0.15 noise          amt=0.0363 lpips=0.1500 acut=0.0240 chroma=0.3846
  car_00 τ=0.15 warp_bilinear  amt=1.3113 lpips=0.1500 acut=0.2561 chroma=0.4820
  car_00 τ=0.15 warp_bicubic   amt=1.3952 lpips=0.1500 acut=0.0480 chroma=0.4994
  car_00 τ=0.15 chroma         amt=0.9723 lpips=0.1500 acut=0.0142 chroma=6.0941
  car_00 τ=0.2 blur           amt=0.9677 lpips=0.2000 acut=0.6711 chroma=0.2844
  car_00 τ=0.2 noise          amt=0.0492 lpips=0.2000 acut=0.0411 chroma=0.6122
  car_00 τ=0.2 warp_bilinear  amt=1.7504 lpips=0.2000 acut=0.2602 chroma=0.6293
  car_00 τ=0.2 warp_bicubic   amt=1.8166 lpips=0.2000 acut=0.0573 chroma=0.6461
  car_00 τ=0.2 chroma         amt=1.2930 lpips=0.2000 acut=0.0213 chroma=7.8210
  car_00 τ=0.28 blur           amt=1.2520 lpips=0.2800 acut=0.7716 chroma=0.3590
  car_00 τ=0.28 noise          amt=0.0735 lpips=0.2800 acut=0.0857 chroma=1.1641
  car_00 τ=0.28 warp_bilinear  amt=2.5483 lpips=0.2800 acut=0.2676 chroma=0.8947
  car_00 τ=0.28 warp_bicubic   amt=2.6057 lpips=0.2800 acut=0.0751 chroma=0.9139
  car_00 τ=0.28 chroma         amt=1.9789 lpips=0.2800 acut=0.0389 chroma=11.0095
  car_01 τ=0.05 blur           amt=0.5486 lpips=0.0500 acut=0.3042 chroma=0.0324
  car_01 τ=0.05 noise          amt=0.0168 lpips=0.0500 acut=0.0070 chroma=0.1348
  car_01 τ=0.05 warp_bilinear  amt=0.4516 lpips=0.0500 acut=0.1842 chroma=0.0348
  car_01 τ=0.05 warp_bicubic   amt=0.6354 lpips=0.0500 acut=0.0198 chroma=0.0410
  car_01 τ=0.05 chroma         amt=0.3677 lpips=0.0500 acut=0.0005 chroma=1.7998
  car_01 τ=0.1 blur           amt=0.6644 lpips=0.1000 acut=0.4149 chroma=0.0388
  car_01 τ=0.1 noise          amt=0.0269 lpips=0.1000 acut=0.0155 chroma=0.2475
  car_01 τ=0.1 warp_bilinear  amt=0.9493 lpips=0.1000 acut=0.2116 chroma=0.0595
  car_01 τ=0.1 warp_bicubic   amt=1.1098 lpips=0.1000 acut=0.0317 chroma=0.0649
  car_01 τ=0.1 chroma         amt=0.5904 lpips=0.1000 acut=0.0010 chroma=2.8852
  car_01 τ=0.15 blur           amt=0.7960 lpips=0.1500 acut=0.5092 chroma=0.0439
  car_01 τ=0.15 noise          amt=0.0376 lpips=0.1500 acut=0.0283 chroma=0.3994
  car_01 τ=0.15 warp_bilinear  amt=1.4340 lpips=0.1500 acut=0.2125 chroma=0.0841
  car_01 τ=0.15 warp_bicubic   amt=1.5557 lpips=0.1500 acut=0.0425 chroma=0.0890
  car_01 τ=0.15 chroma         amt=0.8380 lpips=0.1500 acut=0.0018 chroma=4.0836
  car_01 τ=0.2 blur           amt=0.9549 lpips=0.2000 acut=0.5992 chroma=0.0493
  car_01 τ=0.2 noise          amt=0.0497 lpips=0.2000 acut=0.0471 chroma=0.6088
  car_01 τ=0.2 warp_bilinear  amt=1.9007 lpips=0.2000 acut=0.2144 chroma=0.1084
  car_01 τ=0.2 warp_bicubic   amt=1.9847 lpips=0.2000 acut=0.0538 chroma=0.1117
  car_01 τ=0.2 chroma         amt=1.1302 lpips=0.2000 acut=0.0030 chroma=5.4795
  car_01 τ=0.28 blur           amt=1.2758 lpips=0.2800 acut=0.7260 chroma=0.0589
  car_01 τ=0.28 noise          amt=0.0723 lpips=0.2800 acut=0.0942 chroma=1.0928
  car_01 τ=0.28 warp_bilinear  amt=2.6619 lpips=0.2800 acut=0.2201 chroma=0.1480
  car_01 τ=0.28 warp_bicubic   amt=2.7256 lpips=0.2800 acut=0.0741 chroma=0.1508
  car_01 τ=0.28 chroma         amt=1.7441 lpips=0.2800 acut=0.0070 chroma=8.2949
  dog_00 τ=0.05 blur           amt=0.4913 lpips=0.0500 acut=0.1521 chroma=0.0046
  dog_00 τ=0.05 noise          amt=0.0116 lpips=0.0500 acut=0.0173 chroma=0.0845
  dog_00 τ=0.05 warp_bilinear  amt=0.3444 lpips=0.0500 acut=0.1021 chroma=0.0249
  dog_00 τ=0.05 warp_bicubic   amt=0.5478 lpips=0.0500 acut=0.0205 chroma=0.0408
  dog_00 τ=0.05 chroma         amt=0.5650 lpips=0.0500 acut=0.0014 chroma=1.2005
  dog_00 τ=0.1 blur           amt=0.5614 lpips=0.1000 acut=0.2106 chroma=0.0065
  dog_00 τ=0.1 noise          amt=0.0182 lpips=0.1000 acut=0.0416 chroma=0.1386
  dog_00 τ=0.1 warp_bilinear  amt=0.6826 lpips=0.1000 acut=0.1298 chroma=0.0491
  dog_00 τ=0.1 warp_bicubic   amt=0.9624 lpips=0.1000 acut=0.0341 chroma=0.0692
  dog_00 τ=0.1 chroma         amt=0.9279 lpips=0.1000 acut=0.0027 chroma=1.9499
  dog_00 τ=0.15 blur           amt=0.6395 lpips=0.1500 acut=0.2635 chroma=0.0084
  dog_00 τ=0.15 noise          amt=0.0245 lpips=0.1500 acut=0.0749 chroma=0.1966
  dog_00 τ=0.15 warp_bilinear  amt=1.1270 lpips=0.1500 acut=0.1343 chroma=0.0810
  dog_00 τ=0.15 warp_bicubic   amt=1.3517 lpips=0.1500 acut=0.0458 chroma=0.0969
  dog_00 τ=0.15 chroma         amt=1.3452 lpips=0.1500 acut=0.0043 chroma=2.7897
  dog_00 τ=0.2 blur           amt=0.7579 lpips=0.2000 acut=0.3301 chroma=0.0112
  dog_00 τ=0.2 noise          amt=0.0311 lpips=0.2000 acut=0.1209 chroma=0.2664
  dog_00 τ=0.2 warp_bilinear  amt=1.5701 lpips=0.2000 acut=0.1341 chroma=0.1119
  dog_00 τ=0.2 warp_bicubic   amt=1.7387 lpips=0.2000 acut=0.0585 chroma=0.1241
  dog_00 τ=0.2 chroma         amt=1.8493 lpips=0.2000 acut=0.0066 chroma=3.7650
  dog_00 τ=0.28 blur           amt=1.1282 lpips=0.2800 acut=0.4945 chroma=0.0204
  dog_00 τ=0.28 noise          amt=0.0434 lpips=0.2800 acut=0.2352 chroma=0.4214
  dog_00 τ=0.28 warp_bilinear  amt=2.2746 lpips=0.2800 acut=0.1363 chroma=0.1618
  dog_00 τ=0.28 warp_bicubic   amt=2.4035 lpips=0.2800 acut=0.0789 chroma=0.1711
  dog_00 τ=0.28 chroma         amt=2.9200 lpips=0.2800 acut=0.0136 chroma=5.6800
  dog_01 τ=0.05 blur           amt=0.5107 lpips=0.0500 acut=0.1908 chroma=0.0077
  dog_01 τ=0.05 noise          amt=0.0064 lpips=0.0500 acut=0.0052 chroma=0.0484
  dog_01 τ=0.05 warp_bilinear  amt=0.4104 lpips=0.0500 acut=0.1267 chroma=0.0116
  dog_01 τ=0.05 warp_bicubic   amt=0.7706 lpips=0.0500 acut=0.0246 chroma=0.0185
  dog_01 τ=0.05 chroma         amt=0.2868 lpips=0.0500 acut=0.0000 chroma=0.7540
  dog_01 τ=0.1 blur           amt=0.5868 lpips=0.1000 acut=0.2575 chroma=0.0101
  dog_01 τ=0.1 noise          amt=0.0103 lpips=0.1000 acut=0.0118 chroma=0.0805
  dog_01 τ=0.1 warp_bilinear  amt=1.0779 lpips=0.1000 acut=0.1512 chroma=0.0270
  dog_01 τ=0.1 warp_bicubic   amt=1.4567 lpips=0.1000 acut=0.0412 chroma=0.0351
  dog_01 τ=0.1 chroma         amt=0.4576 lpips=0.1000 acut=0.0000 chroma=1.2016
  dog_01 τ=0.15 blur           amt=0.6772 lpips=0.1500 acut=0.3211 chroma=0.0123
  dog_01 τ=0.15 noise          amt=0.0144 lpips=0.1500 acut=0.0221 chroma=0.1165
  dog_01 τ=0.15 warp_bilinear  amt=1.8517 lpips=0.1500 acut=0.1537 chroma=0.0461
  dog_01 τ=0.15 warp_bicubic   amt=2.1079 lpips=0.1500 acut=0.0576 chroma=0.0516
  dog_01 τ=0.15 chroma         amt=0.6655 lpips=0.1500 acut=0.0000 chroma=1.7438
  dog_01 τ=0.2 blur           amt=0.8092 lpips=0.2000 acut=0.3983 chroma=0.0150
  dog_01 τ=0.2 noise          amt=0.0190 lpips=0.2000 acut=0.0376 chroma=0.1601
  dog_01 τ=0.2 warp_bilinear  amt=2.5458 lpips=0.2000 acut=0.1546 chroma=0.0640
  dog_01 τ=0.2 warp_bicubic   amt=2.7567 lpips=0.2000 acut=0.0744 chroma=0.0689
  dog_01 τ=0.2 chroma         amt=0.9116 lpips=0.2000 acut=0.0000 chroma=2.3809
  dog_01 τ=0.28 blur           amt=1.1404 lpips=0.2800 acut=0.5487 chroma=0.0210
  dog_01 τ=0.28 noise          amt=0.0280 lpips=0.2800 acut=0.0805 chroma=0.2581
  dog_01 τ=0.28 warp_bilinear  amt=3.7588 lpips=0.2800 acut=0.1573 chroma=0.0973
  dog_01 τ=0.28 warp_bicubic   amt=3.9008 lpips=0.2800 acut=0.1070 chroma=0.1006
  dog_01 τ=0.28 chroma         amt=1.4149 lpips=0.2800 acut=0.0002 chroma=3.6642
  person_00 τ=0.05 blur           amt=0.5343 lpips=0.0500 acut=0.1386 chroma=0.0075
  person_00 τ=0.05 noise          amt=0.0081 lpips=0.0500 acut=0.0122 chroma=0.0595
  person_00 τ=0.05 warp_bilinear  amt=0.6115 lpips=0.0500 acut=0.0967 chroma=0.0941
  person_00 τ=0.05 warp_bicubic   amt=0.9746 lpips=0.0500 acut=0.0446 chroma=0.1507
  person_00 τ=0.05 chroma         amt=0.2938 lpips=0.0500 acut=0.0004 chroma=1.3101
  person_00 τ=0.1 blur           amt=0.6753 lpips=0.1000 acut=0.2127 chroma=0.0118
  person_00 τ=0.1 noise          amt=0.0122 lpips=0.1000 acut=0.0273 chroma=0.0942
  person_00 τ=0.1 warp_bilinear  amt=1.4438 lpips=0.1000 acut=0.1071 chroma=0.2209
  person_00 τ=0.1 warp_bicubic   amt=1.6694 lpips=0.1000 acut=0.0755 chroma=0.2552
  person_00 τ=0.1 chroma         amt=0.4777 lpips=0.1000 acut=0.0009 chroma=2.1010
  person_00 τ=0.15 blur           amt=0.8964 lpips=0.1500 acut=0.3059 chroma=0.0182
  person_00 τ=0.15 noise          amt=0.0163 lpips=0.1500 acut=0.0482 chroma=0.1328
  person_00 τ=0.15 warp_bilinear  amt=2.1160 lpips=0.1500 acut=0.1195 chroma=0.3214
  person_00 τ=0.15 warp_bicubic   amt=2.2757 lpips=0.1500 acut=0.1014 chroma=0.3461
  person_00 τ=0.15 chroma         amt=0.6701 lpips=0.1500 acut=0.0018 chroma=2.9010
  person_00 τ=0.2 blur           amt=1.2073 lpips=0.2000 acut=0.4149 chroma=0.0289
  person_00 τ=0.2 noise          amt=0.0208 lpips=0.2000 acut=0.0786 chroma=0.1817
  person_00 τ=0.2 warp_bilinear  amt=2.7485 lpips=0.2000 acut=0.1346 chroma=0.4157
  person_00 τ=0.2 warp_bicubic   amt=2.8666 lpips=0.2000 acut=0.1241 chroma=0.4337
  person_00 τ=0.2 chroma         amt=0.8887 lpips=0.2000 acut=0.0031 chroma=3.7794
  person_00 τ=0.28 blur           amt=1.8753 lpips=0.2800 acut=0.5765 chroma=0.0588
  person_00 τ=0.28 noise          amt=0.0301 lpips=0.2800 acut=0.1616 chroma=0.3020
  person_00 τ=0.28 warp_bilinear  amt=3.7916 lpips=0.2800 acut=0.1650 chroma=0.5704
  person_00 τ=0.28 warp_bicubic   amt=3.8397 lpips=0.2800 acut=0.1649 chroma=0.5785
  person_00 τ=0.28 chroma         amt=1.3323 lpips=0.2800 acut=0.0066 chroma=5.4797
  person_01 τ=0.05 blur           amt=0.5449 lpips=0.0500 acut=0.2491 chroma=0.0200
  person_01 τ=0.05 noise          amt=0.0077 lpips=0.0500 acut=0.0110 chroma=0.0588
  person_01 τ=0.05 warp_bilinear  amt=0.5576 lpips=0.0500 acut=0.1584 chroma=0.1090
  person_01 τ=0.05 warp_bicubic   amt=0.9214 lpips=0.0500 acut=0.0339 chroma=0.1776
  person_01 τ=0.05 chroma         amt=0.1235 lpips=0.0500 acut=0.0004 chroma=1.2157
  person_01 τ=0.1 blur           amt=0.6661 lpips=0.1000 acut=0.3437 chroma=0.0274
  person_01 τ=0.1 noise          amt=0.0125 lpips=0.1000 acut=0.0263 chroma=0.0985
  person_01 τ=0.1 warp_bilinear  amt=1.3866 lpips=0.1000 acut=0.1684 chroma=0.2663
  person_01 τ=0.1 warp_bicubic   amt=1.6197 lpips=0.1000 acut=0.0562 chroma=0.3098
  person_01 τ=0.1 chroma         amt=0.2084 lpips=0.1000 acut=0.0009 chroma=2.0256
  person_01 τ=0.15 blur           amt=0.8166 lpips=0.1500 acut=0.4296 chroma=0.0347
  person_01 τ=0.15 noise          amt=0.0174 lpips=0.1500 acut=0.0498 chroma=0.1438
  person_01 τ=0.15 warp_bilinear  amt=2.0856 lpips=0.1500 acut=0.1769 chroma=0.4002
  person_01 τ=0.15 warp_bicubic   amt=2.2552 lpips=0.1500 acut=0.0793 chroma=0.4325
  person_01 τ=0.15 chroma         amt=0.2999 lpips=0.1500 acut=0.0014 chroma=2.8752
  person_01 τ=0.2 blur           amt=1.0190 lpips=0.2000 acut=0.5190 chroma=0.0439
  person_01 τ=0.2 noise          amt=0.0225 lpips=0.2000 acut=0.0827 chroma=0.1976
  person_01 τ=0.2 warp_bilinear  amt=2.7536 lpips=0.2000 acut=0.1836 chroma=0.5287
  person_01 τ=0.2 warp_bicubic   amt=2.8785 lpips=0.2000 acut=0.0994 chroma=0.5527
  person_01 τ=0.2 chroma         amt=0.4016 lpips=0.2000 acut=0.0022 chroma=3.8001
  person_01 τ=0.28 blur           amt=1.4864 lpips=0.2800 acut=0.6547 chroma=0.0674
  person_01 τ=0.28 noise          amt=0.0320 lpips=0.2800 acut=0.1649 chroma=0.3144
  person_01 τ=0.28 warp_bilinear  amt=3.8817 lpips=0.2800 acut=0.1961 chroma=0.7433
  person_01 τ=0.28 warp_bicubic   amt=3.9642 lpips=0.2800 acut=0.1427 chroma=0.7592
  person_01 τ=0.28 chroma         amt=0.5948 lpips=0.2800 acut=0.0044 chroma=5.5002

[定錨] τ_acut=0.04 位於 pos=0.194；τ_chroma=0.8 位於 pos=0.756（0.5 即幾何中點）

預算   τ_acut   (通過≤ / 擋下≥)        τ_chroma  (通過≤ / 擋下≥)
0.05   0.04     (0.0291 / 0.1492)      0.8       (0.1089 / 1.5236)
0.1    0.0598   (0.0465 / 0.1704)      1.2965    (0.1825 / 2.4423)
0.15   0.0763   (0.0624 / 0.1755)      1.808     (0.2526 / 3.4146)
0.2    0.0917   (0.0779 / 0.1803)      2.393     (0.3378 / 4.5043)
0.28   0.146    (0.1370 / 0.1904)      3.6653    (0.5921 / 6.6047)

[p14] 寫出 C:\WACV\runs\p14_budget_thresholds\arms.csv 與 C:\WACV\runs\p14_budget_thresholds\thresholds.csv
[p14] 兩側都有間隔（`pick_threshold` 未拋出）即代表門檻在每一個預算上都成立。E31 網格的每一格須以對應預算的這兩個值傳入 --tau_acut / --tau_chroma。
