[sep] 150 列，6 張影像，預算 [0.05, 0.1, 0.15, 0.2, 0.28]

=== 現行（E20/E28 的歸屬） ===
    沿用 τ=0.05 上的人眼判定，假設它在所有預算上都成立
    預算        acut 通過≤   acut 擋下≥      比值     chroma 通過≤   chroma 擋下≥      比值
    0.05        0.0291     0.1492    5.12         0.1089       1.5236   13.99
    0.1         0.0465     0.1704    3.67         0.1825       2.4423   13.38
    0.15        0.0624     0.1755    2.81         0.2526       3.4146   13.52
    0.2         0.0779     0.1803    2.31         0.3378       4.5043   13.34
    0.28        0.1370     0.1904    1.39         0.5921       6.6047   11.15

=== 只保 noise 為通過側 ===
    最小的可辯護通過側——約束不得懲罰加性基準自己的失真型態；變形臂的人眼判定只在低位移下做過，不外推
    預算        acut 通過≤   acut 擋下≥      比值     chroma 通過≤   chroma 擋下≥      比值
    0.05        0.0098     0.1492   15.19         0.0843       1.5236   18.07
    0.1         0.0226     0.1704    7.54         0.1482       2.4423   16.48
    0.15        0.0412     0.1755    4.26         0.2289       3.4146   14.91
    0.2         0.0680     0.1803    2.65         0.3378       4.5043   13.34
    0.28        0.1370     0.1904    1.39         0.5921       6.6047   11.15

=== 只擋 blur ===
    約束的職責只有一條：擋住買模糊。site S 已在死路清單上，變形臂不再是受測的參數化，只是參照失真
    預算        acut 通過≤   acut 擋下≥      比值     chroma 通過≤   chroma 擋下≥      比值
    0.05        0.0291     0.2358    8.09         0.1089       1.5236   13.99
    0.1         0.0465     0.3234    6.96         0.1825       2.4423   13.38
    0.15        0.0624     0.4038    6.47         0.2526       3.4146   13.52
    0.2         0.0779     0.4888    6.27         0.3378       4.5043   13.34
    0.28        0.1370     0.6287    4.59         0.5921       6.6047   11.15

=== noise 對 blur ===
    上兩者的交集，分離度最大但參照最少
    預算        acut 通過≤   acut 擋下≥      比值     chroma 通過≤   chroma 擋下≥      比值
    0.05        0.0098     0.2358   24.01         0.0843       1.5236   18.07
    0.1         0.0226     0.3234   14.31         0.1482       2.4423   16.48
    0.15        0.0412     0.4038    9.80         0.2289       3.4146   14.91
    0.2         0.0680     0.4888    7.19         0.3378       4.5043   13.34
    0.28        0.1370     0.6287    4.59         0.5921       6.6047   11.15

[sep] 寫出 C:\WACV\runs\p14_budget_thresholds\separation.csv
[sep] 比值 = 擋下側下緣 / 通過側上緣。小於 1 代表該預算上這個指標分不出兩群，門檻無論定在哪裡都會誤判其中一側。
