Warning: You are sending unauthenticated requests to the HF Hub. Please set a HF_TOKEN to enable higher rate limits and faster downloads.
Loading pipeline components...:   0%|          | 0/6 [00:00<?, ?it/s]
Loading weights:   0%|          | 0/196 [00:00<?, ?it/s][ALoading weights: 100%|██████████| 196/196 [00:00<00:00, 3307.50it/s]
Loading pipeline components...:  17%|█▋        | 1/6 [00:00<00:00,  5.62it/s]Loading pipeline components...:  83%|████████▎ | 5/6 [00:00<00:00, 17.27it/s]Loading pipeline components...: 100%|██████████| 6/6 [00:00<00:00, 15.16it/s]
There are modules in AutoencoderKL that should be kept in float32: []. Casting directly with `to()` can lead to inconsistent results; set `torch_dtype` in `from_pretrained()` instead to keep these modules in float32.
/nfs/home/nelson0314/venvs/wacv/lib/python3.11/site-packages/torchvision/models/_utils.py:207: UserWarning: The parameter 'pretrained' is deprecated since 0.13 and may be removed in the future, please use 'weights' instead.
  warnings.warn(
/nfs/home/nelson0314/venvs/wacv/lib/python3.11/site-packages/torchvision/models/_utils.py:222: UserWarning: Arguments other than a weight enum or `None` for 'weights' are deprecated since 0.13 and may be removed in the future. The current behavior is equivalent to passing `weights=VGG16_Weights.IMAGENET1K_V1`. You can also use `weights=VGG16_Weights.DEFAULT` to get the most up-to-date weights.
  warnings.warn(msg)
IP2P 線：25 張、條件 ['gain_only']、steps=100 s_T=7.5 s_I=1.5 seed=20260812
/nfs/home/nelson0314/venvs/wacv/lib/python3.11/site-packages/diffusers/image_processor.py:724: FutureWarning: Passing `image` as torch tensor with value range in [-1,1] is deprecated. The expected value range for image tensor is [0,1] when passing as pytorch tensor or numpy Array. You passed `image` with value range [-1.0,1.0]
  warnings.warn(
task_attr_mod_color_11699        gain_only      r=3.0000 dists=0.1157 lpips=0.2255 effect=0.2745 (37s)
task_attr_mod_color_136767       gain_only      r=3.0000 dists=0.1755 lpips=0.3112 effect=0.3495 (37s)
task_attr_mod_color_184837       gain_only      r=3.0000 dists=0.2017 lpips=0.3234 effect=0.4286 (38s)
task_attr_mod_color_32648        gain_only      r=3.0000 dists=0.1400 lpips=0.3941 effect=0.3261 (38s)
task_attr_mod_color_6205         gain_only      r=3.0000 dists=0.1418 lpips=0.2362 effect=0.4210 (38s)
task_env_weather_112463          gain_only      r=3.0000 dists=0.0978 lpips=0.3999 effect=0.4021 (38s)
task_env_weather_133752          gain_only      r=3.0000 dists=0.0872 lpips=0.3396 effect=0.3664 (38s)
task_env_weather_181583          gain_only      r=3.0000 dists=0.1544 lpips=0.3855 effect=0.6843 (38s)
task_env_weather_246440          gain_only      r=3.0000 dists=0.1484 lpips=0.3823 effect=0.4850 (38s)
task_env_weather_63722           gain_only      r=3.0000 dists=0.1214 lpips=0.2787 effect=0.3104 (38s)
task_obj_add_13726               gain_only      r=3.0000 dists=0.1585 lpips=0.3934 effect=0.6618 (38s)
task_obj_add_340466              gain_only      r=3.0000 dists=0.1304 lpips=0.2309 effect=0.3290 (38s)
task_obj_add_40931               gain_only      r=3.0000 dists=0.1527 lpips=0.4797 effect=0.4652 (38s)
task_obj_add_581286              gain_only      r=3.0000 dists=0.1081 lpips=0.3005 effect=0.3722 (38s)
task_obj_add_692065              gain_only      r=3.0000 dists=0.1316 lpips=0.3004 effect=0.3232 (38s)
task_obj_remove_10197            gain_only      r=3.0000 dists=0.1589 lpips=0.3685 effect=0.4395 (38s)
task_obj_remove_257910           gain_only      r=3.0000 dists=0.1012 lpips=0.3899 effect=0.3770 (38s)
task_obj_remove_380621           gain_only      r=3.0000 dists=0.1387 lpips=0.3853 effect=0.5987 (38s)
task_obj_remove_509477           gain_only      r=3.0000 dists=0.1307 lpips=0.3920 effect=0.4079 (38s)
task_obj_remove_657585           gain_only      r=3.0000 dists=0.1145 lpips=0.3644 effect=0.4539 (38s)
task_obj_swap_joint_mask_276754  gain_only      r=3.0000 dists=0.2377 lpips=0.4841 effect=0.2022 (38s)
task_obj_swap_joint_mask_533428  gain_only      r=3.0000 dists=0.1697 lpips=0.4308 effect=0.5194 (38s)
/nfs/home/nelson0314/venvs/wacv/lib/python3.11/site-packages/diffusers/image_processor.py:724: FutureWarning: Passing `image` as torch tensor with value range in [-1,1] is deprecated. The expected value range for image tensor is [0,1] when passing as pytorch tensor or numpy Array. You passed `image` with value range [-0.9686274528503418,1.0]
  warnings.warn(
task_obj_swap_joint_mask_75733   gain_only      r=3.0000 dists=0.1594 lpips=0.3959 effect=0.4625 (38s)
task_obj_swap_rand_mask_298147   gain_only      r=3.0000 dists=0.2064 lpips=0.4627 effect=0.6587 (38s)
task_obj_swap_rand_mask_417469   gain_only      r=3.0000 dists=0.1311 lpips=0.3574 effect=0.4556 (38s)

表：runs/ip2p_reach_lpips_ext/gox_g66/results.csv（25 列）
