Warning: You are sending unauthenticated requests to the HF Hub. Please set a HF_TOKEN to enable higher rate limits and faster downloads.
Loading pipeline components...:   0%|          | 0/6 [00:00<?, ?it/s]
Loading weights:   0%|          | 0/196 [00:00<?, ?it/s][ALoading weights: 100%|██████████| 196/196 [00:00<00:00, 4356.38it/s]
Loading pipeline components...:  17%|█▋        | 1/6 [00:00<00:00,  7.17it/s]Loading pipeline components...:  67%|██████▋   | 4/6 [00:00<00:00, 13.86it/s]Loading pipeline components...: 100%|██████████| 6/6 [00:00<00:00, 15.85it/s]
There are modules in AutoencoderKL that should be kept in float32: []. Casting directly with `to()` can lead to inconsistent results; set `torch_dtype` in `from_pretrained()` instead to keep these modules in float32.
/nfs/home/nelson0314/venvs/wacv/lib/python3.11/site-packages/torchvision/models/_utils.py:207: UserWarning: The parameter 'pretrained' is deprecated since 0.13 and may be removed in the future, please use 'weights' instead.
  warnings.warn(
/nfs/home/nelson0314/venvs/wacv/lib/python3.11/site-packages/torchvision/models/_utils.py:222: UserWarning: Arguments other than a weight enum or `None` for 'weights' are deprecated since 0.13 and may be removed in the future. The current behavior is equivalent to passing `weights=VGG16_Weights.IMAGENET1K_V1`. You can also use `weights=VGG16_Weights.DEFAULT` to get the most up-to-date weights.
  warnings.warn(msg)
IP2P 線：13 張、條件 ['dct_shield_y']、steps=100 s_T=7.5 s_I=1.5 seed=20260812
/nfs/home/nelson0314/venvs/wacv/lib/python3.11/site-packages/diffusers/image_processor.py:724: FutureWarning: Passing `image` as torch tensor with value range in [-1,1] is deprecated. The expected value range for image tensor is [0,1] when passing as pytorch tensor or numpy Array. You passed `image` with value range [-1.0,1.0]
  warnings.warn(
    [dct_shield_y] step    0 loss 107.0090
    [dct_shield_y] step  250 loss 70.5282
    [dct_shield_y] step  500 loss 69.6718
    [dct_shield_y] step  750 loss 68.9663
    [dct_shield_y] step  999 loss 68.0768
Loading weights:   0%|          | 0/398 [00:00<?, ?it/s]Loading weights: 100%|██████████| 398/398 [00:00<00:00, 12740.28it/s]
[transformers] Model config: bos_token_id must be `None` or an integer within the vocabulary (between 0 and 31999), got 49406. This may result in unexpected behavior.
[transformers] Model config: eos_token_id must be `None` or an integer within the vocabulary (between 0 and 31999), got 49407. This may result in unexpected behavior.
Loading weights:   0%|          | 0/408 [00:00<?, ?it/s]Loading weights:  86%|████████▌ | 351/408 [00:00<00:00, 3482.50it/s]Loading weights: 100%|██████████| 408/408 [00:00<00:00, 3447.62it/s]
task_attr_mod_color_11699        dct_shield_y   r=1.0000 dists=0.0327 lpips=0.3960 effect=0.3828 (382s)
    [dct_shield_y] step    0 loss 133.6177
    [dct_shield_y] step  250 loss 78.2545
    [dct_shield_y] step  500 loss 76.5610
    [dct_shield_y] step  750 loss 75.3192
    [dct_shield_y] step  999 loss 73.8695
task_attr_mod_color_136767       dct_shield_y   r=1.0000 dists=0.0355 lpips=0.3522 effect=0.5742 (370s)
    [dct_shield_y] step    0 loss 105.4397
    [dct_shield_y] step  250 loss 75.5644
    [dct_shield_y] step  500 loss 74.8086
    [dct_shield_y] step  750 loss 73.8443
    [dct_shield_y] step  999 loss 72.8146
task_attr_mod_color_184837       dct_shield_y   r=1.0000 dists=0.0180 lpips=0.2625 effect=0.3733 (373s)
    [dct_shield_y] step    0 loss 168.6569
    [dct_shield_y] step  250 loss 84.4306
    [dct_shield_y] step  500 loss 81.5530
    [dct_shield_y] step  750 loss 79.2053
    [dct_shield_y] step  999 loss 76.1962
task_attr_mod_color_32648        dct_shield_y   r=1.0000 dists=0.0684 lpips=0.5172 effect=0.6297 (371s)
    [dct_shield_y] step    0 loss 111.1863
    [dct_shield_y] step  250 loss 66.7293
    [dct_shield_y] step  500 loss 65.7713
    [dct_shield_y] step  750 loss 64.8889
    [dct_shield_y] step  999 loss 63.8335
task_attr_mod_color_6205         dct_shield_y   r=1.0000 dists=0.0403 lpips=0.4433 effect=0.5732 (371s)
    [dct_shield_y] step    0 loss 121.9079
    [dct_shield_y] step  250 loss 68.0533
    [dct_shield_y] step  500 loss 66.6464
    [dct_shield_y] step  750 loss 65.3039
    [dct_shield_y] step  999 loss 63.7029
task_env_weather_112463          dct_shield_y   r=1.0000 dists=0.0183 lpips=0.5088 effect=0.3817 (370s)
    [dct_shield_y] step    0 loss 116.5259
    [dct_shield_y] step  250 loss 90.9917
    [dct_shield_y] step  500 loss 90.2264
    [dct_shield_y] step  750 loss 89.5366
    [dct_shield_y] step  999 loss 88.6194
task_env_weather_246440          dct_shield_y   r=1.0000 dists=0.0093 lpips=0.2189 effect=0.3906 (371s)
    [dct_shield_y] step    0 loss 93.5997
    [dct_shield_y] step  250 loss 59.8623
    [dct_shield_y] step  500 loss 57.2709
    [dct_shield_y] step  750 loss 55.6295
    [dct_shield_y] step  999 loss 54.0157
task_env_weather_63722           dct_shield_y   r=1.0000 dists=0.0232 lpips=0.3844 effect=0.4473 (371s)
    [dct_shield_y] step    0 loss 115.2241
    [dct_shield_y] step  250 loss 76.8034
    [dct_shield_y] step  500 loss 75.3090
    [dct_shield_y] step  750 loss 74.2652
    [dct_shield_y] step  999 loss 73.1530
task_obj_add_40931               dct_shield_y   r=1.0000 dists=0.0204 lpips=0.3469 effect=0.4173 (371s)
    [dct_shield_y] step    0 loss 104.5586
    [dct_shield_y] step  250 loss 62.3400
    [dct_shield_y] step  500 loss 60.1214
    [dct_shield_y] step  750 loss 58.5573
    [dct_shield_y] step  999 loss 56.8626
task_obj_remove_380621           dct_shield_y   r=1.0000 dists=0.0328 lpips=0.4390 effect=0.6662 (371s)
    [dct_shield_y] step    0 loss 137.4309
    [dct_shield_y] step  250 loss 88.8792
    [dct_shield_y] step  500 loss 85.6889
    [dct_shield_y] step  750 loss 83.8865
    [dct_shield_y] step  999 loss 82.0353
task_obj_swap_joint_mask_276754  dct_shield_y   r=1.0000 dists=0.0334 lpips=0.3370 effect=0.5998 (370s)
    [dct_shield_y] step    0 loss 108.9757
    [dct_shield_y] step  250 loss 76.6394
    [dct_shield_y] step  500 loss 75.8560
    [dct_shield_y] step  750 loss 75.2352
    [dct_shield_y] step  999 loss 74.4900
task_obj_swap_joint_mask_533428  dct_shield_y   r=1.0000 dists=0.0134 lpips=0.3211 effect=0.4859 (370s)
    [dct_shield_y] step    0 loss 123.0653
    [dct_shield_y] step  250 loss 76.4603
    [dct_shield_y] step  500 loss 73.9510
    [dct_shield_y] step  750 loss 72.5797
    [dct_shield_y] step  999 loss 71.2103
task_obj_swap_rand_mask_417469   dct_shield_y   r=1.0000 dists=0.0230 lpips=0.3838 effect=0.5883 (371s)

表：runs/ip2p_dct_band_extend/dct_y_e10/results.csv（13 列）
