Loading pipeline components...:   0%|          | 0/6 [00:00<?, ?it/s]Loading pipeline components...:  50%|█████     | 3/6 [00:00<00:00, 25.71it/s]
Loading weights:   0%|          | 0/196 [00:00<?, ?it/s][ALoading weights: 100%|██████████| 196/196 [00:00<00:00, 3764.12it/s]
Loading pipeline components...: 100%|██████████| 6/6 [00:00<00:00, 15.58it/s]Loading pipeline components...: 100%|██████████| 6/6 [00:00<00:00, 16.55it/s]
There are modules in UNet2DConditionModel that should be kept in float32: []. Casting directly with `to()` can lead to inconsistent results; set `torch_dtype` in `from_pretrained()` instead to keep these modules in float32.
There are modules in AutoencoderKL that should be kept in float32: []. Casting directly with `to()` can lead to inconsistent results; set `torch_dtype` in `from_pretrained()` instead to keep these modules in float32.
/nfs/home/nelson0314/venvs/wacv/lib/python3.11/site-packages/torchvision/models/_utils.py:207: UserWarning: The parameter 'pretrained' is deprecated since 0.13 and may be removed in the future, please use 'weights' instead.
  warnings.warn(
/nfs/home/nelson0314/venvs/wacv/lib/python3.11/site-packages/torchvision/models/_utils.py:222: UserWarning: Arguments other than a weight enum or `None` for 'weights' are deprecated since 0.13 and may be removed in the future. The current behavior is equivalent to passing `weights=VGG16_Weights.IMAGENET1K_V1`. You can also use `weights=VGG16_Weights.DEFAULT` to get the most up-to-date weights.
  warnings.warn(msg)

########## bird_00 (bird) ##########
=== bird_00 / add__human ===
Warning: You are sending unauthenticated requests to the HF Hub. Please set a HF_TOKEN to enable higher rate limits and faster downloads.
Loading pretrained model NIMA from /nfs/home/nelson0314/.cache/torch/hub/pyiqa/NIMA_InceptionV2_ava-b0c77c00.pth
Loading pretrained model CNNIQA from /nfs/home/nelson0314/.cache/torch/hub/pyiqa/CNNIQA_koniq10k-e6f14c91.pth
Loading weights:   0%|          | 0/398 [00:00<?, ?it/s]Loading weights: 100%|██████████| 398/398 [00:00<00:00, 22727.16it/s]
Loading weights:   0%|          | 0/398 [00:00<?, ?it/s]Loading weights: 100%|██████████| 398/398 [00:00<00:00, 16278.87it/s]
[transformers] Model config: bos_token_id must be `None` or an integer within the vocabulary (between 0 and 31999), got 49406. This may result in unexpected behavior.
[transformers] Model config: eos_token_id must be `None` or an integer within the vocabulary (between 0 and 31999), got 49407. This may result in unexpected behavior.
Loading weights:   0%|          | 0/408 [00:00<?, ?it/s]Loading weights:  80%|███████▉  | 325/408 [00:00<00:00, 3248.17it/s]Loading weights: 100%|██████████| 408/408 [00:00<00:00, 3200.17it/s]
{'image': 'bird_00', 'condition': 'add', 'budget_target': 'human', 'budget_mode': 'human', 'budget_reached': 0.00292, 'unreachable': False, 'radius': 0.00471, 'total_seconds': 42.2, 'fid_lpips': 0.2716, 'fid_ssim': 0.997, 'fid_dists': 0.0029, 'fid_psnr': 48.0323, 'fid_clip_img': 0.9871, 'fid_nima': 5.5667, 'fid_cnniqa': 0.713, 'edit_lpips': 0.5223, 'edit_clip_orig': 0.2715, 'edit_clip_def': 0.3028, 'edit_clip_drop': -0.0313, 'edit_siglip_orig': 0.106, 'edit_siglip_def': 0.1123, 'edit_siglip_drop': -0.0062}
=== bird_00 / phase__human ===
{'image': 'bird_00', 'condition': 'phase', 'budget_target': 'human', 'budget_mode': 'human', 'budget_reached': 0.04331, 'unreachable': False, 'radius': 1.3, 'total_seconds': 25.4, 'fid_lpips': 0.1638, 'fid_ssim': 0.9687, 'fid_dists': 0.0433, 'fid_psnr': 32.5828, 'fid_clip_img': 0.9961, 'fid_nima': 5.3112, 'fid_cnniqa': 0.7152, 'edit_lpips': 0.5842, 'edit_clip_orig': 0.2715, 'edit_clip_def': 0.3013, 'edit_clip_drop': -0.0297, 'edit_siglip_orig': 0.106, 'edit_siglip_def': 0.1041, 'edit_siglip_drop': 0.002, 'amp_dev': 0.01823, 'active_fraction': 0.3902}
=== bird_00 / phase_rand__human ===
{'image': 'bird_00', 'condition': 'phase_rand', 'budget_target': 'human', 'budget_mode': 'human', 'budget_reached': 0.05922, 'unreachable': False, 'radius': 1.3, 'total_seconds': 11.0, 'fid_lpips': 0.0718, 'fid_ssim': 0.9709, 'fid_dists': 0.0592, 'fid_psnr': 33.3097, 'fid_clip_img': 0.9953, 'fid_nima': 5.2122, 'fid_cnniqa': 0.7111, 'edit_lpips': 0.244, 'edit_clip_orig': 0.2715, 'edit_clip_def': 0.2831, 'edit_clip_drop': -0.0115, 'edit_siglip_orig': 0.106, 'edit_siglip_def': 0.1158, 'edit_siglip_drop': -0.0097, 'amp_dev': 0.0178, 'active_fraction': 0.3902}

########## bird_01 (bird) ##########
=== bird_01 / add__human ===
{'image': 'bird_01', 'condition': 'add', 'budget_target': 'human', 'budget_mode': 'human', 'budget_reached': 0.00486, 'unreachable': False, 'radius': 0.00471, 'total_seconds': 25.8, 'fid_lpips': 0.151, 'fid_ssim': 0.9985, 'fid_dists': 0.0049, 'fid_psnr': 47.2863, 'fid_clip_img': 0.9987, 'fid_nima': 4.9878, 'fid_cnniqa': 0.7145, 'edit_lpips': 0.3194, 'edit_clip_orig': 0.2765, 'edit_clip_def': 0.2692, 'edit_clip_drop': 0.0073, 'edit_siglip_orig': 0.1118, 'edit_siglip_def': 0.1061, 'edit_siglip_drop': 0.0057}
=== bird_01 / phase__human ===
{'image': 'bird_01', 'condition': 'phase', 'budget_target': 'human', 'budget_mode': 'human', 'budget_reached': 0.07818, 'unreachable': False, 'radius': 1.3, 'total_seconds': 26.3, 'fid_lpips': 0.2967, 'fid_ssim': 0.9378, 'fid_dists': 0.0782, 'fid_psnr': 29.9611, 'fid_clip_img': 0.988, 'fid_nima': 5.0128, 'fid_cnniqa': 0.7293, 'edit_lpips': 0.5646, 'edit_clip_orig': 0.2765, 'edit_clip_def': 0.3002, 'edit_clip_drop': -0.0237, 'edit_siglip_orig': 0.1118, 'edit_siglip_def': 0.1146, 'edit_siglip_drop': -0.0027, 'amp_dev': 0.02628, 'active_fraction': 0.5692}
=== bird_01 / phase_rand__human ===
{'image': 'bird_01', 'condition': 'phase_rand', 'budget_target': 'human', 'budget_mode': 'human', 'budget_reached': 0.07682, 'unreachable': False, 'radius': 1.3, 'total_seconds': 11.2, 'fid_lpips': 0.0904, 'fid_ssim': 0.9509, 'fid_dists': 0.0768, 'fid_psnr': 31.0484, 'fid_clip_img': 0.9946, 'fid_nima': 4.8999, 'fid_cnniqa': 0.7098, 'edit_lpips': 0.2583, 'edit_clip_orig': 0.2765, 'edit_clip_def': 0.2696, 'edit_clip_drop': 0.0069, 'edit_siglip_orig': 0.1118, 'edit_siglip_def': 0.1079, 'edit_siglip_drop': 0.004, 'amp_dev': 0.02454, 'active_fraction': 0.5692}

########## bird_02 (bird) ##########
=== bird_02 / add__human ===
{'image': 'bird_02', 'condition': 'add', 'budget_target': 'human', 'budget_mode': 'human', 'budget_reached': 0.00253, 'unreachable': False, 'radius': 0.00471, 'total_seconds': 26.1, 'fid_lpips': 0.13, 'fid_ssim': 0.9979, 'fid_dists': 0.0025, 'fid_psnr': 47.5633, 'fid_clip_img': 0.9997, 'fid_nima': 4.4835, 'fid_cnniqa': 0.6074, 'edit_lpips': 0.4187, 'edit_clip_orig': 0.2817, 'edit_clip_def': 0.2973, 'edit_clip_drop': -0.0157, 'edit_siglip_orig': 0.109, 'edit_siglip_def': 0.1105, 'edit_siglip_drop': -0.0015}
=== bird_02 / phase__human ===
{'image': 'bird_02', 'condition': 'phase', 'budget_target': 'human', 'budget_mode': 'human', 'budget_reached': 0.04606, 'unreachable': False, 'radius': 1.3, 'total_seconds': 26.4, 'fid_lpips': 0.394, 'fid_ssim': 0.9587, 'fid_dists': 0.0461, 'fid_psnr': 33.9122, 'fid_clip_img': 0.9957, 'fid_nima': 4.3295, 'fid_cnniqa': 0.5946, 'edit_lpips': 0.5564, 'edit_clip_orig': 0.2817, 'edit_clip_def': 0.26, 'edit_clip_drop': 0.0217, 'edit_siglip_orig': 0.109, 'edit_siglip_def': 0.102, 'edit_siglip_drop': 0.007, 'amp_dev': 0.01989, 'active_fraction': 0.6916}
=== bird_02 / phase_rand__human ===
{'image': 'bird_02', 'condition': 'phase_rand', 'budget_target': 'human', 'budget_mode': 'human', 'budget_reached': 0.04294, 'unreachable': False, 'radius': 1.3, 'total_seconds': 11.2, 'fid_lpips': 0.0699, 'fid_ssim': 0.9676, 'fid_dists': 0.0429, 'fid_psnr': 35.4523, 'fid_clip_img': 0.9968, 'fid_nima': 4.2743, 'fid_cnniqa': 0.5666, 'edit_lpips': 0.0936, 'edit_clip_orig': 0.2817, 'edit_clip_def': 0.2739, 'edit_clip_drop': 0.0077, 'edit_siglip_orig': 0.109, 'edit_siglip_def': 0.1082, 'edit_siglip_drop': 0.0008, 'amp_dev': 0.01812, 'active_fraction': 0.6916}

########## bird_03 (bird) ##########
=== bird_03 / add__human ===
{'image': 'bird_03', 'condition': 'add', 'budget_target': 'human', 'budget_mode': 'human', 'budget_reached': 0.01489, 'unreachable': False, 'radius': 0.00471, 'total_seconds': 26.3, 'fid_lpips': 0.2232, 'fid_ssim': 0.9973, 'fid_dists': 0.0149, 'fid_psnr': 48.0962, 'fid_clip_img': 0.9962, 'fid_nima': 5.6069, 'fid_cnniqa': 0.7214, 'edit_lpips': 0.4874, 'edit_clip_orig': 0.2725, 'edit_clip_def': 0.2992, 'edit_clip_drop': -0.0267, 'edit_siglip_orig': 0.1038, 'edit_siglip_def': 0.111, 'edit_siglip_drop': -0.0072}
=== bird_03 / phase__human ===
{'image': 'bird_03', 'condition': 'phase', 'budget_target': 'human', 'budget_mode': 'human', 'budget_reached': 0.02574, 'unreachable': False, 'radius': 1.3, 'total_seconds': 26.4, 'fid_lpips': 0.1918, 'fid_ssim': 0.9645, 'fid_dists': 0.0257, 'fid_psnr': 34.9561, 'fid_clip_img': 0.9982, 'fid_nima': 5.461, 'fid_cnniqa': 0.7189, 'edit_lpips': 0.5663, 'edit_clip_orig': 0.2725, 'edit_clip_def': 0.3034, 'edit_clip_drop': -0.0309, 'edit_siglip_orig': 0.1038, 'edit_siglip_def': 0.107, 'edit_siglip_drop': -0.0031, 'amp_dev': 0.01455, 'active_fraction': 0.4617}
=== bird_03 / phase_rand__human ===
{'image': 'bird_03', 'condition': 'phase_rand', 'budget_target': 'human', 'budget_mode': 'human', 'budget_reached': 0.03882, 'unreachable': False, 'radius': 1.3, 'total_seconds': 11.2, 'fid_lpips': 0.0674, 'fid_ssim': 0.9683, 'fid_dists': 0.0388, 'fid_psnr': 35.6812, 'fid_clip_img': 0.9966, 'fid_nima': 5.5208, 'fid_cnniqa': 0.7122, 'edit_lpips': 0.1724, 'edit_clip_orig': 0.2725, 'edit_clip_def': 0.2661, 'edit_clip_drop': 0.0064, 'edit_siglip_orig': 0.1038, 'edit_siglip_def': 0.1064, 'edit_siglip_drop': -0.0025, 'amp_dev': 0.01373, 'active_fraction': 0.4617}

########## cat_00 (cat) ##########
=== cat_00 / add__human ===
{'image': 'cat_00', 'condition': 'add', 'budget_target': 'human', 'budget_mode': 'human', 'budget_reached': 0.00511, 'unreachable': False, 'radius': 0.00471, 'total_seconds': 26.1, 'fid_lpips': 0.0373, 'fid_ssim': 0.9991, 'fid_dists': 0.0051, 'fid_psnr': 47.5894, 'fid_clip_img': 0.9986, 'fid_nima': 4.8499, 'fid_cnniqa': 0.7208, 'edit_lpips': 0.2095, 'edit_clip_orig': 0.2452, 'edit_clip_def': 0.247, 'edit_clip_drop': -0.0018, 'edit_siglip_orig': 0.0621, 'edit_siglip_def': 0.0683, 'edit_siglip_drop': -0.0061}
=== cat_00 / phase__human ===
{'image': 'cat_00', 'condition': 'phase', 'budget_target': 'human', 'budget_mode': 'human', 'budget_reached': 0.04273, 'unreachable': False, 'radius': 1.3, 'total_seconds': 26.3, 'fid_lpips': 0.2729, 'fid_ssim': 0.9198, 'fid_dists': 0.0427, 'fid_psnr': 23.7821, 'fid_clip_img': 0.9892, 'fid_nima': 5.1171, 'fid_cnniqa': 0.7225, 'edit_lpips': 0.5476, 'edit_clip_orig': 0.2452, 'edit_clip_def': 0.2601, 'edit_clip_drop': -0.015, 'edit_siglip_orig': 0.0621, 'edit_siglip_def': 0.0737, 'edit_siglip_drop': -0.0116, 'amp_dev': 0.05484, 'active_fraction': 0.5538}
=== cat_00 / phase_rand__human ===
{'image': 'cat_00', 'condition': 'phase_rand', 'budget_target': 'human', 'budget_mode': 'human', 'budget_reached': 0.04685, 'unreachable': False, 'radius': 1.3, 'total_seconds': 11.1, 'fid_lpips': 0.1076, 'fid_ssim': 0.9309, 'fid_dists': 0.0469, 'fid_psnr': 24.6905, 'fid_clip_img': 0.9876, 'fid_nima': 5.0342, 'fid_cnniqa': 0.717, 'edit_lpips': 0.4016, 'edit_clip_orig': 0.2452, 'edit_clip_def': 0.2518, 'edit_clip_drop': -0.0066, 'edit_siglip_orig': 0.0621, 'edit_siglip_def': 0.0687, 'edit_siglip_drop': -0.0065, 'amp_dev': 0.0525, 'active_fraction': 0.5538}

########## cat_01 (cat) ##########
=== cat_01 / add__human ===
{'image': 'cat_01', 'condition': 'add', 'budget_target': 'human', 'budget_mode': 'human', 'budget_reached': 0.00244, 'unreachable': False, 'radius': 0.00471, 'total_seconds': 26.3, 'fid_lpips': 0.187, 'fid_ssim': 0.9983, 'fid_dists': 0.0024, 'fid_psnr': 47.3712, 'fid_clip_img': 0.9969, 'fid_nima': 5.5365, 'fid_cnniqa': 0.7079, 'edit_lpips': 0.4253, 'edit_clip_orig': 0.2601, 'edit_clip_def': 0.257, 'edit_clip_drop': 0.0032, 'edit_siglip_orig': 0.0917, 'edit_siglip_def': 0.0933, 'edit_siglip_drop': -0.0016}
=== cat_01 / phase__human ===
{'image': 'cat_01', 'condition': 'phase', 'budget_target': 'human', 'budget_mode': 'human', 'budget_reached': 0.03789, 'unreachable': False, 'radius': 1.3, 'total_seconds': 26.5, 'fid_lpips': 0.1649, 'fid_ssim': 0.9685, 'fid_dists': 0.0379, 'fid_psnr': 33.2738, 'fid_clip_img': 0.9909, 'fid_nima': 5.5655, 'fid_cnniqa': 0.7123, 'edit_lpips': 0.4588, 'edit_clip_orig': 0.2601, 'edit_clip_def': 0.2823, 'edit_clip_drop': -0.0221, 'edit_siglip_orig': 0.0917, 'edit_siglip_def': 0.0892, 'edit_siglip_drop': 0.0025, 'amp_dev': 0.01726, 'active_fraction': 0.4877}
=== cat_01 / phase_rand__human ===
{'image': 'cat_01', 'condition': 'phase_rand', 'budget_target': 'human', 'budget_mode': 'human', 'budget_reached': 0.03947, 'unreachable': False, 'radius': 1.3, 'total_seconds': 11.3, 'fid_lpips': 0.0734, 'fid_ssim': 0.9711, 'fid_dists': 0.0395, 'fid_psnr': 33.6688, 'fid_clip_img': 0.9921, 'fid_nima': 5.1042, 'fid_cnniqa': 0.7182, 'edit_lpips': 0.1103, 'edit_clip_orig': 0.2601, 'edit_clip_def': 0.2572, 'edit_clip_drop': 0.0029, 'edit_siglip_orig': 0.0917, 'edit_siglip_def': 0.0921, 'edit_siglip_drop': -0.0004, 'amp_dev': 0.01652, 'active_fraction': 0.4877}

########## cat_02 (cat) ##########
=== cat_02 / add__human ===
{'image': 'cat_02', 'condition': 'add', 'budget_target': 'human', 'budget_mode': 'human', 'budget_reached': 0.00602, 'unreachable': False, 'radius': 0.00471, 'total_seconds': 26.1, 'fid_lpips': 0.0609, 'fid_ssim': 0.999, 'fid_dists': 0.006, 'fid_psnr': 47.4959, 'fid_clip_img': 0.9985, 'fid_nima': 4.5022, 'fid_cnniqa': 0.6386, 'edit_lpips': 0.311, 'edit_clip_orig': 0.2521, 'edit_clip_def': 0.2515, 'edit_clip_drop': 0.0006, 'edit_siglip_orig': 0.0912, 'edit_siglip_def': 0.0864, 'edit_siglip_drop': 0.0048}
=== cat_02 / phase__human ===
{'image': 'cat_02', 'condition': 'phase', 'budget_target': 'human', 'budget_mode': 'human', 'budget_reached': 0.03988, 'unreachable': False, 'radius': 1.3, 'total_seconds': 26.4, 'fid_lpips': 0.3322, 'fid_ssim': 0.9553, 'fid_dists': 0.0399, 'fid_psnr': 32.0762, 'fid_clip_img': 0.9967, 'fid_nima': 4.558, 'fid_cnniqa': 0.6635, 'edit_lpips': 0.5638, 'edit_clip_orig': 0.2521, 'edit_clip_def': 0.2616, 'edit_clip_drop': -0.0095, 'edit_siglip_orig': 0.0912, 'edit_siglip_def': 0.0951, 'edit_siglip_drop': -0.0039, 'amp_dev': 0.02228, 'active_fraction': 0.5549}
=== cat_02 / phase_rand__human ===
{'image': 'cat_02', 'condition': 'phase_rand', 'budget_target': 'human', 'budget_mode': 'human', 'budget_reached': 0.04657, 'unreachable': False, 'radius': 1.3, 'total_seconds': 11.1, 'fid_lpips': 0.0645, 'fid_ssim': 0.969, 'fid_dists': 0.0466, 'fid_psnr': 33.9322, 'fid_clip_img': 0.9969, 'fid_nima': 4.308, 'fid_cnniqa': 0.5757, 'edit_lpips': 0.1878, 'edit_clip_orig': 0.2521, 'edit_clip_def': 0.2536, 'edit_clip_drop': -0.0016, 'edit_siglip_orig': 0.0912, 'edit_siglip_def': 0.0933, 'edit_siglip_drop': -0.0021, 'amp_dev': 0.01881, 'active_fraction': 0.5549}

########## cat_03 (cat) ##########
=== cat_03 / add__human ===
{'image': 'cat_03', 'condition': 'add', 'budget_target': 'human', 'budget_mode': 'human', 'budget_reached': 0.00412, 'unreachable': False, 'radius': 0.00471, 'total_seconds': 26.1, 'fid_lpips': 0.0236, 'fid_ssim': 0.9993, 'fid_dists': 0.0041, 'fid_psnr': 47.4679, 'fid_clip_img': 0.9985, 'fid_nima': 5.1917, 'fid_cnniqa': 0.6771, 'edit_lpips': 0.2537, 'edit_clip_orig': 0.2622, 'edit_clip_def': 0.26, 'edit_clip_drop': 0.0022, 'edit_siglip_orig': 0.0853, 'edit_siglip_def': 0.0786, 'edit_siglip_drop': 0.0066}
=== cat_03 / phase__human ===
{'image': 'cat_03', 'condition': 'phase', 'budget_target': 'human', 'budget_mode': 'human', 'budget_reached': 0.05481, 'unreachable': False, 'radius': 1.3, 'total_seconds': 26.4, 'fid_lpips': 0.3236, 'fid_ssim': 0.9021, 'fid_dists': 0.0548, 'fid_psnr': 23.8105, 'fid_clip_img': 0.9919, 'fid_nima': 5.1362, 'fid_cnniqa': 0.6845, 'edit_lpips': 0.5967, 'edit_clip_orig': 0.2622, 'edit_clip_def': 0.2794, 'edit_clip_drop': -0.0172, 'edit_siglip_orig': 0.0853, 'edit_siglip_def': 0.0838, 'edit_siglip_drop': 0.0015, 'amp_dev': 0.06531, 'active_fraction': 0.6238}
=== cat_03 / phase_rand__human ===
{'image': 'cat_03', 'condition': 'phase_rand', 'budget_target': 'human', 'budget_mode': 'human', 'budget_reached': 0.07045, 'unreachable': False, 'radius': 1.3, 'total_seconds': 11.1, 'fid_lpips': 0.1273, 'fid_ssim': 0.9232, 'fid_dists': 0.0704, 'fid_psnr': 24.918, 'fid_clip_img': 0.9927, 'fid_nima': 5.12, 'fid_cnniqa': 0.6893, 'edit_lpips': 0.2586, 'edit_clip_orig': 0.2622, 'edit_clip_def': 0.2693, 'edit_clip_drop': -0.007, 'edit_siglip_orig': 0.0853, 'edit_siglip_def': 0.094, 'edit_siglip_drop': -0.0087, 'amp_dev': 0.0631, 'active_fraction': 0.6238}

########## dog_00 (dog) ##########
=== dog_00 / add__human ===
{'image': 'dog_00', 'condition': 'add', 'budget_target': 'human', 'budget_mode': 'human', 'budget_reached': 0.00376, 'unreachable': False, 'radius': 0.00471, 'total_seconds': 26.3, 'fid_lpips': 0.1821, 'fid_ssim': 0.9979, 'fid_dists': 0.0038, 'fid_psnr': 47.6048, 'fid_clip_img': 0.9993, 'fid_nima': 4.7331, 'fid_cnniqa': 0.6878, 'edit_lpips': 0.4721, 'edit_clip_orig': 0.2675, 'edit_clip_def': 0.2709, 'edit_clip_drop': -0.0034, 'edit_siglip_orig': 0.0695, 'edit_siglip_def': 0.0846, 'edit_siglip_drop': -0.0151}
=== dog_00 / phase__human ===
{'image': 'dog_00', 'condition': 'phase', 'budget_target': 'human', 'budget_mode': 'human', 'budget_reached': 0.03644, 'unreachable': False, 'radius': 1.3, 'total_seconds': 26.4, 'fid_lpips': 0.2897, 'fid_ssim': 0.954, 'fid_dists': 0.0364, 'fid_psnr': 32.8086, 'fid_clip_img': 0.9972, 'fid_nima': 4.6685, 'fid_cnniqa': 0.6934, 'edit_lpips': 0.5367, 'edit_clip_orig': 0.2675, 'edit_clip_def': 0.2986, 'edit_clip_drop': -0.0311, 'edit_siglip_orig': 0.0695, 'edit_siglip_def': 0.0963, 'edit_siglip_drop': -0.0268, 'amp_dev': 0.02034, 'active_fraction': 0.5002}
=== dog_00 / phase_rand__human ===
{'image': 'dog_00', 'condition': 'phase_rand', 'budget_target': 'human', 'budget_mode': 'human', 'budget_reached': 0.02595, 'unreachable': False, 'radius': 1.3, 'total_seconds': 11.2, 'fid_lpips': 0.0628, 'fid_ssim': 0.9632, 'fid_dists': 0.0259, 'fid_psnr': 33.7548, 'fid_clip_img': 0.9973, 'fid_nima': 4.5761, 'fid_cnniqa': 0.6876, 'edit_lpips': 0.3461, 'edit_clip_orig': 0.2675, 'edit_clip_def': 0.2603, 'edit_clip_drop': 0.0072, 'edit_siglip_orig': 0.0695, 'edit_siglip_def': 0.0825, 'edit_siglip_drop': -0.0129, 'amp_dev': 0.01985, 'active_fraction': 0.5002}

########## dog_01 (dog) ##########
=== dog_01 / add__human ===
{'image': 'dog_01', 'condition': 'add', 'budget_target': 'human', 'budget_mode': 'human', 'budget_reached': 0.0047, 'unreachable': False, 'radius': 0.00471, 'total_seconds': 26.3, 'fid_lpips': 0.2121, 'fid_ssim': 0.9975, 'fid_dists': 0.0047, 'fid_psnr': 47.5784, 'fid_clip_img': 0.9908, 'fid_nima': 5.6976, 'fid_cnniqa': 0.6335, 'edit_lpips': 0.2091, 'edit_clip_orig': 0.2742, 'edit_clip_def': 0.2767, 'edit_clip_drop': -0.0025, 'edit_siglip_orig': 0.0908, 'edit_siglip_def': 0.0934, 'edit_siglip_drop': -0.0026}
=== dog_01 / phase__human ===
{'image': 'dog_01', 'condition': 'phase', 'budget_target': 'human', 'budget_mode': 'human', 'budget_reached': 0.0288, 'unreachable': False, 'radius': 1.3, 'total_seconds': 26.5, 'fid_lpips': 0.2047, 'fid_ssim': 0.9686, 'fid_dists': 0.0288, 'fid_psnr': 34.8035, 'fid_clip_img': 0.9975, 'fid_nima': 5.3964, 'fid_cnniqa': 0.6362, 'edit_lpips': 0.439, 'edit_clip_orig': 0.2742, 'edit_clip_def': 0.2846, 'edit_clip_drop': -0.0104, 'edit_siglip_orig': 0.0908, 'edit_siglip_def': 0.0996, 'edit_siglip_drop': -0.0088, 'amp_dev': 0.01828, 'active_fraction': 0.4066}
=== dog_01 / phase_rand__human ===
{'image': 'dog_01', 'condition': 'phase_rand', 'budget_target': 'human', 'budget_mode': 'human', 'budget_reached': 0.02435, 'unreachable': False, 'radius': 1.3, 'total_seconds': 11.3, 'fid_lpips': 0.0471, 'fid_ssim': 0.9769, 'fid_dists': 0.0243, 'fid_psnr': 35.9586, 'fid_clip_img': 0.9973, 'fid_nima': 5.5986, 'fid_cnniqa': 0.5932, 'edit_lpips': 0.0583, 'edit_clip_orig': 0.2742, 'edit_clip_def': 0.2744, 'edit_clip_drop': -0.0001, 'edit_siglip_orig': 0.0908, 'edit_siglip_def': 0.0908, 'edit_siglip_drop': -0.0, 'amp_dev': 0.01696, 'active_fraction': 0.4066}

########## dog_02 (dog) ##########
=== dog_02 / add__human ===
{'image': 'dog_02', 'condition': 'add', 'budget_target': 'human', 'budget_mode': 'human', 'budget_reached': 0.00299, 'unreachable': False, 'radius': 0.00471, 'total_seconds': 26.2, 'fid_lpips': 0.0284, 'fid_ssim': 0.9994, 'fid_dists': 0.003, 'fid_psnr': 47.3366, 'fid_clip_img': 0.9996, 'fid_nima': 5.1666, 'fid_cnniqa': 0.6753, 'edit_lpips': 0.1608, 'edit_clip_orig': 0.2628, 'edit_clip_def': 0.2645, 'edit_clip_drop': -0.0017, 'edit_siglip_orig': 0.0796, 'edit_siglip_def': 0.0766, 'edit_siglip_drop': 0.003}
=== dog_02 / phase__human ===
{'image': 'dog_02', 'condition': 'phase', 'budget_target': 'human', 'budget_mode': 'human', 'budget_reached': 0.03442, 'unreachable': False, 'radius': 1.3, 'total_seconds': 26.5, 'fid_lpips': 0.2239, 'fid_ssim': 0.9145, 'fid_dists': 0.0344, 'fid_psnr': 24.7293, 'fid_clip_img': 0.9944, 'fid_nima': 5.1096, 'fid_cnniqa': 0.7106, 'edit_lpips': 0.4313, 'edit_clip_orig': 0.2628, 'edit_clip_def': 0.2615, 'edit_clip_drop': 0.0013, 'edit_siglip_orig': 0.0796, 'edit_siglip_def': 0.0935, 'edit_siglip_drop': -0.0139, 'amp_dev': 0.05232, 'active_fraction': 0.6177}
=== dog_02 / phase_rand__human ===
{'image': 'dog_02', 'condition': 'phase_rand', 'budget_target': 'human', 'budget_mode': 'human', 'budget_reached': 0.05919, 'unreachable': False, 'radius': 1.3, 'total_seconds': 11.2, 'fid_lpips': 0.109, 'fid_ssim': 0.9328, 'fid_dists': 0.0592, 'fid_psnr': 25.9152, 'fid_clip_img': 0.9955, 'fid_nima': 5.0666, 'fid_cnniqa': 0.6796, 'edit_lpips': 0.2806, 'edit_clip_orig': 0.2628, 'edit_clip_def': 0.2553, 'edit_clip_drop': 0.0075, 'edit_siglip_orig': 0.0796, 'edit_siglip_def': 0.0767, 'edit_siglip_drop': 0.0029, 'amp_dev': 0.04605, 'active_fraction': 0.6177}

########## dog_03 (dog) ##########
=== dog_03 / add__human ===
{'image': 'dog_03', 'condition': 'add', 'budget_target': 'human', 'budget_mode': 'human', 'budget_reached': 0.00194, 'unreachable': False, 'radius': 0.00471, 'total_seconds': 26.2, 'fid_lpips': 0.1388, 'fid_ssim': 0.9985, 'fid_dists': 0.0019, 'fid_psnr': 47.6202, 'fid_clip_img': 0.9988, 'fid_nima': 5.346, 'fid_cnniqa': 0.6745, 'edit_lpips': 0.4285, 'edit_clip_orig': 0.2573, 'edit_clip_def': 0.2485, 'edit_clip_drop': 0.0089, 'edit_siglip_orig': 0.0807, 'edit_siglip_def': 0.0784, 'edit_siglip_drop': 0.0023}
=== dog_03 / phase__human ===
{'image': 'dog_03', 'condition': 'phase', 'budget_target': 'human', 'budget_mode': 'human', 'budget_reached': 0.03356, 'unreachable': False, 'radius': 1.3, 'total_seconds': 26.4, 'fid_lpips': 0.2381, 'fid_ssim': 0.9479, 'fid_dists': 0.0336, 'fid_psnr': 30.053, 'fid_clip_img': 0.9932, 'fid_nima': 5.07, 'fid_cnniqa': 0.6739, 'edit_lpips': 0.5378, 'edit_clip_orig': 0.2573, 'edit_clip_def': 0.2864, 'edit_clip_drop': -0.0291, 'edit_siglip_orig': 0.0807, 'edit_siglip_def': 0.0961, 'edit_siglip_drop': -0.0153, 'amp_dev': 0.02364, 'active_fraction': 0.4764}
=== dog_03 / phase_rand__human ===
{'image': 'dog_03', 'condition': 'phase_rand', 'budget_target': 'human', 'budget_mode': 'human', 'budget_reached': 0.0344, 'unreachable': False, 'radius': 1.3, 'total_seconds': 11.2, 'fid_lpips': 0.0805, 'fid_ssim': 0.9539, 'fid_dists': 0.0344, 'fid_psnr': 30.6334, 'fid_clip_img': 0.9907, 'fid_nima': 4.9242, 'fid_cnniqa': 0.6268, 'edit_lpips': 0.3632, 'edit_clip_orig': 0.2573, 'edit_clip_def': 0.2612, 'edit_clip_drop': -0.0039, 'edit_siglip_orig': 0.0807, 'edit_siglip_def': 0.0816, 'edit_siglip_drop': -0.0008, 'amp_dev': 0.02357, 'active_fraction': 0.4764}

########## horse_00 (horse) ##########
=== horse_00 / add__human ===
{'image': 'horse_00', 'condition': 'add', 'budget_target': 'human', 'budget_mode': 'human', 'budget_reached': 0.01084, 'unreachable': False, 'radius': 0.00471, 'total_seconds': 26.2, 'fid_lpips': 0.1875, 'fid_ssim': 0.997, 'fid_dists': 0.0108, 'fid_psnr': 48.1404, 'fid_clip_img': 0.9933, 'fid_nima': 5.9472, 'fid_cnniqa': 0.6884, 'edit_lpips': 0.2091, 'edit_clip_orig': 0.306, 'edit_clip_def': 0.3265, 'edit_clip_drop': -0.0205, 'edit_siglip_orig': 0.119, 'edit_siglip_def': 0.1162, 'edit_siglip_drop': 0.0028}
=== horse_00 / phase__human ===
{'image': 'horse_00', 'condition': 'phase', 'budget_target': 'human', 'budget_mode': 'human', 'budget_reached': 0.05113, 'unreachable': False, 'radius': 1.3, 'total_seconds': 26.4, 'fid_lpips': 0.2397, 'fid_ssim': 0.9532, 'fid_dists': 0.0511, 'fid_psnr': 33.7695, 'fid_clip_img': 0.9903, 'fid_nima': 5.8846, 'fid_cnniqa': 0.6792, 'edit_lpips': 0.4601, 'edit_clip_orig': 0.306, 'edit_clip_def': 0.3214, 'edit_clip_drop': -0.0154, 'edit_siglip_orig': 0.119, 'edit_siglip_def': 0.1184, 'edit_siglip_drop': 0.0006, 'amp_dev': 0.01723, 'active_fraction': 0.4655}
=== horse_00 / phase_rand__human ===
{'image': 'horse_00', 'condition': 'phase_rand', 'budget_target': 'human', 'budget_mode': 'human', 'budget_reached': 0.06196, 'unreachable': False, 'radius': 1.3, 'total_seconds': 11.1, 'fid_lpips': 0.0555, 'fid_ssim': 0.9592, 'fid_dists': 0.062, 'fid_psnr': 34.7192, 'fid_clip_img': 0.9926, 'fid_nima': 5.8072, 'fid_cnniqa': 0.6613, 'edit_lpips': 0.0742, 'edit_clip_orig': 0.306, 'edit_clip_def': 0.2945, 'edit_clip_drop': 0.0115, 'edit_siglip_orig': 0.119, 'edit_siglip_def': 0.1151, 'edit_siglip_drop': 0.0039, 'amp_dev': 0.01742, 'active_fraction': 0.4655}

########## horse_01 (horse) ##########
=== horse_01 / add__human ===
{'image': 'horse_01', 'condition': 'add', 'budget_target': 'human', 'budget_mode': 'human', 'budget_reached': 0.00722, 'unreachable': False, 'radius': 0.00471, 'total_seconds': 26.2, 'fid_lpips': 0.036, 'fid_ssim': 0.9987, 'fid_dists': 0.0072, 'fid_psnr': 47.7059, 'fid_clip_img': 0.992, 'fid_nima': 4.9203, 'fid_cnniqa': 0.689, 'edit_lpips': 0.1672, 'edit_clip_orig': 0.323, 'edit_clip_def': 0.3277, 'edit_clip_drop': -0.0047, 'edit_siglip_orig': 0.1175, 'edit_siglip_def': 0.1208, 'edit_siglip_drop': -0.0033}
=== horse_01 / phase__human ===
{'image': 'horse_01', 'condition': 'phase', 'budget_target': 'human', 'budget_mode': 'human', 'budget_reached': 0.07897, 'unreachable': False, 'radius': 1.3, 'total_seconds': 26.4, 'fid_lpips': 0.3568, 'fid_ssim': 0.9116, 'fid_dists': 0.079, 'fid_psnr': 24.84, 'fid_clip_img': 0.9868, 'fid_nima': 4.907, 'fid_cnniqa': 0.6987, 'edit_lpips': 0.608, 'edit_clip_orig': 0.323, 'edit_clip_def': 0.3202, 'edit_clip_drop': 0.0028, 'edit_siglip_orig': 0.1175, 'edit_siglip_def': 0.1061, 'edit_siglip_drop': 0.0114, 'amp_dev': 0.04921, 'active_fraction': 0.6331}
=== horse_01 / phase_rand__human ===
{'image': 'horse_01', 'condition': 'phase_rand', 'budget_target': 'human', 'budget_mode': 'human', 'budget_reached': 0.08897, 'unreachable': False, 'radius': 1.3, 'total_seconds': 11.2, 'fid_lpips': 0.1244, 'fid_ssim': 0.9293, 'fid_dists': 0.089, 'fid_psnr': 25.7501, 'fid_clip_img': 0.983, 'fid_nima': 5.0141, 'fid_cnniqa': 0.704, 'edit_lpips': 0.2771, 'edit_clip_orig': 0.323, 'edit_clip_def': 0.3213, 'edit_clip_drop': 0.0017, 'edit_siglip_orig': 0.1175, 'edit_siglip_def': 0.1176, 'edit_siglip_drop': -0.0001, 'amp_dev': 0.04767, 'active_fraction': 0.6331}

########## horse_02 (horse) ##########
=== horse_02 / add__human ===
{'image': 'horse_02', 'condition': 'add', 'budget_target': 'human', 'budget_mode': 'human', 'budget_reached': 0.00257, 'unreachable': False, 'radius': 0.00471, 'total_seconds': 26.2, 'fid_lpips': 0.0483, 'fid_ssim': 0.999, 'fid_dists': 0.0026, 'fid_psnr': 47.6921, 'fid_clip_img': 0.9987, 'fid_nima': 6.075, 'fid_cnniqa': 0.6955, 'edit_lpips': 0.2592, 'edit_clip_orig': 0.3079, 'edit_clip_def': 0.2997, 'edit_clip_drop': 0.0082, 'edit_siglip_orig': 0.1074, 'edit_siglip_def': 0.0977, 'edit_siglip_drop': 0.0097}
=== horse_02 / phase__human ===
{'image': 'horse_02', 'condition': 'phase', 'budget_target': 'human', 'budget_mode': 'human', 'budget_reached': 0.05635, 'unreachable': False, 'radius': 1.3, 'total_seconds': 26.4, 'fid_lpips': 0.3526, 'fid_ssim': 0.9126, 'fid_dists': 0.0563, 'fid_psnr': 27.0238, 'fid_clip_img': 0.9906, 'fid_nima': 6.1694, 'fid_cnniqa': 0.7172, 'edit_lpips': 0.5278, 'edit_clip_orig': 0.3079, 'edit_clip_def': 0.3133, 'edit_clip_drop': -0.0054, 'edit_siglip_orig': 0.1074, 'edit_siglip_def': 0.1135, 'edit_siglip_drop': -0.0062, 'amp_dev': 0.05176, 'active_fraction': 0.5906}
=== horse_02 / phase_rand__human ===
{'image': 'horse_02', 'condition': 'phase_rand', 'budget_target': 'human', 'budget_mode': 'human', 'budget_reached': 0.06853, 'unreachable': False, 'radius': 1.3, 'total_seconds': 11.2, 'fid_lpips': 0.0943, 'fid_ssim': 0.9301, 'fid_dists': 0.0685, 'fid_psnr': 28.22, 'fid_clip_img': 0.9922, 'fid_nima': 6.1033, 'fid_cnniqa': 0.7196, 'edit_lpips': 0.2094, 'edit_clip_orig': 0.3079, 'edit_clip_def': 0.3123, 'edit_clip_drop': -0.0045, 'edit_siglip_orig': 0.1074, 'edit_siglip_def': 0.1071, 'edit_siglip_drop': 0.0003, 'amp_dev': 0.05019, 'active_fraction': 0.5906}

########## horse_03 (horse) ##########
=== horse_03 / add__human ===
{'image': 'horse_03', 'condition': 'add', 'budget_target': 'human', 'budget_mode': 'human', 'budget_reached': 0.00406, 'unreachable': False, 'radius': 0.00471, 'total_seconds': 26.3, 'fid_lpips': 0.1219, 'fid_ssim': 0.9978, 'fid_dists': 0.0041, 'fid_psnr': 47.8919, 'fid_clip_img': 0.9985, 'fid_nima': 5.0747, 'fid_cnniqa': 0.7045, 'edit_lpips': 0.2729, 'edit_clip_orig': 0.3151, 'edit_clip_def': 0.3283, 'edit_clip_drop': -0.0132, 'edit_siglip_orig': 0.1182, 'edit_siglip_def': 0.1194, 'edit_siglip_drop': -0.0012}
=== horse_03 / phase__human ===
{'image': 'horse_03', 'condition': 'phase', 'budget_target': 'human', 'budget_mode': 'human', 'budget_reached': 0.04359, 'unreachable': False, 'radius': 1.3, 'total_seconds': 26.5, 'fid_lpips': 0.2599, 'fid_ssim': 0.9474, 'fid_dists': 0.0436, 'fid_psnr': 30.8138, 'fid_clip_img': 0.998, 'fid_nima': 5.017, 'fid_cnniqa': 0.7232, 'edit_lpips': 0.4993, 'edit_clip_orig': 0.3151, 'edit_clip_def': 0.3198, 'edit_clip_drop': -0.0048, 'edit_siglip_orig': 0.1182, 'edit_siglip_def': 0.1184, 'edit_siglip_drop': -0.0002, 'amp_dev': 0.02399, 'active_fraction': 0.4573}
=== horse_03 / phase_rand__human ===
{'image': 'horse_03', 'condition': 'phase_rand', 'budget_target': 'human', 'budget_mode': 'human', 'budget_reached': 0.0489, 'unreachable': False, 'radius': 1.3, 'total_seconds': 11.2, 'fid_lpips': 0.0877, 'fid_ssim': 0.9521, 'fid_dists': 0.0489, 'fid_psnr': 31.2333, 'fid_clip_img': 0.9979, 'fid_nima': 4.9173, 'fid_cnniqa': 0.7215, 'edit_lpips': 0.1433, 'edit_clip_orig': 0.3151, 'edit_clip_def': 0.3143, 'edit_clip_drop': 0.0007, 'edit_siglip_orig': 0.1182, 'edit_siglip_def': 0.1249, 'edit_siglip_drop': -0.0067, 'amp_dev': 0.02476, 'active_fraction': 0.4573}

########## man_00 (man) ##########
=== man_00 / add__human ===
{'image': 'man_00', 'condition': 'add', 'budget_target': 'human', 'budget_mode': 'human', 'budget_reached': 0.01169, 'unreachable': False, 'radius': 0.00471, 'total_seconds': 26.3, 'fid_lpips': 0.2142, 'fid_ssim': 0.9966, 'fid_dists': 0.0117, 'fid_psnr': 48.5185, 'fid_clip_img': 0.9969, 'fid_nima': 4.6505, 'fid_cnniqa': 0.6722, 'edit_lpips': 0.4641, 'edit_clip_orig': 0.2819, 'edit_clip_def': 0.2932, 'edit_clip_drop': -0.0113, 'edit_siglip_orig': 0.1079, 'edit_siglip_def': 0.1181, 'edit_siglip_drop': -0.0102}
=== man_00 / phase__human ===
{'image': 'man_00', 'condition': 'phase', 'budget_target': 'human', 'budget_mode': 'human', 'budget_reached': 0.03022, 'unreachable': False, 'radius': 1.3, 'total_seconds': 26.4, 'fid_lpips': 0.1084, 'fid_ssim': 0.9886, 'fid_dists': 0.0302, 'fid_psnr': 39.5383, 'fid_clip_img': 0.9988, 'fid_nima': 4.4901, 'fid_cnniqa': 0.6675, 'edit_lpips': 0.3352, 'edit_clip_orig': 0.2819, 'edit_clip_def': 0.2996, 'edit_clip_drop': -0.0177, 'edit_siglip_orig': 0.1079, 'edit_siglip_def': 0.1267, 'edit_siglip_drop': -0.0188, 'amp_dev': 0.00729, 'active_fraction': 0.279}
=== man_00 / phase_rand__human ===
{'image': 'man_00', 'condition': 'phase_rand', 'budget_target': 'human', 'budget_mode': 'human', 'budget_reached': 0.03708, 'unreachable': False, 'radius': 1.3, 'total_seconds': 11.2, 'fid_lpips': 0.0486, 'fid_ssim': 0.9872, 'fid_dists': 0.0371, 'fid_psnr': 39.5862, 'fid_clip_img': 0.9985, 'fid_nima': 4.3788, 'fid_cnniqa': 0.6303, 'edit_lpips': 0.1844, 'edit_clip_orig': 0.2819, 'edit_clip_def': 0.2803, 'edit_clip_drop': 0.0016, 'edit_siglip_orig': 0.1079, 'edit_siglip_def': 0.1154, 'edit_siglip_drop': -0.0075, 'amp_dev': 0.00718, 'active_fraction': 0.279}

########## man_01 (man) ##########
=== man_01 / add__human ===
{'image': 'man_01', 'condition': 'add', 'budget_target': 'human', 'budget_mode': 'human', 'budget_reached': 0.00351, 'unreachable': False, 'radius': 0.00471, 'total_seconds': 26.2, 'fid_lpips': 0.0459, 'fid_ssim': 0.999, 'fid_dists': 0.0035, 'fid_psnr': 47.7331, 'fid_clip_img': 0.9977, 'fid_nima': 5.039, 'fid_cnniqa': 0.6497, 'edit_lpips': 0.1603, 'edit_clip_orig': 0.2814, 'edit_clip_def': 0.2684, 'edit_clip_drop': 0.013, 'edit_siglip_orig': 0.1091, 'edit_siglip_def': 0.0986, 'edit_siglip_drop': 0.0105}
=== man_01 / phase__human ===
{'image': 'man_01', 'condition': 'phase', 'budget_target': 'human', 'budget_mode': 'human', 'budget_reached': 0.06415, 'unreachable': False, 'radius': 1.3, 'total_seconds': 26.4, 'fid_lpips': 0.2774, 'fid_ssim': 0.9265, 'fid_dists': 0.0641, 'fid_psnr': 25.7531, 'fid_clip_img': 0.9889, 'fid_nima': 5.0529, 'fid_cnniqa': 0.668, 'edit_lpips': 0.509, 'edit_clip_orig': 0.2814, 'edit_clip_def': 0.2761, 'edit_clip_drop': 0.0053, 'edit_siglip_orig': 0.1091, 'edit_siglip_def': 0.1106, 'edit_siglip_drop': -0.0015, 'amp_dev': 0.05938, 'active_fraction': 0.5691}
=== man_01 / phase_rand__human ===
{'image': 'man_01', 'condition': 'phase_rand', 'budget_target': 'human', 'budget_mode': 'human', 'budget_reached': 0.06958, 'unreachable': False, 'radius': 1.3, 'total_seconds': 11.2, 'fid_lpips': 0.1235, 'fid_ssim': 0.9349, 'fid_dists': 0.0696, 'fid_psnr': 26.476, 'fid_clip_img': 0.9916, 'fid_nima': 4.8015, 'fid_cnniqa': 0.6341, 'edit_lpips': 0.1466, 'edit_clip_orig': 0.2814, 'edit_clip_def': 0.2678, 'edit_clip_drop': 0.0136, 'edit_siglip_orig': 0.1091, 'edit_siglip_def': 0.1006, 'edit_siglip_drop': 0.0086, 'amp_dev': 0.05879, 'active_fraction': 0.5691}

########## man_02 (man) ##########
=== man_02 / add__human ===
{'image': 'man_02', 'condition': 'add', 'budget_target': 'human', 'budget_mode': 'human', 'budget_reached': 0.00441, 'unreachable': False, 'radius': 0.00471, 'total_seconds': 26.2, 'fid_lpips': 0.0811, 'fid_ssim': 0.9981, 'fid_dists': 0.0044, 'fid_psnr': 48.1361, 'fid_clip_img': 0.9981, 'fid_nima': 5.0816, 'fid_cnniqa': 0.6678, 'edit_lpips': 0.2206, 'edit_clip_orig': 0.2748, 'edit_clip_def': 0.2799, 'edit_clip_drop': -0.0051, 'edit_siglip_orig': 0.1256, 'edit_siglip_def': 0.1239, 'edit_siglip_drop': 0.0017}
=== man_02 / phase__human ===
{'image': 'man_02', 'condition': 'phase', 'budget_target': 'human', 'budget_mode': 'human', 'budget_reached': 0.04476, 'unreachable': False, 'radius': 1.3, 'total_seconds': 26.5, 'fid_lpips': 0.2071, 'fid_ssim': 0.929, 'fid_dists': 0.0448, 'fid_psnr': 23.1539, 'fid_clip_img': 0.9935, 'fid_nima': 5.2142, 'fid_cnniqa': 0.678, 'edit_lpips': 0.4675, 'edit_clip_orig': 0.2748, 'edit_clip_def': 0.2867, 'edit_clip_drop': -0.0119, 'edit_siglip_orig': 0.1256, 'edit_siglip_def': 0.1125, 'edit_siglip_drop': 0.0131, 'amp_dev': 0.05209, 'active_fraction': 0.468}
=== man_02 / phase_rand__human ===
{'image': 'man_02', 'condition': 'phase_rand', 'budget_target': 'human', 'budget_mode': 'human', 'budget_reached': 0.06586, 'unreachable': False, 'radius': 1.3, 'total_seconds': 11.2, 'fid_lpips': 0.0988, 'fid_ssim': 0.9346, 'fid_dists': 0.0659, 'fid_psnr': 24.0211, 'fid_clip_img': 0.9941, 'fid_nima': 5.0713, 'fid_cnniqa': 0.6885, 'edit_lpips': 0.1762, 'edit_clip_orig': 0.2748, 'edit_clip_def': 0.2876, 'edit_clip_drop': -0.0127, 'edit_siglip_orig': 0.1256, 'edit_siglip_def': 0.1272, 'edit_siglip_drop': -0.0016, 'amp_dev': 0.05336, 'active_fraction': 0.468}

########## man_03 (man) ##########
=== man_03 / add__human ===
{'image': 'man_03', 'condition': 'add', 'budget_target': 'human', 'budget_mode': 'human', 'budget_reached': 0.00334, 'unreachable': False, 'radius': 0.00471, 'total_seconds': 26.2, 'fid_lpips': 0.0475, 'fid_ssim': 0.9991, 'fid_dists': 0.0033, 'fid_psnr': 47.1768, 'fid_clip_img': 0.9998, 'fid_nima': 5.6881, 'fid_cnniqa': 0.6934, 'edit_lpips': 0.2213, 'edit_clip_orig': 0.2729, 'edit_clip_def': 0.2716, 'edit_clip_drop': 0.0013, 'edit_siglip_orig': 0.101, 'edit_siglip_def': 0.1064, 'edit_siglip_drop': -0.0054}
=== man_03 / phase__human ===
{'image': 'man_03', 'condition': 'phase', 'budget_target': 'human', 'budget_mode': 'human', 'budget_reached': 0.04379, 'unreachable': False, 'radius': 1.3, 'total_seconds': 26.4, 'fid_lpips': 0.3769, 'fid_ssim': 0.9067, 'fid_dists': 0.0438, 'fid_psnr': 26.6569, 'fid_clip_img': 0.9957, 'fid_nima': 5.5188, 'fid_cnniqa': 0.704, 'edit_lpips': 0.567, 'edit_clip_orig': 0.2729, 'edit_clip_def': 0.2937, 'edit_clip_drop': -0.0208, 'edit_siglip_orig': 0.101, 'edit_siglip_def': 0.1017, 'edit_siglip_drop': -0.0007, 'amp_dev': 0.04126, 'active_fraction': 0.6829}
=== man_03 / phase_rand__human ===
{'image': 'man_03', 'condition': 'phase_rand', 'budget_target': 'human', 'budget_mode': 'human', 'budget_reached': 0.04043, 'unreachable': False, 'radius': 1.3, 'total_seconds': 11.1, 'fid_lpips': 0.103, 'fid_ssim': 0.9292, 'fid_dists': 0.0404, 'fid_psnr': 28.2519, 'fid_clip_img': 0.9956, 'fid_nima': 5.5839, 'fid_cnniqa': 0.6724, 'edit_lpips': 0.2446, 'edit_clip_orig': 0.2729, 'edit_clip_def': 0.2628, 'edit_clip_drop': 0.0101, 'edit_siglip_orig': 0.101, 'edit_siglip_def': 0.0981, 'edit_siglip_drop': 0.0029, 'amp_dev': 0.0376, 'active_fraction': 0.6829}

########## woman_00 (woman) ##########
=== woman_00 / add__human ===
{'image': 'woman_00', 'condition': 'add', 'budget_target': 'human', 'budget_mode': 'human', 'budget_reached': 0.00883, 'unreachable': False, 'radius': 0.00471, 'total_seconds': 26.3, 'fid_lpips': 0.2053, 'fid_ssim': 0.9969, 'fid_dists': 0.0088, 'fid_psnr': 47.5359, 'fid_clip_img': 0.9982, 'fid_nima': 4.8288, 'fid_cnniqa': 0.4969, 'edit_lpips': 0.4872, 'edit_clip_orig': 0.237, 'edit_clip_def': 0.225, 'edit_clip_drop': 0.0119, 'edit_siglip_orig': 0.0488, 'edit_siglip_def': 0.062, 'edit_siglip_drop': -0.0132}
=== woman_00 / phase__human ===
{'image': 'woman_00', 'condition': 'phase', 'budget_target': 'human', 'budget_mode': 'human', 'budget_reached': 0.06416, 'unreachable': False, 'radius': 1.3, 'total_seconds': 26.5, 'fid_lpips': 0.21, 'fid_ssim': 0.9496, 'fid_dists': 0.0642, 'fid_psnr': 29.3103, 'fid_clip_img': 0.9915, 'fid_nima': 4.6382, 'fid_cnniqa': 0.5497, 'edit_lpips': 0.5386, 'edit_clip_orig': 0.237, 'edit_clip_def': 0.2306, 'edit_clip_drop': 0.0064, 'edit_siglip_orig': 0.0488, 'edit_siglip_def': 0.0527, 'edit_siglip_drop': -0.0038, 'amp_dev': 0.03507, 'active_fraction': 0.4544}
=== woman_00 / phase_rand__human ===
{'image': 'woman_00', 'condition': 'phase_rand', 'budget_target': 'human', 'budget_mode': 'human', 'budget_reached': 0.07536, 'unreachable': False, 'radius': 1.3, 'total_seconds': 11.2, 'fid_lpips': 0.0996, 'fid_ssim': 0.9528, 'fid_dists': 0.0754, 'fid_psnr': 29.7389, 'fid_clip_img': 0.9929, 'fid_nima': 4.4378, 'fid_cnniqa': 0.5065, 'edit_lpips': 0.1045, 'edit_clip_orig': 0.237, 'edit_clip_def': 0.2454, 'edit_clip_drop': -0.0084, 'edit_siglip_orig': 0.0488, 'edit_siglip_def': 0.0495, 'edit_siglip_drop': -0.0006, 'amp_dev': 0.03511, 'active_fraction': 0.4544}

########## woman_01 (woman) ##########
=== woman_01 / add__human ===
{'image': 'woman_01', 'condition': 'add', 'budget_target': 'human', 'budget_mode': 'human', 'budget_reached': 0.01035, 'unreachable': False, 'radius': 0.00471, 'total_seconds': 26.3, 'fid_lpips': 0.3019, 'fid_ssim': 0.9968, 'fid_dists': 0.0103, 'fid_psnr': 47.902, 'fid_clip_img': 0.9988, 'fid_nima': 3.5808, 'fid_cnniqa': 0.3247, 'edit_lpips': 0.4444, 'edit_clip_orig': 0.208, 'edit_clip_def': 0.2084, 'edit_clip_drop': -0.0004, 'edit_siglip_orig': 0.0388, 'edit_siglip_def': 0.0308, 'edit_siglip_drop': 0.008}
=== woman_01 / phase__human ===
{'image': 'woman_01', 'condition': 'phase', 'budget_target': 'human', 'budget_mode': 'human', 'budget_reached': 0.03952, 'unreachable': False, 'radius': 1.3, 'total_seconds': 26.5, 'fid_lpips': 0.127, 'fid_ssim': 0.9843, 'fid_dists': 0.0395, 'fid_psnr': 39.5158, 'fid_clip_img': 0.9975, 'fid_nima': 3.5335, 'fid_cnniqa': 0.3342, 'edit_lpips': 0.3378, 'edit_clip_orig': 0.208, 'edit_clip_def': 0.2195, 'edit_clip_drop': -0.0115, 'edit_siglip_orig': 0.0388, 'edit_siglip_def': 0.031, 'edit_siglip_drop': 0.0078, 'amp_dev': 0.00653, 'active_fraction': 0.3817}
=== woman_01 / phase_rand__human ===
{'image': 'woman_01', 'condition': 'phase_rand', 'budget_target': 'human', 'budget_mode': 'human', 'budget_reached': 0.02793, 'unreachable': False, 'radius': 1.3, 'total_seconds': 11.2, 'fid_lpips': 0.0552, 'fid_ssim': 0.9845, 'fid_dists': 0.0279, 'fid_psnr': 39.5172, 'fid_clip_img': 0.9985, 'fid_nima': 3.5182, 'fid_cnniqa': 0.3506, 'edit_lpips': 0.0463, 'edit_clip_orig': 0.208, 'edit_clip_def': 0.2066, 'edit_clip_drop': 0.0014, 'edit_siglip_orig': 0.0388, 'edit_siglip_def': 0.0335, 'edit_siglip_drop': 0.0053, 'amp_dev': 0.00657, 'active_fraction': 0.3817}

########## woman_02 (woman) ##########
=== woman_02 / add__human ===
{'image': 'woman_02', 'condition': 'add', 'budget_target': 'human', 'budget_mode': 'human', 'budget_reached': 0.00357, 'unreachable': False, 'radius': 0.00471, 'total_seconds': 26.3, 'fid_lpips': 0.228, 'fid_ssim': 0.9971, 'fid_dists': 0.0036, 'fid_psnr': 47.8955, 'fid_clip_img': 0.9993, 'fid_nima': 4.2114, 'fid_cnniqa': 0.6773, 'edit_lpips': 0.335, 'edit_clip_orig': 0.2026, 'edit_clip_def': 0.2221, 'edit_clip_drop': -0.0195, 'edit_siglip_orig': 0.0577, 'edit_siglip_def': 0.0673, 'edit_siglip_drop': -0.0096}
=== woman_02 / phase__human ===
{'image': 'woman_02', 'condition': 'phase', 'budget_target': 'human', 'budget_mode': 'human', 'budget_reached': 0.03974, 'unreachable': False, 'radius': 1.3, 'total_seconds': 26.5, 'fid_lpips': 0.2079, 'fid_ssim': 0.969, 'fid_dists': 0.0397, 'fid_psnr': 33.5105, 'fid_clip_img': 0.9969, 'fid_nima': 4.105, 'fid_cnniqa': 0.6697, 'edit_lpips': 0.4148, 'edit_clip_orig': 0.2026, 'edit_clip_def': 0.2467, 'edit_clip_drop': -0.0441, 'edit_siglip_orig': 0.0577, 'edit_siglip_def': 0.0703, 'edit_siglip_drop': -0.0126, 'amp_dev': 0.01632, 'active_fraction': 0.4311}
=== woman_02 / phase_rand__human ===
{'image': 'woman_02', 'condition': 'phase_rand', 'budget_target': 'human', 'budget_mode': 'human', 'budget_reached': 0.04061, 'unreachable': False, 'radius': 1.3, 'total_seconds': 11.3, 'fid_lpips': 0.0597, 'fid_ssim': 0.9708, 'fid_dists': 0.0406, 'fid_psnr': 33.5188, 'fid_clip_img': 0.9956, 'fid_nima': 4.0943, 'fid_cnniqa': 0.6575, 'edit_lpips': 0.0779, 'edit_clip_orig': 0.2026, 'edit_clip_def': 0.203, 'edit_clip_drop': -0.0003, 'edit_siglip_orig': 0.0577, 'edit_siglip_def': 0.0532, 'edit_siglip_drop': 0.0045, 'amp_dev': 0.01529, 'active_fraction': 0.4311}

########## woman_03 (woman) ##########
=== woman_03 / add__human ===
{'image': 'woman_03', 'condition': 'add', 'budget_target': 'human', 'budget_mode': 'human', 'budget_reached': 0.00518, 'unreachable': False, 'radius': 0.00471, 'total_seconds': 26.3, 'fid_lpips': 0.1704, 'fid_ssim': 0.9965, 'fid_dists': 0.0052, 'fid_psnr': 48.7742, 'fid_clip_img': 0.9988, 'fid_nima': 5.0735, 'fid_cnniqa': 0.695, 'edit_lpips': 0.3444, 'edit_clip_orig': 0.2464, 'edit_clip_def': 0.2282, 'edit_clip_drop': 0.0182, 'edit_siglip_orig': 0.0748, 'edit_siglip_def': 0.0786, 'edit_siglip_drop': -0.0038}
=== woman_03 / phase__human ===
{'image': 'woman_03', 'condition': 'phase', 'budget_target': 'human', 'budget_mode': 'human', 'budget_reached': 0.04242, 'unreachable': False, 'radius': 1.3, 'total_seconds': 26.5, 'fid_lpips': 0.1258, 'fid_ssim': 0.9738, 'fid_dists': 0.0424, 'fid_psnr': 35.8917, 'fid_clip_img': 0.9888, 'fid_nima': 4.7711, 'fid_cnniqa': 0.6784, 'edit_lpips': 0.4149, 'edit_clip_orig': 0.2464, 'edit_clip_def': 0.2456, 'edit_clip_drop': 0.0008, 'edit_siglip_orig': 0.0748, 'edit_siglip_def': 0.0789, 'edit_siglip_drop': -0.0041, 'amp_dev': 0.01165, 'active_fraction': 0.5233}
=== woman_03 / phase_rand__human ===
{'image': 'woman_03', 'condition': 'phase_rand', 'budget_target': 'human', 'budget_mode': 'human', 'budget_reached': 0.06491, 'unreachable': False, 'radius': 1.3, 'total_seconds': 11.2, 'fid_lpips': 0.065, 'fid_ssim': 0.9748, 'fid_dists': 0.0649, 'fid_psnr': 35.8861, 'fid_clip_img': 0.991, 'fid_nima': 4.4636, 'fid_cnniqa': 0.6774, 'edit_lpips': 0.0742, 'edit_clip_orig': 0.2464, 'edit_clip_def': 0.2317, 'edit_clip_drop': 0.0147, 'edit_siglip_orig': 0.0748, 'edit_siglip_def': 0.0828, 'edit_siglip_drop': -0.008, 'amp_dev': 0.01272, 'active_fraction': 0.5233}

表：runs/phaseA_human/results.csv
