Warning: You are sending unauthenticated requests to the HF Hub. Please set a HF_TOKEN to enable higher rate limits and faster downloads.
Loading pipeline components...:   0%|          | 0/6 [00:00<?, ?it/s]Loading pipeline components...:  50%|█████     | 3/6 [00:00<00:00, 24.22it/s]
Loading weights:   0%|          | 0/196 [00:00<?, ?it/s][ALoading weights: 100%|██████████| 196/196 [00:00<00:00, 3666.56it/s]
Loading pipeline components...: 100%|██████████| 6/6 [00:00<00:00, 11.86it/s]Loading pipeline components...: 100%|██████████| 6/6 [00:00<00:00, 12.84it/s]
There are modules in AutoencoderKL that should be kept in float32: []. Casting directly with `to()` can lead to inconsistent results; set `torch_dtype` in `from_pretrained()` instead to keep these modules in float32.
/nfs/home/nelson0314/venvs/wacv/lib/python3.11/site-packages/torchvision/models/_utils.py:207: UserWarning: The parameter 'pretrained' is deprecated since 0.13 and may be removed in the future, please use 'weights' instead.
  warnings.warn(
/nfs/home/nelson0314/venvs/wacv/lib/python3.11/site-packages/torchvision/models/_utils.py:222: UserWarning: Arguments other than a weight enum or `None` for 'weights' are deprecated since 0.13 and may be removed in the future. The current behavior is equivalent to passing `weights=VGG16_Weights.IMAGENET1K_V1`. You can also use `weights=VGG16_Weights.DEFAULT` to get the most up-to-date weights.
  warnings.warn(msg)
IP2P 線：13 張、條件 ['dct_shield_y']、steps=100 s_T=7.5 s_I=1.5 seed=20260812
/nfs/home/nelson0314/venvs/wacv/lib/python3.11/site-packages/diffusers/image_processor.py:724: FutureWarning: Passing `image` as torch tensor with value range in [-1,1] is deprecated. The expected value range for image tensor is [0,1] when passing as pytorch tensor or numpy Array. You passed `image` with value range [-1.0,1.0]
  warnings.warn(
    [dct_shield_y] step    0 loss 110.9709
    [dct_shield_y] step  250 loss 44.6771
    [dct_shield_y] step  500 loss 40.3874
    [dct_shield_y] step  750 loss 37.8626
    [dct_shield_y] step  999 loss 36.1546
Loading weights:   0%|          | 0/398 [00:00<?, ?it/s]Loading weights: 100%|██████████| 398/398 [00:00<00:00, 12668.54it/s]
[transformers] Model config: bos_token_id must be `None` or an integer within the vocabulary (between 0 and 31999), got 49406. This may result in unexpected behavior.
[transformers] Model config: eos_token_id must be `None` or an integer within the vocabulary (between 0 and 31999), got 49407. This may result in unexpected behavior.
Loading weights:   0%|          | 0/408 [00:00<?, ?it/s]Loading weights: 100%|██████████| 408/408 [00:00<00:00, 4327.41it/s]
task_attr_mod_color_11699        dct_shield_y   r=1.4000 dists=0.1931 lpips=0.6892 effect=0.6790 (399s)
    [dct_shield_y] step    0 loss 135.6793
    [dct_shield_y] step  250 loss 50.9909
    [dct_shield_y] step  500 loss 47.2204
    [dct_shield_y] step  750 loss 44.8996
    [dct_shield_y] step  999 loss 43.0695
task_attr_mod_color_136767       dct_shield_y   r=1.4000 dists=0.2176 lpips=0.6473 effect=0.6267 (386s)
    [dct_shield_y] step    0 loss 107.2763
    [dct_shield_y] step  250 loss 43.7537
    [dct_shield_y] step  500 loss 39.4293
    [dct_shield_y] step  750 loss 36.8824
    [dct_shield_y] step  999 loss 34.9564
task_attr_mod_color_184837       dct_shield_y   r=1.4000 dists=0.1785 lpips=0.6376 effect=0.7822 (387s)
    [dct_shield_y] step    0 loss 171.2574
    [dct_shield_y] step  250 loss 62.2023
    [dct_shield_y] step  500 loss 56.8910
    [dct_shield_y] step  750 loss 53.6594
    [dct_shield_y] step  999 loss 51.4849
task_attr_mod_color_32648        dct_shield_y   r=1.4000 dists=0.3340 lpips=0.7123 effect=0.6208 (391s)
    [dct_shield_y] step    0 loss 113.9021
    [dct_shield_y] step  250 loss 42.8397
    [dct_shield_y] step  500 loss 38.5931
    [dct_shield_y] step  750 loss 35.9710
    [dct_shield_y] step  999 loss 34.0159
task_attr_mod_color_6205         dct_shield_y   r=1.4000 dists=0.2241 lpips=0.7056 effect=0.7271 (391s)
    [dct_shield_y] step    0 loss 121.4304
    [dct_shield_y] step  250 loss 40.2696
    [dct_shield_y] step  500 loss 36.4498
    [dct_shield_y] step  750 loss 33.9065
    [dct_shield_y] step  999 loss 32.0969
task_env_weather_112463          dct_shield_y   r=1.4000 dists=0.1819 lpips=0.7493 effect=0.9130 (388s)
    [dct_shield_y] step    0 loss 117.0367
    [dct_shield_y] step  250 loss 48.7272
    [dct_shield_y] step  500 loss 44.5209
    [dct_shield_y] step  750 loss 41.6413
    [dct_shield_y] step  999 loss 39.5309
task_env_weather_246440          dct_shield_y   r=1.4000 dists=0.1235 lpips=0.5322 effect=0.6374 (391s)
    [dct_shield_y] step    0 loss 97.2478
    [dct_shield_y] step  250 loss 35.8185
    [dct_shield_y] step  500 loss 32.4021
    [dct_shield_y] step  750 loss 30.0729
    [dct_shield_y] step  999 loss 28.5777
task_env_weather_63722           dct_shield_y   r=1.4000 dists=0.1807 lpips=0.6850 effect=0.6932 (388s)
    [dct_shield_y] step    0 loss 116.5082
    [dct_shield_y] step  250 loss 47.1738
    [dct_shield_y] step  500 loss 43.4859
    [dct_shield_y] step  750 loss 41.3221
    [dct_shield_y] step  999 loss 39.7601
task_obj_add_40931               dct_shield_y   r=1.4000 dists=0.2130 lpips=0.6333 effect=0.7264 (391s)
    [dct_shield_y] step    0 loss 105.9450
    [dct_shield_y] step  250 loss 38.4288
    [dct_shield_y] step  500 loss 34.4169
    [dct_shield_y] step  750 loss 31.4697
    [dct_shield_y] step  999 loss 29.4387
task_obj_remove_380621           dct_shield_y   r=1.4000 dists=0.2248 lpips=0.6929 effect=0.7551 (391s)
    [dct_shield_y] step    0 loss 137.3810
    [dct_shield_y] step  250 loss 54.5751
    [dct_shield_y] step  500 loss 50.1196
    [dct_shield_y] step  750 loss 46.9093
    [dct_shield_y] step  999 loss 44.4143
task_obj_swap_joint_mask_276754  dct_shield_y   r=1.4000 dists=0.1927 lpips=0.5621 effect=0.5148 (391s)
    [dct_shield_y] step    0 loss 110.4987
    [dct_shield_y] step  250 loss 45.3588
    [dct_shield_y] step  500 loss 41.5870
    [dct_shield_y] step  750 loss 39.2585
    [dct_shield_y] step  999 loss 37.6904
task_obj_swap_joint_mask_533428  dct_shield_y   r=1.4000 dists=0.1834 lpips=0.6235 effect=0.6349 (391s)
    [dct_shield_y] step    0 loss 123.5328
    [dct_shield_y] step  250 loss 51.0157
    [dct_shield_y] step  500 loss 47.7922
    [dct_shield_y] step  750 loss 44.5068
    [dct_shield_y] step  999 loss 42.5269
task_obj_swap_rand_mask_417469   dct_shield_y   r=1.4000 dists=0.1905 lpips=0.6623 effect=0.7562 (392s)

表：runs/ip2p_dct_antijpeg/y_q75_e14/results.csv（13 列）
