Warning: You are sending unauthenticated requests to the HF Hub. Please set a HF_TOKEN to enable higher rate limits and faster downloads.
Loading pipeline components...:   0%|          | 0/6 [00:00<?, ?it/s]Loading pipeline components...:  33%|███▎      | 2/6 [00:00<00:00, 18.71it/s]
Loading weights:   0%|          | 0/196 [00:00<?, ?it/s][ALoading weights: 100%|██████████| 196/196 [00:00<00:00, 4376.11it/s]
Loading pipeline components...:  67%|██████▋   | 4/6 [00:00<00:00, 14.49it/s]Loading pipeline components...: 100%|██████████| 6/6 [00:00<00:00, 16.42it/s]
There are modules in AutoencoderKL that should be kept in float32: []. Casting directly with `to()` can lead to inconsistent results; set `torch_dtype` in `from_pretrained()` instead to keep these modules in float32.
/nfs/home/nelson0314/venvs/wacv/lib/python3.11/site-packages/torchvision/models/_utils.py:207: UserWarning: The parameter 'pretrained' is deprecated since 0.13 and may be removed in the future, please use 'weights' instead.
  warnings.warn(
/nfs/home/nelson0314/venvs/wacv/lib/python3.11/site-packages/torchvision/models/_utils.py:222: UserWarning: Arguments other than a weight enum or `None` for 'weights' are deprecated since 0.13 and may be removed in the future. The current behavior is equivalent to passing `weights=VGG16_Weights.IMAGENET1K_V1`. You can also use `weights=VGG16_Weights.DEFAULT` to get the most up-to-date weights.
  warnings.warn(msg)
IP2P 線：13 張、條件 ['dct_shield_y']、steps=100 s_T=7.5 s_I=1.5 seed=20260812
/nfs/home/nelson0314/venvs/wacv/lib/python3.11/site-packages/diffusers/image_processor.py:724: FutureWarning: Passing `image` as torch tensor with value range in [-1,1] is deprecated. The expected value range for image tensor is [0,1] when passing as pytorch tensor or numpy Array. You passed `image` with value range [-1.0,1.0]
  warnings.warn(
    [dct_shield_y] step    0 loss 109.6247
    [dct_shield_y] step  250 loss 47.8460
    [dct_shield_y] step  500 loss 44.1499
    [dct_shield_y] step  750 loss 42.1315
    [dct_shield_y] step  999 loss 40.5826
Loading weights:   0%|          | 0/398 [00:00<?, ?it/s]Loading weights: 100%|██████████| 398/398 [00:00<00:00, 16846.97it/s]
[transformers] Model config: bos_token_id must be `None` or an integer within the vocabulary (between 0 and 31999), got 49406. This may result in unexpected behavior.
[transformers] Model config: eos_token_id must be `None` or an integer within the vocabulary (between 0 and 31999), got 49407. This may result in unexpected behavior.
Loading weights:   0%|          | 0/408 [00:00<?, ?it/s]Loading weights: 100%|██████████| 408/408 [00:00<00:00, 5411.90it/s]
task_attr_mod_color_11699        dct_shield_y   r=2.0000 dists=0.1704 lpips=0.6648 effect=0.6395 (403s)
    [dct_shield_y] step    0 loss 134.2069
    [dct_shield_y] step  250 loss 52.5524
    [dct_shield_y] step  500 loss 49.9018
    [dct_shield_y] step  750 loss 47.6487
    [dct_shield_y] step  999 loss 46.2633
task_attr_mod_color_136767       dct_shield_y   r=2.0000 dists=0.1886 lpips=0.6231 effect=0.6275 (395s)
    [dct_shield_y] step    0 loss 106.3314
    [dct_shield_y] step  250 loss 45.2499
    [dct_shield_y] step  500 loss 41.6277
    [dct_shield_y] step  750 loss 39.7084
    [dct_shield_y] step  999 loss 38.2931
task_attr_mod_color_184837       dct_shield_y   r=2.0000 dists=0.1474 lpips=0.6011 effect=0.7809 (395s)
    [dct_shield_y] step    0 loss 171.0838
    [dct_shield_y] step  250 loss 61.5278
    [dct_shield_y] step  500 loss 56.9096
    [dct_shield_y] step  750 loss 54.5006
    [dct_shield_y] step  999 loss 52.8936
task_attr_mod_color_32648        dct_shield_y   r=2.0000 dists=0.2962 lpips=0.6993 effect=0.6239 (395s)
    [dct_shield_y] step    0 loss 113.1804
    [dct_shield_y] step  250 loss 43.6356
    [dct_shield_y] step  500 loss 40.2098
    [dct_shield_y] step  750 loss 38.1858
    [dct_shield_y] step  999 loss 36.6482
task_attr_mod_color_6205         dct_shield_y   r=2.0000 dists=0.2045 lpips=0.6810 effect=0.7295 (398s)
    [dct_shield_y] step    0 loss 121.9192
    [dct_shield_y] step  250 loss 41.8050
    [dct_shield_y] step  500 loss 38.4621
    [dct_shield_y] step  750 loss 36.3661
    [dct_shield_y] step  999 loss 34.9087
task_env_weather_112463          dct_shield_y   r=2.0000 dists=0.1608 lpips=0.7253 effect=0.8987 (395s)
    [dct_shield_y] step    0 loss 116.7862
    [dct_shield_y] step  250 loss 52.9761
    [dct_shield_y] step  500 loss 49.0824
    [dct_shield_y] step  750 loss 46.7505
    [dct_shield_y] step  999 loss 44.8656
task_env_weather_246440          dct_shield_y   r=2.0000 dists=0.1004 lpips=0.4958 effect=0.6314 (396s)
    [dct_shield_y] step    0 loss 95.7517
    [dct_shield_y] step  250 loss 36.8953
    [dct_shield_y] step  500 loss 33.5077
    [dct_shield_y] step  750 loss 31.5759
    [dct_shield_y] step  999 loss 30.3492
task_env_weather_63722           dct_shield_y   r=2.0000 dists=0.1516 lpips=0.6470 effect=0.6944 (397s)
    [dct_shield_y] step    0 loss 115.9055
    [dct_shield_y] step  250 loss 50.2881
    [dct_shield_y] step  500 loss 47.2721
    [dct_shield_y] step  750 loss 45.3222
    [dct_shield_y] step  999 loss 43.9514
task_obj_add_40931               dct_shield_y   r=2.0000 dists=0.1882 lpips=0.6077 effect=0.7299 (396s)
    [dct_shield_y] step    0 loss 105.3376
    [dct_shield_y] step  250 loss 39.1973
    [dct_shield_y] step  500 loss 35.4895
    [dct_shield_y] step  750 loss 33.4038
    [dct_shield_y] step  999 loss 32.0238
task_obj_remove_380621           dct_shield_y   r=2.0000 dists=0.2018 lpips=0.6743 effect=0.7379 (397s)
    [dct_shield_y] step    0 loss 137.4575
    [dct_shield_y] step  250 loss 66.3851
    [dct_shield_y] step  500 loss 63.8200
    [dct_shield_y] step  750 loss 62.2225
    [dct_shield_y] step  999 loss 60.9187
task_obj_swap_joint_mask_276754  dct_shield_y   r=2.0000 dists=0.1550 lpips=0.5098 effect=0.6600 (396s)
    [dct_shield_y] step    0 loss 109.6902
    [dct_shield_y] step  250 loss 48.2140
    [dct_shield_y] step  500 loss 44.8199
    [dct_shield_y] step  750 loss 42.8415
    [dct_shield_y] step  999 loss 41.4156
task_obj_swap_joint_mask_533428  dct_shield_y   r=2.0000 dists=0.1536 lpips=0.5916 effect=0.6353 (397s)
    [dct_shield_y] step    0 loss 123.1555
    [dct_shield_y] step  250 loss 52.1500
    [dct_shield_y] step  500 loss 48.6842
    [dct_shield_y] step  750 loss 46.6309
    [dct_shield_y] step  999 loss 45.1412
task_obj_swap_rand_mask_417469   dct_shield_y   r=2.0000 dists=0.1700 lpips=0.6319 effect=0.7588 (396s)

表：runs/ip2p_dct_antijpeg/y_q85_e20/results.csv（13 列）
