Warning: You are sending unauthenticated requests to the HF Hub. Please set a HF_TOKEN to enable higher rate limits and faster downloads.
Loading pipeline components...:   0%|          | 0/6 [00:00<?, ?it/s]
Loading weights:   0%|          | 0/196 [00:00<?, ?it/s][ALoading weights: 100%|██████████| 196/196 [00:00<00:00, 4137.31it/s]
Loading pipeline components...:  33%|███▎      | 2/6 [00:00<00:00,  9.04it/s]Loading pipeline components...:  67%|██████▋   | 4/6 [00:00<00:00, 13.12it/s]Loading pipeline components...: 100%|██████████| 6/6 [00:00<00:00, 16.88it/s]
There are modules in AutoencoderKL that should be kept in float32: []. Casting directly with `to()` can lead to inconsistent results; set `torch_dtype` in `from_pretrained()` instead to keep these modules in float32.
/nfs/home/nelson0314/venvs/wacv/lib/python3.11/site-packages/torchvision/models/_utils.py:207: UserWarning: The parameter 'pretrained' is deprecated since 0.13 and may be removed in the future, please use 'weights' instead.
  warnings.warn(
/nfs/home/nelson0314/venvs/wacv/lib/python3.11/site-packages/torchvision/models/_utils.py:222: UserWarning: Arguments other than a weight enum or `None` for 'weights' are deprecated since 0.13 and may be removed in the future. The current behavior is equivalent to passing `weights=VGG16_Weights.IMAGENET1K_V1`. You can also use `weights=VGG16_Weights.DEFAULT` to get the most up-to-date weights.
  warnings.warn(msg)
IP2P 線：13 張、條件 ['phase_gain']、steps=100 s_T=7.5 s_I=1.5 seed=20260812
/nfs/home/nelson0314/venvs/wacv/lib/python3.11/site-packages/diffusers/image_processor.py:724: FutureWarning: Passing `image` as torch tensor with value range in [-1,1] is deprecated. The expected value range for image tensor is [0,1] when passing as pytorch tensor or numpy Array. You passed `image` with value range [-1.0,1.0]
  warnings.warn(
Loading weights:   0%|          | 0/398 [00:00<?, ?it/s]Loading weights: 100%|██████████| 398/398 [00:00<00:00, 18528.59it/s]
[transformers] Model config: bos_token_id must be `None` or an integer within the vocabulary (between 0 and 31999), got 49406. This may result in unexpected behavior.
[transformers] Model config: eos_token_id must be `None` or an integer within the vocabulary (between 0 and 31999), got 49407. This may result in unexpected behavior.
Loading weights:   0%|          | 0/408 [00:00<?, ?it/s]Loading weights:  88%|████████▊ | 357/408 [00:00<00:00, 3565.94it/s]Loading weights: 100%|██████████| 408/408 [00:00<00:00, 3564.97it/s]
task_attr_mod_color_11699        phase_gain     r=2.5000 dists=0.0217 lpips=0.2330 effect=0.2502 (193s)
task_attr_mod_color_136767       phase_gain     r=2.5000 dists=0.0532 lpips=0.2687 effect=0.3274 (187s)
task_attr_mod_color_184837       phase_gain     r=2.5000 dists=0.0664 lpips=0.3253 effect=0.4268 (380s)
task_attr_mod_color_32648        phase_gain     r=2.5000 dists=0.0227 lpips=0.3140 effect=0.2390 (387s)
task_attr_mod_color_6205         phase_gain     r=2.5000 dists=0.0370 lpips=0.2064 effect=0.3410 (399s)
task_env_weather_112463          phase_gain     r=2.5000 dists=0.0139 lpips=0.3311 effect=0.3066 (399s)
task_env_weather_246440          phase_gain     r=2.5000 dists=0.0526 lpips=0.3141 effect=0.4628 (398s)
task_env_weather_63722           phase_gain     r=2.5000 dists=0.0355 lpips=0.2885 effect=0.3489 (398s)
task_obj_add_40931               phase_gain     r=2.5000 dists=0.0442 lpips=0.3782 effect=0.3894 (398s)
task_obj_remove_380621           phase_gain     r=2.5000 dists=0.0473 lpips=0.2942 effect=0.3653 (398s)
task_obj_swap_joint_mask_276754  phase_gain     r=2.5000 dists=0.0624 lpips=0.3953 effect=0.6661 (399s)
task_obj_swap_joint_mask_533428  phase_gain     r=2.5000 dists=0.0451 lpips=0.3643 effect=0.5303 (399s)
task_obj_swap_rand_mask_417469   phase_gain     r=2.5000 dists=0.0335 lpips=0.3354 effect=0.4171 (398s)

表：runs/ip2p_weight_plus_loss/wl_r25/results.csv（13 列）
