Warning: You are sending unauthenticated requests to the HF Hub. Please set a HF_TOKEN to enable higher rate limits and faster downloads.
Loading pipeline components...:   0%|          | 0/6 [00:00<?, ?it/s]Loading pipeline components...:  50%|█████     | 3/6 [00:00<00:00, 23.63it/s]
Loading weights:   0%|          | 0/196 [00:00<?, ?it/s][ALoading weights: 100%|██████████| 196/196 [00:00<00:00, 3832.24it/s]
Loading pipeline components...: 100%|██████████| 6/6 [00:00<00:00, 13.26it/s]Loading pipeline components...: 100%|██████████| 6/6 [00:00<00:00, 14.19it/s]
There are modules in AutoencoderKL that should be kept in float32: []. Casting directly with `to()` can lead to inconsistent results; set `torch_dtype` in `from_pretrained()` instead to keep these modules in float32.
/nfs/home/nelson0314/venvs/wacv/lib/python3.11/site-packages/torchvision/models/_utils.py:207: UserWarning: The parameter 'pretrained' is deprecated since 0.13 and may be removed in the future, please use 'weights' instead.
  warnings.warn(
/nfs/home/nelson0314/venvs/wacv/lib/python3.11/site-packages/torchvision/models/_utils.py:222: UserWarning: Arguments other than a weight enum or `None` for 'weights' are deprecated since 0.13 and may be removed in the future. The current behavior is equivalent to passing `weights=VGG16_Weights.IMAGENET1K_V1`. You can also use `weights=VGG16_Weights.DEFAULT` to get the most up-to-date weights.
  warnings.warn(msg)
IP2P 線：13 張、條件 ['phase_gain']、steps=100 s_T=7.5 s_I=1.5 seed=20260812
/nfs/home/nelson0314/venvs/wacv/lib/python3.11/site-packages/diffusers/image_processor.py:724: FutureWarning: Passing `image` as torch tensor with value range in [-1,1] is deprecated. The expected value range for image tensor is [0,1] when passing as pytorch tensor or numpy Array. You passed `image` with value range [-1.0,1.0]
  warnings.warn(
Loading weights:   0%|          | 0/398 [00:00<?, ?it/s]Loading weights: 100%|██████████| 398/398 [00:00<00:00, 15773.42it/s]
[transformers] Model config: bos_token_id must be `None` or an integer within the vocabulary (between 0 and 31999), got 49406. This may result in unexpected behavior.
[transformers] Model config: eos_token_id must be `None` or an integer within the vocabulary (between 0 and 31999), got 49407. This may result in unexpected behavior.
Loading weights:   0%|          | 0/408 [00:00<?, ?it/s]Loading weights:  80%|███████▉  | 325/408 [00:00<00:00, 3247.23it/s]Loading weights: 100%|██████████| 408/408 [00:00<00:00, 3078.89it/s]
task_attr_mod_color_11699        phase_gain     r=3.0000 dists=0.0880 lpips=0.3625 effect=0.4456 (213s)
task_attr_mod_color_136767       phase_gain     r=3.0000 dists=0.1616 lpips=0.4255 effect=0.5730 (202s)
task_attr_mod_color_184837       phase_gain     r=3.0000 dists=0.1809 lpips=0.4746 effect=0.7360 (202s)
task_attr_mod_color_32648        phase_gain     r=3.0000 dists=0.1174 lpips=0.4298 effect=0.3893 (201s)
task_attr_mod_color_6205         phase_gain     r=3.0000 dists=0.1347 lpips=0.3690 effect=0.5057 (201s)
task_env_weather_112463          phase_gain     r=3.0000 dists=0.0631 lpips=0.4741 effect=0.7988 (202s)
task_env_weather_246440          phase_gain     r=3.0000 dists=0.1511 lpips=0.4553 effect=0.6125 (202s)
task_env_weather_63722           phase_gain     r=3.0000 dists=0.1017 lpips=0.4306 effect=0.5074 (201s)
task_obj_add_40931               phase_gain     r=3.0000 dists=0.1425 lpips=0.4910 effect=0.5302 (201s)
task_obj_remove_380621           phase_gain     r=3.0000 dists=0.1080 lpips=0.4318 effect=0.6891 (201s)
task_obj_swap_joint_mask_276754  phase_gain     r=3.0000 dists=0.2138 lpips=0.4776 effect=0.6469 (201s)
task_obj_swap_joint_mask_533428  phase_gain     r=3.0000 dists=0.1409 lpips=0.5037 effect=0.6422 (205s)
task_obj_swap_rand_mask_417469   phase_gain     r=3.0000 dists=0.1096 lpips=0.4803 effect=0.6976 (208s)

表：runs/ip2p_lowband_cutoff/rm35_r30/results.csv（13 列）
