Warning: You are sending unauthenticated requests to the HF Hub. Please set a HF_TOKEN to enable higher rate limits and faster downloads.
Loading pipeline components...:   0%|          | 0/6 [00:00<?, ?it/s]Loading pipeline components...:  33%|███▎      | 2/6 [00:00<00:00, 17.62it/s]
Loading weights:   0%|          | 0/196 [00:00<?, ?it/s][ALoading weights: 100%|██████████| 196/196 [00:00<00:00, 4231.46it/s]
Loading pipeline components...:  67%|██████▋   | 4/6 [00:00<00:00, 13.01it/s]Loading pipeline components...: 100%|██████████| 6/6 [00:00<00:00, 10.36it/s]Loading pipeline components...: 100%|██████████| 6/6 [00:00<00:00, 11.20it/s]
There are modules in UNet2DConditionModel that should be kept in float32: []. Casting directly with `to()` can lead to inconsistent results; set `torch_dtype` in `from_pretrained()` instead to keep these modules in float32.
There are modules in AutoencoderKL that should be kept in float32: []. Casting directly with `to()` can lead to inconsistent results; set `torch_dtype` in `from_pretrained()` instead to keep these modules in float32.
/nfs/home/nelson0314/venvs/wacv/lib/python3.11/site-packages/torchvision/models/_utils.py:207: UserWarning: The parameter 'pretrained' is deprecated since 0.13 and may be removed in the future, please use 'weights' instead.
  warnings.warn(
/nfs/home/nelson0314/venvs/wacv/lib/python3.11/site-packages/torchvision/models/_utils.py:222: UserWarning: Arguments other than a weight enum or `None` for 'weights' are deprecated since 0.13 and may be removed in the future. The current behavior is equivalent to passing `weights=VGG16_Weights.IMAGENET1K_V1`. You can also use `weights=VGG16_Weights.DEFAULT` to get the most up-to-date weights.
  warnings.warn(msg)

########## woman_00 (woman) ##########
=== woman_00 / photoguard_c ===
  [photoguard_c] step    0  L=5.580851e+02  Linf01=0.0541  L2=0.976
  [photoguard_c] step   20  L=4.950981e+02  Linf01=0.1521  L2=7.723
  [photoguard_c] step   40  L=4.717591e+02  Linf01=0.1806  L2=11.818
  [photoguard_c] step   60  L=4.713769e+02  Linf01=0.1953  L2=14.784
  [photoguard_c] step   80  L=4.553049e+02  Linf01=0.1800  L2=15.994
  [photoguard_c] step  100  L=4.451140e+02  Linf01=0.1469  L2=15.997
  [photoguard_c] step  120  L=4.471854e+02  Linf01=0.1368  L2=15.992
  [photoguard_c] step  140  L=4.379358e+02  Linf01=0.1383  L2=15.993
  [photoguard_c] step  160  L=4.326632e+02  Linf01=0.1320  L2=15.992
  [photoguard_c] step  180  L=4.309474e+02  Linf01=0.1351  L2=15.994
  [photoguard_c] step  199  L=4.325250e+02  Linf01=0.1406  L2=15.992
Loading pretrained model NIMA from /nfs/home/nelson0314/.cache/torch/hub/pyiqa/NIMA_InceptionV2_ava-b0c77c00.pth
Loading pretrained model CNNIQA from /nfs/home/nelson0314/.cache/torch/hub/pyiqa/CNNIQA_koniq10k-e6f14c91.pth
Loading weights:   0%|          | 0/398 [00:00<?, ?it/s]Loading weights: 100%|██████████| 398/398 [00:00<00:00, 12700.73it/s]
Loading weights:   0%|          | 0/398 [00:00<?, ?it/s]Loading weights: 100%|██████████| 398/398 [00:00<00:00, 9502.72it/s]
[transformers] Model config: bos_token_id must be `None` or an integer within the vocabulary (between 0 and 31999), got 49406. This may result in unexpected behavior.
[transformers] Model config: eos_token_id must be `None` or an integer within the vocabulary (between 0 and 31999), got 49407. This may result in unexpected behavior.
Loading weights:   0%|          | 0/408 [00:00<?, ?it/s]Loading weights:  80%|████████  | 327/408 [00:00<00:00, 3266.99it/s]Loading weights: 100%|██████████| 408/408 [00:00<00:00, 3204.43it/s]
{'image': 'woman_00', 'condition': 'photoguard_c', 'stage1_seconds': 0.0, 'total_seconds': 6285.8, 'fid_lpips': 0.3217, 'fid_ssim': 0.9644, 'fid_dists': 0.031, 'fid_psnr': 40.8988, 'fid_clip_img': 0.9859, 'fid_nima': 4.6858, 'fid_cnniqa': 0.498, 'edit_lpips': 0.5602, 'edit_clip_orig': 0.237, 'edit_clip_def': 0.243, 'edit_clip_drop': -0.006, 'edit_siglip_orig': 0.0488, 'edit_siglip_def': 0.0656, 'edit_siglip_drop': -0.0167}

########## woman_01 (woman) ##########
=== woman_01 / photoguard_c ===
  [photoguard_c] step    0  L=5.657754e+02  Linf01=0.0385  L2=1.000
  [photoguard_c] step   20  L=4.901434e+02  Linf01=0.1444  L2=6.745
  [photoguard_c] step   40  L=4.545046e+02  Linf01=0.1953  L2=10.394
  [photoguard_c] step   60  L=4.210138e+02  Linf01=0.2641  L2=13.218
  [photoguard_c] step   80  L=4.073064e+02  Linf01=0.3205  L2=15.845
  [photoguard_c] step  100  L=4.058569e+02  Linf01=0.2772  L2=15.995
  [photoguard_c] step  120  L=3.983342e+02  Linf01=0.2715  L2=15.993
  [photoguard_c] step  140  L=4.058997e+02  Linf01=0.2549  L2=15.993
  [photoguard_c] step  160  L=3.974181e+02  Linf01=0.2542  L2=15.993
  [photoguard_c] step  180  L=4.025371e+02  Linf01=0.2269  L2=15.991
  [photoguard_c] step  199  L=3.992499e+02  Linf01=0.2424  L2=15.996
{'image': 'woman_01', 'condition': 'photoguard_c', 'stage1_seconds': 0.0, 'total_seconds': 6293.5, 'fid_lpips': 0.4119, 'fid_ssim': 0.9819, 'fid_dists': 0.0584, 'fid_psnr': 40.8965, 'fid_clip_img': 0.9608, 'fid_nima': 3.5534, 'fid_cnniqa': 0.3424, 'edit_lpips': 0.4272, 'edit_clip_orig': 0.208, 'edit_clip_def': 0.2084, 'edit_clip_drop': -0.0004, 'edit_siglip_orig': 0.0388, 'edit_siglip_def': 0.0622, 'edit_siglip_drop': -0.0233}

表：runs/ext24/g5/results.csv
