C:\Users\nelso\miniconda3\envs\wacv\Lib\site-packages\torchvision\models\_utils.py:207: UserWarning: The parameter 'pretrained' is deprecated since 0.13 and may be removed in the future, please use 'weights' instead.
  warnings.warn(
C:\Users\nelso\miniconda3\envs\wacv\Lib\site-packages\torchvision\models\_utils.py:222: UserWarning: Arguments other than a weight enum or `None` for 'weights' are deprecated since 0.13 and may be removed in the future. The current behavior is equivalent to passing `weights=VGG16_Weights.IMAGENET1K_V1`. You can also use `weights=VGG16_Weights.DEFAULT` to get the most up-to-date weights.
  warnings.warn(msg)
Loading pretrained model STLPIPS from C:\Users\nelso\.cache\torch\hub\pyiqa\alex_shift_tolerant.pth
Loading pretrained model MUSIQ from C:\Users\nelso\.cache\torch\hub\pyiqa\musiq_koniq_ckpt-e95806b9.pth
car_00  bilinear  倍率=0.5029  LPIPS=0.0501  平均位移=0.412 px  銳利度=0.773
car_00   bicubic  倍率=0.6177  LPIPS=0.0500  平均位移=0.506 px  銳利度=0.975
car_01  bilinear  倍率=0.4492  LPIPS=0.0499  平均位移=0.368 px  銳利度=0.820
car_01   bicubic  倍率=0.6189  LPIPS=0.0500  平均位移=0.507 px  銳利度=0.996
dog_00  bilinear  倍率=0.3296  LPIPS=0.0499  平均位移=0.270 px  銳利度=0.897
dog_00   bicubic  倍率=0.5298  LPIPS=0.0500  平均位移=0.434 px  銳利度=1.004
dog_01  bilinear  倍率=0.4102  LPIPS=0.0500  平均位移=0.336 px  銳利度=0.872
dog_01   bicubic  倍率=0.7739  LPIPS=0.0500  平均位移=0.634 px  銳利度=1.013
person_00  bilinear  倍率=0.5908  LPIPS=0.0500  平均位移=0.484 px  銳利度=0.903
person_00   bicubic  倍率=0.9399  LPIPS=0.0500  平均位移=0.770 px  銳利度=1.009
person_01  bilinear  倍率=0.5420  LPIPS=0.0499  平均位移=0.444 px  銳利度=0.836
person_01   bicubic  倍率=0.8740  LPIPS=0.0500  平均位移=0.716 px  銳利度=0.995

=== LPIPS 全部固定為 0.05 的失真量（0 為完美，越大越糟；n=6）===
              指標         模糊         雜訊       變形-雙線性       變形-雙三次
------------------------------------------------------------------
           lpips    0.04998    0.04998      0.04998      0.04999
  acutance_ratio    0.23574    0.00833      0.14968      0.01003
         stlpips    0.02867    0.00790      0.01329      0.00442
            gmsd    0.00781    0.00289      0.03807      0.05992
           dists    0.01692    0.00880      0.01623      0.02058
         haarpsi    0.02128    0.01063      0.06651      0.12118
         ms_ssim    0.00282    0.00463      0.00916      0.01912
            ssim    0.00521    0.00830      0.01744      0.03634
            psnr    0.00037    0.00013      0.00077      0.00147
           vif_p    0.18188    0.17452      0.30814      0.44598
            nlpd    0.05207    0.05192      0.13009      0.19476
            niqe    0.27854    0.47981     -0.09442     -0.16985
           musiq    2.89853    0.87827      1.48480      0.26125

--- 重取樣模式對銳利度的影響 ---
bilinear：銳利度保留 85.0%，平均位移 0.386 px
 bicubic：銳利度保留 99.9%，平均位移 0.595 px
