Loading pipeline components...:   0%|          | 0/6 [00:00<?, ?it/s]Loading pipeline components...:  50%|█████     | 3/6 [00:00<00:00, 20.33it/s]
Loading weights:   0%|          | 0/196 [00:00<?, ?it/s][ALoading weights: 100%|██████████| 196/196 [00:00<00:00, 3196.01it/s]
Loading pipeline components...: 100%|██████████| 6/6 [00:00<00:00, 14.17it/s]Loading pipeline components...: 100%|██████████| 6/6 [00:00<00:00, 14.83it/s]
There are modules in UNet2DConditionModel that should be kept in float32: []. Casting directly with `to()` can lead to inconsistent results; set `torch_dtype` in `from_pretrained()` instead to keep these modules in float32.
There are modules in AutoencoderKL that should be kept in float32: []. Casting directly with `to()` can lead to inconsistent results; set `torch_dtype` in `from_pretrained()` instead to keep these modules in float32.
/nfs/home/nelson0314/venvs/wacv/lib/python3.11/site-packages/torchvision/models/_utils.py:207: UserWarning: The parameter 'pretrained' is deprecated since 0.13 and may be removed in the future, please use 'weights' instead.
  warnings.warn(
/nfs/home/nelson0314/venvs/wacv/lib/python3.11/site-packages/torchvision/models/_utils.py:222: UserWarning: Arguments other than a weight enum or `None` for 'weights' are deprecated since 0.13 and may be removed in the future. The current behavior is equivalent to passing `weights=VGG16_Weights.IMAGENET1K_V1`. You can also use `weights=VGG16_Weights.DEFAULT` to get the most up-to-date weights.
  warnings.warn(msg)

########## person_a_00 (man) ##########
=== person_a_00 / photoguard_c ===
  [photoguard_c] step    0  L=4.653006e+02  Linf01=0.0209  L2=0.902
  [photoguard_c] step   20  L=3.973882e+02  Linf01=0.1522  L2=6.992
  [photoguard_c] step   40  L=3.496491e+02  Linf01=0.2237  L2=11.564
  [photoguard_c] step   60  L=3.219655e+02  Linf01=0.2716  L2=15.341
  [photoguard_c] step   80  L=3.190396e+02  Linf01=0.2427  L2=15.996
  [photoguard_c] step  100  L=3.065266e+02  Linf01=0.2041  L2=15.995
  [photoguard_c] step  120  L=3.035959e+02  Linf01=0.1658  L2=15.997
  [photoguard_c] step  140  L=3.020098e+02  Linf01=0.1622  L2=15.992
  [photoguard_c] step  160  L=2.981750e+02  Linf01=0.1658  L2=15.996
  [photoguard_c] step  180  L=2.844707e+02  Linf01=0.1713  L2=15.995
  [photoguard_c] step  199  L=2.921913e+02  Linf01=0.1714  L2=15.997
Warning: You are sending unauthenticated requests to the HF Hub. Please set a HF_TOKEN to enable higher rate limits and faster downloads.
Loading pretrained model NIMA from /nfs/home/nelson0314/.cache/torch/hub/pyiqa/NIMA_InceptionV2_ava-b0c77c00.pth
Loading pretrained model CNNIQA from /nfs/home/nelson0314/.cache/torch/hub/pyiqa/CNNIQA_koniq10k-e6f14c91.pth
Loading weights:   0%|          | 0/398 [00:00<?, ?it/s]Loading weights: 100%|██████████| 398/398 [00:00<00:00, 10960.96it/s]
Loading weights:   0%|          | 0/398 [00:00<?, ?it/s]Loading weights: 100%|██████████| 398/398 [00:00<00:00, 11308.85it/s]
[transformers] Model config: bos_token_id must be `None` or an integer within the vocabulary (between 0 and 31999), got 49406. This may result in unexpected behavior.
[transformers] Model config: eos_token_id must be `None` or an integer within the vocabulary (between 0 and 31999), got 49407. This may result in unexpected behavior.
Loading weights:   0%|          | 0/408 [00:00<?, ?it/s]Loading weights:  76%|███████▋  | 312/408 [00:00<00:00, 3099.80it/s]Loading weights: 100%|██████████| 408/408 [00:00<00:00, 3066.08it/s]
{'image': 'person_a_00', 'condition': 'photoguard_c', 'stage1_seconds': 0.0, 'total_seconds': 7022.1, 'fid_lpips': 0.4236, 'fid_ssim': 0.9853, 'fid_dists': 0.0492, 'fid_psnr': 40.8959, 'fid_clip_img': 0.9892, 'fid_nima': 5.2963, 'fid_cnniqa': 0.6445, 'edit_strength': 0.7, 'edit_lpips': 0.5787, 'edit_clip_orig': 0.3649, 'edit_clip_def': 0.3754, 'edit_clip_drop': -0.0105, 'edit_siglip_orig': 0.1501, 'edit_siglip_def': 0.1513, 'edit_siglip_drop': -0.0012}

表：runs/s0817/pg0/results.csv
