Warning: You are sending unauthenticated requests to the HF Hub. Please set a HF_TOKEN to enable higher rate limits and faster downloads.
Loading pipeline components...:   0%|          | 0/6 [00:00<?, ?it/s]
Loading weights:   0%|          | 0/196 [00:00<?, ?it/s][ALoading weights: 100%|██████████| 196/196 [00:00<00:00, 2725.33it/s]
Loading pipeline components...:  50%|█████     | 3/6 [00:00<00:00, 10.69it/s]Loading pipeline components...: 100%|██████████| 6/6 [00:00<00:00, 12.66it/s]Loading pipeline components...: 100%|██████████| 6/6 [00:00<00:00, 12.31it/s]
There are modules in AutoencoderKL that should be kept in float32: []. Casting directly with `to()` can lead to inconsistent results; set `torch_dtype` in `from_pretrained()` instead to keep these modules in float32.
/nfs/home/nelson0314/venvs/wacv/lib/python3.11/site-packages/torchvision/models/_utils.py:207: UserWarning: The parameter 'pretrained' is deprecated since 0.13 and may be removed in the future, please use 'weights' instead.
  warnings.warn(
/nfs/home/nelson0314/venvs/wacv/lib/python3.11/site-packages/torchvision/models/_utils.py:222: UserWarning: Arguments other than a weight enum or `None` for 'weights' are deprecated since 0.13 and may be removed in the future. The current behavior is equivalent to passing `weights=VGG16_Weights.IMAGENET1K_V1`. You can also use `weights=VGG16_Weights.DEFAULT` to get the most up-to-date weights.
  warnings.warn(msg)
IP2P 線：13 張、條件 ['phase_gain']、steps=100 s_T=7.5 s_I=1.5 seed=20260812
/nfs/home/nelson0314/venvs/wacv/lib/python3.11/site-packages/diffusers/image_processor.py:724: FutureWarning: Passing `image` as torch tensor with value range in [-1,1] is deprecated. The expected value range for image tensor is [0,1] when passing as pytorch tensor or numpy Array. You passed `image` with value range [-1.0,1.0]
  warnings.warn(
Loading weights:   0%|          | 0/398 [00:00<?, ?it/s]Loading weights: 100%|██████████| 398/398 [00:00<00:00, 9040.08it/s]
[transformers] Model config: bos_token_id must be `None` or an integer within the vocabulary (between 0 and 31999), got 49406. This may result in unexpected behavior.
[transformers] Model config: eos_token_id must be `None` or an integer within the vocabulary (between 0 and 31999), got 49407. This may result in unexpected behavior.
Loading weights:   0%|          | 0/408 [00:00<?, ?it/s]Loading weights:  82%|████████▏ | 334/408 [00:00<00:00, 3332.88it/s]Loading weights: 100%|██████████| 408/408 [00:00<00:00, 3153.43it/s]
task_attr_mod_color_11699        phase_gain     r=3.3000 dists=0.0892 lpips=0.3439 effect=0.4876 (183s)
task_attr_mod_color_136767       phase_gain     r=3.3000 dists=0.1651 lpips=0.4037 effect=0.5655 (173s)
task_attr_mod_color_184837       phase_gain     r=3.3000 dists=0.2066 lpips=0.4600 effect=0.7240 (173s)
task_attr_mod_color_32648        phase_gain     r=3.3000 dists=0.0712 lpips=0.4300 effect=0.3494 (173s)
task_attr_mod_color_6205         phase_gain     r=3.3000 dists=0.1254 lpips=0.3438 effect=0.5108 (173s)
task_env_weather_112463          phase_gain     r=3.3000 dists=0.0691 lpips=0.4556 effect=0.7888 (173s)
task_env_weather_246440          phase_gain     r=3.3000 dists=0.1462 lpips=0.4314 effect=0.6156 (173s)
task_env_weather_63722           phase_gain     r=3.3000 dists=0.0946 lpips=0.4085 effect=0.4952 (173s)
task_obj_add_40931               phase_gain     r=3.3000 dists=0.1390 lpips=0.4843 effect=0.5499 (173s)
task_obj_remove_380621           phase_gain     r=3.3000 dists=0.1118 lpips=0.3997 effect=0.6884 (173s)
task_obj_swap_joint_mask_276754  phase_gain     r=3.3000 dists=0.1720 lpips=0.4563 effect=0.6658 (173s)
task_obj_swap_joint_mask_533428  phase_gain     r=3.3000 dists=0.1484 lpips=0.4912 effect=0.6371 (173s)
task_obj_swap_rand_mask_417469   phase_gain     r=3.3000 dists=0.1159 lpips=0.4683 effect=0.6635 (173s)

表：runs/ip2p_band_edge_push/g050_r33/results.csv（13 列）
