Warning: You are sending unauthenticated requests to the HF Hub. Please set a HF_TOKEN to enable higher rate limits and faster downloads.
Loading pipeline components...:   0%|          | 0/6 [00:00<?, ?it/s]Loading pipeline components...:  17%|█▋        | 1/6 [00:00<00:00,  9.53it/s]
Loading weights:   0%|          | 0/196 [00:00<?, ?it/s][ALoading weights: 100%|██████████| 196/196 [00:00<00:00, 4629.55it/s]
Loading pipeline components...:  83%|████████▎ | 5/6 [00:00<00:00, 18.58it/s]Loading pipeline components...: 100%|██████████| 6/6 [00:00<00:00, 16.88it/s]
There are modules in AutoencoderKL that should be kept in float32: []. Casting directly with `to()` can lead to inconsistent results; set `torch_dtype` in `from_pretrained()` instead to keep these modules in float32.
/nfs/home/nelson0314/venvs/wacv/lib/python3.11/site-packages/torchvision/models/_utils.py:207: UserWarning: The parameter 'pretrained' is deprecated since 0.13 and may be removed in the future, please use 'weights' instead.
  warnings.warn(
/nfs/home/nelson0314/venvs/wacv/lib/python3.11/site-packages/torchvision/models/_utils.py:222: UserWarning: Arguments other than a weight enum or `None` for 'weights' are deprecated since 0.13 and may be removed in the future. The current behavior is equivalent to passing `weights=VGG16_Weights.IMAGENET1K_V1`. You can also use `weights=VGG16_Weights.DEFAULT` to get the most up-to-date weights.
  warnings.warn(msg)
IP2P 線：13 張、條件 ['phase_gain']、steps=100 s_T=7.5 s_I=1.5 seed=20260812
/nfs/home/nelson0314/venvs/wacv/lib/python3.11/site-packages/diffusers/image_processor.py:724: FutureWarning: Passing `image` as torch tensor with value range in [-1,1] is deprecated. The expected value range for image tensor is [0,1] when passing as pytorch tensor or numpy Array. You passed `image` with value range [-1.0,1.0]
  warnings.warn(
Loading weights:   0%|          | 0/398 [00:00<?, ?it/s]Loading weights: 100%|██████████| 398/398 [00:00<00:00, 14268.41it/s]
[transformers] Model config: bos_token_id must be `None` or an integer within the vocabulary (between 0 and 31999), got 49406. This may result in unexpected behavior.
[transformers] Model config: eos_token_id must be `None` or an integer within the vocabulary (between 0 and 31999), got 49407. This may result in unexpected behavior.
Loading weights:   0%|          | 0/408 [00:00<?, ?it/s]Loading weights:  81%|████████  | 331/408 [00:00<00:00, 3309.58it/s]Loading weights: 100%|██████████| 408/408 [00:00<00:00, 3291.78it/s]
task_attr_mod_color_11699        phase_gain     r=2.0000 dists=0.1392 lpips=0.5346 effect=0.5827 (404s)
task_attr_mod_color_136767       phase_gain     r=2.0000 dists=0.2105 lpips=0.5009 effect=0.6135 (390s)
task_attr_mod_color_184837       phase_gain     r=2.0000 dists=0.2330 lpips=0.5195 effect=0.7833 (390s)
task_attr_mod_color_32648        phase_gain     r=2.0000 dists=0.1463 lpips=0.5671 effect=0.6077 (390s)
task_attr_mod_color_6205         phase_gain     r=2.0000 dists=0.1670 lpips=0.5474 effect=0.7402 (390s)
task_env_weather_112463          phase_gain     r=2.0000 dists=0.1094 lpips=0.5880 effect=0.8571 (390s)
task_env_weather_246440          phase_gain     r=2.0000 dists=0.1651 lpips=0.4553 effect=0.6013 (391s)
task_env_weather_63722           phase_gain     r=2.0000 dists=0.1398 lpips=0.5304 effect=0.6779 (390s)
task_obj_add_40931               phase_gain     r=2.0000 dists=0.1811 lpips=0.5273 effect=0.6596 (390s)
task_obj_remove_380621           phase_gain     r=2.0000 dists=0.1497 lpips=0.5456 effect=0.7332 (390s)
task_obj_swap_joint_mask_276754  phase_gain     r=2.0000 dists=0.1877 lpips=0.4612 effect=0.6715 (390s)
task_obj_swap_joint_mask_533428  phase_gain     r=2.0000 dists=0.1685 lpips=0.5264 effect=0.6420 (390s)
task_obj_swap_rand_mask_417469   phase_gain     r=2.0000 dists=0.1454 lpips=0.5285 effect=0.7960 (389s)

表：runs/ip2p_floor_gate/wat_r20/results.csv（13 列）
