Warning: You are sending unauthenticated requests to the HF Hub. Please set a HF_TOKEN to enable higher rate limits and faster downloads.
Loading pipeline components...:   0%|          | 0/6 [00:00<?, ?it/s]Loading pipeline components...:  50%|█████     | 3/6 [00:00<00:00, 16.40it/s]
Loading weights:   0%|          | 0/196 [00:00<?, ?it/s][ALoading weights: 100%|██████████| 196/196 [00:00<00:00, 4978.01it/s]
Loading pipeline components...: 100%|██████████| 6/6 [00:00<00:00, 13.81it/s]Loading pipeline components...: 100%|██████████| 6/6 [00:00<00:00, 14.14it/s]
There are modules in AutoencoderKL that should be kept in float32: []. Casting directly with `to()` can lead to inconsistent results; set `torch_dtype` in `from_pretrained()` instead to keep these modules in float32.
/nfs/home/nelson0314/venvs/wacv/lib/python3.11/site-packages/torchvision/models/_utils.py:207: UserWarning: The parameter 'pretrained' is deprecated since 0.13 and may be removed in the future, please use 'weights' instead.
  warnings.warn(
/nfs/home/nelson0314/venvs/wacv/lib/python3.11/site-packages/torchvision/models/_utils.py:222: UserWarning: Arguments other than a weight enum or `None` for 'weights' are deprecated since 0.13 and may be removed in the future. The current behavior is equivalent to passing `weights=VGG16_Weights.IMAGENET1K_V1`. You can also use `weights=VGG16_Weights.DEFAULT` to get the most up-to-date weights.
  warnings.warn(msg)
IP2P 線：12 張、條件 ['phase', 'dct_shield']、steps=100 s_T=7.5 s_I=1.5 seed=20260812
/nfs/home/nelson0314/venvs/wacv/lib/python3.11/site-packages/diffusers/image_processor.py:724: FutureWarning: Passing `image` as torch tensor with value range in [-1,1] is deprecated. The expected value range for image tensor is [0,1] when passing as pytorch tensor or numpy Array. You passed `image` with value range [-1.0,1.0]
  warnings.warn(
Loading weights:   0%|          | 0/398 [00:00<?, ?it/s]Loading weights: 100%|██████████| 398/398 [00:00<00:00, 22965.41it/s]
[transformers] Model config: bos_token_id must be `None` or an integer within the vocabulary (between 0 and 31999), got 49406. This may result in unexpected behavior.
[transformers] Model config: eos_token_id must be `None` or an integer within the vocabulary (between 0 and 31999), got 49407. This may result in unexpected behavior.
Loading weights:   0%|          | 0/408 [00:00<?, ?it/s]Loading weights:  69%|██████▉   | 283/408 [00:00<00:00, 2804.15it/s]Loading weights: 100%|██████████| 408/408 [00:00<00:00, 2974.36it/s]
task_attr_mod_color_174506       clip_gain=+0.0183 lpips=0.3832 (78s)
task_attr_mod_color_59806        clip_gain=-0.0085 lpips=0.2055 (68s)
task_env_weather_126577          clip_gain=+0.0565 lpips=0.4464 (68s)
task_env_weather_226185          clip_gain=+0.0393 lpips=0.2714 (68s)
task_env_weather_9736            clip_gain=+0.1068 lpips=0.6968 (68s)
task_obj_add_375217              clip_gain=+0.0034 lpips=0.2186 (68s)
task_obj_add_669258              clip_gain=+0.0059 lpips=0.1828 (68s)
task_obj_remove_197959           clip_gain=+0.0525 lpips=0.5769 (68s)
task_obj_remove_483219           clip_gain=-0.0115 lpips=0.2208 (68s)
task_obj_remove_869495           clip_gain=+0.0094 lpips=0.2388 (68s)
task_obj_swap_joint_mask_698465  clip_gain=-0.0291 lpips=0.3335 (68s)
task_obj_swap_rand_mask_392115   clip_gain=-0.0231 lpips=0.1220 (67s)

表：runs/m0820/check_10/check.csv（12 列）
