Loading pipeline components...:   0%|          | 0/6 [00:00<?, ?it/s]Loading pipeline components...:  17%|█▋        | 1/6 [00:00<00:00,  9.83it/s]Loading pipeline components...:  50%|█████     | 3/6 [00:00<00:00, 13.23it/s]
Loading weights:   0%|          | 0/196 [00:00<?, ?it/s][ALoading weights: 100%|██████████| 196/196 [00:00<00:00, 3789.29it/s]
Loading pipeline components...: 100%|██████████| 6/6 [00:00<00:00, 13.55it/s]Loading pipeline components...: 100%|██████████| 6/6 [00:00<00:00, 13.25it/s]
There are modules in AutoencoderKL that should be kept in float32: []. Casting directly with `to()` can lead to inconsistent results; set `torch_dtype` in `from_pretrained()` instead to keep these modules in float32.
/nfs/home/nelson0314/venvs/wacv/lib/python3.11/site-packages/torchvision/models/_utils.py:207: UserWarning: The parameter 'pretrained' is deprecated since 0.13 and may be removed in the future, please use 'weights' instead.
  warnings.warn(
/nfs/home/nelson0314/venvs/wacv/lib/python3.11/site-packages/torchvision/models/_utils.py:222: UserWarning: Arguments other than a weight enum or `None` for 'weights' are deprecated since 0.13 and may be removed in the future. The current behavior is equivalent to passing `weights=VGG16_Weights.IMAGENET1K_V1`. You can also use `weights=VGG16_Weights.DEFAULT` to get the most up-to-date weights.
  warnings.warn(msg)
IP2P 線：13 張、條件 ['phase', 'dct_shield']、steps=100 s_T=7.5 s_I=1.5 seed=20260812
/nfs/home/nelson0314/venvs/wacv/lib/python3.11/site-packages/diffusers/image_processor.py:724: FutureWarning: Passing `image` as torch tensor with value range in [-1,1] is deprecated. The expected value range for image tensor is [0,1] when passing as pytorch tensor or numpy Array. You passed `image` with value range [-1.0,1.0]
  warnings.warn(
Warning: You are sending unauthenticated requests to the HF Hub. Please set a HF_TOKEN to enable higher rate limits and faster downloads.
Loading weights:   0%|          | 0/398 [00:00<?, ?it/s]Loading weights: 100%|██████████| 398/398 [00:00<00:00, 26663.68it/s]
[transformers] Model config: bos_token_id must be `None` or an integer within the vocabulary (between 0 and 31999), got 49406. This may result in unexpected behavior.
[transformers] Model config: eos_token_id must be `None` or an integer within the vocabulary (between 0 and 31999), got 49407. This may result in unexpected behavior.
Loading weights:   0%|          | 0/408 [00:00<?, ?it/s]Loading weights: 100%|██████████| 408/408 [00:00<00:00, 4848.43it/s]
task_attr_mod_color_123744       clip_gain=-0.0047 lpips=0.2332 (80s)
task_attr_mod_color_22137        clip_gain=+0.0098 lpips=0.1921 (71s)
task_attr_mod_color_71985        clip_gain=+0.0033 lpips=0.1843 (72s)
task_env_weather_137230          clip_gain=+0.0052 lpips=0.1329 (72s)
task_env_weather_39740           clip_gain=+0.0693 lpips=0.3844 (72s)
task_obj_add_166344              clip_gain=-0.0022 lpips=0.1399 (72s)
task_obj_add_44802               clip_gain=+0.0686 lpips=0.4153 (72s)
/nfs/home/nelson0314/venvs/wacv/lib/python3.11/site-packages/diffusers/image_processor.py:724: FutureWarning: Passing `image` as torch tensor with value range in [-1,1] is deprecated. The expected value range for image tensor is [0,1] when passing as pytorch tensor or numpy Array. You passed `image` with value range [-0.8196078538894653,0.8901960849761963]
  warnings.warn(
task_obj_add_709390              clip_gain=+0.0435 lpips=0.1976 (72s)
task_obj_remove_284852           clip_gain=+0.0230 lpips=0.5186 (72s)
task_obj_remove_571780           clip_gain=-0.0151 lpips=0.2269 (72s)
task_obj_swap_joint_mask_337228  clip_gain=+0.0743 lpips=0.7699 (72s)
task_obj_swap_rand_mask_11376    clip_gain=+0.0284 lpips=0.3351 (72s)
task_obj_swap_rand_mask_660100   clip_gain=-0.0115 lpips=0.2273 (71s)

表：runs/m0820/check_2/check.csv（13 列）
