Loading pipeline components...:   0%|          | 0/6 [00:00<?, ?it/s]
Loading weights:   0%|          | 0/196 [00:00<?, ?it/s][ALoading weights: 100%|██████████| 196/196 [00:00<00:00, 3168.93it/s]
Loading pipeline components...:  67%|██████▋   | 4/6 [00:00<00:00, 17.46it/s]Loading pipeline components...: 100%|██████████| 6/6 [00:00<00:00, 11.41it/s]Loading pipeline components...: 100%|██████████| 6/6 [00:00<00:00, 12.25it/s]
There are modules in AutoencoderKL that should be kept in float32: []. Casting directly with `to()` can lead to inconsistent results; set `torch_dtype` in `from_pretrained()` instead to keep these modules in float32.
/nfs/home/nelson0314/venvs/wacv/lib/python3.11/site-packages/torchvision/models/_utils.py:207: UserWarning: The parameter 'pretrained' is deprecated since 0.13 and may be removed in the future, please use 'weights' instead.
  warnings.warn(
/nfs/home/nelson0314/venvs/wacv/lib/python3.11/site-packages/torchvision/models/_utils.py:222: UserWarning: Arguments other than a weight enum or `None` for 'weights' are deprecated since 0.13 and may be removed in the future. The current behavior is equivalent to passing `weights=VGG16_Weights.IMAGENET1K_V1`. You can also use `weights=VGG16_Weights.DEFAULT` to get the most up-to-date weights.
  warnings.warn(msg)
IP2P 線：13 張、條件 ['phase_gain']、steps=100 s_T=7.5 s_I=1.5 seed=20260812
/nfs/home/nelson0314/venvs/wacv/lib/python3.11/site-packages/diffusers/image_processor.py:724: FutureWarning: Passing `image` as torch tensor with value range in [-1,1] is deprecated. The expected value range for image tensor is [0,1] when passing as pytorch tensor or numpy Array. You passed `image` with value range [-1.0,1.0]
  warnings.warn(
Warning: You are sending unauthenticated requests to the HF Hub. Please set a HF_TOKEN to enable higher rate limits and faster downloads.
Loading weights:   0%|          | 0/398 [00:00<?, ?it/s]Loading weights: 100%|██████████| 398/398 [00:00<00:00, 20274.15it/s]
[transformers] Model config: bos_token_id must be `None` or an integer within the vocabulary (between 0 and 31999), got 49406. This may result in unexpected behavior.
[transformers] Model config: eos_token_id must be `None` or an integer within the vocabulary (between 0 and 31999), got 49407. This may result in unexpected behavior.
Loading weights:   0%|          | 0/408 [00:00<?, ?it/s]Loading weights:  72%|███████▏  | 295/408 [00:00<00:00, 2945.72it/s]Loading weights: 100%|██████████| 408/408 [00:00<00:00, 2897.81it/s]
task_attr_mod_color_11699        phase_gain     r=3.6000 dists=0.0913 lpips=0.3778 effect=0.5051 (184s)
task_attr_mod_color_136767       phase_gain     r=3.6000 dists=0.1714 lpips=0.4359 effect=0.5749 (174s)
task_attr_mod_color_184837       phase_gain     r=3.6000 dists=0.2074 lpips=0.4902 effect=0.7636 (174s)
task_attr_mod_color_32648        phase_gain     r=3.6000 dists=0.0962 lpips=0.4660 effect=0.3747 (174s)
task_attr_mod_color_6205         phase_gain     r=3.6000 dists=0.1316 lpips=0.3832 effect=0.5685 (174s)
task_env_weather_112463          phase_gain     r=3.6000 dists=0.0611 lpips=0.4837 effect=0.8158 (174s)
task_env_weather_246440          phase_gain     r=3.6000 dists=0.1546 lpips=0.4626 effect=0.6178 (174s)
task_env_weather_63722           phase_gain     r=3.6000 dists=0.1116 lpips=0.4490 effect=0.5216 (174s)
task_obj_add_40931               phase_gain     r=3.6000 dists=0.1613 lpips=0.5028 effect=0.6634 (174s)
task_obj_remove_380621           phase_gain     r=3.6000 dists=0.1076 lpips=0.4315 effect=0.7189 (174s)
task_obj_swap_joint_mask_276754  phase_gain     r=3.6000 dists=0.2014 lpips=0.4777 effect=0.6702 (174s)
task_obj_swap_joint_mask_533428  phase_gain     r=3.6000 dists=0.1635 lpips=0.5166 effect=0.6434 (174s)
task_obj_swap_rand_mask_417469   phase_gain     r=3.6000 dists=0.1229 lpips=0.4956 effect=0.7239 (174s)

表：runs/ip2p_band_edge_push/g025_rm25_r36/results.csv（13 列）
