Warning: You are sending unauthenticated requests to the HF Hub. Please set a HF_TOKEN to enable higher rate limits and faster downloads.
Loading pipeline components...:   0%|          | 0/6 [00:00<?, ?it/s]Loading pipeline components...:  67%|██████▋   | 4/6 [00:00<00:00, 17.96it/s]
Loading weights:   0%|          | 0/196 [00:00<?, ?it/s][ALoading weights: 100%|██████████| 196/196 [00:00<00:00, 3801.21it/s]
Loading pipeline components...: 100%|██████████| 6/6 [00:00<00:00, 11.66it/s]Loading pipeline components...: 100%|██████████| 6/6 [00:00<00:00, 12.53it/s]
There are modules in AutoencoderKL that should be kept in float32: []. Casting directly with `to()` can lead to inconsistent results; set `torch_dtype` in `from_pretrained()` instead to keep these modules in float32.
/nfs/home/nelson0314/venvs/wacv/lib/python3.11/site-packages/torchvision/models/_utils.py:207: UserWarning: The parameter 'pretrained' is deprecated since 0.13 and may be removed in the future, please use 'weights' instead.
  warnings.warn(
/nfs/home/nelson0314/venvs/wacv/lib/python3.11/site-packages/torchvision/models/_utils.py:222: UserWarning: Arguments other than a weight enum or `None` for 'weights' are deprecated since 0.13 and may be removed in the future. The current behavior is equivalent to passing `weights=VGG16_Weights.IMAGENET1K_V1`. You can also use `weights=VGG16_Weights.DEFAULT` to get the most up-to-date weights.
  warnings.warn(msg)
IP2P 線：13 張、條件 ['dct_shield']、steps=100 s_T=7.5 s_I=1.5 seed=20260812
/nfs/home/nelson0314/venvs/wacv/lib/python3.11/site-packages/diffusers/image_processor.py:724: FutureWarning: Passing `image` as torch tensor with value range in [-1,1] is deprecated. The expected value range for image tensor is [0,1] when passing as pytorch tensor or numpy Array. You passed `image` with value range [-1.0,1.0]
  warnings.warn(
    [dct_shield] step    0 loss 107.0090
    [dct_shield] step  250 loss 57.7350
    [dct_shield] step  500 loss 55.5531
    [dct_shield] step  750 loss 53.9653
    [dct_shield] step  999 loss 52.6247
Loading weights:   0%|          | 0/398 [00:00<?, ?it/s]Loading weights: 100%|██████████| 398/398 [00:00<00:00, 10284.08it/s]
[transformers] Model config: bos_token_id must be `None` or an integer within the vocabulary (between 0 and 31999), got 49406. This may result in unexpected behavior.
[transformers] Model config: eos_token_id must be `None` or an integer within the vocabulary (between 0 and 31999), got 49407. This may result in unexpected behavior.
Loading weights:   0%|          | 0/408 [00:00<?, ?it/s]Loading weights:  74%|███████▍  | 302/408 [00:00<00:00, 2988.47it/s]Loading weights: 100%|██████████| 408/408 [00:00<00:00, 3003.58it/s]
task_attr_mod_color_11699        dct_shield     r=1.2000 dists=0.0680 lpips=0.4972 effect=0.5535 (184s)
    [dct_shield] step    0 loss 133.6177
    [dct_shield] step  250 loss 64.4502
    [dct_shield] step  500 loss 61.8570
    [dct_shield] step  750 loss 60.2869
    [dct_shield] step  999 loss 59.0503
task_attr_mod_color_136767       dct_shield     r=1.2000 dists=0.0666 lpips=0.4531 effect=0.6317 (174s)
    [dct_shield] step    0 loss 105.4397
    [dct_shield] step  250 loss 61.0272
    [dct_shield] step  500 loss 58.3835
    [dct_shield] step  750 loss 56.7118
    [dct_shield] step  999 loss 55.3518
task_attr_mod_color_184837       dct_shield     r=1.2000 dists=0.0426 lpips=0.3848 effect=0.6098 (174s)
    [dct_shield] step    0 loss 168.6569
    [dct_shield] step  250 loss 67.2999
    [dct_shield] step  500 loss 63.6478
    [dct_shield] step  750 loss 61.1655
    [dct_shield] step  999 loss 59.6060
task_attr_mod_color_32648        dct_shield     r=1.2000 dists=0.1301 lpips=0.6099 effect=0.6044 (173s)
    [dct_shield] step    0 loss 111.1863
    [dct_shield] step  250 loss 52.8735
    [dct_shield] step  500 loss 50.3788
    [dct_shield] step  750 loss 48.7448
    [dct_shield] step  999 loss 47.3000
task_attr_mod_color_6205         dct_shield     r=1.2000 dists=0.0735 lpips=0.5322 effect=0.7487 (174s)
    [dct_shield] step    0 loss 121.9079
    [dct_shield] step  250 loss 52.1591
    [dct_shield] step  500 loss 49.4479
    [dct_shield] step  750 loss 47.7920
    [dct_shield] step  999 loss 46.4504
task_env_weather_112463          dct_shield     r=1.2000 dists=0.0574 lpips=0.5832 effect=0.8727 (174s)
    [dct_shield] step    0 loss 116.5259
    [dct_shield] step  250 loss 72.9111
    [dct_shield] step  500 loss 70.4791
    [dct_shield] step  750 loss 68.7751
    [dct_shield] step  999 loss 66.9488
task_env_weather_246440          dct_shield     r=1.2000 dists=0.0229 lpips=0.2904 effect=0.5089 (173s)
    [dct_shield] step    0 loss 93.5997
    [dct_shield] step  250 loss 46.0311
    [dct_shield] step  500 loss 43.4848
    [dct_shield] step  750 loss 41.6119
    [dct_shield] step  999 loss 40.1988
task_env_weather_63722           dct_shield     r=1.2000 dists=0.0591 lpips=0.4891 effect=0.6810 (173s)
    [dct_shield] step    0 loss 115.2241
    [dct_shield] step  250 loss 59.6141
    [dct_shield] step  500 loss 57.3071
    [dct_shield] step  750 loss 55.8664
    [dct_shield] step  999 loss 54.6134
task_obj_add_40931               dct_shield     r=1.2000 dists=0.0667 lpips=0.4549 effect=0.6241 (174s)
    [dct_shield] step    0 loss 104.5586
    [dct_shield] step  250 loss 45.6361
    [dct_shield] step  500 loss 42.4905
    [dct_shield] step  750 loss 40.4072
    [dct_shield] step  999 loss 38.8571
task_obj_remove_380621           dct_shield     r=1.2000 dists=0.1089 lpips=0.5410 effect=0.7300 (174s)
    [dct_shield] step    0 loss 137.4309
    [dct_shield] step  250 loss 67.9137
    [dct_shield] step  500 loss 64.4039
    [dct_shield] step  750 loss 61.7664
    [dct_shield] step  999 loss 60.0182
task_obj_swap_joint_mask_276754  dct_shield     r=1.2000 dists=0.0746 lpips=0.4383 effect=0.7003 (384s)
    [dct_shield] step    0 loss 108.9757
    [dct_shield] step  250 loss 60.3951
    [dct_shield] step  500 loss 57.8258
    [dct_shield] step  750 loss 56.1775
    [dct_shield] step  999 loss 54.7194
task_obj_swap_joint_mask_533428  dct_shield     r=1.2000 dists=0.0447 lpips=0.4246 effect=0.6645 (381s)
    [dct_shield] step    0 loss 123.0653
    [dct_shield] step  250 loss 61.8291
    [dct_shield] step  500 loss 59.3979
    [dct_shield] step  750 loss 57.7785
    [dct_shield] step  999 loss 56.3116
task_obj_swap_rand_mask_417469   dct_shield     r=1.2000 dists=0.0490 lpips=0.4805 effect=0.7725 (389s)

表：runs/ip2p_band_calibration/dct_e12/results.csv（13 列）
