Warning: You are sending unauthenticated requests to the HF Hub. Please set a HF_TOKEN to enable higher rate limits and faster downloads.
Loading pipeline components...:   0%|          | 0/6 [00:00<?, ?it/s]Loading pipeline components...:  50%|█████     | 3/6 [00:00<00:00, 21.62it/s]
Loading weights:   0%|          | 0/196 [00:00<?, ?it/s][ALoading weights: 100%|██████████| 196/196 [00:00<00:00, 4474.80it/s]
Loading pipeline components...: 100%|██████████| 6/6 [00:00<00:00, 16.94it/s]Loading pipeline components...: 100%|██████████| 6/6 [00:00<00:00, 17.50it/s]
There are modules in AutoencoderKL that should be kept in float32: []. Casting directly with `to()` can lead to inconsistent results; set `torch_dtype` in `from_pretrained()` instead to keep these modules in float32.
/nfs/home/nelson0314/venvs/wacv/lib/python3.11/site-packages/torchvision/models/_utils.py:207: UserWarning: The parameter 'pretrained' is deprecated since 0.13 and may be removed in the future, please use 'weights' instead.
  warnings.warn(
/nfs/home/nelson0314/venvs/wacv/lib/python3.11/site-packages/torchvision/models/_utils.py:222: UserWarning: Arguments other than a weight enum or `None` for 'weights' are deprecated since 0.13 and may be removed in the future. The current behavior is equivalent to passing `weights=VGG16_Weights.IMAGENET1K_V1`. You can also use `weights=VGG16_Weights.DEFAULT` to get the most up-to-date weights.
  warnings.warn(msg)
IP2P 線：25 張、條件 ['phase']、steps=100 s_T=7.5 s_I=1.5 seed=20260812
/nfs/home/nelson0314/venvs/wacv/lib/python3.11/site-packages/diffusers/image_processor.py:724: FutureWarning: Passing `image` as torch tensor with value range in [-1,1] is deprecated. The expected value range for image tensor is [0,1] when passing as pytorch tensor or numpy Array. You passed `image` with value range [-1.0,1.0]
  warnings.warn(
task_attr_mod_color_11699        phase          r=1.2700 dists=0.0413 lpips=0.1647 effect=0.1756 (36s)
task_attr_mod_color_136767       phase          r=1.2700 dists=0.0688 lpips=0.2065 effect=0.2348 (36s)
task_attr_mod_color_184837       phase          r=1.2700 dists=0.0993 lpips=0.2455 effect=0.3435 (36s)
task_attr_mod_color_32648        phase          r=1.2700 dists=0.0339 lpips=0.1806 effect=0.1977 (36s)
task_attr_mod_color_6205         phase          r=1.2700 dists=0.0742 lpips=0.1357 effect=0.2653 (36s)
task_env_weather_112463          phase          r=1.2700 dists=0.0402 lpips=0.2728 effect=0.3256 (37s)
task_env_weather_133752          phase          r=1.2700 dists=0.0331 lpips=0.2132 effect=0.2530 (36s)
task_env_weather_181583          phase          r=1.2700 dists=0.0406 lpips=0.2841 effect=0.6502 (37s)
task_env_weather_246440          phase          r=1.2700 dists=0.0778 lpips=0.3368 effect=0.4386 (36s)
task_env_weather_63722           phase          r=1.2700 dists=0.0627 lpips=0.2557 effect=0.2659 (37s)
task_obj_add_13726               phase          r=1.2700 dists=0.0801 lpips=0.3675 effect=0.4103 (36s)
task_obj_add_340466              phase          r=1.2700 dists=0.0508 lpips=0.1482 effect=0.2391 (37s)
task_obj_add_40931               phase          r=1.2700 dists=0.0730 lpips=0.3777 effect=0.3544 (37s)
task_obj_add_581286              phase          r=1.2700 dists=0.0381 lpips=0.1505 effect=0.1582 (37s)
task_obj_add_692065              phase          r=1.2700 dists=0.0618 lpips=0.1847 effect=0.2268 (37s)
task_obj_remove_10197            phase          r=1.2700 dists=0.0623 lpips=0.3048 effect=0.4424 (36s)
task_obj_remove_257910           phase          r=1.2700 dists=0.0391 lpips=0.3137 effect=0.2779 (37s)
task_obj_remove_380621           phase          r=1.2700 dists=0.0714 lpips=0.2811 effect=0.4250 (36s)
task_obj_remove_509477           phase          r=1.2700 dists=0.0696 lpips=0.2985 effect=0.2950 (36s)
task_obj_remove_657585           phase          r=1.2700 dists=0.0350 lpips=0.1602 effect=0.2852 (37s)
task_obj_swap_joint_mask_276754  phase          r=1.2700 dists=0.1035 lpips=0.4244 effect=0.1948 (36s)
task_obj_swap_joint_mask_533428  phase          r=1.2700 dists=0.0818 lpips=0.3581 effect=0.4223 (36s)
/nfs/home/nelson0314/venvs/wacv/lib/python3.11/site-packages/diffusers/image_processor.py:724: FutureWarning: Passing `image` as torch tensor with value range in [-1,1] is deprecated. The expected value range for image tensor is [0,1] when passing as pytorch tensor or numpy Array. You passed `image` with value range [-0.9686274528503418,1.0]
  warnings.warn(
task_obj_swap_joint_mask_75733   phase          r=1.2700 dists=0.0650 lpips=0.3806 effect=0.3548 (36s)
task_obj_swap_rand_mask_298147   phase          r=1.2700 dists=0.1194 lpips=0.3985 effect=0.5839 (36s)
task_obj_swap_rand_mask_417469   phase          r=1.2700 dists=0.0525 lpips=0.2718 effect=0.2867 (36s)

表：runs/ip2p_gate_opening/q00_e10_r127/results.csv（25 列）
