Warning: You are sending unauthenticated requests to the HF Hub. Please set a HF_TOKEN to enable higher rate limits and faster downloads.
Loading pipeline components...:   0%|          | 0/6 [00:00<?, ?it/s]
Loading weights:   0%|          | 0/196 [00:00<?, ?it/s][ALoading weights: 100%|██████████| 196/196 [00:00<00:00, 3308.13it/s]
Loading pipeline components...:  17%|█▋        | 1/6 [00:00<00:00,  5.84it/s]Loading pipeline components...:  33%|███▎      | 2/6 [00:00<00:00,  7.37it/s]Loading pipeline components...: 100%|██████████| 6/6 [00:00<00:00, 17.93it/s]Loading pipeline components...: 100%|██████████| 6/6 [00:00<00:00, 14.63it/s]
There are modules in AutoencoderKL that should be kept in float32: []. Casting directly with `to()` can lead to inconsistent results; set `torch_dtype` in `from_pretrained()` instead to keep these modules in float32.
/nfs/home/nelson0314/venvs/wacv/lib/python3.11/site-packages/torchvision/models/_utils.py:207: UserWarning: The parameter 'pretrained' is deprecated since 0.13 and may be removed in the future, please use 'weights' instead.
  warnings.warn(
/nfs/home/nelson0314/venvs/wacv/lib/python3.11/site-packages/torchvision/models/_utils.py:222: UserWarning: Arguments other than a weight enum or `None` for 'weights' are deprecated since 0.13 and may be removed in the future. The current behavior is equivalent to passing `weights=VGG16_Weights.IMAGENET1K_V1`. You can also use `weights=VGG16_Weights.DEFAULT` to get the most up-to-date weights.
  warnings.warn(msg)
IP2P 線：13 張、條件 ['phase_gain']、steps=100 s_T=7.5 s_I=1.5 seed=20260812
/nfs/home/nelson0314/venvs/wacv/lib/python3.11/site-packages/diffusers/image_processor.py:724: FutureWarning: Passing `image` as torch tensor with value range in [-1,1] is deprecated. The expected value range for image tensor is [0,1] when passing as pytorch tensor or numpy Array. You passed `image` with value range [-1.0,1.0]
  warnings.warn(
Loading weights:   0%|          | 0/398 [00:00<?, ?it/s]Loading weights: 100%|██████████| 398/398 [00:00<00:00, 16719.41it/s]
[transformers] Model config: bos_token_id must be `None` or an integer within the vocabulary (between 0 and 31999), got 49406. This may result in unexpected behavior.
[transformers] Model config: eos_token_id must be `None` or an integer within the vocabulary (between 0 and 31999), got 49407. This may result in unexpected behavior.
Loading weights:   0%|          | 0/408 [00:00<?, ?it/s]Loading weights:  95%|█████████▌| 389/408 [00:00<00:00, 3888.31it/s]Loading weights: 100%|██████████| 408/408 [00:00<00:00, 3933.01it/s]
task_attr_mod_color_11699        phase_gain     r=3.0000 dists=0.1200 lpips=0.3483 effect=0.5509 (188s)
task_attr_mod_color_136767       phase_gain     r=3.0000 dists=0.1922 lpips=0.4198 effect=0.5752 (178s)
task_attr_mod_color_184837       phase_gain     r=3.0000 dists=0.2326 lpips=0.4756 effect=0.7568 (178s)
task_attr_mod_color_32648        phase_gain     r=3.0000 dists=0.1105 lpips=0.4402 effect=0.3700 (177s)
task_attr_mod_color_6205         phase_gain     r=3.0000 dists=0.1555 lpips=0.3629 effect=0.5816 (177s)
task_env_weather_112463          phase_gain     r=3.0000 dists=0.0905 lpips=0.4637 effect=0.8293 (177s)
task_env_weather_246440          phase_gain     r=3.0000 dists=0.1814 lpips=0.4456 effect=0.6080 (177s)
task_env_weather_63722           phase_gain     r=3.0000 dists=0.1223 lpips=0.4178 effect=0.6023 (177s)
task_obj_add_40931               phase_gain     r=3.0000 dists=0.1837 lpips=0.5083 effect=0.6041 (177s)
task_obj_remove_380621           phase_gain     r=3.0000 dists=0.1276 lpips=0.4054 effect=0.7308 (177s)
task_obj_swap_joint_mask_276754  phase_gain     r=3.0000 dists=0.2016 lpips=0.4647 effect=0.6610 (177s)
task_obj_swap_joint_mask_533428  phase_gain     r=3.0000 dists=0.1854 lpips=0.5130 effect=0.6422 (177s)
task_obj_swap_rand_mask_417469   phase_gain     r=3.0000 dists=0.1512 lpips=0.4842 effect=0.7452 (177s)

表：runs/ip2p_overlap_sweep/h08_r30/results.csv（13 列）
