Loading pipeline components...:   0%|          | 0/6 [00:00<?, ?it/s]Loading pipeline components...:  17%|█▋        | 1/6 [00:00<00:00,  6.81it/s]
Loading weights:   0%|          | 0/196 [00:00<?, ?it/s][ALoading weights: 100%|██████████| 196/196 [00:00<00:00, 2981.57it/s]
Loading pipeline components...:  50%|█████     | 3/6 [00:00<00:00,  9.22it/s]Loading pipeline components...: 100%|██████████| 6/6 [00:00<00:00, 14.81it/s]Loading pipeline components...: 100%|██████████| 6/6 [00:00<00:00, 12.98it/s]
There are modules in AutoencoderKL that should be kept in float32: []. Casting directly with `to()` can lead to inconsistent results; set `torch_dtype` in `from_pretrained()` instead to keep these modules in float32.
/nfs/home/nelson0314/venvs/wacv/lib/python3.11/site-packages/torchvision/models/_utils.py:207: UserWarning: The parameter 'pretrained' is deprecated since 0.13 and may be removed in the future, please use 'weights' instead.
  warnings.warn(
/nfs/home/nelson0314/venvs/wacv/lib/python3.11/site-packages/torchvision/models/_utils.py:222: UserWarning: Arguments other than a weight enum or `None` for 'weights' are deprecated since 0.13 and may be removed in the future. The current behavior is equivalent to passing `weights=VGG16_Weights.IMAGENET1K_V1`. You can also use `weights=VGG16_Weights.DEFAULT` to get the most up-to-date weights.
  warnings.warn(msg)
IP2P 線：13 張、條件 ['phase_gain']、steps=100 s_T=7.5 s_I=1.5 seed=20260812
/nfs/home/nelson0314/venvs/wacv/lib/python3.11/site-packages/diffusers/image_processor.py:724: FutureWarning: Passing `image` as torch tensor with value range in [-1,1] is deprecated. The expected value range for image tensor is [0,1] when passing as pytorch tensor or numpy Array. You passed `image` with value range [-1.0,1.0]
  warnings.warn(
Warning: You are sending unauthenticated requests to the HF Hub. Please set a HF_TOKEN to enable higher rate limits and faster downloads.
Loading weights:   0%|          | 0/398 [00:00<?, ?it/s]Loading weights: 100%|██████████| 398/398 [00:00<00:00, 16898.65it/s]
[transformers] Model config: bos_token_id must be `None` or an integer within the vocabulary (between 0 and 31999), got 49406. This may result in unexpected behavior.
[transformers] Model config: eos_token_id must be `None` or an integer within the vocabulary (between 0 and 31999), got 49407. This may result in unexpected behavior.
Loading weights:   0%|          | 0/408 [00:00<?, ?it/s]Loading weights:  75%|███████▍  | 305/408 [00:00<00:00, 3040.05it/s]Loading weights: 100%|██████████| 408/408 [00:00<00:00, 3002.40it/s]
task_attr_mod_color_11699        phase_gain     r=2.5000 dists=0.0984 lpips=0.3136 effect=0.4977 (188s)
task_attr_mod_color_136767       phase_gain     r=2.5000 dists=0.1703 lpips=0.3842 effect=0.5610 (176s)
task_attr_mod_color_184837       phase_gain     r=2.5000 dists=0.2140 lpips=0.4418 effect=0.7701 (176s)
task_attr_mod_color_32648        phase_gain     r=2.5000 dists=0.0845 lpips=0.4008 effect=0.3329 (176s)
task_attr_mod_color_6205         phase_gain     r=2.5000 dists=0.1409 lpips=0.3227 effect=0.5188 (176s)
task_env_weather_112463          phase_gain     r=2.5000 dists=0.0810 lpips=0.4317 effect=0.7900 (176s)
task_env_weather_246440          phase_gain     r=2.5000 dists=0.1582 lpips=0.4140 effect=0.6281 (176s)
task_env_weather_63722           phase_gain     r=2.5000 dists=0.1088 lpips=0.3843 effect=0.4929 (176s)
task_obj_add_40931               phase_gain     r=2.5000 dists=0.1622 lpips=0.4815 effect=0.6235 (176s)
task_obj_remove_380621           phase_gain     r=2.5000 dists=0.1151 lpips=0.3784 effect=0.6821 (176s)
task_obj_swap_joint_mask_276754  phase_gain     r=2.5000 dists=0.1696 lpips=0.4473 effect=0.6676 (176s)
task_obj_swap_joint_mask_533428  phase_gain     r=2.5000 dists=0.1591 lpips=0.4824 effect=0.6307 (176s)
task_obj_swap_rand_mask_417469   phase_gain     r=2.5000 dists=0.1276 lpips=0.4542 effect=0.7267 (176s)

表：runs/ip2p_overlap_sweep/h08_r25/results.csv（13 列）
