Warning: You are sending unauthenticated requests to the HF Hub. Please set a HF_TOKEN to enable higher rate limits and faster downloads.
Loading pipeline components...:   0%|          | 0/6 [00:00<?, ?it/s]Loading pipeline components...:  50%|█████     | 3/6 [00:00<00:00, 19.28it/s]
Loading weights:   0%|          | 0/196 [00:00<?, ?it/s][ALoading weights: 100%|██████████| 196/196 [00:00<00:00, 3705.83it/s]
Loading pipeline components...:  83%|████████▎ | 5/6 [00:00<00:00, 11.77it/s]Loading pipeline components...: 100%|██████████| 6/6 [00:00<00:00, 15.15it/s]
There are modules in UNet2DConditionModel that should be kept in float32: []. Casting directly with `to()` can lead to inconsistent results; set `torch_dtype` in `from_pretrained()` instead to keep these modules in float32.
There are modules in AutoencoderKL that should be kept in float32: []. Casting directly with `to()` can lead to inconsistent results; set `torch_dtype` in `from_pretrained()` instead to keep these modules in float32.
/nfs/home/nelson0314/venvs/wacv/lib/python3.11/site-packages/torchvision/models/_utils.py:207: UserWarning: The parameter 'pretrained' is deprecated since 0.13 and may be removed in the future, please use 'weights' instead.
  warnings.warn(
/nfs/home/nelson0314/venvs/wacv/lib/python3.11/site-packages/torchvision/models/_utils.py:222: UserWarning: Arguments other than a weight enum or `None` for 'weights' are deprecated since 0.13 and may be removed in the future. The current behavior is equivalent to passing `weights=VGG16_Weights.IMAGENET1K_V1`. You can also use `weights=VGG16_Weights.DEFAULT` to get the most up-to-date weights.
  warnings.warn(msg)

########## cat_00 「a cat wearing a red party hat」 ##########
Loading weights:   0%|          | 0/398 [00:00<?, ?it/s]Loading weights: 100%|██████████| 398/398 [00:00<00:00, 25140.18it/s]
[transformers] Model config: bos_token_id must be `None` or an integer within the vocabulary (between 0 and 31999), got 49406. This may result in unexpected behavior.
[transformers] Model config: eos_token_id must be `None` or an integer within the vocabulary (between 0 and 31999), got 49407. This may result in unexpected behavior.
Loading weights:   0%|          | 0/408 [00:00<?, ?it/s]Loading weights:  71%|███████▏  | 291/408 [00:00<00:00, 2890.01it/s]Loading weights: 100%|██████████| 408/408 [00:00<00:00, 3043.22it/s]
  s0.55_g7.5  CLIP 0.2577 -> 0.2607 (+0.0029)
  s0.7_g7.5  CLIP 0.2577 -> 0.3703 (+0.1125)
  s0.8_g7.5  CLIP 0.2577 -> 0.3509 (+0.0931)
  s0.8_g12  CLIP 0.2577 -> 0.3604 (+0.1027)
  s0.9_g12  CLIP 0.2577 -> 0.3172 (+0.0594)

########## raccoon_00 「a raccoon wearing a blue baseball cap」 ##########
  s0.55_g7.5  CLIP 0.3185 -> 0.3340 (+0.0155)
  s0.7_g7.5  CLIP 0.3185 -> 0.3410 (+0.0226)
  s0.8_g7.5  CLIP 0.3185 -> 0.3272 (+0.0087)
  s0.8_g12  CLIP 0.3185 -> 0.3393 (+0.0208)
  s0.9_g12  CLIP 0.3185 -> 0.3263 (+0.0078)

########## shiba_00 「a dog wearing a yellow knitted hat」 ##########
  s0.55_g7.5  CLIP 0.2234 -> 0.2706 (+0.0472)
  s0.7_g7.5  CLIP 0.2234 -> 0.3300 (+0.1066)
  s0.8_g7.5  CLIP 0.2234 -> 0.3384 (+0.1150)
  s0.8_g12  CLIP 0.2234 -> 0.3388 (+0.1154)
  s0.9_g12  CLIP 0.2234 -> 0.3546 (+0.1312)
