Loading pipeline components...:   0%|          | 0/6 [00:00<?, ?it/s]Loading pipeline components...:  17%|█▋        | 1/6 [00:00<00:00,  5.60it/s]
Loading weights:   0%|          | 0/196 [00:00<?, ?it/s][ALoading weights: 100%|██████████| 196/196 [00:00<00:00, 3568.78it/s]
Loading pipeline components...:  50%|█████     | 3/6 [00:00<00:00,  7.16it/s]Loading pipeline components...: 100%|██████████| 6/6 [00:00<00:00, 12.58it/s]
There are modules in UNet2DConditionModel that should be kept in float32: []. Casting directly with `to()` can lead to inconsistent results; set `torch_dtype` in `from_pretrained()` instead to keep these modules in float32.
There are modules in AutoencoderKL that should be kept in float32: []. Casting directly with `to()` can lead to inconsistent results; set `torch_dtype` in `from_pretrained()` instead to keep these modules in float32.
/nfs/home/nelson0314/venvs/wacv/lib/python3.11/site-packages/torchvision/models/_utils.py:207: UserWarning: The parameter 'pretrained' is deprecated since 0.13 and may be removed in the future, please use 'weights' instead.
  warnings.warn(
/nfs/home/nelson0314/venvs/wacv/lib/python3.11/site-packages/torchvision/models/_utils.py:222: UserWarning: Arguments other than a weight enum or `None` for 'weights' are deprecated since 0.13 and may be removed in the future. The current behavior is equivalent to passing `weights=VGG16_Weights.IMAGENET1K_V1`. You can also use `weights=VGG16_Weights.DEFAULT` to get the most up-to-date weights.
  warnings.warn(msg)

########## cat_00 「a cat sitting on a snowy roof」 ##########
Warning: You are sending unauthenticated requests to the HF Hub. Please set a HF_TOKEN to enable higher rate limits and faster downloads.
Loading weights:   0%|          | 0/398 [00:00<?, ?it/s]Loading weights: 100%|██████████| 398/398 [00:00<00:00, 11640.93it/s]
[transformers] Model config: bos_token_id must be `None` or an integer within the vocabulary (between 0 and 31999), got 49406. This may result in unexpected behavior.
[transformers] Model config: eos_token_id must be `None` or an integer within the vocabulary (between 0 and 31999), got 49407. This may result in unexpected behavior.
Loading weights:   0%|          | 0/408 [00:00<?, ?it/s]Loading weights:  77%|███████▋  | 313/408 [00:00<00:00, 3125.32it/s]Loading weights: 100%|██████████| 408/408 [00:00<00:00, 3064.56it/s]
  s0.55_g7.5  CLIP 0.2049 -> 0.2064 (+0.0016)
  s0.7_g7.5  CLIP 0.2049 -> 0.2343 (+0.0294)
  s0.8_g7.5  CLIP 0.2049 -> 0.2441 (+0.0392)
  s0.8_g12  CLIP 0.2049 -> 0.2747 (+0.0698)
  s0.9_g12  CLIP 0.2049 -> 0.2977 (+0.0928)

########## raccoon_00 「a raccoon standing on a city sidewalk at night」 ##########
  s0.55_g7.5  CLIP 0.2986 -> 0.3324 (+0.0338)
  s0.7_g7.5  CLIP 0.2986 -> 0.3346 (+0.0360)
  s0.8_g7.5  CLIP 0.2986 -> 0.3158 (+0.0172)
  s0.8_g12  CLIP 0.2986 -> 0.3151 (+0.0165)
  s0.9_g12  CLIP 0.2986 -> 0.3399 (+0.0412)

########## shiba_00 「a dog running on a sandy beach」 ##########
  s0.55_g7.5  CLIP 0.2417 -> 0.3024 (+0.0607)
  s0.7_g7.5  CLIP 0.2417 -> 0.3362 (+0.0945)
  s0.8_g7.5  CLIP 0.2417 -> 0.3295 (+0.0877)
  s0.8_g12  CLIP 0.2417 -> 0.3259 (+0.0841)
  s0.9_g12  CLIP 0.2417 -> 0.3456 (+0.1038)
