Warning: You are sending unauthenticated requests to the HF Hub. Please set a HF_TOKEN to enable higher rate limits and faster downloads.
Loading pipeline components...:   0%|          | 0/6 [00:00<?, ?it/s]
Loading weights:   0%|          | 0/196 [00:00<?, ?it/s][ALoading weights: 100%|██████████| 196/196 [00:00<00:00, 3118.34it/s]
Loading pipeline components...:  50%|█████     | 3/6 [00:00<00:00, 10.90it/s]Loading pipeline components...:  83%|████████▎ | 5/6 [00:00<00:00,  8.41it/s]Loading pipeline components...: 100%|██████████| 6/6 [00:00<00:00,  9.95it/s]
There are modules in UNet2DConditionModel that should be kept in float32: []. Casting directly with `to()` can lead to inconsistent results; set `torch_dtype` in `from_pretrained()` instead to keep these modules in float32.
There are modules in AutoencoderKL that should be kept in float32: []. Casting directly with `to()` can lead to inconsistent results; set `torch_dtype` in `from_pretrained()` instead to keep these modules in float32.
/nfs/home/nelson0314/venvs/wacv/lib/python3.11/site-packages/torchvision/models/_utils.py:207: UserWarning: The parameter 'pretrained' is deprecated since 0.13 and may be removed in the future, please use 'weights' instead.
  warnings.warn(
/nfs/home/nelson0314/venvs/wacv/lib/python3.11/site-packages/torchvision/models/_utils.py:222: UserWarning: Arguments other than a weight enum or `None` for 'weights' are deprecated since 0.13 and may be removed in the future. The current behavior is equivalent to passing `weights=VGG16_Weights.IMAGENET1K_V1`. You can also use `weights=VGG16_Weights.DEFAULT` to get the most up-to-date weights.
  warnings.warn(msg)

########## cat_00 (cat) ##########
=== cat_00 / photoguard_c ===
  [photoguard_c] step    0  L=3.945716e+02  Linf01=0.0291  L2=0.984
  [photoguard_c] step   20  L=3.438032e+02  Linf01=0.1840  L2=6.932
  [photoguard_c] step   40  L=3.270530e+02  Linf01=0.2486  L2=12.410
  [photoguard_c] step   60  L=3.008912e+02  Linf01=0.2641  L2=15.999
  [photoguard_c] step   80  L=3.136856e+02  Linf01=0.2553  L2=15.994
  [photoguard_c] step  100  L=3.034805e+02  Linf01=0.2221  L2=15.999
  [photoguard_c] step  120  L=3.060906e+02  Linf01=0.2229  L2=15.999
  [photoguard_c] step  140  L=3.065630e+02  Linf01=0.2205  L2=15.999
  [photoguard_c] step  160  L=3.070201e+02  Linf01=0.2302  L2=16.000
  [photoguard_c] step  180  L=3.109788e+02  Linf01=0.2024  L2=15.999
  [photoguard_c] step  199  L=3.080456e+02  Linf01=0.1832  L2=15.999
Loading pretrained model NIMA from /nfs/home/nelson0314/.cache/torch/hub/pyiqa/NIMA_InceptionV2_ava-b0c77c00.pth
Loading pretrained model CNNIQA from /nfs/home/nelson0314/.cache/torch/hub/pyiqa/CNNIQA_koniq10k-e6f14c91.pth
Loading weights:   0%|          | 0/398 [00:00<?, ?it/s]Loading weights: 100%|██████████| 398/398 [00:00<00:00, 7324.66it/s]
Loading weights:   0%|          | 0/398 [00:00<?, ?it/s]Loading weights: 100%|██████████| 398/398 [00:00<00:00, 14601.64it/s]
[transformers] Model config: bos_token_id must be `None` or an integer within the vocabulary (between 0 and 31999), got 49406. This may result in unexpected behavior.
[transformers] Model config: eos_token_id must be `None` or an integer within the vocabulary (between 0 and 31999), got 49407. This may result in unexpected behavior.
Loading weights:   0%|          | 0/408 [00:00<?, ?it/s]Loading weights:  67%|██████▋   | 275/408 [00:00<00:00, 2747.51it/s]Loading weights: 100%|██████████| 408/408 [00:00<00:00, 2867.96it/s]
{'image': 'cat_00', 'condition': 'photoguard_c', 'stage1_seconds': 0.0, 'total_seconds': 6161.4, 'fid_lpips': 0.1521, 'fid_ssim': 0.9938, 'fid_dists': 0.0187, 'fid_psnr': 40.8946, 'fid_clip_img': 0.9851, 'fid_nima': 4.8659, 'fid_cnniqa': 0.7193, 'edit_lpips': 0.4368, 'edit_clip_orig': 0.2452, 'edit_clip_def': 0.2484, 'edit_clip_drop': -0.0032, 'edit_siglip_orig': 0.0621, 'edit_siglip_def': 0.078, 'edit_siglip_drop': -0.0158}

########## cat_02 (cat) ##########
=== cat_02 / photoguard_c ===
  [photoguard_c] step    0  L=2.663970e+02  Linf01=0.0451  L2=1.000
  [photoguard_c] step   20  L=2.241147e+02  Linf01=0.1919  L2=9.035
  [photoguard_c] step   40  L=1.951644e+02  Linf01=0.2808  L2=15.752
  [photoguard_c] step   60  L=1.938849e+02  Linf01=0.2508  L2=16.000
  [photoguard_c] step   80  L=1.903200e+02  Linf01=0.2326  L2=15.998
  [photoguard_c] step  100  L=1.843972e+02  Linf01=0.2404  L2=16.000
  [photoguard_c] step  120  L=1.797626e+02  Linf01=0.2438  L2=16.000
  [photoguard_c] step  140  L=1.628064e+02  Linf01=0.2385  L2=15.999
  [photoguard_c] step  160  L=1.769156e+02  Linf01=0.2311  L2=16.000
  [photoguard_c] step  180  L=1.638099e+02  Linf01=0.2221  L2=16.000
  [photoguard_c] step  199  L=1.805960e+02  Linf01=0.2180  L2=16.000
{'image': 'cat_02', 'condition': 'photoguard_c', 'stage1_seconds': 0.0, 'total_seconds': 6155.1, 'fid_lpips': 0.1665, 'fid_ssim': 0.9921, 'fid_dists': 0.0204, 'fid_psnr': 40.8944, 'fid_clip_img': 0.9802, 'fid_nima': 4.2891, 'fid_cnniqa': 0.6339, 'edit_lpips': 0.4354, 'edit_clip_orig': 0.2521, 'edit_clip_def': 0.2502, 'edit_clip_drop': 0.0019, 'edit_siglip_orig': 0.0912, 'edit_siglip_def': 0.0916, 'edit_siglip_drop': -0.0004}

表：runs/ext24/g1/results.csv
