Loading pipeline components...:   0%|          | 0/6 [00:00<?, ?it/s]Loading pipeline components...:  33%|███▎      | 2/6 [00:00<00:00, 17.78it/s]
Loading weights:   0%|          | 0/196 [00:00<?, ?it/s][ALoading weights: 100%|██████████| 196/196 [00:00<00:00, 4277.03it/s]
Loading pipeline components...: 100%|██████████| 6/6 [00:00<00:00, 17.30it/s]Loading pipeline components...: 100%|██████████| 6/6 [00:00<00:00, 17.33it/s]
There are modules in UNet2DConditionModel that should be kept in float32: []. Casting directly with `to()` can lead to inconsistent results; set `torch_dtype` in `from_pretrained()` instead to keep these modules in float32.
There are modules in AutoencoderKL that should be kept in float32: []. Casting directly with `to()` can lead to inconsistent results; set `torch_dtype` in `from_pretrained()` instead to keep these modules in float32.
/nfs/home/nelson0314/venvs/wacv/lib/python3.11/site-packages/torchvision/models/_utils.py:207: UserWarning: The parameter 'pretrained' is deprecated since 0.13 and may be removed in the future, please use 'weights' instead.
  warnings.warn(
/nfs/home/nelson0314/venvs/wacv/lib/python3.11/site-packages/torchvision/models/_utils.py:222: UserWarning: Arguments other than a weight enum or `None` for 'weights' are deprecated since 0.13 and may be removed in the future. The current behavior is equivalent to passing `weights=VGG16_Weights.IMAGENET1K_V1`. You can also use `weights=VGG16_Weights.DEFAULT` to get the most up-to-date weights.
  warnings.warn(msg)
[purify] 相依不齊，跳過：['gridpure']
=== raccoon_00 / phase__human ===
    identity=0.5882, blur1=0.4937, jpeg75=0.3987, crop_resize0.1=0.5863
=== raccoon_00 / phase_rand__human ===
    分母塌陷：effect(identity) mean=0.1469 sd=0.0863，本格的 retention 不可用
    identity=0.1469, blur1=0.3703, jpeg75=0.1846, crop_resize0.1=0.5108
=== shiba_00 / phase__human ===
    identity=0.6071, blur1=0.3858, jpeg75=0.2901, crop_resize0.1=0.5216
=== shiba_00 / phase_rand__human ===
    分母塌陷：effect(identity) mean=0.0969 sd=0.0382，本格的 retention 不可用
    identity=0.0969, blur1=0.2551, jpeg75=0.1144, crop_resize0.1=0.4447

表：runs/freqret/ret_2.csv（16 列）
Warning: You are sending unauthenticated requests to the HF Hub. Please set a HF_TOKEN to enable higher rate limits and faster downloads.
Loading pipeline components...:   0%|          | 0/6 [00:00<?, ?it/s]
Loading weights:   0%|          | 0/196 [00:00<?, ?it/s][ALoading weights: 100%|██████████| 196/196 [00:00<00:00, 4097.33it/s]
Loading pipeline components...:  33%|███▎      | 2/6 [00:00<00:00, 10.25it/s]Loading pipeline components...: 100%|██████████| 6/6 [00:00<00:00, 18.03it/s]Loading pipeline components...: 100%|██████████| 6/6 [00:00<00:00, 16.75it/s]
There are modules in UNet2DConditionModel that should be kept in float32: []. Casting directly with `to()` can lead to inconsistent results; set `torch_dtype` in `from_pretrained()` instead to keep these modules in float32.
There are modules in AutoencoderKL that should be kept in float32: []. Casting directly with `to()` can lead to inconsistent results; set `torch_dtype` in `from_pretrained()` instead to keep these modules in float32.
/nfs/home/nelson0314/venvs/wacv/lib/python3.11/site-packages/torchvision/models/_utils.py:207: UserWarning: The parameter 'pretrained' is deprecated since 0.13 and may be removed in the future, please use 'weights' instead.
  warnings.warn(
/nfs/home/nelson0314/venvs/wacv/lib/python3.11/site-packages/torchvision/models/_utils.py:222: UserWarning: Arguments other than a weight enum or `None` for 'weights' are deprecated since 0.13 and may be removed in the future. The current behavior is equivalent to passing `weights=VGG16_Weights.IMAGENET1K_V1`. You can also use `weights=VGG16_Weights.DEFAULT` to get the most up-to-date weights.
  warnings.warn(msg)
[purify] 相依不齊，跳過：['gridpure']
=== raccoon_00 / floor ===
    identity=0.0000, blur1=0.3690, jpeg75=0.1374, crop_resize0.1=0.5001
=== shiba_00 / floor ===
    identity=0.0000, blur1=0.2500, jpeg75=0.0890, crop_resize0.1=0.4484

表：runs/freqret/floor_2.csv（8 列）
