Loading pipeline components...:   0%|          | 0/6 [00:00<?, ?it/s]Loading pipeline components...:  50%|█████     | 3/6 [00:00<00:00, 21.70it/s]
Loading weights:   0%|          | 0/196 [00:00<?, ?it/s][ALoading weights: 100%|██████████| 196/196 [00:00<00:00, 2835.03it/s]
Loading pipeline components...: 100%|██████████| 6/6 [00:00<00:00, 12.84it/s]Loading pipeline components...: 100%|██████████| 6/6 [00:00<00:00, 13.67it/s]
There are modules in UNet2DConditionModel that should be kept in float32: []. Casting directly with `to()` can lead to inconsistent results; set `torch_dtype` in `from_pretrained()` instead to keep these modules in float32.
There are modules in AutoencoderKL that should be kept in float32: []. Casting directly with `to()` can lead to inconsistent results; set `torch_dtype` in `from_pretrained()` instead to keep these modules in float32.
/nfs/home/nelson0314/venvs/wacv/lib/python3.11/site-packages/torchvision/models/_utils.py:207: UserWarning: The parameter 'pretrained' is deprecated since 0.13 and may be removed in the future, please use 'weights' instead.
  warnings.warn(
/nfs/home/nelson0314/venvs/wacv/lib/python3.11/site-packages/torchvision/models/_utils.py:222: UserWarning: Arguments other than a weight enum or `None` for 'weights' are deprecated since 0.13 and may be removed in the future. The current behavior is equivalent to passing `weights=VGG16_Weights.IMAGENET1K_V1`. You can also use `weights=VGG16_Weights.DEFAULT` to get the most up-to-date weights.
  warnings.warn(msg)

########## cat_00 (cat) ##########
=== cat_00 / photoguard_c ===
  [photoguard_c] step    0  L=7.730664e+02  Linf01=0.0821  L2=0.844
  [photoguard_c] step   20  L=6.946430e+02  Linf01=0.1263  L2=7.103
  [photoguard_c] step   40  L=6.290250e+02  Linf01=0.2019  L2=11.939
  [photoguard_c] step   60  L=5.677830e+02  Linf01=0.1738  L2=15.875
  [photoguard_c] step   80  L=5.618635e+02  Linf01=0.1226  L2=15.995
  [photoguard_c] step  100  L=5.573601e+02  Linf01=0.1150  L2=15.995
  [photoguard_c] step  120  L=5.742128e+02  Linf01=0.1136  L2=15.995
  [photoguard_c] step  140  L=5.785130e+02  Linf01=0.1176  L2=15.995
  [photoguard_c] step  160  L=5.437507e+02  Linf01=0.1190  L2=15.995
  [photoguard_c] step  180  L=5.431602e+02  Linf01=0.1124  L2=15.994
  [photoguard_c] step  199  L=5.251484e+02  Linf01=0.1056  L2=15.995
Warning: You are sending unauthenticated requests to the HF Hub. Please set a HF_TOKEN to enable higher rate limits and faster downloads.
Loading pretrained model NIMA from /nfs/home/nelson0314/.cache/torch/hub/pyiqa/NIMA_InceptionV2_ava-b0c77c00.pth
Loading pretrained model CNNIQA from /nfs/home/nelson0314/.cache/torch/hub/pyiqa/CNNIQA_koniq10k-e6f14c91.pth
Loading weights:   0%|          | 0/398 [00:00<?, ?it/s]Loading weights: 100%|██████████| 398/398 [00:00<00:00, 9547.45it/s]
Loading weights:   0%|          | 0/398 [00:00<?, ?it/s]Loading weights: 100%|██████████| 398/398 [00:00<00:00, 12985.87it/s]
[transformers] Model config: bos_token_id must be `None` or an integer within the vocabulary (between 0 and 31999), got 49406. This may result in unexpected behavior.
[transformers] Model config: eos_token_id must be `None` or an integer within the vocabulary (between 0 and 31999), got 49407. This may result in unexpected behavior.
Loading weights:   0%|          | 0/408 [00:00<?, ?it/s]Loading weights:  73%|███████▎  | 299/408 [00:00<00:00, 2989.06it/s]Loading weights: 100%|██████████| 408/408 [00:00<00:00, 2915.69it/s]
{'image': 'cat_00', 'condition': 'photoguard_c', 'stage1_seconds': 0.0, 'total_seconds': 6162.5, 'fid_lpips': 0.4005, 'fid_ssim': 0.9857, 'fid_dists': 0.0743, 'fid_psnr': 40.8972, 'fid_clip_img': 0.9938, 'fid_nima': 5.3624, 'fid_cnniqa': 0.7045, 'edit_strength': 0.7, 'edit_lpips': 0.4919, 'edit_clip_orig': 0.3703, 'edit_clip_def': 0.3674, 'edit_clip_drop': 0.0029, 'edit_siglip_orig': 0.1592, 'edit_siglip_def': 0.1315, 'edit_siglip_drop': 0.0277}

表：runs/s0817/pg3/results.csv
