Loading pipeline components...:   0%|          | 0/6 [00:00<?, ?it/s]
Loading weights:   0%|          | 0/196 [00:00<?, ?it/s][ALoading weights: 100%|██████████| 196/196 [00:00<00:00, 3308.09it/s]
Loading pipeline components...:  67%|██████▋   | 4/6 [00:00<00:00, 17.35it/s]Loading pipeline components...: 100%|██████████| 6/6 [00:00<00:00, 14.08it/s]Loading pipeline components...: 100%|██████████| 6/6 [00:00<00:00, 14.63it/s]
There are modules in UNet2DConditionModel that should be kept in float32: []. Casting directly with `to()` can lead to inconsistent results; set `torch_dtype` in `from_pretrained()` instead to keep these modules in float32.
There are modules in AutoencoderKL that should be kept in float32: []. Casting directly with `to()` can lead to inconsistent results; set `torch_dtype` in `from_pretrained()` instead to keep these modules in float32.
/nfs/home/nelson0314/venvs/wacv/lib/python3.11/site-packages/torchvision/models/_utils.py:207: UserWarning: The parameter 'pretrained' is deprecated since 0.13 and may be removed in the future, please use 'weights' instead.
  warnings.warn(
/nfs/home/nelson0314/venvs/wacv/lib/python3.11/site-packages/torchvision/models/_utils.py:222: UserWarning: Arguments other than a weight enum or `None` for 'weights' are deprecated since 0.13 and may be removed in the future. The current behavior is equivalent to passing `weights=VGG16_Weights.IMAGENET1K_V1`. You can also use `weights=VGG16_Weights.DEFAULT` to get the most up-to-date weights.
  warnings.warn(msg)
=== person_b_00 / add__human ===
    identity=0.3747, blur1=0.4303, noise0.05=0.5268, quantize16=0.4294, jpeg75=0.3013, jpeg30=0.4295, crop_resize0.1=0.6151, jpeg_then_resize75=0.4105, adverse_cleaner=0.4156
=== person_b_00 / phase__human ===
    identity=0.5789, blur1=0.5077, noise0.05=0.5325, quantize16=0.5197, jpeg75=0.3577, jpeg30=0.4646, crop_resize0.1=0.6335, jpeg_then_resize75=0.4589, adverse_cleaner=0.5791
=== person_b_00 / phase_rand__human ===
    分母塌陷：effect(identity) mean=0.1253 sd=0.0459，本格的 retention 不可用
    identity=0.1253, blur1=0.4261, noise0.05=0.5172, quantize16=0.3358, jpeg75=0.2237, jpeg30=0.4222, crop_resize0.1=0.6025, jpeg_then_resize75=0.4008, adverse_cleaner=0.4053
=== person_b_00 / apa_weak ===
    identity=0.4208, blur1=0.4959, noise0.05=0.6053, quantize16=0.4836, jpeg75=0.4285, jpeg30=0.5062, crop_resize0.1=0.5537, jpeg_then_resize75=0.4757, adverse_cleaner=0.4872
=== person_b_00 / mist ===
    identity=0.6698, blur1=0.5341, noise0.05=0.5594, quantize16=0.6472, jpeg75=0.4974, jpeg30=0.4951, crop_resize0.1=0.6845, jpeg_then_resize75=0.4621, adverse_cleaner=0.6481
=== person_b_00 / dia_r ===
    分母塌陷：effect(identity) mean=0.3863 sd=0.1567，本格的 retention 不可用
    identity=0.3863, blur1=0.4253, noise0.05=0.5114, quantize16=0.4654, jpeg75=0.2516, jpeg30=0.3807, crop_resize0.1=0.6117, jpeg_then_resize75=0.3878, adverse_cleaner=0.3711
=== person_b_00 / photoguard_c ===
    identity=0.6161, blur1=0.4762, noise0.05=0.5340, quantize16=0.5211, jpeg75=0.4989, jpeg30=0.4385, crop_resize0.1=0.6366, jpeg_then_resize75=0.4573, adverse_cleaner=0.4948

表：runs/s0817/merged/retention_1.csv（63 列）
