Warning: You are sending unauthenticated requests to the HF Hub. Please set a HF_TOKEN to enable higher rate limits and faster downloads.
Loading pipeline components...:   0%|          | 0/6 [00:00<?, ?it/s]
Loading weights:   0%|          | 0/196 [00:00<?, ?it/s][ALoading weights: 100%|██████████| 196/196 [00:00<00:00, 3075.07it/s]
Loading pipeline components...:  33%|███▎      | 2/6 [00:00<00:00,  9.00it/s]Loading pipeline components...:  67%|██████▋   | 4/6 [00:00<00:00,  9.94it/s]Loading pipeline components...: 100%|██████████| 6/6 [00:00<00:00, 14.23it/s]
There are modules in UNet2DConditionModel that should be kept in float32: []. Casting directly with `to()` can lead to inconsistent results; set `torch_dtype` in `from_pretrained()` instead to keep these modules in float32.
There are modules in AutoencoderKL that should be kept in float32: []. Casting directly with `to()` can lead to inconsistent results; set `torch_dtype` in `from_pretrained()` instead to keep these modules in float32.
/nfs/home/nelson0314/venvs/wacv/lib/python3.11/site-packages/torchvision/models/_utils.py:207: UserWarning: The parameter 'pretrained' is deprecated since 0.13 and may be removed in the future, please use 'weights' instead.
  warnings.warn(
/nfs/home/nelson0314/venvs/wacv/lib/python3.11/site-packages/torchvision/models/_utils.py:222: UserWarning: Arguments other than a weight enum or `None` for 'weights' are deprecated since 0.13 and may be removed in the future. The current behavior is equivalent to passing `weights=VGG16_Weights.IMAGENET1K_V1`. You can also use `weights=VGG16_Weights.DEFAULT` to get the most up-to-date weights.
  warnings.warn(msg)
=== parrot_00 / add__human ===
    identity=0.2086, blur1=0.2366, noise0.05=0.6144, quantize16=0.3743, jpeg75=0.1161, jpeg30=0.2269, crop_resize0.1=0.4843, jpeg_then_resize75=0.1903, adverse_cleaner=0.1638
=== parrot_00 / phase__human ===
    identity=0.2892, blur1=0.2735, noise0.05=0.6115, quantize16=0.3007, jpeg75=0.1803, jpeg30=0.2327, crop_resize0.1=0.4731, jpeg_then_resize75=0.2025, adverse_cleaner=0.2348
=== parrot_00 / phase_rand__human ===
    分母塌陷：effect(identity) mean=0.0935 sd=0.0606，本格的 retention 不可用
    identity=0.0935, blur1=0.2422, noise0.05=0.6127, quantize16=0.2556, jpeg75=0.1391, jpeg30=0.2257, crop_resize0.1=0.4864, jpeg_then_resize75=0.1952, adverse_cleaner=0.1792
=== parrot_00 / apa_weak ===
    identity=0.2206, blur1=0.2400, noise0.05=0.6209, quantize16=0.4002, jpeg75=0.1950, jpeg30=0.2747, crop_resize0.1=0.4825, jpeg_then_resize75=0.2133, adverse_cleaner=0.1930
=== parrot_00 / mist ===
    identity=0.6304, blur1=0.4999, noise0.05=0.6397, quantize16=0.6170, jpeg75=0.5688, jpeg30=0.4736, crop_resize0.1=0.6189, jpeg_then_resize75=0.4657, adverse_cleaner=0.5630
=== parrot_00 / dia_r ===
    identity=0.4663, blur1=0.2825, noise0.05=0.6100, quantize16=0.4610, jpeg75=0.3068, jpeg30=0.2379, crop_resize0.1=0.4917, jpeg_then_resize75=0.2791, adverse_cleaner=0.1865
=== parrot_00 / photoguard_c ===
    identity=0.4679, blur1=0.2382, noise0.05=0.6095, quantize16=0.4659, jpeg75=0.2996, jpeg30=0.2148, crop_resize0.1=0.4883, jpeg_then_resize75=0.2439, adverse_cleaner=0.1932

表：runs/s0817/merged/retention_6.csv（63 列）
