Loading pipeline components...:   0%|          | 0/6 [00:00<?, ?it/s]Loading pipeline components...:  17%|█▋        | 1/6 [00:00<00:00,  7.97it/s]
Loading weights:   0%|          | 0/196 [00:00<?, ?it/s][ALoading weights: 100%|██████████| 196/196 [00:00<00:00, 3285.88it/s]
Loading pipeline components...:  67%|██████▋   | 4/6 [00:00<00:00, 12.15it/s]Loading pipeline components...: 100%|██████████| 6/6 [00:00<00:00, 13.96it/s]Loading pipeline components...: 100%|██████████| 6/6 [00:00<00:00, 13.10it/s]
There are modules in UNet2DConditionModel that should be kept in float32: []. Casting directly with `to()` can lead to inconsistent results; set `torch_dtype` in `from_pretrained()` instead to keep these modules in float32.
There are modules in AutoencoderKL that should be kept in float32: []. Casting directly with `to()` can lead to inconsistent results; set `torch_dtype` in `from_pretrained()` instead to keep these modules in float32.
/nfs/home/nelson0314/venvs/wacv/lib/python3.11/site-packages/torchvision/models/_utils.py:207: UserWarning: The parameter 'pretrained' is deprecated since 0.13 and may be removed in the future, please use 'weights' instead.
  warnings.warn(
/nfs/home/nelson0314/venvs/wacv/lib/python3.11/site-packages/torchvision/models/_utils.py:222: UserWarning: Arguments other than a weight enum or `None` for 'weights' are deprecated since 0.13 and may be removed in the future. The current behavior is equivalent to passing `weights=VGG16_Weights.IMAGENET1K_V1`. You can also use `weights=VGG16_Weights.DEFAULT` to get the most up-to-date weights.
  warnings.warn(msg)

########## person_b_00 (man) ##########
=== person_b_00 / photoguard_c ===
  [photoguard_c] step    0  L=3.126497e+02  Linf01=0.0452  L2=1.000
  [photoguard_c] step   20  L=2.559677e+02  Linf01=0.1547  L2=8.774
  [photoguard_c] step   40  L=2.228257e+02  Linf01=0.2077  L2=13.673
  [photoguard_c] step   60  L=2.320425e+02  Linf01=0.2318  L2=16.000
  [photoguard_c] step   80  L=2.136323e+02  Linf01=0.2147  L2=16.000
  [photoguard_c] step  100  L=1.828535e+02  Linf01=0.2031  L2=16.000
  [photoguard_c] step  120  L=1.960346e+02  Linf01=0.1993  L2=16.000
  [photoguard_c] step  140  L=1.841667e+02  Linf01=0.1931  L2=16.000
  [photoguard_c] step  160  L=1.950457e+02  Linf01=0.1928  L2=16.000
  [photoguard_c] step  180  L=2.045339e+02  Linf01=0.1936  L2=16.000
  [photoguard_c] step  199  L=2.030057e+02  Linf01=0.1822  L2=16.000
Warning: You are sending unauthenticated requests to the HF Hub. Please set a HF_TOKEN to enable higher rate limits and faster downloads.
Loading pretrained model NIMA from /nfs/home/nelson0314/.cache/torch/hub/pyiqa/NIMA_InceptionV2_ava-b0c77c00.pth
Loading pretrained model CNNIQA from /nfs/home/nelson0314/.cache/torch/hub/pyiqa/CNNIQA_koniq10k-e6f14c91.pth
Loading weights:   0%|          | 0/398 [00:00<?, ?it/s]Loading weights: 100%|██████████| 398/398 [00:00<00:00, 16968.90it/s]
Loading weights:   0%|          | 0/398 [00:00<?, ?it/s]Loading weights: 100%|██████████| 398/398 [00:00<00:00, 14811.53it/s]
[transformers] Model config: bos_token_id must be `None` or an integer within the vocabulary (between 0 and 31999), got 49406. This may result in unexpected behavior.
[transformers] Model config: eos_token_id must be `None` or an integer within the vocabulary (between 0 and 31999), got 49407. This may result in unexpected behavior.
Loading weights:   0%|          | 0/408 [00:00<?, ?it/s]Loading weights:  77%|███████▋  | 315/408 [00:00<00:00, 3146.59it/s]Loading weights: 100%|██████████| 408/408 [00:00<00:00, 3072.31it/s]
{'image': 'person_b_00', 'condition': 'photoguard_c', 'stage1_seconds': 0.0, 'total_seconds': 6154.7, 'fid_lpips': 0.401, 'fid_ssim': 0.9851, 'fid_dists': 0.041, 'fid_psnr': 40.8943, 'fid_clip_img': 0.9734, 'fid_nima': 4.6366, 'fid_cnniqa': 0.6537, 'edit_strength': 0.7, 'edit_lpips': 0.5664, 'edit_clip_orig': 0.3155, 'edit_clip_def': 0.3401, 'edit_clip_drop': -0.0246, 'edit_siglip_orig': 0.1167, 'edit_siglip_def': 0.1907, 'edit_siglip_drop': -0.0739}

表：runs/s0817/pg1/results.csv
