Warning: You are sending unauthenticated requests to the HF Hub. Please set a HF_TOKEN to enable higher rate limits and faster downloads.
Loading pipeline components...:   0%|          | 0/6 [00:00<?, ?it/s]
Loading weights:   0%|          | 0/196 [00:00<?, ?it/s][ALoading weights: 100%|██████████| 196/196 [00:00<00:00, 3254.36it/s]
Loading pipeline components...:  17%|█▋        | 1/6 [00:00<00:00,  5.56it/s]Loading pipeline components...:  67%|██████▋   | 4/6 [00:00<00:00, 11.55it/s]Loading pipeline components...: 100%|██████████| 6/6 [00:00<00:00, 14.60it/s]
There are modules in UNet2DConditionModel that should be kept in float32: []. Casting directly with `to()` can lead to inconsistent results; set `torch_dtype` in `from_pretrained()` instead to keep these modules in float32.
There are modules in AutoencoderKL that should be kept in float32: []. Casting directly with `to()` can lead to inconsistent results; set `torch_dtype` in `from_pretrained()` instead to keep these modules in float32.
/nfs/home/nelson0314/venvs/wacv/lib/python3.11/site-packages/torchvision/models/_utils.py:207: UserWarning: The parameter 'pretrained' is deprecated since 0.13 and may be removed in the future, please use 'weights' instead.
  warnings.warn(
/nfs/home/nelson0314/venvs/wacv/lib/python3.11/site-packages/torchvision/models/_utils.py:222: UserWarning: Arguments other than a weight enum or `None` for 'weights' are deprecated since 0.13 and may be removed in the future. The current behavior is equivalent to passing `weights=VGG16_Weights.IMAGENET1K_V1`. You can also use `weights=VGG16_Weights.DEFAULT` to get the most up-to-date weights.
  warnings.warn(msg)
=== person_a_00 / add__human ===
    分母塌陷：effect(identity) mean=0.4022 sd=0.1622，本格的 retention 不可用
    identity=0.4022, blur1=0.3511, noise0.05=0.5203, quantize16=0.4256, jpeg75=0.1527, jpeg30=0.2351, crop_resize0.1=0.5749, jpeg_then_resize75=0.3029, adverse_cleaner=0.2107
=== person_a_00 / phase__human ===
    分母塌陷：effect(identity) mean=0.4721 sd=0.2358，本格的 retention 不可用
    identity=0.4721, blur1=0.3437, noise0.05=0.5315, quantize16=0.4855, jpeg75=0.2933, jpeg30=0.2614, crop_resize0.1=0.5780, jpeg_then_resize75=0.2828, adverse_cleaner=0.3860
=== person_a_00 / phase_rand__human ===
    分母塌陷：effect(identity) mean=0.0855 sd=0.0731，本格的 retention 不可用
    identity=0.0855, blur1=0.3596, noise0.05=0.4992, quantize16=0.3919, jpeg75=0.1387, jpeg30=0.2444, crop_resize0.1=0.5543, jpeg_then_resize75=0.3311, adverse_cleaner=0.2385

表：runs/s0818_tgtlebron/retention_0.csv（27 列）
