Warning: You are sending unauthenticated requests to the HF Hub. Please set a HF_TOKEN to enable higher rate limits and faster downloads.
Loading pipeline components...:   0%|          | 0/6 [00:00<?, ?it/s]
Loading weights:   0%|          | 0/196 [00:00<?, ?it/s][ALoading weights: 100%|██████████| 196/196 [00:00<00:00, 3273.96it/s]
Loading pipeline components...:  17%|█▋        | 1/6 [00:00<00:00,  5.23it/s]Loading pipeline components...:  67%|██████▋   | 4/6 [00:00<00:00, 10.74it/s]Loading pipeline components...: 100%|██████████| 6/6 [00:00<00:00, 13.29it/s]
There are modules in UNet2DConditionModel that should be kept in float32: []. Casting directly with `to()` can lead to inconsistent results; set `torch_dtype` in `from_pretrained()` instead to keep these modules in float32.
There are modules in AutoencoderKL that should be kept in float32: []. Casting directly with `to()` can lead to inconsistent results; set `torch_dtype` in `from_pretrained()` instead to keep these modules in float32.
/nfs/home/nelson0314/venvs/wacv/lib/python3.11/site-packages/torchvision/models/_utils.py:207: UserWarning: The parameter 'pretrained' is deprecated since 0.13 and may be removed in the future, please use 'weights' instead.
  warnings.warn(
/nfs/home/nelson0314/venvs/wacv/lib/python3.11/site-packages/torchvision/models/_utils.py:222: UserWarning: Arguments other than a weight enum or `None` for 'weights' are deprecated since 0.13 and may be removed in the future. The current behavior is equivalent to passing `weights=VGG16_Weights.IMAGENET1K_V1`. You can also use `weights=VGG16_Weights.DEFAULT` to get the most up-to-date weights.
  warnings.warn(msg)
=== person_a_00 / add__human ===
    分母塌陷：effect(identity) mean=0.3886 sd=0.1741，本格的 retention 不可用
    identity=0.3886, blur1=0.3607, noise0.05=0.5071, quantize16=0.4039, jpeg75=0.1333, jpeg30=0.2297, crop_resize0.1=0.5658, jpeg_then_resize75=0.3138, adverse_cleaner=0.1187
=== person_a_00 / phase__human ===
    分母塌陷：effect(identity) mean=0.3838 sd=0.1737，本格的 retention 不可用
    identity=0.3838, blur1=0.3655, noise0.05=0.5350, quantize16=0.4900, jpeg75=0.2715, jpeg30=0.2725, crop_resize0.1=0.5728, jpeg_then_resize75=0.3555, adverse_cleaner=0.3893
=== person_b_00 / add__human ===
    identity=0.3705, blur1=0.4413, noise0.05=0.5262, quantize16=0.3921, jpeg75=0.3142, jpeg30=0.3713, crop_resize0.1=0.6178, jpeg_then_resize75=0.3880, adverse_cleaner=0.4015
=== person_b_00 / phase__human ===
    identity=0.4189, blur1=0.4491, noise0.05=0.5459, quantize16=0.4093, jpeg75=0.3797, jpeg30=0.3979, crop_resize0.1=0.6125, jpeg_then_resize75=0.4522, adverse_cleaner=0.3607

表：runs/s0818_latent/retention_0.csv（36 列）
