Warning: You are sending unauthenticated requests to the HF Hub. Please set a HF_TOKEN to enable higher rate limits and faster downloads.
Loading pipeline components...:   0%|          | 0/6 [00:00<?, ?it/s]
Loading weights:   0%|          | 0/196 [00:00<?, ?it/s][ALoading weights: 100%|██████████| 196/196 [00:00<00:00, 3335.71it/s]
Loading pipeline components...:  50%|█████     | 3/6 [00:00<00:00, 14.39it/s]Loading pipeline components...:  83%|████████▎ | 5/6 [00:00<00:00, 12.59it/s]Loading pipeline components...: 100%|██████████| 6/6 [00:00<00:00, 14.09it/s]
There are modules in UNet2DConditionModel that should be kept in float32: []. Casting directly with `to()` can lead to inconsistent results; set `torch_dtype` in `from_pretrained()` instead to keep these modules in float32.
There are modules in AutoencoderKL that should be kept in float32: []. Casting directly with `to()` can lead to inconsistent results; set `torch_dtype` in `from_pretrained()` instead to keep these modules in float32.
/nfs/home/nelson0314/venvs/wacv/lib/python3.11/site-packages/torchvision/models/_utils.py:207: UserWarning: The parameter 'pretrained' is deprecated since 0.13 and may be removed in the future, please use 'weights' instead.
  warnings.warn(
/nfs/home/nelson0314/venvs/wacv/lib/python3.11/site-packages/torchvision/models/_utils.py:222: UserWarning: Arguments other than a weight enum or `None` for 'weights' are deprecated since 0.13 and may be removed in the future. The current behavior is equivalent to passing `weights=VGG16_Weights.IMAGENET1K_V1`. You can also use `weights=VGG16_Weights.DEFAULT` to get the most up-to-date weights.
  warnings.warn(msg)

########## cat_00 「a cat wearing a red party hat」 ##########
Loading weights:   0%|          | 0/398 [00:00<?, ?it/s]Loading weights: 100%|██████████| 398/398 [00:00<00:00, 10651.89it/s]
[transformers] Model config: bos_token_id must be `None` or an integer within the vocabulary (between 0 and 31999), got 49406. This may result in unexpected behavior.
[transformers] Model config: eos_token_id must be `None` or an integer within the vocabulary (between 0 and 31999), got 49407. This may result in unexpected behavior.
Loading weights:   0%|          | 0/408 [00:00<?, ?it/s]Loading weights:  70%|██████▉   | 284/408 [00:00<00:00, 2838.74it/s]Loading weights: 100%|██████████| 408/408 [00:00<00:00, 2812.08it/s]
  s0.55_g7.5  CLIP 0.2577 -> 0.2607 (+0.0029)
  s0.7_g7.5  CLIP 0.2577 -> 0.3703 (+0.1125)
  s0.8_g7.5  CLIP 0.2577 -> 0.3509 (+0.0931)
  s0.8_g12  CLIP 0.2577 -> 0.3604 (+0.1027)
  s0.9_g12  CLIP 0.2577 -> 0.3172 (+0.0594)

########## parrot_00 「a rooster」 ##########
  s0.55_g7.5  CLIP 0.2384 -> 0.3187 (+0.0803)
  s0.7_g7.5  CLIP 0.2384 -> 0.3174 (+0.0790)
  s0.8_g7.5  CLIP 0.2384 -> 0.3162 (+0.0778)
  s0.8_g12  CLIP 0.2384 -> 0.3133 (+0.0749)
  s0.9_g12  CLIP 0.2384 -> 0.3139 (+0.0755)

########## person_a_00 「Barack Obama wearing sunglasses」 ##########
  s0.55_g7.5  CLIP 0.2033 -> 0.3316 (+0.1283)
  s0.7_g7.5  CLIP 0.2033 -> 0.3649 (+0.1615)
  s0.8_g7.5  CLIP 0.2033 -> 0.3799 (+0.1765)
  s0.8_g12  CLIP 0.2033 -> 0.3495 (+0.1462)
  s0.9_g12  CLIP 0.2033 -> 0.3543 (+0.1510)

########## person_b_00 「Morgan Freeman wearing a red beanie」 ##########
  s0.55_g7.5  CLIP 0.1457 -> 0.2405 (+0.0948)
  s0.7_g7.5  CLIP 0.1457 -> 0.2455 (+0.0998)
  s0.8_g7.5  CLIP 0.1457 -> 0.2700 (+0.1243)
  s0.8_g12  CLIP 0.1457 -> 0.2654 (+0.1197)
  s0.9_g12  CLIP 0.1457 -> 0.2715 (+0.1258)

########## person_c_00 「Oprah Winfrey wearing a blue baseball cap」 ##########
  s0.55_g7.5  CLIP 0.0793 -> 0.3073 (+0.2280)
  s0.7_g7.5  CLIP 0.0793 -> 0.3699 (+0.2906)
  s0.8_g7.5  CLIP 0.0793 -> 0.3427 (+0.2634)
  s0.8_g12  CLIP 0.0793 -> 0.3460 (+0.2667)
  s0.9_g12  CLIP 0.0793 -> 0.3120 (+0.2327)

########## raccoon_00 「a panda holding a ball」 ##########
  s0.55_g7.5  CLIP 0.2140 -> 0.3054 (+0.0914)
  s0.7_g7.5  CLIP 0.2140 -> 0.3668 (+0.1528)
  s0.8_g7.5  CLIP 0.2140 -> 0.3588 (+0.1448)
  s0.8_g12  CLIP 0.2140 -> 0.3606 (+0.1466)
  s0.9_g12  CLIP 0.2140 -> 0.3487 (+0.1347)

########## shiba_00 「a cat」 ##########
  s0.55_g7.5  CLIP 0.2250 -> 0.2779 (+0.0529)
  s0.7_g7.5  CLIP 0.2250 -> 0.2648 (+0.0398)
  s0.8_g7.5  CLIP 0.2250 -> 0.2619 (+0.0369)
  s0.8_g12  CLIP 0.2250 -> 0.2616 (+0.0366)
  s0.9_g12  CLIP 0.2250 -> 0.2673 (+0.0423)
