Loading pipeline components...:   0%|          | 0/6 [00:00<?, ?it/s]Loading pipeline components...:  33%|███▎      | 2/6 [00:00<00:00, 13.44it/s]
Loading weights:   0%|          | 0/196 [00:00<?, ?it/s][ALoading weights: 100%|██████████| 196/196 [00:00<00:00, 3398.75it/s]
Loading pipeline components...: 100%|██████████| 6/6 [00:00<00:00, 15.15it/s]Loading pipeline components...: 100%|██████████| 6/6 [00:00<00:00, 14.94it/s]
There are modules in UNet2DConditionModel that should be kept in float32: []. Casting directly with `to()` can lead to inconsistent results; set `torch_dtype` in `from_pretrained()` instead to keep these modules in float32.
There are modules in AutoencoderKL that should be kept in float32: []. Casting directly with `to()` can lead to inconsistent results; set `torch_dtype` in `from_pretrained()` instead to keep these modules in float32.
/nfs/home/nelson0314/venvs/wacv/lib/python3.11/site-packages/torchvision/models/_utils.py:207: UserWarning: The parameter 'pretrained' is deprecated since 0.13 and may be removed in the future, please use 'weights' instead.
  warnings.warn(
/nfs/home/nelson0314/venvs/wacv/lib/python3.11/site-packages/torchvision/models/_utils.py:222: UserWarning: Arguments other than a weight enum or `None` for 'weights' are deprecated since 0.13 and may be removed in the future. The current behavior is equivalent to passing `weights=VGG16_Weights.IMAGENET1K_V1`. You can also use `weights=VGG16_Weights.DEFAULT` to get the most up-to-date weights.
  warnings.warn(msg)

########## parrot_00 (parrot) [loss=encoder_target] ##########
=== parrot_00 / add__human ===
Warning: You are sending unauthenticated requests to the HF Hub. Please set a HF_TOKEN to enable higher rate limits and faster downloads.
Loading pretrained model NIMA from /nfs/home/nelson0314/.cache/torch/hub/pyiqa/NIMA_InceptionV2_ava-b0c77c00.pth
Loading pretrained model CNNIQA from /nfs/home/nelson0314/.cache/torch/hub/pyiqa/CNNIQA_koniq10k-e6f14c91.pth
Loading weights:   0%|          | 0/398 [00:00<?, ?it/s]Loading weights: 100%|██████████| 398/398 [00:00<00:00, 9483.18it/s]
Loading weights:   0%|          | 0/398 [00:00<?, ?it/s]Loading weights: 100%|██████████| 398/398 [00:00<00:00, 9623.90it/s]
[transformers] Model config: bos_token_id must be `None` or an integer within the vocabulary (between 0 and 31999), got 49406. This may result in unexpected behavior.
[transformers] Model config: eos_token_id must be `None` or an integer within the vocabulary (between 0 and 31999), got 49407. This may result in unexpected behavior.
Loading weights:   0%|          | 0/408 [00:00<?, ?it/s]Loading weights:  70%|██████▉   | 285/408 [00:00<00:00, 2848.94it/s]Loading weights: 100%|██████████| 408/408 [00:00<00:00, 2788.41it/s]
{'image': 'parrot_00', 'condition': 'add', 'prompt_index': 0, 'prompt': 'a parrot perched on a branch in a rainforest', 'block': 32, 'r_min': 0.12, 'quantile': 0.5, 'target_image': 'data/targets/lebron.png', 'loss': 'encoder_target', 'random_start': False, 'budget_target': 'human', 'budget_mode': 'human', 'budget_reached': 0.0103, 'unreachable': False, 'radius': 0.00471, 'total_seconds': 41.5, 'fid_lpips': 0.2724, 'fid_ssim': 0.9964, 'fid_dists': 0.0103, 'fid_psnr': 47.8296, 'fid_clip_img': 0.9732, 'fid_nima': 5.6716, 'fid_cnniqa': 0.7008, 'edit_lpips': 0.3902, 'edit_clip_orig': 0.2992, 'edit_clip_def': 0.3207, 'edit_clip_drop': -0.0215, 'edit_siglip_orig': 0.1067, 'edit_siglip_def': 0.1171, 'edit_siglip_drop': -0.0103}
=== parrot_00 / phase__human ===
{'image': 'parrot_00', 'condition': 'phase', 'prompt_index': 0, 'prompt': 'a parrot perched on a branch in a rainforest', 'block': 32, 'r_min': 0.12, 'quantile': 0.5, 'target_image': 'data/targets/lebron.png', 'loss': 'encoder_target', 'random_start': False, 'budget_target': 'human', 'budget_mode': 'human', 'budget_reached': 0.03337, 'unreachable': False, 'radius': 1.3, 'total_seconds': 24.9, 'fid_lpips': 0.104, 'fid_ssim': 0.9767, 'fid_dists': 0.0334, 'fid_psnr': 35.7858, 'fid_clip_img': 0.9914, 'fid_nima': 5.3401, 'fid_cnniqa': 0.6784, 'edit_lpips': 0.3312, 'edit_clip_orig': 0.2992, 'edit_clip_def': 0.3136, 'edit_clip_drop': -0.0144, 'edit_siglip_orig': 0.1067, 'edit_siglip_def': 0.106, 'edit_siglip_drop': 0.0008, 'amp_dev': 0.00928, 'active_fraction': 0.3366}
=== parrot_00 / phase_rand__human ===
{'image': 'parrot_00', 'condition': 'phase_rand', 'prompt_index': 0, 'prompt': 'a parrot perched on a branch in a rainforest', 'block': 32, 'r_min': 0.12, 'quantile': 0.5, 'target_image': 'data/targets/lebron.png', 'loss': 'encoder_target', 'random_start': False, 'budget_target': 'human', 'budget_mode': 'human', 'budget_reached': 0.03555, 'unreachable': False, 'radius': 1.3, 'total_seconds': 10.7, 'fid_lpips': 0.0485, 'fid_ssim': 0.9791, 'fid_dists': 0.0356, 'fid_psnr': 36.1002, 'fid_clip_img': 0.9943, 'fid_nima': 5.1678, 'fid_cnniqa': 0.6693, 'edit_lpips': 0.0427, 'edit_clip_orig': 0.2992, 'edit_clip_def': 0.2989, 'edit_clip_drop': 0.0004, 'edit_siglip_orig': 0.1067, 'edit_siglip_def': 0.1067, 'edit_siglip_drop': 0.0, 'amp_dev': 0.0098, 'active_fraction': 0.3366}

表：runs/s0818_tgtlebron_3/results.csv
