Loading pipeline components...:   0%|          | 0/6 [00:00<?, ?it/s]
Loading weights:   0%|          | 0/196 [00:00<?, ?it/s][ALoading weights: 100%|██████████| 196/196 [00:00<00:00, 3472.18it/s]
Loading pipeline components...:  33%|███▎      | 2/6 [00:00<00:00,  7.86it/s]Loading pipeline components...: 100%|██████████| 6/6 [00:00<00:00, 16.15it/s]Loading pipeline components...: 100%|██████████| 6/6 [00:00<00:00, 14.60it/s]
There are modules in UNet2DConditionModel that should be kept in float32: []. Casting directly with `to()` can lead to inconsistent results; set `torch_dtype` in `from_pretrained()` instead to keep these modules in float32.
There are modules in AutoencoderKL that should be kept in float32: []. Casting directly with `to()` can lead to inconsistent results; set `torch_dtype` in `from_pretrained()` instead to keep these modules in float32.
/nfs/home/nelson0314/venvs/wacv/lib/python3.11/site-packages/torchvision/models/_utils.py:207: UserWarning: The parameter 'pretrained' is deprecated since 0.13 and may be removed in the future, please use 'weights' instead.
  warnings.warn(
/nfs/home/nelson0314/venvs/wacv/lib/python3.11/site-packages/torchvision/models/_utils.py:222: UserWarning: Arguments other than a weight enum or `None` for 'weights' are deprecated since 0.13 and may be removed in the future. The current behavior is equivalent to passing `weights=VGG16_Weights.IMAGENET1K_V1`. You can also use `weights=VGG16_Weights.DEFAULT` to get the most up-to-date weights.
  warnings.warn(msg)

########## parrot_00 (parrot) ##########
=== parrot_00 / photoguard_c ===
  [photoguard_c] step    0  L=5.658988e+02  Linf01=0.0353  L2=0.999
  [photoguard_c] step   20  L=4.580321e+02  Linf01=0.1315  L2=8.020
  [photoguard_c] step   40  L=4.312690e+02  Linf01=0.1393  L2=12.851
  [photoguard_c] step   60  L=3.874271e+02  Linf01=0.1231  L2=15.999
  [photoguard_c] step   80  L=3.772561e+02  Linf01=0.0948  L2=15.999
  [photoguard_c] step  100  L=3.758768e+02  Linf01=0.1024  L2=16.000
  [photoguard_c] step  120  L=3.789115e+02  Linf01=0.1070  L2=15.999
  [photoguard_c] step  140  L=3.820219e+02  Linf01=0.1113  L2=15.999
  [photoguard_c] step  160  L=3.675935e+02  Linf01=0.1163  L2=15.999
  [photoguard_c] step  180  L=3.505189e+02  Linf01=0.1176  L2=15.998
  [photoguard_c] step  199  L=3.546927e+02  Linf01=0.1175  L2=15.999
Warning: You are sending unauthenticated requests to the HF Hub. Please set a HF_TOKEN to enable higher rate limits and faster downloads.
Loading pretrained model NIMA from /nfs/home/nelson0314/.cache/torch/hub/pyiqa/NIMA_InceptionV2_ava-b0c77c00.pth
Loading pretrained model CNNIQA from /nfs/home/nelson0314/.cache/torch/hub/pyiqa/CNNIQA_koniq10k-e6f14c91.pth
Loading weights:   0%|          | 0/398 [00:00<?, ?it/s]Loading weights: 100%|██████████| 398/398 [00:00<00:00, 8671.90it/s]
Loading weights:   0%|          | 0/398 [00:00<?, ?it/s]Loading weights: 100%|██████████| 398/398 [00:00<00:00, 12488.65it/s]
[transformers] Model config: bos_token_id must be `None` or an integer within the vocabulary (between 0 and 31999), got 49406. This may result in unexpected behavior.
[transformers] Model config: eos_token_id must be `None` or an integer within the vocabulary (between 0 and 31999), got 49407. This may result in unexpected behavior.
Loading weights:   0%|          | 0/408 [00:00<?, ?it/s]Loading weights:  73%|███████▎  | 299/408 [00:00<00:00, 2975.12it/s]Loading weights: 100%|██████████| 408/408 [00:00<00:00, 2898.67it/s]
{'image': 'parrot_00', 'condition': 'photoguard_c', 'stage1_seconds': 0.0, 'total_seconds': 6270.0, 'fid_lpips': 0.4358, 'fid_ssim': 0.9815, 'fid_dists': 0.0495, 'fid_psnr': 40.8946, 'fid_clip_img': 0.9054, 'fid_nima': 5.5673, 'fid_cnniqa': 0.7035, 'edit_strength': 0.7, 'edit_lpips': 0.4507, 'edit_clip_orig': 0.3174, 'edit_clip_def': 0.3227, 'edit_clip_drop': -0.0053, 'edit_siglip_orig': 0.1113, 'edit_siglip_def': 0.1193, 'edit_siglip_drop': -0.008}

表：runs/s0817/pg6/results.csv
