Loading pipeline components...:   0%|          | 0/6 [00:00<?, ?it/s]Loading pipeline components...:  33%|███▎      | 2/6 [00:00<00:00, 14.41it/s]
Loading weights:   0%|          | 0/196 [00:00<?, ?it/s][ALoading weights: 100%|██████████| 196/196 [00:00<00:00, 3509.52it/s]
Loading pipeline components...:  67%|██████▋   | 4/6 [00:00<00:00, 12.77it/s]Loading pipeline components...: 100%|██████████| 6/6 [00:00<00:00, 14.80it/s]Loading pipeline components...: 100%|██████████| 6/6 [00:00<00:00, 14.37it/s]
There are modules in UNet2DConditionModel that should be kept in float32: []. Casting directly with `to()` can lead to inconsistent results; set `torch_dtype` in `from_pretrained()` instead to keep these modules in float32.
There are modules in AutoencoderKL that should be kept in float32: []. Casting directly with `to()` can lead to inconsistent results; set `torch_dtype` in `from_pretrained()` instead to keep these modules in float32.
/nfs/home/nelson0314/venvs/wacv/lib/python3.11/site-packages/torchvision/models/_utils.py:207: UserWarning: The parameter 'pretrained' is deprecated since 0.13 and may be removed in the future, please use 'weights' instead.
  warnings.warn(
/nfs/home/nelson0314/venvs/wacv/lib/python3.11/site-packages/torchvision/models/_utils.py:222: UserWarning: Arguments other than a weight enum or `None` for 'weights' are deprecated since 0.13 and may be removed in the future. The current behavior is equivalent to passing `weights=VGG16_Weights.IMAGENET1K_V1`. You can also use `weights=VGG16_Weights.DEFAULT` to get the most up-to-date weights.
  warnings.warn(msg)
=== raccoon_00 / add__human ===
    identity=0.4331, blur1=0.4492, noise0.05=0.5937, quantize16=0.3392, jpeg75=0.1989, jpeg30=0.2320, crop_resize0.1=0.5353, jpeg_then_resize75=0.4203, adverse_cleaner=0.3636
=== raccoon_00 / phase__human ===
    identity=0.6054, blur1=0.5667, noise0.05=0.6063, quantize16=0.5297, jpeg75=0.4445, jpeg30=0.4502, crop_resize0.1=0.6124, jpeg_then_resize75=0.5268, adverse_cleaner=0.6021
=== raccoon_00 / phase_rand__human ===
    分母塌陷：effect(identity) mean=0.1338 sd=0.0777，本格的 retention 不可用
    identity=0.1338, blur1=0.4424, noise0.05=0.5930, quantize16=0.2016, jpeg75=0.1925, jpeg30=0.2384, crop_resize0.1=0.5099, jpeg_then_resize75=0.4209, adverse_cleaner=0.2400
=== raccoon_00 / apa_weak ===
    identity=0.4343, blur1=0.5502, noise0.05=0.6544, quantize16=0.4911, jpeg75=0.4330, jpeg30=0.5471, crop_resize0.1=0.5611, jpeg_then_resize75=0.4966, adverse_cleaner=0.4417
=== raccoon_00 / mist ===
    identity=0.6539, blur1=0.5919, noise0.05=0.6111, quantize16=0.6535, jpeg75=0.5675, jpeg30=0.4858, crop_resize0.1=0.6423, jpeg_then_resize75=0.5221, adverse_cleaner=0.6219
=== raccoon_00 / dia_r ===
    identity=0.4173, blur1=0.4455, noise0.05=0.5892, quantize16=0.4423, jpeg75=0.3024, jpeg30=0.3106, crop_resize0.1=0.5446, jpeg_then_resize75=0.4413, adverse_cleaner=0.1470
=== raccoon_00 / photoguard_c ===
    identity=0.4728, blur1=0.4973, noise0.05=0.5859, quantize16=0.4767, jpeg75=0.4355, jpeg30=0.3896, crop_resize0.1=0.5442, jpeg_then_resize75=0.4894, adverse_cleaner=0.4457

表：runs/s0817/merged/retention_5.csv（63 列）
