Warning: You are sending unauthenticated requests to the HF Hub. Please set a HF_TOKEN to enable higher rate limits and faster downloads.
Loading pipeline components...:   0%|          | 0/6 [00:00<?, ?it/s]
Loading weights:   0%|          | 0/196 [00:00<?, ?it/s][ALoading weights: 100%|██████████| 196/196 [00:00<00:00, 3241.86it/s]
Loading pipeline components...:  17%|█▋        | 1/6 [00:00<00:00,  5.39it/s]Loading pipeline components...:  33%|███▎      | 2/6 [00:00<00:00,  6.74it/s]Loading pipeline components...: 100%|██████████| 6/6 [00:00<00:00, 17.22it/s]Loading pipeline components...: 100%|██████████| 6/6 [00:00<00:00, 13.86it/s]
There are modules in UNet2DConditionModel that should be kept in float32: []. Casting directly with `to()` can lead to inconsistent results; set `torch_dtype` in `from_pretrained()` instead to keep these modules in float32.
There are modules in AutoencoderKL that should be kept in float32: []. Casting directly with `to()` can lead to inconsistent results; set `torch_dtype` in `from_pretrained()` instead to keep these modules in float32.
/nfs/home/nelson0314/venvs/wacv/lib/python3.11/site-packages/torchvision/models/_utils.py:207: UserWarning: The parameter 'pretrained' is deprecated since 0.13 and may be removed in the future, please use 'weights' instead.
  warnings.warn(
/nfs/home/nelson0314/venvs/wacv/lib/python3.11/site-packages/torchvision/models/_utils.py:222: UserWarning: Arguments other than a weight enum or `None` for 'weights' are deprecated since 0.13 and may be removed in the future. The current behavior is equivalent to passing `weights=VGG16_Weights.IMAGENET1K_V1`. You can also use `weights=VGG16_Weights.DEFAULT` to get the most up-to-date weights.
  warnings.warn(msg)

########## shiba_00 (dog) ##########
=== shiba_00 / photoguard_c ===
  [photoguard_c] step    0  L=2.776705e+02  Linf01=0.0305  L2=1.000
  [photoguard_c] step   20  L=2.188513e+02  Linf01=0.1147  L2=8.650
  [photoguard_c] step   40  L=2.137879e+02  Linf01=0.1920  L2=13.253
  [photoguard_c] step   60  L=1.905321e+02  Linf01=0.2488  L2=16.000
  [photoguard_c] step   80  L=1.934914e+02  Linf01=0.2420  L2=16.000
  [photoguard_c] step  100  L=1.721719e+02  Linf01=0.2677  L2=16.000
  [photoguard_c] step  120  L=1.857891e+02  Linf01=0.2484  L2=15.999
  [photoguard_c] step  140  L=1.669884e+02  Linf01=0.2531  L2=16.000
  [photoguard_c] step  160  L=1.699903e+02  Linf01=0.2384  L2=16.000
  [photoguard_c] step  180  L=1.780055e+02  Linf01=0.2370  L2=16.000
  [photoguard_c] step  199  L=1.714686e+02  Linf01=0.2316  L2=15.999
Loading pretrained model NIMA from /nfs/home/nelson0314/.cache/torch/hub/pyiqa/NIMA_InceptionV2_ava-b0c77c00.pth
Loading pretrained model CNNIQA from /nfs/home/nelson0314/.cache/torch/hub/pyiqa/CNNIQA_koniq10k-e6f14c91.pth
Loading weights:   0%|          | 0/398 [00:00<?, ?it/s]Loading weights: 100%|██████████| 398/398 [00:00<00:00, 10964.13it/s]
Loading weights:   0%|          | 0/398 [00:00<?, ?it/s]Loading weights: 100%|██████████| 398/398 [00:00<00:00, 9531.86it/s]
[transformers] Model config: bos_token_id must be `None` or an integer within the vocabulary (between 0 and 31999), got 49406. This may result in unexpected behavior.
[transformers] Model config: eos_token_id must be `None` or an integer within the vocabulary (between 0 and 31999), got 49407. This may result in unexpected behavior.
Loading weights:   0%|          | 0/408 [00:00<?, ?it/s]Loading weights:  73%|███████▎  | 298/408 [00:00<00:00, 2960.44it/s]Loading weights: 100%|██████████| 408/408 [00:00<00:00, 2957.96it/s]
{'image': 'shiba_00', 'condition': 'photoguard_c', 'stage1_seconds': 0.0, 'total_seconds': 6271.0, 'fid_lpips': 0.3624, 'fid_ssim': 0.9851, 'fid_dists': 0.02, 'fid_psnr': 40.8947, 'fid_clip_img': 0.9944, 'fid_nima': 5.6732, 'fid_cnniqa': 0.7093, 'edit_strength': 0.7, 'edit_lpips': 0.4597, 'edit_clip_orig': 0.2648, 'edit_clip_def': 0.2739, 'edit_clip_drop': -0.0092, 'edit_siglip_orig': 0.0892, 'edit_siglip_def': 0.091, 'edit_siglip_drop': -0.0017}

表：runs/s0817/pg4/results.csv
