Warning: You are sending unauthenticated requests to the HF Hub. Please set a HF_TOKEN to enable higher rate limits and faster downloads.
Loading pipeline components...:   0%|          | 0/6 [00:00<?, ?it/s]Loading pipeline components...:  33%|███▎      | 2/6 [00:00<00:00, 10.69it/s]
Loading weights:   0%|          | 0/196 [00:00<?, ?it/s][ALoading weights: 100%|██████████| 196/196 [00:00<00:00, 3303.52it/s]
Loading pipeline components...: 100%|██████████| 6/6 [00:00<00:00, 15.55it/s]Loading pipeline components...: 100%|██████████| 6/6 [00:00<00:00, 14.86it/s]
There are modules in UNet2DConditionModel that should be kept in float32: []. Casting directly with `to()` can lead to inconsistent results; set `torch_dtype` in `from_pretrained()` instead to keep these modules in float32.
There are modules in AutoencoderKL that should be kept in float32: []. Casting directly with `to()` can lead to inconsistent results; set `torch_dtype` in `from_pretrained()` instead to keep these modules in float32.
/nfs/home/nelson0314/venvs/wacv/lib/python3.11/site-packages/torchvision/models/_utils.py:207: UserWarning: The parameter 'pretrained' is deprecated since 0.13 and may be removed in the future, please use 'weights' instead.
  warnings.warn(
/nfs/home/nelson0314/venvs/wacv/lib/python3.11/site-packages/torchvision/models/_utils.py:222: UserWarning: Arguments other than a weight enum or `None` for 'weights' are deprecated since 0.13 and may be removed in the future. The current behavior is equivalent to passing `weights=VGG16_Weights.IMAGENET1K_V1`. You can also use `weights=VGG16_Weights.DEFAULT` to get the most up-to-date weights.
  warnings.warn(msg)
=== raccoon_00 / add__human ===
    identity=0.2305, blur1=0.3934, noise0.05=0.4725, quantize16=0.3118, jpeg75=0.1287, jpeg30=0.1915, crop_resize0.1=0.5054, jpeg_then_resize75=0.2591, adverse_cleaner=0.1223
=== raccoon_00 / phase__human ===
    identity=0.5882, blur1=0.4937, noise0.05=0.6038, quantize16=0.5287, jpeg75=0.3987, jpeg30=0.2520, crop_resize0.1=0.5863, jpeg_then_resize75=0.4233, adverse_cleaner=0.5548
=== raccoon_00 / phase_rand__human ===
    分母塌陷：effect(identity) mean=0.1469 sd=0.0863，本格的 retention 不可用
    identity=0.1469, blur1=0.3703, noise0.05=0.4527, quantize16=0.1982, jpeg75=0.1846, jpeg30=0.2437, crop_resize0.1=0.5108, jpeg_then_resize75=0.2643, adverse_cleaner=0.2074
=== raccoon_00 / apa_weak ===
    identity=0.3393, blur1=0.4958, noise0.05=0.5288, quantize16=0.3876, jpeg75=0.3603, jpeg30=0.4208, crop_resize0.1=0.5716, jpeg_then_resize75=0.4443, adverse_cleaner=0.3590
=== raccoon_00 / mist ===
    identity=0.6563, blur1=0.5250, noise0.05=0.6195, quantize16=0.6399, jpeg75=0.5631, jpeg30=0.4671, crop_resize0.1=0.5989, jpeg_then_resize75=0.4390, adverse_cleaner=0.5882
=== raccoon_00 / dia_r ===
    identity=0.3677, blur1=0.4210, noise0.05=0.4692, quantize16=0.3850, jpeg75=0.2868, jpeg30=0.2444, crop_resize0.1=0.5602, jpeg_then_resize75=0.2981, adverse_cleaner=0.1820
=== raccoon_00 / photoguard_c ===
    identity=0.3559, blur1=0.3893, noise0.05=0.4354, quantize16=0.3858, jpeg75=0.2791, jpeg30=0.2427, crop_resize0.1=0.5606, jpeg_then_resize75=0.2943, adverse_cleaner=0.2721

表：runs/s0817/merged/retention_5.csv（63 列）
