Loading pipeline components...:   0%|          | 0/6 [00:00<?, ?it/s]
Loading weights:   0%|          | 0/196 [00:00<?, ?it/s][ALoading weights: 100%|██████████| 196/196 [00:00<00:00, 3586.33it/s]
Loading pipeline components...:  33%|███▎      | 2/6 [00:00<00:00,  9.98it/s]Loading pipeline components...:  83%|████████▎ | 5/6 [00:00<00:00, 15.19it/s]Loading pipeline components...: 100%|██████████| 6/6 [00:00<00:00, 13.36it/s]
There are modules in UNet2DConditionModel that should be kept in float32: []. Casting directly with `to()` can lead to inconsistent results; set `torch_dtype` in `from_pretrained()` instead to keep these modules in float32.
There are modules in AutoencoderKL that should be kept in float32: []. Casting directly with `to()` can lead to inconsistent results; set `torch_dtype` in `from_pretrained()` instead to keep these modules in float32.
/nfs/home/nelson0314/venvs/wacv/lib/python3.11/site-packages/torchvision/models/_utils.py:207: UserWarning: The parameter 'pretrained' is deprecated since 0.13 and may be removed in the future, please use 'weights' instead.
  warnings.warn(
/nfs/home/nelson0314/venvs/wacv/lib/python3.11/site-packages/torchvision/models/_utils.py:222: UserWarning: Arguments other than a weight enum or `None` for 'weights' are deprecated since 0.13 and may be removed in the future. The current behavior is equivalent to passing `weights=VGG16_Weights.IMAGENET1K_V1`. You can also use `weights=VGG16_Weights.DEFAULT` to get the most up-to-date weights.
  warnings.warn(msg)

########## person_c_00 (woman) [loss=attn] ##########
=== person_c_00 / add__human ===
Warning: You are sending unauthenticated requests to the HF Hub. Please set a HF_TOKEN to enable higher rate limits and faster downloads.
Loading pretrained model NIMA from /nfs/home/nelson0314/.cache/torch/hub/pyiqa/NIMA_InceptionV2_ava-b0c77c00.pth
Loading pretrained model CNNIQA from /nfs/home/nelson0314/.cache/torch/hub/pyiqa/CNNIQA_koniq10k-e6f14c91.pth
Loading weights:   0%|          | 0/398 [00:00<?, ?it/s]Loading weights: 100%|██████████| 398/398 [00:00<00:00, 18297.27it/s]
Loading weights:   0%|          | 0/398 [00:00<?, ?it/s]Loading weights: 100%|██████████| 398/398 [00:00<00:00, 9553.40it/s]
[transformers] Model config: bos_token_id must be `None` or an integer within the vocabulary (between 0 and 31999), got 49406. This may result in unexpected behavior.
[transformers] Model config: eos_token_id must be `None` or an integer within the vocabulary (between 0 and 31999), got 49407. This may result in unexpected behavior.
Loading weights:   0%|          | 0/408 [00:00<?, ?it/s]Loading weights:  77%|███████▋  | 316/408 [00:00<00:00, 3150.95it/s]Loading weights: 100%|██████████| 408/408 [00:00<00:00, 3111.23it/s]
{'image': 'person_c_00', 'condition': 'add', 'prompt_index': 0, 'prompt': 'Taylor Swift', 'block': 32, 'r_min': 0.12, 'quantile': 0.5, 'target_image': 'data/targets/gray.png', 'loss': 'attn', 'random_start': False, 'budget_target': 'human', 'budget_mode': 'human', 'budget_reached': 0.00948, 'unreachable': False, 'radius': 0.00471, 'total_seconds': 65.5, 'fid_lpips': 0.0688, 'fid_ssim': 0.9976, 'fid_dists': 0.0095, 'fid_psnr': 47.3469, 'fid_clip_img': 0.9981, 'fid_nima': 4.9467, 'fid_cnniqa': 0.6517, 'edit_lpips': 0.1357, 'edit_clip_orig': 0.2826, 'edit_clip_def': 0.2792, 'edit_clip_drop': 0.0035, 'edit_siglip_orig': 0.0977, 'edit_siglip_def': 0.1012, 'edit_siglip_drop': -0.0035}
=== person_c_00 / phase__human ===
{'image': 'person_c_00', 'condition': 'phase', 'prompt_index': 0, 'prompt': 'Taylor Swift', 'block': 32, 'r_min': 0.12, 'quantile': 0.5, 'target_image': 'data/targets/gray.png', 'loss': 'attn', 'random_start': False, 'budget_target': 'human', 'budget_mode': 'human', 'budget_reached': 0.07079, 'unreachable': False, 'radius': 1.3, 'total_seconds': 46.9, 'fid_lpips': 0.2149, 'fid_ssim': 0.9232, 'fid_dists': 0.0708, 'fid_psnr': 31.1882, 'fid_clip_img': 0.9887, 'fid_nima': 4.7677, 'fid_cnniqa': 0.6383, 'edit_lpips': 0.1696, 'edit_clip_orig': 0.2826, 'edit_clip_def': 0.2748, 'edit_clip_drop': 0.0078, 'edit_siglip_orig': 0.0977, 'edit_siglip_def': 0.1004, 'edit_siglip_drop': -0.0028, 'amp_dev': 0.04909, 'active_fraction': 0.563}
=== person_c_00 / phase_rand__human ===
{'image': 'person_c_00', 'condition': 'phase_rand', 'prompt_index': 0, 'prompt': 'Taylor Swift', 'block': 32, 'r_min': 0.12, 'quantile': 0.5, 'target_image': 'data/targets/gray.png', 'loss': 'attn', 'random_start': False, 'budget_target': 'human', 'budget_mode': 'human', 'budget_reached': 0.04275, 'unreachable': False, 'radius': 1.3, 'total_seconds': 10.7, 'fid_lpips': 0.106, 'fid_ssim': 0.9478, 'fid_dists': 0.0428, 'fid_psnr': 32.936, 'fid_clip_img': 0.9967, 'fid_nima': 4.782, 'fid_cnniqa': 0.6602, 'edit_lpips': 0.0677, 'edit_clip_orig': 0.2826, 'edit_clip_def': 0.283, 'edit_clip_drop': -0.0004, 'edit_siglip_orig': 0.0977, 'edit_siglip_def': 0.098, 'edit_siglip_drop': -0.0004, 'amp_dev': 0.0427, 'active_fraction': 0.563}

表：runs/s0818_attn_2/results.csv
