Warning: You are sending unauthenticated requests to the HF Hub. Please set a HF_TOKEN to enable higher rate limits and faster downloads.
Loading pipeline components...:   0%|          | 0/6 [00:00<?, ?it/s]Loading pipeline components...:  67%|██████▋   | 4/6 [00:00<00:00, 25.34it/s]
Loading weights:   0%|          | 0/196 [00:00<?, ?it/s][ALoading weights: 100%|██████████| 196/196 [00:00<00:00, 3479.63it/s]
Loading pipeline components...: 100%|██████████| 6/6 [00:00<00:00, 15.14it/s]
There are modules in UNet2DConditionModel that should be kept in float32: []. Casting directly with `to()` can lead to inconsistent results; set `torch_dtype` in `from_pretrained()` instead to keep these modules in float32.
There are modules in AutoencoderKL that should be kept in float32: []. Casting directly with `to()` can lead to inconsistent results; set `torch_dtype` in `from_pretrained()` instead to keep these modules in float32.
/nfs/home/nelson0314/venvs/wacv/lib/python3.11/site-packages/torchvision/models/_utils.py:207: UserWarning: The parameter 'pretrained' is deprecated since 0.13 and may be removed in the future, please use 'weights' instead.
  warnings.warn(
/nfs/home/nelson0314/venvs/wacv/lib/python3.11/site-packages/torchvision/models/_utils.py:222: UserWarning: Arguments other than a weight enum or `None` for 'weights' are deprecated since 0.13 and may be removed in the future. The current behavior is equivalent to passing `weights=VGG16_Weights.IMAGENET1K_V1`. You can also use `weights=VGG16_Weights.DEFAULT` to get the most up-to-date weights.
  warnings.warn(msg)

########## raccoon_00 (raccoon) [loss=encoder_target] ##########
=== raccoon_00 / add__human ===
Loading pretrained model NIMA from /nfs/home/nelson0314/.cache/torch/hub/pyiqa/NIMA_InceptionV2_ava-b0c77c00.pth
Loading pretrained model CNNIQA from /nfs/home/nelson0314/.cache/torch/hub/pyiqa/CNNIQA_koniq10k-e6f14c91.pth
Loading weights:   0%|          | 0/398 [00:00<?, ?it/s]Loading weights: 100%|██████████| 398/398 [00:00<00:00, 18680.99it/s]
Loading weights:   0%|          | 0/398 [00:00<?, ?it/s]Loading weights: 100%|██████████| 398/398 [00:00<00:00, 9230.18it/s]
[transformers] Model config: bos_token_id must be `None` or an integer within the vocabulary (between 0 and 31999), got 49406. This may result in unexpected behavior.
[transformers] Model config: eos_token_id must be `None` or an integer within the vocabulary (between 0 and 31999), got 49407. This may result in unexpected behavior.
Loading weights:   0%|          | 0/408 [00:00<?, ?it/s]Loading weights:  77%|███████▋  | 316/408 [00:00<00:00, 3106.29it/s]Loading weights: 100%|██████████| 408/408 [00:00<00:00, 3030.86it/s]
{'image': 'raccoon_00', 'condition': 'add', 'prompt_index': 0, 'prompt': 'a panda', 'block': 32, 'r_min': 0.12, 'quantile': 0.5, 'target_image': 'data/targets/lebron.png', 'loss': 'encoder_target', 'random_start': False, 'budget_target': 'human', 'budget_mode': 'human', 'budget_reached': 0.0079, 'unreachable': False, 'radius': 0.00471, 'total_seconds': 41.3, 'fid_lpips': 0.146, 'fid_ssim': 0.9975, 'fid_dists': 0.0079, 'fid_psnr': 47.7532, 'fid_clip_img': 0.998, 'fid_nima': 6.0728, 'fid_cnniqa': 0.7075, 'edit_lpips': 0.5523, 'edit_clip_orig': 0.3069, 'edit_clip_def': 0.2911, 'edit_clip_drop': 0.0158, 'edit_siglip_orig': 0.1213, 'edit_siglip_def': 0.1181, 'edit_siglip_drop': 0.0032}
=== raccoon_00 / phase__human ===
{'image': 'raccoon_00', 'condition': 'phase', 'prompt_index': 0, 'prompt': 'a panda', 'block': 32, 'r_min': 0.12, 'quantile': 0.5, 'target_image': 'data/targets/lebron.png', 'loss': 'encoder_target', 'random_start': False, 'budget_target': 'human', 'budget_mode': 'human', 'budget_reached': 0.03924, 'unreachable': False, 'radius': 1.3, 'total_seconds': 24.6, 'fid_lpips': 0.2321, 'fid_ssim': 0.9363, 'fid_dists': 0.0392, 'fid_psnr': 27.9176, 'fid_clip_img': 0.9981, 'fid_nima': 5.7884, 'fid_cnniqa': 0.7303, 'edit_lpips': 0.6174, 'edit_clip_orig': 0.3069, 'edit_clip_def': 0.2974, 'edit_clip_drop': 0.0096, 'edit_siglip_orig': 0.1213, 'edit_siglip_def': 0.1192, 'edit_siglip_drop': 0.0021, 'amp_dev': 0.03891, 'active_fraction': 0.4693}
=== raccoon_00 / phase_rand__human ===
{'image': 'raccoon_00', 'condition': 'phase_rand', 'prompt_index': 0, 'prompt': 'a panda', 'block': 32, 'r_min': 0.12, 'quantile': 0.5, 'target_image': 'data/targets/lebron.png', 'loss': 'encoder_target', 'random_start': False, 'budget_target': 'human', 'budget_mode': 'human', 'budget_reached': 0.03669, 'unreachable': False, 'radius': 1.3, 'total_seconds': 10.5, 'fid_lpips': 0.0596, 'fid_ssim': 0.9562, 'fid_dists': 0.0367, 'fid_psnr': 29.5942, 'fid_clip_img': 0.9984, 'fid_nima': 5.8968, 'fid_cnniqa': 0.7077, 'edit_lpips': 0.0615, 'edit_clip_orig': 0.3069, 'edit_clip_def': 0.3082, 'edit_clip_drop': -0.0013, 'edit_siglip_orig': 0.1213, 'edit_siglip_def': 0.1206, 'edit_siglip_drop': 0.0007, 'amp_dev': 0.03589, 'active_fraction': 0.4693}

########## shiba_00 (dog) [loss=encoder_target] ##########
=== shiba_00 / add__human ===
{'image': 'shiba_00', 'condition': 'add', 'prompt_index': 0, 'prompt': 'a cat', 'block': 32, 'r_min': 0.12, 'quantile': 0.5, 'target_image': 'data/targets/lebron.png', 'loss': 'encoder_target', 'random_start': False, 'budget_target': 'human', 'budget_mode': 'human', 'budget_reached': 0.00272, 'unreachable': False, 'radius': 0.00471, 'total_seconds': 24.7, 'fid_lpips': 0.221, 'fid_ssim': 0.9972, 'fid_dists': 0.0027, 'fid_psnr': 47.3922, 'fid_clip_img': 0.999, 'fid_nima': 5.667, 'fid_cnniqa': 0.7084, 'edit_lpips': 0.5646, 'edit_clip_orig': 0.2619, 'edit_clip_def': 0.2703, 'edit_clip_drop': -0.0084, 'edit_siglip_orig': 0.0881, 'edit_siglip_def': 0.0926, 'edit_siglip_drop': -0.0045}
=== shiba_00 / phase__human ===
{'image': 'shiba_00', 'condition': 'phase', 'prompt_index': 0, 'prompt': 'a cat', 'block': 32, 'r_min': 0.12, 'quantile': 0.5, 'target_image': 'data/targets/lebron.png', 'loss': 'encoder_target', 'random_start': False, 'budget_target': 'human', 'budget_mode': 'human', 'budget_reached': 0.03186, 'unreachable': False, 'radius': 1.3, 'total_seconds': 24.9, 'fid_lpips': 0.1829, 'fid_ssim': 0.9564, 'fid_dists': 0.0319, 'fid_psnr': 31.1472, 'fid_clip_img': 0.9981, 'fid_nima': 5.4598, 'fid_cnniqa': 0.6841, 'edit_lpips': 0.5876, 'edit_clip_orig': 0.2619, 'edit_clip_def': 0.273, 'edit_clip_drop': -0.0111, 'edit_siglip_orig': 0.0881, 'edit_siglip_def': 0.0948, 'edit_siglip_drop': -0.0067, 'amp_dev': 0.0234, 'active_fraction': 0.4645}
=== shiba_00 / phase_rand__human ===
{'image': 'shiba_00', 'condition': 'phase_rand', 'prompt_index': 0, 'prompt': 'a cat', 'block': 32, 'r_min': 0.12, 'quantile': 0.5, 'target_image': 'data/targets/lebron.png', 'loss': 'encoder_target', 'random_start': False, 'budget_target': 'human', 'budget_mode': 'human', 'budget_reached': 0.04078, 'unreachable': False, 'radius': 1.3, 'total_seconds': 10.7, 'fid_lpips': 0.0584, 'fid_ssim': 0.9639, 'fid_dists': 0.0408, 'fid_psnr': 32.182, 'fid_clip_img': 0.9979, 'fid_nima': 5.3538, 'fid_cnniqa': 0.673, 'edit_lpips': 0.2878, 'edit_clip_orig': 0.2619, 'edit_clip_def': 0.2674, 'edit_clip_drop': -0.0055, 'edit_siglip_orig': 0.0881, 'edit_siglip_def': 0.0884, 'edit_siglip_drop': -0.0003, 'amp_dev': 0.02207, 'active_fraction': 0.4645}

表：runs/s0818_tgtlebron_2/results.csv
