Loading pipeline components...:   0%|          | 0/6 [00:00<?, ?it/s]
Loading weights:   0%|          | 0/196 [00:00<?, ?it/s][ALoading weights: 100%|██████████| 196/196 [00:00<00:00, 3543.49it/s]
Loading pipeline components...:  67%|██████▋   | 4/6 [00:00<00:00, 17.64it/s]Loading pipeline components...: 100%|██████████| 6/6 [00:00<00:00, 14.24it/s]Loading pipeline components...: 100%|██████████| 6/6 [00:00<00:00, 14.81it/s]
There are modules in AutoencoderKL that should be kept in float32: []. Casting directly with `to()` can lead to inconsistent results; set `torch_dtype` in `from_pretrained()` instead to keep these modules in float32.
/nfs/home/nelson0314/venvs/wacv/lib/python3.11/site-packages/torchvision/models/_utils.py:207: UserWarning: The parameter 'pretrained' is deprecated since 0.13 and may be removed in the future, please use 'weights' instead.
  warnings.warn(
/nfs/home/nelson0314/venvs/wacv/lib/python3.11/site-packages/torchvision/models/_utils.py:222: UserWarning: Arguments other than a weight enum or `None` for 'weights' are deprecated since 0.13 and may be removed in the future. The current behavior is equivalent to passing `weights=VGG16_Weights.IMAGENET1K_V1`. You can also use `weights=VGG16_Weights.DEFAULT` to get the most up-to-date weights.
  warnings.warn(msg)
/nfs/home/nelson0314/venvs/wacv/lib/python3.11/site-packages/diffusers/image_processor.py:724: FutureWarning: Passing `image` as torch tensor with value range in [-1,1] is deprecated. The expected value range for image tensor is [0,1] when passing as pytorch tensor or numpy Array. You passed `image` with value range [-1.0,1.0]
  warnings.warn(
=== task_attr_mod_color_11699 / dct_shield_y ===
Warning: You are sending unauthenticated requests to the HF Hub. Please set a HF_TOKEN to enable higher rate limits and faster downloads.
Loading weights:   0%|          | 0/398 [00:00<?, ?it/s]Loading weights: 100%|██████████| 398/398 [00:00<00:00, 10043.40it/s]
[transformers] Model config: bos_token_id must be `None` or an integer within the vocabulary (between 0 and 31999), got 49406. This may result in unexpected behavior.
[transformers] Model config: eos_token_id must be `None` or an integer within the vocabulary (between 0 and 31999), got 49407. This may result in unexpected behavior.
Loading weights:   0%|          | 0/408 [00:00<?, ?it/s]Loading weights:  84%|████████▍ | 342/408 [00:00<00:00, 3398.14it/s]Loading weights: 100%|██████████| 408/408 [00:00<00:00, 3272.76it/s]
/nfs/home/nelson0314/venvs/wacv/lib/python3.11/site-packages/diffusers/image_processor.py:724: FutureWarning: Passing `image` as torch tensor with value range in [-1,1] is deprecated. The expected value range for image tensor is [0,1] when passing as pytorch tensor or numpy Array. You passed `image` with value range [-0.998050332069397,0.9082784652709961]
  warnings.warn(
    identity=0.6088, blur1=0.2078, jpeg75=0.5122, jpeg30=0.2730, crop_resize0.1=0.5890, jpeg_then_resize75=0.2563, adverse_cleaner=0.5261
=== task_attr_mod_color_136767 / dct_shield_y ===
/nfs/home/nelson0314/venvs/wacv/lib/python3.11/site-packages/diffusers/image_processor.py:724: FutureWarning: Passing `image` as torch tensor with value range in [-1,1] is deprecated. The expected value range for image tensor is [0,1] when passing as pytorch tensor or numpy Array. You passed `image` with value range [-0.9949754476547241,0.9988789558410645]
  warnings.warn(
    identity=0.6199, blur1=0.2476, jpeg75=0.5095, jpeg30=0.2511, crop_resize0.1=0.5859, jpeg_then_resize75=0.2580, adverse_cleaner=0.6041
=== task_attr_mod_color_184837 / dct_shield_y ===
/nfs/home/nelson0314/venvs/wacv/lib/python3.11/site-packages/diffusers/image_processor.py:724: FutureWarning: Passing `image` as torch tensor with value range in [-1,1] is deprecated. The expected value range for image tensor is [0,1] when passing as pytorch tensor or numpy Array. You passed `image` with value range [-0.9839162826538086,0.9633270502090454]
  warnings.warn(
    identity=0.7009, blur1=0.2060, jpeg75=0.5941, jpeg30=0.2573, crop_resize0.1=0.6825, jpeg_then_resize75=0.2175, adverse_cleaner=0.5708
=== task_attr_mod_color_32648 / dct_shield_y ===
/nfs/home/nelson0314/venvs/wacv/lib/python3.11/site-packages/diffusers/image_processor.py:724: FutureWarning: Passing `image` as torch tensor with value range in [-1,1] is deprecated. The expected value range for image tensor is [0,1] when passing as pytorch tensor or numpy Array. You passed `image` with value range [-0.986503005027771,0.9872504472732544]
  warnings.warn(
    identity=0.5995, blur1=0.3658, jpeg75=0.4962, jpeg30=0.3422, crop_resize0.1=0.5037, jpeg_then_resize75=0.3310, adverse_cleaner=0.4794
=== task_attr_mod_color_6205 / dct_shield_y ===
/nfs/home/nelson0314/venvs/wacv/lib/python3.11/site-packages/diffusers/image_processor.py:724: FutureWarning: Passing `image` as torch tensor with value range in [-1,1] is deprecated. The expected value range for image tensor is [0,1] when passing as pytorch tensor or numpy Array. You passed `image` with value range [-0.9903376698493958,0.9942339658737183]
  warnings.warn(
    identity=0.7263, blur1=0.2822, jpeg75=0.6394, jpeg30=0.2123, crop_resize0.1=0.6915, jpeg_then_resize75=0.2804, adverse_cleaner=0.7273

表：runs/ip2p_purify_headtohead/antijpeg/y_q85_e10_color.csv（35 列）
