Loading pipeline components...:   0%|          | 0/6 [00:00<?, ?it/s]
Loading weights:   0%|          | 0/196 [00:00<?, ?it/s][ALoading weights: 100%|██████████| 196/196 [00:00<00:00, 3695.84it/s]
Loading pipeline components...:  33%|███▎      | 2/6 [00:00<00:00, 10.75it/s]Loading pipeline components...:  67%|██████▋   | 4/6 [00:00<00:00, 13.71it/s]Loading pipeline components...: 100%|██████████| 6/6 [00:00<00:00, 13.76it/s]Loading pipeline components...: 100%|██████████| 6/6 [00:00<00:00, 13.37it/s]
There are modules in AutoencoderKL that should be kept in float32: []. Casting directly with `to()` can lead to inconsistent results; set `torch_dtype` in `from_pretrained()` instead to keep these modules in float32.
/nfs/home/nelson0314/venvs/wacv/lib/python3.11/site-packages/torchvision/models/_utils.py:207: UserWarning: The parameter 'pretrained' is deprecated since 0.13 and may be removed in the future, please use 'weights' instead.
  warnings.warn(
/nfs/home/nelson0314/venvs/wacv/lib/python3.11/site-packages/torchvision/models/_utils.py:222: UserWarning: Arguments other than a weight enum or `None` for 'weights' are deprecated since 0.13 and may be removed in the future. The current behavior is equivalent to passing `weights=VGG16_Weights.IMAGENET1K_V1`. You can also use `weights=VGG16_Weights.DEFAULT` to get the most up-to-date weights.
  warnings.warn(msg)
IP2P 線：13 張、條件 ['phase_gain']、steps=100 s_T=7.5 s_I=1.5 seed=20260812
/nfs/home/nelson0314/venvs/wacv/lib/python3.11/site-packages/diffusers/image_processor.py:724: FutureWarning: Passing `image` as torch tensor with value range in [-1,1] is deprecated. The expected value range for image tensor is [0,1] when passing as pytorch tensor or numpy Array. You passed `image` with value range [-1.0,1.0]
  warnings.warn(
Warning: You are sending unauthenticated requests to the HF Hub. Please set a HF_TOKEN to enable higher rate limits and faster downloads.
Loading weights:   0%|          | 0/398 [00:00<?, ?it/s]Loading weights: 100%|██████████| 398/398 [00:00<00:00, 16514.97it/s]
[transformers] Model config: bos_token_id must be `None` or an integer within the vocabulary (between 0 and 31999), got 49406. This may result in unexpected behavior.
[transformers] Model config: eos_token_id must be `None` or an integer within the vocabulary (between 0 and 31999), got 49407. This may result in unexpected behavior.
Loading weights:   0%|          | 0/408 [00:00<?, ?it/s]Loading weights:  66%|██████▌   | 270/408 [00:00<00:00, 2697.68it/s]Loading weights: 100%|██████████| 408/408 [00:00<00:00, 2671.89it/s]
task_attr_mod_color_11699        phase_gain     r=3.2000 dists=0.0874 lpips=0.3378 effect=0.4421 (185s)
task_attr_mod_color_136767       phase_gain     r=3.2000 dists=0.1614 lpips=0.3997 effect=0.5640 (175s)
task_attr_mod_color_184837       phase_gain     r=3.2000 dists=0.2043 lpips=0.4547 effect=0.7159 (175s)
task_attr_mod_color_32648        phase_gain     r=3.2000 dists=0.0697 lpips=0.4238 effect=0.3549 (175s)
task_attr_mod_color_6205         phase_gain     r=3.2000 dists=0.1198 lpips=0.3370 effect=0.5057 (175s)
task_env_weather_112463          phase_gain     r=3.2000 dists=0.0702 lpips=0.4486 effect=0.8055 (175s)
task_env_weather_246440          phase_gain     r=3.2000 dists=0.1453 lpips=0.4264 effect=0.6180 (174s)
task_env_weather_63722           phase_gain     r=3.2000 dists=0.0941 lpips=0.4030 effect=0.4921 (175s)
task_obj_add_40931               phase_gain     r=3.2000 dists=0.1369 lpips=0.4810 effect=0.5450 (175s)
task_obj_remove_380621           phase_gain     r=3.2000 dists=0.1043 lpips=0.3959 effect=0.6745 (175s)
task_obj_swap_joint_mask_276754  phase_gain     r=3.2000 dists=0.1708 lpips=0.4513 effect=0.6713 (175s)
task_obj_swap_joint_mask_533428  phase_gain     r=3.2000 dists=0.1437 lpips=0.4864 effect=0.6058 (175s)
task_obj_swap_rand_mask_417469   phase_gain     r=3.2000 dists=0.1058 lpips=0.4639 effect=0.6492 (175s)

表：runs/ip2p_band_edge_push/g050_r32/results.csv（13 列）
