Warning: You are sending unauthenticated requests to the HF Hub. Please set a HF_TOKEN to enable higher rate limits and faster downloads.
Loading pipeline components...:   0%|          | 0/6 [00:00<?, ?it/s]Loading pipeline components...:  50%|█████     | 3/6 [00:00<00:00, 22.99it/s]
Loading weights:   0%|          | 0/196 [00:00<?, ?it/s][ALoading weights: 100%|██████████| 196/196 [00:00<00:00, 3689.05it/s]
Loading pipeline components...: 100%|██████████| 6/6 [00:00<00:00, 13.58it/s]Loading pipeline components...: 100%|██████████| 6/6 [00:00<00:00, 14.46it/s]
There are modules in AutoencoderKL that should be kept in float32: []. Casting directly with `to()` can lead to inconsistent results; set `torch_dtype` in `from_pretrained()` instead to keep these modules in float32.
/nfs/home/nelson0314/venvs/wacv/lib/python3.11/site-packages/torchvision/models/_utils.py:207: UserWarning: The parameter 'pretrained' is deprecated since 0.13 and may be removed in the future, please use 'weights' instead.
  warnings.warn(
/nfs/home/nelson0314/venvs/wacv/lib/python3.11/site-packages/torchvision/models/_utils.py:222: UserWarning: Arguments other than a weight enum or `None` for 'weights' are deprecated since 0.13 and may be removed in the future. The current behavior is equivalent to passing `weights=VGG16_Weights.IMAGENET1K_V1`. You can also use `weights=VGG16_Weights.DEFAULT` to get the most up-to-date weights.
  warnings.warn(msg)
IP2P 線：13 張、條件 ['warp_rand']、steps=100 s_T=7.5 s_I=1.5 seed=20260812
/nfs/home/nelson0314/venvs/wacv/lib/python3.11/site-packages/diffusers/image_processor.py:724: FutureWarning: Passing `image` as torch tensor with value range in [-1,1] is deprecated. The expected value range for image tensor is [0,1] when passing as pytorch tensor or numpy Array. You passed `image` with value range [-1.0,1.0]
  warnings.warn(
/nfs/home/nelson0314/venvs/wacv/lib/python3.11/site-packages/diffusers/image_processor.py:724: FutureWarning: Passing `image` as torch tensor with value range in [-1,1] is deprecated. The expected value range for image tensor is [0,1] when passing as pytorch tensor or numpy Array. You passed `image` with value range [-1.0,0.9619907140731812]
  warnings.warn(
Loading weights:   0%|          | 0/398 [00:00<?, ?it/s]Loading weights: 100%|██████████| 398/398 [00:00<00:00, 13899.18it/s]
[transformers] Model config: bos_token_id must be `None` or an integer within the vocabulary (between 0 and 31999), got 49406. This may result in unexpected behavior.
[transformers] Model config: eos_token_id must be `None` or an integer within the vocabulary (between 0 and 31999), got 49407. This may result in unexpected behavior.
Loading weights:   0%|          | 0/408 [00:00<?, ?it/s]Loading weights:  80%|████████  | 327/408 [00:00<00:00, 3243.23it/s]Loading weights: 100%|██████████| 408/408 [00:00<00:00, 3271.76it/s]
task_attr_mod_color_11699        warp_rand      r=4.0000 dists=0.0628 lpips=0.1771 effect=0.1983 (59s)
task_attr_mod_color_136767       warp_rand      r=4.0000 dists=0.0633 lpips=0.1690 effect=0.1895 (48s)
/nfs/home/nelson0314/venvs/wacv/lib/python3.11/site-packages/diffusers/image_processor.py:724: FutureWarning: Passing `image` as torch tensor with value range in [-1,1] is deprecated. The expected value range for image tensor is [0,1] when passing as pytorch tensor or numpy Array. You passed `image` with value range [-0.9999884366989136,1.0]
  warnings.warn(
task_attr_mod_color_184837       warp_rand      r=4.0000 dists=0.1165 lpips=0.2334 effect=0.2545 (47s)
task_attr_mod_color_32648        warp_rand      r=4.0000 dists=0.0916 lpips=0.1385 effect=0.1403 (47s)
task_attr_mod_color_6205         warp_rand      r=4.0000 dists=0.0943 lpips=0.1879 effect=0.2057 (48s)
task_env_weather_112463          warp_rand      r=4.0000 dists=0.0870 lpips=0.2114 effect=0.2727 (48s)
task_env_weather_246440          warp_rand      r=4.0000 dists=0.0756 lpips=0.2191 effect=0.3740 (47s)
/nfs/home/nelson0314/venvs/wacv/lib/python3.11/site-packages/diffusers/image_processor.py:724: FutureWarning: Passing `image` as torch tensor with value range in [-1,1] is deprecated. The expected value range for image tensor is [0,1] when passing as pytorch tensor or numpy Array. You passed `image` with value range [-0.994816780090332,0.9163479804992676]
  warnings.warn(
task_env_weather_63722           warp_rand      r=4.0000 dists=0.1835 lpips=0.2821 effect=0.2987 (47s)
/nfs/home/nelson0314/venvs/wacv/lib/python3.11/site-packages/diffusers/image_processor.py:724: FutureWarning: Passing `image` as torch tensor with value range in [-1,1] is deprecated. The expected value range for image tensor is [0,1] when passing as pytorch tensor or numpy Array. You passed `image` with value range [-1.0,0.9920852184295654]
  warnings.warn(
task_obj_add_40931               warp_rand      r=4.0000 dists=0.1296 lpips=0.2856 effect=0.3157 (47s)
task_obj_remove_380621           warp_rand      r=4.0000 dists=0.1393 lpips=0.2353 effect=0.2795 (47s)
task_obj_swap_joint_mask_276754  warp_rand      r=4.0000 dists=0.1252 lpips=0.2858 effect=0.1231 (47s)
/nfs/home/nelson0314/venvs/wacv/lib/python3.11/site-packages/diffusers/image_processor.py:724: FutureWarning: Passing `image` as torch tensor with value range in [-1,1] is deprecated. The expected value range for image tensor is [0,1] when passing as pytorch tensor or numpy Array. You passed `image` with value range [-1.0,0.9997669458389282]
  warnings.warn(
task_obj_swap_joint_mask_533428  warp_rand      r=4.0000 dists=0.1007 lpips=0.2331 effect=0.3009 (47s)
/nfs/home/nelson0314/venvs/wacv/lib/python3.11/site-packages/diffusers/image_processor.py:724: FutureWarning: Passing `image` as torch tensor with value range in [-1,1] is deprecated. The expected value range for image tensor is [0,1] when passing as pytorch tensor or numpy Array. You passed `image` with value range [-1.0,0.9963244199752808]
  warnings.warn(
task_obj_swap_rand_mask_417469   warp_rand      r=4.0000 dists=0.0714 lpips=0.2012 effect=0.2262 (48s)

表：runs/ip2p_warp/rand_r4/results.csv（13 列）
