Loading pipeline components...:   0%|          | 0/6 [00:00<?, ?it/s]Loading pipeline components...:  50%|█████     | 3/6 [00:00<00:00, 17.48it/s]
Loading weights:   0%|          | 0/196 [00:00<?, ?it/s][ALoading weights: 100%|██████████| 196/196 [00:00<00:00, 4369.25it/s]
Loading pipeline components...: 100%|██████████| 6/6 [00:00<00:00, 17.30it/s]Loading pipeline components...: 100%|██████████| 6/6 [00:00<00:00, 17.31it/s]
There are modules in AutoencoderKL that should be kept in float32: []. Casting directly with `to()` can lead to inconsistent results; set `torch_dtype` in `from_pretrained()` instead to keep these modules in float32.
/nfs/home/nelson0314/venvs/wacv/lib/python3.11/site-packages/torchvision/models/_utils.py:207: UserWarning: The parameter 'pretrained' is deprecated since 0.13 and may be removed in the future, please use 'weights' instead.
  warnings.warn(
/nfs/home/nelson0314/venvs/wacv/lib/python3.11/site-packages/torchvision/models/_utils.py:222: UserWarning: Arguments other than a weight enum or `None` for 'weights' are deprecated since 0.13 and may be removed in the future. The current behavior is equivalent to passing `weights=VGG16_Weights.IMAGENET1K_V1`. You can also use `weights=VGG16_Weights.DEFAULT` to get the most up-to-date weights.
  warnings.warn(msg)
IP2P 線：25 張、條件 ['phase']、steps=100 s_T=7.5 s_I=1.5 seed=20260812
/nfs/home/nelson0314/venvs/wacv/lib/python3.11/site-packages/diffusers/image_processor.py:724: FutureWarning: Passing `image` as torch tensor with value range in [-1,1] is deprecated. The expected value range for image tensor is [0,1] when passing as pytorch tensor or numpy Array. You passed `image` with value range [-1.0,1.0]
  warnings.warn(
task_attr_mod_color_11699        phase          r=0.8000 dists=0.0266 lpips=0.0762 effect=0.1230 (36s)
task_attr_mod_color_136767       phase          r=0.8000 dists=0.0546 lpips=0.1304 effect=0.1669 (37s)
task_attr_mod_color_184837       phase          r=0.8000 dists=0.0769 lpips=0.1541 effect=0.2307 (37s)
task_attr_mod_color_32648        phase          r=0.8000 dists=0.0225 lpips=0.0885 effect=0.0951 (37s)
task_attr_mod_color_6205         phase          r=0.8000 dists=0.0588 lpips=0.0798 effect=0.2223 (37s)
task_env_weather_112463          phase          r=0.8000 dists=0.0230 lpips=0.0991 effect=0.1726 (37s)
task_env_weather_133752          phase          r=0.8000 dists=0.0182 lpips=0.0935 effect=0.1631 (37s)
task_env_weather_181583          phase          r=0.8000 dists=0.0298 lpips=0.1224 effect=0.1673 (37s)
task_env_weather_246440          phase          r=0.8000 dists=0.0512 lpips=0.1367 effect=0.3689 (37s)
task_env_weather_63722           phase          r=0.8000 dists=0.0477 lpips=0.1134 effect=0.1726 (37s)
task_obj_add_13726               phase          r=0.8000 dists=0.0510 lpips=0.1349 effect=0.2418 (37s)
task_obj_add_340466              phase          r=0.8000 dists=0.0442 lpips=0.0885 effect=0.2292 (37s)
task_obj_add_40931               phase          r=0.8000 dists=0.0452 lpips=0.2172 effect=0.2658 (37s)
task_obj_add_581286              phase          r=0.8000 dists=0.0265 lpips=0.0708 effect=0.1045 (37s)
task_obj_add_692065              phase          r=0.8000 dists=0.0294 lpips=0.0842 effect=0.1362 (37s)
task_obj_remove_10197            phase          r=0.8000 dists=0.0282 lpips=0.2004 effect=0.4486 (37s)
task_obj_remove_257910           phase          r=0.8000 dists=0.0235 lpips=0.1273 effect=0.1477 (37s)
task_obj_remove_380621           phase          r=0.8000 dists=0.0568 lpips=0.1425 effect=0.2201 (37s)
task_obj_remove_509477           phase          r=0.8000 dists=0.0599 lpips=0.1515 effect=0.2116 (37s)
task_obj_remove_657585           phase          r=0.8000 dists=0.0236 lpips=0.0586 effect=0.2244 (38s)
task_obj_swap_joint_mask_276754  phase          r=0.8000 dists=0.0597 lpips=0.3209 effect=0.3382 (38s)
task_obj_swap_joint_mask_533428  phase          r=0.8000 dists=0.0525 lpips=0.1624 effect=0.3480 (38s)
/nfs/home/nelson0314/venvs/wacv/lib/python3.11/site-packages/diffusers/image_processor.py:724: FutureWarning: Passing `image` as torch tensor with value range in [-1,1] is deprecated. The expected value range for image tensor is [0,1] when passing as pytorch tensor or numpy Array. You passed `image` with value range [-0.9686274528503418,1.0]
  warnings.warn(
/nfs/home/nelson0314/venvs/wacv/lib/python3.11/site-packages/diffusers/image_processor.py:724: FutureWarning: Passing `image` as torch tensor with value range in [-1,1] is deprecated. The expected value range for image tensor is [0,1] when passing as pytorch tensor or numpy Array. You passed `image` with value range [-0.9934595823287964,1.0]
  warnings.warn(
task_obj_swap_joint_mask_75733   phase          r=0.8000 dists=0.0451 lpips=0.1849 effect=0.2846 (38s)
task_obj_swap_rand_mask_298147   phase          r=0.8000 dists=0.0752 lpips=0.2739 effect=0.4094 (38s)
task_obj_swap_rand_mask_417469   phase          r=0.8000 dists=0.0355 lpips=0.1439 effect=0.2003 (66s)

表：runs/fair0820/a4b_ln/ln_t08/results.csv（25 列）
