Warning: You are sending unauthenticated requests to the HF Hub. Please set a HF_TOKEN to enable higher rate limits and faster downloads.
Loading pipeline components...:   0%|          | 0/6 [00:00<?, ?it/s]Loading pipeline components...:  17%|█▋        | 1/6 [00:00<00:00,  8.33it/s]
Loading weights:   0%|          | 0/196 [00:00<?, ?it/s][ALoading weights: 100%|██████████| 196/196 [00:00<00:00, 4652.82it/s]
Loading pipeline components...:  50%|█████     | 3/6 [00:00<00:00, 12.17it/s]Loading pipeline components...: 100%|██████████| 6/6 [00:00<00:00, 17.83it/s]Loading pipeline components...: 100%|██████████| 6/6 [00:00<00:00, 15.91it/s]
There are modules in UNet2DConditionModel that should be kept in float32: []. Casting directly with `to()` can lead to inconsistent results; set `torch_dtype` in `from_pretrained()` instead to keep these modules in float32.
There are modules in AutoencoderKL that should be kept in float32: []. Casting directly with `to()` can lead to inconsistent results; set `torch_dtype` in `from_pretrained()` instead to keep these modules in float32.
/nfs/home/nelson0314/venvs/wacv/lib/python3.11/site-packages/torchvision/models/_utils.py:207: UserWarning: The parameter 'pretrained' is deprecated since 0.13 and may be removed in the future, please use 'weights' instead.
  warnings.warn(
/nfs/home/nelson0314/venvs/wacv/lib/python3.11/site-packages/torchvision/models/_utils.py:222: UserWarning: Arguments other than a weight enum or `None` for 'weights' are deprecated since 0.13 and may be removed in the future. The current behavior is equivalent to passing `weights=VGG16_Weights.IMAGENET1K_V1`. You can also use `weights=VGG16_Weights.DEFAULT` to get the most up-to-date weights.
  warnings.warn(msg)

########## bird_03 (bird) ##########
=== bird_03 / add__d0.04 ===
Loading pretrained model NIMA from /nfs/home/nelson0314/.cache/torch/hub/pyiqa/NIMA_InceptionV2_ava-b0c77c00.pth
Loading pretrained model CNNIQA from /nfs/home/nelson0314/.cache/torch/hub/pyiqa/CNNIQA_koniq10k-e6f14c91.pth
Loading weights:   0%|          | 0/398 [00:00<?, ?it/s]Loading weights: 100%|██████████| 398/398 [00:00<00:00, 12373.31it/s]
Loading weights:   0%|          | 0/398 [00:00<?, ?it/s]Loading weights: 100%|██████████| 398/398 [00:00<00:00, 19855.76it/s]
[transformers] Model config: bos_token_id must be `None` or an integer within the vocabulary (between 0 and 31999), got 49406. This may result in unexpected behavior.
[transformers] Model config: eos_token_id must be `None` or an integer within the vocabulary (between 0 and 31999), got 49407. This may result in unexpected behavior.
Loading weights:   0%|          | 0/408 [00:00<?, ?it/s]Loading weights:  88%|████████▊ | 360/408 [00:00<00:00, 3586.34it/s]Loading weights: 100%|██████████| 408/408 [00:00<00:00, 3574.41it/s]
{'image': 'bird_03', 'condition': 'add', 'budget_target': 0.04, 'budget_reached': 0.03902, 'unreachable': False, 'radius': 0.01354, 'total_seconds': 117.6, 'fid_lpips': 0.3864, 'fid_ssim': 0.9852, 'fid_dists': 0.039, 'fid_psnr': 40.4011, 'fid_clip_img': 0.9867, 'fid_nima': 5.5426, 'fid_cnniqa': 0.7215, 'edit_lpips': 0.543, 'edit_clip_orig': 0.2725, 'edit_clip_def': 0.3039, 'edit_clip_drop': -0.0314, 'edit_siglip_orig': 0.1038, 'edit_siglip_def': 0.1124, 'edit_siglip_drop': -0.0085}
=== bird_03 / phase__d0.04 ===
{'image': 'bird_03', 'condition': 'phase', 'budget_target': 0.04, 'budget_reached': 0.03922, 'unreachable': False, 'radius': 1.95809, 'total_seconds': 133.6, 'fid_lpips': 0.2302, 'fid_ssim': 0.9385, 'fid_dists': 0.0392, 'fid_psnr': 32.6074, 'fid_clip_img': 0.9955, 'fid_nima': 5.4056, 'fid_cnniqa': 0.7154, 'edit_lpips': 0.5744, 'edit_clip_orig': 0.2725, 'edit_clip_def': 0.2912, 'edit_clip_drop': -0.0187, 'edit_siglip_orig': 0.1038, 'edit_siglip_def': 0.1066, 'edit_siglip_drop': -0.0027, 'amp_dev': 0.02034, 'active_fraction': 0.4617}
=== bird_03 / phase_rand__d0.04 ===
{'image': 'bird_03', 'condition': 'phase_rand', 'budget_target': 0.04, 'budget_reached': 0.0391, 'unreachable': False, 'radius': 1.30596, 'total_seconds': 11.5, 'fid_lpips': 0.068, 'fid_ssim': 0.968, 'fid_dists': 0.0391, 'fid_psnr': 35.6378, 'fid_clip_img': 0.9967, 'fid_nima': 5.5204, 'fid_cnniqa': 0.7121, 'edit_lpips': 0.1721, 'edit_clip_orig': 0.2725, 'edit_clip_def': 0.2662, 'edit_clip_drop': 0.0063, 'edit_siglip_orig': 0.1038, 'edit_siglip_def': 0.1064, 'edit_siglip_drop': -0.0025, 'amp_dev': 0.01381, 'active_fraction': 0.4617}
=== bird_03 / add__d0.075 ===
{'image': 'bird_03', 'condition': 'add', 'budget_target': 0.075, 'budget_reached': 0.07372, 'unreachable': False, 'radius': 0.0367, 'total_seconds': 101.6, 'fid_lpips': 0.5213, 'fid_ssim': 0.9381, 'fid_dists': 0.0737, 'fid_psnr': 33.5321, 'fid_clip_img': 0.9579, 'fid_nima': 5.3818, 'fid_cnniqa': 0.7178, 'edit_lpips': 0.6588, 'edit_clip_orig': 0.2725, 'edit_clip_def': 0.236, 'edit_clip_drop': 0.0365, 'edit_siglip_orig': 0.1038, 'edit_siglip_def': 0.1028, 'edit_siglip_drop': 0.0011}
=== bird_03 / phase__d0.075 ===
{'image': 'bird_03', 'condition': 'phase', 'budget_target': 0.075, 'budget_reached': 0.07105, 'unreachable': True, 'radius': 3.14159, 'total_seconds': 26.4, 'fid_lpips': 0.2685, 'fid_ssim': 0.9063, 'fid_dists': 0.071, 'fid_psnr': 30.6747, 'fid_clip_img': 0.9916, 'fid_nima': 5.3095, 'fid_cnniqa': 0.704, 'edit_lpips': 0.5869, 'edit_clip_orig': 0.2725, 'edit_clip_def': 0.2948, 'edit_clip_drop': -0.0223, 'edit_siglip_orig': 0.1038, 'edit_siglip_def': 0.1028, 'edit_siglip_drop': 0.001, 'amp_dev': 0.0271, 'active_fraction': 0.4617}
=== bird_03 / phase_rand__d0.075 ===
{'image': 'bird_03', 'condition': 'phase_rand', 'budget_target': 0.075, 'budget_reached': 0.07542, 'unreachable': False, 'radius': 2.17547, 'total_seconds': 11.4, 'fid_lpips': 0.1462, 'fid_ssim': 0.9027, 'fid_dists': 0.0754, 'fid_psnr': 30.8533, 'fid_clip_img': 0.9898, 'fid_nima': 5.3936, 'fid_cnniqa': 0.6982, 'edit_lpips': 0.204, 'edit_clip_orig': 0.2725, 'edit_clip_def': 0.2719, 'edit_clip_drop': 0.0006, 'edit_siglip_orig': 0.1038, 'edit_siglip_def': 0.1039, 'edit_siglip_drop': -0.0001, 'amp_dev': 0.02476, 'active_fraction': 0.4617}

########## cat_02 (cat) ##########
=== cat_02 / add__d0.04 ===
{'image': 'cat_02', 'condition': 'add', 'budget_target': 0.04, 'budget_reached': 0.03828, 'unreachable': False, 'radius': 0.02126, 'total_seconds': 101.2, 'fid_lpips': 0.3848, 'fid_ssim': 0.9835, 'fid_dists': 0.0383, 'fid_psnr': 35.5926, 'fid_clip_img': 0.9862, 'fid_nima': 4.3762, 'fid_cnniqa': 0.6339, 'edit_lpips': 0.6067, 'edit_clip_orig': 0.2521, 'edit_clip_def': 0.2828, 'edit_clip_drop': -0.0308, 'edit_siglip_orig': 0.0912, 'edit_siglip_def': 0.0926, 'edit_siglip_drop': -0.0014}
=== cat_02 / phase__d0.04 ===
{'image': 'cat_02', 'condition': 'phase', 'budget_target': 0.04, 'budget_reached': 0.03922, 'unreachable': False, 'radius': 1.30596, 'total_seconds': 102.7, 'fid_lpips': 0.3341, 'fid_ssim': 0.955, 'fid_dists': 0.0392, 'fid_psnr': 32.0223, 'fid_clip_img': 0.9971, 'fid_nima': 4.4958, 'fid_cnniqa': 0.654, 'edit_lpips': 0.5481, 'edit_clip_orig': 0.2521, 'edit_clip_def': 0.2552, 'edit_clip_drop': -0.0032, 'edit_siglip_orig': 0.0912, 'edit_siglip_def': 0.087, 'edit_siglip_drop': 0.0042, 'amp_dev': 0.0224, 'active_fraction': 0.5549}
=== cat_02 / phase_rand__d0.04 ===
{'image': 'cat_02', 'condition': 'phase_rand', 'budget_target': 0.04, 'budget_reached': 0.04025, 'unreachable': False, 'radius': 1.20935, 'total_seconds': 11.2, 'fid_lpips': 0.0562, 'fid_ssim': 0.9735, 'fid_dists': 0.0402, 'fid_psnr': 34.6105, 'fid_clip_img': 0.9976, 'fid_nima': 4.3159, 'fid_cnniqa': 0.5836, 'edit_lpips': 0.1683, 'edit_clip_orig': 0.2521, 'edit_clip_def': 0.2516, 'edit_clip_drop': 0.0004, 'edit_siglip_orig': 0.0912, 'edit_siglip_def': 0.0932, 'edit_siglip_drop': -0.002, 'amp_dev': 0.0172, 'active_fraction': 0.5549}
=== cat_02 / add__d0.075 ===
{'image': 'cat_02', 'condition': 'add', 'budget_target': 0.075, 'budget_reached': 0.07373, 'unreachable': False, 'radius': 0.04201, 'total_seconds': 147.2, 'fid_lpips': 0.4856, 'fid_ssim': 0.9517, 'fid_dists': 0.0737, 'fid_psnr': 31.044, 'fid_clip_img': 0.9587, 'fid_nima': 4.1926, 'fid_cnniqa': 0.6454, 'edit_lpips': 0.7277, 'edit_clip_orig': 0.2521, 'edit_clip_def': 0.2818, 'edit_clip_drop': -0.0297, 'edit_siglip_orig': 0.0912, 'edit_siglip_def': 0.0989, 'edit_siglip_drop': -0.0077}
=== cat_02 / phase__d0.075 ===
{'image': 'cat_02', 'condition': 'phase', 'budget_target': 0.075, 'budget_reached': 0.07562, 'unreachable': False, 'radius': 2.46531, 'total_seconds': 102.8, 'fid_lpips': 0.4405, 'fid_ssim': 0.8908, 'fid_dists': 0.0756, 'fid_psnr': 28.3888, 'fid_clip_img': 0.9926, 'fid_nima': 4.3987, 'fid_cnniqa': 0.6637, 'edit_lpips': 0.6758, 'edit_clip_orig': 0.2521, 'edit_clip_def': 0.2668, 'edit_clip_drop': -0.0147, 'edit_siglip_orig': 0.0912, 'edit_siglip_def': 0.0798, 'edit_siglip_drop': 0.0114, 'amp_dev': 0.03786, 'active_fraction': 0.5549}
=== cat_02 / phase_rand__d0.075 ===
{'image': 'cat_02', 'condition': 'phase_rand', 'budget_target': 0.075, 'budget_reached': 0.07594, 'unreachable': False, 'radius': 1.69241, 'total_seconds': 11.5, 'fid_lpips': 0.1075, 'fid_ssim': 0.9445, 'fid_dists': 0.0759, 'fid_psnr': 31.4303, 'fid_clip_img': 0.9949, 'fid_nima': 4.2662, 'fid_cnniqa': 0.5388, 'edit_lpips': 0.3309, 'edit_clip_orig': 0.2521, 'edit_clip_def': 0.2531, 'edit_clip_drop': -0.001, 'edit_siglip_orig': 0.0912, 'edit_siglip_def': 0.0999, 'edit_siglip_drop': -0.0087, 'amp_dev': 0.02616, 'active_fraction': 0.5549}

########## dog_03 (dog) ##########
=== dog_03 / add__d0.04 ===
{'image': 'dog_03', 'condition': 'add', 'budget_target': 0.04, 'budget_reached': 0.04112, 'unreachable': False, 'radius': 0.03091, 'total_seconds': 116.4, 'fid_lpips': 0.4503, 'fid_ssim': 0.966, 'fid_dists': 0.0411, 'fid_psnr': 33.2149, 'fid_clip_img': 0.9601, 'fid_nima': 5.057, 'fid_cnniqa': 0.674, 'edit_lpips': 0.6275, 'edit_clip_orig': 0.2573, 'edit_clip_def': 0.2896, 'edit_clip_drop': -0.0322, 'edit_siglip_orig': 0.0807, 'edit_siglip_def': 0.0916, 'edit_siglip_drop': -0.0108}
=== dog_03 / phase__d0.04 ===
{'image': 'dog_03', 'condition': 'phase', 'budget_target': 0.04, 'budget_reached': 0.0393, 'unreachable': False, 'radius': 1.45088, 'total_seconds': 118.5, 'fid_lpips': 0.2564, 'fid_ssim': 0.9381, 'fid_dists': 0.0393, 'fid_psnr': 29.3578, 'fid_clip_img': 0.9878, 'fid_nima': 4.8981, 'fid_cnniqa': 0.6755, 'edit_lpips': 0.5413, 'edit_clip_orig': 0.2573, 'edit_clip_def': 0.2751, 'edit_clip_drop': -0.0178, 'edit_siglip_orig': 0.0807, 'edit_siglip_def': 0.0953, 'edit_siglip_drop': -0.0145, 'amp_dev': 0.02623, 'active_fraction': 0.4764}
=== dog_03 / phase_rand__d0.04 ===
{'image': 'dog_03', 'condition': 'phase_rand', 'budget_target': 0.04, 'budget_reached': 0.03956, 'unreachable': False, 'radius': 1.40257, 'total_seconds': 11.4, 'fid_lpips': 0.0914, 'fid_ssim': 0.9458, 'fid_dists': 0.0396, 'fid_psnr': 29.8975, 'fid_clip_img': 0.9878, 'fid_nima': 4.8808, 'fid_cnniqa': 0.622, 'edit_lpips': 0.3953, 'edit_clip_orig': 0.2573, 'edit_clip_def': 0.258, 'edit_clip_drop': -0.0007, 'edit_siglip_orig': 0.0807, 'edit_siglip_def': 0.0832, 'edit_siglip_drop': -0.0025, 'amp_dev': 0.02593, 'active_fraction': 0.4764}
=== dog_03 / add__d0.075 ===
{'image': 'dog_03', 'condition': 'add', 'budget_target': 0.075, 'budget_reached': 0.07546, 'unreachable': False, 'radius': 0.056, 'total_seconds': 86.9, 'fid_lpips': 0.5321, 'fid_ssim': 0.9214, 'fid_dists': 0.0755, 'fid_psnr': 29.2077, 'fid_clip_img': 0.9397, 'fid_nima': 4.6467, 'fid_cnniqa': 0.681, 'edit_lpips': 0.6705, 'edit_clip_orig': 0.2573, 'edit_clip_def': 0.2898, 'edit_clip_drop': -0.0325, 'edit_siglip_orig': 0.0807, 'edit_siglip_def': 0.087, 'edit_siglip_drop': -0.0063}
=== dog_03 / phase__d0.075 ===
{'image': 'dog_03', 'condition': 'phase', 'budget_target': 0.075, 'budget_reached': 0.07326, 'unreachable': False, 'radius': 2.32039, 'total_seconds': 118.7, 'fid_lpips': 0.3198, 'fid_ssim': 0.8876, 'fid_dists': 0.0733, 'fid_psnr': 26.8246, 'fid_clip_img': 0.9618, 'fid_nima': 4.6161, 'fid_cnniqa': 0.6288, 'edit_lpips': 0.5784, 'edit_clip_orig': 0.2573, 'edit_clip_def': 0.2772, 'edit_clip_drop': -0.0199, 'edit_siglip_orig': 0.0807, 'edit_siglip_def': 0.0971, 'edit_siglip_drop': -0.0164, 'amp_dev': 0.03764, 'active_fraction': 0.4764}
=== dog_03 / phase_rand__d0.075 ===
{'image': 'dog_03', 'condition': 'phase_rand', 'budget_target': 0.075, 'budget_reached': 0.07367, 'unreachable': False, 'radius': 1.98225, 'total_seconds': 11.4, 'fid_lpips': 0.1572, 'fid_ssim': 0.8866, 'fid_dists': 0.0737, 'fid_psnr': 26.5564, 'fid_clip_img': 0.9589, 'fid_nima': 4.6981, 'fid_cnniqa': 0.5713, 'edit_lpips': 0.3844, 'edit_clip_orig': 0.2573, 'edit_clip_def': 0.2595, 'edit_clip_drop': -0.0022, 'edit_siglip_orig': 0.0807, 'edit_siglip_def': 0.0831, 'edit_siglip_drop': -0.0023, 'amp_dev': 0.03894, 'active_fraction': 0.4764}

########## horse_00 (horse) ##########
=== horse_00 / add__d0.04 ===
{'image': 'horse_00', 'condition': 'add', 'budget_target': 0.04, 'budget_reached': 0.04089, 'unreachable': False, 'radius': 0.01354, 'total_seconds': 101.9, 'fid_lpips': 0.3888, 'fid_ssim': 0.983, 'fid_dists': 0.0409, 'fid_psnr': 39.9717, 'fid_clip_img': 0.9449, 'fid_nima': 5.9428, 'fid_cnniqa': 0.6903, 'edit_lpips': 0.4055, 'edit_clip_orig': 0.306, 'edit_clip_def': 0.3088, 'edit_clip_drop': -0.0028, 'edit_siglip_orig': 0.119, 'edit_siglip_def': 0.1128, 'edit_siglip_drop': 0.0062}
=== horse_00 / phase__d0.04 ===
{'image': 'horse_00', 'condition': 'phase', 'budget_target': 0.04, 'budget_reached': 0.03874, 'unreachable': False, 'radius': 1.08858, 'total_seconds': 133.7, 'fid_lpips': 0.2265, 'fid_ssim': 0.9635, 'fid_dists': 0.0387, 'fid_psnr': 34.7646, 'fid_clip_img': 0.9926, 'fid_nima': 5.8738, 'fid_cnniqa': 0.6799, 'edit_lpips': 0.4485, 'edit_clip_orig': 0.306, 'edit_clip_def': 0.3232, 'edit_clip_drop': -0.0172, 'edit_siglip_orig': 0.119, 'edit_siglip_def': 0.1168, 'edit_siglip_drop': 0.0022, 'amp_dev': 0.01502, 'active_fraction': 0.4655}
=== horse_00 / phase_rand__d0.04 ===
{'image': 'horse_00', 'condition': 'phase_rand', 'budget_target': 0.04, 'budget_reached': 0.04118, 'unreachable': False, 'radius': 1.01612, 'total_seconds': 11.4, 'fid_lpips': 0.0347, 'fid_ssim': 0.9769, 'fid_dists': 0.0412, 'fid_psnr': 37.1242, 'fid_clip_img': 0.9959, 'fid_nima': 5.7895, 'fid_cnniqa': 0.6709, 'edit_lpips': 0.0606, 'edit_clip_orig': 0.306, 'edit_clip_def': 0.3021, 'edit_clip_drop': 0.0039, 'edit_siglip_orig': 0.119, 'edit_siglip_def': 0.117, 'edit_siglip_drop': 0.002, 'amp_dev': 0.01269, 'active_fraction': 0.4655}
=== horse_00 / add__d0.075 ===
{'image': 'horse_00', 'condition': 'add', 'budget_target': 0.075, 'budget_reached': 0.07715, 'unreachable': False, 'radius': 0.02802, 'total_seconds': 147.4, 'fid_lpips': 0.5049, 'fid_ssim': 0.9503, 'fid_dists': 0.0771, 'fid_psnr': 34.9694, 'fid_clip_img': 0.8873, 'fid_nima': 5.7642, 'fid_cnniqa': 0.6887, 'edit_lpips': 0.5445, 'edit_clip_orig': 0.306, 'edit_clip_def': 0.332, 'edit_clip_drop': -0.026, 'edit_siglip_orig': 0.119, 'edit_siglip_def': 0.1191, 'edit_siglip_drop': -0.0001}
=== horse_00 / phase__d0.075 ===
{'image': 'horse_00', 'condition': 'phase', 'budget_target': 0.075, 'budget_reached': 0.07502, 'unreachable': False, 'radius': 1.87356, 'total_seconds': 148.9, 'fid_lpips': 0.2674, 'fid_ssim': 0.9267, 'fid_dists': 0.075, 'fid_psnr': 31.9837, 'fid_clip_img': 0.9847, 'fid_nima': 5.8776, 'fid_cnniqa': 0.6709, 'edit_lpips': 0.501, 'edit_clip_orig': 0.306, 'edit_clip_def': 0.3225, 'edit_clip_drop': -0.0165, 'edit_siglip_orig': 0.119, 'edit_siglip_def': 0.1159, 'edit_siglip_drop': 0.0031, 'amp_dev': 0.02207, 'active_fraction': 0.4655}
=== horse_00 / phase_rand__d0.075 ===
{'image': 'horse_00', 'condition': 'phase_rand', 'budget_target': 0.075, 'budget_reached': 0.07356, 'unreachable': False, 'radius': 1.45088, 'total_seconds': 11.5, 'fid_lpips': 0.0684, 'fid_ssim': 0.9471, 'fid_dists': 0.0736, 'fid_psnr': 33.6355, 'fid_clip_img': 0.9898, 'fid_nima': 5.8184, 'fid_cnniqa': 0.6547, 'edit_lpips': 0.0786, 'edit_clip_orig': 0.306, 'edit_clip_def': 0.3003, 'edit_clip_drop': 0.0057, 'edit_siglip_orig': 0.119, 'edit_siglip_def': 0.1148, 'edit_siglip_drop': 0.0042, 'amp_dev': 0.02002, 'active_fraction': 0.4655}

########## man_00 (man) ##########
=== man_00 / add__d0.04 ===
{'image': 'man_00', 'condition': 'add', 'budget_target': 0.04, 'budget_reached': 0.0404, 'unreachable': False, 'radius': 0.01065, 'total_seconds': 132.1, 'fid_lpips': 0.3543, 'fid_ssim': 0.9881, 'fid_dists': 0.0404, 'fid_psnr': 42.5787, 'fid_clip_img': 0.9891, 'fid_nima': 4.7226, 'fid_cnniqa': 0.6761, 'edit_lpips': 0.493, 'edit_clip_orig': 0.2819, 'edit_clip_def': 0.3164, 'edit_clip_drop': -0.0345, 'edit_siglip_orig': 0.1079, 'edit_siglip_def': 0.1215, 'edit_siglip_drop': -0.0135}
=== man_00 / phase__d0.04 ===
{'image': 'man_00', 'condition': 'phase', 'budget_target': 0.04, 'budget_reached': 0.04039, 'unreachable': False, 'radius': 1.69241, 'total_seconds': 102.9, 'fid_lpips': 0.1355, 'fid_ssim': 0.9838, 'fid_dists': 0.0404, 'fid_psnr': 37.8423, 'fid_clip_img': 0.9974, 'fid_nima': 4.4441, 'fid_cnniqa': 0.6752, 'edit_lpips': 0.3479, 'edit_clip_orig': 0.2819, 'edit_clip_def': 0.2998, 'edit_clip_drop': -0.0179, 'edit_siglip_orig': 0.1079, 'edit_siglip_def': 0.1292, 'edit_siglip_drop': -0.0213, 'amp_dev': 0.00914, 'active_fraction': 0.279}
=== man_00 / phase_rand__d0.04 ===
{'image': 'man_00', 'condition': 'phase_rand', 'budget_target': 0.04, 'budget_reached': 0.04123, 'unreachable': False, 'radius': 1.40257, 'total_seconds': 11.4, 'fid_lpips': 0.0541, 'fid_ssim': 0.9851, 'fid_dists': 0.0412, 'fid_psnr': 38.8822, 'fid_clip_img': 0.9977, 'fid_nima': 4.363, 'fid_cnniqa': 0.6239, 'edit_lpips': 0.2154, 'edit_clip_orig': 0.2819, 'edit_clip_def': 0.3006, 'edit_clip_drop': -0.0188, 'edit_siglip_orig': 0.1079, 'edit_siglip_def': 0.1181, 'edit_siglip_drop': -0.0102, 'amp_dev': 0.00787, 'active_fraction': 0.279}
=== man_00 / add__d0.075 ===
{'image': 'man_00', 'condition': 'add', 'budget_target': 0.075, 'budget_reached': 0.0754, 'unreachable': False, 'radius': 0.02126, 'total_seconds': 101.7, 'fid_lpips': 0.4611, 'fid_ssim': 0.9677, 'fid_dists': 0.0754, 'fid_psnr': 37.6512, 'fid_clip_img': 0.9826, 'fid_nima': 4.6564, 'fid_cnniqa': 0.6795, 'edit_lpips': 0.5259, 'edit_clip_orig': 0.2819, 'edit_clip_def': 0.2889, 'edit_clip_drop': -0.007, 'edit_siglip_orig': 0.1079, 'edit_siglip_def': 0.0991, 'edit_siglip_drop': 0.0089}
=== man_00 / phase__d0.075 ===
{'image': 'man_00', 'condition': 'phase', 'budget_target': 0.075, 'budget_reached': 0.06959, 'unreachable': True, 'radius': 3.14159, 'total_seconds': 26.4, 'fid_lpips': 0.1961, 'fid_ssim': 0.9682, 'fid_dists': 0.0696, 'fid_psnr': 34.9319, 'fid_clip_img': 0.9951, 'fid_nima': 4.3227, 'fid_cnniqa': 0.6475, 'edit_lpips': 0.4642, 'edit_clip_orig': 0.2819, 'edit_clip_def': 0.3015, 'edit_clip_drop': -0.0197, 'edit_siglip_orig': 0.1079, 'edit_siglip_def': 0.1252, 'edit_siglip_drop': -0.0172, 'amp_dev': 0.01326, 'active_fraction': 0.279}
=== man_00 / phase_rand__d0.075 ===
{'image': 'man_00', 'condition': 'phase_rand', 'budget_target': 0.075, 'budget_reached': 0.076, 'unreachable': False, 'radius': 2.27208, 'total_seconds': 11.4, 'fid_lpips': 0.1062, 'fid_ssim': 0.9626, 'fid_dists': 0.076, 'fid_psnr': 34.4127, 'fid_clip_img': 0.99, 'fid_nima': 4.2975, 'fid_cnniqa': 0.5652, 'edit_lpips': 0.1745, 'edit_clip_orig': 0.2819, 'edit_clip_def': 0.2991, 'edit_clip_drop': -0.0173, 'edit_siglip_orig': 0.1079, 'edit_siglip_def': 0.1114, 'edit_siglip_drop': -0.0035, 'amp_dev': 0.01384, 'active_fraction': 0.279}

########## woman_03 (woman) ##########
=== woman_03 / add__d0.04 ===
{'image': 'woman_03', 'condition': 'add', 'budget_target': 0.04, 'budget_reached': 0.03824, 'unreachable': False, 'radius': 0.01547, 'total_seconds': 116.6, 'fid_lpips': 0.3674, 'fid_ssim': 0.9793, 'fid_dists': 0.0382, 'fid_psnr': 39.843, 'fid_clip_img': 0.9825, 'fid_nima': 4.6847, 'fid_cnniqa': 0.6977, 'edit_lpips': 0.413, 'edit_clip_orig': 0.2464, 'edit_clip_def': 0.242, 'edit_clip_drop': 0.0044, 'edit_siglip_orig': 0.0748, 'edit_siglip_def': 0.0871, 'edit_siglip_drop': -0.0122}
=== woman_03 / phase__d0.04 ===
{'image': 'woman_03', 'condition': 'phase', 'budget_target': 0.04, 'budget_reached': 0.03935, 'unreachable': False, 'radius': 1.20935, 'total_seconds': 72.1, 'fid_lpips': 0.1183, 'fid_ssim': 0.9767, 'fid_dists': 0.0394, 'fid_psnr': 36.3478, 'fid_clip_img': 0.9919, 'fid_nima': 4.7711, 'fid_cnniqa': 0.6839, 'edit_lpips': 0.4229, 'edit_clip_orig': 0.2464, 'edit_clip_def': 0.232, 'edit_clip_drop': 0.0143, 'edit_siglip_orig': 0.0748, 'edit_siglip_def': 0.0872, 'edit_siglip_drop': -0.0123, 'amp_dev': 0.0109, 'active_fraction': 0.5233}
=== woman_03 / phase_rand__d0.04 ===
{'image': 'woman_03', 'condition': 'phase_rand', 'budget_target': 0.04, 'budget_reached': 0.0408, 'unreachable': False, 'radius': 0.91951, 'total_seconds': 11.4, 'fid_lpips': 0.0367, 'fid_ssim': 0.9877, 'fid_dists': 0.0408, 'fid_psnr': 39.1947, 'fid_clip_img': 0.9973, 'fid_nima': 4.6638, 'fid_cnniqa': 0.6835, 'edit_lpips': 0.0625, 'edit_clip_orig': 0.2464, 'edit_clip_def': 0.2298, 'edit_clip_drop': 0.0166, 'edit_siglip_orig': 0.0748, 'edit_siglip_def': 0.0817, 'edit_siglip_drop': -0.0068, 'amp_dev': 0.00819, 'active_fraction': 0.5233}
=== woman_03 / add__d0.075 ===
{'image': 'woman_03', 'condition': 'add', 'budget_target': 0.075, 'budget_reached': 0.07508, 'unreachable': False, 'radius': 0.03091, 'total_seconds': 116.6, 'fid_lpips': 0.4465, 'fid_ssim': 0.9422, 'fid_dists': 0.0751, 'fid_psnr': 34.9564, 'fid_clip_img': 0.8991, 'fid_nima': 4.4352, 'fid_cnniqa': 0.6966, 'edit_lpips': 0.4712, 'edit_clip_orig': 0.2464, 'edit_clip_def': 0.2574, 'edit_clip_drop': -0.011, 'edit_siglip_orig': 0.0748, 'edit_siglip_def': 0.0624, 'edit_siglip_drop': 0.0124}
=== woman_03 / phase__d0.075 ===
{'image': 'woman_03', 'condition': 'phase', 'budget_target': 0.075, 'budget_reached': 0.07327, 'unreachable': False, 'radius': 2.17547, 'total_seconds': 87.1, 'fid_lpips': 0.1626, 'fid_ssim': 0.9524, 'fid_dists': 0.0733, 'fid_psnr': 33.1583, 'fid_clip_img': 0.9741, 'fid_nima': 4.5933, 'fid_cnniqa': 0.6691, 'edit_lpips': 0.4394, 'edit_clip_orig': 0.2464, 'edit_clip_def': 0.2277, 'edit_clip_drop': 0.0187, 'edit_siglip_orig': 0.0748, 'edit_siglip_def': 0.0819, 'edit_siglip_drop': -0.0071, 'amp_dev': 0.01733, 'active_fraction': 0.5233}
=== woman_03 / phase_rand__d0.075 ===
{'image': 'woman_03', 'condition': 'phase_rand', 'budget_target': 0.075, 'budget_reached': 0.07511, 'unreachable': False, 'radius': 1.45088, 'total_seconds': 11.5, 'fid_lpips': 0.0776, 'fid_ssim': 0.9681, 'fid_dists': 0.0751, 'fid_psnr': 34.8175, 'fid_clip_img': 0.9858, 'fid_nima': 4.4286, 'fid_cnniqa': 0.675, 'edit_lpips': 0.0783, 'edit_clip_orig': 0.2464, 'edit_clip_def': 0.231, 'edit_clip_drop': 0.0154, 'edit_siglip_orig': 0.0748, 'edit_siglip_def': 0.0832, 'edit_siglip_drop': -0.0084, 'amp_dev': 0.01463, 'active_fraction': 0.5233}

表：runs/phaseA_full/results.csv
