Warning: You are sending unauthenticated requests to the HF Hub. Please set a HF_TOKEN to enable higher rate limits and faster downloads.
Loading pipeline components...:   0%|          | 0/6 [00:00<?, ?it/s]Loading pipeline components...:  17%|█▋        | 1/6 [00:00<00:00,  6.81it/s]
Loading weights:   0%|          | 0/196 [00:00<?, ?it/s][ALoading weights: 100%|██████████| 196/196 [00:00<00:00, 4842.68it/s]
Loading pipeline components...:  33%|███▎      | 2/6 [00:00<00:00,  6.21it/s]Loading pipeline components...: 100%|██████████| 6/6 [00:00<00:00, 17.50it/s]Loading pipeline components...: 100%|██████████| 6/6 [00:00<00:00, 14.19it/s]
There are modules in AutoencoderKL that should be kept in float32: []. Casting directly with `to()` can lead to inconsistent results; set `torch_dtype` in `from_pretrained()` instead to keep these modules in float32.
/nfs/home/nelson0314/venvs/wacv/lib/python3.11/site-packages/torchvision/models/_utils.py:207: UserWarning: The parameter 'pretrained' is deprecated since 0.13 and may be removed in the future, please use 'weights' instead.
  warnings.warn(
/nfs/home/nelson0314/venvs/wacv/lib/python3.11/site-packages/torchvision/models/_utils.py:222: UserWarning: Arguments other than a weight enum or `None` for 'weights' are deprecated since 0.13 and may be removed in the future. The current behavior is equivalent to passing `weights=VGG16_Weights.IMAGENET1K_V1`. You can also use `weights=VGG16_Weights.DEFAULT` to get the most up-to-date weights.
  warnings.warn(msg)
IP2P 線：10 張、條件 ['phase_gain']、steps=100 s_T=7.5 s_I=1.5 seed=20260812
/nfs/home/nelson0314/venvs/wacv/lib/python3.11/site-packages/diffusers/image_processor.py:724: FutureWarning: Passing `image` as torch tensor with value range in [-1,1] is deprecated. The expected value range for image tensor is [0,1] when passing as pytorch tensor or numpy Array. You passed `image` with value range [-1.0,1.0]
  warnings.warn(
    [phase] step    0 loss 0.005521 |p| 0.00877
    [phase] step   25 loss 0.003025 |p| 0.04330
    [phase] step   50 loss 0.002978 |p| 0.06931
    [phase] step   75 loss 0.004982 |p| 0.09264
    [phase] step  100 loss 0.003593 |p| 0.11371
    [phase] step  125 loss 0.001043 |p| 0.13499
    [phase] step  150 loss 0.001352 |p| 0.15683
    [phase] step  175 loss 0.004135 |p| 0.17403
    [phase] step  200 loss 0.002972 |p| 0.19223
    [phase] step  225 loss 0.005196 |p| 0.20918
    [phase] step  250 loss 0.003621 |p| 0.22799
    [phase] step  275 loss 0.001032 |p| 0.24533
    [phase] step  300 loss 0.001171 |p| 0.26466
    [phase] step  325 loss 0.004005 |p| 0.28122
    [phase] step  350 loss 0.001074 |p| 0.29684
    [phase] step  375 loss 0.000810 |p| 0.31164
    [phase] step  400 loss 0.003149 |p| 0.32881
    [phase] step  425 loss 0.000705 |p| 0.34356
    [phase] step  450 loss 0.004521 |p| 0.35703
    [phase] step  475 loss 0.002739 |p| 0.37012
    [phase] step  500 loss 0.002596 |p| 0.38223
    [phase] step  525 loss 0.000919 |p| 0.39762
    [phase] step  550 loss 0.005682 |p| 0.40941
    [phase] step  575 loss 0.001263 |p| 0.42431
    [phase] step  600 loss 0.003223 |p| 0.43853
    [phase] step  625 loss 0.003039 |p| 0.44876
    [phase] step  650 loss 0.006053 |p| 0.46063
    [phase] step  675 loss 0.004701 |p| 0.47098
    [phase] step  700 loss 0.001332 |p| 0.48276
    [phase] step  725 loss 0.005426 |p| 0.49755
    [phase] step  750 loss 0.000582 |p| 0.50865
    [phase] step  775 loss 0.000786 |p| 0.51635
    [phase] step  800 loss 0.003766 |p| 0.52577
    [phase] step  825 loss 0.005744 |p| 0.53660
    [phase] step  850 loss 0.000724 |p| 0.54705
    [phase] step  875 loss 0.001823 |p| 0.55516
    [phase] step  900 loss 0.000944 |p| 0.56451
    [phase] step  925 loss 0.001232 |p| 0.57422
    [phase] step  950 loss 0.002021 |p| 0.58302
    [phase] step  975 loss 0.001620 |p| 0.59256
    [phase] step  999 loss 0.000474 |p| 0.60351
Loading weights:   0%|          | 0/398 [00:00<?, ?it/s]Loading weights: 100%|██████████| 398/398 [00:00<00:00, 14226.10it/s]
[transformers] Model config: bos_token_id must be `None` or an integer within the vocabulary (between 0 and 31999), got 49406. This may result in unexpected behavior.
[transformers] Model config: eos_token_id must be `None` or an integer within the vocabulary (between 0 and 31999), got 49407. This may result in unexpected behavior.
Loading weights:   0%|          | 0/408 [00:00<?, ?it/s]Loading weights: 100%|██████████| 408/408 [00:00<00:00, 4384.29it/s]
task_attr_mod_color_11699        phase_gain     r=2.5000 dists=0.0511 lpips=0.1762 effect=0.2415 (1100s)
    [phase] step    0 loss 0.005487 |p| 0.00877
    [phase] step   25 loss 0.002915 |p| 0.04402
    [phase] step   50 loss 0.002517 |p| 0.07103
    [phase] step   75 loss 0.004744 |p| 0.09603
    [phase] step  100 loss 0.003000 |p| 0.11998
    [phase] step  125 loss 0.001270 |p| 0.14303
    [phase] step  150 loss 0.001706 |p| 0.16450
    [phase] step  175 loss 0.003994 |p| 0.18441
    [phase] step  200 loss 0.002627 |p| 0.20343
    [phase] step  225 loss 0.004985 |p| 0.22272
    [phase] step  250 loss 0.003588 |p| 0.24215
    [phase] step  275 loss 0.001012 |p| 0.26110
    [phase] step  300 loss 0.001642 |p| 0.28038
    [phase] step  325 loss 0.004085 |p| 0.29818
    [phase] step  350 loss 0.001007 |p| 0.31394
    [phase] step  375 loss 0.000879 |p| 0.32854
    [phase] step  400 loss 0.003324 |p| 0.34498
    [phase] step  425 loss 0.000534 |p| 0.35944
    [phase] step  450 loss 0.004212 |p| 0.37368
    [phase] step  475 loss 0.002195 |p| 0.38664
    [phase] step  500 loss 0.002420 |p| 0.39938
    [phase] step  525 loss 0.000743 |p| 0.41268
    [phase] step  550 loss 0.005266 |p| 0.42420
    [phase] step  575 loss 0.001282 |p| 0.43807
    [phase] step  600 loss 0.003295 |p| 0.45046
    [phase] step  625 loss 0.002707 |p| 0.46114
    [phase] step  650 loss 0.005490 |p| 0.47251
    [phase] step  675 loss 0.004298 |p| 0.48362
    [phase] step  700 loss 0.001314 |p| 0.49388
    [phase] step  725 loss 0.005039 |p| 0.50570
    [phase] step  750 loss 0.000691 |p| 0.51595
    [phase] step  775 loss 0.000708 |p| 0.52551
    [phase] step  800 loss 0.003447 |p| 0.53450
    [phase] step  825 loss 0.004837 |p| 0.54487
    [phase] step  850 loss 0.000673 |p| 0.55441
    [phase] step  875 loss 0.001707 |p| 0.56261
    [phase] step  900 loss 0.000809 |p| 0.57216
    [phase] step  925 loss 0.001229 |p| 0.58004
    [phase] step  950 loss 0.001462 |p| 0.58869
    [phase] step  975 loss 0.001493 |p| 0.59689
    [phase] step  999 loss 0.000371 |p| 0.60572
task_attr_mod_color_136767       phase_gain     r=2.5000 dists=0.0837 lpips=0.1927 effect=0.2874 (1087s)
    [phase] step    0 loss 0.005402 |p| 0.00877
    [phase] step   25 loss 0.003524 |p| 0.04183
    [phase] step   50 loss 0.002753 |p| 0.06688
    [phase] step   75 loss 0.005398 |p| 0.08854
    [phase] step  100 loss 0.004008 |p| 0.10795
    [phase] step  125 loss 0.000732 |p| 0.12717
    [phase] step  150 loss 0.001111 |p| 0.14663
    [phase] step  175 loss 0.004384 |p| 0.16373
    [phase] step  200 loss 0.003256 |p| 0.18135
    [phase] step  225 loss 0.005054 |p| 0.19711
    [phase] step  250 loss 0.003946 |p| 0.21384
    [phase] step  275 loss 0.001006 |p| 0.23034
    [phase] step  300 loss 0.000946 |p| 0.24811
    [phase] step  325 loss 0.004803 |p| 0.26342
    [phase] step  350 loss 0.001122 |p| 0.27679
    [phase] step  375 loss 0.000922 |p| 0.29070
    [phase] step  400 loss 0.003890 |p| 0.30575
    [phase] step  425 loss 0.000489 |p| 0.31973
    [phase] step  450 loss 0.004318 |p| 0.33219
    [phase] step  475 loss 0.002275 |p| 0.34443
    [phase] step  500 loss 0.002608 |p| 0.35566
    [phase] step  525 loss 0.000483 |p| 0.36922
    [phase] step  550 loss 0.005788 |p| 0.37972
    [phase] step  575 loss 0.001313 |p| 0.39247
    [phase] step  600 loss 0.003491 |p| 0.40430
    [phase] step  625 loss 0.002855 |p| 0.41375
    [phase] step  650 loss 0.005719 |p| 0.42406
    [phase] step  675 loss 0.004858 |p| 0.43392
    [phase] step  700 loss 0.001448 |p| 0.44404
    [phase] step  725 loss 0.005339 |p| 0.45538
    [phase] step  750 loss 0.000436 |p| 0.46477
    [phase] step  775 loss 0.000782 |p| 0.47214
    [phase] step  800 loss 0.003591 |p| 0.48072
    [phase] step  825 loss 0.005539 |p| 0.48928
    [phase] step  850 loss 0.000662 |p| 0.49774
    [phase] step  875 loss 0.001690 |p| 0.50533
    [phase] step  900 loss 0.000375 |p| 0.51434
    [phase] step  925 loss 0.001234 |p| 0.52299
    [phase] step  950 loss 0.002296 |p| 0.53060
    [phase] step  975 loss 0.001387 |p| 0.53828
    [phase] step  999 loss 0.000302 |p| 0.54659
task_attr_mod_color_184837       phase_gain     r=2.5000 dists=0.1098 lpips=0.2190 effect=0.5073 (1084s)
    [phase] step    0 loss 0.003994 |p| 0.00877
    [phase] step   25 loss 0.002436 |p| 0.04099
    [phase] step   50 loss 0.002452 |p| 0.06425
    [phase] step   75 loss 0.003894 |p| 0.08536
    [phase] step  100 loss 0.002543 |p| 0.10863
    [phase] step  125 loss 0.001393 |p| 0.12834
    [phase] step  150 loss 0.001160 |p| 0.14441
    [phase] step  175 loss 0.003420 |p| 0.16238
    [phase] step  200 loss 0.002567 |p| 0.17914
    [phase] step  225 loss 0.003650 |p| 0.19781
    [phase] step  250 loss 0.003134 |p| 0.21451
    [phase] step  275 loss 0.000966 |p| 0.23097
    [phase] step  300 loss 0.001083 |p| 0.24590
    [phase] step  325 loss 0.003594 |p| 0.26194
    [phase] step  350 loss 0.001267 |p| 0.27696
    [phase] step  375 loss 0.001084 |p| 0.29264
    [phase] step  400 loss 0.002554 |p| 0.30398
    [phase] step  425 loss 0.000864 |p| 0.31805
    [phase] step  450 loss 0.002940 |p| 0.33173
    [phase] step  475 loss 0.001828 |p| 0.34294
    [phase] step  500 loss 0.002241 |p| 0.35646
    [phase] step  525 loss 0.000925 |p| 0.36878
    [phase] step  550 loss 0.004092 |p| 0.38062
    [phase] step  575 loss 0.001311 |p| 0.39233
    [phase] step  600 loss 0.002711 |p| 0.40533
    [phase] step  625 loss 0.002320 |p| 0.41692
    [phase] step  650 loss 0.004330 |p| 0.42817
    [phase] step  675 loss 0.003776 |p| 0.44023
    [phase] step  700 loss 0.001306 |p| 0.44950
    [phase] step  725 loss 0.003684 |p| 0.45909
    [phase] step  750 loss 0.000749 |p| 0.46948
    [phase] step  775 loss 0.000887 |p| 0.48003
    [phase] step  800 loss 0.002989 |p| 0.48795
    [phase] step  825 loss 0.004075 |p| 0.49741
    [phase] step  850 loss 0.000845 |p| 0.50624
    [phase] step  875 loss 0.001647 |p| 0.51477
    [phase] step  900 loss 0.001105 |p| 0.52405
    [phase] step  925 loss 0.001198 |p| 0.53265
    [phase] step  950 loss 0.001383 |p| 0.54069
    [phase] step  975 loss 0.001394 |p| 0.54795
    [phase] step  999 loss 0.000690 |p| 0.55459
task_attr_mod_color_32648        phase_gain     r=2.5000 dists=0.0408 lpips=0.1761 effect=0.2800 (1087s)
    [phase] step    0 loss 0.005262 |p| 0.00877
    [phase] step   25 loss 0.002696 |p| 0.04254
    [phase] step   50 loss 0.003082 |p| 0.06762
    [phase] step   75 loss 0.004732 |p| 0.08923
    [phase] step  100 loss 0.003386 |p| 0.10852
    [phase] step  125 loss 0.000856 |p| 0.12908
    [phase] step  150 loss 0.001247 |p| 0.14997
    [phase] step  175 loss 0.003946 |p| 0.16699
    [phase] step  200 loss 0.003089 |p| 0.18597
    [phase] step  225 loss 0.004993 |p| 0.20266
    [phase] step  250 loss 0.003670 |p| 0.22091
    [phase] step  275 loss 0.000815 |p| 0.23935
    [phase] step  300 loss 0.001274 |p| 0.25877
    [phase] step  325 loss 0.004198 |p| 0.27484
    [phase] step  350 loss 0.000961 |p| 0.29013
    [phase] step  375 loss 0.000740 |p| 0.30469
    [phase] step  400 loss 0.003323 |p| 0.32207
    [phase] step  425 loss 0.000789 |p| 0.33618
    [phase] step  450 loss 0.004423 |p| 0.34954
    [phase] step  475 loss 0.002303 |p| 0.36180
    [phase] step  500 loss 0.002670 |p| 0.37397
    [phase] step  525 loss 0.000769 |p| 0.38705
    [phase] step  550 loss 0.005248 |p| 0.39900
    [phase] step  575 loss 0.001176 |p| 0.41264
    [phase] step  600 loss 0.003584 |p| 0.42481
    [phase] step  625 loss 0.002985 |p| 0.43500
    [phase] step  650 loss 0.005910 |p| 0.44589
    [phase] step  675 loss 0.004820 |p| 0.45574
    [phase] step  700 loss 0.001275 |p| 0.46787
    [phase] step  725 loss 0.005205 |p| 0.48141
    [phase] step  750 loss 0.001084 |p| 0.49198
    [phase] step  775 loss 0.000906 |p| 0.49943
    [phase] step  800 loss 0.003873 |p| 0.50978
    [phase] step  825 loss 0.005316 |p| 0.51956
    [phase] step  850 loss 0.000726 |p| 0.52910
    [phase] step  875 loss 0.001845 |p| 0.53863
    [phase] step  900 loss 0.000766 |p| 0.54834
    [phase] step  925 loss 0.001555 |p| 0.55771
    [phase] step  950 loss 0.001808 |p| 0.56705
    [phase] step  975 loss 0.001604 |p| 0.57655
    [phase] step  999 loss 0.000414 |p| 0.58747
task_attr_mod_color_6205         phase_gain     r=2.5000 dists=0.0635 lpips=0.1357 effect=0.1821 (1086s)
    [phase] step    0 loss 0.006505 |p| 0.00877
    [phase] step   25 loss 0.004415 |p| 0.04376
    [phase] step   50 loss 0.004674 |p| 0.07116
    [phase] step   75 loss 0.006201 |p| 0.09804
    [phase] step  100 loss 0.005443 |p| 0.12365
    [phase] step  125 loss 0.001235 |p| 0.14933
    [phase] step  150 loss 0.001844 |p| 0.17309
    [phase] step  175 loss 0.005446 |p| 0.19760
    [phase] step  200 loss 0.004256 |p| 0.22111
    [phase] step  225 loss 0.005997 |p| 0.24400
    [phase] step  250 loss 0.004697 |p| 0.26586
    [phase] step  275 loss 0.001157 |p| 0.28862
    [phase] step  300 loss 0.001433 |p| 0.30913
    [phase] step  325 loss 0.004885 |p| 0.32838
    [phase] step  350 loss 0.001773 |p| 0.34798
    [phase] step  375 loss 0.000695 |p| 0.36676
    [phase] step  400 loss 0.003905 |p| 0.38526
    [phase] step  425 loss 0.001059 |p| 0.40186
    [phase] step  450 loss 0.005043 |p| 0.41813
    [phase] step  475 loss 0.003754 |p| 0.43363
    [phase] step  500 loss 0.003488 |p| 0.44915
    [phase] step  525 loss 0.000683 |p| 0.46578
    [phase] step  550 loss 0.006397 |p| 0.47945
    [phase] step  575 loss 0.001750 |p| 0.49401
    [phase] step  600 loss 0.003958 |p| 0.50790
    [phase] step  625 loss 0.003492 |p| 0.52000
    [phase] step  650 loss 0.006764 |p| 0.53183
    [phase] step  675 loss 0.005349 |p| 0.54450
    [phase] step  700 loss 0.002541 |p| 0.55608
    [phase] step  725 loss 0.006196 |p| 0.56885
    [phase] step  750 loss 0.000613 |p| 0.58011
    [phase] step  775 loss 0.001477 |p| 0.59176
    [phase] step  800 loss 0.004301 |p| 0.60216
    [phase] step  825 loss 0.006096 |p| 0.61327
    [phase] step  850 loss 0.000828 |p| 0.62422
    [phase] step  875 loss 0.002247 |p| 0.63408
    [phase] step  900 loss 0.000777 |p| 0.64381
    [phase] step  925 loss 0.001935 |p| 0.65327
    [phase] step  950 loss 0.002469 |p| 0.66299
    [phase] step  975 loss 0.001973 |p| 0.67239
    [phase] step  999 loss 0.000571 |p| 0.68196
task_env_weather_112463          phase_gain     r=2.5000 dists=0.0511 lpips=0.2793 effect=0.4221 (1085s)
    [phase] step    0 loss 0.004800 |p| 0.00877
    [phase] step   25 loss 0.003384 |p| 0.04052
    [phase] step   50 loss 0.003578 |p| 0.06353
    [phase] step   75 loss 0.004867 |p| 0.08414
    [phase] step  100 loss 0.003659 |p| 0.10223
    [phase] step  125 loss 0.001169 |p| 0.11970
    [phase] step  150 loss 0.001211 |p| 0.13864
    [phase] step  175 loss 0.004559 |p| 0.15515
    [phase] step  200 loss 0.003095 |p| 0.17175
    [phase] step  225 loss 0.004250 |p| 0.18810
    [phase] step  250 loss 0.003461 |p| 0.20433
    [phase] step  275 loss 0.001149 |p| 0.22045
    [phase] step  300 loss 0.001058 |p| 0.23693
    [phase] step  325 loss 0.004091 |p| 0.25265
    [phase] step  350 loss 0.001472 |p| 0.26746
    [phase] step  375 loss 0.000835 |p| 0.28235
    [phase] step  400 loss 0.003268 |p| 0.29707
    [phase] step  425 loss 0.000971 |p| 0.31016
    [phase] step  450 loss 0.003548 |p| 0.32254
    [phase] step  475 loss 0.002688 |p| 0.33603
    [phase] step  500 loss 0.002554 |p| 0.34877
    [phase] step  525 loss 0.001135 |p| 0.36244
    [phase] step  550 loss 0.005130 |p| 0.37389
    [phase] step  575 loss 0.001753 |p| 0.38682
    [phase] step  600 loss 0.003088 |p| 0.39912
    [phase] step  625 loss 0.002567 |p| 0.40958
    [phase] step  650 loss 0.005480 |p| 0.42109
    [phase] step  675 loss 0.004552 |p| 0.43116
    [phase] step  700 loss 0.001715 |p| 0.44265
    [phase] step  725 loss 0.004774 |p| 0.45530
    [phase] step  750 loss 0.000724 |p| 0.46574
    [phase] step  775 loss 0.001141 |p| 0.47370
    [phase] step  800 loss 0.003187 |p| 0.48402
    [phase] step  825 loss 0.004747 |p| 0.49467
    [phase] step  850 loss 0.000815 |p| 0.50348
    [phase] step  875 loss 0.001706 |p| 0.51270
    [phase] step  900 loss 0.000602 |p| 0.52202
    [phase] step  925 loss 0.001422 |p| 0.53123
    [phase] step  950 loss 0.001707 |p| 0.53973
    [phase] step  975 loss 0.001827 |p| 0.54927
    [phase] step  999 loss 0.000565 |p| 0.55802
task_obj_remove_380621           phase_gain     r=2.5000 dists=0.0950 lpips=0.2726 effect=0.5568 (1084s)
    [phase] step    0 loss 0.004894 |p| 0.00822
    [phase] step   25 loss 0.002459 |p| 0.03895
    [phase] step   50 loss 0.002422 |p| 0.06162
    [phase] step   75 loss 0.004550 |p| 0.08025
    [phase] step  100 loss 0.002448 |p| 0.09752
    [phase] step  125 loss 0.000898 |p| 0.11270
    [phase] step  150 loss 0.000523 |p| 0.12798
    [phase] step  175 loss 0.003472 |p| 0.14183
    [phase] step  200 loss 0.002318 |p| 0.15499
    [phase] step  225 loss 0.004080 |p| 0.16747
    [phase] step  250 loss 0.003191 |p| 0.17719
    [phase] step  275 loss 0.000539 |p| 0.18733
    [phase] step  300 loss 0.000471 |p| 0.19660
    [phase] step  325 loss 0.003221 |p| 0.20616
    [phase] step  350 loss 0.000693 |p| 0.21512
    [phase] step  375 loss 0.000468 |p| 0.22334
    [phase] step  400 loss 0.002400 |p| 0.23195
    [phase] step  425 loss 0.000503 |p| 0.23977
    [phase] step  450 loss 0.003247 |p| 0.24786
    [phase] step  475 loss 0.001505 |p| 0.25458
    [phase] step  500 loss 0.001887 |p| 0.26253
    [phase] step  525 loss 0.000511 |p| 0.26929
    [phase] step  550 loss 0.004244 |p| 0.27585
    [phase] step  575 loss 0.000899 |p| 0.28210
    [phase] step  600 loss 0.002362 |p| 0.28877
    [phase] step  625 loss 0.001883 |p| 0.29516
    [phase] step  650 loss 0.004323 |p| 0.30116
    [phase] step  675 loss 0.003378 |p| 0.30692
    [phase] step  700 loss 0.000853 |p| 0.31255
    [phase] step  725 loss 0.004194 |p| 0.31824
    [phase] step  750 loss 0.000432 |p| 0.32375
    [phase] step  775 loss 0.000565 |p| 0.32949
    [phase] step  800 loss 0.002576 |p| 0.33458
    [phase] step  825 loss 0.004053 |p| 0.33998
    [phase] step  850 loss 0.000436 |p| 0.34530
    [phase] step  875 loss 0.001151 |p| 0.35018
    [phase] step  900 loss 0.000431 |p| 0.35504
    [phase] step  925 loss 0.000875 |p| 0.35979
    [phase] step  950 loss 0.001302 |p| 0.36456
    [phase] step  975 loss 0.000853 |p| 0.36898
    [phase] step  999 loss 0.000362 |p| 0.37306
task_obj_swap_joint_mask_276754  phase_gain     r=2.5000 dists=0.1214 lpips=0.3401 effect=0.4041 (1087s)
    [phase] step    0 loss 0.006028 |p| 0.00877
    [phase] step   25 loss 0.004361 |p| 0.04325
    [phase] step   50 loss 0.003166 |p| 0.06950
    [phase] step   75 loss 0.005549 |p| 0.09354
    [phase] step  100 loss 0.003682 |p| 0.11617
    [phase] step  125 loss 0.000798 |p| 0.13929
    [phase] step  150 loss 0.000854 |p| 0.16156
    [phase] step  175 loss 0.004965 |p| 0.18173
    [phase] step  200 loss 0.003327 |p| 0.20125
    [phase] step  225 loss 0.005321 |p| 0.21986
    [phase] step  250 loss 0.003983 |p| 0.23846
    [phase] step  275 loss 0.000705 |p| 0.25673
    [phase] step  300 loss 0.000853 |p| 0.27479
    [phase] step  325 loss 0.004877 |p| 0.29137
    [phase] step  350 loss 0.000958 |p| 0.30557
    [phase] step  375 loss 0.000392 |p| 0.31968
    [phase] step  400 loss 0.003692 |p| 0.33478
    [phase] step  425 loss 0.000611 |p| 0.34717
    [phase] step  450 loss 0.004622 |p| 0.35971
    [phase] step  475 loss 0.002317 |p| 0.36999
    [phase] step  500 loss 0.002516 |p| 0.38071
    [phase] step  525 loss 0.000746 |p| 0.39223
    [phase] step  550 loss 0.005664 |p| 0.40286
    [phase] step  575 loss 0.001206 |p| 0.41458
    [phase] step  600 loss 0.003518 |p| 0.42464
    [phase] step  625 loss 0.003186 |p| 0.43321
    [phase] step  650 loss 0.006275 |p| 0.44219
    [phase] step  675 loss 0.004883 |p| 0.45148
    [phase] step  700 loss 0.001071 |p| 0.46050
    [phase] step  725 loss 0.005657 |p| 0.47110
    [phase] step  750 loss 0.000252 |p| 0.47936
    [phase] step  775 loss 0.000801 |p| 0.48683
    [phase] step  800 loss 0.003794 |p| 0.49402
    [phase] step  825 loss 0.005431 |p| 0.50199
    [phase] step  850 loss 0.000396 |p| 0.50986
    [phase] step  875 loss 0.001666 |p| 0.51591
    [phase] step  900 loss 0.000455 |p| 0.52310
    [phase] step  925 loss 0.001296 |p| 0.52985
    [phase] step  950 loss 0.001748 |p| 0.53666
    [phase] step  975 loss 0.001244 |p| 0.54351
    [phase] step  999 loss 0.000289 |p| 0.54991
task_obj_swap_joint_mask_533428  phase_gain     r=2.5000 dists=0.0917 lpips=0.3096 effect=0.4757 (1088s)
    [phase] step    0 loss 0.005319 |p| 0.00877
    [phase] step   25 loss 0.003503 |p| 0.04225
    [phase] step   50 loss 0.002620 |p| 0.06788
    [phase] step   75 loss 0.005179 |p| 0.09145
    [phase] step  100 loss 0.003135 |p| 0.11279
    [phase] step  125 loss 0.001132 |p| 0.13449
    [phase] step  150 loss 0.000949 |p| 0.15571
    [phase] step  175 loss 0.004341 |p| 0.17600
    [phase] step  200 loss 0.003255 |p| 0.19539
    [phase] step  225 loss 0.004906 |p| 0.21308
    [phase] step  250 loss 0.003788 |p| 0.23314
    [phase] step  275 loss 0.000670 |p| 0.25229
    [phase] step  300 loss 0.001004 |p| 0.27045
    [phase] step  325 loss 0.004654 |p| 0.28823
    [phase] step  350 loss 0.000940 |p| 0.30386
    [phase] step  375 loss 0.000601 |p| 0.32040
    [phase] step  400 loss 0.003320 |p| 0.33710
    [phase] step  425 loss 0.000541 |p| 0.35184
    [phase] step  450 loss 0.004247 |p| 0.36653
    [phase] step  475 loss 0.001946 |p| 0.37873
    [phase] step  500 loss 0.002647 |p| 0.39048
    [phase] step  525 loss 0.000605 |p| 0.40623
    [phase] step  550 loss 0.005389 |p| 0.41714
    [phase] step  575 loss 0.001003 |p| 0.43086
    [phase] step  600 loss 0.003495 |p| 0.44342
    [phase] step  625 loss 0.002907 |p| 0.45265
    [phase] step  650 loss 0.005737 |p| 0.46374
    [phase] step  675 loss 0.004771 |p| 0.47349
    [phase] step  700 loss 0.001195 |p| 0.48414
    [phase] step  725 loss 0.005097 |p| 0.49527
    [phase] step  750 loss 0.000477 |p| 0.50480
    [phase] step  775 loss 0.000766 |p| 0.51319
    [phase] step  800 loss 0.003849 |p| 0.52094
    [phase] step  825 loss 0.005232 |p| 0.53063
    [phase] step  850 loss 0.000566 |p| 0.53959
    [phase] step  875 loss 0.001619 |p| 0.54735
    [phase] step  900 loss 0.000750 |p| 0.55557
    [phase] step  925 loss 0.001315 |p| 0.56363
    [phase] step  950 loss 0.001738 |p| 0.57108
    [phase] step  975 loss 0.001281 |p| 0.57863
    [phase] step  999 loss 0.000361 |p| 0.58684
task_obj_swap_rand_mask_417469   phase_gain     r=2.5000 dists=0.0979 lpips=0.2807 effect=0.7353 (1091s)

表：runs/ip2p_image_guidance/ig_n25/results.csv（10 列）
