Warning: You are sending unauthenticated requests to the HF Hub. Please set a HF_TOKEN to enable higher rate limits and faster downloads.
Loading pipeline components...:   0%|          | 0/6 [00:00<?, ?it/s]Loading pipeline components...:  17%|█▋        | 1/6 [00:00<00:00,  8.00it/s]Loading pipeline components...:  33%|███▎      | 2/6 [00:00<00:00,  8.42it/s]
Loading weights:   0%|          | 0/196 [00:00<?, ?it/s][ALoading weights: 100%|██████████| 196/196 [00:00<00:00, 3329.12it/s]
Loading pipeline components...:  83%|████████▎ | 5/6 [00:00<00:00, 11.50it/s]Loading pipeline components...: 100%|██████████| 6/6 [00:00<00:00, 12.65it/s]
There are modules in AutoencoderKL that should be kept in float32: []. Casting directly with `to()` can lead to inconsistent results; set `torch_dtype` in `from_pretrained()` instead to keep these modules in float32.
/nfs/home/nelson0314/venvs/wacv/lib/python3.11/site-packages/torchvision/models/_utils.py:207: UserWarning: The parameter 'pretrained' is deprecated since 0.13 and may be removed in the future, please use 'weights' instead.
  warnings.warn(
/nfs/home/nelson0314/venvs/wacv/lib/python3.11/site-packages/torchvision/models/_utils.py:222: UserWarning: Arguments other than a weight enum or `None` for 'weights' are deprecated since 0.13 and may be removed in the future. The current behavior is equivalent to passing `weights=VGG16_Weights.IMAGENET1K_V1`. You can also use `weights=VGG16_Weights.DEFAULT` to get the most up-to-date weights.
  warnings.warn(msg)
IP2P 線：10 張、條件 ['dct_shield_y']、steps=100 s_T=7.5 s_I=1.5 seed=20260812
/nfs/home/nelson0314/venvs/wacv/lib/python3.11/site-packages/diffusers/image_processor.py:724: FutureWarning: Passing `image` as torch tensor with value range in [-1,1] is deprecated. The expected value range for image tensor is [0,1] when passing as pytorch tensor or numpy Array. You passed `image` with value range [-1.0,1.0]
  warnings.warn(
    [dct_shield_y] step    0 loss 109.6247
    [dct_shield_y] step  250 loss 58.4338
    [dct_shield_y] step  500 loss 54.7627
    [dct_shield_y] step  750 loss 52.7308
    [dct_shield_y] step  999 loss 50.7757
Loading weights:   0%|          | 0/398 [00:00<?, ?it/s]Loading weights: 100%|██████████| 398/398 [00:00<00:00, 19151.41it/s]
[transformers] Model config: bos_token_id must be `None` or an integer within the vocabulary (between 0 and 31999), got 49406. This may result in unexpected behavior.
[transformers] Model config: eos_token_id must be `None` or an integer within the vocabulary (between 0 and 31999), got 49407. This may result in unexpected behavior.
Loading weights:   0%|          | 0/408 [00:00<?, ?it/s]Loading weights:  71%|███████   | 290/408 [00:00<00:00, 2888.52it/s]Loading weights: 100%|██████████| 408/408 [00:00<00:00, 2826.28it/s]
task_attr_mod_color_11699        dct_shield_y   r=1.0000 dists=0.1182 lpips=0.5721 effect=0.5924 (388s)
    [dct_shield_y] step    0 loss 134.2069
    [dct_shield_y] step  250 loss 63.9525
    [dct_shield_y] step  500 loss 60.9704
    [dct_shield_y] step  750 loss 58.8944
    [dct_shield_y] step  999 loss 57.0669
task_attr_mod_color_136767       dct_shield_y   r=1.0000 dists=0.1115 lpips=0.5291 effect=0.6313 (371s)
    [dct_shield_y] step    0 loss 106.3314
    [dct_shield_y] step  250 loss 57.7486
    [dct_shield_y] step  500 loss 55.3727
    [dct_shield_y] step  750 loss 53.4815
    [dct_shield_y] step  999 loss 51.6763
task_attr_mod_color_184837       dct_shield_y   r=1.0000 dists=0.0695 lpips=0.4853 effect=0.7738 (371s)
    [dct_shield_y] step    0 loss 171.0838
    [dct_shield_y] step  250 loss 75.6665
    [dct_shield_y] step  500 loss 70.9487
    [dct_shield_y] step  750 loss 66.8833
    [dct_shield_y] step  999 loss 62.8683
task_attr_mod_color_32648        dct_shield_y   r=1.0000 dists=0.2141 lpips=0.6150 effect=0.6480 (371s)
    [dct_shield_y] step    0 loss 113.1804
    [dct_shield_y] step  250 loss 53.3514
    [dct_shield_y] step  500 loss 49.9279
    [dct_shield_y] step  750 loss 47.5835
    [dct_shield_y] step  999 loss 45.4529
task_attr_mod_color_6205         dct_shield_y   r=1.0000 dists=0.1347 lpips=0.6013 effect=0.7399 (372s)
    [dct_shield_y] step    0 loss 121.9192
    [dct_shield_y] step  250 loss 51.3497
    [dct_shield_y] step  500 loss 47.8907
    [dct_shield_y] step  750 loss 45.4768
    [dct_shield_y] step  999 loss 43.4891
task_env_weather_112463          dct_shield_y   r=1.0000 dists=0.0904 lpips=0.6440 effect=0.8849 (373s)
    [dct_shield_y] step    0 loss 105.3376
    [dct_shield_y] step  250 loss 49.7655
    [dct_shield_y] step  500 loss 45.6751
    [dct_shield_y] step  750 loss 42.7677
    [dct_shield_y] step  999 loss 40.6284
task_obj_remove_380621           dct_shield_y   r=1.0000 dists=0.1231 lpips=0.6019 effect=0.7271 (372s)
    [dct_shield_y] step    0 loss 137.4575
    [dct_shield_y] step  250 loss 75.5128
    [dct_shield_y] step  500 loss 72.8314
    [dct_shield_y] step  750 loss 70.8628
    [dct_shield_y] step  999 loss 69.0327
task_obj_swap_joint_mask_276754  dct_shield_y   r=1.0000 dists=0.0915 lpips=0.4514 effect=0.6630 (371s)
    [dct_shield_y] step    0 loss 109.6902
    [dct_shield_y] step  250 loss 59.6820
    [dct_shield_y] step  500 loss 56.7277
    [dct_shield_y] step  750 loss 54.6742
    [dct_shield_y] step  999 loss 52.5339
task_obj_swap_joint_mask_533428  dct_shield_y   r=1.0000 dists=0.0701 lpips=0.4907 effect=0.6451 (374s)
    [dct_shield_y] step    0 loss 123.1555
    [dct_shield_y] step  250 loss 60.8973
    [dct_shield_y] step  500 loss 57.9540
    [dct_shield_y] step  750 loss 55.7735
    [dct_shield_y] step  999 loss 53.8603
task_obj_swap_rand_mask_417469   dct_shield_y   r=1.0000 dists=0.0948 lpips=0.5392 effect=0.7614 (371s)

表：runs/ip2p_mainline/dct_aj85/results.csv（10 列）
