Warning: You are sending unauthenticated requests to the HF Hub. Please set a HF_TOKEN to enable higher rate limits and faster downloads.
Loading pipeline components...:   0%|          | 0/6 [00:00<?, ?it/s]Loading pipeline components...:  33%|███▎      | 2/6 [00:00<00:00, 14.56it/s]
Loading weights:   0%|          | 0/196 [00:00<?, ?it/s][ALoading weights: 100%|██████████| 196/196 [00:00<00:00, 4127.59it/s]
Loading pipeline components...:  83%|████████▎ | 5/6 [00:00<00:00, 13.21it/s]Loading pipeline components...: 100%|██████████| 6/6 [00:00<00:00, 15.56it/s]
There are modules in AutoencoderKL that should be kept in float32: []. Casting directly with `to()` can lead to inconsistent results; set `torch_dtype` in `from_pretrained()` instead to keep these modules in float32.
/nfs/home/nelson0314/venvs/wacv/lib/python3.11/site-packages/torchvision/models/_utils.py:207: UserWarning: The parameter 'pretrained' is deprecated since 0.13 and may be removed in the future, please use 'weights' instead.
  warnings.warn(
/nfs/home/nelson0314/venvs/wacv/lib/python3.11/site-packages/torchvision/models/_utils.py:222: UserWarning: Arguments other than a weight enum or `None` for 'weights' are deprecated since 0.13 and may be removed in the future. The current behavior is equivalent to passing `weights=VGG16_Weights.IMAGENET1K_V1`. You can also use `weights=VGG16_Weights.DEFAULT` to get the most up-to-date weights.
  warnings.warn(msg)
IP2P 線：10 張、條件 ['dct_shield_y']、steps=100 s_T=7.5 s_I=1.5 seed=20260812
/nfs/home/nelson0314/venvs/wacv/lib/python3.11/site-packages/diffusers/image_processor.py:724: FutureWarning: Passing `image` as torch tensor with value range in [-1,1] is deprecated. The expected value range for image tensor is [0,1] when passing as pytorch tensor or numpy Array. You passed `image` with value range [-1.0,1.0]
  warnings.warn(
    [dct_shield_y] step    0 loss 112.4629
    [dct_shield_y] step  250 loss 70.5499
    [dct_shield_y] step  500 loss 66.6345
    [dct_shield_y] step  750 loss 59.3590
    [dct_shield_y] step  999 loss 53.4374
Loading weights:   0%|          | 0/398 [00:00<?, ?it/s]Loading weights: 100%|██████████| 398/398 [00:00<00:00, 20379.84it/s]
[transformers] Model config: bos_token_id must be `None` or an integer within the vocabulary (between 0 and 31999), got 49406. This may result in unexpected behavior.
[transformers] Model config: eos_token_id must be `None` or an integer within the vocabulary (between 0 and 31999), got 49407. This may result in unexpected behavior.
Loading weights:   0%|          | 0/408 [00:00<?, ?it/s]Loading weights:  88%|████████▊ | 361/408 [00:00<00:00, 3576.06it/s]Loading weights: 100%|██████████| 408/408 [00:00<00:00, 3618.49it/s]
task_attr_mod_color_11699        dct_shield_y   r=0.2200 dists=0.0996 lpips=0.5386 effect=0.5318 (393s)
    [dct_shield_y] step    0 loss 136.7286
    [dct_shield_y] step  250 loss 82.1867
    [dct_shield_y] step  500 loss 76.1104
    [dct_shield_y] step  750 loss 67.8456
    [dct_shield_y] step  999 loss 61.4522
task_attr_mod_color_136767       dct_shield_y   r=0.2200 dists=0.0912 lpips=0.5006 effect=0.6352 (377s)
    [dct_shield_y] step    0 loss 108.8522
    [dct_shield_y] step  250 loss 70.3720
    [dct_shield_y] step  500 loss 67.2861
    [dct_shield_y] step  750 loss 61.5084
    [dct_shield_y] step  999 loss 56.3035
task_attr_mod_color_184837       dct_shield_y   r=0.2200 dists=0.0593 lpips=0.4530 effect=0.6075 (377s)
    [dct_shield_y] step    0 loss 169.6059
    [dct_shield_y] step  250 loss 92.4454
    [dct_shield_y] step  500 loss 86.8203
    [dct_shield_y] step  750 loss 77.8068
    [dct_shield_y] step  999 loss 64.6004
task_attr_mod_color_32648        dct_shield_y   r=0.2200 dists=0.1808 lpips=0.5906 effect=0.6646 (379s)
    [dct_shield_y] step    0 loss 114.8267
    [dct_shield_y] step  250 loss 67.0878
    [dct_shield_y] step  500 loss 62.8407
    [dct_shield_y] step  750 loss 57.4666
    [dct_shield_y] step  999 loss 51.1443
task_attr_mod_color_6205         dct_shield_y   r=0.2200 dists=0.1137 lpips=0.5823 effect=0.7508 (377s)
    [dct_shield_y] step    0 loss 120.7744
    [dct_shield_y] step  250 loss 68.4151
    [dct_shield_y] step  500 loss 62.9940
    [dct_shield_y] step  750 loss 56.7050
    [dct_shield_y] step  999 loss 49.3066
task_env_weather_112463          dct_shield_y   r=0.2200 dists=0.0686 lpips=0.6181 effect=0.8581 (377s)
    [dct_shield_y] step    0 loss 107.2417
    [dct_shield_y] step  250 loss 64.5431
    [dct_shield_y] step  500 loss 60.9953
    [dct_shield_y] step  750 loss 54.5423
    [dct_shield_y] step  999 loss 46.8243
task_obj_remove_380621           dct_shield_y   r=0.2200 dists=0.1065 lpips=0.5791 effect=0.7191 (377s)
    [dct_shield_y] step    0 loss 137.6030
    [dct_shield_y] step  250 loss 87.3177
    [dct_shield_y] step  500 loss 80.1180
    [dct_shield_y] step  750 loss 71.9878
    [dct_shield_y] step  999 loss 64.3802
task_obj_swap_joint_mask_276754  dct_shield_y   r=0.2200 dists=0.0918 lpips=0.4847 effect=0.7013 (377s)
    [dct_shield_y] step    0 loss 112.0173
    [dct_shield_y] step  250 loss 73.9725
    [dct_shield_y] step  500 loss 69.2799
    [dct_shield_y] step  750 loss 63.5022
    [dct_shield_y] step  999 loss 57.4481
task_obj_swap_joint_mask_533428  dct_shield_y   r=0.2200 dists=0.0534 lpips=0.4653 effect=0.6516 (377s)
    [dct_shield_y] step    0 loss 124.5670
    [dct_shield_y] step  250 loss 77.6284
    [dct_shield_y] step  500 loss 73.1249
    [dct_shield_y] step  750 loss 66.5114
    [dct_shield_y] step  999 loss 58.6661
task_obj_swap_rand_mask_417469   dct_shield_y   r=0.2200 dists=0.0662 lpips=0.5192 effect=0.7633 (377s)

表：runs/ip2p_mainline/dct_aj50_eps0.22/results.csv（10 列）
