Warning: You are sending unauthenticated requests to the HF Hub. Please set a HF_TOKEN to enable higher rate limits and faster downloads.
Loading pipeline components...:   0%|          | 0/6 [00:00<?, ?it/s]
Loading weights:   0%|          | 0/196 [00:00<?, ?it/s][ALoading weights: 100%|██████████| 196/196 [00:00<00:00, 3627.81it/s]
Loading pipeline components...:  17%|█▋        | 1/6 [00:00<00:00,  6.33it/s]Loading pipeline components...:  67%|██████▋   | 4/6 [00:00<00:00, 16.96it/s]Loading pipeline components...: 100%|██████████| 6/6 [00:00<00:00, 17.87it/s]Loading pipeline components...: 100%|██████████| 6/6 [00:00<00:00, 16.22it/s]
There are modules in AutoencoderKL that should be kept in float32: []. Casting directly with `to()` can lead to inconsistent results; set `torch_dtype` in `from_pretrained()` instead to keep these modules in float32.
/nfs/home/nelson0314/venvs/wacv/lib/python3.11/site-packages/torchvision/models/_utils.py:207: UserWarning: The parameter 'pretrained' is deprecated since 0.13 and may be removed in the future, please use 'weights' instead.
  warnings.warn(
/nfs/home/nelson0314/venvs/wacv/lib/python3.11/site-packages/torchvision/models/_utils.py:222: UserWarning: Arguments other than a weight enum or `None` for 'weights' are deprecated since 0.13 and may be removed in the future. The current behavior is equivalent to passing `weights=VGG16_Weights.IMAGENET1K_V1`. You can also use `weights=VGG16_Weights.DEFAULT` to get the most up-to-date weights.
  warnings.warn(msg)
IP2P 線：10 張、條件 ['phase']、steps=100 s_T=7.5 s_I=1.5 seed=20260812
/nfs/home/nelson0314/venvs/wacv/lib/python3.11/site-packages/diffusers/image_processor.py:724: FutureWarning: Passing `image` as torch tensor with value range in [-1,1] is deprecated. The expected value range for image tensor is [0,1] when passing as pytorch tensor or numpy Array. You passed `image` with value range [-1.0,1.0]
  warnings.warn(
Loading weights:   0%|          | 0/398 [00:00<?, ?it/s]Loading weights: 100%|██████████| 398/398 [00:00<00:00, 15751.55it/s]
[transformers] Model config: bos_token_id must be `None` or an integer within the vocabulary (between 0 and 31999), got 49406. This may result in unexpected behavior.
[transformers] Model config: eos_token_id must be `None` or an integer within the vocabulary (between 0 and 31999), got 49407. This may result in unexpected behavior.
Loading weights:   0%|          | 0/408 [00:00<?, ?it/s]Loading weights: 100%|██████████| 408/408 [00:00<00:00, 4113.30it/s]
task_attr_mod_color_11699        phase          r=0.9000 dists=0.1210 lpips=0.3466 effect=0.3350 keep=0.398 (408s)
task_attr_mod_color_136767       phase          r=0.9000 dists=0.1008 lpips=0.2989 effect=0.3118 keep=0.348 (394s)
task_attr_mod_color_184837       phase          r=0.9000 dists=0.0820 lpips=0.2863 effect=0.3300 keep=0.495 (394s)
task_attr_mod_color_32648        phase          r=0.9000 dists=0.1762 lpips=0.4450 effect=0.3658 keep=0.234 (394s)
task_attr_mod_color_6205         phase          r=0.9000 dists=0.1406 lpips=0.3504 effect=0.4033 keep=0.309 (395s)
task_env_weather_112463          phase          r=0.9000 dists=0.0805 lpips=0.3620 effect=0.3130 keep=0.280 (398s)
task_obj_remove_380621           phase          r=0.9000 dists=0.1262 lpips=0.3521 effect=0.3753 keep=0.378 (398s)
task_obj_swap_joint_mask_276754  phase          r=0.9000 dists=0.1013 lpips=0.3716 effect=0.4198 keep=0.455 (398s)
task_obj_swap_joint_mask_533428  phase          r=0.9000 dists=0.0863 lpips=0.2957 effect=0.4637 keep=0.388 (398s)
task_obj_swap_rand_mask_417469   phase          r=0.9000 dists=0.0971 lpips=0.3019 effect=0.3537 keep=0.394 (395s)

表：runs/ip2p_mainline/ours_ph_qd45/results.csv（10 列）
