Loading pipeline components...:   0%|          | 0/6 [00:00<?, ?it/s]
Loading weights:   0%|          | 0/196 [00:00<?, ?it/s][ALoading weights: 100%|██████████| 196/196 [00:00<00:00, 4044.83it/s]
Loading pipeline components...:  17%|█▋        | 1/6 [00:00<00:00,  6.30it/s]Loading pipeline components...:  50%|█████     | 3/6 [00:00<00:00, 11.31it/s]Loading pipeline components...: 100%|██████████| 6/6 [00:00<00:00, 16.75it/s]
There are modules in AutoencoderKL that should be kept in float32: []. Casting directly with `to()` can lead to inconsistent results; set `torch_dtype` in `from_pretrained()` instead to keep these modules in float32.
/nfs/home/nelson0314/venvs/wacv/lib/python3.11/site-packages/torchvision/models/_utils.py:207: UserWarning: The parameter 'pretrained' is deprecated since 0.13 and may be removed in the future, please use 'weights' instead.
  warnings.warn(
/nfs/home/nelson0314/venvs/wacv/lib/python3.11/site-packages/torchvision/models/_utils.py:222: UserWarning: Arguments other than a weight enum or `None` for 'weights' are deprecated since 0.13 and may be removed in the future. The current behavior is equivalent to passing `weights=VGG16_Weights.IMAGENET1K_V1`. You can also use `weights=VGG16_Weights.DEFAULT` to get the most up-to-date weights.
  warnings.warn(msg)
IP2P 線：13 張、條件 ['phase_gain']、steps=100 s_T=7.5 s_I=1.5 seed=20260812
/nfs/home/nelson0314/venvs/wacv/lib/python3.11/site-packages/diffusers/image_processor.py:724: FutureWarning: Passing `image` as torch tensor with value range in [-1,1] is deprecated. The expected value range for image tensor is [0,1] when passing as pytorch tensor or numpy Array. You passed `image` with value range [-1.0,1.0]
  warnings.warn(
Warning: You are sending unauthenticated requests to the HF Hub. Please set a HF_TOKEN to enable higher rate limits and faster downloads.
Loading weights:   0%|          | 0/398 [00:00<?, ?it/s]Loading weights: 100%|██████████| 398/398 [00:00<00:00, 16493.43it/s]
[transformers] Model config: bos_token_id must be `None` or an integer within the vocabulary (between 0 and 31999), got 49406. This may result in unexpected behavior.
[transformers] Model config: eos_token_id must be `None` or an integer within the vocabulary (between 0 and 31999), got 49407. This may result in unexpected behavior.
Loading weights:   0%|          | 0/408 [00:00<?, ?it/s]Loading weights:  89%|████████▉ | 363/408 [00:00<00:00, 3574.14it/s]Loading weights: 100%|██████████| 408/408 [00:00<00:00, 3550.72it/s]
task_attr_mod_color_11699        phase_gain     r=3.0000 dists=0.1067 lpips=0.3475 effect=0.5160 (195s)
task_attr_mod_color_136767       phase_gain     r=3.0000 dists=0.1797 lpips=0.4099 effect=0.5706 (185s)
task_attr_mod_color_184837       phase_gain     r=3.0000 dists=0.2295 lpips=0.4695 effect=0.7220 (185s)
task_attr_mod_color_32648        phase_gain     r=3.0000 dists=0.0894 lpips=0.4320 effect=0.3441 (185s)
task_attr_mod_color_6205         phase_gain     r=3.0000 dists=0.1384 lpips=0.3485 effect=0.5401 (185s)
task_env_weather_112463          phase_gain     r=3.0000 dists=0.0844 lpips=0.4549 effect=0.8056 (186s)
task_env_weather_246440          phase_gain     r=3.0000 dists=0.1609 lpips=0.4349 effect=0.6302 (186s)
task_env_weather_63722           phase_gain     r=3.0000 dists=0.1093 lpips=0.4095 effect=0.5003 (186s)
task_obj_add_40931               phase_gain     r=3.0000 dists=0.1574 lpips=0.4927 effect=0.5711 (186s)
task_obj_remove_380621           phase_gain     r=3.0000 dists=0.1188 lpips=0.4081 effect=0.6709 (186s)
task_obj_swap_joint_mask_276754  phase_gain     r=3.0000 dists=0.1865 lpips=0.4583 effect=0.6644 (186s)
task_obj_swap_joint_mask_533428  phase_gain     r=3.0000 dists=0.1729 lpips=0.4948 effect=0.6458 (186s)
task_obj_swap_rand_mask_417469   phase_gain     r=3.0000 dists=0.1337 lpips=0.4711 effect=0.6724 (186s)

表：runs/ip2p_pricing_strength/g035_r30/results.csv（13 列）
