Warning: You are sending unauthenticated requests to the HF Hub. Please set a HF_TOKEN to enable higher rate limits and faster downloads.
Loading pipeline components...:   0%|          | 0/6 [00:00<?, ?it/s]Loading pipeline components...:  17%|█▋        | 1/6 [00:00<00:00,  7.18it/s]
Loading weights:   0%|          | 0/196 [00:00<?, ?it/s][ALoading weights: 100%|██████████| 196/196 [00:00<00:00, 3651.17it/s]
Loading pipeline components...:  33%|███▎      | 2/6 [00:00<00:00,  6.57it/s]Loading pipeline components...: 100%|██████████| 6/6 [00:00<00:00, 17.13it/s]Loading pipeline components...: 100%|██████████| 6/6 [00:00<00:00, 14.20it/s]
There are modules in UNet2DConditionModel that should be kept in float32: []. Casting directly with `to()` can lead to inconsistent results; set `torch_dtype` in `from_pretrained()` instead to keep these modules in float32.
There are modules in AutoencoderKL that should be kept in float32: []. Casting directly with `to()` can lead to inconsistent results; set `torch_dtype` in `from_pretrained()` instead to keep these modules in float32.
/nfs/home/nelson0314/venvs/wacv/lib/python3.11/site-packages/torchvision/models/_utils.py:207: UserWarning: The parameter 'pretrained' is deprecated since 0.13 and may be removed in the future, please use 'weights' instead.
  warnings.warn(
/nfs/home/nelson0314/venvs/wacv/lib/python3.11/site-packages/torchvision/models/_utils.py:222: UserWarning: Arguments other than a weight enum or `None` for 'weights' are deprecated since 0.13 and may be removed in the future. The current behavior is equivalent to passing `weights=VGG16_Weights.IMAGENET1K_V1`. You can also use `weights=VGG16_Weights.DEFAULT` to get the most up-to-date weights.
  warnings.warn(msg)

########## bird_03 (bird) ##########
=== bird_03 / apa_weak ===
  [align_apa_native] step    0  loss=0.0373
  [align_apa_native] step   20  loss=0.3396
  [align_apa_native] step   40  loss=0.1126
  [align_apa_native] step   60  loss=0.0171
  [align_apa_native] step   80  loss=0.0094
  [align_apa_native] step  100  loss=0.0101
  [align_apa_native] step  120  loss=0.0126
  [align_apa_native] step  140  loss=0.0063
  [align_apa_native] step  160  loss=0.0250
  [align_apa_native] step  180  loss=0.0229
  [align_apa_native] step  199  loss=0.0243
  [attack_native] iter   0  reward=-1.2644  R=-1.0000  fid_pen=0.2644  linf=0.040
  [attack_native] iter   2  reward=-1.0374  R=-0.5935  fid_pen=0.4439  linf=0.120
  [attack_native] iter   4  reward=-0.9850  R=-0.3974  fid_pen=0.5876  linf=0.200
  [attack_native] iter   6  reward=-0.9713  R=-0.3555  fid_pen=0.6158  linf=0.280
  [attack_native] iter   8  reward=-0.9592  R=-0.3672  fid_pen=0.5920  linf=0.360
  [attack_native] iter   9  reward=-0.9542  R=-0.3661  fid_pen=0.5881  linf=0.400
Loading pretrained model NIMA from /nfs/home/nelson0314/.cache/torch/hub/pyiqa/NIMA_InceptionV2_ava-b0c77c00.pth
Loading pretrained model CNNIQA from /nfs/home/nelson0314/.cache/torch/hub/pyiqa/CNNIQA_koniq10k-e6f14c91.pth
Loading weights:   0%|          | 0/398 [00:00<?, ?it/s]Loading weights: 100%|██████████| 398/398 [00:00<00:00, 20687.71it/s]
Loading weights:   0%|          | 0/398 [00:00<?, ?it/s]Loading weights: 100%|██████████| 398/398 [00:00<00:00, 10746.39it/s]
[transformers] Model config: bos_token_id must be `None` or an integer within the vocabulary (between 0 and 31999), got 49406. This may result in unexpected behavior.
[transformers] Model config: eos_token_id must be `None` or an integer within the vocabulary (between 0 and 31999), got 49407. This may result in unexpected behavior.
Loading weights:   0%|          | 0/408 [00:00<?, ?it/s]Loading weights:  89%|████████▉ | 365/408 [00:00<00:00, 3648.99it/s]Loading weights: 100%|██████████| 408/408 [00:00<00:00, 3717.72it/s]
{'image': 'bird_03', 'condition': 'apa_weak', 'stage1_seconds': 47.3, 'total_seconds': 151.6, 'fid_lpips': 0.2227, 'fid_ssim': 0.7727, 'fid_dists': 0.1962, 'fid_psnr': 19.1692, 'fid_clip_img': 0.9421, 'fid_nima': 5.1263, 'fid_cnniqa': 0.5829, 'edit_lpips': 0.3716, 'edit_clip_orig': 0.2725, 'edit_clip_def': 0.2602, 'edit_clip_drop': 0.0123, 'edit_siglip_orig': 0.1038, 'edit_siglip_def': 0.1052, 'edit_siglip_drop': -0.0014}

########## horse_00 (horse) ##########
=== horse_00 / apa_weak ===
  [align_apa_native] step    0  loss=0.0330
  [align_apa_native] step   20  loss=0.3363
  [align_apa_native] step   40  loss=0.1052
  [align_apa_native] step   60  loss=0.0150
  [align_apa_native] step   80  loss=0.0087
  [align_apa_native] step  100  loss=0.0075
  [align_apa_native] step  120  loss=0.0104
  [align_apa_native] step  140  loss=0.0061
  [align_apa_native] step  160  loss=0.0224
  [align_apa_native] step  180  loss=0.0199
  [align_apa_native] step  199  loss=0.0210
  [attack_native] iter   0  reward=-1.2566  R=-1.0000  fid_pen=0.2566  linf=0.040
  [attack_native] iter   2  reward=-1.0508  R=-0.6474  fid_pen=0.4034  linf=0.120
  [attack_native] iter   4  reward=-0.9957  R=-0.4198  fid_pen=0.5760  linf=0.200
  [attack_native] iter   6  reward=-1.0017  R=-0.3376  fid_pen=0.6641  linf=0.280
  [attack_native] iter   8  reward=-1.0237  R=-0.3288  fid_pen=0.6949  linf=0.360
  [attack_native] iter   9  reward=-1.0308  R=-0.3409  fid_pen=0.6899  linf=0.400
{'image': 'horse_00', 'condition': 'apa_weak', 'stage1_seconds': 48.4, 'total_seconds': 135.0, 'fid_lpips': 0.2295, 'fid_ssim': 0.7327, 'fid_dists': 0.1621, 'fid_psnr': 16.8396, 'fid_clip_img': 0.9396, 'fid_nima': 5.1409, 'fid_cnniqa': 0.5549, 'edit_lpips': 0.3582, 'edit_clip_orig': 0.306, 'edit_clip_def': 0.3132, 'edit_clip_drop': -0.0072, 'edit_siglip_orig': 0.119, 'edit_siglip_def': 0.1226, 'edit_siglip_drop': -0.0036}

########## man_00 (man) ##########
=== man_00 / apa_weak ===
  [align_apa_native] step    0  loss=0.0391
  [align_apa_native] step   20  loss=0.2672
  [align_apa_native] step   40  loss=0.1013
  [align_apa_native] step   60  loss=0.0169
  [align_apa_native] step   80  loss=0.0105
  [align_apa_native] step  100  loss=0.0106
  [align_apa_native] step  120  loss=0.0134
  [align_apa_native] step  140  loss=0.0069
  [align_apa_native] step  160  loss=0.0272
  [align_apa_native] step  180  loss=0.0217
  [align_apa_native] step  199  loss=0.0260
  [attack_native] iter   0  reward=-1.2495  R=-1.0000  fid_pen=0.2495  linf=0.040
  [attack_native] iter   2  reward=-1.1542  R=-0.8564  fid_pen=0.2978  linf=0.120
  [attack_native] iter   4  reward=-1.1371  R=-0.7571  fid_pen=0.3800  linf=0.200
  [attack_native] iter   6  reward=-1.1320  R=-0.7055  fid_pen=0.4265  linf=0.280
  [attack_native] iter   8  reward=-1.1378  R=-0.7021  fid_pen=0.4357  linf=0.360
  [attack_native] iter   9  reward=-1.1445  R=-0.7087  fid_pen=0.4358  linf=0.400
{'image': 'man_00', 'condition': 'apa_weak', 'stage1_seconds': 48.0, 'total_seconds': 135.8, 'fid_lpips': 0.1256, 'fid_ssim': 0.9176, 'fid_dists': 0.0851, 'fid_psnr': 20.6714, 'fid_clip_img': 0.9791, 'fid_nima': 4.5151, 'fid_cnniqa': 0.5485, 'edit_lpips': 0.3096, 'edit_clip_orig': 0.2819, 'edit_clip_def': 0.3046, 'edit_clip_drop': -0.0227, 'edit_siglip_orig': 0.1079, 'edit_siglip_def': 0.1264, 'edit_siglip_drop': -0.0185}

表：runs/routeB_ablation_0813_0214/cell1_gray_targeted/results.csv
