Warning: You are sending unauthenticated requests to the HF Hub. Please set a HF_TOKEN to enable higher rate limits and faster downloads.
Loading pipeline components...:   0%|          | 0/6 [00:00<?, ?it/s]
Loading weights:   0%|          | 0/196 [00:00<?, ?it/s][ALoading weights: 100%|██████████| 196/196 [00:00<00:00, 3502.31it/s]
Loading pipeline components...:  17%|█▋        | 1/6 [00:00<00:00,  6.02it/s]Loading pipeline components...:  33%|███▎      | 2/6 [00:00<00:00,  7.59it/s]Loading pipeline components...: 100%|██████████| 6/6 [00:00<00:00, 18.54it/s]Loading pipeline components...: 100%|██████████| 6/6 [00:00<00:00, 15.11it/s]
There are modules in UNet2DConditionModel that should be kept in float32: []. Casting directly with `to()` can lead to inconsistent results; set `torch_dtype` in `from_pretrained()` instead to keep these modules in float32.
There are modules in AutoencoderKL that should be kept in float32: []. Casting directly with `to()` can lead to inconsistent results; set `torch_dtype` in `from_pretrained()` instead to keep these modules in float32.
/nfs/home/nelson0314/venvs/wacv/lib/python3.11/site-packages/torchvision/models/_utils.py:207: UserWarning: The parameter 'pretrained' is deprecated since 0.13 and may be removed in the future, please use 'weights' instead.
  warnings.warn(
/nfs/home/nelson0314/venvs/wacv/lib/python3.11/site-packages/torchvision/models/_utils.py:222: UserWarning: Arguments other than a weight enum or `None` for 'weights' are deprecated since 0.13 and may be removed in the future. The current behavior is equivalent to passing `weights=VGG16_Weights.IMAGENET1K_V1`. You can also use `weights=VGG16_Weights.DEFAULT` to get the most up-to-date weights.
  warnings.warn(msg)

########## bird_03 (bird) ##########
=== bird_03 / apa_weak ===
  [align_apa_native] step    0  loss=0.0373
  [align_apa_native] step   20  loss=0.3396
  [align_apa_native] step   40  loss=0.1126
  [align_apa_native] step   60  loss=0.0171
  [align_apa_native] step   80  loss=0.0094
  [align_apa_native] step  100  loss=0.0101
  [align_apa_native] step  120  loss=0.0126
  [align_apa_native] step  140  loss=0.0063
  [align_apa_native] step  160  loss=0.0250
  [align_apa_native] step  180  loss=0.0229
  [align_apa_native] step  199  loss=0.0243
  [attack_native] iter   0  reward=-1.2360  R=-1.0000  fid_pen=0.2360  linf=0.040
  [attack_native] iter   2  reward=-1.1866  R=-1.0052  fid_pen=0.1814  linf=0.120
  [attack_native] iter   4  reward=-1.1777  R=-0.9823  fid_pen=0.1954  linf=0.200
  [attack_native] iter   6  reward=-1.1857  R=-0.9648  fid_pen=0.2209  linf=0.280
  [attack_native] iter   8  reward=-1.1878  R=-0.9742  fid_pen=0.2136  linf=0.360
  [attack_native] iter   9  reward=-1.1875  R=-0.9800  fid_pen=0.2075  linf=0.400
Loading pretrained model NIMA from /nfs/home/nelson0314/.cache/torch/hub/pyiqa/NIMA_InceptionV2_ava-b0c77c00.pth
Loading pretrained model CNNIQA from /nfs/home/nelson0314/.cache/torch/hub/pyiqa/CNNIQA_koniq10k-e6f14c91.pth
Loading weights:   0%|          | 0/398 [00:00<?, ?it/s]Loading weights: 100%|██████████| 398/398 [00:00<00:00, 12519.75it/s]
Loading weights:   0%|          | 0/398 [00:00<?, ?it/s]Loading weights: 100%|██████████| 398/398 [00:00<00:00, 10115.33it/s]
[transformers] Model config: bos_token_id must be `None` or an integer within the vocabulary (between 0 and 31999), got 49406. This may result in unexpected behavior.
[transformers] Model config: eos_token_id must be `None` or an integer within the vocabulary (between 0 and 31999), got 49407. This may result in unexpected behavior.
Loading weights:   0%|          | 0/408 [00:00<?, ?it/s]Loading weights:  95%|█████████▍| 386/408 [00:00<00:00, 3857.91it/s]Loading weights: 100%|██████████| 408/408 [00:00<00:00, 3838.97it/s]
{'image': 'bird_03', 'condition': 'apa_weak', 'stage1_seconds': 46.3, 'total_seconds': 146.3, 'fid_lpips': 0.1752, 'fid_ssim': 0.8861, 'fid_dists': 0.0715, 'fid_psnr': 22.0578, 'fid_clip_img': 0.967, 'fid_nima': 5.7598, 'fid_cnniqa': 0.7172, 'edit_lpips': 0.1945, 'edit_clip_orig': 0.2725, 'edit_clip_def': 0.2637, 'edit_clip_drop': 0.0088, 'edit_siglip_orig': 0.1038, 'edit_siglip_def': 0.1021, 'edit_siglip_drop': 0.0017}

########## horse_00 (horse) ##########
=== horse_00 / apa_weak ===
  [align_apa_native] step    0  loss=0.0330
  [align_apa_native] step   20  loss=0.3363
  [align_apa_native] step   40  loss=0.1052
  [align_apa_native] step   60  loss=0.0150
  [align_apa_native] step   80  loss=0.0087
  [align_apa_native] step  100  loss=0.0075
  [align_apa_native] step  120  loss=0.0104
  [align_apa_native] step  140  loss=0.0061
  [align_apa_native] step  160  loss=0.0224
  [align_apa_native] step  180  loss=0.0199
  [align_apa_native] step  199  loss=0.0210
  [attack_native] iter   0  reward=-1.2088  R=-1.0000  fid_pen=0.2088  linf=0.040
  [attack_native] iter   2  reward=-1.1622  R=-0.9766  fid_pen=0.1856  linf=0.120
  [attack_native] iter   4  reward=-1.1563  R=-0.9456  fid_pen=0.2107  linf=0.200
  [attack_native] iter   6  reward=-1.1578  R=-0.9136  fid_pen=0.2442  linf=0.280
  [attack_native] iter   8  reward=-1.1549  R=-0.9170  fid_pen=0.2379  linf=0.360
  [attack_native] iter   9  reward=-1.1524  R=-0.9244  fid_pen=0.2280  linf=0.400
{'image': 'horse_00', 'condition': 'apa_weak', 'stage1_seconds': 46.6, 'total_seconds': 129.7, 'fid_lpips': 0.1825, 'fid_ssim': 0.7766, 'fid_dists': 0.104, 'fid_psnr': 21.181, 'fid_clip_img': 0.9408, 'fid_nima': 6.2272, 'fid_cnniqa': 0.6572, 'edit_lpips': 0.131, 'edit_clip_orig': 0.306, 'edit_clip_def': 0.287, 'edit_clip_drop': 0.019, 'edit_siglip_orig': 0.119, 'edit_siglip_def': 0.1198, 'edit_siglip_drop': -0.0008}

########## man_00 (man) ##########
=== man_00 / apa_weak ===
  [align_apa_native] step    0  loss=0.0391
  [align_apa_native] step   20  loss=0.2672
  [align_apa_native] step   40  loss=0.1013
  [align_apa_native] step   60  loss=0.0169
  [align_apa_native] step   80  loss=0.0105
  [align_apa_native] step  100  loss=0.0106
  [align_apa_native] step  120  loss=0.0134
  [align_apa_native] step  140  loss=0.0069
  [align_apa_native] step  160  loss=0.0272
  [align_apa_native] step  180  loss=0.0217
  [align_apa_native] step  199  loss=0.0260
  [attack_native] iter   0  reward=-1.2366  R=-1.0000  fid_pen=0.2366  linf=0.040
  [attack_native] iter   2  reward=-1.1738  R=-1.0567  fid_pen=0.1171  linf=0.120
  [attack_native] iter   4  reward=-1.1721  R=-1.0942  fid_pen=0.0779  linf=0.200
  [attack_native] iter   6  reward=-1.1843  R=-1.0712  fid_pen=0.1130  linf=0.280
  [attack_native] iter   8  reward=-1.1702  R=-1.0424  fid_pen=0.1278  linf=0.360
  [attack_native] iter   9  reward=-1.1675  R=-1.0401  fid_pen=0.1273  linf=0.400
{'image': 'man_00', 'condition': 'apa_weak', 'stage1_seconds': 46.9, 'total_seconds': 130.3, 'fid_lpips': 0.1019, 'fid_ssim': 0.9522, 'fid_dists': 0.04, 'fid_psnr': 24.6988, 'fid_clip_img': 0.9855, 'fid_nima': 4.6139, 'fid_cnniqa': 0.5274, 'edit_lpips': 0.1975, 'edit_clip_orig': 0.2819, 'edit_clip_def': 0.2929, 'edit_clip_drop': -0.011, 'edit_siglip_orig': 0.1079, 'edit_siglip_def': 0.1216, 'edit_siglip_drop': -0.0137}

表：runs/routeB_ablation_0813_0214/cell2_obama_targeted/results.csv
