Warning: You are sending unauthenticated requests to the HF Hub. Please set a HF_TOKEN to enable higher rate limits and faster downloads.
Loading pipeline components...:   0%|          | 0/6 [00:00<?, ?it/s]Loading pipeline components...:  50%|█████     | 3/6 [00:00<00:00, 16.50it/s]
Loading weights:   0%|          | 0/196 [00:00<?, ?it/s][ALoading weights: 100%|██████████| 196/196 [00:00<00:00, 3499.84it/s]
Loading pipeline components...:  83%|████████▎ | 5/6 [00:00<00:00, 12.74it/s]Loading pipeline components...: 100%|██████████| 6/6 [00:00<00:00, 15.91it/s]
There are modules in UNet2DConditionModel that should be kept in float32: []. Casting directly with `to()` can lead to inconsistent results; set `torch_dtype` in `from_pretrained()` instead to keep these modules in float32.
There are modules in AutoencoderKL that should be kept in float32: []. Casting directly with `to()` can lead to inconsistent results; set `torch_dtype` in `from_pretrained()` instead to keep these modules in float32.
/nfs/home/nelson0314/venvs/wacv/lib/python3.11/site-packages/torchvision/models/_utils.py:207: UserWarning: The parameter 'pretrained' is deprecated since 0.13 and may be removed in the future, please use 'weights' instead.
  warnings.warn(
/nfs/home/nelson0314/venvs/wacv/lib/python3.11/site-packages/torchvision/models/_utils.py:222: UserWarning: Arguments other than a weight enum or `None` for 'weights' are deprecated since 0.13 and may be removed in the future. The current behavior is equivalent to passing `weights=VGG16_Weights.IMAGENET1K_V1`. You can also use `weights=VGG16_Weights.DEFAULT` to get the most up-to-date weights.
  warnings.warn(msg)

########## bird_03 (bird) ##########
=== bird_03 / apa_weak ===
  [align_apa_native] step    0  loss=0.0373
  [align_apa_native] step   20  loss=0.3396
  [align_apa_native] step   40  loss=0.1126
  [align_apa_native] step   60  loss=0.0171
  [align_apa_native] step   80  loss=0.0094
  [align_apa_native] step  100  loss=0.0101
  [align_apa_native] step  120  loss=0.0126
  [align_apa_native] step  140  loss=0.0063
  [align_apa_native] step  160  loss=0.0250
  [align_apa_native] step  180  loss=0.0229
  [align_apa_native] step  199  loss=0.0243
  [attack_native] iter   0  reward=-1.2058  R=-1.0000  fid_pen=0.2058  linf=0.040
  [attack_native] iter   2  reward=-1.0246  R=-0.7949  fid_pen=0.2297  linf=0.120
  [attack_native] iter   4  reward=-0.8701  R=-0.4500  fid_pen=0.4201  linf=0.200
  [attack_native] iter   6  reward=-0.8197  R=-0.3023  fid_pen=0.5174  linf=0.280
  [attack_native] iter   8  reward=-0.7868  R=-0.2470  fid_pen=0.5398  linf=0.360
  [attack_native] iter   9  reward=-0.7533  R=-0.1683  fid_pen=0.5850  linf=0.400
Loading pretrained model NIMA from /nfs/home/nelson0314/.cache/torch/hub/pyiqa/NIMA_InceptionV2_ava-b0c77c00.pth
Loading pretrained model CNNIQA from /nfs/home/nelson0314/.cache/torch/hub/pyiqa/CNNIQA_koniq10k-e6f14c91.pth
Loading weights:   0%|          | 0/398 [00:00<?, ?it/s]Loading weights: 100%|██████████| 398/398 [00:00<00:00, 7896.34it/s]
Loading weights:   0%|          | 0/398 [00:00<?, ?it/s]Loading weights: 100%|██████████| 398/398 [00:00<00:00, 9631.79it/s]
[transformers] Model config: bos_token_id must be `None` or an integer within the vocabulary (between 0 and 31999), got 49406. This may result in unexpected behavior.
[transformers] Model config: eos_token_id must be `None` or an integer within the vocabulary (between 0 and 31999), got 49407. This may result in unexpected behavior.
Loading weights:   0%|          | 0/408 [00:00<?, ?it/s]Loading weights:  87%|████████▋ | 354/408 [00:00<00:00, 3528.19it/s]Loading weights: 100%|██████████| 408/408 [00:00<00:00, 3499.59it/s]
{'image': 'bird_03', 'condition': 'apa_weak', 'stage1_seconds': 47.2, 'total_seconds': 157.6, 'fid_lpips': 0.2693, 'fid_ssim': 0.8253, 'fid_dists': 0.1392, 'fid_psnr': 24.2162, 'fid_clip_img': 0.9284, 'fid_nima': 5.827, 'fid_cnniqa': 0.7118, 'edit_lpips': 0.286, 'edit_clip_orig': 0.2725, 'edit_clip_def': 0.2704, 'edit_clip_drop': 0.0021, 'edit_siglip_orig': 0.1038, 'edit_siglip_def': 0.0951, 'edit_siglip_drop': 0.0088}

########## horse_00 (horse) ##########
=== horse_00 / apa_weak ===
  [align_apa_native] step    0  loss=0.0330
  [align_apa_native] step   20  loss=0.3363
  [align_apa_native] step   40  loss=0.1052
  [align_apa_native] step   60  loss=0.0150
  [align_apa_native] step   80  loss=0.0087
  [align_apa_native] step  100  loss=0.0075
  [align_apa_native] step  120  loss=0.0104
  [align_apa_native] step  140  loss=0.0061
  [align_apa_native] step  160  loss=0.0224
  [align_apa_native] step  180  loss=0.0199
  [align_apa_native] step  199  loss=0.0210
  [attack_native] iter   0  reward=-1.1746  R=-1.0000  fid_pen=0.1746  linf=0.040
  [attack_native] iter   2  reward=-0.8513  R=-0.6053  fid_pen=0.2460  linf=0.120
  [attack_native] iter   4  reward=-0.5448  R=-0.1677  fid_pen=0.3771  linf=0.200
  [attack_native] iter   6  reward=-0.3279  R=+0.1864  fid_pen=0.5143  linf=0.280
  [attack_native] iter   8  reward=-0.1955  R=+0.4349  fid_pen=0.6305  linf=0.360
  [attack_native] iter   9  reward=-0.1674  R=+0.5161  fid_pen=0.6835  linf=0.400
{'image': 'horse_00', 'condition': 'apa_weak', 'stage1_seconds': 49.2, 'total_seconds': 144.4, 'fid_lpips': 0.285, 'fid_ssim': 0.6968, 'fid_dists': 0.183, 'fid_psnr': 23.1254, 'fid_clip_img': 0.86, 'fid_nima': 6.3483, 'fid_cnniqa': 0.6726, 'edit_lpips': 0.2092, 'edit_clip_orig': 0.306, 'edit_clip_def': 0.2842, 'edit_clip_drop': 0.0218, 'edit_siglip_orig': 0.119, 'edit_siglip_def': 0.1124, 'edit_siglip_drop': 0.0066}

########## man_00 (man) ##########
=== man_00 / apa_weak ===
  [align_apa_native] step    0  loss=0.0391
  [align_apa_native] step   20  loss=0.2672
  [align_apa_native] step   40  loss=0.1013
  [align_apa_native] step   60  loss=0.0169
  [align_apa_native] step   80  loss=0.0105
  [align_apa_native] step  100  loss=0.0106
  [align_apa_native] step  120  loss=0.0134
  [align_apa_native] step  140  loss=0.0069
  [align_apa_native] step  160  loss=0.0272
  [align_apa_native] step  180  loss=0.0217
  [align_apa_native] step  199  loss=0.0260
  [attack_native] iter   0  reward=-1.1457  R=-1.0000  fid_pen=0.1457  linf=0.040
  [attack_native] iter   2  reward=-0.8982  R=-0.6813  fid_pen=0.2169  linf=0.120
  [attack_native] iter   4  reward=-0.7925  R=-0.3747  fid_pen=0.4178  linf=0.200
  [attack_native] iter   6  reward=-0.6631  R=-0.0680  fid_pen=0.5952  linf=0.280
  [attack_native] iter   8  reward=-0.5408  R=+0.1912  fid_pen=0.7320  linf=0.360
  [attack_native] iter   9  reward=-0.5033  R=+0.2953  fid_pen=0.7986  linf=0.400
{'image': 'man_00', 'condition': 'apa_weak', 'stage1_seconds': 50.1, 'total_seconds': 146.8, 'fid_lpips': 0.2761, 'fid_ssim': 0.8279, 'fid_dists': 0.2092, 'fid_psnr': 23.4905, 'fid_clip_img': 0.7568, 'fid_nima': 4.2019, 'fid_cnniqa': 0.4782, 'edit_lpips': 0.2666, 'edit_clip_orig': 0.2819, 'edit_clip_def': 0.2874, 'edit_clip_drop': -0.0055, 'edit_siglip_orig': 0.1079, 'edit_siglip_def': 0.1202, 'edit_siglip_drop': -0.0122}

表：runs/routeB_ablation_0813_0214/cell4_inject_b1/results.csv
