[thresholds] tau_acut = 0.16 （由 τ_train=0.2 依比例導出）
[thresholds] tau_chroma = 3.2 （由 τ_train=0.2 依比例導出）
[env] 載入 SDWrapper(CompVis/stable-diffusion-v1-4) dtype=torch.float32
Warning: You are sending unauthenticated requests to the HF Hub. Please set a HF_TOKEN to enable higher rate limits and faster downloads.
Loading pipeline components...:   0%|          | 0/6 [00:00<?, ?it/s]Loading pipeline components...:  33%|███▎      | 2/6 [00:00<00:00,  8.94it/s]
Loading weights:   0%|          | 0/196 [00:00<?, ?it/s][ALoading weights: 100%|██████████| 196/196 [00:00<00:00, 3335.17it/s]
Loading pipeline components...:  67%|██████▋   | 4/6 [00:00<00:00,  6.04it/s]Loading pipeline components...: 100%|██████████| 6/6 [00:00<00:00,  8.63it/s]
There are modules in UNet2DConditionModel that should be kept in float32: []. Casting directly with `to()` can lead to inconsistent results; set `torch_dtype` in `from_pretrained()` instead to keep these modules in float32.
There are modules in AutoencoderKL that should be kept in float32: []. Casting directly with `to()` can lead to inconsistent results; set `torch_dtype` in `from_pretrained()` instead to keep these modules in float32.
/nfs/home/nelson0314/venvs/wacv/lib/python3.11/site-packages/torchvision/models/_utils.py:207: UserWarning: The parameter 'pretrained' is deprecated since 0.13 and may be removed in the future, please use 'weights' instead.
  warnings.warn(
/nfs/home/nelson0314/venvs/wacv/lib/python3.11/site-packages/torchvision/models/_utils.py:222: UserWarning: Arguments other than a weight enum or `None` for 'weights' are deprecated since 0.13 and may be removed in the future. The current behavior is equivalent to passing `weights=VGG16_Weights.IMAGENET1K_V1`. You can also use `weights=VGG16_Weights.DEFAULT` to get the most up-to-date weights.
  warnings.warn(msg)
[env] 影像 3 張：['bird_03', 'cat_02', 'dog_03']
Loading weights:   0%|          | 0/398 [00:00<?, ?it/s]Loading weights: 100%|██████████| 398/398 [00:00<00:00, 10187.12it/s]
[transformers] Model config: bos_token_id must be `None` or an integer within the vocabulary (between 0 and 31999), got 49406. This may result in unexpected behavior.
[transformers] Model config: eos_token_id must be `None` or an integer within the vocabulary (between 0 and 31999), got 49407. This may result in unexpected behavior.
Loading weights:   0%|          | 0/408 [00:00<?, ?it/s]Loading weights:  90%|█████████ | 369/408 [00:00<00:00, 3685.29it/s]Loading weights: 100%|██████████| 408/408 [00:00<00:00, 3664.56it/s]
  [stage default] lr=0.0001（lr.N1）上限 60 步
/nfs/home/nelson0314/WACV/src/defense/objective.py:594: UserWarning: Converting a tensor with requires_grad=True to a scalar may lead to unexpected behavior.
Consider using tensor.detach() first. (Triggered internally at /__w/pytorch/pytorch/torch/csrc/autograd/generated/python_variable_methods.cpp:822.)
  "fid_linf_total": float((xd - xr).abs().max()),
  [default] step    0  loss=0.0557  L_def=0.0557  L_fid=0.0000  |g|=7.626e-04
  [default] step   10  loss=0.0556  L_def=0.0556  L_fid=0.0000  |g|=5.067e-04
  [default] step   20  loss=0.0556  L_def=0.0556  L_fid=0.0000  |g|=3.521e-04
  [default] step   30  loss=0.0555  L_def=0.0555  L_fid=0.0000  |g|=3.520e-04
  [default] step   40  loss=0.0555  L_def=0.0555  L_fid=0.0000  |g|=3.903e-04
  [default] step   50  loss=0.0556  L_def=0.0556  L_fid=0.0000  |g|=4.121e-04
  [default] step   59  loss=0.0555  L_def=0.0555  L_fid=0.0000  |g|=3.331e-04
  [stage default] lr=0.001（lr.N1）上限 60 步
  [default] step    0  loss=0.0557  L_def=0.0557  L_fid=0.0000  |g|=7.626e-04
  [default] step   10  loss=0.0556  L_def=0.0556  L_fid=0.0000  |g|=2.816e-04
  [default] step   20  loss=0.0555  L_def=0.0555  L_fid=0.0000  |g|=2.269e-04
  [default] step   30  loss=0.0555  L_def=0.0555  L_fid=0.0000  |g|=2.285e-04
  [default] step   40  loss=0.0554  L_def=0.0554  L_fid=0.0000  |g|=4.273e-04
  [default] step   50  loss=0.0554  L_def=0.0554  L_fid=0.0000  |g|=1.643e-04
  [default] step   59  loss=0.0554  L_def=0.0554  L_fid=0.0000  |g|=2.194e-04
  [stage default] lr=0.005（lr.N1）上限 60 步
  [default] step    0  loss=0.0557  L_def=0.0557  L_fid=0.0000  |g|=7.626e-04
  [default] step   10  loss=0.0554  L_def=0.0554  L_fid=0.0000  |g|=3.558e-04
  [default] step   20  loss=0.0553  L_def=0.0553  L_fid=0.0000  |g|=1.793e-04
  [default] step   30  loss=0.0552  L_def=0.0552  L_fid=0.0000  |g|=2.811e-04
  [default] step   40  loss=0.0551  L_def=0.0551  L_fid=0.0000  |g|=3.110e-04
  [default] step   50  loss=0.0550  L_def=0.0550  L_fid=0.0000  |g|=2.124e-04
  [default] step   59  loss=0.0549  L_def=0.0549  L_fid=0.0000  |g|=3.287e-04
  [stage default] lr=0.02（lr.N1）上限 60 步
  [default] step    0  loss=0.0557  L_def=0.0557  L_fid=0.0000  |g|=7.626e-04
  [default] step   10  loss=0.0551  L_def=0.0551  L_fid=0.0000  |g|=1.634e-04
  [default] step   20  loss=0.0548  L_def=0.0548  L_fid=0.0000  |g|=1.566e-04
  [default] step   30  loss=0.0546  L_def=0.0546  L_fid=0.0000  |g|=2.460e-04
  [default] step   40  loss=0.0543  L_def=0.0543  L_fid=0.0000  |g|=1.459e-04
  [default] step   50  loss=0.0542  L_def=0.0542  L_fid=0.0000  |g|=2.340e-04
  [default] step   59  loss=0.0540  L_def=0.0540  L_fid=0.0000  |g|=1.544e-04
  [stage default] lr=0.1（lr.N1）上限 60 步
  [default] step    0  loss=0.0557  L_def=0.0557  L_fid=0.0000  |g|=7.626e-04
  [default] step   10  loss=0.0542  L_def=0.0542  L_fid=0.0000  |g|=1.874e-04
  [default] step   20  loss=0.0536  L_def=0.0536  L_fid=0.0000  |g|=1.426e-04
  [default] step   30  loss=0.0530  L_def=0.0530  L_fid=0.0000  |g|=2.354e-04
  [default] step   40  loss=0.0526  L_def=0.0526  L_fid=0.0000  |g|=1.867e-04
  [default] step   50  loss=0.0522  L_def=0.0522  L_fid=0.0000  |g|=1.196e-04
  [default] step   59  loss=0.0520  L_def=0.0520  L_fid=0.0000  |g|=9.604e-05
  [stage default] lr=0.0001（lr.N2）上限 60 步
  [default] step    0  loss=0.6902  L_def=0.6902  L_fid=0.0000  |g|=8.671e-03
  [default] step   10  loss=0.6882  L_def=0.6882  L_fid=0.0000  |g|=9.917e-03
  [default] step   20  loss=0.6886  L_def=0.6886  L_fid=0.0000  |g|=9.120e-03
  [default] step   30  loss=0.6871  L_def=0.6871  L_fid=0.0000  |g|=9.775e-03
  [default] step   40  loss=0.6864  L_def=0.6864  L_fid=0.0000  |g|=7.355e-03
  [default] step   50  loss=0.6882  L_def=0.6882  L_fid=0.0000  |g|=6.328e-03
  [default] step   59  loss=0.6881  L_def=0.6881  L_fid=0.0000  |g|=5.916e-03
  [stage default] lr=0.001（lr.N2）上限 60 步
  [default] step    0  loss=0.6902  L_def=0.6902  L_fid=0.0000  |g|=8.671e-03
  [default] step   10  loss=0.6867  L_def=0.6867  L_fid=0.0000  |g|=7.625e-03
  [default] step   20  loss=0.6871  L_def=0.6871  L_fid=0.0000  |g|=6.107e-03
  [default] step   30  loss=0.6864  L_def=0.6864  L_fid=0.0000  |g|=5.041e-03
  [default] step   40  loss=0.6855  L_def=0.6855  L_fid=0.0000  |g|=5.374e-03
  [default] step   50  loss=0.6839  L_def=0.6839  L_fid=0.0000  |g|=4.408e-03
  [default] step   59  loss=0.6826  L_def=0.6826  L_fid=0.0000  |g|=5.856e-03
  [stage default] lr=0.005（lr.N2）上限 60 步
  [default] step    0  loss=0.6902  L_def=0.6902  L_fid=0.0000  |g|=8.671e-03
  [default] step   10  loss=0.6846  L_def=0.6846  L_fid=0.0000  |g|=1.166e-02
  [default] step   20  loss=0.6804  L_def=0.6804  L_fid=0.0000  |g|=7.185e-03
  [default] step   30  loss=0.6789  L_def=0.6789  L_fid=0.0000  |g|=6.073e-03
  [default] step   40  loss=0.6774  L_def=0.6774  L_fid=0.0000  |g|=6.213e-03
  [default] step   50  loss=0.6747  L_def=0.6747  L_fid=0.0000  |g|=4.106e-03
  [default] step   59  loss=0.6733  L_def=0.6733  L_fid=0.0000  |g|=6.593e-03
  [stage default] lr=0.02（lr.N2）上限 60 步
  [default] step    0  loss=0.6902  L_def=0.6902  L_fid=0.0000  |g|=8.671e-03
  [default] step   10  loss=0.6767  L_def=0.6767  L_fid=0.0000  |g|=6.009e-03
  [default] step   20  loss=0.6707  L_def=0.6707  L_fid=0.0000  |g|=4.214e-03
  [default] step   30  loss=0.6646  L_def=0.6646  L_fid=0.0000  |g|=3.515e-03
  [default] step   40  loss=0.6600  L_def=0.6600  L_fid=0.0000  |g|=3.610e-03
  [default] step   50  loss=0.6558  L_def=0.6558  L_fid=0.0000  |g|=2.474e-03
  [default] step   59  loss=0.6537  L_def=0.6537  L_fid=0.0000  |g|=2.352e-03
  [stage default] lr=0.1（lr.N2）上限 60 步
  [default] step    0  loss=0.6902  L_def=0.6902  L_fid=0.0000  |g|=8.671e-03
  [default] step   10  loss=0.6582  L_def=0.6582  L_fid=0.0000  |g|=1.166e-02
  [default] step   20  loss=0.6452  L_def=0.6452  L_fid=0.0000  |g|=3.617e-03
  [default] step   30  loss=0.6359  L_def=0.6359  L_fid=0.0000  |g|=4.057e-03
  [default] step   40  loss=0.6295  L_def=0.6295  L_fid=0.0000  |g|=2.718e-03
  [default] step   50  loss=0.6229  L_def=0.6229  L_fid=0.0000  |g|=3.343e-03
  [default] step   59  loss=0.6190  L_def=0.6190  L_fid=0.0000  |g|=2.609e-03
  [align] group=stage1 lr=0.0001（lr.N3_stage1）60 步
  [align] 門檻取自本圖的重建下限：psnr≥30.10dB lpips≤0.1330 acut≤0.0911 chroma≤0.9714
  [align] step    0  loss=0.0000  lpips=0.1330  psnr=30.10
  [align] step   10  loss=0.0000  lpips=0.1311  psnr=30.14
  [align] step   20  loss=0.0000  lpips=0.1308  psnr=30.24
  [align] step   30  loss=0.0000  lpips=0.1307  psnr=30.28
  [align] step   40  loss=0.0000  lpips=0.1307  psnr=30.29
  [align] step   50  loss=0.0000  lpips=0.1307  psnr=30.30
  [align] step   59  loss=0.0000  lpips=0.1307  psnr=30.30
  [align] 還原第 0 步的 φ（loss=0.0000）；最後一步為 0.0000
  [align] group=stage1 lr=0.001（lr.N3_stage1）60 步
  [align] 門檻取自本圖的重建下限：psnr≥30.10dB lpips≤0.1330 acut≤0.0911 chroma≤0.9714
  [align] step    0  loss=0.0000  lpips=0.1330  psnr=30.10
  [align] step   10  loss=0.0000  lpips=0.1281  psnr=30.34
  [align] step   20  loss=0.0000  lpips=0.1292  psnr=30.36
  [align] step   30  loss=0.0000  lpips=0.1294  psnr=30.32
  [align] step   40  loss=0.0000  lpips=0.1295  psnr=30.44
  [align] step   50  loss=0.0000  lpips=0.1296  psnr=30.46
  [align] step   59  loss=0.0000  lpips=0.1297  psnr=30.47
  [align] 還原第 0 步的 φ（loss=0.0000）；最後一步為 0.0000
  [align] group=stage1 lr=0.005（lr.N3_stage1）60 步
  [align] 門檻取自本圖的重建下限：psnr≥30.10dB lpips≤0.1330 acut≤0.0911 chroma≤0.9714
  [align] step    0  loss=0.0000  lpips=0.1330  psnr=30.10
  [align] step   10  loss=164.6403  lpips=0.1579  psnr=27.65
  [align] step   20  loss=90.0351  lpips=0.1885  psnr=27.59
  [align] step   30  loss=42.6960  lpips=0.1439  psnr=28.83
  [align] step   40  loss=15.6055  lpips=0.1687  psnr=28.36
  [align] step   50  loss=52.3524  lpips=0.1656  psnr=28.87
  [align] step   59  loss=34.8424  lpips=0.1489  psnr=28.61
  [align] 還原第 0 步的 φ（loss=0.0000）；最後一步為 34.8424
  [align] group=stage1 lr=0.02（lr.N3_stage1）60 步
  [align] 門檻取自本圖的重建下限：psnr≥30.10dB lpips≤0.1330 acut≤0.0911 chroma≤0.9714
  [align] step    0  loss=0.0000  lpips=0.1330  psnr=30.10
  [align] step   10  loss=2731.1716  lpips=0.7660  psnr=8.98
  [align] step   20  loss=2647.0884  lpips=0.7683  psnr=9.02
  [align] step   30  loss=2190.0696  lpips=0.7524  psnr=9.39
  [align] step   40  loss=1734.2551  lpips=0.7584  psnr=8.91
  [align] step   50  loss=1509.4188  lpips=0.7528  psnr=8.99
  [align] step   59  loss=1302.6608  lpips=0.7393  psnr=8.94
  [align] 還原第 0 步的 φ（loss=0.0000）；最後一步為 1302.6608
  [align] group=stage1 lr=0.1（lr.N3_stage1）60 步
  [align] 門檻取自本圖的重建下限：psnr≥30.10dB lpips≤0.1330 acut≤0.0911 chroma≤0.9714
  [align] step    0  loss=0.0000  lpips=0.1330  psnr=30.10
  [align] step   10  loss=3242.5615  lpips=0.7788  psnr=8.59
  [align] step   20  loss=2844.6135  lpips=0.7693  psnr=8.96
  [align] step   30  loss=2708.7791  lpips=0.7646  psnr=9.05
  [align] step   40  loss=2495.4470  lpips=0.7649  psnr=9.08
  [align] step   50  loss=2544.9226  lpips=0.7687  psnr=8.94
  [align] step   59  loss=2669.7349  lpips=0.7628  psnr=9.08
  [align] 還原第 0 步的 φ（loss=0.0000）；最後一步為 2669.7349
  [stage stage2] lr=0.0001（lr.N3_stage2）上限 60 步
  [stage2] step    0  loss=0.0211  L_def=0.0211  L_fid=0.0000  |g|=3.954e-04
  [stage2] step   10  loss=0.0211  L_def=0.0211  L_fid=0.0000  |g|=4.693e-04
  [stage2] step   20  loss=0.0211  L_def=0.0211  L_fid=0.0000  |g|=4.872e-04
  [stage2] step   30  loss=0.0210  L_def=0.0210  L_fid=0.0000  |g|=6.154e-04
  [stage2] step   40  loss=0.0210  L_def=0.0210  L_fid=0.0000  |g|=7.208e-04
  [stage2] step   50  loss=0.0209  L_def=0.0209  L_fid=0.0000  |g|=8.106e-04
  [stage2] step   59  loss=0.0208  L_def=0.0208  L_fid=0.0000  |g|=9.400e-04
  [stage stage2] lr=0.001（lr.N3_stage2）上限 60 步
  [stage2] step    0  loss=0.0211  L_def=0.0211  L_fid=0.0000  |g|=3.954e-04
  [stage2] step   10  loss=0.0206  L_def=0.0206  L_fid=0.0000  |g|=1.131e-03
  [stage2] step   20  loss=0.0188  L_def=0.0188  L_fid=0.0000  |g|=2.109e-03
  [stage2] step   30  loss=0.0156  L_def=0.0156  L_fid=0.0000  |g|=2.953e-03
  [stage2] step   40  loss=0.0124  L_def=0.0124  L_fid=0.0000  |g|=3.245e-03
  [stage2] step   50  loss=0.0127  L_def=0.0127  L_fid=0.0000  |g|=3.142e-03
  [stage2] step   59  loss=0.0124  L_def=0.0124  L_fid=0.0000  |g|=3.073e-03
  [stage stage2] lr=0.005（lr.N3_stage2）上限 60 步
  [stage2] step    0  loss=0.0211  L_def=0.0211  L_fid=0.0000  |g|=3.954e-04
  [stage2] step   10  loss=15.9331  L_def=0.0119  L_fid=15.9211  |g|=1.000e+00
  [stage2] step   20  loss=0.0135  L_def=0.0135  L_fid=0.0000  |g|=2.919e-03
  [stage2] step   30  loss=0.0123  L_def=0.0123  L_fid=0.0000  |g|=2.619e-03
  [stage2] step   40  loss=0.2445  L_def=0.0106  L_fid=0.2340  |g|=1.000e+00
  [stage2] step   50  loss=0.0118  L_def=0.0118  L_fid=0.0000  |g|=2.480e-03
  [stage2] step   59  loss=0.0121  L_def=0.0121  L_fid=0.0000  |g|=2.448e-03
  [stage stage2] lr=0.02（lr.N3_stage2）上限 60 步
  [stage2] step    0  loss=0.0211  L_def=0.0211  L_fid=0.0000  |g|=3.954e-04
  [stage2] step   10  loss=0.0133  L_def=0.0133  L_fid=0.0000  |g|=2.498e-03
  [stage2] step   20  loss=0.0173  L_def=0.0173  L_fid=0.0000  |g|=2.794e-03
  [stage2] step   30  loss=0.0186  L_def=0.0186  L_fid=0.0000  |g|=3.012e-03
  [stage2] step   40  loss=0.0191  L_def=0.0191  L_fid=0.0000  |g|=2.909e-03
  [stage2] step   50  loss=0.0198  L_def=0.0198  L_fid=0.0000  |g|=2.336e-03
  [stage2] step   59  loss=0.0198  L_def=0.0198  L_fid=0.0000  |g|=2.201e-03
  [stage stage2] lr=0.1（lr.N3_stage2）上限 60 步
  [stage2] step    0  loss=0.0211  L_def=0.0211  L_fid=0.0000  |g|=3.954e-04
  [stage2] step   10  loss=55.8709  L_def=0.0152  L_fid=55.8557  |g|=1.000e+00
  [stage2] step   20  loss=18.4056  L_def=0.0196  L_fid=18.3860  |g|=1.000e+00
  [stage2] step   30  loss=21.2586  L_def=0.0186  L_fid=21.2400  |g|=1.000e+00
  [stage2] step   40  loss=15.6213  L_def=0.0191  L_fid=15.6022  |g|=1.000e+00
  [stage2] step   50  loss=6.8861  L_def=0.0213  L_fid=6.8648  |g|=1.000e+00
  [stage2] step   59  loss=0.5358  L_def=0.0191  L_fid=0.5167  |g|=1.000e+00

[calib] 校準表寫入 /nfs/home/nelson0314/wacv_runs/v14r/calib/calibration.json
{
  "micro_bench": {
    "vae_roundtrip": 0.4085578031372279,
    "sdedit_50steps": 8.26501883007586
  },
  "precision_equiv": {
    "dtype": "float32",
    "compared": false,
    "rows": [
      {
        "op": "all",
        "dtype": "float32",
        "reference": "float32",
        "max_abs": 0.0,
        "rel_l2": 0.0,
        "psnr": Infinity,
        "note": "本批以 fp32 執行，與參考同一路徑，無須比對"
      }
    ]
  },
  "strength": {
    "recommended": 0.6,
    "mean_effect_siglip": {
      "0.3": 0.020704003361364205,
      "0.4": 0.042780449303487934,
      "0.5": 0.06042294856160879,
      "0.6": 0.07115705218166113,
      "0.7": 0.0711002191528678,
      "0.8": 0.0684347019220392
    }
  },
  "editable": {
    "threshold": 0.0,
    "passed": [
      "bird_03",
      "cat_02",
      "dog_03"
    ],
    "n_passed": 3,
    "n_total": 3
  },
  "warp_reach": {
    "min_lpips_at_bound": 0.46549534797668457,
    "covers_train_tau": true
  },
  "recon_floor": {
    "bird_03": 0.13304448127746582,
    "cat_02": 0.2398258000612259,
    "dog_03": 0.14034885168075562
  },
  "calibration_keys": [
    "lr.N1",
    "lr.N2",
    "lr.N3_stage1",
    "lr.N3_stage2",
    "precision_equiv.all.rel_l2",
    "stop_tol.edit_shift",
    "stop_tol.shared_mass",
    "strength.recommended",
    "warp.min_lpips_at_bound"
  ]
}
[exit 0]
