Warning: You are sending unauthenticated requests to the HF Hub. Please set a HF_TOKEN to enable higher rate limits and faster downloads.
Loading pipeline components...:   0%|          | 0/6 [00:00<?, ?it/s]
Loading weights:   0%|          | 0/196 [00:00<?, ?it/s][ALoading weights: 100%|██████████| 196/196 [00:00<00:00, 3475.26it/s]
Loading pipeline components...:  33%|███▎      | 2/6 [00:00<00:00, 12.00it/s]Loading pipeline components...:  67%|██████▋   | 4/6 [00:00<00:00, 12.10it/s]Loading pipeline components...: 100%|██████████| 6/6 [00:00<00:00, 16.32it/s]
There are modules in AutoencoderKL that should be kept in float32: []. Casting directly with `to()` can lead to inconsistent results; set `torch_dtype` in `from_pretrained()` instead to keep these modules in float32.
/nfs/home/nelson0314/venvs/wacv/lib/python3.11/site-packages/torchvision/models/_utils.py:207: UserWarning: The parameter 'pretrained' is deprecated since 0.13 and may be removed in the future, please use 'weights' instead.
  warnings.warn(
/nfs/home/nelson0314/venvs/wacv/lib/python3.11/site-packages/torchvision/models/_utils.py:222: UserWarning: Arguments other than a weight enum or `None` for 'weights' are deprecated since 0.13 and may be removed in the future. The current behavior is equivalent to passing `weights=VGG16_Weights.IMAGENET1K_V1`. You can also use `weights=VGG16_Weights.DEFAULT` to get the most up-to-date weights.
  warnings.warn(msg)
IP2P 線：13 張、條件 ['dct_shield_y']、steps=100 s_T=7.5 s_I=1.5 seed=20260812
/nfs/home/nelson0314/venvs/wacv/lib/python3.11/site-packages/diffusers/image_processor.py:724: FutureWarning: Passing `image` as torch tensor with value range in [-1,1] is deprecated. The expected value range for image tensor is [0,1] when passing as pytorch tensor or numpy Array. You passed `image` with value range [-1.0,1.0]
  warnings.warn(
    [dct_shield_y] step    0 loss 109.6247
    [dct_shield_y] step  250 loss 57.9959
    [dct_shield_y] step  500 loss 54.8754
    [dct_shield_y] step  750 loss 52.5788
    [dct_shield_y] step  999 loss 50.1640
Loading weights:   0%|          | 0/398 [00:00<?, ?it/s]Loading weights: 100%|██████████| 398/398 [00:00<00:00, 12305.72it/s]
[transformers] Model config: bos_token_id must be `None` or an integer within the vocabulary (between 0 and 31999), got 49406. This may result in unexpected behavior.
[transformers] Model config: eos_token_id must be `None` or an integer within the vocabulary (between 0 and 31999), got 49407. This may result in unexpected behavior.
Loading weights:   0%|          | 0/408 [00:00<?, ?it/s]Loading weights:  88%|████████▊ | 357/408 [00:00<00:00, 3562.31it/s]Loading weights: 100%|██████████| 408/408 [00:00<00:00, 3587.84it/s]
task_attr_mod_color_11699        dct_shield_y   r=1.0000 dists=0.1186 lpips=0.5723 effect=0.5979 (185s)
    [dct_shield_y] step    0 loss 134.2069
    [dct_shield_y] step  250 loss 63.8019
    [dct_shield_y] step  500 loss 60.9999
    [dct_shield_y] step  750 loss 58.8297
    [dct_shield_y] step  999 loss 57.0724
task_attr_mod_color_136767       dct_shield_y   r=1.0000 dists=0.1099 lpips=0.5321 effect=0.6335 (176s)
    [dct_shield_y] step    0 loss 106.3314
    [dct_shield_y] step  250 loss 58.0691
    [dct_shield_y] step  500 loss 55.5181
    [dct_shield_y] step  750 loss 53.6782
    [dct_shield_y] step  999 loss 51.7930
task_attr_mod_color_184837       dct_shield_y   r=1.0000 dists=0.0705 lpips=0.4855 effect=0.7753 (176s)
    [dct_shield_y] step    0 loss 171.0838
    [dct_shield_y] step  250 loss 75.0668
    [dct_shield_y] step  500 loss 70.7473
    [dct_shield_y] step  750 loss 66.2438
    [dct_shield_y] step  999 loss 61.2321
task_attr_mod_color_32648        dct_shield_y   r=1.0000 dists=0.2097 lpips=0.6135 effect=0.6435 (175s)
    [dct_shield_y] step    0 loss 113.1804
    [dct_shield_y] step  250 loss 54.2739
    [dct_shield_y] step  500 loss 51.1500
    [dct_shield_y] step  750 loss 48.9445
    [dct_shield_y] step  999 loss 46.6843
task_attr_mod_color_6205         dct_shield_y   r=1.0000 dists=0.1323 lpips=0.6061 effect=0.7545 (176s)
    [dct_shield_y] step    0 loss 121.9192
    [dct_shield_y] step  250 loss 51.4748
    [dct_shield_y] step  500 loss 48.3994
    [dct_shield_y] step  750 loss 45.5098
    [dct_shield_y] step  999 loss 43.5271
task_env_weather_112463          dct_shield_y   r=1.0000 dists=0.0898 lpips=0.6441 effect=0.8908 (176s)
    [dct_shield_y] step    0 loss 116.7862
    [dct_shield_y] step  250 loss 68.4532
    [dct_shield_y] step  500 loss 65.9251
    [dct_shield_y] step  750 loss 63.9063
    [dct_shield_y] step  999 loss 61.7861
task_env_weather_246440          dct_shield_y   r=1.0000 dists=0.0506 lpips=0.3913 effect=0.5394 (176s)
    [dct_shield_y] step    0 loss 95.7517
    [dct_shield_y] step  250 loss 46.0205
    [dct_shield_y] step  500 loss 42.4279
    [dct_shield_y] step  750 loss 40.1688
    [dct_shield_y] step  999 loss 38.3087
task_env_weather_63722           dct_shield_y   r=1.0000 dists=0.0832 lpips=0.5562 effect=0.6801 (176s)
    [dct_shield_y] step    0 loss 115.9055
    [dct_shield_y] step  250 loss 61.3272
    [dct_shield_y] step  500 loss 58.6750
    [dct_shield_y] step  750 loss 56.6265
    [dct_shield_y] step  999 loss 54.7492
task_obj_add_40931               dct_shield_y   r=1.0000 dists=0.1079 lpips=0.5193 effect=0.6283 (176s)
    [dct_shield_y] step    0 loss 105.3376
    [dct_shield_y] step  250 loss 49.2723
    [dct_shield_y] step  500 loss 45.4020
    [dct_shield_y] step  750 loss 42.5384
    [dct_shield_y] step  999 loss 40.4056
task_obj_remove_380621           dct_shield_y   r=1.0000 dists=0.1241 lpips=0.5996 effect=0.7292 (175s)
    [dct_shield_y] step    0 loss 137.4575
    [dct_shield_y] step  250 loss 75.6271
    [dct_shield_y] step  500 loss 72.6438
    [dct_shield_y] step  750 loss 70.7130
    [dct_shield_y] step  999 loss 68.8787
task_obj_swap_joint_mask_276754  dct_shield_y   r=1.0000 dists=0.0933 lpips=0.4517 effect=0.6687 (175s)
    [dct_shield_y] step    0 loss 109.6902
    [dct_shield_y] step  250 loss 59.2323
    [dct_shield_y] step  500 loss 56.4952
    [dct_shield_y] step  750 loss 54.5330
    [dct_shield_y] step  999 loss 52.5558
task_obj_swap_joint_mask_533428  dct_shield_y   r=1.0000 dists=0.0723 lpips=0.4901 effect=0.6463 (175s)
    [dct_shield_y] step    0 loss 123.1555
    [dct_shield_y] step  250 loss 61.1131
    [dct_shield_y] step  500 loss 57.8968
    [dct_shield_y] step  750 loss 55.6068
    [dct_shield_y] step  999 loss 53.6300
task_obj_swap_rand_mask_417469   dct_shield_y   r=1.0000 dists=0.0938 lpips=0.5399 effect=0.7634 (175s)

表：runs/ip2p_defense_gallery/dct_paper_y/results.csv（13 列）
