Loading pipeline components...:   0%|          | 0/6 [00:00<?, ?it/s]Loading pipeline components...:  17%|█▋        | 1/6 [00:00<00:00,  9.67it/s]
Loading weights:   0%|          | 0/196 [00:00<?, ?it/s][ALoading weights: 100%|██████████| 196/196 [00:00<00:00, 3470.48it/s]
Loading pipeline components...:  33%|███▎      | 2/6 [00:00<00:00,  6.92it/s]Loading pipeline components...: 100%|██████████| 6/6 [00:00<00:00, 18.09it/s]Loading pipeline components...: 100%|██████████| 6/6 [00:00<00:00, 15.31it/s]
There are modules in AutoencoderKL that should be kept in float32: []. Casting directly with `to()` can lead to inconsistent results; set `torch_dtype` in `from_pretrained()` instead to keep these modules in float32.
/nfs/home/nelson0314/venvs/wacv/lib/python3.11/site-packages/torchvision/models/_utils.py:207: UserWarning: The parameter 'pretrained' is deprecated since 0.13 and may be removed in the future, please use 'weights' instead.
  warnings.warn(
/nfs/home/nelson0314/venvs/wacv/lib/python3.11/site-packages/torchvision/models/_utils.py:222: UserWarning: Arguments other than a weight enum or `None` for 'weights' are deprecated since 0.13 and may be removed in the future. The current behavior is equivalent to passing `weights=VGG16_Weights.IMAGENET1K_V1`. You can also use `weights=VGG16_Weights.DEFAULT` to get the most up-to-date weights.
  warnings.warn(msg)
IP2P 線：25 張、條件 ['gain_only']、steps=100 s_T=7.5 s_I=1.5 seed=20260812
/nfs/home/nelson0314/venvs/wacv/lib/python3.11/site-packages/diffusers/image_processor.py:724: FutureWarning: Passing `image` as torch tensor with value range in [-1,1] is deprecated. The expected value range for image tensor is [0,1] when passing as pytorch tensor or numpy Array. You passed `image` with value range [-1.0,1.0]
  warnings.warn(
task_attr_mod_color_11699        gain_only      r=3.0000 dists=0.0945 lpips=0.1894 effect=0.2376 (78s)
task_attr_mod_color_136767       gain_only      r=3.0000 dists=0.1531 lpips=0.2651 effect=0.3124 (79s)
task_attr_mod_color_184837       gain_only      r=3.0000 dists=0.1854 lpips=0.2827 effect=0.3567 (79s)
task_attr_mod_color_32648        gain_only      r=3.0000 dists=0.0928 lpips=0.3064 effect=0.2945 (78s)
task_attr_mod_color_6205         gain_only      r=3.0000 dists=0.1237 lpips=0.1948 effect=0.3707 (78s)
task_env_weather_112463          gain_only      r=3.0000 dists=0.0798 lpips=0.3202 effect=0.3643 (78s)
task_env_weather_133752          gain_only      r=3.0000 dists=0.0744 lpips=0.2922 effect=0.3304 (78s)
task_env_weather_181583          gain_only      r=3.0000 dists=0.1132 lpips=0.3237 effect=0.6731 (78s)
task_env_weather_246440          gain_only      r=3.0000 dists=0.1308 lpips=0.3337 effect=0.4682 (78s)
task_env_weather_63722           gain_only      r=3.0000 dists=0.1105 lpips=0.2505 effect=0.2893 (78s)
task_obj_add_13726               gain_only      r=3.0000 dists=0.1414 lpips=0.3338 effect=0.6324 (78s)
task_obj_add_340466              gain_only      r=3.0000 dists=0.1129 lpips=0.1982 effect=0.2743 (78s)
task_obj_add_40931               gain_only      r=3.0000 dists=0.1338 lpips=0.4490 effect=0.4268 (78s)
task_obj_add_581286              gain_only      r=3.0000 dists=0.0860 lpips=0.2315 effect=0.2322 (78s)
task_obj_add_692065              gain_only      r=3.0000 dists=0.1133 lpips=0.2492 effect=0.3099 (78s)
task_obj_remove_10197            gain_only      r=3.0000 dists=0.1146 lpips=0.3407 effect=0.4360 (78s)
task_obj_remove_257910           gain_only      r=3.0000 dists=0.0863 lpips=0.3301 effect=0.3273 (78s)
task_obj_remove_380621           gain_only      r=3.0000 dists=0.1097 lpips=0.3440 effect=0.4805 (78s)
task_obj_remove_509477           gain_only      r=3.0000 dists=0.1207 lpips=0.3523 effect=0.3753 (78s)
task_obj_remove_657585           gain_only      r=3.0000 dists=0.0856 lpips=0.2812 effect=0.3610 (78s)
task_obj_swap_joint_mask_276754  gain_only      r=3.0000 dists=0.2171 lpips=0.4698 effect=0.1944 (78s)
task_obj_swap_joint_mask_533428  gain_only      r=3.0000 dists=0.1545 lpips=0.3835 effect=0.4950 (78s)
/nfs/home/nelson0314/venvs/wacv/lib/python3.11/site-packages/diffusers/image_processor.py:724: FutureWarning: Passing `image` as torch tensor with value range in [-1,1] is deprecated. The expected value range for image tensor is [0,1] when passing as pytorch tensor or numpy Array. You passed `image` with value range [-0.9686274528503418,1.0]
  warnings.warn(
task_obj_swap_joint_mask_75733   gain_only      r=3.0000 dists=0.1387 lpips=0.3547 effect=0.4284 (78s)
task_obj_swap_rand_mask_298147   gain_only      r=3.0000 dists=0.1805 lpips=0.4352 effect=0.6765 (78s)
task_obj_swap_rand_mask_417469   gain_only      r=3.0000 dists=0.1028 lpips=0.3099 effect=0.3994 (75s)

表：runs/ip2p_reach_lpips/go100_r30/results.csv（25 列）
