Warning: You are sending unauthenticated requests to the HF Hub. Please set a HF_TOKEN to enable higher rate limits and faster downloads.
Loading pipeline components...:   0%|          | 0/6 [00:00<?, ?it/s]
Loading weights:   0%|          | 0/196 [00:00<?, ?it/s][ALoading weights: 100%|██████████| 196/196 [00:00<00:00, 3931.61it/s]
Loading pipeline components...:  17%|█▋        | 1/6 [00:00<00:00,  6.16it/s]Loading pipeline components...:  83%|████████▎ | 5/6 [00:00<00:00, 18.50it/s]Loading pipeline components...: 100%|██████████| 6/6 [00:00<00:00, 15.92it/s]
There are modules in AutoencoderKL that should be kept in float32: []. Casting directly with `to()` can lead to inconsistent results; set `torch_dtype` in `from_pretrained()` instead to keep these modules in float32.
/nfs/home/nelson0314/venvs/wacv/lib/python3.11/site-packages/torchvision/models/_utils.py:207: UserWarning: The parameter 'pretrained' is deprecated since 0.13 and may be removed in the future, please use 'weights' instead.
  warnings.warn(
/nfs/home/nelson0314/venvs/wacv/lib/python3.11/site-packages/torchvision/models/_utils.py:222: UserWarning: Arguments other than a weight enum or `None` for 'weights' are deprecated since 0.13 and may be removed in the future. The current behavior is equivalent to passing `weights=VGG16_Weights.IMAGENET1K_V1`. You can also use `weights=VGG16_Weights.DEFAULT` to get the most up-to-date weights.
  warnings.warn(msg)
IP2P 線：25 張、條件 ['phase_gain']、steps=100 s_T=7.5 s_I=1.5 seed=20260812
/nfs/home/nelson0314/venvs/wacv/lib/python3.11/site-packages/diffusers/image_processor.py:724: FutureWarning: Passing `image` as torch tensor with value range in [-1,1] is deprecated. The expected value range for image tensor is [0,1] when passing as pytorch tensor or numpy Array. You passed `image` with value range [-1.0,1.0]
  warnings.warn(
task_attr_mod_color_11699        phase_gain     r=3.5000 dists=0.1347 lpips=0.2354 effect=0.2946 (80s)
task_attr_mod_color_136767       phase_gain     r=3.5000 dists=0.1972 lpips=0.3306 effect=0.4159 (81s)
task_attr_mod_color_184837       phase_gain     r=3.5000 dists=0.2256 lpips=0.3654 effect=0.4483 (81s)
task_attr_mod_color_32648        phase_gain     r=3.5000 dists=0.0970 lpips=0.2875 effect=0.2802 (81s)
task_attr_mod_color_6205         phase_gain     r=3.5000 dists=0.1690 lpips=0.2437 effect=0.4553 (81s)
task_env_weather_112463          phase_gain     r=3.5000 dists=0.0928 lpips=0.3493 effect=0.3925 (81s)
task_env_weather_133752          phase_gain     r=3.5000 dists=0.1125 lpips=0.3679 effect=0.5693 (81s)
task_env_weather_181583          phase_gain     r=3.5000 dists=0.1280 lpips=0.3695 effect=0.6917 (81s)
task_env_weather_246440          phase_gain     r=3.5000 dists=0.1686 lpips=0.3921 effect=0.4706 (81s)
task_env_weather_63722           phase_gain     r=3.5000 dists=0.1664 lpips=0.3042 effect=0.3496 (81s)
task_obj_add_13726               phase_gain     r=3.5000 dists=0.1967 lpips=0.3875 effect=0.5703 (81s)
task_obj_add_340466              phase_gain     r=3.5000 dists=0.1567 lpips=0.2484 effect=0.3693 (81s)
task_obj_add_40931               phase_gain     r=3.5000 dists=0.1890 lpips=0.5179 effect=0.5077 (81s)
task_obj_add_581286              phase_gain     r=3.5000 dists=0.1105 lpips=0.2652 effect=0.2717 (81s)
task_obj_add_692065              phase_gain     r=3.5000 dists=0.1410 lpips=0.2929 effect=0.3519 (81s)
task_obj_remove_10197            phase_gain     r=3.5000 dists=0.1479 lpips=0.4037 effect=0.4707 (81s)
task_obj_remove_257910           phase_gain     r=3.5000 dists=0.1132 lpips=0.3737 effect=0.3576 (81s)
task_obj_remove_380621           phase_gain     r=3.5000 dists=0.1303 lpips=0.3956 effect=0.5834 (81s)
task_obj_remove_509477           phase_gain     r=3.5000 dists=0.1729 lpips=0.4277 effect=0.4670 (81s)
task_obj_remove_657585           phase_gain     r=3.5000 dists=0.0934 lpips=0.3178 effect=0.3943 (81s)
task_obj_swap_joint_mask_276754  phase_gain     r=3.5000 dists=0.2255 lpips=0.4903 effect=0.2101 (81s)
task_obj_swap_joint_mask_533428  phase_gain     r=3.5000 dists=0.1993 lpips=0.4609 effect=0.5248 (81s)
/nfs/home/nelson0314/venvs/wacv/lib/python3.11/site-packages/diffusers/image_processor.py:724: FutureWarning: Passing `image` as torch tensor with value range in [-1,1] is deprecated. The expected value range for image tensor is [0,1] when passing as pytorch tensor or numpy Array. You passed `image` with value range [-0.9686274528503418,1.0]
  warnings.warn(
task_obj_swap_joint_mask_75733   phase_gain     r=3.5000 dists=0.1621 lpips=0.3746 effect=0.4567 (81s)
task_obj_swap_rand_mask_298147   phase_gain     r=3.5000 dists=0.2098 lpips=0.4899 effect=0.7053 (81s)
task_obj_swap_rand_mask_417469   phase_gain     r=3.5000 dists=0.1628 lpips=0.3758 effect=0.4519 (81s)

表：runs/ip2p_reach_lpips/pg025_r35/results.csv（25 列）
