Loading pipeline components...:   0%|          | 0/6 [00:00<?, ?it/s]Loading pipeline components...:  33%|███▎      | 2/6 [00:00<00:00, 19.93it/s]Loading pipeline components...:  83%|████████▎ | 5/6 [00:00<00:00, 19.93it/s]
Loading weights:   0%|          | 0/196 [00:00<?, ?it/s][ALoading weights: 100%|██████████| 196/196 [00:00<00:00, 3044.90it/s]
Loading pipeline components...: 100%|██████████| 6/6 [00:00<00:00, 13.71it/s]
There are modules in AutoencoderKL that should be kept in float32: []. Casting directly with `to()` can lead to inconsistent results; set `torch_dtype` in `from_pretrained()` instead to keep these modules in float32.
/nfs/home/nelson0314/venvs/wacv/lib/python3.11/site-packages/torchvision/models/_utils.py:207: UserWarning: The parameter 'pretrained' is deprecated since 0.13 and may be removed in the future, please use 'weights' instead.
  warnings.warn(
/nfs/home/nelson0314/venvs/wacv/lib/python3.11/site-packages/torchvision/models/_utils.py:222: UserWarning: Arguments other than a weight enum or `None` for 'weights' are deprecated since 0.13 and may be removed in the future. The current behavior is equivalent to passing `weights=VGG16_Weights.IMAGENET1K_V1`. You can also use `weights=VGG16_Weights.DEFAULT` to get the most up-to-date weights.
  warnings.warn(msg)
IP2P 線：10 張、條件 ['phase']、steps=100 s_T=7.5 s_I=1.5 seed=20260812
/nfs/home/nelson0314/venvs/wacv/lib/python3.11/site-packages/diffusers/image_processor.py:724: FutureWarning: Passing `image` as torch tensor with value range in [-1,1] is deprecated. The expected value range for image tensor is [0,1] when passing as pytorch tensor or numpy Array. You passed `image` with value range [-1.0,1.0]
  warnings.warn(
Warning: You are sending unauthenticated requests to the HF Hub. Please set a HF_TOKEN to enable higher rate limits and faster downloads.
Loading weights:   0%|          | 0/398 [00:00<?, ?it/s]Loading weights: 100%|██████████| 398/398 [00:00<00:00, 10489.78it/s]
[transformers] Model config: bos_token_id must be `None` or an integer within the vocabulary (between 0 and 31999), got 49406. This may result in unexpected behavior.
[transformers] Model config: eos_token_id must be `None` or an integer within the vocabulary (between 0 and 31999), got 49407. This may result in unexpected behavior.
Loading weights:   0%|          | 0/408 [00:00<?, ?it/s]Loading weights:  74%|███████▍  | 302/408 [00:00<00:00, 2992.91it/s]Loading weights: 100%|██████████| 408/408 [00:00<00:00, 3038.17it/s]
task_attr_mod_color_11699        phase          r=0.9000 dists=0.0423 lpips=0.4200 effect=0.3999 (395s)
task_attr_mod_color_136767       phase          r=0.9000 dists=0.0585 lpips=0.3951 effect=0.5674 (384s)
task_attr_mod_color_184837       phase          r=0.9000 dists=0.0491 lpips=0.3716 effect=0.4646 (384s)
task_attr_mod_color_32648        phase          r=0.9000 dists=0.0854 lpips=0.5359 effect=0.5216 (385s)
task_attr_mod_color_6205         phase          r=0.9000 dists=0.0669 lpips=0.4552 effect=0.6136 (385s)
task_env_weather_112463          phase          r=0.9000 dists=0.0216 lpips=0.5319 effect=0.8351 (384s)
task_obj_remove_380621           phase          r=0.9000 dists=0.0571 lpips=0.4649 effect=0.6580 (385s)
task_obj_swap_joint_mask_276754  phase          r=0.9000 dists=0.0430 lpips=0.4256 effect=0.5681 (385s)
task_obj_swap_joint_mask_533428  phase          r=0.9000 dists=0.0348 lpips=0.3946 effect=0.5410 (384s)
task_obj_swap_rand_mask_417469   phase          r=0.9000 dists=0.0379 lpips=0.4378 effect=0.7438 (384s)

表：runs/ip2p_mainline/ours_ph_n/results.csv（10 列）
