Loading pipeline components...:   0%|          | 0/6 [00:00<?, ?it/s]Loading pipeline components...:  33%|███▎      | 2/6 [00:00<00:00, 19.54it/s]Loading pipeline components...:  67%|██████▋   | 4/6 [00:00<00:00,  7.63it/s]
Loading weights:   0%|          | 0/196 [00:00<?, ?it/s][ALoading weights: 100%|██████████| 196/196 [00:00<00:00, 3495.73it/s]
Loading pipeline components...: 100%|██████████| 6/6 [00:00<00:00,  7.01it/s]Loading pipeline components...: 100%|██████████| 6/6 [00:00<00:00,  7.60it/s]
There are modules in AutoencoderKL that should be kept in float32: []. Casting directly with `to()` can lead to inconsistent results; set `torch_dtype` in `from_pretrained()` instead to keep these modules in float32.
/nfs/home/nelson0314/venvs/wacv/lib/python3.11/site-packages/torchvision/models/_utils.py:207: UserWarning: The parameter 'pretrained' is deprecated since 0.13 and may be removed in the future, please use 'weights' instead.
  warnings.warn(
/nfs/home/nelson0314/venvs/wacv/lib/python3.11/site-packages/torchvision/models/_utils.py:222: UserWarning: Arguments other than a weight enum or `None` for 'weights' are deprecated since 0.13 and may be removed in the future. The current behavior is equivalent to passing `weights=VGG16_Weights.IMAGENET1K_V1`. You can also use `weights=VGG16_Weights.DEFAULT` to get the most up-to-date weights.
  warnings.warn(msg)
IP2P 線：10 張、條件 ['phase_gain']、steps=100 s_T=7.5 s_I=1.5 seed=20260812
/nfs/home/nelson0314/venvs/wacv/lib/python3.11/site-packages/diffusers/image_processor.py:724: FutureWarning: Passing `image` as torch tensor with value range in [-1,1] is deprecated. The expected value range for image tensor is [0,1] when passing as pytorch tensor or numpy Array. You passed `image` with value range [-1.0,1.0]
  warnings.warn(
Warning: You are sending unauthenticated requests to the HF Hub. Please set a HF_TOKEN to enable higher rate limits and faster downloads.
Loading weights:   0%|          | 0/398 [00:00<?, ?it/s]Loading weights: 100%|██████████| 398/398 [00:00<00:00, 11006.93it/s]
[transformers] Model config: bos_token_id must be `None` or an integer within the vocabulary (between 0 and 31999), got 49406. This may result in unexpected behavior.
[transformers] Model config: eos_token_id must be `None` or an integer within the vocabulary (between 0 and 31999), got 49407. This may result in unexpected behavior.
Loading weights:   0%|          | 0/408 [00:00<?, ?it/s]Loading weights:  85%|████████▍ | 346/408 [00:00<00:00, 3430.31it/s]Loading weights: 100%|██████████| 408/408 [00:00<00:00, 3353.74it/s]
task_attr_mod_color_11699        phase_gain     r=0.9000 dists=0.0644 lpips=0.4431 effect=0.4397 (409s)
task_attr_mod_color_136767       phase_gain     r=0.9000 dists=0.0992 lpips=0.4230 effect=0.6062 (400s)
task_attr_mod_color_184837       phase_gain     r=0.9000 dists=0.1100 lpips=0.4277 effect=0.5412 (400s)
task_attr_mod_color_32648        phase_gain     r=0.9000 dists=0.0980 lpips=0.5393 effect=0.5610 (401s)
task_attr_mod_color_6205         phase_gain     r=0.9000 dists=0.1015 lpips=0.4735 effect=0.6439 (401s)
task_env_weather_112463          phase_gain     r=0.9000 dists=0.0421 lpips=0.5391 effect=0.8396 (400s)
task_obj_remove_380621           phase_gain     r=0.9000 dists=0.0842 lpips=0.4828 effect=0.6974 (401s)
task_obj_swap_joint_mask_276754  phase_gain     r=0.9000 dists=0.0808 lpips=0.4489 effect=0.6804 (401s)
task_obj_swap_joint_mask_533428  phase_gain     r=0.9000 dists=0.0714 lpips=0.4415 effect=0.5842 (400s)
task_obj_swap_rand_mask_417469   phase_gain     r=0.9000 dists=0.0615 lpips=0.4647 effect=0.7786 (373s)

表：runs/ip2p_mainline/ours_pg_n/results.csv（10 列）
