Warning: You are sending unauthenticated requests to the HF Hub. Please set a HF_TOKEN to enable higher rate limits and faster downloads.
Loading pipeline components...:   0%|          | 0/6 [00:00<?, ?it/s]Loading pipeline components...:  17%|█▋        | 1/6 [00:00<00:01,  2.84it/s]
Loading weights:   0%|          | 0/196 [00:00<?, ?it/s][A
Loading weights:  24%|██▍       | 48/196 [00:00<00:00, 473.08it/s][A
Loading weights:  67%|██████▋   | 131/196 [00:00<00:00, 670.51it/s][ALoading weights: 100%|██████████| 196/196 [00:00<00:00, 709.03it/s]
Loading pipeline components...:  33%|███▎      | 2/6 [00:00<00:01,  2.39it/s]Loading pipeline components...: 100%|██████████| 6/6 [00:00<00:00,  7.80it/s]Loading pipeline components...: 100%|██████████| 6/6 [00:00<00:00,  6.09it/s]
There are modules in AutoencoderKL that should be kept in float32: []. Casting directly with `to()` can lead to inconsistent results; set `torch_dtype` in `from_pretrained()` instead to keep these modules in float32.
/nfs/home/nelson0314/venvs/wacv/lib/python3.11/site-packages/torchvision/models/_utils.py:207: UserWarning: The parameter 'pretrained' is deprecated since 0.13 and may be removed in the future, please use 'weights' instead.
  warnings.warn(
/nfs/home/nelson0314/venvs/wacv/lib/python3.11/site-packages/torchvision/models/_utils.py:222: UserWarning: Arguments other than a weight enum or `None` for 'weights' are deprecated since 0.13 and may be removed in the future. The current behavior is equivalent to passing `weights=VGG16_Weights.IMAGENET1K_V1`. You can also use `weights=VGG16_Weights.DEFAULT` to get the most up-to-date weights.
  warnings.warn(msg)
IP2P 線：10 張、條件 ['phase_gain']、steps=100 s_T=7.5 s_I=1.5 seed=20260812
/nfs/home/nelson0314/venvs/wacv/lib/python3.11/site-packages/diffusers/image_processor.py:724: FutureWarning: Passing `image` as torch tensor with value range in [-1,1] is deprecated. The expected value range for image tensor is [0,1] when passing as pytorch tensor or numpy Array. You passed `image` with value range [-1.0,1.0]
  warnings.warn(
Loading weights:   0%|          | 0/398 [00:00<?, ?it/s]Loading weights: 100%|██████████| 398/398 [00:00<00:00, 10392.15it/s]
[transformers] Model config: bos_token_id must be `None` or an integer within the vocabulary (between 0 and 31999), got 49406. This may result in unexpected behavior.
[transformers] Model config: eos_token_id must be `None` or an integer within the vocabulary (between 0 and 31999), got 49407. This may result in unexpected behavior.
Loading weights:   0%|          | 0/408 [00:00<?, ?it/s]Loading weights:  68%|██████▊   | 279/408 [00:00<00:00, 2775.97it/s]Loading weights: 100%|██████████| 408/408 [00:00<00:00, 2719.51it/s]
task_attr_mod_color_11699        phase_gain     r=2.0000 dists=0.1253 lpips=0.5269 effect=0.5930 (407s)
task_attr_mod_color_136767       phase_gain     r=2.0000 dists=0.1661 lpips=0.4993 effect=0.6302 (397s)
task_attr_mod_color_184837       phase_gain     r=2.0000 dists=0.2124 lpips=0.5164 effect=0.7845 (397s)
task_attr_mod_color_32648        phase_gain     r=2.0000 dists=0.1414 lpips=0.5690 effect=0.6151 (397s)
task_attr_mod_color_6205         phase_gain     r=2.0000 dists=0.1537 lpips=0.5429 effect=0.7441 (397s)
task_env_weather_112463          phase_gain     r=2.0000 dists=0.0872 lpips=0.5819 effect=0.8668 (397s)
task_obj_remove_380621           phase_gain     r=2.0000 dists=0.1367 lpips=0.5449 effect=0.7357 (397s)
task_obj_swap_joint_mask_276754  phase_gain     r=2.0000 dists=0.1675 lpips=0.5012 effect=0.6878 (396s)
task_obj_swap_joint_mask_533428  phase_gain     r=2.0000 dists=0.1405 lpips=0.5231 effect=0.6373 (396s)
task_obj_swap_rand_mask_417469   phase_gain     r=2.0000 dists=0.1219 lpips=0.5340 effect=0.7770 (396s)

表：runs/ip2p_mainline/ours_pg_m/results.csv（10 列）
