Warning: You are sending unauthenticated requests to the HF Hub. Please set a HF_TOKEN to enable higher rate limits and faster downloads.
Loading pipeline components...:   0%|          | 0/6 [00:00<?, ?it/s]Loading pipeline components...:  17%|█▋        | 1/6 [00:00<00:00,  8.72it/s]
Loading weights:   0%|          | 0/196 [00:00<?, ?it/s][ALoading weights: 100%|██████████| 196/196 [00:00<00:00, 3431.68it/s]
Loading pipeline components...:  50%|█████     | 3/6 [00:00<00:00,  7.95it/s]Loading pipeline components...: 100%|██████████| 6/6 [00:00<00:00, 14.19it/s]
There are modules in AutoencoderKL that should be kept in float32: []. Casting directly with `to()` can lead to inconsistent results; set `torch_dtype` in `from_pretrained()` instead to keep these modules in float32.
/nfs/home/nelson0314/venvs/wacv/lib/python3.11/site-packages/torchvision/models/_utils.py:207: UserWarning: The parameter 'pretrained' is deprecated since 0.13 and may be removed in the future, please use 'weights' instead.
  warnings.warn(
/nfs/home/nelson0314/venvs/wacv/lib/python3.11/site-packages/torchvision/models/_utils.py:222: UserWarning: Arguments other than a weight enum or `None` for 'weights' are deprecated since 0.13 and may be removed in the future. The current behavior is equivalent to passing `weights=VGG16_Weights.IMAGENET1K_V1`. You can also use `weights=VGG16_Weights.DEFAULT` to get the most up-to-date weights.
  warnings.warn(msg)
/nfs/home/nelson0314/venvs/wacv/lib/python3.11/site-packages/diffusers/image_processor.py:724: FutureWarning: Passing `image` as torch tensor with value range in [-1,1] is deprecated. The expected value range for image tensor is [0,1] when passing as pytorch tensor or numpy Array. You passed `image` with value range [-1.0,1.0]
  warnings.warn(
=== task_attr_mod_color_11699 / disp_k1_opt ===
Loading weights:   0%|          | 0/398 [00:00<?, ?it/s]Loading weights: 100%|██████████| 398/398 [00:00<00:00, 13005.09it/s]
[transformers] Model config: bos_token_id must be `None` or an integer within the vocabulary (between 0 and 31999), got 49406. This may result in unexpected behavior.
[transformers] Model config: eos_token_id must be `None` or an integer within the vocabulary (between 0 and 31999), got 49407. This may result in unexpected behavior.
Loading weights:   0%|          | 0/408 [00:00<?, ?it/s]Loading weights:  80%|███████▉  | 326/408 [00:00<00:00, 3259.16it/s]Loading weights: 100%|██████████| 408/408 [00:00<00:00, 3042.45it/s]
/nfs/home/nelson0314/venvs/wacv/lib/python3.11/site-packages/diffusers/image_processor.py:724: FutureWarning: Passing `image` as torch tensor with value range in [-1,1] is deprecated. The expected value range for image tensor is [0,1] when passing as pytorch tensor or numpy Array. You passed `image` with value range [-1.0,0.9185339212417603]
  warnings.warn(
/nfs/home/nelson0314/venvs/wacv/lib/python3.11/site-packages/diffusers/image_processor.py:724: FutureWarning: Passing `image` as torch tensor with value range in [-1,1] is deprecated. The expected value range for image tensor is [0,1] when passing as pytorch tensor or numpy Array. You passed `image` with value range [-0.9975207448005676,0.8906124830245972]
  warnings.warn(
    分母塌陷：effect(identity) mean=0.0612 sd=nan，本格的 retention 不可用
    identity=0.0612, blur1=0.1839, jpeg90=0.1034, jpeg75=0.1579, jpeg50=0.2154, jpeg30=0.2736, blur2=0.2983, crop_resize0.1=0.5110, crop_resize0.15=0.6015
=== task_attr_mod_color_136767 / disp_k1_opt ===
/nfs/home/nelson0314/venvs/wacv/lib/python3.11/site-packages/diffusers/image_processor.py:724: FutureWarning: Passing `image` as torch tensor with value range in [-1,1] is deprecated. The expected value range for image tensor is [0,1] when passing as pytorch tensor or numpy Array. You passed `image` with value range [-1.0,0.9999997615814209]
  warnings.warn(
/nfs/home/nelson0314/venvs/wacv/lib/python3.11/site-packages/diffusers/image_processor.py:724: FutureWarning: Passing `image` as torch tensor with value range in [-1,1] is deprecated. The expected value range for image tensor is [0,1] when passing as pytorch tensor or numpy Array. You passed `image` with value range [-0.9982045292854309,0.9994914531707764]
  warnings.warn(
    分母塌陷：effect(identity) mean=0.0654 sd=nan，本格的 retention 不可用
    identity=0.0654, blur1=0.1759, jpeg90=0.0813, jpeg75=0.1175, jpeg50=0.1705, jpeg30=0.2225, blur2=0.3083, crop_resize0.1=0.4924, crop_resize0.15=0.5412
=== task_attr_mod_color_184837 / disp_k1_opt ===
/nfs/home/nelson0314/venvs/wacv/lib/python3.11/site-packages/diffusers/image_processor.py:724: FutureWarning: Passing `image` as torch tensor with value range in [-1,1] is deprecated. The expected value range for image tensor is [0,1] when passing as pytorch tensor or numpy Array. You passed `image` with value range [-0.998162567615509,0.9653223752975464]
  warnings.warn(
/nfs/home/nelson0314/venvs/wacv/lib/python3.11/site-packages/diffusers/image_processor.py:724: FutureWarning: Passing `image` as torch tensor with value range in [-1,1] is deprecated. The expected value range for image tensor is [0,1] when passing as pytorch tensor or numpy Array. You passed `image` with value range [-0.9806658029556274,0.9448877573013306]
  warnings.warn(
    分母塌陷：effect(identity) mean=0.0974 sd=nan，本格的 retention 不可用
    identity=0.0974, blur1=0.1922, jpeg90=0.1066, jpeg75=0.1346, jpeg50=0.1989, jpeg30=0.2202, blur2=0.3548, crop_resize0.1=0.6419, crop_resize0.15=0.6944
=== task_attr_mod_color_32648 / disp_k1_opt ===
/nfs/home/nelson0314/venvs/wacv/lib/python3.11/site-packages/diffusers/image_processor.py:724: FutureWarning: Passing `image` as torch tensor with value range in [-1,1] is deprecated. The expected value range for image tensor is [0,1] when passing as pytorch tensor or numpy Array. You passed `image` with value range [-0.9992271661758423,0.9998025894165039]
  warnings.warn(
/nfs/home/nelson0314/venvs/wacv/lib/python3.11/site-packages/diffusers/image_processor.py:724: FutureWarning: Passing `image` as torch tensor with value range in [-1,1] is deprecated. The expected value range for image tensor is [0,1] when passing as pytorch tensor or numpy Array. You passed `image` with value range [-0.9905733466148376,0.9651288986206055]
  warnings.warn(
    分母塌陷：effect(identity) mean=0.0355 sd=nan，本格的 retention 不可用
    identity=0.0355, blur1=0.1413, jpeg90=0.0756, jpeg75=0.1268, jpeg50=0.1978, jpeg30=0.2643, blur2=0.2381, crop_resize0.1=0.3506, crop_resize0.15=0.4060
=== task_attr_mod_color_6205 / disp_k1_opt ===
/nfs/home/nelson0314/venvs/wacv/lib/python3.11/site-packages/diffusers/image_processor.py:724: FutureWarning: Passing `image` as torch tensor with value range in [-1,1] is deprecated. The expected value range for image tensor is [0,1] when passing as pytorch tensor or numpy Array. You passed `image` with value range [-1.0,0.9963375329971313]
  warnings.warn(
/nfs/home/nelson0314/venvs/wacv/lib/python3.11/site-packages/diffusers/image_processor.py:724: FutureWarning: Passing `image` as torch tensor with value range in [-1,1] is deprecated. The expected value range for image tensor is [0,1] when passing as pytorch tensor or numpy Array. You passed `image` with value range [-0.9948858022689819,0.9730665683746338]
  warnings.warn(
    分母塌陷：effect(identity) mean=0.0443 sd=nan，本格的 retention 不可用
    identity=0.0443, blur1=0.2307, jpeg90=0.0691, jpeg75=0.1029, jpeg50=0.1500, jpeg30=0.2290, blur2=0.3839, crop_resize0.1=0.5994, crop_resize0.15=0.6724

表：runs/ip2p_dispersion_opt_purify/d1_opt_color.csv（45 列）
