[thresholds] tau_acut = 0.16 （由 τ_train=0.2 依比例導出）
[thresholds] tau_chroma = 3.2 （由 τ_train=0.2 依比例導出）
[env] 載入 SDInpaintWrapper(runwayml/stable-diffusion-inpainting) dtype=torch.float32
Warning: You are sending unauthenticated requests to the HF Hub. Please set a HF_TOKEN to enable higher rate limits and faster downloads.
Loading pipeline components...:   0%|          | 0/6 [00:00<?, ?it/s]
Loading weights:   0%|          | 0/196 [00:00<?, ?it/s][ALoading weights: 100%|██████████| 196/196 [00:00<00:00, 18129.13it/s]
Loading pipeline components...:  33%|███▎      | 2/6 [00:00<00:00, 10.11it/s]An error occurred while trying to fetch /var/cache/huggingface/hub/models--runwayml--stable-diffusion-inpainting/snapshots/8a4288a76071f7280aedbdb3253bdb9e9d5d84bb/vae: Error no file named diffusion_pytorch_model.safetensors found in directory /var/cache/huggingface/hub/models--runwayml--stable-diffusion-inpainting/snapshots/8a4288a76071f7280aedbdb3253bdb9e9d5d84bb/vae.
Defaulting to unsafe serialization. Pass `allow_pickle=False` to raise an error instead.
An error occurred while trying to fetch /var/cache/huggingface/hub/models--runwayml--stable-diffusion-inpainting/snapshots/8a4288a76071f7280aedbdb3253bdb9e9d5d84bb/unet: Error no file named diffusion_pytorch_model.safetensors found in directory /var/cache/huggingface/hub/models--runwayml--stable-diffusion-inpainting/snapshots/8a4288a76071f7280aedbdb3253bdb9e9d5d84bb/unet.
Defaulting to unsafe serialization. Pass `allow_pickle=False` to raise an error instead.
Loading pipeline components...: 100%|██████████| 6/6 [00:00<00:00, 10.10it/s]Loading pipeline components...: 100%|██████████| 6/6 [00:00<00:00, 10.10it/s]
There are modules in UNet2DConditionModel that should be kept in float32: []. Casting directly with `to()` can lead to inconsistent results; set `torch_dtype` in `from_pretrained()` instead to keep these modules in float32.
There are modules in AutoencoderKL that should be kept in float32: []. Casting directly with `to()` can lead to inconsistent results; set `torch_dtype` in `from_pretrained()` instead to keep these modules in float32.
/nfs/home/nelson0314/venvs/wacv/lib/python3.11/site-packages/torchvision/models/_utils.py:207: UserWarning: The parameter 'pretrained' is deprecated since 0.13 and may be removed in the future, please use 'weights' instead.
  warnings.warn(
/nfs/home/nelson0314/venvs/wacv/lib/python3.11/site-packages/torchvision/models/_utils.py:222: UserWarning: Arguments other than a weight enum or `None` for 'weights' are deprecated since 0.13 and may be removed in the future. The current behavior is equivalent to passing `weights=VGG16_Weights.IMAGENET1K_V1`. You can also use `weights=VGG16_Weights.DEFAULT` to get the most up-to-date weights.
  warnings.warn(msg)
[env] 影像 3 張：['bird_03', 'cat_02', 'dog_03']
  [mask] bird_03 content='bird' 涵蓋率=0.483 注意力圖邊長=64
  [mask] cat_02 content='cat' 涵蓋率=0.314 注意力圖邊長=64
  [mask] dog_03 content='dog' 涵蓋率=0.875 注意力圖邊長=64
Loading weights:   0%|          | 0/398 [00:00<?, ?it/s]Loading weights: 100%|██████████| 398/398 [00:00<00:00, 8150.80it/s]
[transformers] Model config: bos_token_id must be `None` or an integer within the vocabulary (between 0 and 31999), got 49406. This may result in unexpected behavior.
[transformers] Model config: eos_token_id must be `None` or an integer within the vocabulary (between 0 and 31999), got 49407. This may result in unexpected behavior.
Loading weights:   0%|          | 0/408 [00:00<?, ?it/s]Loading weights:  50%|█████     | 204/408 [00:00<00:00, 2016.20it/s]Loading weights: 100%|██████████| 408/408 [00:00<00:00, 3059.25it/s]
Traceback (most recent call last):
  File "/nfs/home/nelson0314/WACV/scripts/run_stage.py", line 606, in <module>
    raise SystemExit(main())
                     ^^^^^^
  File "/nfs/home/nelson0314/WACV/scripts/run_stage.py", line 544, in main
    out = executors.run_calibration(res)
          ^^^^^^^^^^^^^^^^^^^^^^^^^^^^^^
  File "/nfs/home/nelson0314/WACV/src/experiment/executors.py", line 1946, in run_calibration
    for key, value in calibrate_lr(res, calib_dir).items():
                      ^^^^^^^^^^^^^^^^^^^^^^^^^^^^
  File "/nfs/home/nelson0314/WACV/src/experiment/executors.py", line 1668, in calibrate_lr
    probes = [_probe_lr(res, cond, entry, spec.lr_key, lr,
             ^^^^^^^^^^^^^^^^^^^^^^^^^^^^^^^^^^^^^^^^^^^^^
  File "/nfs/home/nelson0314/WACV/src/experiment/executors.py", line 1668, in <listcomp>
    probes = [_probe_lr(res, cond, entry, spec.lr_key, lr,
              ^^^^^^^^^^^^^^^^^^^^^^^^^^^^^^^^^^^^^^^^^^^^
  File "/nfs/home/nelson0314/WACV/src/experiment/executors.py", line 1523, in _probe_lr
    result = optimize(
             ^^^^^^^^^
  File "/nfs/home/nelson0314/WACV/src/defense/optimize.py", line 959, in optimize
    step_fn = _build_attn_step(
              ^^^^^^^^^^^^^^^^^
  File "/nfs/home/nelson0314/WACV/src/defense/optimize.py", line 1071, in _build_attn_step
    t_edit = min(int(sd.num_train_timesteps * cfg.strength),
                     ~~~~~~~~~~~~~~~~~~~~~~~^~~~~~~~~~~~~~
TypeError: unsupported operand type(s) for *: 'int' and 'NoneType'
[exit 1]
