Warning: You are sending unauthenticated requests to the HF Hub. Please set a HF_TOKEN to enable higher rate limits and faster downloads.
Loading pipeline components...:   0%|          | 0/6 [00:00<?, ?it/s]Loading pipeline components...:  33%|███▎      | 2/6 [00:00<00:00, 13.14it/s]Loading pipeline components...:  67%|██████▋   | 4/6 [00:00<00:00, 13.90it/s]
Loading weights:   0%|          | 0/196 [00:00<?, ?it/s][ALoading weights: 100%|██████████| 196/196 [00:00<00:00, 3168.89it/s]
Loading pipeline components...: 100%|██████████| 6/6 [00:00<00:00, 12.34it/s]Loading pipeline components...: 100%|██████████| 6/6 [00:00<00:00, 12.65it/s]
There are modules in AutoencoderKL that should be kept in float32: []. Casting directly with `to()` can lead to inconsistent results; set `torch_dtype` in `from_pretrained()` instead to keep these modules in float32.
/nfs/home/nelson0314/venvs/wacv/lib/python3.11/site-packages/torchvision/models/_utils.py:207: UserWarning: The parameter 'pretrained' is deprecated since 0.13 and may be removed in the future, please use 'weights' instead.
  warnings.warn(
/nfs/home/nelson0314/venvs/wacv/lib/python3.11/site-packages/torchvision/models/_utils.py:222: UserWarning: Arguments other than a weight enum or `None` for 'weights' are deprecated since 0.13 and may be removed in the future. The current behavior is equivalent to passing `weights=VGG16_Weights.IMAGENET1K_V1`. You can also use `weights=VGG16_Weights.DEFAULT` to get the most up-to-date weights.
  warnings.warn(msg)
/nfs/home/nelson0314/venvs/wacv/lib/python3.11/site-packages/diffusers/image_processor.py:724: FutureWarning: Passing `image` as torch tensor with value range in [-1,1] is deprecated. The expected value range for image tensor is [0,1] when passing as pytorch tensor or numpy Array. You passed `image` with value range [-1.0,1.0]
  warnings.warn(
=== task_attr_mod_color_11699 / phase_gain ===
Loading weights:   0%|          | 0/398 [00:00<?, ?it/s]Loading weights: 100%|██████████| 398/398 [00:00<00:00, 23520.68it/s]
[transformers] Model config: bos_token_id must be `None` or an integer within the vocabulary (between 0 and 31999), got 49406. This may result in unexpected behavior.
[transformers] Model config: eos_token_id must be `None` or an integer within the vocabulary (between 0 and 31999), got 49407. This may result in unexpected behavior.
Loading weights:   0%|          | 0/408 [00:00<?, ?it/s]Loading weights:  59%|█████▊    | 239/408 [00:00<00:00, 2380.61it/s]Loading weights: 100%|██████████| 408/408 [00:00<00:00, 2279.23it/s]
/nfs/home/nelson0314/venvs/wacv/lib/python3.11/site-packages/diffusers/image_processor.py:724: FutureWarning: Passing `image` as torch tensor with value range in [-1,1] is deprecated. The expected value range for image tensor is [0,1] when passing as pytorch tensor or numpy Array. You passed `image` with value range [-0.9979025721549988,0.9400140047073364]
  warnings.warn(
    identity=0.5307, blur1=0.2903, jpeg75=0.5194, jpeg30=0.4227, crop_resize0.1=0.5911, jpeg_then_resize75=0.3072, adverse_cleaner=0.4933
=== task_attr_mod_color_136767 / phase_gain ===
/nfs/home/nelson0314/venvs/wacv/lib/python3.11/site-packages/diffusers/image_processor.py:724: FutureWarning: Passing `image` as torch tensor with value range in [-1,1] is deprecated. The expected value range for image tensor is [0,1] when passing as pytorch tensor or numpy Array. You passed `image` with value range [-0.9940623044967651,0.9983431100845337]
  warnings.warn(
    identity=0.5855, blur1=0.3760, jpeg75=0.5985, jpeg30=0.4253, crop_resize0.1=0.6022, jpeg_then_resize75=0.3522, adverse_cleaner=0.5758
=== task_attr_mod_color_184837 / phase_gain ===
/nfs/home/nelson0314/venvs/wacv/lib/python3.11/site-packages/diffusers/image_processor.py:724: FutureWarning: Passing `image` as torch tensor with value range in [-1,1] is deprecated. The expected value range for image tensor is [0,1] when passing as pytorch tensor or numpy Array. You passed `image` with value range [-0.989675760269165,0.9706776142120361]
  warnings.warn(
    identity=0.7385, blur1=0.4101, jpeg75=0.7138, jpeg30=0.5104, crop_resize0.1=0.7079, jpeg_then_resize75=0.3592, adverse_cleaner=0.7062
=== task_attr_mod_color_32648 / phase_gain ===
/nfs/home/nelson0314/venvs/wacv/lib/python3.11/site-packages/diffusers/image_processor.py:724: FutureWarning: Passing `image` as torch tensor with value range in [-1,1] is deprecated. The expected value range for image tensor is [0,1] when passing as pytorch tensor or numpy Array. You passed `image` with value range [-0.9877364635467529,0.9921267032623291]
  warnings.warn(
    identity=0.4863, blur1=0.3231, jpeg75=0.5362, jpeg30=0.3645, crop_resize0.1=0.5281, jpeg_then_resize75=0.3340, adverse_cleaner=0.4193
=== task_attr_mod_color_6205 / phase_gain ===
/nfs/home/nelson0314/venvs/wacv/lib/python3.11/site-packages/diffusers/image_processor.py:724: FutureWarning: Passing `image` as torch tensor with value range in [-1,1] is deprecated. The expected value range for image tensor is [0,1] when passing as pytorch tensor or numpy Array. You passed `image` with value range [-0.9943141937255859,0.9765046834945679]
  warnings.warn(
    identity=0.6424, blur1=0.3613, jpeg75=0.6518, jpeg30=0.4674, crop_resize0.1=0.6913, jpeg_then_resize75=0.3588, adverse_cleaner=0.6196

表：runs/ip2p_purify_headtohead/deliver_jpeg/qd85_r20_color.csv（35 列）
