Warning: You are sending unauthenticated requests to the HF Hub. Please set a HF_TOKEN to enable higher rate limits and faster downloads.
Loading pipeline components...:   0%|          | 0/6 [00:00<?, ?it/s]Loading pipeline components...:  50%|█████     | 3/6 [00:00<00:00, 26.43it/s]
Loading weights:   0%|          | 0/196 [00:00<?, ?it/s][A
Loading weights:  45%|████▌     | 89/196 [00:00<00:00, 889.03it/s][ALoading weights: 100%|██████████| 196/196 [00:00<00:00, 1054.70it/s]
Loading pipeline components...: 100%|██████████| 6/6 [00:00<00:00,  8.93it/s]Loading pipeline components...: 100%|██████████| 6/6 [00:00<00:00,  9.91it/s]
There are modules in AutoencoderKL that should be kept in float32: []. Casting directly with `to()` can lead to inconsistent results; set `torch_dtype` in `from_pretrained()` instead to keep these modules in float32.
/nfs/home/nelson0314/venvs/wacv/lib/python3.11/site-packages/torchvision/models/_utils.py:207: UserWarning: The parameter 'pretrained' is deprecated since 0.13 and may be removed in the future, please use 'weights' instead.
  warnings.warn(
/nfs/home/nelson0314/venvs/wacv/lib/python3.11/site-packages/torchvision/models/_utils.py:222: UserWarning: Arguments other than a weight enum or `None` for 'weights' are deprecated since 0.13 and may be removed in the future. The current behavior is equivalent to passing `weights=VGG16_Weights.IMAGENET1K_V1`. You can also use `weights=VGG16_Weights.DEFAULT` to get the most up-to-date weights.
  warnings.warn(msg)
/nfs/home/nelson0314/venvs/wacv/lib/python3.11/site-packages/diffusers/image_processor.py:724: FutureWarning: Passing `image` as torch tensor with value range in [-1,1] is deprecated. The expected value range for image tensor is [0,1] when passing as pytorch tensor or numpy Array. You passed `image` with value range [-1.0,1.0]
  warnings.warn(
=== task_env_weather_112463 / phase_gain ===
Loading weights:   0%|          | 0/398 [00:00<?, ?it/s]Loading weights: 100%|██████████| 398/398 [00:00<00:00, 16657.18it/s]
[transformers] Model config: bos_token_id must be `None` or an integer within the vocabulary (between 0 and 31999), got 49406. This may result in unexpected behavior.
[transformers] Model config: eos_token_id must be `None` or an integer within the vocabulary (between 0 and 31999), got 49407. This may result in unexpected behavior.
Loading weights:   0%|          | 0/408 [00:00<?, ?it/s]Loading weights:  62%|██████▏   | 252/408 [00:00<00:00, 2513.10it/s]Loading weights: 100%|██████████| 408/408 [00:00<00:00, 2490.74it/s]
/nfs/home/nelson0314/venvs/wacv/lib/python3.11/site-packages/diffusers/image_processor.py:724: FutureWarning: Passing `image` as torch tensor with value range in [-1,1] is deprecated. The expected value range for image tensor is [0,1] when passing as pytorch tensor or numpy Array. You passed `image` with value range [-0.9887285828590393,0.9860836267471313]
  warnings.warn(
    identity=0.6228, blur1=0.3387, jpeg75=0.5838, jpeg30=0.5138, crop_resize0.1=0.6946, jpeg_then_resize75=0.3193, adverse_cleaner=0.5753
=== task_env_weather_246440 / phase_gain ===
/nfs/home/nelson0314/venvs/wacv/lib/python3.11/site-packages/diffusers/image_processor.py:724: FutureWarning: Passing `image` as torch tensor with value range in [-1,1] is deprecated. The expected value range for image tensor is [0,1] when passing as pytorch tensor or numpy Array. You passed `image` with value range [-0.9983272552490234,0.9852336645126343]
  warnings.warn(
    identity=0.6014, blur1=0.4281, jpeg75=0.5634, jpeg30=0.4812, crop_resize0.1=0.6513, jpeg_then_resize75=0.4007, adverse_cleaner=0.5780
=== task_env_weather_63722 / phase_gain ===
/nfs/home/nelson0314/venvs/wacv/lib/python3.11/site-packages/diffusers/image_processor.py:724: FutureWarning: Passing `image` as torch tensor with value range in [-1,1] is deprecated. The expected value range for image tensor is [0,1] when passing as pytorch tensor or numpy Array. You passed `image` with value range [-0.9694231748580933,0.810055136680603]
  warnings.warn(
/nfs/home/nelson0314/venvs/wacv/lib/python3.11/site-packages/diffusers/image_processor.py:724: FutureWarning: Passing `image` as torch tensor with value range in [-1,1] is deprecated. The expected value range for image tensor is [0,1] when passing as pytorch tensor or numpy Array. You passed `image` with value range [-1.0,0.9921568632125854]
  warnings.warn(
    identity=0.5192, blur1=0.3012, jpeg75=0.5249, jpeg30=0.4085, crop_resize0.1=0.5794, jpeg_then_resize75=0.3199, adverse_cleaner=0.5023

表：runs/ip2p_purify_headtohead/deliver_jpeg/qd85_r15_scene.csv（21 列）
