Warning: You are sending unauthenticated requests to the HF Hub. Please set a HF_TOKEN to enable higher rate limits and faster downloads.
Loading pipeline components...:   0%|          | 0/6 [00:00<?, ?it/s]Loading pipeline components...:  50%|█████     | 3/6 [00:00<00:00, 19.69it/s]
Loading weights:   0%|          | 0/196 [00:00<?, ?it/s][ALoading weights: 100%|██████████| 196/196 [00:00<00:00, 6876.71it/s]
Loading pipeline components...: 100%|██████████| 6/6 [00:00<00:00,  8.95it/s]Loading pipeline components...: 100%|██████████| 6/6 [00:00<00:00,  9.74it/s]
There are modules in AutoencoderKL that should be kept in float32: []. Casting directly with `to()` can lead to inconsistent results; set `torch_dtype` in `from_pretrained()` instead to keep these modules in float32.
/venv/main/lib/python3.12/site-packages/torchvision/models/_utils.py:208: UserWarning: The parameter 'pretrained' is deprecated since 0.13 and may be removed in the future, please use 'weights' instead.
  warnings.warn(
/venv/main/lib/python3.12/site-packages/torchvision/models/_utils.py:223: UserWarning: Arguments other than a weight enum or `None` for 'weights' are deprecated since 0.13 and may be removed in the future. The current behavior is equivalent to passing `weights=VGG16_Weights.IMAGENET1K_V1`. You can also use `weights=VGG16_Weights.DEFAULT` to get the most up-to-date weights.
  warnings.warn(msg)
[purify] 相依不齊，跳過：['gridpure']
/venv/main/lib/python3.12/site-packages/diffusers/image_processor.py:724: FutureWarning: Passing `image` as torch tensor with value range in [-1,1] is deprecated. The expected value range for image tensor is [0,1] when passing as pytorch tensor or numpy Array. You passed `image` with value range [-1.0,1.0]
  warnings.warn(
=== task_attr_mod_color_32648 / floor ===
/venv/main/lib/python3.12/site-packages/diffusers/image_processor.py:724: FutureWarning: Passing `image` as torch tensor with value range in [-1,1] is deprecated. The expected value range for image tensor is [0,1] when passing as pytorch tensor or numpy Array. You passed `image` with value range [-0.9985557198524475,0.9954378604888916]
  warnings.warn(
    identity=0.0000, blur1=0.1129, jpeg75=0.0999, crop_resize0.1=0.3426
=== task_env_weather_181583 / floor ===
/venv/main/lib/python3.12/site-packages/diffusers/image_processor.py:724: FutureWarning: Passing `image` as torch tensor with value range in [-1,1] is deprecated. The expected value range for image tensor is [0,1] when passing as pytorch tensor or numpy Array. You passed `image` with value range [-0.9668146371841431,0.9999996423721313]
  warnings.warn(
    identity=0.0000, blur1=0.1447, jpeg75=0.2272, crop_resize0.1=0.6275
=== task_obj_add_340466 / floor ===
/venv/main/lib/python3.12/site-packages/diffusers/image_processor.py:724: FutureWarning: Passing `image` as torch tensor with value range in [-1,1] is deprecated. The expected value range for image tensor is [0,1] when passing as pytorch tensor or numpy Array. You passed `image` with value range [-0.9901984333992004,0.9374228715896606]
  warnings.warn(
    identity=0.0000, blur1=0.1751, jpeg75=0.1127, crop_resize0.1=0.5942
=== task_obj_remove_10197 / floor ===
/venv/main/lib/python3.12/site-packages/diffusers/image_processor.py:724: FutureWarning: Passing `image` as torch tensor with value range in [-1,1] is deprecated. The expected value range for image tensor is [0,1] when passing as pytorch tensor or numpy Array. You passed `image` with value range [-0.9911041855812073,0.9724909067153931]
  warnings.warn(
    identity=0.0000, blur1=0.4217, jpeg75=0.1362, crop_resize0.1=0.5935
=== task_obj_remove_657585 / floor ===
/venv/main/lib/python3.12/site-packages/diffusers/image_processor.py:724: FutureWarning: Passing `image` as torch tensor with value range in [-1,1] is deprecated. The expected value range for image tensor is [0,1] when passing as pytorch tensor or numpy Array. You passed `image` with value range [-0.9998395442962646,0.9998009204864502]
  warnings.warn(
    identity=0.0000, blur1=0.1999, jpeg75=0.1342, crop_resize0.1=0.5651
=== task_obj_swap_rand_mask_298147 / floor ===
