Warning: You are sending unauthenticated requests to the HF Hub. Please set a HF_TOKEN to enable higher rate limits and faster downloads.
Loading pipeline components...:   0%|          | 0/6 [00:00<?, ?it/s]Loading pipeline components...:  17%|█▋        | 1/6 [00:00<00:00,  7.79it/s]Loading pipeline components...:  67%|██████▋   | 4/6 [00:00<00:00, 19.45it/s]
Loading weights:   0%|          | 0/196 [00:00<?, ?it/s][ALoading weights: 100%|██████████| 196/196 [00:00<00:00, 4267.88it/s]
Loading pipeline components...: 100%|██████████| 6/6 [00:00<00:00, 15.98it/s]
There are modules in AutoencoderKL that should be kept in float32: []. Casting directly with `to()` can lead to inconsistent results; set `torch_dtype` in `from_pretrained()` instead to keep these modules in float32.
/venv/main/lib/python3.12/site-packages/torchvision/models/_utils.py:208: UserWarning: The parameter 'pretrained' is deprecated since 0.13 and may be removed in the future, please use 'weights' instead.
  warnings.warn(
/venv/main/lib/python3.12/site-packages/torchvision/models/_utils.py:223: UserWarning: Arguments other than a weight enum or `None` for 'weights' are deprecated since 0.13 and may be removed in the future. The current behavior is equivalent to passing `weights=VGG16_Weights.IMAGENET1K_V1`. You can also use `weights=VGG16_Weights.DEFAULT` to get the most up-to-date weights.
  warnings.warn(msg)
IP2P 線：7 張、條件 ['phase']、steps=100 s_T=7.5 s_I=1.5 seed=20260812
/venv/main/lib/python3.12/site-packages/diffusers/image_processor.py:724: FutureWarning: Passing `image` as torch tensor with value range in [-1,1] is deprecated. The expected value range for image tensor is [0,1] when passing as pytorch tensor or numpy Array. You passed `image` with value range [-1.0,1.0]
  warnings.warn(
task_attr_mod_color_11699        phase          r=1.3000 dists=0.0328 lpips=0.1077 effect=0.1401 (76s)
task_attr_mod_color_6205         phase          r=1.3000 dists=0.0734 lpips=0.1107 effect=0.2374 (76s)
task_env_weather_246440          phase          r=1.3000 dists=0.0700 lpips=0.2411 effect=0.3590 (77s)
task_obj_add_40931               phase          r=1.3000 dists=0.0580 lpips=0.3356 effect=0.3243 (77s)
task_obj_remove_257910           phase          r=1.3000 dists=0.0387 lpips=0.2065 effect=0.2036 (77s)
task_obj_swap_joint_mask_276754  phase          r=1.3000 dists=0.0954 lpips=0.4099 effect=0.1889 (75s)
task_obj_swap_rand_mask_417469   phase          r=1.3000 dists=0.0417 lpips=0.1985 effect=0.2384 (18s)

表：runs/t0820/phase_t1.30_0/results.csv（7 列）
