Warning: You are sending unauthenticated requests to the HF Hub. Please set a HF_TOKEN to enable higher rate limits and faster downloads.
Loading pipeline components...:   0%|          | 0/6 [00:00<?, ?it/s]
Loading weights:   0%|          | 0/196 [00:00<?, ?it/s][ALoading weights: 100%|██████████| 196/196 [00:00<00:00, 5060.16it/s]
Loading pipeline components...:  17%|█▋        | 1/6 [00:00<00:00,  5.77it/s]Loading pipeline components...:  67%|██████▋   | 4/6 [00:00<00:00, 13.15it/s]Loading pipeline components...: 100%|██████████| 6/6 [00:00<00:00,  9.30it/s]Loading pipeline components...: 100%|██████████| 6/6 [00:00<00:00,  9.53it/s]
There are modules in AutoencoderKL that should be kept in float32: []. Casting directly with `to()` can lead to inconsistent results; set `torch_dtype` in `from_pretrained()` instead to keep these modules in float32.
/venv/main/lib/python3.12/site-packages/torchvision/models/_utils.py:208: UserWarning: The parameter 'pretrained' is deprecated since 0.13 and may be removed in the future, please use 'weights' instead.
  warnings.warn(
/venv/main/lib/python3.12/site-packages/torchvision/models/_utils.py:223: UserWarning: Arguments other than a weight enum or `None` for 'weights' are deprecated since 0.13 and may be removed in the future. The current behavior is equivalent to passing `weights=VGG16_Weights.IMAGENET1K_V1`. You can also use `weights=VGG16_Weights.DEFAULT` to get the most up-to-date weights.
  warnings.warn(msg)
[purify] 相依不齊，跳過：['gridpure']
/venv/main/lib/python3.12/site-packages/diffusers/image_processor.py:724: FutureWarning: Passing `image` as torch tensor with value range in [-1,1] is deprecated. The expected value range for image tensor is [0,1] when passing as pytorch tensor or numpy Array. You passed `image` with value range [-1.0,1.0]
  warnings.warn(
=== task_attr_mod_color_136767 / phase ===
/venv/main/lib/python3.12/site-packages/diffusers/image_processor.py:724: FutureWarning: Passing `image` as torch tensor with value range in [-1,1] is deprecated. The expected value range for image tensor is [0,1] when passing as pytorch tensor or numpy Array. You passed `image` with value range [-0.9999918937683105,0.9999997615814209]
  warnings.warn(
    identity=0.1960, blur1=0.2066, jpeg75=0.1727, crop_resize0.1=0.5149
=== task_env_weather_112463 / phase ===
/venv/main/lib/python3.12/site-packages/diffusers/image_processor.py:724: FutureWarning: Passing `image` as torch tensor with value range in [-1,1] is deprecated. The expected value range for image tensor is [0,1] when passing as pytorch tensor or numpy Array. You passed `image` with value range [-0.9944666028022766,0.9991017580032349]
  warnings.warn(
    identity=0.2589, blur1=0.2711, jpeg75=0.2698, crop_resize0.1=0.5555
=== task_env_weather_63722 / phase ===
/venv/main/lib/python3.12/site-packages/diffusers/image_processor.py:724: FutureWarning: Passing `image` as torch tensor with value range in [-1,1] is deprecated. The expected value range for image tensor is [0,1] when passing as pytorch tensor or numpy Array. You passed `image` with value range [-0.9824914336204529,0.933803915977478]
  warnings.warn(
    identity=0.2067, blur1=0.2539, jpeg75=0.2154, crop_resize0.1=0.5294
=== task_obj_add_581286 / phase ===
/venv/main/lib/python3.12/site-packages/diffusers/image_processor.py:724: FutureWarning: Passing `image` as torch tensor with value range in [-1,1] is deprecated. The expected value range for image tensor is [0,1] when passing as pytorch tensor or numpy Array. You passed `image` with value range [-0.9981892704963684,0.9988610744476318]
  warnings.warn(
    identity=0.1388, blur1=0.1303, jpeg75=0.1425, crop_resize0.1=0.5501
=== task_obj_remove_380621 / phase ===
/venv/main/lib/python3.12/site-packages/diffusers/image_processor.py:724: FutureWarning: Passing `image` as torch tensor with value range in [-1,1] is deprecated. The expected value range for image tensor is [0,1] when passing as pytorch tensor or numpy Array. You passed `image` with value range [-0.9999998211860657,0.9583094120025635]
  warnings.warn(
    identity=0.4189, blur1=0.3592, jpeg75=0.2919, crop_resize0.1=0.5955
=== task_obj_swap_joint_mask_533428 / phase ===
/venv/main/lib/python3.12/site-packages/diffusers/image_processor.py:724: FutureWarning: Passing `image` as torch tensor with value range in [-1,1] is deprecated. The expected value range for image tensor is [0,1] when passing as pytorch tensor or numpy Array. You passed `image` with value range [-0.9996981620788574,0.9999902248382568]
  warnings.warn(
    identity=0.3408, blur1=0.3394, jpeg75=0.3538, crop_resize0.1=0.5982

表：runs/t0820/ret_phase_t1.30_1.csv（24 列）
