Warning: You are sending unauthenticated requests to the HF Hub. Please set a HF_TOKEN to enable higher rate limits and faster downloads.
Loading pipeline components...:   0%|          | 0/6 [00:00<?, ?it/s]Loading pipeline components...:  17%|█▋        | 1/6 [00:00<00:00,  7.66it/s]
Loading weights:   0%|          | 0/196 [00:00<?, ?it/s][ALoading weights: 100%|██████████| 196/196 [00:00<00:00, 4776.83it/s]
Loading pipeline components...:  67%|██████▋   | 4/6 [00:00<00:00,  6.93it/s]Loading pipeline components...: 100%|██████████| 6/6 [00:00<00:00,  9.24it/s]
There are modules in AutoencoderKL that should be kept in float32: []. Casting directly with `to()` can lead to inconsistent results; set `torch_dtype` in `from_pretrained()` instead to keep these modules in float32.
/venv/main/lib/python3.12/site-packages/torchvision/models/_utils.py:208: UserWarning: The parameter 'pretrained' is deprecated since 0.13 and may be removed in the future, please use 'weights' instead.
  warnings.warn(
/venv/main/lib/python3.12/site-packages/torchvision/models/_utils.py:223: UserWarning: Arguments other than a weight enum or `None` for 'weights' are deprecated since 0.13 and may be removed in the future. The current behavior is equivalent to passing `weights=VGG16_Weights.IMAGENET1K_V1`. You can also use `weights=VGG16_Weights.DEFAULT` to get the most up-to-date weights.
  warnings.warn(msg)
[purify] 相依不齊，跳過：['gridpure']
/venv/main/lib/python3.12/site-packages/diffusers/image_processor.py:724: FutureWarning: Passing `image` as torch tensor with value range in [-1,1] is deprecated. The expected value range for image tensor is [0,1] when passing as pytorch tensor or numpy Array. You passed `image` with value range [-1.0,1.0]
  warnings.warn(
=== task_attr_mod_color_11699 / phase ===
/venv/main/lib/python3.12/site-packages/diffusers/image_processor.py:724: FutureWarning: Passing `image` as torch tensor with value range in [-1,1] is deprecated. The expected value range for image tensor is [0,1] when passing as pytorch tensor or numpy Array. You passed `image` with value range [-0.9994966983795166,0.9811164140701294]
  warnings.warn(
    identity=0.1453, blur1=0.2057, jpeg75=0.1848, crop_resize0.1=0.5228
=== task_attr_mod_color_6205 / phase ===
/venv/main/lib/python3.12/site-packages/diffusers/image_processor.py:724: FutureWarning: Passing `image` as torch tensor with value range in [-1,1] is deprecated. The expected value range for image tensor is [0,1] when passing as pytorch tensor or numpy Array. You passed `image` with value range [-0.9995402097702026,0.9976938962936401]
  warnings.warn(
    identity=0.1842, blur1=0.2375, jpeg75=0.1364, crop_resize0.1=0.6017
=== task_env_weather_246440 / phase ===
/venv/main/lib/python3.12/site-packages/diffusers/image_processor.py:724: FutureWarning: Passing `image` as torch tensor with value range in [-1,1] is deprecated. The expected value range for image tensor is [0,1] when passing as pytorch tensor or numpy Array. You passed `image` with value range [-1.0,0.9999967813491821]
  warnings.warn(
    identity=0.3586, blur1=0.3706, jpeg75=0.3796, crop_resize0.1=0.6316
=== task_obj_add_40931 / phase ===
/venv/main/lib/python3.12/site-packages/diffusers/image_processor.py:724: FutureWarning: Passing `image` as torch tensor with value range in [-1,1] is deprecated. The expected value range for image tensor is [0,1] when passing as pytorch tensor or numpy Array. You passed `image` with value range [-0.999925434589386,0.9084786176681519]
  warnings.warn(
    identity=0.3165, blur1=0.2666, jpeg75=0.2581, crop_resize0.1=0.6135
=== task_obj_remove_257910 / phase ===
/venv/main/lib/python3.12/site-packages/diffusers/image_processor.py:724: FutureWarning: Passing `image` as torch tensor with value range in [-1,1] is deprecated. The expected value range for image tensor is [0,1] when passing as pytorch tensor or numpy Array. You passed `image` with value range [-0.9999855160713196,0.9867324829101562]
  warnings.warn(
    identity=0.2066, blur1=0.2671, jpeg75=0.2498, crop_resize0.1=0.6003
=== task_obj_swap_joint_mask_276754 / phase ===
/venv/main/lib/python3.12/site-packages/diffusers/image_processor.py:724: FutureWarning: Passing `image` as torch tensor with value range in [-1,1] is deprecated. The expected value range for image tensor is [0,1] when passing as pytorch tensor or numpy Array. You passed `image` with value range [-1.0,0.9966707229614258]
  warnings.warn(
    identity=0.2034, blur1=0.2182, jpeg75=0.1876, crop_resize0.1=0.3958
=== task_obj_swap_rand_mask_417469 / phase ===
/venv/main/lib/python3.12/site-packages/diffusers/image_processor.py:724: FutureWarning: Passing `image` as torch tensor with value range in [-1,1] is deprecated. The expected value range for image tensor is [0,1] when passing as pytorch tensor or numpy Array. You passed `image` with value range [-1.0,0.9329667091369629]
  warnings.warn(
    identity=0.2434, blur1=0.2081, jpeg75=0.1916, crop_resize0.1=0.5984

表：runs/t0820/ret_phase_t1.30_0.csv（28 列）
