Warning: You are sending unauthenticated requests to the HF Hub. Please set a HF_TOKEN to enable higher rate limits and faster downloads.
Loading pipeline components...:   0%|          | 0/6 [00:00<?, ?it/s]Loading pipeline components...:  33%|███▎      | 2/6 [00:00<00:00, 15.90it/s]
Loading weights:   0%|          | 0/196 [00:00<?, ?it/s][ALoading weights: 100%|██████████| 196/196 [00:00<00:00, 7258.38it/s]
Loading pipeline components...:  67%|██████▋   | 4/6 [00:00<00:00,  7.54it/s]Loading pipeline components...: 100%|██████████| 6/6 [00:00<00:00, 10.27it/s]
There are modules in AutoencoderKL that should be kept in float32: []. Casting directly with `to()` can lead to inconsistent results; set `torch_dtype` in `from_pretrained()` instead to keep these modules in float32.
/venv/main/lib/python3.12/site-packages/torchvision/models/_utils.py:208: UserWarning: The parameter 'pretrained' is deprecated since 0.13 and may be removed in the future, please use 'weights' instead.
  warnings.warn(
/venv/main/lib/python3.12/site-packages/torchvision/models/_utils.py:223: UserWarning: Arguments other than a weight enum or `None` for 'weights' are deprecated since 0.13 and may be removed in the future. The current behavior is equivalent to passing `weights=VGG16_Weights.IMAGENET1K_V1`. You can also use `weights=VGG16_Weights.DEFAULT` to get the most up-to-date weights.
  warnings.warn(msg)
[purify] 相依不齊，跳過：['gridpure']
/venv/main/lib/python3.12/site-packages/diffusers/image_processor.py:724: FutureWarning: Passing `image` as torch tensor with value range in [-1,1] is deprecated. The expected value range for image tensor is [0,1] when passing as pytorch tensor or numpy Array. You passed `image` with value range [-1.0,1.0]
  warnings.warn(
=== task_attr_mod_color_11699 / dct_shield ===
/venv/main/lib/python3.12/site-packages/diffusers/image_processor.py:724: FutureWarning: Passing `image` as torch tensor with value range in [-1,1] is deprecated. The expected value range for image tensor is [0,1] when passing as pytorch tensor or numpy Array. You passed `image` with value range [-0.994420051574707,0.9666587114334106]
  warnings.warn(
    identity=0.4860, blur1=0.2508, jpeg75=0.1584, crop_resize0.1=0.5791
=== task_attr_mod_color_6205 / dct_shield ===
/venv/main/lib/python3.12/site-packages/diffusers/image_processor.py:724: FutureWarning: Passing `image` as torch tensor with value range in [-1,1] is deprecated. The expected value range for image tensor is [0,1] when passing as pytorch tensor or numpy Array. You passed `image` with value range [-0.9985860586166382,0.9938931465148926]
  warnings.warn(
    identity=0.7274, blur1=0.2822, jpeg75=0.1088, crop_resize0.1=0.6646
=== task_env_weather_246440 / dct_shield ===
/venv/main/lib/python3.12/site-packages/diffusers/image_processor.py:724: FutureWarning: Passing `image` as torch tensor with value range in [-1,1] is deprecated. The expected value range for image tensor is [0,1] when passing as pytorch tensor or numpy Array. You passed `image` with value range [-0.9999923706054688,0.9988505840301514]
  warnings.warn(
    identity=0.4707, blur1=0.3532, jpeg75=0.2063, crop_resize0.1=0.6496
=== task_obj_add_40931 / dct_shield ===
/venv/main/lib/python3.12/site-packages/diffusers/image_processor.py:724: FutureWarning: Passing `image` as torch tensor with value range in [-1,1] is deprecated. The expected value range for image tensor is [0,1] when passing as pytorch tensor or numpy Array. You passed `image` with value range [-0.9996562004089355,0.9183973073959351]
  warnings.warn(
    identity=0.5718, blur1=0.2667, jpeg75=0.1567, crop_resize0.1=0.6069
=== task_obj_remove_257910 / dct_shield ===
/venv/main/lib/python3.12/site-packages/diffusers/image_processor.py:724: FutureWarning: Passing `image` as torch tensor with value range in [-1,1] is deprecated. The expected value range for image tensor is [0,1] when passing as pytorch tensor or numpy Array. You passed `image` with value range [-0.9986841678619385,0.9920121431350708]
  warnings.warn(
    identity=0.7059, blur1=0.2921, jpeg75=0.2287, crop_resize0.1=0.6417
=== task_obj_swap_joint_mask_276754 / dct_shield ===
/venv/main/lib/python3.12/site-packages/diffusers/image_processor.py:724: FutureWarning: Passing `image` as torch tensor with value range in [-1,1] is deprecated. The expected value range for image tensor is [0,1] when passing as pytorch tensor or numpy Array. You passed `image` with value range [-0.9999666810035706,0.989874005317688]
  warnings.warn(
    identity=0.5642, blur1=0.1676, jpeg75=0.1732, crop_resize0.1=0.4139
=== task_obj_swap_rand_mask_417469 / dct_shield ===
/venv/main/lib/python3.12/site-packages/diffusers/image_processor.py:724: FutureWarning: Passing `image` as torch tensor with value range in [-1,1] is deprecated. The expected value range for image tensor is [0,1] when passing as pytorch tensor or numpy Array. You passed `image` with value range [-0.9999820590019226,0.8835875988006592]
  warnings.warn(
    identity=0.7696, blur1=0.2457, jpeg75=0.1377, crop_resize0.1=0.6417

表：runs/t0820/ret_dct_e1.0_0.csv（28 列）
