Warning: You are sending unauthenticated requests to the HF Hub. Please set a HF_TOKEN to enable higher rate limits and faster downloads.
Loading pipeline components...:   0%|          | 0/6 [00:00<?, ?it/s]
Loading weights:   0%|          | 0/196 [00:00<?, ?it/s][ALoading weights: 100%|██████████| 196/196 [00:00<00:00, 5138.92it/s]
Loading pipeline components...:  17%|█▋        | 1/6 [00:00<00:00,  6.21it/s]Loading pipeline components...:  83%|████████▎ | 5/6 [00:00<00:00, 21.87it/s]Loading pipeline components...: 100%|██████████| 6/6 [00:00<00:00, 10.91it/s]
There are modules in AutoencoderKL that should be kept in float32: []. Casting directly with `to()` can lead to inconsistent results; set `torch_dtype` in `from_pretrained()` instead to keep these modules in float32.
/venv/main/lib/python3.12/site-packages/torchvision/models/_utils.py:208: UserWarning: The parameter 'pretrained' is deprecated since 0.13 and may be removed in the future, please use 'weights' instead.
  warnings.warn(
/venv/main/lib/python3.12/site-packages/torchvision/models/_utils.py:223: UserWarning: Arguments other than a weight enum or `None` for 'weights' are deprecated since 0.13 and may be removed in the future. The current behavior is equivalent to passing `weights=VGG16_Weights.IMAGENET1K_V1`. You can also use `weights=VGG16_Weights.DEFAULT` to get the most up-to-date weights.
  warnings.warn(msg)
Traceback (most recent call last):
  File "/workspace/WACV-s3/scripts/phase_distortion_sweep.py", line 156, in <module>
    main()
  File "/workspace/WACV-s3/scripts/phase_distortion_sweep.py", line 110, in main
    sd, load_image_tensor(args.target, sd.device, size=RESOLUTION))
        ^^^^^^^^^^^^^^^^^^^^^^^^^^^^^^^^^^^^^^^^^^^^^^^^^^^^^^^^^^
  File "/workspace/WACV-s3/src/utils/io.py", line 57, in load_image_tensor
    img = Image.open(path).convert("RGB")
          ^^^^^^^^^^^^^^^^
  File "/venv/main/lib/python3.12/site-packages/PIL/Image.py", line 3639, in open
    fp = builtins.open(filename, "rb")
         ^^^^^^^^^^^^^^^^^^^^^^^^^^^^^
FileNotFoundError: [Errno 2] No such file or directory: 'data/targets/gray.png'
