Warning: You are sending unauthenticated requests to the HF Hub. Please set a HF_TOKEN to enable higher rate limits and faster downloads.
Loading pipeline components...:   0%|          | 0/6 [00:00<?, ?it/s]
Loading weights:   0%|          | 0/196 [00:00<?, ?it/s][ALoading weights: 100%|██████████| 196/196 [00:00<00:00, 3617.47it/s]
Loading pipeline components...:  17%|█▋        | 1/6 [00:00<00:00,  5.44it/s]Loading pipeline components...:  67%|██████▋   | 4/6 [00:00<00:00, 14.38it/s]Loading pipeline components...: 100%|██████████| 6/6 [00:00<00:00, 15.67it/s]
There are modules in AutoencoderKL that should be kept in float32: []. Casting directly with `to()` can lead to inconsistent results; set `torch_dtype` in `from_pretrained()` instead to keep these modules in float32.
/nfs/home/nelson0314/venvs/wacv/lib/python3.11/site-packages/torchvision/models/_utils.py:207: UserWarning: The parameter 'pretrained' is deprecated since 0.13 and may be removed in the future, please use 'weights' instead.
  warnings.warn(
/nfs/home/nelson0314/venvs/wacv/lib/python3.11/site-packages/torchvision/models/_utils.py:222: UserWarning: Arguments other than a weight enum or `None` for 'weights' are deprecated since 0.13 and may be removed in the future. The current behavior is equivalent to passing `weights=VGG16_Weights.IMAGENET1K_V1`. You can also use `weights=VGG16_Weights.DEFAULT` to get the most up-to-date weights.
  warnings.warn(msg)
/nfs/home/nelson0314/venvs/wacv/lib/python3.11/site-packages/diffusers/image_processor.py:724: FutureWarning: Passing `image` as torch tensor with value range in [-1,1] is deprecated. The expected value range for image tensor is [0,1] when passing as pytorch tensor or numpy Array. You passed `image` with value range [-1.0,1.0]
  warnings.warn(
=== task_obj_remove_380621 / dct_shield_y ===
Loading weights:   0%|          | 0/398 [00:00<?, ?it/s]Loading weights: 100%|██████████| 398/398 [00:00<00:00, 19320.31it/s]
[transformers] Model config: bos_token_id must be `None` or an integer within the vocabulary (between 0 and 31999), got 49406. This may result in unexpected behavior.
[transformers] Model config: eos_token_id must be `None` or an integer within the vocabulary (between 0 and 31999), got 49407. This may result in unexpected behavior.
Loading weights:   0%|          | 0/408 [00:00<?, ?it/s]Loading weights:  80%|███████▉  | 325/408 [00:00<00:00, 3237.85it/s]Loading weights: 100%|██████████| 408/408 [00:00<00:00, 3361.69it/s]
/nfs/home/nelson0314/venvs/wacv/lib/python3.11/site-packages/diffusers/image_processor.py:724: FutureWarning: Passing `image` as torch tensor with value range in [-1,1] is deprecated. The expected value range for image tensor is [0,1] when passing as pytorch tensor or numpy Array. You passed `image` with value range [-0.9953752756118774,0.9466800689697266]
  warnings.warn(
    identity=0.5924, blur1=0.2758, jpeg75=0.1658, crop_resize0.1=0.5892, jpeg_then_resize75=0.2774, adverse_cleaner=0.4139
=== task_obj_swap_joint_mask_276754 / dct_shield_y ===
/nfs/home/nelson0314/venvs/wacv/lib/python3.11/site-packages/diffusers/image_processor.py:724: FutureWarning: Passing `image` as torch tensor with value range in [-1,1] is deprecated. The expected value range for image tensor is [0,1] when passing as pytorch tensor or numpy Array. You passed `image` with value range [-0.9998273253440857,0.990776777267456]
  warnings.warn(
    分母塌陷：effect(identity) mean=0.4613 sd=0.2240，本格的 retention 不可用
    identity=0.4613, blur1=0.1515, jpeg75=0.2129, crop_resize0.1=0.4262, jpeg_then_resize75=0.1382, adverse_cleaner=0.2895
=== task_obj_swap_joint_mask_533428 / dct_shield_y ===
/nfs/home/nelson0314/venvs/wacv/lib/python3.11/site-packages/diffusers/image_processor.py:724: FutureWarning: Passing `image` as torch tensor with value range in [-1,1] is deprecated. The expected value range for image tensor is [0,1] when passing as pytorch tensor or numpy Array. You passed `image` with value range [-0.9971579909324646,0.9789245128631592]
  warnings.warn(
    identity=0.5036, blur1=0.3148, jpeg75=0.2922, crop_resize0.1=0.6091, jpeg_then_resize75=0.3057, adverse_cleaner=0.4845
=== task_obj_swap_rand_mask_417469 / dct_shield_y ===
/nfs/home/nelson0314/venvs/wacv/lib/python3.11/site-packages/diffusers/image_processor.py:724: FutureWarning: Passing `image` as torch tensor with value range in [-1,1] is deprecated. The expected value range for image tensor is [0,1] when passing as pytorch tensor or numpy Array. You passed `image` with value range [-0.9991906881332397,0.8759325742721558]
  warnings.warn(
    identity=0.5549, blur1=0.1503, jpeg75=0.1274, crop_resize0.1=0.6230, jpeg_then_resize75=0.1533, adverse_cleaner=0.3933

表：runs/ip2p_retention_y_only/y_e10_b.csv（24 列）
