Warning: You are sending unauthenticated requests to the HF Hub. Please set a HF_TOKEN to enable higher rate limits and faster downloads.
Loading pipeline components...:   0%|          | 0/6 [00:00<?, ?it/s]
Loading weights:   0%|          | 0/196 [00:00<?, ?it/s][ALoading weights: 100%|██████████| 196/196 [00:00<00:00, 2555.30it/s]
Loading pipeline components...:  17%|█▋        | 1/6 [00:00<00:01,  4.13it/s]Loading pipeline components...:  83%|████████▎ | 5/6 [00:00<00:00, 14.18it/s]Loading pipeline components...: 100%|██████████| 6/6 [00:00<00:00, 12.26it/s]
There are modules in AutoencoderKL that should be kept in float32: []. Casting directly with `to()` can lead to inconsistent results; set `torch_dtype` in `from_pretrained()` instead to keep these modules in float32.
/nfs/home/nelson0314/venvs/wacv/lib/python3.11/site-packages/torchvision/models/_utils.py:207: UserWarning: The parameter 'pretrained' is deprecated since 0.13 and may be removed in the future, please use 'weights' instead.
  warnings.warn(
/nfs/home/nelson0314/venvs/wacv/lib/python3.11/site-packages/torchvision/models/_utils.py:222: UserWarning: Arguments other than a weight enum or `None` for 'weights' are deprecated since 0.13 and may be removed in the future. The current behavior is equivalent to passing `weights=VGG16_Weights.IMAGENET1K_V1`. You can also use `weights=VGG16_Weights.DEFAULT` to get the most up-to-date weights.
  warnings.warn(msg)
/nfs/home/nelson0314/venvs/wacv/lib/python3.11/site-packages/diffusers/image_processor.py:724: FutureWarning: Passing `image` as torch tensor with value range in [-1,1] is deprecated. The expected value range for image tensor is [0,1] when passing as pytorch tensor or numpy Array. You passed `image` with value range [-1.0,1.0]
  warnings.warn(
=== task_env_weather_112463 / dct_shield_y ===
Loading weights:   0%|          | 0/398 [00:00<?, ?it/s]Loading weights: 100%|██████████| 398/398 [00:00<00:00, 19905.71it/s]
[transformers] Model config: bos_token_id must be `None` or an integer within the vocabulary (between 0 and 31999), got 49406. This may result in unexpected behavior.
[transformers] Model config: eos_token_id must be `None` or an integer within the vocabulary (between 0 and 31999), got 49407. This may result in unexpected behavior.
Loading weights:   0%|          | 0/408 [00:00<?, ?it/s]Loading weights:  71%|███████▏  | 291/408 [00:00<00:00, 2861.42it/s]Loading weights: 100%|██████████| 408/408 [00:00<00:00, 2875.11it/s]
/nfs/home/nelson0314/venvs/wacv/lib/python3.11/site-packages/diffusers/image_processor.py:724: FutureWarning: Passing `image` as torch tensor with value range in [-1,1] is deprecated. The expected value range for image tensor is [0,1] when passing as pytorch tensor or numpy Array. You passed `image` with value range [-0.9646472930908203,0.9914858341217041]
  warnings.warn(
/nfs/home/nelson0314/venvs/wacv/lib/python3.11/site-packages/diffusers/image_processor.py:724: FutureWarning: Passing `image` as torch tensor with value range in [-1,1] is deprecated. The expected value range for image tensor is [0,1] when passing as pytorch tensor or numpy Array. You passed `image` with value range [-0.9351443648338318,0.9595636129379272]
  warnings.warn(
    identity=0.7671, blur1=0.2227, jpeg90=0.6209, jpeg75=0.6385, jpeg50=0.2628, jpeg30=0.3329, blur2=0.3091, crop_resize0.1=0.6887, crop_resize0.15=0.7361
=== task_obj_remove_380621 / dct_shield_y ===
/nfs/home/nelson0314/venvs/wacv/lib/python3.11/site-packages/diffusers/image_processor.py:724: FutureWarning: Passing `image` as torch tensor with value range in [-1,1] is deprecated. The expected value range for image tensor is [0,1] when passing as pytorch tensor or numpy Array. You passed `image` with value range [-0.9969459772109985,0.9048640727996826]
  warnings.warn(
/nfs/home/nelson0314/venvs/wacv/lib/python3.11/site-packages/diffusers/image_processor.py:724: FutureWarning: Passing `image` as torch tensor with value range in [-1,1] is deprecated. The expected value range for image tensor is [0,1] when passing as pytorch tensor or numpy Array. You passed `image` with value range [-0.985314667224884,0.8443466424942017]
  warnings.warn(
    identity=0.7452, blur1=0.4468, jpeg90=0.5613, jpeg75=0.6429, jpeg50=0.2783, jpeg30=0.3448, blur2=0.3960, crop_resize0.1=0.6635, crop_resize0.15=0.6673
=== task_obj_swap_joint_mask_276754 / dct_shield_y ===
/nfs/home/nelson0314/venvs/wacv/lib/python3.11/site-packages/diffusers/image_processor.py:724: FutureWarning: Passing `image` as torch tensor with value range in [-1,1] is deprecated. The expected value range for image tensor is [0,1] when passing as pytorch tensor or numpy Array. You passed `image` with value range [-0.9993506073951721,0.9906308650970459]
  warnings.warn(
/nfs/home/nelson0314/venvs/wacv/lib/python3.11/site-packages/diffusers/image_processor.py:724: FutureWarning: Passing `image` as torch tensor with value range in [-1,1] is deprecated. The expected value range for image tensor is [0,1] when passing as pytorch tensor or numpy Array. You passed `image` with value range [-0.9839900135993958,0.8881011009216309]
  warnings.warn(
    identity=0.5664, blur1=0.1713, jpeg90=0.5156, jpeg75=0.4755, jpeg50=0.3203, jpeg30=0.1416, blur2=0.2372, crop_resize0.1=0.4661, crop_resize0.15=0.5074
=== task_obj_swap_joint_mask_533428 / dct_shield_y ===
/nfs/home/nelson0314/venvs/wacv/lib/python3.11/site-packages/diffusers/image_processor.py:724: FutureWarning: Passing `image` as torch tensor with value range in [-1,1] is deprecated. The expected value range for image tensor is [0,1] when passing as pytorch tensor or numpy Array. You passed `image` with value range [-0.9908953309059143,0.9777878522872925]
  warnings.warn(
/nfs/home/nelson0314/venvs/wacv/lib/python3.11/site-packages/diffusers/image_processor.py:724: FutureWarning: Passing `image` as torch tensor with value range in [-1,1] is deprecated. The expected value range for image tensor is [0,1] when passing as pytorch tensor or numpy Array. You passed `image` with value range [-0.9691217541694641,0.9273775815963745]
  warnings.warn(
    identity=0.6510, blur1=0.3253, jpeg90=0.5681, jpeg75=0.5442, jpeg50=0.3723, jpeg30=0.3648, blur2=0.4200, crop_resize0.1=0.6248, crop_resize0.15=0.6350
=== task_obj_swap_rand_mask_417469 / dct_shield_y ===
/nfs/home/nelson0314/venvs/wacv/lib/python3.11/site-packages/diffusers/image_processor.py:724: FutureWarning: Passing `image` as torch tensor with value range in [-1,1] is deprecated. The expected value range for image tensor is [0,1] when passing as pytorch tensor or numpy Array. You passed `image` with value range [-0.9943656325340271,0.8781542778015137]
  warnings.warn(
/nfs/home/nelson0314/venvs/wacv/lib/python3.11/site-packages/diffusers/image_processor.py:724: FutureWarning: Passing `image` as torch tensor with value range in [-1,1] is deprecated. The expected value range for image tensor is [0,1] when passing as pytorch tensor or numpy Array. You passed `image` with value range [-0.9714207649230957,0.8185856342315674]
  warnings.warn(
    identity=0.7699, blur1=0.2369, jpeg90=0.7416, jpeg75=0.6841, jpeg50=0.2495, jpeg30=0.2704, blur2=0.3305, crop_resize0.1=0.6467, crop_resize0.15=0.6646

表：runs/ip2p_mainline_purify/dct_aj75_object.csv（45 列）
