Loading pipeline components...:   0%|          | 0/6 [00:00<?, ?it/s]
Loading weights:   0%|          | 0/196 [00:00<?, ?it/s][ALoading weights: 100%|██████████| 196/196 [00:00<00:00, 3114.94it/s]
Loading pipeline components...:  17%|█▋        | 1/6 [00:00<00:01,  4.69it/s]Loading pipeline components...:  50%|█████     | 3/6 [00:00<00:00,  8.16it/s]Loading pipeline components...: 100%|██████████| 6/6 [00:00<00:00, 14.70it/s]Loading pipeline components...: 100%|██████████| 6/6 [00:00<00:00, 12.10it/s]
There are modules in AutoencoderKL that should be kept in float32: []. Casting directly with `to()` can lead to inconsistent results; set `torch_dtype` in `from_pretrained()` instead to keep these modules in float32.
/nfs/home/nelson0314/venvs/wacv/lib/python3.11/site-packages/torchvision/models/_utils.py:207: UserWarning: The parameter 'pretrained' is deprecated since 0.13 and may be removed in the future, please use 'weights' instead.
  warnings.warn(
/nfs/home/nelson0314/venvs/wacv/lib/python3.11/site-packages/torchvision/models/_utils.py:222: UserWarning: Arguments other than a weight enum or `None` for 'weights' are deprecated since 0.13 and may be removed in the future. The current behavior is equivalent to passing `weights=VGG16_Weights.IMAGENET1K_V1`. You can also use `weights=VGG16_Weights.DEFAULT` to get the most up-to-date weights.
  warnings.warn(msg)
/nfs/home/nelson0314/venvs/wacv/lib/python3.11/site-packages/diffusers/image_processor.py:724: FutureWarning: Passing `image` as torch tensor with value range in [-1,1] is deprecated. The expected value range for image tensor is [0,1] when passing as pytorch tensor or numpy Array. You passed `image` with value range [-1.0,1.0]
  warnings.warn(
=== task_env_weather_112463 / phase ===
Warning: You are sending unauthenticated requests to the HF Hub. Please set a HF_TOKEN to enable higher rate limits and faster downloads.
Loading weights:   0%|          | 0/398 [00:00<?, ?it/s]Loading weights: 100%|██████████| 398/398 [00:00<00:00, 10890.53it/s]
[transformers] Model config: bos_token_id must be `None` or an integer within the vocabulary (between 0 and 31999), got 49406. This may result in unexpected behavior.
[transformers] Model config: eos_token_id must be `None` or an integer within the vocabulary (between 0 and 31999), got 49407. This may result in unexpected behavior.
Loading weights:   0%|          | 0/408 [00:00<?, ?it/s]Loading weights:  76%|███████▌  | 309/408 [00:00<00:00, 3084.73it/s]Loading weights: 100%|██████████| 408/408 [00:00<00:00, 3020.15it/s]
/nfs/home/nelson0314/venvs/wacv/lib/python3.11/site-packages/diffusers/image_processor.py:724: FutureWarning: Passing `image` as torch tensor with value range in [-1,1] is deprecated. The expected value range for image tensor is [0,1] when passing as pytorch tensor or numpy Array. You passed `image` with value range [-0.9697499871253967,0.9849302768707275]
  warnings.warn(
/nfs/home/nelson0314/venvs/wacv/lib/python3.11/site-packages/diffusers/image_processor.py:724: FutureWarning: Passing `image` as torch tensor with value range in [-1,1] is deprecated. The expected value range for image tensor is [0,1] when passing as pytorch tensor or numpy Array. You passed `image` with value range [-0.9387686848640442,0.959747314453125]
  warnings.warn(
    identity=0.6125, blur1=0.3481, jpeg90=0.5586, jpeg75=0.5900, jpeg50=0.5131, jpeg30=0.5325, blur2=0.4046, crop_resize0.1=0.6844, crop_resize0.15=0.7433
=== task_obj_remove_380621 / phase ===
/nfs/home/nelson0314/venvs/wacv/lib/python3.11/site-packages/diffusers/image_processor.py:724: FutureWarning: Passing `image` as torch tensor with value range in [-1,1] is deprecated. The expected value range for image tensor is [0,1] when passing as pytorch tensor or numpy Array. You passed `image` with value range [-0.9854301810264587,0.8947769403457642]
  warnings.warn(
/nfs/home/nelson0314/venvs/wacv/lib/python3.11/site-packages/diffusers/image_processor.py:724: FutureWarning: Passing `image` as torch tensor with value range in [-1,1] is deprecated. The expected value range for image tensor is [0,1] when passing as pytorch tensor or numpy Array. You passed `image` with value range [-0.9751684069633484,0.8499120473861694]
  warnings.warn(
    identity=0.6804, blur1=0.5366, jpeg90=0.6578, jpeg75=0.6536, jpeg50=0.4989, jpeg30=0.5020, blur2=0.4148, crop_resize0.1=0.6576, crop_resize0.15=0.6648
=== task_obj_swap_joint_mask_276754 / phase ===
/nfs/home/nelson0314/venvs/wacv/lib/python3.11/site-packages/diffusers/image_processor.py:724: FutureWarning: Passing `image` as torch tensor with value range in [-1,1] is deprecated. The expected value range for image tensor is [0,1] when passing as pytorch tensor or numpy Array. You passed `image` with value range [-1.0,0.9239790439605713]
  warnings.warn(
/nfs/home/nelson0314/venvs/wacv/lib/python3.11/site-packages/diffusers/image_processor.py:724: FutureWarning: Passing `image` as torch tensor with value range in [-1,1] is deprecated. The expected value range for image tensor is [0,1] when passing as pytorch tensor or numpy Array. You passed `image` with value range [-1.0,0.8412302732467651]
  warnings.warn(
    分母塌陷：effect(identity) mean=0.5406 sd=0.1992，本格的 retention 不可用
    identity=0.5406, blur1=0.1691, jpeg90=0.5401, jpeg75=0.5048, jpeg50=0.3984, jpeg30=0.2008, blur2=0.2485, crop_resize0.1=0.4586, crop_resize0.15=0.5047
=== task_obj_swap_joint_mask_533428 / phase ===
/nfs/home/nelson0314/venvs/wacv/lib/python3.11/site-packages/diffusers/image_processor.py:724: FutureWarning: Passing `image` as torch tensor with value range in [-1,1] is deprecated. The expected value range for image tensor is [0,1] when passing as pytorch tensor or numpy Array. You passed `image` with value range [-0.992207944393158,0.9802062511444092]
  warnings.warn(
/nfs/home/nelson0314/venvs/wacv/lib/python3.11/site-packages/diffusers/image_processor.py:724: FutureWarning: Passing `image` as torch tensor with value range in [-1,1] is deprecated. The expected value range for image tensor is [0,1] when passing as pytorch tensor or numpy Array. You passed `image` with value range [-0.9713664054870605,0.9447404146194458]
  warnings.warn(
    identity=0.6105, blur1=0.4848, jpeg90=0.5961, jpeg75=0.5935, jpeg50=0.5608, jpeg30=0.5228, blur2=0.4504, crop_resize0.1=0.6445, crop_resize0.15=0.6572
=== task_obj_swap_rand_mask_417469 / phase ===
/nfs/home/nelson0314/venvs/wacv/lib/python3.11/site-packages/diffusers/image_processor.py:724: FutureWarning: Passing `image` as torch tensor with value range in [-1,1] is deprecated. The expected value range for image tensor is [0,1] when passing as pytorch tensor or numpy Array. You passed `image` with value range [-0.9952806234359741,0.8825622797012329]
  warnings.warn(
/nfs/home/nelson0314/venvs/wacv/lib/python3.11/site-packages/diffusers/image_processor.py:724: FutureWarning: Passing `image` as torch tensor with value range in [-1,1] is deprecated. The expected value range for image tensor is [0,1] when passing as pytorch tensor or numpy Array. You passed `image` with value range [-0.9821657538414001,0.8027430772781372]
  warnings.warn(
    identity=0.7258, blur1=0.3677, jpeg90=0.7414, jpeg75=0.7777, jpeg50=0.5268, jpeg30=0.4732, blur2=0.4053, crop_resize0.1=0.6727, crop_resize0.15=0.6825

表：runs/ip2p_mainline_purify/ours_ph_q20_object.csv（45 列）
