===== train =====
[thresholds] tau_acut = 0.16 （由 τ_train=0.2 依比例導出）
[thresholds] tau_chroma = 3.2 （由 τ_train=0.2 依比例導出）
[env] 載入 SDWrapper(CompVis/stable-diffusion-v1-4) dtype=torch.float32
Warning: You are sending unauthenticated requests to the HF Hub. Please set a HF_TOKEN to enable higher rate limits and faster downloads.
Loading pipeline components...:   0%|          | 0/6 [00:00<?, ?it/s]Loading pipeline components...:  17%|█▋        | 1/6 [00:00<00:00,  9.77it/s]Loading pipeline components...:  83%|████████▎ | 5/6 [00:00<00:00, 27.23it/s]
Loading weights:   0%|          | 0/196 [00:00<?, ?it/s][ALoading weights: 100%|██████████| 196/196 [00:00<00:00, 4304.28it/s]
Loading pipeline components...: 100%|██████████| 6/6 [00:00<00:00, 17.46it/s]
There are modules in UNet2DConditionModel that should be kept in float32: []. Casting directly with `to()` can lead to inconsistent results; set `torch_dtype` in `from_pretrained()` instead to keep these modules in float32.
There are modules in AutoencoderKL that should be kept in float32: []. Casting directly with `to()` can lead to inconsistent results; set `torch_dtype` in `from_pretrained()` instead to keep these modules in float32.
/nfs/home/nelson0314/venvs/wacv/lib/python3.11/site-packages/torchvision/models/_utils.py:207: UserWarning: The parameter 'pretrained' is deprecated since 0.13 and may be removed in the future, please use 'weights' instead.
  warnings.warn(
/nfs/home/nelson0314/venvs/wacv/lib/python3.11/site-packages/torchvision/models/_utils.py:222: UserWarning: Arguments other than a weight enum or `None` for 'weights' are deprecated since 0.13 and may be removed in the future. The current behavior is equivalent to passing `weights=VGG16_Weights.IMAGENET1K_V1`. You can also use `weights=VGG16_Weights.DEFAULT` to get the most up-to-date weights.
  warnings.warn(msg)
[env] 影像 1 張：['bird_03']
  [floor] 生成路徑的逐影像重建下限（LPIPS）：bird_03=0.1330
  [stop] 監看 shared_mass；約束：fid_pen_lpips, fid_pen_acut, fid_pen_chroma
  [stage default] lr=0.1（lr.N1）上限 250 步
/nfs/home/nelson0314/WACV/src/defense/objective.py:594: UserWarning: Converting a tensor with requires_grad=True to a scalar may lead to unexpected behavior.
Consider using tensor.detach() first. (Triggered internally at /__w/pytorch/pytorch/torch/csrc/autograd/generated/python_variable_methods.cpp:822.)
  "fid_linf_total": float((xd - xr).abs().max()),
  [default] step    0  loss=0.0557  L_def=0.0557  L_fid=0.0000  |g|=7.626e-04
  [default] step   10  loss=0.0542  L_def=0.0542  L_fid=0.0000  |g|=3.551e-04
  [default] step   20  loss=0.0536  L_def=0.0536  L_fid=0.0000  |g|=3.821e-04
  [default] step   30  loss=0.0530  L_def=0.0530  L_fid=0.0000  |g|=1.478e-04
  [default] step   40  loss=0.0526  L_def=0.0526  L_fid=0.0000  |g|=1.315e-04
  [default] step   50  loss=0.0523  L_def=0.0523  L_fid=0.0000  |g|=1.134e-04
  [default] step   60  loss=0.0520  L_def=0.0520  L_fid=0.0000  |g|=1.159e-04
  [default] step   70  loss=0.0519  L_def=0.0519  L_fid=0.0000  |g|=1.175e-04
  [default] step   80  loss=0.0516  L_def=0.0516  L_fid=0.0000  |g|=1.287e-04
  [default] step   90  loss=0.0514  L_def=0.0514  L_fid=0.0000  |g|=1.126e-04
  [default] step  100  loss=0.0513  L_def=0.0513  L_fid=0.0000  |g|=1.592e-04
  [default] step  110  loss=0.0512  L_def=0.0512  L_fid=0.0000  |g|=1.223e-04
  [default] step  120  loss=0.0511  L_def=0.0511  L_fid=0.0000  |g|=2.498e-04
  [default] step  130  loss=0.0509  L_def=0.0509  L_fid=0.0000  |g|=1.292e-04
  [default] step  140  loss=0.0509  L_def=0.0509  L_fid=0.0000  |g|=1.602e-04
  [default] step  150  loss=0.0508  L_def=0.0508  L_fid=0.0000  |g|=1.278e-04
  [default] step  160  loss=0.0507  L_def=0.0507  L_fid=0.0000  |g|=1.671e-04
  [default] step  170  loss=0.0506  L_def=0.0506  L_fid=0.0000  |g|=1.331e-04
  [default] step  180  loss=0.0505  L_def=0.0505  L_fid=0.0000  |g|=1.268e-04
  [default] step  190  loss=0.0504  L_def=0.0504  L_fid=0.0000  |g|=1.438e-04
  [stop] 階段 default 第 197 步停止：約束已啟動且 shared_mass 在最近 20 步的每步改善 +1.96e-06 低於 6.2e-06
/nfs/home/nelson0314/venvs/wacv/lib/python3.11/site-packages/torchvision/models/_utils.py:207: UserWarning: The parameter 'pretrained' is deprecated since 0.13 and may be removed in the future, please use 'weights' instead.
  warnings.warn(
/nfs/home/nelson0314/venvs/wacv/lib/python3.11/site-packages/torchvision/models/_utils.py:222: UserWarning: Arguments other than a weight enum or `None` for 'weights' are deprecated since 0.13 and may be removed in the future. The current behavior is equivalent to passing `weights=VGG16_Weights.IMAGENET1K_V1`. You can also use `weights=VGG16_Weights.DEFAULT` to get the most up-to-date weights.
  warnings.warn(msg)
  [stop] 監看 edit_shift；約束：fid_pen_lpips, fid_pen_acut, fid_pen_chroma
  [stage default] lr=0.1（lr.N2）上限 250 步
  [default] step    0  loss=0.6902  L_def=0.6902  L_fid=0.0000  |g|=8.671e-03
  [default] step   10  loss=0.6583  L_def=0.6583  L_fid=0.0000  |g|=2.573e-03
  [default] step   20  loss=0.6466  L_def=0.6466  L_fid=0.0000  |g|=4.136e-03
  [default] step   30  loss=0.6369  L_def=0.6369  L_fid=0.0000  |g|=2.905e-03
  [default] step   40  loss=0.6298  L_def=0.6298  L_fid=0.0000  |g|=3.308e-03
  [default] step   50  loss=0.6247  L_def=0.6247  L_fid=0.0000  |g|=2.712e-03
  [default] step   60  loss=0.6192  L_def=0.6192  L_fid=0.0000  |g|=3.008e-03
  [default] step   70  loss=0.6157  L_def=0.6157  L_fid=0.0000  |g|=3.534e-03
  [default] step   80  loss=0.6110  L_def=0.6110  L_fid=0.0000  |g|=1.994e-03
  [default] step   90  loss=0.6085  L_def=0.6085  L_fid=0.0000  |g|=2.808e-03
  [default] step  100  loss=0.6044  L_def=0.6044  L_fid=0.0000  |g|=2.712e-03
  [default] step  110  loss=0.6009  L_def=0.6009  L_fid=0.0000  |g|=3.338e-03
  [default] step  120  loss=0.5987  L_def=0.5987  L_fid=0.0000  |g|=3.054e-03
  [default] step  130  loss=0.5953  L_def=0.5953  L_fid=0.0000  |g|=2.322e-03
  [default] step  140  loss=0.5933  L_def=0.5933  L_fid=0.0000  |g|=2.920e-03
  [default] step  150  loss=0.5911  L_def=0.5911  L_fid=0.0000  |g|=4.431e-03
  [default] step  160  loss=0.5892  L_def=0.5892  L_fid=0.0000  |g|=4.334e-03
  [default] step  170  loss=0.5872  L_def=0.5872  L_fid=0.0000  |g|=2.414e-03
  [default] step  180  loss=0.5870  L_def=0.5870  L_fid=0.0000  |g|=2.366e-03
  [stop] 階段 default 第 183 步停止：約束已啟動且 edit_shift 在最近 20 步的每步改善 +1.37e-04 低於 2.2e-04
  [stop] 監看 edit_shift；約束：fid_pen_lpips, fid_pen_acut, fid_pen_chroma
  [align] group=stage1 lr=0.0001（lr.N3_stage1）200 步
  [align] 門檻取自本圖的重建下限：psnr≥30.10dB lpips≤0.1330 acut≤0.0911 chroma≤0.9714
  [align] step    0  loss=0.0000  lpips=0.1330  psnr=30.10
  [align] step   10  loss=0.0000  lpips=0.1311  psnr=30.14
  [align] step   20  loss=0.0000  lpips=0.1308  psnr=30.24
  [align] step   30  loss=0.0000  lpips=0.1307  psnr=30.28
  [align] step   40  loss=0.0000  lpips=0.1307  psnr=30.29
  [align] step   50  loss=0.0000  lpips=0.1307  psnr=30.30
  [align] step   60  loss=0.0000  lpips=0.1307  psnr=30.30
  [align] step   70  loss=0.0000  lpips=0.1307  psnr=30.30
  [align] step   80  loss=0.0000  lpips=0.1307  psnr=30.30
  [align] step   90  loss=0.0000  lpips=0.1307  psnr=30.30
  [align] step  100  loss=0.0000  lpips=0.1307  psnr=30.30
  [align] step  110  loss=0.0000  lpips=0.1307  psnr=30.30
  [align] step  120  loss=0.0000  lpips=0.1307  psnr=30.30
  [align] step  130  loss=0.0000  lpips=0.1307  psnr=30.30
  [align] step  140  loss=0.0000  lpips=0.1307  psnr=30.30
  [align] step  150  loss=0.0000  lpips=0.1307  psnr=30.30
  [align] step  160  loss=0.0000  lpips=0.1307  psnr=30.30
  [align] step  170  loss=0.0000  lpips=0.1307  psnr=30.30
  [align] step  180  loss=0.0000  lpips=0.1307  psnr=30.30
  [align] step  190  loss=0.0000  lpips=0.1307  psnr=30.30
  [align] step  199  loss=0.0000  lpips=0.1307  psnr=30.30
  [align] 還原第 0 步的 φ（loss=0.0000）；最後一步為 0.0000
  [stage stage2] lr=0.005（lr.N3_stage2）上限 250 步
  [stage2] step    0  loss=0.0211  L_def=0.0211  L_fid=0.0000  |g|=3.954e-04
  [stage2] step   10  loss=9.9657  L_def=0.0121  L_fid=9.9536  |g|=1.000e+00
  [stage2] step   20  loss=0.0135  L_def=0.0135  L_fid=0.0000  |g|=2.920e-03
  [stop] 階段 stage2 第 26 步停止：約束已啟動且 edit_shift 在最近 20 步的每步改善 +2.23e-04 低於 2.2e-04
  [photoguard_c] step    0  L=2.643186e+02  Linf01=0.1622  L2=1.000
  [photoguard_c] step   10  L=2.345261e+02  Linf01=0.1603  L2=4.863
  [photoguard_c] step   20  L=2.224994e+02  Linf01=0.1568  L2=7.149
  [photoguard_c] step   30  L=2.149508e+02  Linf01=0.1896  L2=9.309
  [photoguard_c] step   40  L=2.045046e+02  Linf01=0.2089  L2=11.357
  [photoguard_c] step   50  L=1.933329e+02  Linf01=0.2324  L2=13.424
  [photoguard_c] step   60  L=1.925660e+02  Linf01=0.2538  L2=15.035
  [photoguard_c] step   70  L=1.752857e+02  Linf01=0.2652  L2=15.999
  [photoguard_c] step   80  L=1.719160e+02  Linf01=0.2590  L2=15.999
  [photoguard_c] step   90  L=1.744500e+02  Linf01=0.2527  L2=15.999
  [photoguard_c] step  100  L=1.751956e+02  Linf01=0.2542  L2=15.999
  [photoguard_c] step  110  L=1.698698e+02  Linf01=0.2669  L2=16.000
  [photoguard_c] step  120  L=1.676364e+02  Linf01=0.2836  L2=16.000
  [photoguard_c] step  130  L=1.707421e+02  Linf01=0.2633  L2=16.000
  [photoguard_c] step  140  L=1.625470e+02  Linf01=0.2531  L2=15.999
  [photoguard_c] step  150  L=1.696443e+02  Linf01=0.2454  L2=16.000
  [photoguard_c] step  160  L=1.624326e+02  Linf01=0.2424  L2=15.999
  [photoguard_c] step  170  L=1.634575e+02  Linf01=0.2423  L2=16.000
  [photoguard_c] step  180  L=1.666229e+02  Linf01=0.2380  L2=16.000
  [photoguard_c] step  190  L=1.643287e+02  Linf01=0.2435  L2=16.000
  [photoguard_c] step  199  L=1.609844e+02  Linf01=0.2412  L2=16.000
  [mist] step    0  L=2.996680e+04  Linf01=0.0627  L2=64.346
  [mist] step   10  L=1.831615e+04  Linf01=0.0627  L2=66.090
  [mist] step   20  L=1.293401e+04  Linf01=0.0627  L2=68.564
  [mist] step   30  L=1.549041e+04  Linf01=0.0627  L2=71.581
  [mist] step   40  L=1.471593e+04  Linf01=0.0627  L2=74.099
  [mist] step   50  L=1.386191e+04  Linf01=0.0627  L2=76.178
  [mist] step   60  L=1.398457e+04  Linf01=0.0627  L2=77.791
  [mist] step   70  L=1.363765e+04  Linf01=0.0627  L2=79.475
  [mist] step   80  L=1.289145e+04  Linf01=0.0627  L2=80.882
  [mist] step   90  L=1.318405e+04  Linf01=0.0627  L2=82.047
  [mist] step   99  L=1.249717e+04  Linf01=0.0627  L2=82.721
  [dia_r] step    0  L=6.694641e+01  Linf01=0.0020  L2=3.477
  [dia_r] step   10  L=5.081039e+02  Linf01=0.0216  L2=12.088
  [dia_r] step   19  L=1.580768e+02  Linf01=0.0250  L2=16.410

[train] done=7 failed=0 skipped=0 resumed=0
===== rayscale =====
[thresholds] tau_acut = 0.16 （由 τ_train=0.2 依比例導出）
[thresholds] tau_chroma = 3.2 （由 τ_train=0.2 依比例導出）
[env] 載入 SDWrapper(CompVis/stable-diffusion-v1-4) dtype=torch.float32
Loading pipeline components...:   0%|          | 0/6 [00:00<?, ?it/s]
Loading weights:   0%|          | 0/196 [00:00<?, ?it/s][ALoading weights: 100%|██████████| 196/196 [00:00<00:00, 4005.57it/s]
Loading pipeline components...:  33%|███▎      | 2/6 [00:00<00:00,  9.18it/s]Loading pipeline components...:  67%|██████▋   | 4/6 [00:00<00:00, 11.86it/s]Loading pipeline components...: 100%|██████████| 6/6 [00:00<00:00, 16.43it/s]
There are modules in UNet2DConditionModel that should be kept in float32: []. Casting directly with `to()` can lead to inconsistent results; set `torch_dtype` in `from_pretrained()` instead to keep these modules in float32.
There are modules in AutoencoderKL that should be kept in float32: []. Casting directly with `to()` can lead to inconsistent results; set `torch_dtype` in `from_pretrained()` instead to keep these modules in float32.
/nfs/home/nelson0314/venvs/wacv/lib/python3.11/site-packages/torchvision/models/_utils.py:207: UserWarning: The parameter 'pretrained' is deprecated since 0.13 and may be removed in the future, please use 'weights' instead.
  warnings.warn(
/nfs/home/nelson0314/venvs/wacv/lib/python3.11/site-packages/torchvision/models/_utils.py:222: UserWarning: Arguments other than a weight enum or `None` for 'weights' are deprecated since 0.13 and may be removed in the future. The current behavior is equivalent to passing `weights=VGG16_Weights.IMAGENET1K_V1`. You can also use `weights=VGG16_Weights.DEFAULT` to get the most up-to-date weights.
  warnings.warn(msg)
[env] 影像 1 張：['bird_03']
  [floor] 生成路徑的逐影像重建下限（LPIPS）：bird_03=0.1330

[rayscale] done=26 failed=0 skipped=2 resumed=0
[exit 0]
