Warning: You are sending unauthenticated requests to the HF Hub. Please set a HF_TOKEN to enable higher rate limits and faster downloads.
Loading pipeline components...:   0%|          | 0/6 [00:00<?, ?it/s]Loading pipeline components...:  50%|█████     | 3/6 [00:00<00:00, 23.55it/s]
Loading weights:   0%|          | 0/196 [00:00<?, ?it/s][ALoading weights: 100%|██████████| 196/196 [00:00<00:00, 4172.59it/s]
Loading pipeline components...: 100%|██████████| 6/6 [00:00<00:00, 16.60it/s]Loading pipeline components...: 100%|██████████| 6/6 [00:00<00:00, 17.36it/s]
There are modules in AutoencoderKL that should be kept in float32: []. Casting directly with `to()` can lead to inconsistent results; set `torch_dtype` in `from_pretrained()` instead to keep these modules in float32.
/nfs/home/nelson0314/venvs/wacv/lib/python3.11/site-packages/torchvision/models/_utils.py:207: UserWarning: The parameter 'pretrained' is deprecated since 0.13 and may be removed in the future, please use 'weights' instead.
  warnings.warn(
/nfs/home/nelson0314/venvs/wacv/lib/python3.11/site-packages/torchvision/models/_utils.py:222: UserWarning: Arguments other than a weight enum or `None` for 'weights' are deprecated since 0.13 and may be removed in the future. The current behavior is equivalent to passing `weights=VGG16_Weights.IMAGENET1K_V1`. You can also use `weights=VGG16_Weights.DEFAULT` to get the most up-to-date weights.
  warnings.warn(msg)
IP2P 線：16 張、條件 ['phase', 'dct_shield']、steps=100 s_T=7.5 s_I=1.5 seed=20260812
/nfs/home/nelson0314/venvs/wacv/lib/python3.11/site-packages/diffusers/image_processor.py:724: FutureWarning: Passing `image` as torch tensor with value range in [-1,1] is deprecated. The expected value range for image tensor is [0,1] when passing as pytorch tensor or numpy Array. You passed `image` with value range [-0.9921568632125854,1.0]
  warnings.warn(
Loading weights:   0%|          | 0/398 [00:00<?, ?it/s]Loading weights: 100%|██████████| 398/398 [00:00<00:00, 11232.60it/s]
[transformers] Model config: bos_token_id must be `None` or an integer within the vocabulary (between 0 and 31999), got 49406. This may result in unexpected behavior.
[transformers] Model config: eos_token_id must be `None` or an integer within the vocabulary (between 0 and 31999), got 49407. This may result in unexpected behavior.
Loading weights:   0%|          | 0/408 [00:00<?, ?it/s]Loading weights:  90%|████████▉ | 367/408 [00:00<00:00, 3656.22it/s]Loading weights: 100%|██████████| 408/408 [00:00<00:00, 3674.13it/s]
task_attr_mod_color_121425       clip_gain=+0.0242 lpips=0.2134 (32s)
/nfs/home/nelson0314/venvs/wacv/lib/python3.11/site-packages/diffusers/image_processor.py:724: FutureWarning: Passing `image` as torch tensor with value range in [-1,1] is deprecated. The expected value range for image tensor is [0,1] when passing as pytorch tensor or numpy Array. You passed `image` with value range [-1.0,1.0]
  warnings.warn(
task_attr_mod_color_123744       clip_gain=-0.0047 lpips=0.2332 (22s)
task_attr_mod_color_124169       clip_gain=+0.0114 lpips=0.1705 (22s)
task_attr_mod_color_126580       clip_gain=+0.0111 lpips=0.2400 (22s)
task_attr_mod_color_127061       clip_gain=-0.0024 lpips=0.1300 (23s)
task_attr_mod_color_144146       clip_gain=+0.0621 lpips=0.4511 (23s)
task_attr_mod_color_158070       clip_gain=+0.0140 lpips=0.3897 (23s)
task_attr_mod_color_164237       clip_gain=-0.0130 lpips=0.3617 (23s)
task_attr_mod_color_174506       clip_gain=+0.0183 lpips=0.3832 (23s)
task_attr_mod_color_175843       clip_gain=+0.0367 lpips=0.2680 (23s)
task_attr_mod_color_202962       clip_gain=-0.0279 lpips=0.2591 (23s)
task_attr_mod_color_22137        clip_gain=+0.0098 lpips=0.1921 (23s)
task_attr_mod_color_229454       clip_gain=+0.0157 lpips=0.2536 (23s)
task_attr_mod_color_234404       clip_gain=-0.0038 lpips=0.1739 (23s)
task_attr_mod_color_30214        clip_gain=+0.0225 lpips=0.3442 (23s)
task_attr_mod_color_41275        clip_gain=+0.0590 lpips=0.1623 (23s)

表：runs/ip2p_obedience_expand/g0/check.csv（16 列）
