Loading pipeline components...:   0%|          | 0/6 [00:00<?, ?it/s]Loading pipeline components...:  33%|███▎      | 2/6 [00:00<00:00, 19.10it/s]
Loading weights:   0%|          | 0/196 [00:00<?, ?it/s][ALoading weights: 100%|██████████| 196/196 [00:00<00:00, 4306.18it/s]
Loading pipeline components...:  67%|██████▋   | 4/6 [00:00<00:00, 15.36it/s]Loading pipeline components...: 100%|██████████| 6/6 [00:00<00:00, 17.34it/s]
There are modules in AutoencoderKL that should be kept in float32: []. Casting directly with `to()` can lead to inconsistent results; set `torch_dtype` in `from_pretrained()` instead to keep these modules in float32.
/nfs/home/nelson0314/venvs/wacv/lib/python3.11/site-packages/torchvision/models/_utils.py:207: UserWarning: The parameter 'pretrained' is deprecated since 0.13 and may be removed in the future, please use 'weights' instead.
  warnings.warn(
/nfs/home/nelson0314/venvs/wacv/lib/python3.11/site-packages/torchvision/models/_utils.py:222: UserWarning: Arguments other than a weight enum or `None` for 'weights' are deprecated since 0.13 and may be removed in the future. The current behavior is equivalent to passing `weights=VGG16_Weights.IMAGENET1K_V1`. You can also use `weights=VGG16_Weights.DEFAULT` to get the most up-to-date weights.
  warnings.warn(msg)
IP2P 線：16 張、條件 ['phase', 'dct_shield']、steps=100 s_T=7.5 s_I=1.5 seed=20260812
/nfs/home/nelson0314/venvs/wacv/lib/python3.11/site-packages/diffusers/image_processor.py:724: FutureWarning: Passing `image` as torch tensor with value range in [-1,1] is deprecated. The expected value range for image tensor is [0,1] when passing as pytorch tensor or numpy Array. You passed `image` with value range [-1.0,1.0]
  warnings.warn(
Warning: You are sending unauthenticated requests to the HF Hub. Please set a HF_TOKEN to enable higher rate limits and faster downloads.
Loading weights:   0%|          | 0/398 [00:00<?, ?it/s]Loading weights: 100%|██████████| 398/398 [00:00<00:00, 13683.95it/s]
[transformers] Model config: bos_token_id must be `None` or an integer within the vocabulary (between 0 and 31999), got 49406. This may result in unexpected behavior.
[transformers] Model config: eos_token_id must be `None` or an integer within the vocabulary (between 0 and 31999), got 49407. This may result in unexpected behavior.
Loading weights:   0%|          | 0/408 [00:00<?, ?it/s]Loading weights:  92%|█████████▏| 375/408 [00:00<00:00, 3746.63it/s]Loading weights: 100%|██████████| 408/408 [00:00<00:00, 3755.70it/s]
task_obj_add_531333              clip_gain=+0.0469 lpips=0.3863 (32s)
task_obj_add_583252              clip_gain=+0.0420 lpips=0.4046 (21s)
/nfs/home/nelson0314/venvs/wacv/lib/python3.11/site-packages/diffusers/image_processor.py:724: FutureWarning: Passing `image` as torch tensor with value range in [-1,1] is deprecated. The expected value range for image tensor is [0,1] when passing as pytorch tensor or numpy Array. You passed `image` with value range [-1.0,0.3176470994949341]
  warnings.warn(
task_obj_add_584511              clip_gain=-0.0055 lpips=0.1535 (22s)
task_obj_add_630523              clip_gain=-0.0046 lpips=0.1871 (22s)
task_obj_add_669258              clip_gain=+0.0059 lpips=0.1828 (22s)
task_obj_add_685213              clip_gain=+0.0444 lpips=0.4132 (22s)
task_obj_add_697862              clip_gain=+0.0106 lpips=0.1544 (22s)
/nfs/home/nelson0314/venvs/wacv/lib/python3.11/site-packages/diffusers/image_processor.py:724: FutureWarning: Passing `image` as torch tensor with value range in [-1,1] is deprecated. The expected value range for image tensor is [0,1] when passing as pytorch tensor or numpy Array. You passed `image` with value range [-0.8196078538894653,0.8901960849761963]
  warnings.warn(
task_obj_add_709390              clip_gain=+0.0435 lpips=0.1976 (22s)
task_obj_add_726991              clip_gain=+0.0007 lpips=0.0936 (22s)
task_obj_add_767982              clip_gain=+0.0187 lpips=0.2867 (22s)
/nfs/home/nelson0314/venvs/wacv/lib/python3.11/site-packages/diffusers/image_processor.py:724: FutureWarning: Passing `image` as torch tensor with value range in [-1,1] is deprecated. The expected value range for image tensor is [0,1] when passing as pytorch tensor or numpy Array. You passed `image` with value range [-1.0,0.9843137264251709]
  warnings.warn(
task_obj_add_850681              clip_gain=+0.0312 lpips=0.6387 (22s)
task_obj_remove_108877           clip_gain=-0.0032 lpips=0.1678 (22s)
task_obj_remove_157386           clip_gain=-0.0018 lpips=0.3436 (22s)
task_obj_remove_166983           clip_gain=-0.0050 lpips=0.2146 (22s)
task_obj_remove_197959           clip_gain=+0.0525 lpips=0.5769 (22s)
task_obj_remove_228800           clip_gain=-0.0010 lpips=0.2766 (22s)

表：runs/ip2p_obedience_expand/g4/check.csv（16 列）
