Loading pipeline components...:   0%|          | 0/6 [00:00<?, ?it/s]Loading pipeline components...:  50%|█████     | 3/6 [00:00<00:00, 23.77it/s]
Loading weights:   0%|          | 0/196 [00:00<?, ?it/s][ALoading weights: 100%|██████████| 196/196 [00:00<00:00, 3862.98it/s]
Loading pipeline components...: 100%|██████████| 6/6 [00:00<00:00, 16.74it/s]Loading pipeline components...: 100%|██████████| 6/6 [00:00<00:00, 17.51it/s]
There are modules in AutoencoderKL that should be kept in float32: []. Casting directly with `to()` can lead to inconsistent results; set `torch_dtype` in `from_pretrained()` instead to keep these modules in float32.
/nfs/home/nelson0314/venvs/wacv/lib/python3.11/site-packages/torchvision/models/_utils.py:207: UserWarning: The parameter 'pretrained' is deprecated since 0.13 and may be removed in the future, please use 'weights' instead.
  warnings.warn(
/nfs/home/nelson0314/venvs/wacv/lib/python3.11/site-packages/torchvision/models/_utils.py:222: UserWarning: Arguments other than a weight enum or `None` for 'weights' are deprecated since 0.13 and may be removed in the future. The current behavior is equivalent to passing `weights=VGG16_Weights.IMAGENET1K_V1`. You can also use `weights=VGG16_Weights.DEFAULT` to get the most up-to-date weights.
  warnings.warn(msg)
IP2P 線：16 張、條件 ['phase', 'dct_shield']、steps=100 s_T=7.5 s_I=1.5 seed=20260812
/nfs/home/nelson0314/venvs/wacv/lib/python3.11/site-packages/diffusers/image_processor.py:724: FutureWarning: Passing `image` as torch tensor with value range in [-1,1] is deprecated. The expected value range for image tensor is [0,1] when passing as pytorch tensor or numpy Array. You passed `image` with value range [-1.0,1.0]
  warnings.warn(
Warning: You are sending unauthenticated requests to the HF Hub. Please set a HF_TOKEN to enable higher rate limits and faster downloads.
Loading weights:   0%|          | 0/398 [00:00<?, ?it/s]Loading weights: 100%|██████████| 398/398 [00:00<00:00, 14042.52it/s]
[transformers] Model config: bos_token_id must be `None` or an integer within the vocabulary (between 0 and 31999), got 49406. This may result in unexpected behavior.
[transformers] Model config: eos_token_id must be `None` or an integer within the vocabulary (between 0 and 31999), got 49407. This may result in unexpected behavior.
Loading weights:   0%|          | 0/408 [00:00<?, ?it/s]Loading weights:  96%|█████████▋| 393/408 [00:00<00:00, 3906.70it/s]Loading weights: 100%|██████████| 408/408 [00:00<00:00, 3983.89it/s]
task_obj_remove_720199           clip_gain=+0.0285 lpips=0.1274 (31s)
task_obj_remove_737102           clip_gain=+0.0106 lpips=0.2220 (21s)
task_obj_remove_869495           clip_gain=+0.0094 lpips=0.2388 (21s)
task_obj_remove_899279           clip_gain=-0.0031 lpips=0.3164 (22s)
task_obj_swap_joint_mask_310537  clip_gain=+0.0038 lpips=0.4019 (22s)
task_obj_swap_joint_mask_337228  clip_gain=+0.0743 lpips=0.7699 (22s)
task_obj_swap_joint_mask_356849  clip_gain=-0.0058 lpips=0.6033 (22s)
task_obj_swap_joint_mask_474202  clip_gain=+0.0387 lpips=0.7573 (22s)
task_obj_swap_joint_mask_476374  clip_gain=-0.0480 lpips=0.5786 (22s)
/nfs/home/nelson0314/venvs/wacv/lib/python3.11/site-packages/diffusers/image_processor.py:724: FutureWarning: Passing `image` as torch tensor with value range in [-1,1] is deprecated. The expected value range for image tensor is [0,1] when passing as pytorch tensor or numpy Array. You passed `image` with value range [-0.9529411792755127,1.0]
  warnings.warn(
task_obj_swap_joint_mask_615817  clip_gain=+0.0374 lpips=0.5087 (22s)
task_obj_swap_joint_mask_671429  clip_gain=-0.0008 lpips=0.1742 (22s)
task_obj_swap_joint_mask_673207  clip_gain=+0.0086 lpips=0.5290 (22s)
task_obj_swap_joint_mask_698465  clip_gain=-0.0291 lpips=0.3335 (22s)
task_obj_swap_joint_mask_718058  clip_gain=+0.0290 lpips=0.5444 (22s)
task_obj_swap_joint_mask_890199  clip_gain=-0.0128 lpips=0.0734 (22s)
task_obj_swap_rand_mask_11376    clip_gain=+0.0284 lpips=0.3351 (22s)

表：runs/ip2p_obedience_expand/g6/check.csv（16 列）
