Loading pipeline components...:   0%|          | 0/6 [00:00<?, ?it/s]Loading pipeline components...:  50%|█████     | 3/6 [00:00<00:00, 12.84it/s]
Loading weights:   0%|          | 0/196 [00:00<?, ?it/s][ALoading weights: 100%|██████████| 196/196 [00:00<00:00, 4436.12it/s]
Loading pipeline components...:  83%|████████▎ | 5/6 [00:00<00:00, 12.67it/s]Loading pipeline components...: 100%|██████████| 6/6 [00:00<00:00, 13.72it/s]
There are modules in AutoencoderKL that should be kept in float32: []. Casting directly with `to()` can lead to inconsistent results; set `torch_dtype` in `from_pretrained()` instead to keep these modules in float32.
/nfs/home/nelson0314/venvs/wacv/lib/python3.11/site-packages/torchvision/models/_utils.py:207: UserWarning: The parameter 'pretrained' is deprecated since 0.13 and may be removed in the future, please use 'weights' instead.
  warnings.warn(
/nfs/home/nelson0314/venvs/wacv/lib/python3.11/site-packages/torchvision/models/_utils.py:222: UserWarning: Arguments other than a weight enum or `None` for 'weights' are deprecated since 0.13 and may be removed in the future. The current behavior is equivalent to passing `weights=VGG16_Weights.IMAGENET1K_V1`. You can also use `weights=VGG16_Weights.DEFAULT` to get the most up-to-date weights.
  warnings.warn(msg)
IP2P 線：10 張、條件 ['warp_rand']、steps=100 s_T=7.5 s_I=1.5 seed=20260812
/nfs/home/nelson0314/venvs/wacv/lib/python3.11/site-packages/diffusers/image_processor.py:724: FutureWarning: Passing `image` as torch tensor with value range in [-1,1] is deprecated. The expected value range for image tensor is [0,1] when passing as pytorch tensor or numpy Array. You passed `image` with value range [-1.0,1.0]
  warnings.warn(
/nfs/home/nelson0314/venvs/wacv/lib/python3.11/site-packages/diffusers/image_processor.py:724: FutureWarning: Passing `image` as torch tensor with value range in [-1,1] is deprecated. The expected value range for image tensor is [0,1] when passing as pytorch tensor or numpy Array. You passed `image` with value range [-1.0,0.9671968221664429]
  warnings.warn(
Warning: You are sending unauthenticated requests to the HF Hub. Please set a HF_TOKEN to enable higher rate limits and faster downloads.
Loading weights:   0%|          | 0/398 [00:00<?, ?it/s]Loading weights: 100%|██████████| 398/398 [00:00<00:00, 24338.56it/s]
[transformers] Model config: bos_token_id must be `None` or an integer within the vocabulary (between 0 and 31999), got 49406. This may result in unexpected behavior.
[transformers] Model config: eos_token_id must be `None` or an integer within the vocabulary (between 0 and 31999), got 49407. This may result in unexpected behavior.
Loading weights:   0%|          | 0/408 [00:00<?, ?it/s]Loading weights:  91%|█████████ | 371/408 [00:00<00:00, 3698.71it/s]Loading weights: 100%|██████████| 408/408 [00:00<00:00, 3763.79it/s]
task_attr_mod_color_11699        warp_rand      r=1.7400 dists=0.1158 lpips=0.2057 effect=0.2038 (31s)
task_attr_mod_color_136767       warp_rand      r=1.7400 dists=0.1322 lpips=0.1875 effect=0.2006 (22s)
task_attr_mod_color_184837       warp_rand      r=1.7400 dists=0.1528 lpips=0.2131 effect=0.2220 (22s)
task_attr_mod_color_32648        warp_rand      r=1.7400 dists=0.1021 lpips=0.1422 effect=0.1330 (22s)
task_attr_mod_color_6205         warp_rand      r=1.7400 dists=0.1337 lpips=0.1889 effect=0.1859 (22s)
task_env_weather_112463          warp_rand      r=1.7400 dists=0.1136 lpips=0.2383 effect=0.2627 (22s)
/nfs/home/nelson0314/venvs/wacv/lib/python3.11/site-packages/diffusers/image_processor.py:724: FutureWarning: Passing `image` as torch tensor with value range in [-1,1] is deprecated. The expected value range for image tensor is [0,1] when passing as pytorch tensor or numpy Array. You passed `image` with value range [-1.0,0.9994339942932129]
  warnings.warn(
task_obj_remove_380621           warp_rand      r=1.7400 dists=0.1786 lpips=0.2443 effect=0.2712 (22s)
task_obj_swap_joint_mask_276754  warp_rand      r=1.7400 dists=0.1388 lpips=0.3039 effect=0.1007 (22s)
/nfs/home/nelson0314/venvs/wacv/lib/python3.11/site-packages/diffusers/image_processor.py:724: FutureWarning: Passing `image` as torch tensor with value range in [-1,1] is deprecated. The expected value range for image tensor is [0,1] when passing as pytorch tensor or numpy Array. You passed `image` with value range [-1.0,0.9996678829193115]
  warnings.warn(
task_obj_swap_joint_mask_533428  warp_rand      r=1.7400 dists=0.1266 lpips=0.2423 effect=0.3426 (22s)
/nfs/home/nelson0314/venvs/wacv/lib/python3.11/site-packages/diffusers/image_processor.py:724: FutureWarning: Passing `image` as torch tensor with value range in [-1,1] is deprecated. The expected value range for image tensor is [0,1] when passing as pytorch tensor or numpy Array. You passed `image` with value range [-1.0,0.9912340641021729]
  warnings.warn(
task_obj_swap_rand_mask_417469   warp_rand      r=1.7400 dists=0.1153 lpips=0.2178 effect=0.2134 (22s)

表：runs/ip2p_dispersion/w_fold/results.csv（10 列）
