Loading pipeline components...:   0%|          | 0/6 [00:00<?, ?it/s]Loading pipeline components...:  50%|█████     | 3/6 [00:00<00:00, 26.28it/s]
Loading weights:   0%|          | 0/196 [00:00<?, ?it/s][ALoading weights: 100%|██████████| 196/196 [00:00<00:00, 4336.59it/s]
Loading pipeline components...: 100%|██████████| 6/6 [00:00<00:00, 15.70it/s]Loading pipeline components...: 100%|██████████| 6/6 [00:00<00:00, 16.70it/s]
There are modules in AutoencoderKL that should be kept in float32: []. Casting directly with `to()` can lead to inconsistent results; set `torch_dtype` in `from_pretrained()` instead to keep these modules in float32.
/nfs/home/nelson0314/venvs/wacv/lib/python3.11/site-packages/torchvision/models/_utils.py:207: UserWarning: The parameter 'pretrained' is deprecated since 0.13 and may be removed in the future, please use 'weights' instead.
  warnings.warn(
/nfs/home/nelson0314/venvs/wacv/lib/python3.11/site-packages/torchvision/models/_utils.py:222: UserWarning: Arguments other than a weight enum or `None` for 'weights' are deprecated since 0.13 and may be removed in the future. The current behavior is equivalent to passing `weights=VGG16_Weights.IMAGENET1K_V1`. You can also use `weights=VGG16_Weights.DEFAULT` to get the most up-to-date weights.
  warnings.warn(msg)
IP2P 線：13 張、條件 ['phase']、steps=100 s_T=7.5 s_I=1.5 seed=20260812
/nfs/home/nelson0314/venvs/wacv/lib/python3.11/site-packages/diffusers/image_processor.py:724: FutureWarning: Passing `image` as torch tensor with value range in [-1,1] is deprecated. The expected value range for image tensor is [0,1] when passing as pytorch tensor or numpy Array. You passed `image` with value range [-1.0,1.0]
  warnings.warn(
task_attr_mod_color_11699        phase          r=1.2000 dists=0.0321 lpips=0.0472 effect=0.0762 (83s)
task_attr_mod_color_184837       phase          r=1.2000 dists=0.0626 lpips=0.0636 effect=0.1239 (84s)
task_attr_mod_color_6205         phase          r=1.2000 dists=0.0566 lpips=0.0509 effect=0.0729 (84s)
task_env_weather_133752          phase          r=1.2000 dists=0.0269 lpips=0.0442 effect=0.0948 (84s)
task_env_weather_246440          phase          r=1.2000 dists=0.0544 lpips=0.0747 effect=0.2620 (84s)
task_obj_add_13726               phase          r=1.2000 dists=0.0551 lpips=0.0672 effect=0.1555 (84s)
task_obj_add_40931               phase          r=1.2000 dists=0.0564 lpips=0.1412 effect=0.2203 (85s)
task_obj_add_692065              phase          r=1.2000 dists=0.0436 lpips=0.0651 effect=0.1089 (84s)
task_obj_remove_257910           phase          r=1.2000 dists=0.0406 lpips=0.0541 effect=0.0952 (84s)
task_obj_remove_509477           phase          r=1.2000 dists=0.0521 lpips=0.0731 effect=0.1350 (84s)
task_obj_swap_joint_mask_276754  phase          r=1.2000 dists=0.0801 lpips=0.1480 effect=0.1557 (83s)
/nfs/home/nelson0314/venvs/wacv/lib/python3.11/site-packages/diffusers/image_processor.py:724: FutureWarning: Passing `image` as torch tensor with value range in [-1,1] is deprecated. The expected value range for image tensor is [0,1] when passing as pytorch tensor or numpy Array. You passed `image` with value range [-0.9686274528503418,1.0]
  warnings.warn(
task_obj_swap_joint_mask_75733   phase          r=1.2000 dists=0.0585 lpips=0.1051 effect=0.1748 (83s)
task_obj_swap_rand_mask_417469   phase          r=1.2000 dists=0.0349 lpips=0.0733 effect=0.1160 (83s)

表：runs/fair0820/a9_rmax/b040_t12_0/results.csv（13 列）
