Warning: You are sending unauthenticated requests to the HF Hub. Please set a HF_TOKEN to enable higher rate limits and faster downloads.
Loading pipeline components...:   0%|          | 0/6 [00:00<?, ?it/s]
Loading weights:   0%|          | 0/196 [00:00<?, ?it/s][ALoading weights: 100%|██████████| 196/196 [00:00<00:00, 3444.97it/s]
Loading pipeline components...:  50%|█████     | 3/6 [00:00<00:00, 13.54it/s]Loading pipeline components...:  83%|████████▎ | 5/6 [00:00<00:00, 14.83it/s]Loading pipeline components...: 100%|██████████| 6/6 [00:00<00:00, 14.62it/s]
There are modules in AutoencoderKL that should be kept in float32: []. Casting directly with `to()` can lead to inconsistent results; set `torch_dtype` in `from_pretrained()` instead to keep these modules in float32.
/nfs/home/nelson0314/venvs/wacv/lib/python3.11/site-packages/torchvision/models/_utils.py:207: UserWarning: The parameter 'pretrained' is deprecated since 0.13 and may be removed in the future, please use 'weights' instead.
  warnings.warn(
/nfs/home/nelson0314/venvs/wacv/lib/python3.11/site-packages/torchvision/models/_utils.py:222: UserWarning: Arguments other than a weight enum or `None` for 'weights' are deprecated since 0.13 and may be removed in the future. The current behavior is equivalent to passing `weights=VGG16_Weights.IMAGENET1K_V1`. You can also use `weights=VGG16_Weights.DEFAULT` to get the most up-to-date weights.
  warnings.warn(msg)
IP2P 線：13 張、條件 ['phase']、steps=100 s_T=7.5 s_I=1.5 seed=20260812
/nfs/home/nelson0314/venvs/wacv/lib/python3.11/site-packages/diffusers/image_processor.py:724: FutureWarning: Passing `image` as torch tensor with value range in [-1,1] is deprecated. The expected value range for image tensor is [0,1] when passing as pytorch tensor or numpy Array. You passed `image` with value range [-1.0,1.0]
  warnings.warn(
task_attr_mod_color_11699        phase          r=0.9000 dists=0.0232 lpips=0.0352 effect=0.0623 (123s)
task_attr_mod_color_184837       phase          r=0.9000 dists=0.0382 lpips=0.0468 effect=0.1002 (80s)
task_attr_mod_color_6205         phase          r=0.9000 dists=0.0391 lpips=0.0374 effect=0.0561 (67s)
task_env_weather_133752          phase          r=0.9000 dists=0.0173 lpips=0.0282 effect=0.0779 (75s)
task_env_weather_246440          phase          r=0.9000 dists=0.0384 lpips=0.0530 effect=0.2141 (75s)
task_obj_add_13726               phase          r=0.9000 dists=0.0404 lpips=0.0489 effect=0.1271 (61s)
task_obj_add_40931               phase          r=0.9000 dists=0.0433 lpips=0.1087 effect=0.1809 (52s)
task_obj_add_692065              phase          r=0.9000 dists=0.0305 lpips=0.0454 effect=0.0852 (38s)
task_obj_remove_257910           phase          r=0.9000 dists=0.0260 lpips=0.0384 effect=0.0779 (38s)
task_obj_remove_509477           phase          r=0.9000 dists=0.0351 lpips=0.0517 effect=0.1105 (38s)
task_obj_swap_joint_mask_276754  phase          r=0.9000 dists=0.0557 lpips=0.1092 effect=0.1409 (38s)
/nfs/home/nelson0314/venvs/wacv/lib/python3.11/site-packages/diffusers/image_processor.py:724: FutureWarning: Passing `image` as torch tensor with value range in [-1,1] is deprecated. The expected value range for image tensor is [0,1] when passing as pytorch tensor or numpy Array. You passed `image` with value range [-0.9686274528503418,1.0]
  warnings.warn(
task_obj_swap_joint_mask_75733   phase          r=0.9000 dists=0.0411 lpips=0.0749 effect=0.1402 (38s)
task_obj_swap_rand_mask_417469   phase          r=0.9000 dists=0.0246 lpips=0.0557 effect=0.0947 (38s)

表：runs/fair0820/a9_rmax/b040_t09_0/results.csv（13 列）
