Warning: You are sending unauthenticated requests to the HF Hub. Please set a HF_TOKEN to enable higher rate limits and faster downloads.
Loading pipeline components...:   0%|          | 0/6 [00:00<?, ?it/s]Loading pipeline components...:  17%|█▋        | 1/6 [00:00<00:00,  9.85it/s]Loading pipeline components...:  83%|████████▎ | 5/6 [00:00<00:00, 26.21it/s]
Loading weights:   0%|          | 0/196 [00:00<?, ?it/s][ALoading weights: 100%|██████████| 196/196 [00:00<00:00, 4085.27it/s]
Loading pipeline components...: 100%|██████████| 6/6 [00:00<00:00, 16.69it/s]
There are modules in AutoencoderKL that should be kept in float32: []. Casting directly with `to()` can lead to inconsistent results; set `torch_dtype` in `from_pretrained()` instead to keep these modules in float32.
/nfs/home/nelson0314/venvs/wacv/lib/python3.11/site-packages/torchvision/models/_utils.py:207: UserWarning: The parameter 'pretrained' is deprecated since 0.13 and may be removed in the future, please use 'weights' instead.
  warnings.warn(
/nfs/home/nelson0314/venvs/wacv/lib/python3.11/site-packages/torchvision/models/_utils.py:222: UserWarning: Arguments other than a weight enum or `None` for 'weights' are deprecated since 0.13 and may be removed in the future. The current behavior is equivalent to passing `weights=VGG16_Weights.IMAGENET1K_V1`. You can also use `weights=VGG16_Weights.DEFAULT` to get the most up-to-date weights.
  warnings.warn(msg)
IP2P 線：13 張、條件 ['phase']、steps=100 s_T=7.5 s_I=1.5 seed=20260812
/nfs/home/nelson0314/venvs/wacv/lib/python3.11/site-packages/diffusers/image_processor.py:724: FutureWarning: Passing `image` as torch tensor with value range in [-1,1] is deprecated. The expected value range for image tensor is [0,1] when passing as pytorch tensor or numpy Array. You passed `image` with value range [-1.0,1.0]
  warnings.warn(
task_attr_mod_color_11699        phase          r=1.6000 dists=0.0406 lpips=0.0631 effect=0.0919 (37s)
task_attr_mod_color_184837       phase          r=1.6000 dists=0.0948 lpips=0.0842 effect=0.1677 (37s)
task_attr_mod_color_6205         phase          r=1.6000 dists=0.0843 lpips=0.0669 effect=0.0923 (37s)
task_env_weather_133752          phase          r=1.6000 dists=0.0351 lpips=0.0647 effect=0.1248 (37s)
task_env_weather_246440          phase          r=1.6000 dists=0.0720 lpips=0.1002 effect=0.2914 (37s)
task_obj_add_13726               phase          r=1.6000 dists=0.0794 lpips=0.0898 effect=0.1883 (37s)
task_obj_add_40931               phase          r=1.6000 dists=0.0774 lpips=0.1821 effect=0.2353 (37s)
task_obj_add_692065              phase          r=1.6000 dists=0.0605 lpips=0.0925 effect=0.1408 (37s)
task_obj_remove_257910           phase          r=1.6000 dists=0.0539 lpips=0.0747 effect=0.1172 (37s)
task_obj_remove_509477           phase          r=1.6000 dists=0.0688 lpips=0.1021 effect=0.1667 (37s)
task_obj_swap_joint_mask_276754  phase          r=1.6000 dists=0.1111 lpips=0.1845 effect=0.1522 (37s)
/nfs/home/nelson0314/venvs/wacv/lib/python3.11/site-packages/diffusers/image_processor.py:724: FutureWarning: Passing `image` as torch tensor with value range in [-1,1] is deprecated. The expected value range for image tensor is [0,1] when passing as pytorch tensor or numpy Array. You passed `image` with value range [-0.9686274528503418,1.0]
  warnings.warn(
task_obj_swap_joint_mask_75733   phase          r=1.6000 dists=0.0847 lpips=0.1354 effect=0.2238 (37s)
task_obj_swap_rand_mask_417469   phase          r=1.6000 dists=0.0498 lpips=0.0955 effect=0.1397 (37s)

表：runs/fair0820/a9_rmax/b040_t16_0/results.csv（13 列）
