Loading pipeline components...:   0%|          | 0/6 [00:00<?, ?it/s]Loading pipeline components...:  67%|██████▋   | 4/6 [00:00<00:00, 32.62it/s]
Loading weights:   0%|          | 0/196 [00:00<?, ?it/s][ALoading weights: 100%|██████████| 196/196 [00:00<00:00, 4380.10it/s]
Loading pipeline components...: 100%|██████████| 6/6 [00:00<00:00, 16.79it/s]
There are modules in AutoencoderKL that should be kept in float32: []. Casting directly with `to()` can lead to inconsistent results; set `torch_dtype` in `from_pretrained()` instead to keep these modules in float32.
/nfs/home/nelson0314/venvs/wacv/lib/python3.11/site-packages/torchvision/models/_utils.py:207: UserWarning: The parameter 'pretrained' is deprecated since 0.13 and may be removed in the future, please use 'weights' instead.
  warnings.warn(
/nfs/home/nelson0314/venvs/wacv/lib/python3.11/site-packages/torchvision/models/_utils.py:222: UserWarning: Arguments other than a weight enum or `None` for 'weights' are deprecated since 0.13 and may be removed in the future. The current behavior is equivalent to passing `weights=VGG16_Weights.IMAGENET1K_V1`. You can also use `weights=VGG16_Weights.DEFAULT` to get the most up-to-date weights.
  warnings.warn(msg)
IP2P 線：12 張、條件 ['phase']、steps=100 s_T=7.5 s_I=1.5 seed=20260812
/nfs/home/nelson0314/venvs/wacv/lib/python3.11/site-packages/diffusers/image_processor.py:724: FutureWarning: Passing `image` as torch tensor with value range in [-1,1] is deprecated. The expected value range for image tensor is [0,1] when passing as pytorch tensor or numpy Array. You passed `image` with value range [-1.0,1.0]
  warnings.warn(
task_attr_mod_color_136767       phase          r=1.6000 dists=0.0895 lpips=0.1014 effect=0.1531 (37s)
task_attr_mod_color_32648        phase          r=1.6000 dists=0.0523 lpips=0.0719 effect=0.1098 (38s)
task_env_weather_112463          phase          r=1.6000 dists=0.0438 lpips=0.1463 effect=0.2116 (39s)
task_env_weather_181583          phase          r=1.6000 dists=0.0448 lpips=0.1550 effect=0.2118 (39s)
task_env_weather_63722           phase          r=1.6000 dists=0.0704 lpips=0.0797 effect=0.1289 (39s)
task_obj_add_340466              phase          r=1.6000 dists=0.0635 lpips=0.0650 effect=0.1571 (39s)
task_obj_add_581286              phase          r=1.6000 dists=0.0424 lpips=0.0696 effect=0.1047 (39s)
task_obj_remove_10197            phase          r=1.6000 dists=0.0607 lpips=0.0943 effect=0.3149 (39s)
task_obj_remove_380621           phase          r=1.6000 dists=0.0775 lpips=0.0922 effect=0.1754 (39s)
task_obj_remove_657585           phase          r=1.6000 dists=0.0443 lpips=0.0602 effect=0.2216 (39s)
task_obj_swap_joint_mask_533428  phase          r=1.6000 dists=0.0756 lpips=0.1090 effect=0.1902 (39s)
task_obj_swap_rand_mask_298147   phase          r=1.6000 dists=0.1242 lpips=0.2164 effect=0.3286 (39s)

表：runs/fair0820/a9_rmax/b040_t16_1/results.csv（12 列）
