Fetching 13 files:   0%|          | 0/13 [00:00<?, ?it/s]Warning: You are sending unauthenticated requests to the HF Hub. Please set a HF_TOKEN to enable higher rate limits and faster downloads.
Fetching 13 files:  15%|█▌        | 2/13 [00:00<00:01,  9.61it/s]Fetching 13 files:  69%|██████▉   | 9/13 [00:00<00:00, 21.33it/s]Fetching 13 files:  77%|███████▋  | 10/13 [00:19<00:00, 21.33it/s]Fetching 13 files:  85%|████████▍ | 11/13 [00:57<00:14,  7.31s/it]Fetching 13 files:  92%|█████████▏| 12/13 [01:37<00:12, 12.24s/it]Fetching 13 files: 100%|██████████| 13/13 [02:05<00:00, 15.13s/it]Fetching 13 files: 100%|██████████| 13/13 [02:05<00:00,  9.66s/it]
Loading pipeline components...:   0%|          | 0/6 [00:00<?, ?it/s]Loading pipeline components...:  33%|███▎      | 2/6 [00:00<00:00, 13.80it/s]
Loading weights:   0%|          | 0/196 [00:00<?, ?it/s][ALoading weights: 100%|██████████| 196/196 [00:00<00:00, 3433.69it/s]
Loading pipeline components...:  83%|████████▎ | 5/6 [00:00<00:00, 15.36it/s]Loading pipeline components...: 100%|██████████| 6/6 [00:00<00:00, 13.62it/s]
There are modules in AutoencoderKL that should be kept in float32: []. Casting directly with `to()` can lead to inconsistent results; set `torch_dtype` in `from_pretrained()` instead to keep these modules in float32.
/nfs/home/nelson0314/venvs/wacv/lib/python3.11/site-packages/torchvision/models/_utils.py:207: UserWarning: The parameter 'pretrained' is deprecated since 0.13 and may be removed in the future, please use 'weights' instead.
  warnings.warn(
/nfs/home/nelson0314/venvs/wacv/lib/python3.11/site-packages/torchvision/models/_utils.py:222: UserWarning: Arguments other than a weight enum or `None` for 'weights' are deprecated since 0.13 and may be removed in the future. The current behavior is equivalent to passing `weights=VGG16_Weights.IMAGENET1K_V1`. You can also use `weights=VGG16_Weights.DEFAULT` to get the most up-to-date weights.
  warnings.warn(msg)
IP2P 線：25 張、條件 ['phase']、steps=100 s_T=7.5 s_I=1.5 seed=20260812
/nfs/home/nelson0314/venvs/wacv/lib/python3.11/site-packages/diffusers/image_processor.py:724: FutureWarning: Passing `image` as torch tensor with value range in [-1,1] is deprecated. The expected value range for image tensor is [0,1] when passing as pytorch tensor or numpy Array. You passed `image` with value range [-1.0,1.0]
  warnings.warn(
task_attr_mod_color_11699        phase          r=1.2700 dists=0.0257 lpips=0.0943 effect=0.1249 (82s)
task_attr_mod_color_136767       phase          r=1.2700 dists=0.0590 lpips=0.1618 effect=0.2032 (82s)
task_attr_mod_color_184837       phase          r=1.2700 dists=0.0669 lpips=0.1682 effect=0.2523 (82s)
task_attr_mod_color_32648        phase          r=1.2700 dists=0.0348 lpips=0.1456 effect=0.1668 (82s)
task_attr_mod_color_6205         phase          r=1.2700 dists=0.0494 lpips=0.0935 effect=0.2101 (82s)
task_env_weather_112463          phase          r=1.2700 dists=0.0280 lpips=0.1627 effect=0.2670 (82s)
task_env_weather_133752          phase          r=1.2700 dists=0.0247 lpips=0.1583 effect=0.1997 (82s)
task_env_weather_181583          phase          r=1.2700 dists=0.0292 lpips=0.1890 effect=0.5687 (82s)
task_env_weather_246440          phase          r=1.2700 dists=0.0546 lpips=0.2179 effect=0.3423 (82s)
task_env_weather_63722           phase          r=1.2700 dists=0.0443 lpips=0.1489 effect=0.1820 (82s)
task_obj_add_13726               phase          r=1.2700 dists=0.0579 lpips=0.2028 effect=0.2942 (82s)
task_obj_add_340466              phase          r=1.2700 dists=0.0361 lpips=0.0982 effect=0.2123 (82s)
task_obj_add_40931               phase          r=1.2700 dists=0.0438 lpips=0.3056 effect=0.2795 (82s)
task_obj_add_581286              phase          r=1.2700 dists=0.0317 lpips=0.1114 effect=0.1262 (82s)
task_obj_add_692065              phase          r=1.2700 dists=0.0382 lpips=0.1314 effect=0.1729 (82s)
task_obj_remove_10197            phase          r=1.2700 dists=0.0393 lpips=0.2444 effect=0.4158 (82s)
task_obj_remove_257910           phase          r=1.2700 dists=0.0327 lpips=0.1814 effect=0.1799 (82s)
task_obj_remove_380621           phase          r=1.2700 dists=0.0512 lpips=0.2073 effect=0.3621 (82s)
task_obj_remove_509477           phase          r=1.2700 dists=0.0451 lpips=0.2096 effect=0.2343 (82s)
task_obj_remove_657585           phase          r=1.2700 dists=0.0280 lpips=0.0853 effect=0.2545 (82s)
task_obj_swap_joint_mask_276754  phase          r=1.2700 dists=0.0727 lpips=0.3847 effect=0.1890 (82s)
task_obj_swap_joint_mask_533428  phase          r=1.2700 dists=0.0495 lpips=0.2217 effect=0.2981 (82s)
/nfs/home/nelson0314/venvs/wacv/lib/python3.11/site-packages/diffusers/image_processor.py:724: FutureWarning: Passing `image` as torch tensor with value range in [-1,1] is deprecated. The expected value range for image tensor is [0,1] when passing as pytorch tensor or numpy Array. You passed `image` with value range [-0.9686274528503418,1.0]
  warnings.warn(
task_obj_swap_joint_mask_75733   phase          r=1.2700 dists=0.0542 lpips=0.2528 effect=0.3283 (82s)
task_obj_swap_rand_mask_298147   phase          r=1.2700 dists=0.0791 lpips=0.3188 effect=0.4742 (82s)
task_obj_swap_rand_mask_417469   phase          r=1.2700 dists=0.0317 lpips=0.1784 effect=0.2128 (82s)

表：runs/ip2p_pgd_steps/phase_s0400/results.csv（25 列）
