Warning: You are sending unauthenticated requests to the HF Hub. Please set a HF_TOKEN to enable higher rate limits and faster downloads.
Fetching 13 files:   0%|          | 0/13 [00:00<?, ?it/s]Fetching 13 files:  15%|█▌        | 2/13 [00:00<00:01,  9.54it/s]Fetching 13 files:  69%|██████▉   | 9/13 [00:00<00:00, 23.18it/s]Fetching 13 files:  77%|███████▋  | 10/13 [00:19<00:00, 23.18it/s]Fetching 13 files:  85%|████████▍ | 11/13 [00:57<00:14,  7.32s/it]Fetching 13 files:  92%|█████████▏| 12/13 [01:37<00:12, 12.24s/it]Fetching 13 files: 100%|██████████| 13/13 [02:05<00:00, 15.12s/it]Fetching 13 files: 100%|██████████| 13/13 [02:05<00:00,  9.66s/it]
Loading pipeline components...:   0%|          | 0/6 [00:00<?, ?it/s]Loading pipeline components...:  50%|█████     | 3/6 [00:00<00:00, 16.57it/s]Loading pipeline components...:  83%|████████▎ | 5/6 [00:00<00:00, 16.95it/s]
Loading weights:   0%|          | 0/196 [00:00<?, ?it/s][ALoading weights: 100%|██████████| 196/196 [00:00<00:00, 3613.52it/s]
Loading pipeline components...: 100%|██████████| 6/6 [00:00<00:00, 13.01it/s]
There are modules in AutoencoderKL that should be kept in float32: []. Casting directly with `to()` can lead to inconsistent results; set `torch_dtype` in `from_pretrained()` instead to keep these modules in float32.
/nfs/home/nelson0314/venvs/wacv/lib/python3.11/site-packages/torchvision/models/_utils.py:207: UserWarning: The parameter 'pretrained' is deprecated since 0.13 and may be removed in the future, please use 'weights' instead.
  warnings.warn(
/nfs/home/nelson0314/venvs/wacv/lib/python3.11/site-packages/torchvision/models/_utils.py:222: UserWarning: Arguments other than a weight enum or `None` for 'weights' are deprecated since 0.13 and may be removed in the future. The current behavior is equivalent to passing `weights=VGG16_Weights.IMAGENET1K_V1`. You can also use `weights=VGG16_Weights.DEFAULT` to get the most up-to-date weights.
  warnings.warn(msg)
IP2P 線：25 張、條件 ['phase']、steps=100 s_T=7.5 s_I=1.5 seed=20260812
/nfs/home/nelson0314/venvs/wacv/lib/python3.11/site-packages/diffusers/image_processor.py:724: FutureWarning: Passing `image` as torch tensor with value range in [-1,1] is deprecated. The expected value range for image tensor is [0,1] when passing as pytorch tensor or numpy Array. You passed `image` with value range [-1.0,1.0]
  warnings.warn(
task_attr_mod_color_11699        phase          r=1.2700 dists=0.0290 lpips=0.1024 effect=0.1309 (113s)
task_attr_mod_color_136767       phase          r=1.2700 dists=0.0671 lpips=0.1690 effect=0.2073 (112s)
task_attr_mod_color_184837       phase          r=1.2700 dists=0.0786 lpips=0.1861 effect=0.2728 (112s)
task_attr_mod_color_32648        phase          r=1.2700 dists=0.0358 lpips=0.1523 effect=0.1727 (112s)
task_attr_mod_color_6205         phase          r=1.2700 dists=0.0652 lpips=0.1018 effect=0.2220 (112s)
task_env_weather_112463          phase          r=1.2700 dists=0.0271 lpips=0.1707 effect=0.2728 (112s)
task_env_weather_133752          phase          r=1.2700 dists=0.0269 lpips=0.1702 effect=0.2057 (112s)
task_env_weather_181583          phase          r=1.2700 dists=0.0306 lpips=0.1988 effect=0.5784 (112s)
task_env_weather_246440          phase          r=1.2700 dists=0.0659 lpips=0.2322 effect=0.3618 (113s)
task_env_weather_63722           phase          r=1.2700 dists=0.0513 lpips=0.1618 effect=0.1916 (113s)
task_obj_add_13726               phase          r=1.2700 dists=0.0666 lpips=0.2159 effect=0.2990 (112s)
task_obj_add_340466              phase          r=1.2700 dists=0.0416 lpips=0.1077 effect=0.2227 (112s)
task_obj_add_40931               phase          r=1.2700 dists=0.0533 lpips=0.3225 effect=0.3040 (113s)
task_obj_add_581286              phase          r=1.2700 dists=0.0316 lpips=0.1174 effect=0.1317 (112s)
task_obj_add_692065              phase          r=1.2700 dists=0.0431 lpips=0.1392 effect=0.1795 (113s)
task_obj_remove_10197            phase          r=1.2700 dists=0.0425 lpips=0.2566 effect=0.4432 (112s)
task_obj_remove_257910           phase          r=1.2700 dists=0.0329 lpips=0.1958 effect=0.1912 (113s)
task_obj_remove_380621           phase          r=1.2700 dists=0.0567 lpips=0.2230 effect=0.3881 (113s)
task_obj_remove_509477           phase          r=1.2700 dists=0.0522 lpips=0.2294 effect=0.2480 (112s)
task_obj_remove_657585           phase          r=1.2700 dists=0.0298 lpips=0.0916 effect=0.2597 (105s)
task_obj_swap_joint_mask_276754  phase          r=1.2700 dists=0.0843 lpips=0.4000 effect=0.1842 (52s)
task_obj_swap_joint_mask_533428  phase          r=1.2700 dists=0.0632 lpips=0.2420 effect=0.2990 (52s)
/nfs/home/nelson0314/venvs/wacv/lib/python3.11/site-packages/diffusers/image_processor.py:724: FutureWarning: Passing `image` as torch tensor with value range in [-1,1] is deprecated. The expected value range for image tensor is [0,1] when passing as pytorch tensor or numpy Array. You passed `image` with value range [-0.9686274528503418,1.0]
  warnings.warn(
task_obj_swap_joint_mask_75733   phase          r=1.2700 dists=0.0595 lpips=0.2604 effect=0.3426 (52s)
task_obj_swap_rand_mask_298147   phase          r=1.2700 dists=0.0860 lpips=0.3299 effect=0.4764 (52s)
task_obj_swap_rand_mask_417469   phase          r=1.2700 dists=0.0386 lpips=0.1912 effect=0.2251 (52s)

表：runs/ip2p_pgd_steps/phase_s0200/results.csv（25 列）
