Loading pipeline components...:   0%|          | 0/6 [00:00<?, ?it/s]Loading pipeline components...:  33%|███▎      | 2/6 [00:00<00:00, 16.94it/s]
Loading weights:   0%|          | 0/196 [00:00<?, ?it/s][ALoading weights: 100%|██████████| 196/196 [00:00<00:00, 3343.81it/s]
Loading pipeline components...:  67%|██████▋   | 4/6 [00:00<00:00, 13.16it/s]Loading pipeline components...: 100%|██████████| 6/6 [00:00<00:00, 15.31it/s]Loading pipeline components...: 100%|██████████| 6/6 [00:00<00:00, 15.03it/s]
There are modules in AutoencoderKL that should be kept in float32: []. Casting directly with `to()` can lead to inconsistent results; set `torch_dtype` in `from_pretrained()` instead to keep these modules in float32.
/nfs/home/nelson0314/venvs/wacv/lib/python3.11/site-packages/torchvision/models/_utils.py:207: UserWarning: The parameter 'pretrained' is deprecated since 0.13 and may be removed in the future, please use 'weights' instead.
  warnings.warn(
/nfs/home/nelson0314/venvs/wacv/lib/python3.11/site-packages/torchvision/models/_utils.py:222: UserWarning: Arguments other than a weight enum or `None` for 'weights' are deprecated since 0.13 and may be removed in the future. The current behavior is equivalent to passing `weights=VGG16_Weights.IMAGENET1K_V1`. You can also use `weights=VGG16_Weights.DEFAULT` to get the most up-to-date weights.
  warnings.warn(msg)
IP2P 線：13 張、條件 ['phase_gain']、steps=100 s_T=7.5 s_I=1.5 seed=20260812
/nfs/home/nelson0314/venvs/wacv/lib/python3.11/site-packages/diffusers/image_processor.py:724: FutureWarning: Passing `image` as torch tensor with value range in [-1,1] is deprecated. The expected value range for image tensor is [0,1] when passing as pytorch tensor or numpy Array. You passed `image` with value range [-1.0,1.0]
  warnings.warn(
Warning: You are sending unauthenticated requests to the HF Hub. Please set a HF_TOKEN to enable higher rate limits and faster downloads.
Loading weights:   0%|          | 0/398 [00:00<?, ?it/s]Loading weights: 100%|██████████| 398/398 [00:00<00:00, 11158.34it/s]
[transformers] Model config: bos_token_id must be `None` or an integer within the vocabulary (between 0 and 31999), got 49406. This may result in unexpected behavior.
[transformers] Model config: eos_token_id must be `None` or an integer within the vocabulary (between 0 and 31999), got 49407. This may result in unexpected behavior.
Loading weights:   0%|          | 0/408 [00:00<?, ?it/s]Loading weights:  71%|███████▏  | 291/408 [00:00<00:00, 2894.50it/s]Loading weights: 100%|██████████| 408/408 [00:00<00:00, 3034.35it/s]
task_attr_mod_color_11699        phase_gain     r=2.5000 dists=0.1002 lpips=0.3438 effect=0.4962 (186s)
task_attr_mod_color_136767       phase_gain     r=2.5000 dists=0.1752 lpips=0.4146 effect=0.5670 (178s)
task_attr_mod_color_184837       phase_gain     r=2.5000 dists=0.2231 lpips=0.4528 effect=0.6783 (178s)
task_attr_mod_color_32648        phase_gain     r=2.5000 dists=0.0721 lpips=0.4548 effect=0.3665 (178s)
task_attr_mod_color_6205         phase_gain     r=2.5000 dists=0.1449 lpips=0.3644 effect=0.5481 (178s)
task_env_weather_112463          phase_gain     r=2.5000 dists=0.0826 lpips=0.4704 effect=0.8287 (178s)
task_env_weather_246440          phase_gain     r=2.5000 dists=0.1603 lpips=0.4338 effect=0.6186 (178s)
task_env_weather_63722           phase_gain     r=2.5000 dists=0.1039 lpips=0.3950 effect=0.4867 (178s)
task_obj_add_40931               phase_gain     r=2.5000 dists=0.1412 lpips=0.4900 effect=0.5362 (178s)
task_obj_remove_380621           phase_gain     r=2.5000 dists=0.1156 lpips=0.4095 effect=0.4526 (178s)
task_obj_swap_joint_mask_276754  phase_gain     r=2.5000 dists=0.1590 lpips=0.4438 effect=0.6629 (178s)
task_obj_swap_joint_mask_533428  phase_gain     r=2.5000 dists=0.1649 lpips=0.4860 effect=0.6262 (179s)
task_obj_swap_rand_mask_417469   phase_gain     r=2.5000 dists=0.1326 lpips=0.4742 effect=0.6525 (180s)

表：runs/ip2p_gain_gate_split/jg25_r25/results.csv（13 列）
