Warning: You are sending unauthenticated requests to the HF Hub. Please set a HF_TOKEN to enable higher rate limits and faster downloads.
Loading pipeline components...:   0%|          | 0/6 [00:00<?, ?it/s]Loading pipeline components...:  33%|███▎      | 2/6 [00:00<00:00, 18.03it/s]
Loading weights:   0%|          | 0/196 [00:00<?, ?it/s][ALoading weights: 100%|██████████| 196/196 [00:00<00:00, 3153.78it/s]
Loading pipeline components...:  67%|██████▋   | 4/6 [00:00<00:00,  9.31it/s]Loading pipeline components...: 100%|██████████| 6/6 [00:00<00:00, 13.56it/s]
There are modules in AutoencoderKL that should be kept in float32: []. Casting directly with `to()` can lead to inconsistent results; set `torch_dtype` in `from_pretrained()` instead to keep these modules in float32.
/nfs/home/nelson0314/venvs/wacv/lib/python3.11/site-packages/torchvision/models/_utils.py:207: UserWarning: The parameter 'pretrained' is deprecated since 0.13 and may be removed in the future, please use 'weights' instead.
  warnings.warn(
/nfs/home/nelson0314/venvs/wacv/lib/python3.11/site-packages/torchvision/models/_utils.py:222: UserWarning: Arguments other than a weight enum or `None` for 'weights' are deprecated since 0.13 and may be removed in the future. The current behavior is equivalent to passing `weights=VGG16_Weights.IMAGENET1K_V1`. You can also use `weights=VGG16_Weights.DEFAULT` to get the most up-to-date weights.
  warnings.warn(msg)
IP2P 線：13 張、條件 ['phase_gain']、steps=100 s_T=7.5 s_I=1.5 seed=20260812
/nfs/home/nelson0314/venvs/wacv/lib/python3.11/site-packages/diffusers/image_processor.py:724: FutureWarning: Passing `image` as torch tensor with value range in [-1,1] is deprecated. The expected value range for image tensor is [0,1] when passing as pytorch tensor or numpy Array. You passed `image` with value range [-1.0,1.0]
  warnings.warn(
Loading weights:   0%|          | 0/398 [00:00<?, ?it/s]Loading weights: 100%|██████████| 398/398 [00:00<00:00, 12203.80it/s]
[transformers] Model config: bos_token_id must be `None` or an integer within the vocabulary (between 0 and 31999), got 49406. This may result in unexpected behavior.
[transformers] Model config: eos_token_id must be `None` or an integer within the vocabulary (between 0 and 31999), got 49407. This may result in unexpected behavior.
Loading weights:   0%|          | 0/408 [00:00<?, ?it/s]Loading weights:  68%|██████▊   | 279/408 [00:00<00:00, 2784.59it/s]Loading weights: 100%|██████████| 408/408 [00:00<00:00, 2791.52it/s]
task_attr_mod_color_11699        phase_gain     r=3.5000 dists=0.1741 lpips=0.4197 effect=0.6082 (187s)
task_attr_mod_color_136767       phase_gain     r=3.5000 dists=0.2620 lpips=0.4938 effect=0.6300 (178s)
task_attr_mod_color_184837       phase_gain     r=3.5000 dists=0.2717 lpips=0.5221 effect=0.7842 (178s)
task_attr_mod_color_32648        phase_gain     r=3.5000 dists=0.1692 lpips=0.5174 effect=0.5682 (178s)
task_attr_mod_color_6205         phase_gain     r=3.5000 dists=0.2073 lpips=0.4234 effect=0.6540 (178s)
task_env_weather_112463          phase_gain     r=3.5000 dists=0.1544 lpips=0.5254 effect=0.8228 (178s)
task_env_weather_246440          phase_gain     r=3.5000 dists=0.2249 lpips=0.4943 effect=0.6463 (177s)
task_env_weather_63722           phase_gain     r=3.5000 dists=0.1725 lpips=0.4805 effect=0.6605 (178s)
task_obj_add_40931               phase_gain     r=3.5000 dists=0.2503 lpips=0.5538 effect=0.7046 (178s)
task_obj_remove_380621           phase_gain     r=3.5000 dists=0.1731 lpips=0.4850 effect=0.7496 (178s)
task_obj_swap_joint_mask_276754  phase_gain     r=3.5000 dists=0.2724 lpips=0.5071 effect=0.6440 (177s)
task_obj_swap_joint_mask_533428  phase_gain     r=3.5000 dists=0.2602 lpips=0.5593 effect=0.6368 (178s)
task_obj_swap_rand_mask_417469   phase_gain     r=3.5000 dists=0.2070 lpips=0.5375 effect=0.7681 (178s)

表：runs/ip2p_luma_only/y_bin_r35/results.csv（13 列）
