Warning: You are sending unauthenticated requests to the HF Hub. Please set a HF_TOKEN to enable higher rate limits and faster downloads.
Loading pipeline components...:   0%|          | 0/6 [00:00<?, ?it/s]Loading pipeline components...:  17%|█▋        | 1/6 [00:00<00:00,  8.23it/s]Loading pipeline components...:  50%|█████     | 3/6 [00:00<00:00,  9.66it/s]
Loading weights:   0%|          | 0/196 [00:00<?, ?it/s][ALoading weights: 100%|██████████| 196/196 [00:00<00:00, 5465.47it/s]
Loading pipeline components...:  67%|██████▋   | 4/6 [00:00<00:00,  6.78it/s]Loading pipeline components...: 100%|██████████| 6/6 [00:00<00:00,  9.95it/s]
There are modules in AutoencoderKL that should be kept in float32: []. Casting directly with `to()` can lead to inconsistent results; set `torch_dtype` in `from_pretrained()` instead to keep these modules in float32.
/nfs/home/nelson0314/venvs/wacv/lib/python3.11/site-packages/torchvision/models/_utils.py:207: UserWarning: The parameter 'pretrained' is deprecated since 0.13 and may be removed in the future, please use 'weights' instead.
  warnings.warn(
/nfs/home/nelson0314/venvs/wacv/lib/python3.11/site-packages/torchvision/models/_utils.py:222: UserWarning: Arguments other than a weight enum or `None` for 'weights' are deprecated since 0.13 and may be removed in the future. The current behavior is equivalent to passing `weights=VGG16_Weights.IMAGENET1K_V1`. You can also use `weights=VGG16_Weights.DEFAULT` to get the most up-to-date weights.
  warnings.warn(msg)
IP2P 線：10 張、條件 ['phase_gain']、steps=100 s_T=7.5 s_I=1.5 seed=20260812
/nfs/home/nelson0314/venvs/wacv/lib/python3.11/site-packages/diffusers/image_processor.py:724: FutureWarning: Passing `image` as torch tensor with value range in [-1,1] is deprecated. The expected value range for image tensor is [0,1] when passing as pytorch tensor or numpy Array. You passed `image` with value range [-1.0,1.0]
  warnings.warn(
    [phase] step    0 loss 0.422059 |p| 0.00631
    [phase] step   25 loss 0.090228 |p| 0.04636
    [phase] step   50 loss 0.086137 |p| 0.08504
    [phase] step   75 loss 0.131620 |p| 0.11701
    [phase] step  100 loss 0.075580 |p| 0.14608
    [phase] step  125 loss 0.001555 |p| 0.17218
    [phase] step  150 loss 0.002298 |p| 0.19653
    [phase] step  175 loss 0.071579 |p| 0.22487
    [phase] step  200 loss 0.062068 |p| 0.25045
    [phase] step  225 loss 0.095817 |p| 0.27536
    [phase] step  250 loss 0.058862 |p| 0.29596
    [phase] step  275 loss 0.004295 |p| 0.31971
    [phase] step  300 loss 0.001641 |p| 0.33966
    [phase] step  325 loss 0.052668 |p| 0.36130
    [phase] step  350 loss 0.016568 |p| 0.38401
    [phase] step  375 loss 0.003283 |p| 0.40510
    [phase] step  400 loss 0.038601 |p| 0.42563
    [phase] step  425 loss 0.006667 |p| 0.44587
    [phase] step  450 loss 0.042071 |p| 0.46677
    [phase] step  475 loss 0.031961 |p| 0.48576
    [phase] step  500 loss 0.033979 |p| 0.50545
    [phase] step  525 loss 0.001753 |p| 0.52158
    [phase] step  550 loss 0.031152 |p| 0.53992
    [phase] step  575 loss 0.019030 |p| 0.55491
    [phase] step  600 loss 0.024999 |p| 0.56998
    [phase] step  625 loss 0.026582 |p| 0.58654
    [phase] step  650 loss 0.025607 |p| 0.60095
    [phase] step  675 loss 0.022859 |p| 0.61625
    [phase] step  700 loss 0.019580 |p| 0.62916
    [phase] step  725 loss 0.022976 |p| 0.64046
    [phase] step  750 loss 0.002660 |p| 0.65314
    [phase] step  775 loss 0.013388 |p| 0.66798
    [phase] step  800 loss 0.021018 |p| 0.68056
    [phase] step  825 loss 0.017955 |p| 0.69174
    [phase] step  850 loss 0.004006 |p| 0.70318
    [phase] step  875 loss 0.024299 |p| 0.71344
    [phase] step  900 loss 0.000900 |p| 0.72340
    [phase] step  925 loss 0.016834 |p| 0.73375
    [phase] step  950 loss 0.019741 |p| 0.74401
    [phase] step  975 loss 0.018139 |p| 0.75351
    [phase] step  999 loss 0.004330 |p| 0.76174
Loading weights:   0%|          | 0/398 [00:00<?, ?it/s]Loading weights: 100%|██████████| 398/398 [00:00<00:00, 17462.74it/s]
[transformers] Model config: bos_token_id must be `None` or an integer within the vocabulary (between 0 and 31999), got 49406. This may result in unexpected behavior.
[transformers] Model config: eos_token_id must be `None` or an integer within the vocabulary (between 0 and 31999), got 49407. This may result in unexpected behavior.
Loading weights:   0%|          | 0/408 [00:00<?, ?it/s]Loading weights: 100%|██████████| 408/408 [00:00<00:00, 4676.35it/s]
task_attr_mod_color_11699        phase_gain     r=1.8000 dists=0.0717 lpips=0.2705 effect=0.3273 (504s)
    [phase] step    0 loss 0.490872 |p| 0.00631
    [phase] step   25 loss 0.104011 |p| 0.04529
    [phase] step   50 loss 0.090079 |p| 0.08018
    [phase] step   75 loss 0.149343 |p| 0.11090
    [phase] step  100 loss 0.071968 |p| 0.14261
    [phase] step  125 loss 0.002310 |p| 0.17146
    [phase] step  150 loss 0.003026 |p| 0.19675
    [phase] step  175 loss 0.076213 |p| 0.22719
    [phase] step  200 loss 0.059358 |p| 0.25451
    [phase] step  225 loss 0.084485 |p| 0.28148
    [phase] step  250 loss 0.055118 |p| 0.30258
    [phase] step  275 loss 0.004298 |p| 0.32637
    [phase] step  300 loss 0.002349 |p| 0.34703
    [phase] step  325 loss 0.045425 |p| 0.36881
    [phase] step  350 loss 0.013653 |p| 0.39256
    [phase] step  375 loss 0.004474 |p| 0.41409
    [phase] step  400 loss 0.032906 |p| 0.43470
    [phase] step  425 loss 0.008028 |p| 0.45577
    [phase] step  450 loss 0.023368 |p| 0.47674
    [phase] step  475 loss 0.021844 |p| 0.49532
    [phase] step  500 loss 0.022516 |p| 0.51532
    [phase] step  525 loss 0.002676 |p| 0.53352
    [phase] step  550 loss 0.019965 |p| 0.55258
    [phase] step  575 loss 0.013866 |p| 0.56851
    [phase] step  600 loss 0.020659 |p| 0.58471
    [phase] step  625 loss 0.018753 |p| 0.60146
    [phase] step  650 loss 0.014261 |p| 0.61668
    [phase] step  675 loss 0.013246 |p| 0.63222
    [phase] step  700 loss 0.010672 |p| 0.64546
    [phase] step  725 loss 0.011276 |p| 0.65814
    [phase] step  750 loss 0.003001 |p| 0.67196
    [phase] step  775 loss 0.008601 |p| 0.68611
    [phase] step  800 loss 0.011643 |p| 0.69775
    [phase] step  825 loss 0.008269 |p| 0.70931
    [phase] step  850 loss 0.003465 |p| 0.72094
    [phase] step  875 loss 0.010140 |p| 0.73156
    [phase] step  900 loss 0.001345 |p| 0.74125
    [phase] step  925 loss 0.008615 |p| 0.75148
    [phase] step  950 loss 0.008243 |p| 0.76160
    [phase] step  975 loss 0.008953 |p| 0.77036
    [phase] step  999 loss 0.004347 |p| 0.77860
task_attr_mod_color_136767       phase_gain     r=1.8000 dists=0.1267 lpips=0.3040 effect=0.4417 (711s)
    [phase] step    0 loss 0.546764 |p| 0.00631
    [phase] step   25 loss 0.111304 |p| 0.04399
    [phase] step   50 loss 0.091312 |p| 0.07567
    [phase] step   75 loss 0.150831 |p| 0.10481
    [phase] step  100 loss 0.083989 |p| 0.13517
    [phase] step  125 loss 0.001439 |p| 0.16237
    [phase] step  150 loss 0.002558 |p| 0.18696
    [phase] step  175 loss 0.077784 |p| 0.21733
    [phase] step  200 loss 0.058910 |p| 0.24502
    [phase] step  225 loss 0.084346 |p| 0.27096
    [phase] step  250 loss 0.063028 |p| 0.29098
    [phase] step  275 loss 0.003696 |p| 0.31467
    [phase] step  300 loss 0.001453 |p| 0.33370
    [phase] step  325 loss 0.046154 |p| 0.35419
    [phase] step  350 loss 0.012483 |p| 0.37630
    [phase] step  375 loss 0.003039 |p| 0.39666
    [phase] step  400 loss 0.026186 |p| 0.41543
    [phase] step  425 loss 0.005913 |p| 0.43472
    [phase] step  450 loss 0.022206 |p| 0.45421
    [phase] step  475 loss 0.017899 |p| 0.47082
    [phase] step  500 loss 0.016494 |p| 0.48977
    [phase] step  525 loss 0.001490 |p| 0.50585
    [phase] step  550 loss 0.014786 |p| 0.52368
    [phase] step  575 loss 0.010413 |p| 0.53724
    [phase] step  600 loss 0.013439 |p| 0.55074
    [phase] step  625 loss 0.012008 |p| 0.56590
    [phase] step  650 loss 0.009926 |p| 0.57901
    [phase] step  675 loss 0.008676 |p| 0.59226
    [phase] step  700 loss 0.005920 |p| 0.60376
    [phase] step  725 loss 0.008679 |p| 0.61512
    [phase] step  750 loss 0.002104 |p| 0.62731
    [phase] step  775 loss 0.005247 |p| 0.64016
    [phase] step  800 loss 0.007049 |p| 0.65080
    [phase] step  825 loss 0.006781 |p| 0.66119
    [phase] step  850 loss 0.002983 |p| 0.67146
    [phase] step  875 loss 0.005883 |p| 0.68027
    [phase] step  900 loss 0.000661 |p| 0.68851
    [phase] step  925 loss 0.004246 |p| 0.69727
    [phase] step  950 loss 0.005560 |p| 0.70614
    [phase] step  975 loss 0.003611 |p| 0.71408
    [phase] step  999 loss 0.003663 |p| 0.72104
task_attr_mod_color_184837       phase_gain     r=1.8000 dists=0.1438 lpips=0.3087 effect=0.6143 (1099s)
    [phase] step    0 loss 0.459859 |p| 0.00631
    [phase] step   25 loss 0.054122 |p| 0.04578
    [phase] step   50 loss 0.051562 |p| 0.08259
    [phase] step   75 loss 0.111450 |p| 0.11734
    [phase] step  100 loss 0.042767 |p| 0.15259
    [phase] step  125 loss 0.001813 |p| 0.18360
    [phase] step  150 loss 0.002537 |p| 0.20824
    [phase] step  175 loss 0.047641 |p| 0.23978
    [phase] step  200 loss 0.028332 |p| 0.26749
    [phase] step  225 loss 0.116252 |p| 0.29580
    [phase] step  250 loss 0.033237 |p| 0.31820
    [phase] step  275 loss 0.002798 |p| 0.34291
    [phase] step  300 loss 0.001860 |p| 0.36265
    [phase] step  325 loss 0.028874 |p| 0.38361
    [phase] step  350 loss 0.007558 |p| 0.40663
    [phase] step  375 loss 0.002744 |p| 0.42754
    [phase] step  400 loss 0.016461 |p| 0.44576
    [phase] step  425 loss 0.004242 |p| 0.46676
    [phase] step  450 loss 0.035105 |p| 0.48776
    [phase] step  475 loss 0.010483 |p| 0.50457
    [phase] step  500 loss 0.009922 |p| 0.52470
    [phase] step  525 loss 0.001755 |p| 0.54240
    [phase] step  550 loss 0.021010 |p| 0.56114
    [phase] step  575 loss 0.006522 |p| 0.57625
    [phase] step  600 loss 0.008646 |p| 0.59158
    [phase] step  625 loss 0.008222 |p| 0.60798
    [phase] step  650 loss 0.012054 |p| 0.62239
    [phase] step  675 loss 0.007767 |p| 0.63763
    [phase] step  700 loss 0.006367 |p| 0.64992
    [phase] step  725 loss 0.012138 |p| 0.66114
    [phase] step  750 loss 0.001490 |p| 0.67404
    [phase] step  775 loss 0.005072 |p| 0.68883
    [phase] step  800 loss 0.005777 |p| 0.69967
    [phase] step  825 loss 0.007481 |p| 0.71105
    [phase] step  850 loss 0.001778 |p| 0.72223
    [phase] step  875 loss 0.004150 |p| 0.73261
    [phase] step  900 loss 0.000926 |p| 0.74210
    [phase] step  925 loss 0.005646 |p| 0.75236
    [phase] step  950 loss 0.004094 |p| 0.76194
    [phase] step  975 loss 0.004458 |p| 0.77001
    [phase] step  999 loss 0.002262 |p| 0.77749
task_attr_mod_color_32648        phase_gain     r=1.8000 dists=0.0585 lpips=0.2604 effect=0.2992 (1081s)
    [phase] step    0 loss 0.385214 |p| 0.00631
    [phase] step   25 loss 0.098423 |p| 0.04813
    [phase] step   50 loss 0.091848 |p| 0.09028
    [phase] step   75 loss 0.131741 |p| 0.12570
    [phase] step  100 loss 0.077192 |p| 0.15854
    [phase] step  125 loss 0.001687 |p| 0.18702
    [phase] step  150 loss 0.003026 |p| 0.21474
    [phase] step  175 loss 0.071687 |p| 0.24336
    [phase] step  200 loss 0.062342 |p| 0.27026
    [phase] step  225 loss 0.103781 |p| 0.29602
    [phase] step  250 loss 0.056863 |p| 0.31759
    [phase] step  275 loss 0.005524 |p| 0.34173
    [phase] step  300 loss 0.002068 |p| 0.36225
    [phase] step  325 loss 0.049862 |p| 0.38317
    [phase] step  350 loss 0.020727 |p| 0.40535
    [phase] step  375 loss 0.005209 |p| 0.42620
    [phase] step  400 loss 0.035037 |p| 0.44658
    [phase] step  425 loss 0.009447 |p| 0.46675
    [phase] step  450 loss 0.051620 |p| 0.48726
    [phase] step  475 loss 0.032828 |p| 0.50580
    [phase] step  500 loss 0.034573 |p| 0.52586
    [phase] step  525 loss 0.002492 |p| 0.54279
    [phase] step  550 loss 0.034992 |p| 0.56144
    [phase] step  575 loss 0.021601 |p| 0.57744
    [phase] step  600 loss 0.026272 |p| 0.59273
    [phase] step  625 loss 0.024990 |p| 0.60904
    [phase] step  650 loss 0.027090 |p| 0.62407
    [phase] step  675 loss 0.024733 |p| 0.63950
    [phase] step  700 loss 0.019825 |p| 0.65332
    [phase] step  725 loss 0.025784 |p| 0.66584
    [phase] step  750 loss 0.003668 |p| 0.67956
    [phase] step  775 loss 0.016435 |p| 0.69495
    [phase] step  800 loss 0.021499 |p| 0.70800
    [phase] step  825 loss 0.021064 |p| 0.72007
    [phase] step  850 loss 0.005228 |p| 0.73233
    [phase] step  875 loss 0.023664 |p| 0.74330
    [phase] step  900 loss 0.001083 |p| 0.75408
    [phase] step  925 loss 0.018781 |p| 0.76470
    [phase] step  950 loss 0.022259 |p| 0.77560
    [phase] step  975 loss 0.018255 |p| 0.78566
    [phase] step  999 loss 0.007179 |p| 0.79432
task_attr_mod_color_6205         phase_gain     r=1.8000 dists=0.1042 lpips=0.2409 effect=0.3806 (1096s)
    [phase] step    0 loss 0.532768 |p| 0.00631
    [phase] step   25 loss 0.097057 |p| 0.05270
    [phase] step   50 loss 0.087917 |p| 0.10228
    [phase] step   75 loss 0.175334 |p| 0.14578
    [phase] step  100 loss 0.078297 |p| 0.18482
    [phase] step  125 loss 0.001998 |p| 0.22019
    [phase] step  150 loss 0.003066 |p| 0.25602
    [phase] step  175 loss 0.094940 |p| 0.28985
    [phase] step  200 loss 0.066021 |p| 0.32061
    [phase] step  225 loss 0.139283 |p| 0.35120
    [phase] step  250 loss 0.072179 |p| 0.37715
    [phase] step  275 loss 0.004835 |p| 0.40352
    [phase] step  300 loss 0.002319 |p| 0.42705
    [phase] step  325 loss 0.069462 |p| 0.45047
    [phase] step  350 loss 0.018075 |p| 0.47432
    [phase] step  375 loss 0.005346 |p| 0.49599
    [phase] step  400 loss 0.045267 |p| 0.51605
    [phase] step  425 loss 0.008006 |p| 0.53598
    [phase] step  450 loss 0.053559 |p| 0.55545
    [phase] step  475 loss 0.029929 |p| 0.57400
    [phase] step  500 loss 0.034118 |p| 0.59221
    [phase] step  525 loss 0.002545 |p| 0.60753
    [phase] step  550 loss 0.051131 |p| 0.62407
    [phase] step  575 loss 0.014956 |p| 0.63822
    [phase] step  600 loss 0.031994 |p| 0.65318
    [phase] step  625 loss 0.032577 |p| 0.66792
    [phase] step  650 loss 0.042181 |p| 0.68136
    [phase] step  675 loss 0.036163 |p| 0.69496
    [phase] step  700 loss 0.016098 |p| 0.70694
    [phase] step  725 loss 0.037577 |p| 0.71824
    [phase] step  750 loss 0.003558 |p| 0.72951
    [phase] step  775 loss 0.010278 |p| 0.74218
    [phase] step  800 loss 0.027926 |p| 0.75267
    [phase] step  825 loss 0.030850 |p| 0.76258
    [phase] step  850 loss 0.003802 |p| 0.77217
    [phase] step  875 loss 0.018993 |p| 0.78181
    [phase] step  900 loss 0.001334 |p| 0.79105
    [phase] step  925 loss 0.013819 |p| 0.80032
    [phase] step  950 loss 0.015432 |p| 0.80897
    [phase] step  975 loss 0.013856 |p| 0.81713
    [phase] step  999 loss 0.006370 |p| 0.82453
task_env_weather_112463          phase_gain     r=1.8000 dists=0.0646 lpips=0.3643 effect=0.4325 (1095s)
    [phase] step    0 loss 0.529728 |p| 0.00631
    [phase] step   25 loss 0.092171 |p| 0.04739
    [phase] step   50 loss 0.075851 |p| 0.08311
    [phase] step   75 loss 0.142567 |p| 0.11624
    [phase] step  100 loss 0.059942 |p| 0.14836
    [phase] step  125 loss 0.001400 |p| 0.17692
    [phase] step  150 loss 0.002292 |p| 0.20302
    [phase] step  175 loss 0.075460 |p| 0.23224
    [phase] step  200 loss 0.049745 |p| 0.25846
    [phase] step  225 loss 0.125243 |p| 0.28358
    [phase] step  250 loss 0.055314 |p| 0.30445
    [phase] step  275 loss 0.003259 |p| 0.32747
    [phase] step  300 loss 0.001397 |p| 0.34625
    [phase] step  325 loss 0.048850 |p| 0.36633
    [phase] step  350 loss 0.010569 |p| 0.38685
    [phase] step  375 loss 0.002549 |p| 0.40631
    [phase] step  400 loss 0.032842 |p| 0.42454
    [phase] step  425 loss 0.004804 |p| 0.44277
    [phase] step  450 loss 0.062959 |p| 0.46074
    [phase] step  475 loss 0.019240 |p| 0.47723
    [phase] step  500 loss 0.024047 |p| 0.49463
    [phase] step  525 loss 0.001481 |p| 0.51011
    [phase] step  550 loss 0.045727 |p| 0.52696
    [phase] step  575 loss 0.010622 |p| 0.54081
    [phase] step  600 loss 0.022153 |p| 0.55424
    [phase] step  625 loss 0.023649 |p| 0.56907
    [phase] step  650 loss 0.034610 |p| 0.58191
    [phase] step  675 loss 0.028259 |p| 0.59479
    [phase] step  700 loss 0.010835 |p| 0.60632
    [phase] step  725 loss 0.034200 |p| 0.61754
    [phase] step  750 loss 0.001769 |p| 0.62946
    [phase] step  775 loss 0.007580 |p| 0.64146
    [phase] step  800 loss 0.019561 |p| 0.65220
    [phase] step  825 loss 0.027606 |p| 0.66182
    [phase] step  850 loss 0.002616 |p| 0.67185
    [phase] step  875 loss 0.012764 |p| 0.68125
    [phase] step  900 loss 0.000615 |p| 0.68971
    [phase] step  925 loss 0.009346 |p| 0.69859
    [phase] step  950 loss 0.010697 |p| 0.70770
    [phase] step  975 loss 0.008652 |p| 0.71597
    [phase] step  999 loss 0.003394 |p| 0.72362
task_obj_remove_380621           phase_gain     r=1.8000 dists=0.1092 lpips=0.3555 effect=0.5889 (1098s)
    [phase] step    0 loss 0.519405 |p| 0.00592
    [phase] step   25 loss 0.086898 |p| 0.03863
    [phase] step   50 loss 0.059605 |p| 0.06657
    [phase] step   75 loss 0.086989 |p| 0.09478
    [phase] step  100 loss 0.031956 |p| 0.12409
    [phase] step  125 loss 0.001170 |p| 0.14946
    [phase] step  150 loss 0.001796 |p| 0.16923
    [phase] step  175 loss 0.023633 |p| 0.19311
    [phase] step  200 loss 0.011599 |p| 0.21314
    [phase] step  225 loss 0.013277 |p| 0.23165
    [phase] step  250 loss 0.012306 |p| 0.24563
    [phase] step  275 loss 0.001429 |p| 0.26067
    [phase] step  300 loss 0.001063 |p| 0.27318
    [phase] step  325 loss 0.005903 |p| 0.28631
    [phase] step  350 loss 0.002754 |p| 0.29941
    [phase] step  375 loss 0.000885 |p| 0.31055
    [phase] step  400 loss 0.003346 |p| 0.32077
    [phase] step  425 loss 0.001192 |p| 0.33153
    [phase] step  450 loss 0.004792 |p| 0.34170
    [phase] step  475 loss 0.002080 |p| 0.35084
    [phase] step  500 loss 0.001950 |p| 0.36010
    [phase] step  525 loss 0.000648 |p| 0.36855
    [phase] step  550 loss 0.003127 |p| 0.37668
    [phase] step  575 loss 0.001966 |p| 0.38395
    [phase] step  600 loss 0.001703 |p| 0.39190
    [phase] step  625 loss 0.001978 |p| 0.39897
    [phase] step  650 loss 0.002593 |p| 0.40653
    [phase] step  675 loss 0.002064 |p| 0.41312
    [phase] step  700 loss 0.002403 |p| 0.41967
    [phase] step  725 loss 0.002723 |p| 0.42573
    [phase] step  750 loss 0.000647 |p| 0.43206
    [phase] step  775 loss 0.002326 |p| 0.43777
    [phase] step  800 loss 0.001578 |p| 0.44317
    [phase] step  825 loss 0.002419 |p| 0.44845
    [phase] step  850 loss 0.000602 |p| 0.45358
    [phase] step  875 loss 0.001267 |p| 0.45879
    [phase] step  900 loss 0.000450 |p| 0.46365
    [phase] step  925 loss 0.001215 |p| 0.46839
    [phase] step  950 loss 0.001477 |p| 0.47285
    [phase] step  975 loss 0.001406 |p| 0.47734
    [phase] step  999 loss 0.000972 |p| 0.48141
task_obj_swap_joint_mask_276754  phase_gain     r=1.8000 dists=0.1566 lpips=0.4483 effect=0.4672 (1103s)
    [phase] step    0 loss 0.546740 |p| 0.00631
    [phase] step   25 loss 0.114160 |p| 0.04481
    [phase] step   50 loss 0.097023 |p| 0.07854
    [phase] step   75 loss 0.140732 |p| 0.10864
    [phase] step  100 loss 0.071957 |p| 0.13987
    [phase] step  125 loss 0.001474 |p| 0.16756
    [phase] step  150 loss 0.002473 |p| 0.19268
    [phase] step  175 loss 0.061366 |p| 0.22127
    [phase] step  200 loss 0.043628 |p| 0.24718
    [phase] step  225 loss 0.056836 |p| 0.27168
    [phase] step  250 loss 0.042675 |p| 0.29122
    [phase] step  275 loss 0.003636 |p| 0.31297
    [phase] step  300 loss 0.001618 |p| 0.33131
    [phase] step  325 loss 0.035190 |p| 0.35071
    [phase] step  350 loss 0.016228 |p| 0.37158
    [phase] step  375 loss 0.003167 |p| 0.39108
    [phase] step  400 loss 0.023746 |p| 0.40948
    [phase] step  425 loss 0.006060 |p| 0.42766
    [phase] step  450 loss 0.013354 |p| 0.44626
    [phase] step  475 loss 0.022646 |p| 0.46252
    [phase] step  500 loss 0.018609 |p| 0.47947
    [phase] step  525 loss 0.001636 |p| 0.49355
    [phase] step  550 loss 0.012297 |p| 0.50965
    [phase] step  575 loss 0.014924 |p| 0.52247
    [phase] step  600 loss 0.014666 |p| 0.53559
    [phase] step  625 loss 0.013313 |p| 0.54982
    [phase] step  650 loss 0.010024 |p| 0.56211
    [phase] step  675 loss 0.009537 |p| 0.57480
    [phase] step  700 loss 0.015180 |p| 0.58655
    [phase] step  725 loss 0.007355 |p| 0.59717
    [phase] step  750 loss 0.001593 |p| 0.60842
    [phase] step  775 loss 0.009463 |p| 0.61989
    [phase] step  800 loss 0.007260 |p| 0.63036
    [phase] step  825 loss 0.006323 |p| 0.64024
    [phase] step  850 loss 0.002958 |p| 0.65002
    [phase] step  875 loss 0.015599 |p| 0.65890
    [phase] step  900 loss 0.000702 |p| 0.66738
    [phase] step  925 loss 0.008838 |p| 0.67585
    [phase] step  950 loss 0.011072 |p| 0.68454
    [phase] step  975 loss 0.011116 |p| 0.69251
    [phase] step  999 loss 0.004005 |p| 0.69975
task_obj_swap_joint_mask_533428  phase_gain     r=1.8000 dists=0.1258 lpips=0.4341 effect=0.5451 (1103s)
    [phase] step    0 loss 0.504542 |p| 0.00631
    [phase] step   25 loss 0.102599 |p| 0.04612
    [phase] step   50 loss 0.084010 |p| 0.08298
    [phase] step   75 loss 0.136500 |p| 0.11513
    [phase] step  100 loss 0.068722 |p| 0.14716
    [phase] step  125 loss 0.001738 |p| 0.17559
    [phase] step  150 loss 0.002574 |p| 0.20285
    [phase] step  175 loss 0.071316 |p| 0.23188
    [phase] step  200 loss 0.049164 |p| 0.25915
    [phase] step  225 loss 0.083908 |p| 0.28519
    [phase] step  250 loss 0.046479 |p| 0.30614
    [phase] step  275 loss 0.004082 |p| 0.32898
    [phase] step  300 loss 0.001763 |p| 0.34938
    [phase] step  325 loss 0.038438 |p| 0.37017
    [phase] step  350 loss 0.017277 |p| 0.39163
    [phase] step  375 loss 0.003979 |p| 0.41175
    [phase] step  400 loss 0.027679 |p| 0.43182
    [phase] step  425 loss 0.007501 |p| 0.45046
    [phase] step  450 loss 0.027737 |p| 0.46889
    [phase] step  475 loss 0.021796 |p| 0.48569
    [phase] step  500 loss 0.016392 |p| 0.50355
    [phase] step  525 loss 0.001688 |p| 0.51818
    [phase] step  550 loss 0.020710 |p| 0.53486
    [phase] step  575 loss 0.013458 |p| 0.54867
    [phase] step  600 loss 0.013269 |p| 0.56217
    [phase] step  625 loss 0.012072 |p| 0.57693
    [phase] step  650 loss 0.017434 |p| 0.59000
    [phase] step  675 loss 0.012012 |p| 0.60283
    [phase] step  700 loss 0.013132 |p| 0.61492
    [phase] step  725 loss 0.013104 |p| 0.62619
    [phase] step  750 loss 0.002239 |p| 0.63791
    [phase] step  775 loss 0.009821 |p| 0.65003
    [phase] step  800 loss 0.007705 |p| 0.66055
    [phase] step  825 loss 0.012208 |p| 0.67064
    [phase] step  850 loss 0.003393 |p| 0.68097
    [phase] step  875 loss 0.008955 |p| 0.69020
    [phase] step  900 loss 0.000809 |p| 0.69913
    [phase] step  925 loss 0.011590 |p| 0.70791
    [phase] step  950 loss 0.007700 |p| 0.71684
    [phase] step  975 loss 0.009164 |p| 0.72499
    [phase] step  999 loss 0.004821 |p| 0.73247
task_obj_swap_rand_mask_417469   phase_gain     r=1.8000 dists=0.1004 lpips=0.3636 effect=0.4771 (1111s)

表：runs/ip2p_image_guidance/ig_d18/results.csv（10 列）
