Loading pipeline components...:   0%|          | 0/6 [00:00<?, ?it/s]Loading pipeline components...:  17%|█▋        | 1/6 [00:00<00:00,  9.90it/s]Loading pipeline components...:  83%|████████▎ | 5/6 [00:00<00:00, 26.96it/s]
Loading weights:   0%|          | 0/196 [00:00<?, ?it/s][ALoading weights: 100%|██████████| 196/196 [00:00<00:00, 4852.20it/s]
Loading pipeline components...: 100%|██████████| 6/6 [00:00<00:00, 17.42it/s]
There are modules in AutoencoderKL that should be kept in float32: []. Casting directly with `to()` can lead to inconsistent results; set `torch_dtype` in `from_pretrained()` instead to keep these modules in float32.
/nfs/home/nelson0314/venvs/wacv/lib/python3.11/site-packages/torchvision/models/_utils.py:207: UserWarning: The parameter 'pretrained' is deprecated since 0.13 and may be removed in the future, please use 'weights' instead.
  warnings.warn(
/nfs/home/nelson0314/venvs/wacv/lib/python3.11/site-packages/torchvision/models/_utils.py:222: UserWarning: Arguments other than a weight enum or `None` for 'weights' are deprecated since 0.13 and may be removed in the future. The current behavior is equivalent to passing `weights=VGG16_Weights.IMAGENET1K_V1`. You can also use `weights=VGG16_Weights.DEFAULT` to get the most up-to-date weights.
  warnings.warn(msg)
IP2P 線：13 張、條件 ['phase_gain']、steps=100 s_T=7.5 s_I=1.5 seed=20260812
/nfs/home/nelson0314/venvs/wacv/lib/python3.11/site-packages/diffusers/image_processor.py:724: FutureWarning: Passing `image` as torch tensor with value range in [-1,1] is deprecated. The expected value range for image tensor is [0,1] when passing as pytorch tensor or numpy Array. You passed `image` with value range [-1.0,1.0]
  warnings.warn(
Warning: You are sending unauthenticated requests to the HF Hub. Please set a HF_TOKEN to enable higher rate limits and faster downloads.
Loading weights:   0%|          | 0/398 [00:00<?, ?it/s]Loading weights: 100%|██████████| 398/398 [00:00<00:00, 12317.16it/s]
[transformers] Model config: bos_token_id must be `None` or an integer within the vocabulary (between 0 and 31999), got 49406. This may result in unexpected behavior.
[transformers] Model config: eos_token_id must be `None` or an integer within the vocabulary (between 0 and 31999), got 49407. This may result in unexpected behavior.
Loading weights:   0%|          | 0/408 [00:00<?, ?it/s]Loading weights:  90%|█████████ | 369/408 [00:00<00:00, 3669.57it/s]Loading weights: 100%|██████████| 408/408 [00:00<00:00, 3721.01it/s]
task_attr_mod_color_11699        phase_gain     r=3.5000 dists=0.0923 lpips=0.3521 effect=0.5124 (405s)
task_attr_mod_color_136767       phase_gain     r=3.5000 dists=0.1746 lpips=0.4127 effect=0.5756 (394s)
task_attr_mod_color_184837       phase_gain     r=3.5000 dists=0.2174 lpips=0.4714 effect=0.7320 (393s)
task_attr_mod_color_32648        phase_gain     r=3.5000 dists=0.0775 lpips=0.4401 effect=0.3436 (393s)
task_attr_mod_color_6205         phase_gain     r=3.5000 dists=0.1269 lpips=0.3561 effect=0.5341 (393s)
task_env_weather_112463          phase_gain     r=3.5000 dists=0.0732 lpips=0.4640 effect=0.8060 (393s)
task_env_weather_246440          phase_gain     r=3.5000 dists=0.1508 lpips=0.4374 effect=0.6256 (392s)
task_env_weather_63722           phase_gain     r=3.5000 dists=0.0998 lpips=0.4181 effect=0.4924 (393s)
task_obj_add_40931               phase_gain     r=3.5000 dists=0.1470 lpips=0.4948 effect=0.5629 (393s)
task_obj_remove_380621           phase_gain     r=3.5000 dists=0.1106 lpips=0.4132 effect=0.6924 (393s)
task_obj_swap_joint_mask_276754  phase_gain     r=3.5000 dists=0.1819 lpips=0.4625 effect=0.6654 (329s)
task_obj_swap_joint_mask_533428  phase_gain     r=3.5000 dists=0.1546 lpips=0.5007 effect=0.6303 (184s)
task_obj_swap_rand_mask_417469   phase_gain     r=3.5000 dists=0.1155 lpips=0.4753 effect=0.6758 (188s)

表：runs/ip2p_pricing_strength/g050_r35/results.csv（13 列）
