Warning: You are sending unauthenticated requests to the HF Hub. Please set a HF_TOKEN to enable higher rate limits and faster downloads.
Loading pipeline components...:   0%|          | 0/6 [00:00<?, ?it/s]Loading pipeline components...:  17%|█▋        | 1/6 [00:00<00:00,  8.68it/s]
Loading weights:   0%|          | 0/196 [00:00<?, ?it/s][ALoading weights: 100%|██████████| 196/196 [00:00<00:00, 3340.46it/s]
Loading pipeline components...:  33%|███▎      | 2/6 [00:00<00:00,  6.56it/s]Loading pipeline components...: 100%|██████████| 6/6 [00:00<00:00, 17.03it/s]Loading pipeline components...: 100%|██████████| 6/6 [00:00<00:00, 14.38it/s]
There are modules in AutoencoderKL that should be kept in float32: []. Casting directly with `to()` can lead to inconsistent results; set `torch_dtype` in `from_pretrained()` instead to keep these modules in float32.
/nfs/home/nelson0314/venvs/wacv/lib/python3.11/site-packages/torchvision/models/_utils.py:207: UserWarning: The parameter 'pretrained' is deprecated since 0.13 and may be removed in the future, please use 'weights' instead.
  warnings.warn(
/nfs/home/nelson0314/venvs/wacv/lib/python3.11/site-packages/torchvision/models/_utils.py:222: UserWarning: Arguments other than a weight enum or `None` for 'weights' are deprecated since 0.13 and may be removed in the future. The current behavior is equivalent to passing `weights=VGG16_Weights.IMAGENET1K_V1`. You can also use `weights=VGG16_Weights.DEFAULT` to get the most up-to-date weights.
  warnings.warn(msg)
/nfs/home/nelson0314/venvs/wacv/lib/python3.11/site-packages/diffusers/image_processor.py:724: FutureWarning: Passing `image` as torch tensor with value range in [-1,1] is deprecated. The expected value range for image tensor is [0,1] when passing as pytorch tensor or numpy Array. You passed `image` with value range [-1.0,1.0]
  warnings.warn(
=== task_obj_add_40931 / dct_shield_y ===
Loading weights:   0%|          | 0/398 [00:00<?, ?it/s]Loading weights: 100%|██████████| 398/398 [00:00<00:00, 10443.12it/s]
[transformers] Model config: bos_token_id must be `None` or an integer within the vocabulary (between 0 and 31999), got 49406. This may result in unexpected behavior.
[transformers] Model config: eos_token_id must be `None` or an integer within the vocabulary (between 0 and 31999), got 49407. This may result in unexpected behavior.
Loading weights:   0%|          | 0/408 [00:00<?, ?it/s]Loading weights:  71%|███████   | 290/408 [00:00<00:00, 2891.12it/s]Loading weights: 100%|██████████| 408/408 [00:00<00:00, 2885.18it/s]
/nfs/home/nelson0314/venvs/wacv/lib/python3.11/site-packages/diffusers/image_processor.py:724: FutureWarning: Passing `image` as torch tensor with value range in [-1,1] is deprecated. The expected value range for image tensor is [0,1] when passing as pytorch tensor or numpy Array. You passed `image` with value range [-0.9972075819969177,0.9020678997039795]
  warnings.warn(
    identity=0.6838, blur1=0.2300, jpeg75=0.4614, jpeg30=0.2476, crop_resize0.1=0.6194, jpeg_then_resize75=0.2372, adverse_cleaner=0.5596
=== task_obj_remove_380621 / dct_shield_y ===
/nfs/home/nelson0314/venvs/wacv/lib/python3.11/site-packages/diffusers/image_processor.py:724: FutureWarning: Passing `image` as torch tensor with value range in [-1,1] is deprecated. The expected value range for image tensor is [0,1] when passing as pytorch tensor or numpy Array. You passed `image` with value range [-0.9922604560852051,0.935116171836853]
  warnings.warn(
    identity=0.7467, blur1=0.4283, jpeg75=0.5889, jpeg30=0.3589, crop_resize0.1=0.6521, jpeg_then_resize75=0.4110, adverse_cleaner=0.7216
=== task_obj_swap_joint_mask_276754 / dct_shield_y ===
/nfs/home/nelson0314/venvs/wacv/lib/python3.11/site-packages/diffusers/image_processor.py:724: FutureWarning: Passing `image` as torch tensor with value range in [-1,1] is deprecated. The expected value range for image tensor is [0,1] when passing as pytorch tensor or numpy Array. You passed `image` with value range [-1.0,0.9901556968688965]
  warnings.warn(
    identity=0.5536, blur1=0.1392, jpeg75=0.4248, jpeg30=0.1073, crop_resize0.1=0.4731, jpeg_then_resize75=0.1453, adverse_cleaner=0.5224
=== task_obj_swap_joint_mask_533428 / dct_shield_y ===
/nfs/home/nelson0314/venvs/wacv/lib/python3.11/site-packages/diffusers/image_processor.py:724: FutureWarning: Passing `image` as torch tensor with value range in [-1,1] is deprecated. The expected value range for image tensor is [0,1] when passing as pytorch tensor or numpy Array. You passed `image` with value range [-0.988650381565094,0.9728665351867676]
  warnings.warn(
    identity=0.6499, blur1=0.3282, jpeg75=0.5492, jpeg30=0.3966, crop_resize0.1=0.6126, jpeg_then_resize75=0.3059, adverse_cleaner=0.6017
=== task_obj_swap_rand_mask_417469 / dct_shield_y ===
/nfs/home/nelson0314/venvs/wacv/lib/python3.11/site-packages/diffusers/image_processor.py:724: FutureWarning: Passing `image` as torch tensor with value range in [-1,1] is deprecated. The expected value range for image tensor is [0,1] when passing as pytorch tensor or numpy Array. You passed `image` with value range [-1.0,0.8582528829574585]
  warnings.warn(
    identity=0.7385, blur1=0.2303, jpeg75=0.6501, jpeg30=0.2654, crop_resize0.1=0.6467, jpeg_then_resize75=0.2588, adverse_cleaner=0.7501

表：runs/ip2p_purify_headtohead/deliver_jpeg/dct_y_q85_object.csv（35 列）
