Loading pipeline components...:   0%|          | 0/6 [00:00<?, ?it/s]Loading pipeline components...:  50%|█████     | 3/6 [00:00<00:00, 14.75it/s]
Loading weights:   0%|          | 0/196 [00:00<?, ?it/s][ALoading weights: 100%|██████████| 196/196 [00:00<00:00, 3386.74it/s]
Loading pipeline components...:  83%|████████▎ | 5/6 [00:00<00:00, 13.10it/s]Loading pipeline components...: 100%|██████████| 6/6 [00:00<00:00, 14.50it/s]
There are modules in AutoencoderKL that should be kept in float32: []. Casting directly with `to()` can lead to inconsistent results; set `torch_dtype` in `from_pretrained()` instead to keep these modules in float32.
/nfs/home/nelson0314/venvs/wacv/lib/python3.11/site-packages/torchvision/models/_utils.py:207: UserWarning: The parameter 'pretrained' is deprecated since 0.13 and may be removed in the future, please use 'weights' instead.
  warnings.warn(
/nfs/home/nelson0314/venvs/wacv/lib/python3.11/site-packages/torchvision/models/_utils.py:222: UserWarning: Arguments other than a weight enum or `None` for 'weights' are deprecated since 0.13 and may be removed in the future. The current behavior is equivalent to passing `weights=VGG16_Weights.IMAGENET1K_V1`. You can also use `weights=VGG16_Weights.DEFAULT` to get the most up-to-date weights.
  warnings.warn(msg)
/nfs/home/nelson0314/venvs/wacv/lib/python3.11/site-packages/diffusers/image_processor.py:724: FutureWarning: Passing `image` as torch tensor with value range in [-1,1] is deprecated. The expected value range for image tensor is [0,1] when passing as pytorch tensor or numpy Array. You passed `image` with value range [-1.0,1.0]
  warnings.warn(
=== task_obj_add_40931 / phase_gain ===
Warning: You are sending unauthenticated requests to the HF Hub. Please set a HF_TOKEN to enable higher rate limits and faster downloads.
Loading weights:   0%|          | 0/398 [00:00<?, ?it/s]Loading weights: 100%|██████████| 398/398 [00:00<00:00, 15299.96it/s]
[transformers] Model config: bos_token_id must be `None` or an integer within the vocabulary (between 0 and 31999), got 49406. This may result in unexpected behavior.
[transformers] Model config: eos_token_id must be `None` or an integer within the vocabulary (between 0 and 31999), got 49407. This may result in unexpected behavior.
Loading weights:   0%|          | 0/408 [00:00<?, ?it/s]Loading weights:  77%|███████▋  | 316/408 [00:00<00:00, 3149.83it/s]Loading weights: 100%|██████████| 408/408 [00:00<00:00, 3101.45it/s]
/nfs/home/nelson0314/venvs/wacv/lib/python3.11/site-packages/diffusers/image_processor.py:724: FutureWarning: Passing `image` as torch tensor with value range in [-1,1] is deprecated. The expected value range for image tensor is [0,1] when passing as pytorch tensor or numpy Array. You passed `image` with value range [-0.9925304651260376,0.8536249399185181]
  warnings.warn(
/nfs/home/nelson0314/venvs/wacv/lib/python3.11/site-packages/diffusers/image_processor.py:724: FutureWarning: Passing `image` as torch tensor with value range in [-1,1] is deprecated. The expected value range for image tensor is [0,1] when passing as pytorch tensor or numpy Array. You passed `image` with value range [-1.0,0.9450980424880981]
  warnings.warn(
    identity=0.5600, blur1=0.3298, jpeg75=0.5474, jpeg30=0.4192, crop_resize0.1=0.6502, jpeg_then_resize75=0.3234, adverse_cleaner=0.5613
=== task_obj_remove_380621 / phase_gain ===
/nfs/home/nelson0314/venvs/wacv/lib/python3.11/site-packages/diffusers/image_processor.py:724: FutureWarning: Passing `image` as torch tensor with value range in [-1,1] is deprecated. The expected value range for image tensor is [0,1] when passing as pytorch tensor or numpy Array. You passed `image` with value range [-0.9859474897384644,0.8804425001144409]
  warnings.warn(
    identity=0.6083, blur1=0.5127, jpeg75=0.5739, jpeg30=0.4803, crop_resize0.1=0.6525, jpeg_then_resize75=0.4594, adverse_cleaner=0.5395
=== task_obj_swap_joint_mask_276754 / phase_gain ===
/nfs/home/nelson0314/venvs/wacv/lib/python3.11/site-packages/diffusers/image_processor.py:724: FutureWarning: Passing `image` as torch tensor with value range in [-1,1] is deprecated. The expected value range for image tensor is [0,1] when passing as pytorch tensor or numpy Array. You passed `image` with value range [-1.0,0.9261856079101562]
  warnings.warn(
    分母塌陷：effect(identity) mean=0.5485 sd=0.1842，本格的 retention 不可用
    identity=0.5485, blur1=0.1465, jpeg75=0.5186, jpeg30=0.2879, crop_resize0.1=0.4692, jpeg_then_resize75=0.1638, adverse_cleaner=0.5346
=== task_obj_swap_joint_mask_533428 / phase_gain ===
/nfs/home/nelson0314/venvs/wacv/lib/python3.11/site-packages/diffusers/image_processor.py:724: FutureWarning: Passing `image` as torch tensor with value range in [-1,1] is deprecated. The expected value range for image tensor is [0,1] when passing as pytorch tensor or numpy Array. You passed `image` with value range [-0.9906879663467407,0.9788467884063721]
  warnings.warn(
    identity=0.6206, blur1=0.4672, jpeg75=0.5824, jpeg30=0.5357, crop_resize0.1=0.6407, jpeg_then_resize75=0.4623, adverse_cleaner=0.5951
=== task_obj_swap_rand_mask_417469 / phase_gain ===
/nfs/home/nelson0314/venvs/wacv/lib/python3.11/site-packages/diffusers/image_processor.py:724: FutureWarning: Passing `image` as torch tensor with value range in [-1,1] is deprecated. The expected value range for image tensor is [0,1] when passing as pytorch tensor or numpy Array. You passed `image` with value range [-0.9972929954528809,0.8618307113647461]
  warnings.warn(
    identity=0.7183, blur1=0.3460, jpeg75=0.7361, jpeg30=0.4746, crop_resize0.1=0.6661, jpeg_then_resize75=0.3378, adverse_cleaner=0.7206

表：runs/ip2p_purify_headtohead/deliver_jpeg/qd85_r15_object.csv（35 列）
