Loading pipeline components...:   0%|          | 0/6 [00:00<?, ?it/s]Loading pipeline components...:  17%|█▋        | 1/6 [00:00<00:00,  5.27it/s]Loading pipeline components...:  50%|█████     | 3/6 [00:01<00:01,  2.83it/s]Loading pipeline components...:  67%|██████▋   | 4/6 [00:01<00:00,  3.74it/s]
Loading weights:   0%|          | 0/196 [00:00<?, ?it/s][A
Loading weights:  49%|████▉     | 96/196 [00:00<00:00, 958.75it/s][A
Loading weights:  98%|█████████▊| 192/196 [00:00<00:00, 794.02it/s][ALoading weights: 100%|██████████| 196/196 [00:00<00:00, 828.07it/s]
Loading pipeline components...:  83%|████████▎ | 5/6 [00:01<00:00,  3.35it/s]Loading pipeline components...: 100%|██████████| 6/6 [00:01<00:00,  4.06it/s]
There are modules in AutoencoderKL that should be kept in float32: []. Casting directly with `to()` can lead to inconsistent results; set `torch_dtype` in `from_pretrained()` instead to keep these modules in float32.
/nfs/home/nelson0314/venvs/wacv/lib/python3.11/site-packages/torchvision/models/_utils.py:207: UserWarning: The parameter 'pretrained' is deprecated since 0.13 and may be removed in the future, please use 'weights' instead.
  warnings.warn(
/nfs/home/nelson0314/venvs/wacv/lib/python3.11/site-packages/torchvision/models/_utils.py:222: UserWarning: Arguments other than a weight enum or `None` for 'weights' are deprecated since 0.13 and may be removed in the future. The current behavior is equivalent to passing `weights=VGG16_Weights.IMAGENET1K_V1`. You can also use `weights=VGG16_Weights.DEFAULT` to get the most up-to-date weights.
  warnings.warn(msg)
/nfs/home/nelson0314/venvs/wacv/lib/python3.11/site-packages/diffusers/image_processor.py:724: FutureWarning: Passing `image` as torch tensor with value range in [-1,1] is deprecated. The expected value range for image tensor is [0,1] when passing as pytorch tensor or numpy Array. You passed `image` with value range [-1.0,1.0]
  warnings.warn(
=== task_obj_add_40931 / phase ===
Warning: You are sending unauthenticated requests to the HF Hub. Please set a HF_TOKEN to enable higher rate limits and faster downloads.
Loading weights:   0%|          | 0/398 [00:00<?, ?it/s]Loading weights: 100%|██████████| 398/398 [00:00<00:00, 8950.85it/s]
[transformers] Model config: bos_token_id must be `None` or an integer within the vocabulary (between 0 and 31999), got 49406. This may result in unexpected behavior.
[transformers] Model config: eos_token_id must be `None` or an integer within the vocabulary (between 0 and 31999), got 49407. This may result in unexpected behavior.
Loading weights:   0%|          | 0/408 [00:00<?, ?it/s]Loading weights:  76%|███████▌  | 311/408 [00:00<00:00, 3106.66it/s]Loading weights: 100%|██████████| 408/408 [00:00<00:00, 3008.05it/s]
/nfs/home/nelson0314/venvs/wacv/lib/python3.11/site-packages/diffusers/image_processor.py:724: FutureWarning: Passing `image` as torch tensor with value range in [-1,1] is deprecated. The expected value range for image tensor is [0,1] when passing as pytorch tensor or numpy Array. You passed `image` with value range [-0.9974489808082581,0.9089622497558594]
  warnings.warn(
    identity=0.5459, blur1=0.2760, jpeg75=0.4164, jpeg30=0.3171, crop_resize0.1=0.6636, jpeg_then_resize75=0.2832, adverse_cleaner=0.5377
=== task_obj_remove_380621 / phase ===
/nfs/home/nelson0314/venvs/wacv/lib/python3.11/site-packages/diffusers/image_processor.py:724: FutureWarning: Passing `image` as torch tensor with value range in [-1,1] is deprecated. The expected value range for image tensor is [0,1] when passing as pytorch tensor or numpy Array. You passed `image` with value range [-0.9980003237724304,0.8942644596099854]
  warnings.warn(
    identity=0.6973, blur1=0.5322, jpeg75=0.5162, jpeg30=0.3857, crop_resize0.1=0.6440, jpeg_then_resize75=0.4498, adverse_cleaner=0.5323
=== task_obj_swap_joint_mask_276754 / phase ===
/nfs/home/nelson0314/venvs/wacv/lib/python3.11/site-packages/diffusers/image_processor.py:724: FutureWarning: Passing `image` as torch tensor with value range in [-1,1] is deprecated. The expected value range for image tensor is [0,1] when passing as pytorch tensor or numpy Array. You passed `image` with value range [-1.0,0.9209650754928589]
  warnings.warn(
    identity=0.4686, blur1=0.1484, jpeg75=0.4198, jpeg30=0.1237, crop_resize0.1=0.4790, jpeg_then_resize75=0.1538, adverse_cleaner=0.3932
=== task_obj_swap_joint_mask_533428 / phase ===
/nfs/home/nelson0314/venvs/wacv/lib/python3.11/site-packages/diffusers/image_processor.py:724: FutureWarning: Passing `image` as torch tensor with value range in [-1,1] is deprecated. The expected value range for image tensor is [0,1] when passing as pytorch tensor or numpy Array. You passed `image` with value range [-0.9954751133918762,0.9751813411712646]
  warnings.warn(
    identity=0.5773, blur1=0.3944, jpeg75=0.5096, jpeg30=0.4779, crop_resize0.1=0.6287, jpeg_then_resize75=0.3738, adverse_cleaner=0.5471
=== task_obj_swap_rand_mask_417469 / phase ===
/nfs/home/nelson0314/venvs/wacv/lib/python3.11/site-packages/diffusers/image_processor.py:724: FutureWarning: Passing `image` as torch tensor with value range in [-1,1] is deprecated. The expected value range for image tensor is [0,1] when passing as pytorch tensor or numpy Array. You passed `image` with value range [-0.9982460141181946,0.8414911031723022]
  warnings.warn(
    identity=0.7408, blur1=0.2645, jpeg75=0.5141, jpeg30=0.3764, crop_resize0.1=0.7644, jpeg_then_resize75=0.2721, adverse_cleaner=0.6148

表：runs/ip2p_purify_headtohead/eot_geometry/g_rpi_object.csv（35 列）
