Loading pipeline components...:   0%|          | 0/6 [00:00<?, ?it/s]
Loading weights:   0%|          | 0/196 [00:00<?, ?it/s][ALoading weights: 100%|██████████| 196/196 [00:00<00:00, 2680.67it/s]
Loading pipeline components...:  17%|█▋        | 1/6 [00:00<00:01,  4.87it/s]Loading pipeline components...:  33%|███▎      | 2/6 [00:00<00:00,  6.67it/s]Loading pipeline components...: 100%|██████████| 6/6 [00:00<00:00, 17.49it/s]Loading pipeline components...: 100%|██████████| 6/6 [00:00<00:00, 13.80it/s]
There are modules in AutoencoderKL that should be kept in float32: []. Casting directly with `to()` can lead to inconsistent results; set `torch_dtype` in `from_pretrained()` instead to keep these modules in float32.
/nfs/home/nelson0314/venvs/wacv/lib/python3.11/site-packages/torchvision/models/_utils.py:207: UserWarning: The parameter 'pretrained' is deprecated since 0.13 and may be removed in the future, please use 'weights' instead.
  warnings.warn(
/nfs/home/nelson0314/venvs/wacv/lib/python3.11/site-packages/torchvision/models/_utils.py:222: UserWarning: Arguments other than a weight enum or `None` for 'weights' are deprecated since 0.13 and may be removed in the future. The current behavior is equivalent to passing `weights=VGG16_Weights.IMAGENET1K_V1`. You can also use `weights=VGG16_Weights.DEFAULT` to get the most up-to-date weights.
  warnings.warn(msg)
IP2P 線：13 張、條件 ['phase_gain']、steps=100 s_T=7.5 s_I=1.5 seed=20260812
/nfs/home/nelson0314/venvs/wacv/lib/python3.11/site-packages/diffusers/image_processor.py:724: FutureWarning: Passing `image` as torch tensor with value range in [-1,1] is deprecated. The expected value range for image tensor is [0,1] when passing as pytorch tensor or numpy Array. You passed `image` with value range [-1.0,1.0]
  warnings.warn(
Warning: You are sending unauthenticated requests to the HF Hub. Please set a HF_TOKEN to enable higher rate limits and faster downloads.
Loading weights:   0%|          | 0/398 [00:00<?, ?it/s]Loading weights: 100%|██████████| 398/398 [00:00<00:00, 14167.06it/s]
[transformers] Model config: bos_token_id must be `None` or an integer within the vocabulary (between 0 and 31999), got 49406. This may result in unexpected behavior.
[transformers] Model config: eos_token_id must be `None` or an integer within the vocabulary (between 0 and 31999), got 49407. This may result in unexpected behavior.
Loading weights:   0%|          | 0/408 [00:00<?, ?it/s]Loading weights:  86%|████████▋ | 352/408 [00:00<00:00, 3473.19it/s]Loading weights: 100%|██████████| 408/408 [00:00<00:00, 3424.64it/s]
task_attr_mod_color_11699        phase_gain     r=1.5000 dists=0.1688 lpips=0.4958 effect=0.4402 keep=0.845 (414s)
task_attr_mod_color_136767       phase_gain     r=1.5000 dists=0.1815 lpips=0.4705 effect=0.5172 keep=0.835 (406s)
task_attr_mod_color_184837       phase_gain     r=1.5000 dists=0.2163 lpips=0.4997 effect=0.5849 keep=0.925 (404s)
task_attr_mod_color_32648        phase_gain     r=1.5000 dists=0.1956 lpips=0.5752 effect=0.4839 keep=0.577 (404s)
task_attr_mod_color_6205         phase_gain     r=1.5000 dists=0.1773 lpips=0.4874 effect=0.5318 keep=0.722 (404s)
task_env_weather_112463          phase_gain     r=1.5000 dists=0.1166 lpips=0.5628 effect=0.4033 keep=0.708 (402s)
task_env_weather_246440          phase_gain     r=1.5000 dists=0.1425 lpips=0.4229 effect=0.5695 keep=0.940 (402s)
task_env_weather_63722           phase_gain     r=1.5000 dists=0.1498 lpips=0.4912 effect=0.4850 keep=0.864 (402s)
task_obj_add_40931               phase_gain     r=1.5000 dists=0.1777 lpips=0.5272 effect=0.5426 keep=0.857 (402s)
task_obj_remove_380621           phase_gain     r=1.5000 dists=0.1833 lpips=0.5191 effect=0.5855 keep=0.821 (402s)
task_obj_swap_joint_mask_276754  phase_gain     r=1.5000 dists=0.1988 lpips=0.4789 effect=0.6855 keep=0.901 (402s)
task_obj_swap_joint_mask_533428  phase_gain     r=1.5000 dists=0.1737 lpips=0.5093 effect=0.5539 keep=0.887 (402s)
task_obj_swap_rand_mask_417469   phase_gain     r=1.5000 dists=0.1548 lpips=0.4928 effect=0.6822 keep=0.844 (401s)

表：runs/ip2p_deliver_jpeg/qd75_r15/results.csv（13 列）
