Loading pipeline components...:   0%|          | 0/6 [00:00<?, ?it/s]Loading pipeline components...:  33%|███▎      | 2/6 [00:00<00:00, 18.81it/s]
Loading weights:   0%|          | 0/196 [00:00<?, ?it/s][ALoading weights: 100%|██████████| 196/196 [00:00<00:00, 4400.78it/s]
Loading pipeline components...:  83%|████████▎ | 5/6 [00:00<00:00, 14.14it/s]Loading pipeline components...: 100%|██████████| 6/6 [00:00<00:00, 17.00it/s]
There are modules in AutoencoderKL that should be kept in float32: []. Casting directly with `to()` can lead to inconsistent results; set `torch_dtype` in `from_pretrained()` instead to keep these modules in float32.
/nfs/home/nelson0314/venvs/wacv/lib/python3.11/site-packages/torchvision/models/_utils.py:207: UserWarning: The parameter 'pretrained' is deprecated since 0.13 and may be removed in the future, please use 'weights' instead.
  warnings.warn(
/nfs/home/nelson0314/venvs/wacv/lib/python3.11/site-packages/torchvision/models/_utils.py:222: UserWarning: Arguments other than a weight enum or `None` for 'weights' are deprecated since 0.13 and may be removed in the future. The current behavior is equivalent to passing `weights=VGG16_Weights.IMAGENET1K_V1`. You can also use `weights=VGG16_Weights.DEFAULT` to get the most up-to-date weights.
  warnings.warn(msg)
IP2P 線：13 張、條件 ['phase_gain']、steps=100 s_T=7.5 s_I=1.5 seed=20260812
/nfs/home/nelson0314/venvs/wacv/lib/python3.11/site-packages/diffusers/image_processor.py:724: FutureWarning: Passing `image` as torch tensor with value range in [-1,1] is deprecated. The expected value range for image tensor is [0,1] when passing as pytorch tensor or numpy Array. You passed `image` with value range [-1.0,1.0]
  warnings.warn(
Warning: You are sending unauthenticated requests to the HF Hub. Please set a HF_TOKEN to enable higher rate limits and faster downloads.
Loading weights:   0%|          | 0/398 [00:00<?, ?it/s]Loading weights: 100%|██████████| 398/398 [00:00<00:00, 19187.74it/s]
[transformers] Model config: bos_token_id must be `None` or an integer within the vocabulary (between 0 and 31999), got 49406. This may result in unexpected behavior.
[transformers] Model config: eos_token_id must be `None` or an integer within the vocabulary (between 0 and 31999), got 49407. This may result in unexpected behavior.
Loading weights:   0%|          | 0/408 [00:00<?, ?it/s]Loading weights:  86%|████████▌ | 349/408 [00:00<00:00, 3486.65it/s]Loading weights: 100%|██████████| 408/408 [00:00<00:00, 3487.03it/s]
task_attr_mod_color_11699        phase_gain     r=10.0000 dists=0.0767 lpips=0.3921 effect=0.3658 (189s)
task_attr_mod_color_136767       phase_gain     r=10.0000 dists=0.1471 lpips=0.4519 effect=0.4653 (181s)
task_attr_mod_color_184837       phase_gain     r=10.0000 dists=0.1818 lpips=0.4725 effect=0.5675 (354s)
task_attr_mod_color_32648        phase_gain     r=10.0000 dists=0.1284 lpips=0.5481 effect=0.3971 (375s)
task_attr_mod_color_6205         phase_gain     r=10.0000 dists=0.1129 lpips=0.3792 effect=0.4687 (387s)
task_env_weather_112463          phase_gain     r=10.0000 dists=0.0598 lpips=0.5314 effect=0.4429 (387s)
task_env_weather_246440          phase_gain     r=10.0000 dists=0.1393 lpips=0.5280 effect=0.5323 (387s)
task_env_weather_63722           phase_gain     r=10.0000 dists=0.0864 lpips=0.4559 effect=0.4777 (386s)
task_obj_add_40931               phase_gain     r=10.0000 dists=0.1049 lpips=0.5081 effect=0.5429 (386s)
task_obj_remove_380621           phase_gain     r=10.0000 dists=0.0968 lpips=0.4695 effect=0.7009 (386s)
task_obj_swap_joint_mask_276754  phase_gain     r=10.0000 dists=0.1954 lpips=0.5432 effect=0.2558 (386s)
task_obj_swap_joint_mask_533428  phase_gain     r=10.0000 dists=0.1222 lpips=0.5281 effect=0.5258 (386s)
task_obj_swap_rand_mask_417469   phase_gain     r=10.0000 dists=0.1047 lpips=0.5009 effect=0.6440 (386s)

表：runs/ip2p_perceptual_weight/jl_r100/results.csv（13 列）
