Loading pipeline components...:   0%|          | 0/6 [00:00<?, ?it/s]Loading pipeline components...:  33%|███▎      | 2/6 [00:00<00:00, 14.20it/s]
Loading weights:   0%|          | 0/196 [00:00<?, ?it/s][ALoading weights: 100%|██████████| 196/196 [00:00<00:00, 4115.79it/s]
Loading pipeline components...: 100%|██████████| 6/6 [00:00<00:00, 16.52it/s]Loading pipeline components...: 100%|██████████| 6/6 [00:00<00:00, 16.24it/s]
There are modules in AutoencoderKL that should be kept in float32: []. Casting directly with `to()` can lead to inconsistent results; set `torch_dtype` in `from_pretrained()` instead to keep these modules in float32.
/nfs/home/nelson0314/venvs/wacv/lib/python3.11/site-packages/torchvision/models/_utils.py:207: UserWarning: The parameter 'pretrained' is deprecated since 0.13 and may be removed in the future, please use 'weights' instead.
  warnings.warn(
/nfs/home/nelson0314/venvs/wacv/lib/python3.11/site-packages/torchvision/models/_utils.py:222: UserWarning: Arguments other than a weight enum or `None` for 'weights' are deprecated since 0.13 and may be removed in the future. The current behavior is equivalent to passing `weights=VGG16_Weights.IMAGENET1K_V1`. You can also use `weights=VGG16_Weights.DEFAULT` to get the most up-to-date weights.
  warnings.warn(msg)
IP2P 線：25 張、條件 ['phase']、steps=100 s_T=7.5 s_I=1.5 seed=20260812
/nfs/home/nelson0314/venvs/wacv/lib/python3.11/site-packages/diffusers/image_processor.py:724: FutureWarning: Passing `image` as torch tensor with value range in [-1,1] is deprecated. The expected value range for image tensor is [0,1] when passing as pytorch tensor or numpy Array. You passed `image` with value range [-1.0,1.0]
  warnings.warn(
task_attr_mod_color_11699        phase          r=1.4000 dists=0.0355 lpips=0.1137 effect=0.1446 (121s)
task_attr_mod_color_136767       phase          r=1.4000 dists=0.0757 lpips=0.1836 effect=0.2180 (121s)
task_attr_mod_color_184837       phase          r=1.4000 dists=0.0945 lpips=0.2082 effect=0.2915 (121s)
task_attr_mod_color_32648        phase          r=1.4000 dists=0.0359 lpips=0.1658 effect=0.2044 (121s)
task_attr_mod_color_6205         phase          r=1.4000 dists=0.0766 lpips=0.1165 effect=0.2472 (121s)
task_env_weather_112463          phase          r=1.4000 dists=0.0343 lpips=0.1880 effect=0.2902 (121s)
task_env_weather_133752          phase          r=1.4000 dists=0.0346 lpips=0.1958 effect=0.2442 (121s)
task_env_weather_181583          phase          r=1.4000 dists=0.0364 lpips=0.2171 effect=0.5950 (121s)
task_env_weather_246440          phase          r=1.4000 dists=0.0800 lpips=0.2536 effect=0.3736 (121s)
task_env_weather_63722           phase          r=1.4000 dists=0.0639 lpips=0.1816 effect=0.2095 (121s)
task_obj_add_13726               phase          r=1.4000 dists=0.0741 lpips=0.2406 effect=0.3292 (121s)
task_obj_add_340466              phase          r=1.4000 dists=0.0536 lpips=0.1228 effect=0.2252 (121s)
task_obj_add_40931               phase          r=1.4000 dists=0.0621 lpips=0.3475 effect=0.3327 (121s)
task_obj_add_581286              phase          r=1.4000 dists=0.0375 lpips=0.1306 effect=0.1443 (121s)
task_obj_add_692065              phase          r=1.4000 dists=0.0522 lpips=0.1540 effect=0.2021 (121s)
task_obj_remove_10197            phase          r=1.4000 dists=0.0575 lpips=0.2784 effect=0.4422 (121s)
task_obj_remove_257910           phase          r=1.4000 dists=0.0421 lpips=0.2184 effect=0.2117 (121s)
task_obj_remove_380621           phase          r=1.4000 dists=0.0646 lpips=0.2477 effect=0.4115 (121s)
task_obj_remove_509477           phase          r=1.4000 dists=0.0635 lpips=0.2577 effect=0.2754 (121s)
task_obj_remove_657585           phase          r=1.4000 dists=0.0370 lpips=0.1113 effect=0.2634 (121s)
task_obj_swap_joint_mask_276754  phase          r=1.4000 dists=0.0964 lpips=0.4182 effect=0.2002 (121s)
task_obj_swap_joint_mask_533428  phase          r=1.4000 dists=0.0799 lpips=0.2754 effect=0.3203 (122s)
/nfs/home/nelson0314/venvs/wacv/lib/python3.11/site-packages/diffusers/image_processor.py:724: FutureWarning: Passing `image` as torch tensor with value range in [-1,1] is deprecated. The expected value range for image tensor is [0,1] when passing as pytorch tensor or numpy Array. You passed `image` with value range [-0.9686274528503418,1.0]
  warnings.warn(
task_obj_swap_joint_mask_75733   phase          r=1.4000 dists=0.0724 lpips=0.2787 effect=0.3637 (122s)
task_obj_swap_rand_mask_298147   phase          r=1.4000 dists=0.1096 lpips=0.3545 effect=0.5773 (122s)
task_obj_swap_rand_mask_417469   phase          r=1.4000 dists=0.0434 lpips=0.2092 effect=0.2489 (122s)

表：runs/fair0820/a_phase/p00_t14/results.csv（25 列）
