Loading pipeline components...:   0%|          | 0/6 [00:00<?, ?it/s]Loading pipeline components...:  17%|█▋        | 1/6 [00:00<00:00,  9.77it/s]
Loading weights:   0%|          | 0/196 [00:00<?, ?it/s][ALoading weights: 100%|██████████| 196/196 [00:00<00:00, 4338.74it/s]
Loading pipeline components...:  83%|████████▎ | 5/6 [00:00<00:00, 15.27it/s]Loading pipeline components...: 100%|██████████| 6/6 [00:00<00:00, 17.22it/s]
There are modules in AutoencoderKL that should be kept in float32: []. Casting directly with `to()` can lead to inconsistent results; set `torch_dtype` in `from_pretrained()` instead to keep these modules in float32.
/nfs/home/nelson0314/venvs/wacv/lib/python3.11/site-packages/torchvision/models/_utils.py:207: UserWarning: The parameter 'pretrained' is deprecated since 0.13 and may be removed in the future, please use 'weights' instead.
  warnings.warn(
/nfs/home/nelson0314/venvs/wacv/lib/python3.11/site-packages/torchvision/models/_utils.py:222: UserWarning: Arguments other than a weight enum or `None` for 'weights' are deprecated since 0.13 and may be removed in the future. The current behavior is equivalent to passing `weights=VGG16_Weights.IMAGENET1K_V1`. You can also use `weights=VGG16_Weights.DEFAULT` to get the most up-to-date weights.
  warnings.warn(msg)
IP2P 線：13 張、條件 ['phase']、steps=100 s_T=7.5 s_I=1.5 seed=20260812
/nfs/home/nelson0314/venvs/wacv/lib/python3.11/site-packages/diffusers/image_processor.py:724: FutureWarning: Passing `image` as torch tensor with value range in [-1,1] is deprecated. The expected value range for image tensor is [0,1] when passing as pytorch tensor or numpy Array. You passed `image` with value range [-1.0,1.0]
  warnings.warn(
Warning: You are sending unauthenticated requests to the HF Hub. Please set a HF_TOKEN to enable higher rate limits and faster downloads.
Loading weights:   0%|          | 0/398 [00:00<?, ?it/s]Loading weights: 100%|██████████| 398/398 [00:00<00:00, 12166.80it/s]
[transformers] Model config: bos_token_id must be `None` or an integer within the vocabulary (between 0 and 31999), got 49406. This may result in unexpected behavior.
[transformers] Model config: eos_token_id must be `None` or an integer within the vocabulary (between 0 and 31999), got 49407. This may result in unexpected behavior.
Loading weights:   0%|          | 0/408 [00:00<?, ?it/s]Loading weights: 100%|██████████| 408/408 [00:00<00:00, 4252.27it/s]
task_attr_mod_color_11699        phase          r=1.2700 dists=0.0357 lpips=0.1026 effect=0.1365 (48s)
task_attr_mod_color_136767       phase          r=1.2700 dists=0.0663 lpips=0.1730 effect=0.2081 (38s)
task_attr_mod_color_184837       phase          r=1.2700 dists=0.0821 lpips=0.1931 effect=0.2805 (39s)
task_attr_mod_color_32648        phase          r=1.2700 dists=0.0364 lpips=0.1569 effect=0.1804 (39s)
task_attr_mod_color_6205         phase          r=1.2700 dists=0.0727 lpips=0.1077 effect=0.2347 (39s)
task_env_weather_112463          phase          r=1.2700 dists=0.0289 lpips=0.1752 effect=0.2832 (39s)
task_env_weather_246440          phase          r=1.2700 dists=0.0690 lpips=0.2390 effect=0.3615 (39s)
task_env_weather_63722           phase          r=1.2700 dists=0.0599 lpips=0.1697 effect=0.1997 (39s)
task_obj_add_40931               phase          r=1.2700 dists=0.0580 lpips=0.3323 effect=0.3153 (39s)
task_obj_remove_380621           phase          r=1.2700 dists=0.0634 lpips=0.2339 effect=0.4058 (39s)
task_obj_swap_joint_mask_276754  phase          r=1.2700 dists=0.0914 lpips=0.4074 effect=0.1911 (39s)
task_obj_swap_joint_mask_533428  phase          r=1.2700 dists=0.0711 lpips=0.2539 effect=0.3168 (39s)
task_obj_swap_rand_mask_417469   phase          r=1.2700 dists=0.0417 lpips=0.1982 effect=0.2260 (39s)

表：runs/ip2p_defense_gallery/phase_s0100/results.csv（13 列）
