Warning: You are sending unauthenticated requests to the HF Hub. Please set a HF_TOKEN to enable higher rate limits and faster downloads.
Loading pipeline components...:   0%|          | 0/6 [00:00<?, ?it/s]Loading pipeline components...:  33%|███▎      | 2/6 [00:00<00:00, 16.07it/s]Loading pipeline components...:  67%|██████▋   | 4/6 [00:00<00:00, 16.20it/s]
Loading weights:   0%|          | 0/196 [00:00<?, ?it/s][ALoading weights: 100%|██████████| 196/196 [00:00<00:00, 3252.44it/s]
Loading pipeline components...: 100%|██████████| 6/6 [00:00<00:00, 13.03it/s]Loading pipeline components...: 100%|██████████| 6/6 [00:00<00:00, 13.74it/s]
There are modules in AutoencoderKL that should be kept in float32: []. Casting directly with `to()` can lead to inconsistent results; set `torch_dtype` in `from_pretrained()` instead to keep these modules in float32.
/nfs/home/nelson0314/venvs/wacv/lib/python3.11/site-packages/torchvision/models/_utils.py:207: UserWarning: The parameter 'pretrained' is deprecated since 0.13 and may be removed in the future, please use 'weights' instead.
  warnings.warn(
/nfs/home/nelson0314/venvs/wacv/lib/python3.11/site-packages/torchvision/models/_utils.py:222: UserWarning: Arguments other than a weight enum or `None` for 'weights' are deprecated since 0.13 and may be removed in the future. The current behavior is equivalent to passing `weights=VGG16_Weights.IMAGENET1K_V1`. You can also use `weights=VGG16_Weights.DEFAULT` to get the most up-to-date weights.
  warnings.warn(msg)
IP2P 線：13 張、條件 ['phase_gain']、steps=100 s_T=7.5 s_I=1.5 seed=20260812
/nfs/home/nelson0314/venvs/wacv/lib/python3.11/site-packages/diffusers/image_processor.py:724: FutureWarning: Passing `image` as torch tensor with value range in [-1,1] is deprecated. The expected value range for image tensor is [0,1] when passing as pytorch tensor or numpy Array. You passed `image` with value range [-1.0,1.0]
  warnings.warn(
Loading weights:   0%|          | 0/398 [00:00<?, ?it/s]Loading weights: 100%|██████████| 398/398 [00:00<00:00, 10823.59it/s]
[transformers] Model config: bos_token_id must be `None` or an integer within the vocabulary (between 0 and 31999), got 49406. This may result in unexpected behavior.
[transformers] Model config: eos_token_id must be `None` or an integer within the vocabulary (between 0 and 31999), got 49407. This may result in unexpected behavior.
Loading weights:   0%|          | 0/408 [00:00<?, ?it/s]Loading weights:  77%|███████▋  | 314/408 [00:00<00:00, 3139.00it/s]Loading weights: 100%|██████████| 408/408 [00:00<00:00, 3081.39it/s]
task_attr_mod_color_11699        phase_gain     r=10.0000 dists=0.1471 lpips=0.4999 effect=0.5983 (184s)
task_attr_mod_color_136767       phase_gain     r=10.0000 dists=0.2713 lpips=0.5901 effect=0.6304 (175s)
task_attr_mod_color_184837       phase_gain     r=10.0000 dists=0.2676 lpips=0.6037 effect=0.7855 (175s)
task_attr_mod_color_32648        phase_gain     r=10.0000 dists=0.1827 lpips=0.5726 effect=0.5818 (174s)
task_attr_mod_color_6205         phase_gain     r=10.0000 dists=0.2053 lpips=0.5322 effect=0.6714 (175s)
task_env_weather_112463          phase_gain     r=10.0000 dists=0.1223 lpips=0.6237 effect=0.8447 (175s)
task_env_weather_246440          phase_gain     r=10.0000 dists=0.2558 lpips=0.5914 effect=0.6508 (175s)
task_env_weather_63722           phase_gain     r=10.0000 dists=0.1477 lpips=0.5654 effect=0.6652 (175s)
task_obj_add_40931               phase_gain     r=10.0000 dists=0.2355 lpips=0.6063 effect=0.7311 (175s)
task_obj_remove_380621           phase_gain     r=10.0000 dists=0.1586 lpips=0.5261 effect=0.7353 (174s)
task_obj_swap_joint_mask_276754  phase_gain     r=10.0000 dists=0.3169 lpips=0.5672 effect=0.4980 (174s)
task_obj_swap_joint_mask_533428  phase_gain     r=10.0000 dists=0.2552 lpips=0.6309 effect=0.6362 (174s)
task_obj_swap_rand_mask_417469   phase_gain     r=10.0000 dists=0.2071 lpips=0.6154 effect=0.7503 (174s)

表：runs/ip2p_weight_plus_loss/wl_r100/results.csv（13 列）
