Warning: You are sending unauthenticated requests to the HF Hub. Please set a HF_TOKEN to enable higher rate limits and faster downloads.
Fetching 13 files:   0%|          | 0/13 [00:00<?, ?it/s]Fetching 13 files:  15%|█▌        | 2/13 [00:00<00:01,  9.36it/s]Fetching 13 files:  62%|██████▏   | 8/13 [00:00<00:00, 24.64it/s]Fetching 13 files:  77%|███████▋  | 10/13 [00:19<00:00, 24.64it/s]Fetching 13 files:  85%|████████▍ | 11/13 [00:57<00:14,  7.04s/it]Fetching 13 files:  92%|█████████▏| 12/13 [01:37<00:11, 11.87s/it]Fetching 13 files: 100%|██████████| 13/13 [02:05<00:00, 14.74s/it]Fetching 13 files: 100%|██████████| 13/13 [02:05<00:00,  9.65s/it]
Loading pipeline components...:   0%|          | 0/6 [00:00<?, ?it/s]
Loading weights:   0%|          | 0/196 [00:00<?, ?it/s][ALoading weights: 100%|██████████| 196/196 [00:00<00:00, 3677.06it/s]
Loading pipeline components...:  33%|███▎      | 2/6 [00:00<00:00,  9.70it/s]Loading pipeline components...:  50%|█████     | 3/6 [00:00<00:00,  9.30it/s]Loading pipeline components...: 100%|██████████| 6/6 [00:00<00:00, 15.21it/s]Loading pipeline components...: 100%|██████████| 6/6 [00:00<00:00, 13.42it/s]
There are modules in AutoencoderKL that should be kept in float32: []. Casting directly with `to()` can lead to inconsistent results; set `torch_dtype` in `from_pretrained()` instead to keep these modules in float32.
/nfs/home/nelson0314/venvs/wacv/lib/python3.11/site-packages/torchvision/models/_utils.py:207: UserWarning: The parameter 'pretrained' is deprecated since 0.13 and may be removed in the future, please use 'weights' instead.
  warnings.warn(
/nfs/home/nelson0314/venvs/wacv/lib/python3.11/site-packages/torchvision/models/_utils.py:222: UserWarning: Arguments other than a weight enum or `None` for 'weights' are deprecated since 0.13 and may be removed in the future. The current behavior is equivalent to passing `weights=VGG16_Weights.IMAGENET1K_V1`. You can also use `weights=VGG16_Weights.DEFAULT` to get the most up-to-date weights.
  warnings.warn(msg)
IP2P 線：25 張、條件 ['dct_shield']、steps=100 s_T=7.5 s_I=1.5 seed=20260812
/nfs/home/nelson0314/venvs/wacv/lib/python3.11/site-packages/diffusers/image_processor.py:724: FutureWarning: Passing `image` as torch tensor with value range in [-1,1] is deprecated. The expected value range for image tensor is [0,1] when passing as pytorch tensor or numpy Array. You passed `image` with value range [-1.0,1.0]
  warnings.warn(
    [dct_shield] step    0 loss 107.0090
    [dct_shield] step   99 loss 62.7920
task_attr_mod_color_11699        dct_shield     r=1.0000 dists=0.0450 lpips=0.4436 effect=0.4197 (80s)
    [dct_shield] step    0 loss 133.6177
    [dct_shield] step   99 loss 69.0328
task_attr_mod_color_136767       dct_shield     r=1.0000 dists=0.0478 lpips=0.4025 effect=0.5766 (81s)
    [dct_shield] step    0 loss 105.4397
    [dct_shield] step   99 loss 65.9776
task_attr_mod_color_184837       dct_shield     r=1.0000 dists=0.0295 lpips=0.3327 effect=0.4545 (82s)
    [dct_shield] step    0 loss 168.6569
    [dct_shield] step   99 loss 73.1186
task_attr_mod_color_32648        dct_shield     r=1.0000 dists=0.0859 lpips=0.5687 effect=0.5823 (81s)
    [dct_shield] step    0 loss 111.1863
    [dct_shield] step   99 loss 58.1538
task_attr_mod_color_6205         dct_shield     r=1.0000 dists=0.0537 lpips=0.4876 effect=0.6344 (81s)
    [dct_shield] step    0 loss 121.9079
    [dct_shield] step   99 loss 56.8306
task_env_weather_112463          dct_shield     r=1.0000 dists=0.0312 lpips=0.5466 effect=0.8351 (82s)
    [dct_shield] step    0 loss 102.9163
    [dct_shield] step   99 loss 45.7343
task_env_weather_133752          dct_shield     r=1.0000 dists=0.0553 lpips=0.5430 effect=0.5318 (82s)
    [dct_shield] step    0 loss 112.5153
    [dct_shield] step   99 loss 46.2155
task_env_weather_181583          dct_shield     r=1.0000 dists=0.0239 lpips=0.4967 effect=0.7074 (80s)
    [dct_shield] step    0 loss 116.5259
    [dct_shield] step   99 loss 80.5252
task_env_weather_246440          dct_shield     r=1.0000 dists=0.0157 lpips=0.2510 effect=0.4478 (81s)
    [dct_shield] step    0 loss 93.5997
    [dct_shield] step   99 loss 50.4820
task_env_weather_63722           dct_shield     r=1.0000 dists=0.0373 lpips=0.4406 effect=0.4686 (82s)
    [dct_shield] step    0 loss 102.4472
    [dct_shield] step   99 loss 57.7380
task_obj_add_13726               dct_shield     r=1.0000 dists=0.0343 lpips=0.3717 effect=0.7411 (81s)
    [dct_shield] step    0 loss 109.8364
    [dct_shield] step   99 loss 61.3837
task_obj_add_340466              dct_shield     r=1.0000 dists=0.0625 lpips=0.4895 effect=0.5418 (81s)
    [dct_shield] step    0 loss 115.2241
    [dct_shield] step   99 loss 65.5556
task_obj_add_40931               dct_shield     r=1.0000 dists=0.0469 lpips=0.4125 effect=0.4884 (82s)
    [dct_shield] step    0 loss 116.3667
    [dct_shield] step   99 loss 43.0714
task_obj_add_581286              dct_shield     r=1.0000 dists=0.0574 lpips=0.5491 effect=0.7263 (81s)
    [dct_shield] step    0 loss 115.2812
    [dct_shield] step   99 loss 73.1144
task_obj_add_692065              dct_shield     r=1.0000 dists=0.0143 lpips=0.3505 effect=0.3601 (80s)
    [dct_shield] step    0 loss 92.4249
    [dct_shield] step   99 loss 58.0869
task_obj_remove_10197            dct_shield     r=1.0000 dists=0.0307 lpips=0.3751 effect=0.5342 (81s)
    [dct_shield] step    0 loss 109.7397
    [dct_shield] step   99 loss 56.8640
task_obj_remove_257910           dct_shield     r=1.0000 dists=0.0439 lpips=0.5037 effect=0.6639 (82s)
    [dct_shield] step    0 loss 104.5586
    [dct_shield] step   99 loss 52.4934
task_obj_remove_380621           dct_shield     r=1.0000 dists=0.0694 lpips=0.4960 effect=0.6809 (81s)
    [dct_shield] step    0 loss 106.7685
    [dct_shield] step   99 loss 71.2576
task_obj_remove_509477           dct_shield     r=1.0000 dists=0.0208 lpips=0.3518 effect=0.3829 (81s)
    [dct_shield] step    0 loss 113.4795
    [dct_shield] step   99 loss 43.2839
task_obj_remove_657585           dct_shield     r=1.0000 dists=0.0700 lpips=0.5982 effect=0.8049 (82s)
    [dct_shield] step    0 loss 137.4309
    [dct_shield] step   99 loss 74.6826
task_obj_swap_joint_mask_276754  dct_shield     r=1.0000 dists=0.0639 lpips=0.3956 effect=0.6404 (81s)
    [dct_shield] step    0 loss 108.9757
    [dct_shield] step   99 loss 67.5143
task_obj_swap_joint_mask_533428  dct_shield     r=1.0000 dists=0.0290 lpips=0.3794 effect=0.5364 (80s)
/nfs/home/nelson0314/venvs/wacv/lib/python3.11/site-packages/diffusers/image_processor.py:724: FutureWarning: Passing `image` as torch tensor with value range in [-1,1] is deprecated. The expected value range for image tensor is [0,1] when passing as pytorch tensor or numpy Array. You passed `image` with value range [-0.9686274528503418,1.0]
  warnings.warn(
    [dct_shield] step    0 loss 140.8523
    [dct_shield] step   99 loss 70.2593
task_obj_swap_joint_mask_75733   dct_shield     r=1.0000 dists=0.0407 lpips=0.5064 effect=0.4796 (82s)
    [dct_shield] step    0 loss 131.1158
    [dct_shield] step   99 loss 82.4624
task_obj_swap_rand_mask_298147   dct_shield     r=1.0000 dists=0.0444 lpips=0.3936 effect=0.5389 (82s)
    [dct_shield] step    0 loss 123.0653
    [dct_shield] step   99 loss 68.0279
task_obj_swap_rand_mask_417469   dct_shield     r=1.0000 dists=0.0346 lpips=0.4390 effect=0.6258 (81s)

表：runs/ip2p_pgd_steps/dct_s0100/results.csv（25 列）
