Warning: You are sending unauthenticated requests to the HF Hub. Please set a HF_TOKEN to enable higher rate limits and faster downloads.
Loading pipeline components...:   0%|          | 0/6 [00:00<?, ?it/s]Loading pipeline components...:  33%|███▎      | 2/6 [00:00<00:00, 19.27it/s]
Loading weights:   0%|          | 0/196 [00:00<?, ?it/s][ALoading weights: 100%|██████████| 196/196 [00:00<00:00, 4210.07it/s]
Loading pipeline components...:  67%|██████▋   | 4/6 [00:00<00:00, 15.26it/s]Loading pipeline components...: 100%|██████████| 6/6 [00:00<00:00, 17.10it/s]
There are modules in AutoencoderKL that should be kept in float32: []. Casting directly with `to()` can lead to inconsistent results; set `torch_dtype` in `from_pretrained()` instead to keep these modules in float32.
/nfs/home/nelson0314/venvs/wacv/lib/python3.11/site-packages/torchvision/models/_utils.py:207: UserWarning: The parameter 'pretrained' is deprecated since 0.13 and may be removed in the future, please use 'weights' instead.
  warnings.warn(
/nfs/home/nelson0314/venvs/wacv/lib/python3.11/site-packages/torchvision/models/_utils.py:222: UserWarning: Arguments other than a weight enum or `None` for 'weights' are deprecated since 0.13 and may be removed in the future. The current behavior is equivalent to passing `weights=VGG16_Weights.IMAGENET1K_V1`. You can also use `weights=VGG16_Weights.DEFAULT` to get the most up-to-date weights.
  warnings.warn(msg)
IP2P 線：25 張、條件 ['phase_gain']、steps=100 s_T=7.5 s_I=1.5 seed=20260812
/nfs/home/nelson0314/venvs/wacv/lib/python3.11/site-packages/diffusers/image_processor.py:724: FutureWarning: Passing `image` as torch tensor with value range in [-1,1] is deprecated. The expected value range for image tensor is [0,1] when passing as pytorch tensor or numpy Array. You passed `image` with value range [-1.0,1.0]
  warnings.warn(
task_attr_mod_color_11699        phase_gain     r=3.0000 dists=0.1161 lpips=0.2383 effect=0.3247 (174s)
task_attr_mod_color_136767       phase_gain     r=3.0000 dists=0.1713 lpips=0.3418 effect=0.4313 (175s)
task_attr_mod_color_184837       phase_gain     r=3.0000 dists=0.2004 lpips=0.3456 effect=0.4924 (176s)
task_attr_mod_color_32648        phase_gain     r=3.0000 dists=0.1349 lpips=0.3625 effect=0.3631 (176s)
task_attr_mod_color_6205         phase_gain     r=3.0000 dists=0.1492 lpips=0.2534 effect=0.4990 (176s)
task_env_weather_112463          phase_gain     r=3.0000 dists=0.1006 lpips=0.4120 effect=0.4270 (176s)
task_env_weather_133752          phase_gain     r=3.0000 dists=0.0916 lpips=0.3669 effect=0.5835 (176s)
task_env_weather_181583          phase_gain     r=3.0000 dists=0.1553 lpips=0.4028 effect=0.7054 (175s)
task_env_weather_246440          phase_gain     r=3.0000 dists=0.1554 lpips=0.4054 effect=0.5007 (176s)
task_env_weather_63722           phase_gain     r=3.0000 dists=0.1196 lpips=0.2972 effect=0.3997 (176s)
task_obj_add_13726               phase_gain     r=3.0000 dists=0.1551 lpips=0.3982 effect=0.7344 (176s)
task_obj_add_340466              phase_gain     r=3.0000 dists=0.1327 lpips=0.2430 effect=0.4008 (176s)
task_obj_add_40931               phase_gain     r=3.0000 dists=0.1570 lpips=0.4948 effect=0.5492 (176s)
task_obj_add_581286              phase_gain     r=3.0000 dists=0.1065 lpips=0.3084 effect=0.6367 (176s)
task_obj_add_692065              phase_gain     r=3.0000 dists=0.1314 lpips=0.3148 effect=0.3463 (176s)
task_obj_remove_10197            phase_gain     r=3.0000 dists=0.1356 lpips=0.3745 effect=0.4683 (175s)
task_obj_remove_257910           phase_gain     r=3.0000 dists=0.0992 lpips=0.3930 effect=0.3747 (175s)
task_obj_remove_380621           phase_gain     r=3.0000 dists=0.1251 lpips=0.3860 effect=0.7607 (175s)
task_obj_remove_509477           phase_gain     r=3.0000 dists=0.1380 lpips=0.4133 effect=0.5121 (175s)
task_obj_remove_657585           phase_gain     r=3.0000 dists=0.0984 lpips=0.3766 effect=0.4844 (175s)
task_obj_swap_joint_mask_276754  phase_gain     r=3.0000 dists=0.1838 lpips=0.4796 effect=0.2178 (175s)
task_obj_swap_joint_mask_533428  phase_gain     r=3.0000 dists=0.1763 lpips=0.4553 effect=0.4712 (175s)
/nfs/home/nelson0314/venvs/wacv/lib/python3.11/site-packages/diffusers/image_processor.py:724: FutureWarning: Passing `image` as torch tensor with value range in [-1,1] is deprecated. The expected value range for image tensor is [0,1] when passing as pytorch tensor or numpy Array. You passed `image` with value range [-0.9686274528503418,1.0]
  warnings.warn(
task_obj_swap_joint_mask_75733   phase_gain     r=3.0000 dists=0.1475 lpips=0.4066 effect=0.4878 (175s)
task_obj_swap_rand_mask_298147   phase_gain     r=3.0000 dists=0.1855 lpips=0.4713 effect=0.7463 (175s)
task_obj_swap_rand_mask_417469   phase_gain     r=3.0000 dists=0.1266 lpips=0.3732 effect=0.5900 (175s)

表：runs/ip2p_reach_lpips_gated/gq5_g78_s1000/results.csv（25 列）
