Warning: You are sending unauthenticated requests to the HF Hub. Please set a HF_TOKEN to enable higher rate limits and faster downloads.
Loading pipeline components...:   0%|          | 0/6 [00:00<?, ?it/s]
Loading weights:   0%|          | 0/196 [00:00<?, ?it/s][ALoading weights: 100%|██████████| 196/196 [00:00<00:00, 4224.83it/s]
Loading pipeline components...:  50%|█████     | 3/6 [00:00<00:00, 13.13it/s]Loading pipeline components...: 100%|██████████| 6/6 [00:00<00:00, 17.21it/s]Loading pipeline components...: 100%|██████████| 6/6 [00:00<00:00, 16.43it/s]
There are modules in AutoencoderKL that should be kept in float32: []. Casting directly with `to()` can lead to inconsistent results; set `torch_dtype` in `from_pretrained()` instead to keep these modules in float32.
/nfs/home/nelson0314/venvs/wacv/lib/python3.11/site-packages/torchvision/models/_utils.py:207: UserWarning: The parameter 'pretrained' is deprecated since 0.13 and may be removed in the future, please use 'weights' instead.
  warnings.warn(
/nfs/home/nelson0314/venvs/wacv/lib/python3.11/site-packages/torchvision/models/_utils.py:222: UserWarning: Arguments other than a weight enum or `None` for 'weights' are deprecated since 0.13 and may be removed in the future. The current behavior is equivalent to passing `weights=VGG16_Weights.IMAGENET1K_V1`. You can also use `weights=VGG16_Weights.DEFAULT` to get the most up-to-date weights.
  warnings.warn(msg)
IP2P 線：13 張、條件 ['phase']、steps=100 s_T=7.5 s_I=1.5 seed=20260812
/nfs/home/nelson0314/venvs/wacv/lib/python3.11/site-packages/diffusers/image_processor.py:724: FutureWarning: Passing `image` as torch tensor with value range in [-1,1] is deprecated. The expected value range for image tensor is [0,1] when passing as pytorch tensor or numpy Array. You passed `image` with value range [-1.0,1.0]
  warnings.warn(
task_attr_mod_color_11699        phase          r=0.9000 dists=0.0221 lpips=0.0546 effect=0.0847 (36s)
task_attr_mod_color_184837       phase          r=0.9000 dists=0.0426 lpips=0.0911 effect=0.1746 (37s)
task_attr_mod_color_6205         phase          r=0.9000 dists=0.0460 lpips=0.0614 effect=0.0900 (37s)
task_env_weather_133752          phase          r=0.9000 dists=0.0210 lpips=0.0761 effect=0.1217 (37s)
task_env_weather_246440          phase          r=0.9000 dists=0.0466 lpips=0.1289 effect=0.2951 (37s)
task_obj_add_13726               phase          r=0.9000 dists=0.0511 lpips=0.1131 effect=0.2082 (37s)
task_obj_add_40931               phase          r=0.9000 dists=0.0464 lpips=0.2024 effect=0.2340 (37s)
task_obj_add_692065              phase          r=0.9000 dists=0.0309 lpips=0.0861 effect=0.1305 (37s)
task_obj_remove_257910           phase          r=0.9000 dists=0.0310 lpips=0.0772 effect=0.1115 (37s)
task_obj_remove_509477           phase          r=0.9000 dists=0.0395 lpips=0.1156 effect=0.1634 (37s)
task_obj_swap_joint_mask_276754  phase          r=0.9000 dists=0.0627 lpips=0.2736 effect=0.1759 (37s)
/nfs/home/nelson0314/venvs/wacv/lib/python3.11/site-packages/diffusers/image_processor.py:724: FutureWarning: Passing `image` as torch tensor with value range in [-1,1] is deprecated. The expected value range for image tensor is [0,1] when passing as pytorch tensor or numpy Array. You passed `image` with value range [-0.9686274528503418,1.0]
  warnings.warn(
/nfs/home/nelson0314/venvs/wacv/lib/python3.11/site-packages/diffusers/image_processor.py:724: FutureWarning: Passing `image` as torch tensor with value range in [-1,1] is deprecated. The expected value range for image tensor is [0,1] when passing as pytorch tensor or numpy Array. You passed `image` with value range [-0.9974877834320068,1.0]
  warnings.warn(
task_obj_swap_joint_mask_75733   phase          r=0.9000 dists=0.0445 lpips=0.1611 effect=0.2503 (37s)
task_obj_swap_rand_mask_417469   phase          r=0.9000 dists=0.0290 lpips=0.1129 effect=0.1492 (37s)

表：runs/fair0820/a9_rmax/b070_t09_0/results.csv（13 列）
