Loading pipeline components...:   0%|          | 0/6 [00:00<?, ?it/s]
Loading weights:   0%|          | 0/196 [00:00<?, ?it/s][A
Loading weights:  61%|██████    | 119/196 [00:00<00:00, 1148.05it/s][ALoading weights: 100%|██████████| 196/196 [00:00<00:00, 1231.96it/s]
Loading pipeline components...:  17%|█▋        | 1/6 [00:00<00:01,  3.18it/s]Loading pipeline components...:  67%|██████▋   | 4/6 [00:00<00:00, 10.90it/s]Loading pipeline components...: 100%|██████████| 6/6 [00:00<00:00, 13.23it/s]Loading pipeline components...: 100%|██████████| 6/6 [00:00<00:00, 11.05it/s]
There are modules in UNet2DConditionModel that should be kept in float32: []. Casting directly with `to()` can lead to inconsistent results; set `torch_dtype` in `from_pretrained()` instead to keep these modules in float32.
There are modules in AutoencoderKL that should be kept in float32: []. Casting directly with `to()` can lead to inconsistent results; set `torch_dtype` in `from_pretrained()` instead to keep these modules in float32.
/nfs/home/nelson0314/venvs/wacv/lib/python3.11/site-packages/torchvision/models/_utils.py:207: UserWarning: The parameter 'pretrained' is deprecated since 0.13 and may be removed in the future, please use 'weights' instead.
  warnings.warn(
/nfs/home/nelson0314/venvs/wacv/lib/python3.11/site-packages/torchvision/models/_utils.py:222: UserWarning: Arguments other than a weight enum or `None` for 'weights' are deprecated since 0.13 and may be removed in the future. The current behavior is equivalent to passing `weights=VGG16_Weights.IMAGENET1K_V1`. You can also use `weights=VGG16_Weights.DEFAULT` to get the most up-to-date weights.
  warnings.warn(msg)

########## bird_00 (bird) ##########
=== bird_00 / phase__d0.0434__gl4 ===
Warning: You are sending unauthenticated requests to the HF Hub. Please set a HF_TOKEN to enable higher rate limits and faster downloads.
Loading pretrained model NIMA from /nfs/home/nelson0314/.cache/torch/hub/pyiqa/NIMA_InceptionV2_ava-b0c77c00.pth
Loading pretrained model CNNIQA from /nfs/home/nelson0314/.cache/torch/hub/pyiqa/CNNIQA_koniq10k-e6f14c91.pth
Loading weights:   0%|          | 0/398 [00:00<?, ?it/s]Loading weights: 100%|██████████| 398/398 [00:00<00:00, 10061.74it/s]
Loading weights:   0%|          | 0/398 [00:00<?, ?it/s]Loading weights: 100%|██████████| 398/398 [00:00<00:00, 8715.10it/s]
[transformers] Model config: bos_token_id must be `None` or an integer within the vocabulary (between 0 and 31999), got 49406. This may result in unexpected behavior.
[transformers] Model config: eos_token_id must be `None` or an integer within the vocabulary (between 0 and 31999), got 49407. This may result in unexpected behavior.
Loading weights:   0%|          | 0/408 [00:00<?, ?it/s]Loading weights:  68%|██████▊   | 278/408 [00:00<00:00, 2777.83it/s]Loading weights: 100%|██████████| 408/408 [00:00<00:00, 2780.57it/s]
{'image': 'bird_00', 'condition': 'phase', 'prompt_index': 0, 'prompt': 'a butterfly', 'block': 32, 'r_min': 0.12, 'quantile': 0.5, 'target_image': 'data/targets/gray.png', 'budget_target': 0.0434, 'budget_mode': 'dists', 'budget_reached': 0.03262, 'unreachable': True, 'radius': 3.14159, 'total_seconds': 52.4, 'fid_lpips': 0.1615, 'fid_ssim': 0.9594, 'fid_dists': 0.0326, 'fid_psnr': 31.1326, 'fid_clip_img': 0.9958, 'fid_nima': 5.5271, 'fid_cnniqa': 0.7214, 'edit_lpips': 0.5751, 'edit_clip_orig': 0.2715, 'edit_clip_def': 0.2749, 'edit_clip_drop': -0.0033, 'edit_siglip_orig': 0.106, 'edit_siglip_def': 0.0839, 'edit_siglip_drop': 0.0221, 'amp_dev': 0.01106, 'active_fraction': 0.3902}

########## bird_01 (bird) ##########
=== bird_01 / phase__d0.0434__gl4 ===
{'image': 'bird_01', 'condition': 'phase', 'prompt_index': 0, 'prompt': 'a butterfly', 'block': 32, 'r_min': 0.12, 'quantile': 0.5, 'target_image': 'data/targets/gray.png', 'budget_target': 0.0434, 'budget_mode': 'dists', 'budget_reached': 0.04401, 'unreachable': False, 'radius': 1.49918, 'total_seconds': 105.7, 'fid_lpips': 0.1999, 'fid_ssim': 0.9557, 'fid_dists': 0.044, 'fid_psnr': 30.9217, 'fid_clip_img': 0.9958, 'fid_nima': 5.0275, 'fid_cnniqa': 0.7273, 'edit_lpips': 0.5643, 'edit_clip_orig': 0.2765, 'edit_clip_def': 0.3026, 'edit_clip_drop': -0.0261, 'edit_siglip_orig': 0.1118, 'edit_siglip_def': 0.0976, 'edit_siglip_drop': 0.0142, 'amp_dev': 0.01174, 'active_fraction': 0.5692}

########## bird_02 (bird) ##########
=== bird_02 / phase__d0.0434__gl4 ===
{'image': 'bird_02', 'condition': 'phase', 'prompt_index': 0, 'prompt': 'a butterfly', 'block': 32, 'r_min': 0.12, 'quantile': 0.5, 'target_image': 'data/targets/gray.png', 'budget_target': 0.0434, 'budget_mode': 'dists', 'budget_reached': 0.03853, 'unreachable': True, 'radius': 3.14159, 'total_seconds': 27.0, 'fid_lpips': 0.44, 'fid_ssim': 0.9092, 'fid_dists': 0.0385, 'fid_psnr': 30.4639, 'fid_clip_img': 0.997, 'fid_nima': 4.4017, 'fid_cnniqa': 0.6323, 'edit_lpips': 0.6416, 'edit_clip_orig': 0.2817, 'edit_clip_def': 0.2558, 'edit_clip_drop': 0.0258, 'edit_siglip_orig': 0.109, 'edit_siglip_def': 0.1097, 'edit_siglip_drop': -0.0006, 'amp_dev': 0.01456, 'active_fraction': 0.6916}

########## bird_03 (bird) ##########
=== bird_03 / phase__d0.0434__gl4 ===
{'image': 'bird_03', 'condition': 'phase', 'prompt_index': 0, 'prompt': 'a butterfly', 'block': 32, 'r_min': 0.12, 'quantile': 0.5, 'target_image': 'data/targets/gray.png', 'budget_target': 0.0434, 'budget_mode': 'dists', 'budget_reached': 0.01903, 'unreachable': True, 'radius': 3.14159, 'total_seconds': 27.0, 'fid_lpips': 0.1876, 'fid_ssim': 0.9549, 'fid_dists': 0.019, 'fid_psnr': 33.1397, 'fid_clip_img': 0.9982, 'fid_nima': 5.4951, 'fid_cnniqa': 0.7217, 'edit_lpips': 0.5505, 'edit_clip_orig': 0.2725, 'edit_clip_def': 0.3181, 'edit_clip_drop': -0.0456, 'edit_siglip_orig': 0.1038, 'edit_siglip_def': 0.108, 'edit_siglip_drop': -0.0042, 'amp_dev': 0.00902, 'active_fraction': 0.4617}

########## cat_00 (cat) ##########
=== cat_00 / phase__d0.0434__gl4 ===
{'image': 'cat_00', 'condition': 'phase', 'prompt_index': 0, 'prompt': 'a dog', 'block': 32, 'r_min': 0.12, 'quantile': 0.5, 'target_image': 'data/targets/gray.png', 'budget_target': 0.0434, 'budget_mode': 'dists', 'budget_reached': 0.04185, 'unreachable': False, 'radius': 2.75514, 'total_seconds': 74.9, 'fid_lpips': 0.2465, 'fid_ssim': 0.8831, 'fid_dists': 0.0418, 'fid_psnr': 21.6667, 'fid_clip_img': 0.989, 'fid_nima': 4.8805, 'fid_cnniqa': 0.7225, 'edit_lpips': 0.5465, 'edit_clip_orig': 0.2452, 'edit_clip_def': 0.2664, 'edit_clip_drop': -0.0212, 'edit_siglip_orig': 0.0621, 'edit_siglip_def': 0.0818, 'edit_siglip_drop': -0.0197, 'amp_dev': 0.03287, 'active_fraction': 0.5538}

########## cat_01 (cat) ##########
=== cat_01 / phase__d0.0434__gl4 ===
{'image': 'cat_01', 'condition': 'phase', 'prompt_index': 0, 'prompt': 'a dog', 'block': 32, 'r_min': 0.12, 'quantile': 0.5, 'target_image': 'data/targets/gray.png', 'budget_target': 0.0434, 'budget_mode': 'dists', 'budget_reached': 0.0311, 'unreachable': True, 'radius': 3.14159, 'total_seconds': 27.1, 'fid_lpips': 0.1616, 'fid_ssim': 0.9655, 'fid_dists': 0.0311, 'fid_psnr': 32.6444, 'fid_clip_img': 0.9869, 'fid_nima': 5.3175, 'fid_cnniqa': 0.7021, 'edit_lpips': 0.4422, 'edit_clip_orig': 0.2601, 'edit_clip_def': 0.2626, 'edit_clip_drop': -0.0025, 'edit_siglip_orig': 0.0917, 'edit_siglip_def': 0.0872, 'edit_siglip_drop': 0.0045, 'amp_dev': 0.0091, 'active_fraction': 0.4877}

########## cat_02 (cat) ##########
=== cat_02 / phase__d0.0434__gl4 ===
{'image': 'cat_02', 'condition': 'phase', 'prompt_index': 0, 'prompt': 'a dog', 'block': 32, 'r_min': 0.12, 'quantile': 0.5, 'target_image': 'data/targets/gray.png', 'budget_target': 0.0434, 'budget_mode': 'dists', 'budget_reached': 0.03718, 'unreachable': True, 'radius': 3.14159, 'total_seconds': 27.0, 'fid_lpips': 0.358, 'fid_ssim': 0.9186, 'fid_dists': 0.0372, 'fid_psnr': 28.7392, 'fid_clip_img': 0.9965, 'fid_nima': 4.6098, 'fid_cnniqa': 0.6709, 'edit_lpips': 0.5483, 'edit_clip_orig': 0.2521, 'edit_clip_def': 0.2499, 'edit_clip_drop': 0.0022, 'edit_siglip_orig': 0.0912, 'edit_siglip_def': 0.0908, 'edit_siglip_drop': 0.0004, 'amp_dev': 0.01648, 'active_fraction': 0.5549}

########## cat_03 (cat) ##########
=== cat_03 / phase__d0.0434__gl4 ===
{'image': 'cat_03', 'condition': 'phase', 'prompt_index': 0, 'prompt': 'a dog', 'block': 32, 'r_min': 0.12, 'quantile': 0.5, 'target_image': 'data/targets/gray.png', 'budget_target': 0.0434, 'budget_mode': 'dists', 'budget_reached': 0.04415, 'unreachable': False, 'radius': 1.98225, 'total_seconds': 75.0, 'fid_lpips': 0.2552, 'fid_ssim': 0.8947, 'fid_dists': 0.0442, 'fid_psnr': 22.9155, 'fid_clip_img': 0.9868, 'fid_nima': 5.0808, 'fid_cnniqa': 0.6881, 'edit_lpips': 0.5951, 'edit_clip_orig': 0.2622, 'edit_clip_def': 0.2799, 'edit_clip_drop': -0.0177, 'edit_siglip_orig': 0.0853, 'edit_siglip_def': 0.0871, 'edit_siglip_drop': -0.0019, 'amp_dev': 0.03485, 'active_fraction': 0.6238}

########## dog_00 (dog) ##########
=== dog_00 / phase__d0.0434__gl4 ===
{'image': 'dog_00', 'condition': 'phase', 'prompt_index': 0, 'prompt': 'a cat', 'block': 32, 'r_min': 0.12, 'quantile': 0.5, 'target_image': 'data/targets/gray.png', 'budget_target': 0.0434, 'budget_mode': 'dists', 'budget_reached': 0.02635, 'unreachable': True, 'radius': 3.14159, 'total_seconds': 27.1, 'fid_lpips': 0.2941, 'fid_ssim': 0.9309, 'fid_dists': 0.0264, 'fid_psnr': 30.7232, 'fid_clip_img': 0.9932, 'fid_nima': 4.687, 'fid_cnniqa': 0.7018, 'edit_lpips': 0.5251, 'edit_clip_orig': 0.2675, 'edit_clip_def': 0.2849, 'edit_clip_drop': -0.0174, 'edit_siglip_orig': 0.0695, 'edit_siglip_def': 0.0936, 'edit_siglip_drop': -0.024, 'amp_dev': 0.01295, 'active_fraction': 0.5002}

########## dog_01 (dog) ##########
=== dog_01 / phase__d0.0434__gl4 ===
{'image': 'dog_01', 'condition': 'phase', 'prompt_index': 0, 'prompt': 'a cat', 'block': 32, 'r_min': 0.12, 'quantile': 0.5, 'target_image': 'data/targets/gray.png', 'budget_target': 0.0434, 'budget_mode': 'dists', 'budget_reached': 0.02182, 'unreachable': True, 'radius': 3.14159, 'total_seconds': 27.2, 'fid_lpips': 0.2036, 'fid_ssim': 0.9537, 'fid_dists': 0.0218, 'fid_psnr': 32.8528, 'fid_clip_img': 0.9961, 'fid_nima': 5.5547, 'fid_cnniqa': 0.6531, 'edit_lpips': 0.3234, 'edit_clip_orig': 0.2742, 'edit_clip_def': 0.2765, 'edit_clip_drop': -0.0023, 'edit_siglip_orig': 0.0908, 'edit_siglip_def': 0.0967, 'edit_siglip_drop': -0.006, 'amp_dev': 0.01151, 'active_fraction': 0.4066}

########## dog_02 (dog) ##########
=== dog_02 / phase__d0.0434__gl4 ===
{'image': 'dog_02', 'condition': 'phase', 'prompt_index': 0, 'prompt': 'a cat', 'block': 32, 'r_min': 0.12, 'quantile': 0.5, 'target_image': 'data/targets/gray.png', 'budget_target': 0.0434, 'budget_mode': 'dists', 'budget_reached': 0.03655, 'unreachable': True, 'radius': 3.14159, 'total_seconds': 27.1, 'fid_lpips': 0.2172, 'fid_ssim': 0.8814, 'fid_dists': 0.0366, 'fid_psnr': 22.7756, 'fid_clip_img': 0.9901, 'fid_nima': 5.0997, 'fid_cnniqa': 0.7119, 'edit_lpips': 0.3456, 'edit_clip_orig': 0.2628, 'edit_clip_def': 0.2619, 'edit_clip_drop': 0.0008, 'edit_siglip_orig': 0.0796, 'edit_siglip_def': 0.0802, 'edit_siglip_drop': -0.0006, 'amp_dev': 0.03189, 'active_fraction': 0.6177}

########## dog_03 (dog) ##########
=== dog_03 / phase__d0.0434__gl4 ===
{'image': 'dog_03', 'condition': 'phase', 'prompt_index': 0, 'prompt': 'a cat', 'block': 32, 'r_min': 0.12, 'quantile': 0.5, 'target_image': 'data/targets/gray.png', 'budget_target': 0.0434, 'budget_mode': 'dists', 'budget_reached': 0.03068, 'unreachable': True, 'radius': 3.14159, 'total_seconds': 27.1, 'fid_lpips': 0.2282, 'fid_ssim': 0.9315, 'fid_dists': 0.0307, 'fid_psnr': 28.575, 'fid_clip_img': 0.9963, 'fid_nima': 5.1654, 'fid_cnniqa': 0.6876, 'edit_lpips': 0.5281, 'edit_clip_orig': 0.2573, 'edit_clip_def': 0.2744, 'edit_clip_drop': -0.017, 'edit_siglip_orig': 0.0807, 'edit_siglip_def': 0.0894, 'edit_siglip_drop': -0.0086, 'amp_dev': 0.01412, 'active_fraction': 0.4764}

########## horse_00 (horse) ##########
=== horse_00 / phase__d0.0434__gl4 ===
{'image': 'horse_00', 'condition': 'phase', 'prompt_index': 0, 'prompt': 'a zebra', 'block': 32, 'r_min': 0.12, 'quantile': 0.5, 'target_image': 'data/targets/gray.png', 'budget_target': 0.0434, 'budget_mode': 'dists', 'budget_reached': 0.04379, 'unreachable': False, 'radius': 2.75514, 'total_seconds': 75.0, 'fid_lpips': 0.231, 'fid_ssim': 0.9242, 'fid_dists': 0.0438, 'fid_psnr': 31.0911, 'fid_clip_img': 0.9936, 'fid_nima': 5.9201, 'fid_cnniqa': 0.6863, 'edit_lpips': 0.4282, 'edit_clip_orig': 0.306, 'edit_clip_def': 0.3209, 'edit_clip_drop': -0.0149, 'edit_siglip_orig': 0.119, 'edit_siglip_def': 0.1174, 'edit_siglip_drop': 0.0016, 'amp_dev': 0.01155, 'active_fraction': 0.4655}

########## horse_01 (horse) ##########
=== horse_01 / phase__d0.0434__gl4 ===
{'image': 'horse_01', 'condition': 'phase', 'prompt_index': 0, 'prompt': 'a zebra', 'block': 32, 'r_min': 0.12, 'quantile': 0.5, 'target_image': 'data/targets/gray.png', 'budget_target': 0.0434, 'budget_mode': 'dists', 'budget_reached': 0.04492, 'unreachable': False, 'radius': 1.93394, 'total_seconds': 123.0, 'fid_lpips': 0.2963, 'fid_ssim': 0.9036, 'fid_dists': 0.0449, 'fid_psnr': 24.3296, 'fid_clip_img': 0.9948, 'fid_nima': 4.9435, 'fid_cnniqa': 0.6911, 'edit_lpips': 0.4676, 'edit_clip_orig': 0.323, 'edit_clip_def': 0.33, 'edit_clip_drop': -0.007, 'edit_siglip_orig': 0.1175, 'edit_siglip_def': 0.1212, 'edit_siglip_drop': -0.0037, 'amp_dev': 0.02535, 'active_fraction': 0.6331}

########## horse_02 (horse) ##########
=== horse_02 / phase__d0.0434__gl4 ===
{'image': 'horse_02', 'condition': 'phase', 'prompt_index': 0, 'prompt': 'a zebra', 'block': 32, 'r_min': 0.12, 'quantile': 0.5, 'target_image': 'data/targets/gray.png', 'budget_target': 0.0434, 'budget_mode': 'dists', 'budget_reached': 0.04237, 'unreachable': False, 'radius': 2.99667, 'total_seconds': 123.4, 'fid_lpips': 0.3465, 'fid_ssim': 0.8593, 'fid_dists': 0.0424, 'fid_psnr': 24.2753, 'fid_clip_img': 0.9945, 'fid_nima': 6.0384, 'fid_cnniqa': 0.7285, 'edit_lpips': 0.4864, 'edit_clip_orig': 0.3079, 'edit_clip_def': 0.2949, 'edit_clip_drop': 0.013, 'edit_siglip_orig': 0.1074, 'edit_siglip_def': 0.0996, 'edit_siglip_drop': 0.0077, 'amp_dev': 0.03549, 'active_fraction': 0.5906}

########## horse_03 (horse) ##########
=== horse_03 / phase__d0.0434__gl4 ===
{'image': 'horse_03', 'condition': 'phase', 'prompt_index': 0, 'prompt': 'a zebra', 'block': 32, 'r_min': 0.12, 'quantile': 0.5, 'target_image': 'data/targets/gray.png', 'budget_target': 0.0434, 'budget_mode': 'dists', 'budget_reached': 0.03952, 'unreachable': True, 'radius': 3.14159, 'total_seconds': 27.2, 'fid_lpips': 0.2486, 'fid_ssim': 0.9227, 'fid_dists': 0.0395, 'fid_psnr': 28.3742, 'fid_clip_img': 0.9979, 'fid_nima': 5.114, 'fid_cnniqa': 0.7252, 'edit_lpips': 0.4599, 'edit_clip_orig': 0.3151, 'edit_clip_def': 0.3164, 'edit_clip_drop': -0.0014, 'edit_siglip_orig': 0.1182, 'edit_siglip_def': 0.1126, 'edit_siglip_drop': 0.0056, 'amp_dev': 0.0156, 'active_fraction': 0.4573}

########## man_00 (man) ##########
=== man_00 / phase__d0.0434__gl4 ===
{'image': 'man_00', 'condition': 'phase', 'prompt_index': 0, 'prompt': 'an old woman', 'block': 32, 'r_min': 0.12, 'quantile': 0.5, 'target_image': 'data/targets/gray.png', 'budget_target': 0.0434, 'budget_mode': 'dists', 'budget_reached': 0.02138, 'unreachable': True, 'radius': 3.14159, 'total_seconds': 27.2, 'fid_lpips': 0.1077, 'fid_ssim': 0.985, 'fid_dists': 0.0214, 'fid_psnr': 38.059, 'fid_clip_img': 0.9987, 'fid_nima': 4.5946, 'fid_cnniqa': 0.6799, 'edit_lpips': 0.3188, 'edit_clip_orig': 0.2819, 'edit_clip_def': 0.3016, 'edit_clip_drop': -0.0197, 'edit_siglip_orig': 0.1079, 'edit_siglip_def': 0.1206, 'edit_siglip_drop': -0.0127, 'amp_dev': 0.00431, 'active_fraction': 0.279}

########## man_01 (man) ##########
=== man_01 / phase__d0.0434__gl4 ===
{'image': 'man_01', 'condition': 'phase', 'prompt_index': 0, 'prompt': 'an old woman', 'block': 32, 'r_min': 0.12, 'quantile': 0.5, 'target_image': 'data/targets/gray.png', 'budget_target': 0.0434, 'budget_mode': 'dists', 'budget_reached': 0.04509, 'unreachable': False, 'radius': 2.36869, 'total_seconds': 59.5, 'fid_lpips': 0.2435, 'fid_ssim': 0.9102, 'fid_dists': 0.0451, 'fid_psnr': 24.3025, 'fid_clip_img': 0.9915, 'fid_nima': 4.9772, 'fid_cnniqa': 0.6719, 'edit_lpips': 0.3987, 'edit_clip_orig': 0.2814, 'edit_clip_def': 0.2785, 'edit_clip_drop': 0.0029, 'edit_siglip_orig': 0.1091, 'edit_siglip_def': 0.1179, 'edit_siglip_drop': -0.0088, 'amp_dev': 0.03402, 'active_fraction': 0.5691}

########## man_02 (man) ##########
=== man_02 / phase__d0.0434__gl4 ===
{'image': 'man_02', 'condition': 'phase', 'prompt_index': 0, 'prompt': 'an old woman', 'block': 32, 'r_min': 0.12, 'quantile': 0.5, 'target_image': 'data/targets/gray.png', 'budget_target': 0.0434, 'budget_mode': 'dists', 'budget_reached': 0.0439, 'unreachable': False, 'radius': 2.75514, 'total_seconds': 75.6, 'fid_lpips': 0.2051, 'fid_ssim': 0.8874, 'fid_dists': 0.0439, 'fid_psnr': 20.1916, 'fid_clip_img': 0.9955, 'fid_nima': 5.1711, 'fid_cnniqa': 0.6804, 'edit_lpips': 0.375, 'edit_clip_orig': 0.2748, 'edit_clip_def': 0.2913, 'edit_clip_drop': -0.0165, 'edit_siglip_orig': 0.1256, 'edit_siglip_def': 0.1305, 'edit_siglip_drop': -0.0049, 'amp_dev': 0.03131, 'active_fraction': 0.468}

########## man_03 (man) ##########
=== man_03 / phase__d0.0434__gl4 ===
{'image': 'man_03', 'condition': 'phase', 'prompt_index': 0, 'prompt': 'an old woman', 'block': 32, 'r_min': 0.12, 'quantile': 0.5, 'target_image': 'data/targets/gray.png', 'budget_target': 0.0434, 'budget_mode': 'dists', 'budget_reached': 0.04478, 'unreachable': False, 'radius': 2.75514, 'total_seconds': 75.6, 'fid_lpips': 0.3729, 'fid_ssim': 0.8438, 'fid_dists': 0.0448, 'fid_psnr': 23.8666, 'fid_clip_img': 0.9934, 'fid_nima': 5.6115, 'fid_cnniqa': 0.6998, 'edit_lpips': 0.5313, 'edit_clip_orig': 0.2729, 'edit_clip_def': 0.2837, 'edit_clip_drop': -0.0109, 'edit_siglip_orig': 0.101, 'edit_siglip_def': 0.099, 'edit_siglip_drop': 0.002, 'amp_dev': 0.02849, 'active_fraction': 0.6829}

########## woman_00 (woman) ##########
=== woman_00 / phase__d0.0434__gl4 ===
{'image': 'woman_00', 'condition': 'phase', 'prompt_index': 0, 'prompt': 'a man', 'block': 32, 'r_min': 0.12, 'quantile': 0.5, 'target_image': 'data/targets/gray.png', 'budget_target': 0.0434, 'budget_mode': 'dists', 'budget_reached': 0.04287, 'unreachable': False, 'radius': 2.36869, 'total_seconds': 59.5, 'fid_lpips': 0.1774, 'fid_ssim': 0.9467, 'fid_dists': 0.0429, 'fid_psnr': 28.7938, 'fid_clip_img': 0.9967, 'fid_nima': 4.762, 'fid_cnniqa': 0.5134, 'edit_lpips': 0.4122, 'edit_clip_orig': 0.237, 'edit_clip_def': 0.2354, 'edit_clip_drop': 0.0016, 'edit_siglip_orig': 0.0488, 'edit_siglip_def': 0.06, 'edit_siglip_drop': -0.0112, 'amp_dev': 0.01822, 'active_fraction': 0.4544}

########## woman_01 (woman) ##########
=== woman_01 / phase__d0.0434__gl4 ===
{'image': 'woman_01', 'condition': 'phase', 'prompt_index': 0, 'prompt': 'a man', 'block': 32, 'r_min': 0.12, 'quantile': 0.5, 'target_image': 'data/targets/gray.png', 'budget_target': 0.0434, 'budget_mode': 'dists', 'budget_reached': 0.02314, 'unreachable': True, 'radius': 3.14159, 'total_seconds': 27.3, 'fid_lpips': 0.1262, 'fid_ssim': 0.9834, 'fid_dists': 0.0231, 'fid_psnr': 39.2695, 'fid_clip_img': 0.9989, 'fid_nima': 3.4545, 'fid_cnniqa': 0.3218, 'edit_lpips': 0.3304, 'edit_clip_orig': 0.208, 'edit_clip_def': 0.2225, 'edit_clip_drop': -0.0145, 'edit_siglip_orig': 0.0388, 'edit_siglip_def': 0.0314, 'edit_siglip_drop': 0.0074, 'amp_dev': 0.00342, 'active_fraction': 0.3817}

########## woman_02 (woman) ##########
=== woman_02 / phase__d0.0434__gl4 ===
