Warning: You are sending unauthenticated requests to the HF Hub. Please set a HF_TOKEN to enable higher rate limits and faster downloads.
Loading pipeline components...:   0%|          | 0/6 [00:00<?, ?it/s]
Loading weights:   0%|          | 0/196 [00:00<?, ?it/s][ALoading weights: 100%|██████████| 196/196 [00:00<00:00, 3746.31it/s]
Loading pipeline components...:  50%|█████     | 3/6 [00:00<00:00, 14.26it/s]Loading pipeline components...:  83%|████████▎ | 5/6 [00:00<00:00, 11.76it/s]Loading pipeline components...: 100%|██████████| 6/6 [00:00<00:00, 14.53it/s]
There are modules in AutoencoderKL that should be kept in float32: []. Casting directly with `to()` can lead to inconsistent results; set `torch_dtype` in `from_pretrained()` instead to keep these modules in float32.
/nfs/home/nelson0314/venvs/wacv/lib/python3.11/site-packages/torchvision/models/_utils.py:207: UserWarning: The parameter 'pretrained' is deprecated since 0.13 and may be removed in the future, please use 'weights' instead.
  warnings.warn(
/nfs/home/nelson0314/venvs/wacv/lib/python3.11/site-packages/torchvision/models/_utils.py:222: UserWarning: Arguments other than a weight enum or `None` for 'weights' are deprecated since 0.13 and may be removed in the future. The current behavior is equivalent to passing `weights=VGG16_Weights.IMAGENET1K_V1`. You can also use `weights=VGG16_Weights.DEFAULT` to get the most up-to-date weights.
  warnings.warn(msg)
IP2P 線：25 張、條件 ['dct_shield']、steps=100 s_T=7.5 s_I=1.5 seed=20260812
/nfs/home/nelson0314/venvs/wacv/lib/python3.11/site-packages/diffusers/image_processor.py:724: FutureWarning: Passing `image` as torch tensor with value range in [-1,1] is deprecated. The expected value range for image tensor is [0,1] when passing as pytorch tensor or numpy Array. You passed `image` with value range [-1.0,1.0]
  warnings.warn(
    [dct_shield] step    0 loss 107.0090
    [dct_shield] step   24 loss 70.7311
task_attr_mod_color_11699        dct_shield     r=1.0000 dists=0.0310 lpips=0.3909 effect=0.3561 (26s)
    [dct_shield] step    0 loss 133.6177
    [dct_shield] step   24 loss 81.7670
task_attr_mod_color_136767       dct_shield     r=1.0000 dists=0.0353 lpips=0.3635 effect=0.4232 (26s)
    [dct_shield] step    0 loss 105.4397
    [dct_shield] step   24 loss 73.3780
task_attr_mod_color_184837       dct_shield     r=1.0000 dists=0.0228 lpips=0.2849 effect=0.3614 (26s)
    [dct_shield] step    0 loss 168.6569
    [dct_shield] step   24 loss 85.6264
task_attr_mod_color_32648        dct_shield     r=1.0000 dists=0.0652 lpips=0.5232 effect=0.3802 (26s)
    [dct_shield] step    0 loss 111.1863
    [dct_shield] step   24 loss 66.6987
task_attr_mod_color_6205         dct_shield     r=1.0000 dists=0.0393 lpips=0.4299 effect=0.4861 (26s)
    [dct_shield] step    0 loss 121.9079
    [dct_shield] step   24 loss 68.4304
task_env_weather_112463          dct_shield     r=1.0000 dists=0.0163 lpips=0.5164 effect=0.3981 (26s)
    [dct_shield] step    0 loss 102.9163
    [dct_shield] step   24 loss 54.9302
task_env_weather_133752          dct_shield     r=1.0000 dists=0.0371 lpips=0.4904 effect=0.4316 (26s)
    [dct_shield] step    0 loss 112.5153
    [dct_shield] step   24 loss 59.7302
task_env_weather_181583          dct_shield     r=1.0000 dists=0.0157 lpips=0.4711 effect=0.6438 (26s)
    [dct_shield] step    0 loss 116.5259
    [dct_shield] step   24 loss 88.1259
task_env_weather_246440          dct_shield     r=1.0000 dists=0.0125 lpips=0.2278 effect=0.4403 (26s)
    [dct_shield] step    0 loss 93.5997
    [dct_shield] step   24 loss 59.4159
task_env_weather_63722           dct_shield     r=1.0000 dists=0.0258 lpips=0.3788 effect=0.3845 (26s)
    [dct_shield] step    0 loss 102.4472
    [dct_shield] step   24 loss 67.6522
task_obj_add_13726               dct_shield     r=1.0000 dists=0.0252 lpips=0.3272 effect=0.4081 (26s)
    [dct_shield] step    0 loss 109.8364
    [dct_shield] step   24 loss 68.3014
task_obj_add_340466              dct_shield     r=1.0000 dists=0.0477 lpips=0.4236 effect=0.4473 (26s)
    [dct_shield] step    0 loss 115.2241
    [dct_shield] step   24 loss 74.5741
task_obj_add_40931               dct_shield     r=1.0000 dists=0.0331 lpips=0.3779 effect=0.4066 (26s)
    [dct_shield] step    0 loss 116.3667
    [dct_shield] step   24 loss 57.0861
task_obj_add_581286              dct_shield     r=1.0000 dists=0.0382 lpips=0.5232 effect=0.3795 (26s)
    [dct_shield] step    0 loss 115.2812
    [dct_shield] step   24 loss 78.6144
task_obj_add_692065              dct_shield     r=1.0000 dists=0.0107 lpips=0.3159 effect=0.3032 (26s)
    [dct_shield] step    0 loss 92.4249
    [dct_shield] step   24 loss 64.1667
task_obj_remove_10197            dct_shield     r=1.0000 dists=0.0196 lpips=0.3124 effect=0.4879 (26s)
    [dct_shield] step    0 loss 109.7397
    [dct_shield] step   24 loss 66.2330
task_obj_remove_257910           dct_shield     r=1.0000 dists=0.0277 lpips=0.4581 effect=0.5082 (26s)
    [dct_shield] step    0 loss 104.5586
    [dct_shield] step   24 loss 62.5305
task_obj_remove_380621           dct_shield     r=1.0000 dists=0.0420 lpips=0.4480 effect=0.4512 (26s)
    [dct_shield] step    0 loss 106.7685
    [dct_shield] step   24 loss 76.7459
task_obj_remove_509477           dct_shield     r=1.0000 dists=0.0146 lpips=0.3096 effect=0.3250 (26s)
    [dct_shield] step    0 loss 113.4795
    [dct_shield] step   24 loss 53.5983
task_obj_remove_657585           dct_shield     r=1.0000 dists=0.0442 lpips=0.5587 effect=0.7263 (26s)
    [dct_shield] step    0 loss 137.4309
    [dct_shield] step   24 loss 88.7755
task_obj_swap_joint_mask_276754  dct_shield     r=1.0000 dists=0.0533 lpips=0.3720 effect=0.5689 (26s)
    [dct_shield] step    0 loss 108.9757
    [dct_shield] step   24 loss 74.9112
task_obj_swap_joint_mask_533428  dct_shield     r=1.0000 dists=0.0203 lpips=0.3393 effect=0.4888 (26s)
/nfs/home/nelson0314/venvs/wacv/lib/python3.11/site-packages/diffusers/image_processor.py:724: FutureWarning: Passing `image` as torch tensor with value range in [-1,1] is deprecated. The expected value range for image tensor is [0,1] when passing as pytorch tensor or numpy Array. You passed `image` with value range [-0.9686274528503418,1.0]
  warnings.warn(
    [dct_shield] step    0 loss 140.8523
    [dct_shield] step   24 loss 81.9342
task_obj_swap_joint_mask_75733   dct_shield     r=1.0000 dists=0.0322 lpips=0.4812 effect=0.4529 (26s)
    [dct_shield] step    0 loss 131.1158
    [dct_shield] step   24 loss 90.4953
task_obj_swap_rand_mask_298147   dct_shield     r=1.0000 dists=0.0303 lpips=0.3538 effect=0.4655 (26s)
    [dct_shield] step    0 loss 123.0653
    [dct_shield] step   24 loss 77.2717
task_obj_swap_rand_mask_417469   dct_shield     r=1.0000 dists=0.0236 lpips=0.4003 effect=0.4434 (26s)

表：runs/ip2p_dct_shield_y/base_s025/results.csv（25 列）
