[launch] profile=s3t20 gpu=6 out=/nfs/home/nelson0314/wacv_runs/faA_s3t20_woman_03 images=woman_03
[env] 載入 SDWrapper(CompVis/stable-diffusion-v1-4) dtype=torch.float32
Warning: You are sending unauthenticated requests to the HF Hub. Please set a HF_TOKEN to enable higher rate limits and faster downloads.
Loading pipeline components...:   0%|          | 0/6 [00:00<?, ?it/s]Loading pipeline components...:  33%|███▎      | 2/6 [00:00<00:00, 10.80it/s]
Loading weights:   0%|          | 0/196 [00:00<?, ?it/s][ALoading weights: 100%|██████████| 196/196 [00:00<00:00, 2926.73it/s]
Loading pipeline components...:  83%|████████▎ | 5/6 [00:00<00:00, 13.31it/s]Loading pipeline components...: 100%|██████████| 6/6 [00:00<00:00, 12.90it/s]
There are modules in UNet2DConditionModel that should be kept in float32: []. Casting directly with `to()` can lead to inconsistent results; set `torch_dtype` in `from_pretrained()` instead to keep these modules in float32.
There are modules in AutoencoderKL that should be kept in float32: []. Casting directly with `to()` can lead to inconsistent results; set `torch_dtype` in `from_pretrained()` instead to keep these modules in float32.
/nfs/home/nelson0314/venvs/wacv/lib/python3.11/site-packages/torchvision/models/_utils.py:207: UserWarning: The parameter 'pretrained' is deprecated since 0.13 and may be removed in the future, please use 'weights' instead.
  warnings.warn(
/nfs/home/nelson0314/venvs/wacv/lib/python3.11/site-packages/torchvision/models/_utils.py:222: UserWarning: Arguments other than a weight enum or `None` for 'weights' are deprecated since 0.13 and may be removed in the future. The current behavior is equivalent to passing `weights=VGG16_Weights.IMAGENET1K_V1`. You can also use `weights=VGG16_Weights.DEFAULT` to get the most up-to-date weights.
  warnings.warn(msg)
[env] 影像 1 張：['woman_03']
[A2] 可微調參數 95 組共 35715 個（解碼器全參數 49490179）
[woman_03] 舊下限 VAE 來回 LPIPS 0.0878  DISTS 0.0352  PSNR 30.49 dB  銳利度比 0.9859
[woman_03] 舊下限 生成路徑 LPIPS 0.0878  DISTS 0.0352  PSNR 30.49 dB  銳利度比 0.9859  兩者 LPIPS 差 7.45e-09
[woman_03] A2 目標 lpips≤0.0439  銳利度帶 |1−r|≤0.0500
  [A1] step    0  loss=0.09618  lpips=0.0878  dists=0.0352  psnr=30.4950  acutance_ratio=0.9859
  [A1] step   20  loss=0.05637  lpips=0.0499  dists=0.0322  psnr=31.1408  acutance_ratio=0.9167
  [A1] step   40  loss=0.05071  lpips=0.0446  dists=0.0285  psnr=31.4507  acutance_ratio=0.8857
  [A1] step   60  loss=0.04863  lpips=0.0426  dists=0.0275  psnr=31.5439  acutance_ratio=0.8780
  [A1] step   80  loss=0.04772  lpips=0.0417  dists=0.0274  psnr=31.5786  acutance_ratio=0.8737
  [A1] step  100  loss=0.04719  lpips=0.0412  dists=0.0276  psnr=31.5921  acutance_ratio=0.8717
  [A1] step  120  loss=0.04686  lpips=0.0409  dists=0.0283  psnr=31.6034  acutance_ratio=0.8718
  [A1] step  140  loss=0.04664  lpips=0.0407  dists=0.0281  psnr=31.6302  acutance_ratio=0.8669
  [A1] step  160  loss=0.04641  lpips=0.0404  dists=0.0279  psnr=31.6521  acutance_ratio=0.8643
  [A1] step  180  loss=0.04621  lpips=0.0403  dists=0.0281  psnr=31.6661  acutance_ratio=0.8627
  [A1] step  200  loss=0.04613  lpips=0.0402  dists=0.0286  psnr=31.6762  acutance_ratio=0.8627
  [A1] step    0  loss=0.09618  lpips=0.0878  dists=0.0352  psnr=30.4950  acutance_ratio=0.9859
  [A1] step   20  loss=0.06338  lpips=0.0565  dists=0.0314  psnr=30.9142  acutance_ratio=0.9744
  [A1] step   40  loss=0.05730  lpips=0.0507  dists=0.0326  psnr=30.9226  acutance_ratio=1.0161
  [A1] step   60  loss=0.05391  lpips=0.0475  dists=0.0331  psnr=31.0771  acutance_ratio=0.9931
  [A1] step   80  loss=0.05229  lpips=0.0460  dists=0.0331  psnr=31.1770  acutance_ratio=0.9787
  [A1] step  100  loss=0.05129  lpips=0.0451  dists=0.0332  psnr=31.2406  acutance_ratio=0.9687
  [A1] step  120  loss=0.05057  lpips=0.0444  dists=0.0333  psnr=31.2851  acutance_ratio=0.9608
  [A1] step  140  loss=0.05003  lpips=0.0439  dists=0.0329  psnr=31.3229  acutance_ratio=0.9539
  [A1] step  160  loss=0.05124  lpips=0.0450  dists=0.0324  psnr=31.2561  acutance_ratio=0.9886
  [A1] step  180  loss=0.05104  lpips=0.0448  dists=0.0336  psnr=31.2060  acutance_ratio=1.0057
  [A1] step  200  loss=0.05724  lpips=0.0443  dists=0.0352  psnr=31.0773  acutance_ratio=1.0566  [不可行]
  [A2] step    0  loss=0.05003  lpips=0.0439  dists=0.0329  psnr=31.3229  acutance_ratio=0.9539
  [A2] 第 0 步達到目標 lpips≤0.0439（0.0439），停止
[woman_03] A1 無約束 LPIPS 0.0402  DISTS 0.0286  PSNR 31.68 dB  銳利度比 0.8627
[woman_03] A1 LPIPS 0.0439  DISTS 0.0329  PSNR 31.32 dB  銳利度比 0.9539
[woman_03] A2 LPIPS 0.0439  DISTS 0.0329  PSNR 31.32 dB  銳利度比 0.9539
[woman_03] latent 反應 DISTS 0.0213 → 0.0213（比 1.000）

表：/nfs/home/nelson0314/wacv_runs/faA_s3t20_woman_03/floor_ab.csv
比對頁：/nfs/home/nelson0314/wacv_runs/faA_s3t20_woman_03/compare.html
