[launch] profile=ip20 gpu=6 out=/nfs/home/nelson0314/wacv_runs/faA_ip20_bird_03 images=bird_03
[env] 載入 SDInpaintWrapper(runwayml/stable-diffusion-inpainting) dtype=torch.float32
Warning: You are sending unauthenticated requests to the HF Hub. Please set a HF_TOKEN to enable higher rate limits and faster downloads.
Loading pipeline components...:   0%|          | 0/6 [00:00<?, ?it/s]An error occurred while trying to fetch /var/cache/huggingface/hub/models--runwayml--stable-diffusion-inpainting/snapshots/8a4288a76071f7280aedbdb3253bdb9e9d5d84bb/vae: Error no file named diffusion_pytorch_model.safetensors found in directory /var/cache/huggingface/hub/models--runwayml--stable-diffusion-inpainting/snapshots/8a4288a76071f7280aedbdb3253bdb9e9d5d84bb/vae.
Defaulting to unsafe serialization. Pass `allow_pickle=False` to raise an error instead.
Loading pipeline components...:  33%|███▎      | 2/6 [00:00<00:00, 18.75it/s]An error occurred while trying to fetch /var/cache/huggingface/hub/models--runwayml--stable-diffusion-inpainting/snapshots/8a4288a76071f7280aedbdb3253bdb9e9d5d84bb/unet: Error no file named diffusion_pytorch_model.safetensors found in directory /var/cache/huggingface/hub/models--runwayml--stable-diffusion-inpainting/snapshots/8a4288a76071f7280aedbdb3253bdb9e9d5d84bb/unet.
Defaulting to unsafe serialization. Pass `allow_pickle=False` to raise an error instead.

Loading weights:   0%|          | 0/196 [00:00<?, ?it/s][ALoading weights: 100%|██████████| 196/196 [00:00<00:00, 10822.87it/s]
Loading pipeline components...:  67%|██████▋   | 4/6 [00:00<00:00,  9.40it/s]Loading pipeline components...: 100%|██████████| 6/6 [00:00<00:00, 12.87it/s]
There are modules in UNet2DConditionModel that should be kept in float32: []. Casting directly with `to()` can lead to inconsistent results; set `torch_dtype` in `from_pretrained()` instead to keep these modules in float32.
There are modules in AutoencoderKL that should be kept in float32: []. Casting directly with `to()` can lead to inconsistent results; set `torch_dtype` in `from_pretrained()` instead to keep these modules in float32.
/nfs/home/nelson0314/venvs/wacv/lib/python3.11/site-packages/torchvision/models/_utils.py:207: UserWarning: The parameter 'pretrained' is deprecated since 0.13 and may be removed in the future, please use 'weights' instead.
  warnings.warn(
/nfs/home/nelson0314/venvs/wacv/lib/python3.11/site-packages/torchvision/models/_utils.py:222: UserWarning: Arguments other than a weight enum or `None` for 'weights' are deprecated since 0.13 and may be removed in the future. The current behavior is equivalent to passing `weights=VGG16_Weights.IMAGENET1K_V1`. You can also use `weights=VGG16_Weights.DEFAULT` to get the most up-to-date weights.
  warnings.warn(msg)
[env] 影像 1 張：['bird_03']
  [mask] bird_03 c_a='bird'（須在遮罩外） 涵蓋率=0.691  ← data/lo_masks/bird_03.png
[A2] 可微調參數 95 組共 35715 個（解碼器全參數 49490179）
[bird_03] 舊下限 VAE 來回 LPIPS 0.1146  DISTS 0.0268  PSNR 31.77 dB  銳利度比 0.9593
[bird_03] 舊下限 生成路徑 LPIPS 0.1146  DISTS 0.0268  PSNR 31.77 dB  銳利度比 0.9593  兩者 LPIPS 差 2.98e-08
[bird_03] A2 目標 lpips≤0.0573  銳利度帶 |1−r|≤0.0500
  [A1] step    0  loss=0.12205  lpips=0.1146  dists=0.0268  psnr=31.7653  acutance_ratio=0.9593
  [A1] step   20  loss=0.07817  lpips=0.0715  dists=0.0244  psnr=32.1897  acutance_ratio=0.9169
  [A1] step   40  loss=0.07166  lpips=0.0652  dists=0.0232  psnr=32.5621  acutance_ratio=0.8727
  [A1] step   60  loss=0.06932  lpips=0.0630  dists=0.0244  psnr=32.6983  acutance_ratio=0.8698
  [A1] step   80  loss=0.06826  lpips=0.0620  dists=0.0244  psnr=32.7457  acutance_ratio=0.8673
  [A1] step  100  loss=0.06766  lpips=0.0614  dists=0.0243  psnr=32.7755  acutance_ratio=0.8643
  [A1] step  120  loss=0.06731  lpips=0.0611  dists=0.0245  psnr=32.8070  acutance_ratio=0.8604
  [A1] step  140  loss=0.06703  lpips=0.0608  dists=0.0240  psnr=32.8237  acutance_ratio=0.8609
  [A1] step  160  loss=0.06686  lpips=0.0606  dists=0.0242  psnr=32.8380  acutance_ratio=0.8603
  [A1] step  180  loss=0.06667  lpips=0.0604  dists=0.0242  psnr=32.8457  acutance_ratio=0.8605
  [A1] step  200  loss=0.06657  lpips=0.0603  dists=0.0246  psnr=32.8385  acutance_ratio=0.8607
  [A1] step    0  loss=0.12205  lpips=0.1146  dists=0.0268  psnr=31.7653  acutance_ratio=0.9593
  [A1] step   20  loss=0.08053  lpips=0.0737  dists=0.0255  psnr=31.9424  acutance_ratio=0.9635
  [A1] step   40  loss=0.07580  lpips=0.0690  dists=0.0258  psnr=31.9582  acutance_ratio=1.0139
  [A1] step   60  loss=0.07357  lpips=0.0669  dists=0.0256  psnr=32.0589  acutance_ratio=1.0022
  [A1] step   80  loss=0.07272  lpips=0.0661  dists=0.0248  psnr=32.2003  acutance_ratio=0.9663
  [A1] step  100  loss=0.07093  lpips=0.0643  dists=0.0247  psnr=32.0700  acutance_ratio=1.0247
  [A1] step  120  loss=0.07002  lpips=0.0635  dists=0.0242  psnr=32.1611  acutance_ratio=1.0107
  [A1] step  140  loss=0.06952  lpips=0.0630  dists=0.0240  psnr=32.2384  acutance_ratio=0.9950
  [A1] step  160  loss=0.06917  lpips=0.0627  dists=0.0239  psnr=32.3031  acutance_ratio=0.9817
  [A1] step  180  loss=0.06891  lpips=0.0625  dists=0.0237  psnr=32.3529  acutance_ratio=0.9705
  [A1] step  200  loss=0.06868  lpips=0.0623  dists=0.0236  psnr=32.3955  acutance_ratio=0.9608
  [A2] step    0  loss=0.06868  lpips=0.0623  dists=0.0236  psnr=32.3955  acutance_ratio=0.9608
  [A2] step   10  loss=0.06897  lpips=0.0626  dists=0.0246  psnr=32.4479  acutance_ratio=0.9694
  [A2] step   20  loss=0.06855  lpips=0.0622  dists=0.0243  psnr=32.4350  acutance_ratio=0.9779
  [A2] step   30  loss=0.06868  lpips=0.0622  dists=0.0240  psnr=32.2820  acutance_ratio=1.0231
  [A2] step   40  loss=0.08131  lpips=0.0625  dists=0.0245  psnr=32.5570  acutance_ratio=0.9375  [不可行]
  [A2] step   50  loss=0.07281  lpips=0.0623  dists=0.0245  psnr=32.5500  acutance_ratio=0.9458  [不可行]
  [A2] step   60  loss=0.06825  lpips=0.0618  dists=0.0244  psnr=32.3687  acutance_ratio=1.0093
  [A2] step   70  loss=0.06820  lpips=0.0619  dists=0.0238  psnr=32.5271  acutance_ratio=0.9551
  [A2] step   80  loss=0.06865  lpips=0.0621  dists=0.0241  psnr=32.2433  acutance_ratio=1.0445
  [A2] step   90  loss=0.06802  lpips=0.0617  dists=0.0241  psnr=32.4675  acutance_ratio=0.9820
  [A2] step  100  loss=0.06800  lpips=0.0617  dists=0.0241  psnr=32.4877  acutance_ratio=0.9758
  [A2] step  110  loss=0.06816  lpips=0.0617  dists=0.0239  psnr=32.3045  acutance_ratio=1.0331
  [A2] step  120  loss=0.07293  lpips=0.0620  dists=0.0243  psnr=32.5836  acutance_ratio=0.9453  [不可行]
  [A2] step  130  loss=0.07619  lpips=0.0620  dists=0.0245  psnr=32.6023  acutance_ratio=0.9421  [不可行]
  [A2] step  140  loss=0.06795  lpips=0.0616  dists=0.0241  psnr=32.4480  acutance_ratio=0.9976
  [A2] step  150  loss=0.06813  lpips=0.0616  dists=0.0235  psnr=32.5870  acutance_ratio=0.9498  [不可行]
  [A2] step  160  loss=0.06780  lpips=0.0614  dists=0.0240  psnr=32.4568  acutance_ratio=0.9953
  [A2] step  170  loss=0.06792  lpips=0.0615  dists=0.0238  psnr=32.3589  acutance_ratio=1.0263
  [A2] step  180  loss=0.06783  lpips=0.0615  dists=0.0241  psnr=32.5565  acutance_ratio=0.9637
  [A2] step  190  loss=0.06801  lpips=0.0615  dists=0.0241  psnr=32.2828  acutance_ratio=1.0492
  [A2] step  200  loss=0.06763  lpips=0.0613  dists=0.0237  psnr=32.5228  acutance_ratio=0.9779
[bird_03] **A2 未達目標** lpips≤0.0573，最佳 0.0613（第 200 步）。如實記錄，該值即為此參數組在本圖上的容量上限
[bird_03] A1 無約束 LPIPS 0.0603  DISTS 0.0246  PSNR 32.84 dB  銳利度比 0.8607
[bird_03] A1 LPIPS 0.0623  DISTS 0.0236  PSNR 32.40 dB  銳利度比 0.9608
[bird_03] A2 LPIPS 0.0613  DISTS 0.0237  PSNR 32.52 dB  銳利度比 0.9779
[bird_03] latent 反應 DISTS 0.0118 → 0.0116（比 0.981）

表：/nfs/home/nelson0314/wacv_runs/faA_ip20_bird_03/floor_ab.csv
比對頁：/nfs/home/nelson0314/wacv_runs/faA_ip20_bird_03/compare.html
