Warning: You are sending unauthenticated requests to the HF Hub. Please set a HF_TOKEN to enable higher rate limits and faster downloads.
Loading pipeline components...:   0%|          | 0/6 [00:00<?, ?it/s]
Loading weights:   0%|          | 0/196 [00:00<?, ?it/s][ALoading weights: 100%|██████████| 196/196 [00:00<00:00, 3812.99it/s]
Loading pipeline components...:  33%|███▎      | 2/6 [00:00<00:00,  8.50it/s]Loading pipeline components...:  83%|████████▎ | 5/6 [00:00<00:00, 13.05it/s]Loading pipeline components...: 100%|██████████| 6/6 [00:00<00:00, 14.68it/s]
There are modules in AutoencoderKL that should be kept in float32: []. Casting directly with `to()` can lead to inconsistent results; set `torch_dtype` in `from_pretrained()` instead to keep these modules in float32.
/nfs/home/nelson0314/venvs/wacv/lib/python3.11/site-packages/torchvision/models/_utils.py:207: UserWarning: The parameter 'pretrained' is deprecated since 0.13 and may be removed in the future, please use 'weights' instead.
  warnings.warn(
/nfs/home/nelson0314/venvs/wacv/lib/python3.11/site-packages/torchvision/models/_utils.py:222: UserWarning: Arguments other than a weight enum or `None` for 'weights' are deprecated since 0.13 and may be removed in the future. The current behavior is equivalent to passing `weights=VGG16_Weights.IMAGENET1K_V1`. You can also use `weights=VGG16_Weights.DEFAULT` to get the most up-to-date weights.
  warnings.warn(msg)
IP2P 線：13 張、條件 ['phase_gain']、steps=100 s_T=7.5 s_I=1.5 seed=20260812
/nfs/home/nelson0314/venvs/wacv/lib/python3.11/site-packages/diffusers/image_processor.py:724: FutureWarning: Passing `image` as torch tensor with value range in [-1,1] is deprecated. The expected value range for image tensor is [0,1] when passing as pytorch tensor or numpy Array. You passed `image` with value range [-1.0,1.0]
  warnings.warn(
Loading weights:   0%|          | 0/398 [00:00<?, ?it/s]Loading weights: 100%|██████████| 398/398 [00:00<00:00, 14889.74it/s]
[transformers] Model config: bos_token_id must be `None` or an integer within the vocabulary (between 0 and 31999), got 49406. This may result in unexpected behavior.
[transformers] Model config: eos_token_id must be `None` or an integer within the vocabulary (between 0 and 31999), got 49407. This may result in unexpected behavior.
Loading weights:   0%|          | 0/408 [00:00<?, ?it/s]Loading weights:  88%|████████▊ | 359/408 [00:00<00:00, 3587.80it/s]Loading weights: 100%|██████████| 408/408 [00:00<00:00, 3622.02it/s]
task_attr_mod_color_11699        phase_gain     r=4.5000 dists=0.0819 lpips=0.3667 effect=0.4551 (398s)
task_attr_mod_color_136767       phase_gain     r=4.5000 dists=0.1547 lpips=0.4253 effect=0.5649 (388s)
task_attr_mod_color_184837       phase_gain     r=4.5000 dists=0.2031 lpips=0.4881 effect=0.7695 (387s)
task_attr_mod_color_32648        phase_gain     r=4.5000 dists=0.0765 lpips=0.4567 effect=0.3693 (387s)
task_attr_mod_color_6205         phase_gain     r=4.5000 dists=0.1178 lpips=0.3767 effect=0.5309 (387s)
task_env_weather_112463          phase_gain     r=4.5000 dists=0.0567 lpips=0.4831 effect=0.8086 (387s)
task_env_weather_246440          phase_gain     r=4.5000 dists=0.1403 lpips=0.4611 effect=0.6243 (385s)
task_env_weather_63722           phase_gain     r=4.5000 dists=0.0865 lpips=0.4395 effect=0.5112 (386s)
task_obj_add_40931               phase_gain     r=4.5000 dists=0.1267 lpips=0.4976 effect=0.5677 (387s)
task_obj_remove_380621           phase_gain     r=4.5000 dists=0.1057 lpips=0.4257 effect=0.6973 (386s)
task_obj_swap_joint_mask_276754  phase_gain     r=4.5000 dists=0.1820 lpips=0.4729 effect=0.6719 (314s)
task_obj_swap_joint_mask_533428  phase_gain     r=4.5000 dists=0.1315 lpips=0.5082 effect=0.6474 (182s)
task_obj_swap_rand_mask_417469   phase_gain     r=4.5000 dists=0.1022 lpips=0.4861 effect=0.7195 (182s)

表：runs/ip2p_pricing_strength/g075_r45/results.csv（13 列）
