Warning: You are sending unauthenticated requests to the HF Hub. Please set a HF_TOKEN to enable higher rate limits and faster downloads.
Loading pipeline components...:   0%|          | 0/6 [00:00<?, ?it/s]
Loading weights:   0%|          | 0/196 [00:00<?, ?it/s][ALoading weights: 100%|██████████| 196/196 [00:00<00:00, 4138.94it/s]
Loading pipeline components...:  17%|█▋        | 1/6 [00:00<00:01,  4.81it/s]Loading pipeline components...:  67%|██████▋   | 4/6 [00:00<00:00, 14.37it/s]Loading pipeline components...: 100%|██████████| 6/6 [00:00<00:00, 16.32it/s]Loading pipeline components...: 100%|██████████| 6/6 [00:00<00:00, 14.25it/s]
There are modules in AutoencoderKL that should be kept in float32: []. Casting directly with `to()` can lead to inconsistent results; set `torch_dtype` in `from_pretrained()` instead to keep these modules in float32.
/nfs/home/nelson0314/venvs/wacv/lib/python3.11/site-packages/torchvision/models/_utils.py:207: UserWarning: The parameter 'pretrained' is deprecated since 0.13 and may be removed in the future, please use 'weights' instead.
  warnings.warn(
/nfs/home/nelson0314/venvs/wacv/lib/python3.11/site-packages/torchvision/models/_utils.py:222: UserWarning: Arguments other than a weight enum or `None` for 'weights' are deprecated since 0.13 and may be removed in the future. The current behavior is equivalent to passing `weights=VGG16_Weights.IMAGENET1K_V1`. You can also use `weights=VGG16_Weights.DEFAULT` to get the most up-to-date weights.
  warnings.warn(msg)
IP2P 線：25 張、條件 ['gain_only']、steps=100 s_T=7.5 s_I=1.5 seed=20260812
/nfs/home/nelson0314/venvs/wacv/lib/python3.11/site-packages/diffusers/image_processor.py:724: FutureWarning: Passing `image` as torch tensor with value range in [-1,1] is deprecated. The expected value range for image tensor is [0,1] when passing as pytorch tensor or numpy Array. You passed `image` with value range [-1.0,1.0]
  warnings.warn(
task_attr_mod_color_11699        gain_only      r=2.4000 dists=0.0850 lpips=0.1691 effect=0.2155 (78s)
task_attr_mod_color_136767       gain_only      r=2.4000 dists=0.1331 lpips=0.2389 effect=0.2788 (78s)
task_attr_mod_color_184837       gain_only      r=2.4000 dists=0.1704 lpips=0.2532 effect=0.3326 (79s)
task_attr_mod_color_32648        gain_only      r=2.4000 dists=0.0736 lpips=0.2715 effect=0.2728 (79s)
task_attr_mod_color_6205         gain_only      r=2.4000 dists=0.1087 lpips=0.1711 effect=0.3388 (78s)
task_env_weather_112463          gain_only      r=2.4000 dists=0.0633 lpips=0.2858 effect=0.3383 (79s)
task_env_weather_133752          gain_only      r=2.4000 dists=0.0609 lpips=0.2638 effect=0.3035 (79s)
task_env_weather_181583          gain_only      r=2.4000 dists=0.1136 lpips=0.2931 effect=0.6718 (79s)
task_env_weather_246440          gain_only      r=2.4000 dists=0.1154 lpips=0.3018 effect=0.4276 (79s)
task_env_weather_63722           gain_only      r=2.4000 dists=0.0924 lpips=0.2270 effect=0.2632 (79s)
task_obj_add_13726               gain_only      r=2.4000 dists=0.1226 lpips=0.2968 effect=0.6312 (79s)
task_obj_add_340466              gain_only      r=2.4000 dists=0.1029 lpips=0.1761 effect=0.2698 (79s)
task_obj_add_40931               gain_only      r=2.4000 dists=0.1132 lpips=0.4193 effect=0.3940 (79s)
task_obj_add_581286              gain_only      r=2.4000 dists=0.0793 lpips=0.1999 effect=0.2075 (78s)
task_obj_add_692065              gain_only      r=2.4000 dists=0.1026 lpips=0.2199 effect=0.2758 (79s)
task_obj_remove_10197            gain_only      r=2.4000 dists=0.0919 lpips=0.3154 effect=0.4291 (78s)
task_obj_remove_257910           gain_only      r=2.4000 dists=0.0768 lpips=0.2955 effect=0.2943 (79s)
task_obj_remove_380621           gain_only      r=2.4000 dists=0.0947 lpips=0.3192 effect=0.4547 (79s)
task_obj_remove_509477           gain_only      r=2.4000 dists=0.1121 lpips=0.3209 effect=0.3428 (79s)
task_obj_remove_657585           gain_only      r=2.4000 dists=0.0652 lpips=0.2310 effect=0.3116 (79s)
task_obj_swap_joint_mask_276754  gain_only      r=2.4000 dists=0.1925 lpips=0.4528 effect=0.1890 (79s)
task_obj_swap_joint_mask_533428  gain_only      r=2.4000 dists=0.1282 lpips=0.3537 effect=0.3925 (79s)
/nfs/home/nelson0314/venvs/wacv/lib/python3.11/site-packages/diffusers/image_processor.py:724: FutureWarning: Passing `image` as torch tensor with value range in [-1,1] is deprecated. The expected value range for image tensor is [0,1] when passing as pytorch tensor or numpy Array. You passed `image` with value range [-0.9686274528503418,1.0]
  warnings.warn(
task_obj_swap_joint_mask_75733   gain_only      r=2.4000 dists=0.1222 lpips=0.3301 effect=0.4052 (79s)
task_obj_swap_rand_mask_298147   gain_only      r=2.4000 dists=0.1470 lpips=0.4023 effect=0.6630 (78s)
task_obj_swap_rand_mask_417469   gain_only      r=2.4000 dists=0.0851 lpips=0.2824 effect=0.3662 (78s)

表：runs/ip2p_reach_lpips/go100_r24/results.csv（25 列）
