Loading pipeline components...:   0%|          | 0/6 [00:00<?, ?it/s]Loading pipeline components...:  17%|█▋        | 1/6 [00:00<00:00,  7.25it/s]
Loading weights:   0%|          | 0/196 [00:00<?, ?it/s][ALoading weights: 100%|██████████| 196/196 [00:00<00:00, 3812.58it/s]
Loading pipeline components...:  67%|██████▋   | 4/6 [00:00<00:00, 12.45it/s]Loading pipeline components...: 100%|██████████| 6/6 [00:00<00:00, 14.41it/s]
There are modules in AutoencoderKL that should be kept in float32: []. Casting directly with `to()` can lead to inconsistent results; set `torch_dtype` in `from_pretrained()` instead to keep these modules in float32.
/nfs/home/nelson0314/venvs/wacv/lib/python3.11/site-packages/torchvision/models/_utils.py:207: UserWarning: The parameter 'pretrained' is deprecated since 0.13 and may be removed in the future, please use 'weights' instead.
  warnings.warn(
/nfs/home/nelson0314/venvs/wacv/lib/python3.11/site-packages/torchvision/models/_utils.py:222: UserWarning: Arguments other than a weight enum or `None` for 'weights' are deprecated since 0.13 and may be removed in the future. The current behavior is equivalent to passing `weights=VGG16_Weights.IMAGENET1K_V1`. You can also use `weights=VGG16_Weights.DEFAULT` to get the most up-to-date weights.
  warnings.warn(msg)
IP2P 線：25 張、條件 ['phase_gain']、steps=100 s_T=7.5 s_I=1.5 seed=20260812
/nfs/home/nelson0314/venvs/wacv/lib/python3.11/site-packages/diffusers/image_processor.py:724: FutureWarning: Passing `image` as torch tensor with value range in [-1,1] is deprecated. The expected value range for image tensor is [0,1] when passing as pytorch tensor or numpy Array. You passed `image` with value range [-1.0,1.0]
  warnings.warn(
task_attr_mod_color_11699        phase_gain     r=1.5000 dists=0.0686 lpips=0.1662 effect=0.2094 (82s)
task_attr_mod_color_136767       phase_gain     r=1.5000 dists=0.1168 lpips=0.2457 effect=0.2906 (83s)
task_attr_mod_color_184837       phase_gain     r=1.5000 dists=0.1693 lpips=0.2794 effect=0.3871 (84s)
task_attr_mod_color_32648        phase_gain     r=1.5000 dists=0.0531 lpips=0.2358 effect=0.2450 (84s)
task_attr_mod_color_6205         phase_gain     r=1.5000 dists=0.1094 lpips=0.1707 effect=0.3409 (84s)
task_env_weather_112463          phase_gain     r=1.5000 dists=0.0610 lpips=0.2692 effect=0.3098 (84s)
task_env_weather_133752          phase_gain     r=1.5000 dists=0.0566 lpips=0.2774 effect=0.3277 (84s)
task_env_weather_181583          phase_gain     r=1.5000 dists=0.0695 lpips=0.2893 effect=0.6703 (84s)
task_env_weather_246440          phase_gain     r=1.5000 dists=0.1194 lpips=0.3077 effect=0.4332 (84s)
task_env_weather_63722           phase_gain     r=1.5000 dists=0.0959 lpips=0.2365 effect=0.2833 (84s)
task_obj_add_13726               phase_gain     r=1.5000 dists=0.1105 lpips=0.3054 effect=0.4526 (84s)
task_obj_add_340466              phase_gain     r=1.5000 dists=0.0951 lpips=0.1800 effect=0.2990 (84s)
task_obj_add_40931               phase_gain     r=1.5000 dists=0.1081 lpips=0.4320 effect=0.4120 (84s)
task_obj_add_581286              phase_gain     r=1.5000 dists=0.0639 lpips=0.1905 effect=0.2042 (84s)
task_obj_add_692065              phase_gain     r=1.5000 dists=0.0812 lpips=0.2156 effect=0.2827 (84s)
task_obj_remove_10197            phase_gain     r=1.5000 dists=0.0783 lpips=0.3268 effect=0.4424 (84s)
task_obj_remove_257910           phase_gain     r=1.5000 dists=0.0642 lpips=0.2922 effect=0.2818 (84s)
task_obj_remove_380621           phase_gain     r=1.5000 dists=0.0893 lpips=0.3142 effect=0.5658 (84s)
task_obj_remove_509477           phase_gain     r=1.5000 dists=0.0983 lpips=0.3404 effect=0.3474 (84s)
task_obj_remove_657585           phase_gain     r=1.5000 dists=0.0577 lpips=0.2037 effect=0.3073 (84s)
task_obj_swap_joint_mask_276754  phase_gain     r=1.5000 dists=0.1464 lpips=0.4525 effect=0.2004 (84s)
task_obj_swap_joint_mask_533428  phase_gain     r=1.5000 dists=0.1183 lpips=0.3627 effect=0.3979 (84s)
/nfs/home/nelson0314/venvs/wacv/lib/python3.11/site-packages/diffusers/image_processor.py:724: FutureWarning: Passing `image` as torch tensor with value range in [-1,1] is deprecated. The expected value range for image tensor is [0,1] when passing as pytorch tensor or numpy Array. You passed `image` with value range [-0.9686274528503418,1.0]
  warnings.warn(
task_obj_swap_joint_mask_75733   phase_gain     r=1.5000 dists=0.1109 lpips=0.3299 effect=0.4185 (84s)
task_obj_swap_rand_mask_298147   phase_gain     r=1.5000 dists=0.1387 lpips=0.4099 effect=0.6895 (84s)
task_obj_swap_rand_mask_417469   phase_gain     r=1.5000 dists=0.0739 lpips=0.2859 effect=0.3768 (84s)

表：runs/ip2p_reach_lpips/pg050_r15/results.csv（25 列）
