Warning: You are sending unauthenticated requests to the HF Hub. Please set a HF_TOKEN to enable higher rate limits and faster downloads.
Loading pipeline components...:   0%|          | 0/6 [00:00<?, ?it/s]
Loading weights:   0%|          | 0/196 [00:00<?, ?it/s][ALoading weights: 100%|██████████| 196/196 [00:00<00:00, 3971.73it/s]
Loading pipeline components...:  17%|█▋        | 1/6 [00:00<00:00,  5.34it/s]Loading pipeline components...:  67%|██████▋   | 4/6 [00:00<00:00, 12.42it/s]Loading pipeline components...: 100%|██████████| 6/6 [00:00<00:00, 15.31it/s]
There are modules in AutoencoderKL that should be kept in float32: []. Casting directly with `to()` can lead to inconsistent results; set `torch_dtype` in `from_pretrained()` instead to keep these modules in float32.
/nfs/home/nelson0314/venvs/wacv/lib/python3.11/site-packages/torchvision/models/_utils.py:207: UserWarning: The parameter 'pretrained' is deprecated since 0.13 and may be removed in the future, please use 'weights' instead.
  warnings.warn(
/nfs/home/nelson0314/venvs/wacv/lib/python3.11/site-packages/torchvision/models/_utils.py:222: UserWarning: Arguments other than a weight enum or `None` for 'weights' are deprecated since 0.13 and may be removed in the future. The current behavior is equivalent to passing `weights=VGG16_Weights.IMAGENET1K_V1`. You can also use `weights=VGG16_Weights.DEFAULT` to get the most up-to-date weights.
  warnings.warn(msg)
IP2P 線：25 張、條件 ['phase_gain']、steps=100 s_T=7.5 s_I=1.5 seed=20260812
/nfs/home/nelson0314/venvs/wacv/lib/python3.11/site-packages/diffusers/image_processor.py:724: FutureWarning: Passing `image` as torch tensor with value range in [-1,1] is deprecated. The expected value range for image tensor is [0,1] when passing as pytorch tensor or numpy Array. You passed `image` with value range [-1.0,1.0]
  warnings.warn(
task_attr_mod_color_11699        phase_gain     r=2.0000 dists=0.0973 lpips=0.2000 effect=0.2533 (83s)
task_attr_mod_color_136767       phase_gain     r=2.0000 dists=0.1540 lpips=0.2855 effect=0.3516 (84s)
task_attr_mod_color_184837       phase_gain     r=2.0000 dists=0.2001 lpips=0.3184 effect=0.4463 (84s)
task_attr_mod_color_32648        phase_gain     r=2.0000 dists=0.0733 lpips=0.2657 effect=0.3035 (84s)
task_attr_mod_color_6205         phase_gain     r=2.0000 dists=0.1363 lpips=0.2061 effect=0.4018 (84s)
task_env_weather_112463          phase_gain     r=2.0000 dists=0.0724 lpips=0.3123 effect=0.3578 (84s)
task_env_weather_133752          phase_gain     r=2.0000 dists=0.0808 lpips=0.3241 effect=0.5772 (84s)
task_env_weather_181583          phase_gain     r=2.0000 dists=0.0926 lpips=0.3307 effect=0.6863 (84s)
task_env_weather_246440          phase_gain     r=2.0000 dists=0.1429 lpips=0.3509 effect=0.4488 (84s)
task_env_weather_63722           phase_gain     r=2.0000 dists=0.1186 lpips=0.2657 effect=0.3150 (85s)
task_obj_add_13726               phase_gain     r=2.0000 dists=0.1432 lpips=0.3454 effect=0.4464 (84s)
task_obj_add_340466              phase_gain     r=2.0000 dists=0.1208 lpips=0.2153 effect=0.3260 (84s)
task_obj_add_40931               phase_gain     r=2.0000 dists=0.1443 lpips=0.4782 effect=0.4577 (84s)
task_obj_add_581286              phase_gain     r=2.0000 dists=0.0865 lpips=0.2282 effect=0.2569 (84s)
task_obj_add_692065              phase_gain     r=2.0000 dists=0.1094 lpips=0.2542 effect=0.3211 (84s)
task_obj_remove_10197            phase_gain     r=2.0000 dists=0.1049 lpips=0.3605 effect=0.4532 (84s)
task_obj_remove_257910           phase_gain     r=2.0000 dists=0.0897 lpips=0.3336 effect=0.3223 (84s)
task_obj_remove_380621           phase_gain     r=2.0000 dists=0.1099 lpips=0.3540 effect=0.6706 (85s)
task_obj_remove_509477           phase_gain     r=2.0000 dists=0.1252 lpips=0.3838 effect=0.3892 (84s)
task_obj_remove_657585           phase_gain     r=2.0000 dists=0.0747 lpips=0.2670 effect=0.3540 (84s)
task_obj_swap_joint_mask_276754  phase_gain     r=2.0000 dists=0.1874 lpips=0.4748 effect=0.2204 (84s)
task_obj_swap_joint_mask_533428  phase_gain     r=2.0000 dists=0.1549 lpips=0.4071 effect=0.4919 (84s)
/nfs/home/nelson0314/venvs/wacv/lib/python3.11/site-packages/diffusers/image_processor.py:724: FutureWarning: Passing `image` as torch tensor with value range in [-1,1] is deprecated. The expected value range for image tensor is [0,1] when passing as pytorch tensor or numpy Array. You passed `image` with value range [-0.9686274528503418,1.0]
  warnings.warn(
task_obj_swap_joint_mask_75733   phase_gain     r=2.0000 dists=0.1326 lpips=0.3566 effect=0.4407 (85s)
task_obj_swap_rand_mask_298147   phase_gain     r=2.0000 dists=0.1659 lpips=0.4508 effect=0.6882 (85s)
task_obj_swap_rand_mask_417469   phase_gain     r=2.0000 dists=0.1093 lpips=0.3300 effect=0.4198 (85s)

表：runs/ip2p_reach_lpips/pg050_r20/results.csv（25 列）
