Warning: You are sending unauthenticated requests to the HF Hub. Please set a HF_TOKEN to enable higher rate limits and faster downloads.
Fetching 13 files:   0%|          | 0/13 [00:00<?, ?it/s]Fetching 13 files:  15%|█▌        | 2/13 [00:00<00:01,  9.55it/s]Fetching 13 files:  62%|██████▏   | 8/13 [00:00<00:00, 24.43it/s]Fetching 13 files:  77%|███████▋  | 10/13 [00:19<00:00, 24.43it/s]Fetching 13 files:  85%|████████▍ | 11/13 [00:57<00:14,  7.04s/it]Fetching 13 files:  92%|█████████▏| 12/13 [01:37<00:11, 11.86s/it]Fetching 13 files: 100%|██████████| 13/13 [02:05<00:00, 14.73s/it]Fetching 13 files: 100%|██████████| 13/13 [02:05<00:00,  9.65s/it]
Loading pipeline components...:   0%|          | 0/6 [00:00<?, ?it/s]
Loading weights:   0%|          | 0/196 [00:00<?, ?it/s][ALoading weights: 100%|██████████| 196/196 [00:00<00:00, 3099.15it/s]
Loading pipeline components...:  17%|█▋        | 1/6 [00:00<00:01,  4.74it/s]Loading pipeline components...:  33%|███▎      | 2/6 [00:00<00:00,  6.47it/s]Loading pipeline components...:  83%|████████▎ | 5/6 [00:00<00:00, 14.08it/s]Loading pipeline components...: 100%|██████████| 6/6 [00:00<00:00, 13.38it/s]
There are modules in AutoencoderKL that should be kept in float32: []. Casting directly with `to()` can lead to inconsistent results; set `torch_dtype` in `from_pretrained()` instead to keep these modules in float32.
/nfs/home/nelson0314/venvs/wacv/lib/python3.11/site-packages/torchvision/models/_utils.py:207: UserWarning: The parameter 'pretrained' is deprecated since 0.13 and may be removed in the future, please use 'weights' instead.
  warnings.warn(
/nfs/home/nelson0314/venvs/wacv/lib/python3.11/site-packages/torchvision/models/_utils.py:222: UserWarning: Arguments other than a weight enum or `None` for 'weights' are deprecated since 0.13 and may be removed in the future. The current behavior is equivalent to passing `weights=VGG16_Weights.IMAGENET1K_V1`. You can also use `weights=VGG16_Weights.DEFAULT` to get the most up-to-date weights.
  warnings.warn(msg)
IP2P 線：25 張、條件 ['phase']、steps=100 s_T=7.5 s_I=1.5 seed=20260812
/nfs/home/nelson0314/venvs/wacv/lib/python3.11/site-packages/diffusers/image_processor.py:724: FutureWarning: Passing `image` as torch tensor with value range in [-1,1] is deprecated. The expected value range for image tensor is [0,1] when passing as pytorch tensor or numpy Array. You passed `image` with value range [-1.0,1.0]
  warnings.warn(
task_attr_mod_color_11699        phase          r=1.2700 dists=0.0195 lpips=0.0792 effect=0.1074 (173s)
task_attr_mod_color_136767       phase          r=1.2700 dists=0.0455 lpips=0.1430 effect=0.1791 (174s)
task_attr_mod_color_184837       phase          r=1.2700 dists=0.0506 lpips=0.1392 effect=0.2004 (174s)
task_attr_mod_color_32648        phase          r=1.2700 dists=0.0314 lpips=0.1400 effect=0.1602 (173s)
task_attr_mod_color_6205         phase          r=1.2700 dists=0.0411 lpips=0.0805 effect=0.1279 (173s)
task_env_weather_112463          phase          r=1.2700 dists=0.0214 lpips=0.1496 effect=0.2529 (174s)
task_env_weather_133752          phase          r=1.2700 dists=0.0192 lpips=0.1389 effect=0.1771 (173s)
task_env_weather_181583          phase          r=1.2700 dists=0.0274 lpips=0.1749 effect=0.5546 (174s)
task_env_weather_246440          phase          r=1.2700 dists=0.0450 lpips=0.1917 effect=0.3224 (174s)
task_env_weather_63722           phase          r=1.2700 dists=0.0389 lpips=0.1291 effect=0.1592 (174s)
task_obj_add_13726               phase          r=1.2700 dists=0.0495 lpips=0.1747 effect=0.2680 (174s)
task_obj_add_340466              phase          r=1.2700 dists=0.0261 lpips=0.0796 effect=0.1717 (174s)
task_obj_add_40931               phase          r=1.2700 dists=0.0403 lpips=0.2782 effect=0.2636 (174s)
task_obj_add_581286              phase          r=1.2700 dists=0.0291 lpips=0.1051 effect=0.1195 (174s)
task_obj_add_692065              phase          r=1.2700 dists=0.0337 lpips=0.1207 effect=0.1663 (174s)
task_obj_remove_10197            phase          r=1.2700 dists=0.0289 lpips=0.2210 effect=0.4080 (174s)
task_obj_remove_257910           phase          r=1.2700 dists=0.0264 lpips=0.1612 effect=0.1681 (174s)
task_obj_remove_380621           phase          r=1.2700 dists=0.0451 lpips=0.1866 effect=0.2612 (174s)
task_obj_remove_509477           phase          r=1.2700 dists=0.0368 lpips=0.1837 effect=0.2079 (174s)
task_obj_remove_657585           phase          r=1.2700 dists=0.0226 lpips=0.0767 effect=0.2432 (175s)
task_obj_swap_joint_mask_276754  phase          r=1.2700 dists=0.0553 lpips=0.3636 effect=0.1867 (175s)
task_obj_swap_joint_mask_533428  phase          r=1.2700 dists=0.0389 lpips=0.1864 effect=0.2753 (175s)
/nfs/home/nelson0314/venvs/wacv/lib/python3.11/site-packages/diffusers/image_processor.py:724: FutureWarning: Passing `image` as torch tensor with value range in [-1,1] is deprecated. The expected value range for image tensor is [0,1] when passing as pytorch tensor or numpy Array. You passed `image` with value range [-0.9686274528503418,1.0]
  warnings.warn(
/nfs/home/nelson0314/venvs/wacv/lib/python3.11/site-packages/diffusers/image_processor.py:724: FutureWarning: Passing `image` as torch tensor with value range in [-1,1] is deprecated. The expected value range for image tensor is [0,1] when passing as pytorch tensor or numpy Array. You passed `image` with value range [-0.9958401918411255,1.0]
  warnings.warn(
task_obj_swap_joint_mask_75733   phase          r=1.2700 dists=0.0412 lpips=0.2374 effect=0.3037 (175s)
task_obj_swap_rand_mask_298147   phase          r=1.2700 dists=0.0558 lpips=0.2826 effect=0.4184 (175s)
task_obj_swap_rand_mask_417469   phase          r=1.2700 dists=0.0260 lpips=0.1531 effect=0.1755 (175s)

表：runs/ip2p_pgd_steps/phase_s1000/results.csv（25 列）
