Warning: You are sending unauthenticated requests to the HF Hub. Please set a HF_TOKEN to enable higher rate limits and faster downloads.
Fetching 13 files:   0%|          | 0/13 [00:00<?, ?it/s]Fetching 13 files:  15%|█▌        | 2/13 [00:00<00:01,  9.40it/s]Fetching 13 files:  62%|██████▏   | 8/13 [00:00<00:00, 27.41it/s]Fetching 13 files:  77%|███████▋  | 10/13 [00:19<00:00, 27.41it/s]Fetching 13 files:  85%|████████▍ | 11/13 [00:57<00:14,  7.04s/it]Fetching 13 files:  92%|█████████▏| 12/13 [01:37<00:11, 11.85s/it]Fetching 13 files: 100%|██████████| 13/13 [02:05<00:00, 14.73s/it]Fetching 13 files: 100%|██████████| 13/13 [02:05<00:00,  9.65s/it]
Loading pipeline components...:   0%|          | 0/6 [00:00<?, ?it/s]Loading pipeline components...:  17%|█▋        | 1/6 [00:00<00:00,  6.23it/s]
Loading weights:   0%|          | 0/196 [00:00<?, ?it/s][ALoading weights: 100%|██████████| 196/196 [00:00<00:00, 3490.24it/s]
Loading pipeline components...:  50%|█████     | 3/6 [00:00<00:00,  9.38it/s]Loading pipeline components...:  83%|████████▎ | 5/6 [00:00<00:00, 12.09it/s]Loading pipeline components...: 100%|██████████| 6/6 [00:00<00:00, 12.92it/s]
There are modules in AutoencoderKL that should be kept in float32: []. Casting directly with `to()` can lead to inconsistent results; set `torch_dtype` in `from_pretrained()` instead to keep these modules in float32.
/nfs/home/nelson0314/venvs/wacv/lib/python3.11/site-packages/torchvision/models/_utils.py:207: UserWarning: The parameter 'pretrained' is deprecated since 0.13 and may be removed in the future, please use 'weights' instead.
  warnings.warn(
/nfs/home/nelson0314/venvs/wacv/lib/python3.11/site-packages/torchvision/models/_utils.py:222: UserWarning: Arguments other than a weight enum or `None` for 'weights' are deprecated since 0.13 and may be removed in the future. The current behavior is equivalent to passing `weights=VGG16_Weights.IMAGENET1K_V1`. You can also use `weights=VGG16_Weights.DEFAULT` to get the most up-to-date weights.
  warnings.warn(msg)
IP2P 線：25 張、條件 ['phase']、steps=100 s_T=7.5 s_I=1.5 seed=20260812
/nfs/home/nelson0314/venvs/wacv/lib/python3.11/site-packages/diffusers/image_processor.py:724: FutureWarning: Passing `image` as torch tensor with value range in [-1,1] is deprecated. The expected value range for image tensor is [0,1] when passing as pytorch tensor or numpy Array. You passed `image` with value range [-1.0,1.0]
  warnings.warn(
task_attr_mod_color_11699        phase          r=1.2700 dists=0.0205 lpips=0.0864 effect=0.1172 (125s)
task_attr_mod_color_136767       phase          r=1.2700 dists=0.0498 lpips=0.1483 effect=0.1844 (126s)
task_attr_mod_color_184837       phase          r=1.2700 dists=0.0588 lpips=0.1506 effect=0.2278 (125s)
task_attr_mod_color_32648        phase          r=1.2700 dists=0.0304 lpips=0.1423 effect=0.1650 (125s)
task_attr_mod_color_6205         phase          r=1.2700 dists=0.0449 lpips=0.0841 effect=0.1234 (125s)
task_env_weather_112463          phase          r=1.2700 dists=0.0234 lpips=0.1528 effect=0.2269 (125s)
task_env_weather_133752          phase          r=1.2700 dists=0.0216 lpips=0.1452 effect=0.1837 (125s)
task_env_weather_181583          phase          r=1.2700 dists=0.0291 lpips=0.1797 effect=0.3347 (125s)
task_env_weather_246440          phase          r=1.2700 dists=0.0481 lpips=0.2022 effect=0.3270 (125s)
task_env_weather_63722           phase          r=1.2700 dists=0.0396 lpips=0.1371 effect=0.1695 (125s)
task_obj_add_13726               phase          r=1.2700 dists=0.0535 lpips=0.1859 effect=0.2744 (125s)
task_obj_add_340466              phase          r=1.2700 dists=0.0296 lpips=0.0888 effect=0.1903 (125s)
task_obj_add_40931               phase          r=1.2700 dists=0.0444 lpips=0.2872 effect=0.2711 (125s)
task_obj_add_581286              phase          r=1.2700 dists=0.0301 lpips=0.1080 effect=0.1212 (125s)
task_obj_add_692065              phase          r=1.2700 dists=0.0346 lpips=0.1260 effect=0.1688 (125s)
task_obj_remove_10197            phase          r=1.2700 dists=0.0373 lpips=0.2335 effect=0.4174 (125s)
task_obj_remove_257910           phase          r=1.2700 dists=0.0281 lpips=0.1682 effect=0.1739 (125s)
task_obj_remove_380621           phase          r=1.2700 dists=0.0482 lpips=0.1952 effect=0.2696 (125s)
task_obj_remove_509477           phase          r=1.2700 dists=0.0372 lpips=0.1912 effect=0.2141 (125s)
task_obj_remove_657585           phase          r=1.2700 dists=0.0244 lpips=0.0790 effect=0.2447 (125s)
task_obj_swap_joint_mask_276754  phase          r=1.2700 dists=0.0640 lpips=0.3732 effect=0.1890 (125s)
task_obj_swap_joint_mask_533428  phase          r=1.2700 dists=0.0442 lpips=0.2010 effect=0.2843 (125s)
/nfs/home/nelson0314/venvs/wacv/lib/python3.11/site-packages/diffusers/image_processor.py:724: FutureWarning: Passing `image` as torch tensor with value range in [-1,1] is deprecated. The expected value range for image tensor is [0,1] when passing as pytorch tensor or numpy Array. You passed `image` with value range [-0.9686274528503418,1.0]
  warnings.warn(
task_obj_swap_joint_mask_75733   phase          r=1.2700 dists=0.0478 lpips=0.2424 effect=0.3123 (125s)
task_obj_swap_rand_mask_298147   phase          r=1.2700 dists=0.0635 lpips=0.2972 effect=0.4270 (125s)
task_obj_swap_rand_mask_417469   phase          r=1.2700 dists=0.0280 lpips=0.1653 effect=0.1970 (125s)

表：runs/ip2p_pgd_steps/phase_s0700/results.csv（25 列）
