[hb5] s1_pgc_a gpu=2 :: /nfs/home/nelson0314/venvs/wacv/bin/python scripts/apa_baseline.py --out runs/hb5/g0 --data data/lo_aligned --conditions photoguard_c --images man_02 woman_02
Loading pipeline components...:   0%|          | 0/6 [00:00<?, ?it/s]Loading pipeline components...:  17%|█▋        | 1/6 [00:00<00:00,  6.13it/s]
Loading weights:   0%|          | 0/196 [00:00<?, ?it/s][ALoading weights: 100%|██████████| 196/196 [00:00<00:00, 3134.72it/s]
Loading pipeline components...:  50%|█████     | 3/6 [00:00<00:00,  8.04it/s]Loading pipeline components...:  83%|████████▎ | 5/6 [00:00<00:00, 10.77it/s]Loading pipeline components...: 100%|██████████| 6/6 [00:00<00:00, 11.72it/s]
There are modules in UNet2DConditionModel that should be kept in float32: []. Casting directly with `to()` can lead to inconsistent results; set `torch_dtype` in `from_pretrained()` instead to keep these modules in float32.
There are modules in AutoencoderKL that should be kept in float32: []. Casting directly with `to()` can lead to inconsistent results; set `torch_dtype` in `from_pretrained()` instead to keep these modules in float32.
/nfs/home/nelson0314/venvs/wacv/lib/python3.11/site-packages/torchvision/models/_utils.py:207: UserWarning: The parameter 'pretrained' is deprecated since 0.13 and may be removed in the future, please use 'weights' instead.
  warnings.warn(
/nfs/home/nelson0314/venvs/wacv/lib/python3.11/site-packages/torchvision/models/_utils.py:222: UserWarning: Arguments other than a weight enum or `None` for 'weights' are deprecated since 0.13 and may be removed in the future. The current behavior is equivalent to passing `weights=VGG16_Weights.IMAGENET1K_V1`. You can also use `weights=VGG16_Weights.DEFAULT` to get the most up-to-date weights.
  warnings.warn(msg)

########## man_02 (man) ##########
=== man_02 / photoguard_c ===
  [photoguard_c] step    0  L=4.538717e+02  Linf01=0.0284  L2=0.993
  [photoguard_c] step   20  L=4.108153e+02  Linf01=0.1258  L2=7.975
  [photoguard_c] step   40  L=3.869746e+02  Linf01=0.2025  L2=13.383
  [photoguard_c] step   60  L=3.486883e+02  Linf01=0.2735  L2=15.999
  [photoguard_c] step   80  L=3.641511e+02  Linf01=0.2898  L2=16.000
  [photoguard_c] step  100  L=3.624503e+02  Linf01=0.2746  L2=15.999
  [photoguard_c] step  120  L=3.554031e+02  Linf01=0.2720  L2=15.999
  [photoguard_c] step  140  L=3.496970e+02  Linf01=0.2532  L2=15.999
  [photoguard_c] step  160  L=3.563771e+02  Linf01=0.2443  L2=15.999
  [photoguard_c] step  180  L=3.488351e+02  Linf01=0.2427  L2=15.999
  [photoguard_c] step  199  L=3.499177e+02  Linf01=0.2412  L2=15.999
Warning: You are sending unauthenticated requests to the HF Hub. Please set a HF_TOKEN to enable higher rate limits and faster downloads.
Loading pretrained model NIMA from /nfs/home/nelson0314/.cache/torch/hub/pyiqa/NIMA_InceptionV2_ava-b0c77c00.pth
Loading pretrained model CNNIQA from /nfs/home/nelson0314/.cache/torch/hub/pyiqa/CNNIQA_koniq10k-e6f14c91.pth
Loading weights:   0%|          | 0/398 [00:00<?, ?it/s]Loading weights: 100%|██████████| 398/398 [00:00<00:00, 12836.18it/s]
Loading weights:   0%|          | 0/398 [00:00<?, ?it/s]Loading weights: 100%|██████████| 398/398 [00:00<00:00, 9105.57it/s]
[transformers] Model config: bos_token_id must be `None` or an integer within the vocabulary (between 0 and 31999), got 49406. This may result in unexpected behavior.
[transformers] Model config: eos_token_id must be `None` or an integer within the vocabulary (between 0 and 31999), got 49407. This may result in unexpected behavior.
Loading weights:   0%|          | 0/408 [00:00<?, ?it/s]Loading weights:  76%|███████▌  | 311/408 [00:00<00:00, 3107.25it/s]Loading weights: 100%|██████████| 408/408 [00:00<00:00, 3043.40it/s]
{'image': 'man_02', 'condition': 'photoguard_c', 'stage1_seconds': 0.0, 'total_seconds': 6095.2, 'fid_lpips': 0.2257, 'fid_ssim': 0.9875, 'fid_dists': 0.0198, 'fid_psnr': 40.8946, 'fid_clip_img': 0.9884, 'fid_nima': 5.0998, 'fid_cnniqa': 0.6688, 'edit_lpips': 0.4098, 'edit_clip_orig': 0.2748, 'edit_clip_def': 0.2929, 'edit_clip_drop': -0.0181, 'edit_siglip_orig': 0.1256, 'edit_siglip_def': 0.1249, 'edit_siglip_drop': 0.0007}

########## woman_02 (woman) ##########
=== woman_02 / photoguard_c ===
  [photoguard_c] step    0  L=6.270362e+02  Linf01=0.0314  L2=0.966
  [photoguard_c] step   20  L=5.349044e+02  Linf01=0.1493  L2=7.505
  [photoguard_c] step   40  L=5.007716e+02  Linf01=0.2146  L2=11.510
  [photoguard_c] step   60  L=4.813590e+02  Linf01=0.2849  L2=14.653
  [photoguard_c] step   80  L=4.765663e+02  Linf01=0.3299  L2=15.994
  [photoguard_c] step  100  L=4.650769e+02  Linf01=0.2986  L2=15.992
  [photoguard_c] step  120  L=4.719165e+02  Linf01=0.3242  L2=15.996
  [photoguard_c] step  140  L=4.725869e+02  Linf01=0.2998  L2=15.995
  [photoguard_c] step  160  L=4.702210e+02  Linf01=0.2782  L2=15.995
  [photoguard_c] step  180  L=4.605089e+02  Linf01=0.2626  L2=15.997
  [photoguard_c] step  199  L=4.693483e+02  Linf01=0.2688  L2=15.996
{'image': 'woman_02', 'condition': 'photoguard_c', 'stage1_seconds': 0.0, 'total_seconds': 6065.4, 'fid_lpips': 0.374, 'fid_ssim': 0.9817, 'fid_dists': 0.0267, 'fid_psnr': 40.8963, 'fid_clip_img': 0.9893, 'fid_nima': 4.1337, 'fid_cnniqa': 0.676, 'edit_lpips': 0.4246, 'edit_clip_orig': 0.2026, 'edit_clip_def': 0.2088, 'edit_clip_drop': -0.0061, 'edit_siglip_orig': 0.0577, 'edit_siglip_def': 0.0628, 'edit_siglip_drop': -0.0051}

表：runs/hb5/g0/results.csv
[hb5] s1_pgc_a 完成
