[hb5] s2_pgc_1 gpu=2 :: /nfs/home/nelson0314/venvs/wacv/bin/python scripts/phase_retention.py --run runs/hb5_pgc --data data/lo_aligned --seeds 3 --images man_02 woman_02 --out runs/hb5/retention_p1.csv
Warning: You are sending unauthenticated requests to the HF Hub. Please set a HF_TOKEN to enable higher rate limits and faster downloads.
Loading pipeline components...:   0%|          | 0/6 [00:00<?, ?it/s]Loading pipeline components...:  17%|█▋        | 1/6 [00:00<00:00,  8.98it/s]Loading pipeline components...:  83%|████████▎ | 5/6 [00:00<00:00, 25.52it/s]
Loading weights:   0%|          | 0/196 [00:00<?, ?it/s][ALoading weights: 100%|██████████| 196/196 [00:00<00:00, 3523.05it/s]
Loading pipeline components...: 100%|██████████| 6/6 [00:00<00:00, 15.89it/s]
There are modules in UNet2DConditionModel that should be kept in float32: []. Casting directly with `to()` can lead to inconsistent results; set `torch_dtype` in `from_pretrained()` instead to keep these modules in float32.
There are modules in AutoencoderKL that should be kept in float32: []. Casting directly with `to()` can lead to inconsistent results; set `torch_dtype` in `from_pretrained()` instead to keep these modules in float32.
/nfs/home/nelson0314/venvs/wacv/lib/python3.11/site-packages/torchvision/models/_utils.py:207: UserWarning: The parameter 'pretrained' is deprecated since 0.13 and may be removed in the future, please use 'weights' instead.
  warnings.warn(
/nfs/home/nelson0314/venvs/wacv/lib/python3.11/site-packages/torchvision/models/_utils.py:222: UserWarning: Arguments other than a weight enum or `None` for 'weights' are deprecated since 0.13 and may be removed in the future. The current behavior is equivalent to passing `weights=VGG16_Weights.IMAGENET1K_V1`. You can also use `weights=VGG16_Weights.DEFAULT` to get the most up-to-date weights.
  warnings.warn(msg)
=== man_02 / photoguard_c ===
Setting up [LPIPS] perceptual loss: trunk [vgg], v[0.1], spatial [off]
Loading model from: /nfs/home/nelson0314/venvs/wacv/lib/python3.11/site-packages/lpips/weights/v0.1/vgg.pth
    identity=0.3670, blur1=0.4115, noise0.05=0.3517, quantize16=0.3147, jpeg75=0.2380, jpeg30=0.2418, crop_resize0.1=0.5319, jpeg_then_resize75=0.3585, adverse_cleaner=0.2216, impress=0.3114
=== woman_02 / photoguard_c ===
Setting up [LPIPS] perceptual loss: trunk [vgg], v[0.1], spatial [off]
Loading model from: /nfs/home/nelson0314/venvs/wacv/lib/python3.11/site-packages/lpips/weights/v0.1/vgg.pth
    identity=0.4067, blur1=0.2937, noise0.05=0.4102, quantize16=0.3620, jpeg75=0.1986, jpeg30=0.3149, crop_resize0.1=0.5379, jpeg_then_resize75=0.2207, adverse_cleaner=0.2157, impress=0.3152

表：runs/hb5/retention_p1.csv（20 列）
[hb5] s2_pgc_1 完成
