Warning: You are sending unauthenticated requests to the HF Hub. Please set a HF_TOKEN to enable higher rate limits and faster downloads.
Loading pipeline components...:   0%|          | 0/6 [00:00<?, ?it/s]
Loading weights:   0%|          | 0/196 [00:00<?, ?it/s][ALoading weights: 100%|██████████| 196/196 [00:00<00:00, 4070.26it/s]
Loading pipeline components...:  33%|███▎      | 2/6 [00:00<00:00, 12.28it/s]Loading pipeline components...:  67%|██████▋   | 4/6 [00:00<00:00, 12.44it/s]Loading pipeline components...: 100%|██████████| 6/6 [00:00<00:00, 16.98it/s]
There are modules in AutoencoderKL that should be kept in float32: []. Casting directly with `to()` can lead to inconsistent results; set `torch_dtype` in `from_pretrained()` instead to keep these modules in float32.
/nfs/home/nelson0314/venvs/wacv/lib/python3.11/site-packages/torchvision/models/_utils.py:207: UserWarning: The parameter 'pretrained' is deprecated since 0.13 and may be removed in the future, please use 'weights' instead.
  warnings.warn(
/nfs/home/nelson0314/venvs/wacv/lib/python3.11/site-packages/torchvision/models/_utils.py:222: UserWarning: Arguments other than a weight enum or `None` for 'weights' are deprecated since 0.13 and may be removed in the future. The current behavior is equivalent to passing `weights=VGG16_Weights.IMAGENET1K_V1`. You can also use `weights=VGG16_Weights.DEFAULT` to get the most up-to-date weights.
  warnings.warn(msg)
IP2P 線：25 張、條件 ['gain_only']、steps=100 s_T=7.5 s_I=1.5 seed=20260812
/nfs/home/nelson0314/venvs/wacv/lib/python3.11/site-packages/diffusers/image_processor.py:724: FutureWarning: Passing `image` as torch tensor with value range in [-1,1] is deprecated. The expected value range for image tensor is [0,1] when passing as pytorch tensor or numpy Array. You passed `image` with value range [-1.0,1.0]
  warnings.warn(
task_attr_mod_color_11699        gain_only      r=1.6000 dists=0.0571 lpips=0.1274 effect=0.1641 (79s)
task_attr_mod_color_136767       gain_only      r=1.6000 dists=0.0963 lpips=0.1917 effect=0.2301 (79s)
task_attr_mod_color_184837       gain_only      r=1.6000 dists=0.1361 lpips=0.2021 effect=0.2669 (80s)
task_attr_mod_color_32648        gain_only      r=1.6000 dists=0.0502 lpips=0.2161 effect=0.2220 (80s)
task_attr_mod_color_6205         gain_only      r=1.6000 dists=0.0802 lpips=0.1300 effect=0.2650 (80s)
task_env_weather_112463          gain_only      r=1.6000 dists=0.0411 lpips=0.2255 effect=0.3270 (80s)
task_env_weather_133752          gain_only      r=1.6000 dists=0.0495 lpips=0.2039 effect=0.2549 (80s)
task_env_weather_181583          gain_only      r=1.6000 dists=0.0571 lpips=0.2369 effect=0.5790 (80s)
task_env_weather_246440          gain_only      r=1.6000 dists=0.0887 lpips=0.2541 effect=0.3931 (80s)
task_env_weather_63722           gain_only      r=1.6000 dists=0.0736 lpips=0.1863 effect=0.2224 (80s)
task_obj_add_13726               gain_only      r=1.6000 dists=0.0970 lpips=0.2402 effect=0.5147 (80s)
task_obj_add_340466              gain_only      r=1.6000 dists=0.0669 lpips=0.1333 effect=0.2435 (80s)
task_obj_add_40931               gain_only      r=1.6000 dists=0.0832 lpips=0.3646 effect=0.3399 (80s)
task_obj_add_581286              gain_only      r=1.6000 dists=0.0506 lpips=0.1510 effect=0.1637 (80s)
task_obj_add_692065              gain_only      r=1.6000 dists=0.0733 lpips=0.1707 effect=0.2225 (80s)
task_obj_remove_10197            gain_only      r=1.6000 dists=0.0657 lpips=0.2776 effect=0.4200 (80s)
task_obj_remove_257910           gain_only      r=1.6000 dists=0.0528 lpips=0.2338 effect=0.2399 (80s)
task_obj_remove_380621           gain_only      r=1.6000 dists=0.0722 lpips=0.2593 effect=0.3810 (80s)
task_obj_remove_509477           gain_only      r=1.6000 dists=0.0793 lpips=0.2598 effect=0.2843 (80s)
task_obj_remove_657585           gain_only      r=1.6000 dists=0.0452 lpips=0.1500 effect=0.2729 (80s)
task_obj_swap_joint_mask_276754  gain_only      r=1.6000 dists=0.1454 lpips=0.4202 effect=0.1866 (80s)
task_obj_swap_joint_mask_533428  gain_only      r=1.6000 dists=0.0904 lpips=0.2855 effect=0.3451 (80s)
/nfs/home/nelson0314/venvs/wacv/lib/python3.11/site-packages/diffusers/image_processor.py:724: FutureWarning: Passing `image` as torch tensor with value range in [-1,1] is deprecated. The expected value range for image tensor is [0,1] when passing as pytorch tensor or numpy Array. You passed `image` with value range [-0.9686274528503418,1.0]
  warnings.warn(
task_obj_swap_joint_mask_75733   gain_only      r=1.6000 dists=0.0857 lpips=0.2881 effect=0.3571 (80s)
task_obj_swap_rand_mask_298147   gain_only      r=1.6000 dists=0.1162 lpips=0.3542 effect=0.5720 (80s)
task_obj_swap_rand_mask_417469   gain_only      r=1.6000 dists=0.0515 lpips=0.2231 effect=0.2706 (80s)

表：runs/ip2p_reach_lpips/go100_r16/results.csv（25 列）
