Warning: You are sending unauthenticated requests to the HF Hub. Please set a HF_TOKEN to enable higher rate limits and faster downloads.
Loading pipeline components...:   0%|          | 0/6 [00:00<?, ?it/s]Loading pipeline components...:  50%|█████     | 3/6 [00:00<00:00, 25.16it/s]
Loading weights:   0%|          | 0/196 [00:00<?, ?it/s][ALoading weights: 100%|██████████| 196/196 [00:00<00:00, 3416.28it/s]
Loading pipeline components...: 100%|██████████| 6/6 [00:00<00:00, 14.74it/s]Loading pipeline components...: 100%|██████████| 6/6 [00:00<00:00, 15.71it/s]
There are modules in AutoencoderKL that should be kept in float32: []. Casting directly with `to()` can lead to inconsistent results; set `torch_dtype` in `from_pretrained()` instead to keep these modules in float32.
/nfs/home/nelson0314/venvs/wacv/lib/python3.11/site-packages/torchvision/models/_utils.py:207: UserWarning: The parameter 'pretrained' is deprecated since 0.13 and may be removed in the future, please use 'weights' instead.
  warnings.warn(
/nfs/home/nelson0314/venvs/wacv/lib/python3.11/site-packages/torchvision/models/_utils.py:222: UserWarning: Arguments other than a weight enum or `None` for 'weights' are deprecated since 0.13 and may be removed in the future. The current behavior is equivalent to passing `weights=VGG16_Weights.IMAGENET1K_V1`. You can also use `weights=VGG16_Weights.DEFAULT` to get the most up-to-date weights.
  warnings.warn(msg)
IP2P 線：25 張、條件 ['phase_gain']、steps=100 s_T=7.5 s_I=1.5 seed=20260812
/nfs/home/nelson0314/venvs/wacv/lib/python3.11/site-packages/diffusers/image_processor.py:724: FutureWarning: Passing `image` as torch tensor with value range in [-1,1] is deprecated. The expected value range for image tensor is [0,1] when passing as pytorch tensor or numpy Array. You passed `image` with value range [-1.0,1.0]
  warnings.warn(
task_attr_mod_color_11699        phase_gain     r=3.0000 dists=0.1314 lpips=0.2263 effect=0.2787 (80s)
task_attr_mod_color_136767       phase_gain     r=3.0000 dists=0.1842 lpips=0.3151 effect=0.3873 (80s)
task_attr_mod_color_184837       phase_gain     r=3.0000 dists=0.2236 lpips=0.3553 effect=0.4356 (80s)
task_attr_mod_color_32648        phase_gain     r=3.0000 dists=0.0815 lpips=0.2782 effect=0.2780 (80s)
task_attr_mod_color_6205         phase_gain     r=3.0000 dists=0.1572 lpips=0.2309 effect=0.4356 (80s)
task_env_weather_112463          phase_gain     r=3.0000 dists=0.0877 lpips=0.3335 effect=0.3699 (80s)
task_env_weather_133752          phase_gain     r=3.0000 dists=0.1074 lpips=0.3569 effect=0.5673 (80s)
task_env_weather_181583          phase_gain     r=3.0000 dists=0.1105 lpips=0.3566 effect=0.6874 (81s)
task_env_weather_246440          phase_gain     r=3.0000 dists=0.1668 lpips=0.3823 effect=0.4631 (80s)
task_env_weather_63722           phase_gain     r=3.0000 dists=0.1483 lpips=0.2921 effect=0.3383 (81s)
task_obj_add_13726               phase_gain     r=3.0000 dists=0.1889 lpips=0.3761 effect=0.4839 (80s)
task_obj_add_340466              phase_gain     r=3.0000 dists=0.1459 lpips=0.2365 effect=0.3465 (80s)
task_obj_add_40931               phase_gain     r=3.0000 dists=0.1827 lpips=0.5047 effect=0.5003 (80s)
task_obj_add_581286              phase_gain     r=3.0000 dists=0.1079 lpips=0.2525 effect=0.3385 (80s)
task_obj_add_692065              phase_gain     r=3.0000 dists=0.1328 lpips=0.2842 effect=0.3373 (80s)
task_obj_remove_10197            phase_gain     r=3.0000 dists=0.1327 lpips=0.3869 effect=0.4736 (80s)
task_obj_remove_257910           phase_gain     r=3.0000 dists=0.1008 lpips=0.3635 effect=0.3495 (80s)
task_obj_remove_380621           phase_gain     r=3.0000 dists=0.1259 lpips=0.3811 effect=0.7515 (80s)
task_obj_remove_509477           phase_gain     r=3.0000 dists=0.1618 lpips=0.4205 effect=0.4639 (80s)
task_obj_remove_657585           phase_gain     r=3.0000 dists=0.0905 lpips=0.2961 effect=0.3826 (80s)
task_obj_swap_joint_mask_276754  phase_gain     r=3.0000 dists=0.2059 lpips=0.4839 effect=0.1892 (80s)
task_obj_swap_joint_mask_533428  phase_gain     r=3.0000 dists=0.1924 lpips=0.4493 effect=0.5158 (80s)
/nfs/home/nelson0314/venvs/wacv/lib/python3.11/site-packages/diffusers/image_processor.py:724: FutureWarning: Passing `image` as torch tensor with value range in [-1,1] is deprecated. The expected value range for image tensor is [0,1] when passing as pytorch tensor or numpy Array. You passed `image` with value range [-0.9686274528503418,1.0]
  warnings.warn(
task_obj_swap_joint_mask_75733   phase_gain     r=3.0000 dists=0.1555 lpips=0.3675 effect=0.4527 (80s)
task_obj_swap_rand_mask_298147   phase_gain     r=3.0000 dists=0.1965 lpips=0.4776 effect=0.7058 (80s)
task_obj_swap_rand_mask_417469   phase_gain     r=3.0000 dists=0.1458 lpips=0.3662 effect=0.4386 (79s)

表：runs/ip2p_reach_lpips/pg025_r30/results.csv（25 列）
