Warning: You are sending unauthenticated requests to the HF Hub. Please set a HF_TOKEN to enable higher rate limits and faster downloads.
Loading pipeline components...:   0%|          | 0/6 [00:00<?, ?it/s]Loading pipeline components...:  67%|██████▋   | 4/6 [00:00<00:00, 34.59it/s]
Loading weights:   0%|          | 0/196 [00:00<?, ?it/s][ALoading weights: 100%|██████████| 196/196 [00:00<00:00, 4314.88it/s]
Loading pipeline components...: 100%|██████████| 6/6 [00:00<00:00, 16.22it/s]
There are modules in AutoencoderKL that should be kept in float32: []. Casting directly with `to()` can lead to inconsistent results; set `torch_dtype` in `from_pretrained()` instead to keep these modules in float32.
/nfs/home/nelson0314/venvs/wacv/lib/python3.11/site-packages/torchvision/models/_utils.py:207: UserWarning: The parameter 'pretrained' is deprecated since 0.13 and may be removed in the future, please use 'weights' instead.
  warnings.warn(
/nfs/home/nelson0314/venvs/wacv/lib/python3.11/site-packages/torchvision/models/_utils.py:222: UserWarning: Arguments other than a weight enum or `None` for 'weights' are deprecated since 0.13 and may be removed in the future. The current behavior is equivalent to passing `weights=VGG16_Weights.IMAGENET1K_V1`. You can also use `weights=VGG16_Weights.DEFAULT` to get the most up-to-date weights.
  warnings.warn(msg)
IP2P 線：25 張、條件 ['phase_gain']、steps=100 s_T=7.5 s_I=1.5 seed=20260812
/nfs/home/nelson0314/venvs/wacv/lib/python3.11/site-packages/diffusers/image_processor.py:724: FutureWarning: Passing `image` as torch tensor with value range in [-1,1] is deprecated. The expected value range for image tensor is [0,1] when passing as pytorch tensor or numpy Array. You passed `image` with value range [-1.0,1.0]
  warnings.warn(
task_attr_mod_color_11699        phase_gain     r=2.5000 dists=0.1139 lpips=0.2032 effect=0.2613 (82s)
task_attr_mod_color_136767       phase_gain     r=2.5000 dists=0.1626 lpips=0.2912 effect=0.3545 (82s)
task_attr_mod_color_184837       phase_gain     r=2.5000 dists=0.2042 lpips=0.3396 effect=0.4214 (82s)
task_attr_mod_color_32648        phase_gain     r=2.5000 dists=0.0685 lpips=0.2600 effect=0.2630 (82s)
task_attr_mod_color_6205         phase_gain     r=2.5000 dists=0.1406 lpips=0.2112 effect=0.3990 (83s)
task_env_weather_112463          phase_gain     r=2.5000 dists=0.0760 lpips=0.3086 effect=0.3864 (82s)
task_env_weather_133752          phase_gain     r=2.5000 dists=0.0861 lpips=0.3314 effect=0.3732 (83s)
task_env_weather_181583          phase_gain     r=2.5000 dists=0.1031 lpips=0.3334 effect=0.6840 (83s)
task_env_weather_246440          phase_gain     r=2.5000 dists=0.1538 lpips=0.3606 effect=0.4613 (82s)
task_env_weather_63722           phase_gain     r=2.5000 dists=0.1366 lpips=0.2746 effect=0.3179 (83s)
task_obj_add_13726               phase_gain     r=2.5000 dists=0.1663 lpips=0.3531 effect=0.4554 (83s)
task_obj_add_340466              phase_gain     r=2.5000 dists=0.1381 lpips=0.2160 effect=0.3106 (83s)
task_obj_add_40931               phase_gain     r=2.5000 dists=0.1465 lpips=0.4866 effect=0.4720 (83s)
task_obj_add_581286              phase_gain     r=2.5000 dists=0.0902 lpips=0.2306 effect=0.2492 (83s)
task_obj_add_692065              phase_gain     r=2.5000 dists=0.1218 lpips=0.2630 effect=0.3207 (83s)
task_obj_remove_10197            phase_gain     r=2.5000 dists=0.1154 lpips=0.3667 effect=0.4645 (83s)
task_obj_remove_257910           phase_gain     r=2.5000 dists=0.0890 lpips=0.3400 effect=0.3244 (83s)
task_obj_remove_380621           phase_gain     r=2.5000 dists=0.1080 lpips=0.3609 effect=0.7097 (83s)
task_obj_remove_509477           phase_gain     r=2.5000 dists=0.1434 lpips=0.3907 effect=0.4286 (83s)
task_obj_remove_657585           phase_gain     r=2.5000 dists=0.0789 lpips=0.2605 effect=0.3332 (83s)
task_obj_swap_joint_mask_276754  phase_gain     r=2.5000 dists=0.1886 lpips=0.4750 effect=0.1972 (82s)
task_obj_swap_joint_mask_533428  phase_gain     r=2.5000 dists=0.1701 lpips=0.4214 effect=0.5094 (83s)
/nfs/home/nelson0314/venvs/wacv/lib/python3.11/site-packages/diffusers/image_processor.py:724: FutureWarning: Passing `image` as torch tensor with value range in [-1,1] is deprecated. The expected value range for image tensor is [0,1] when passing as pytorch tensor or numpy Array. You passed `image` with value range [-0.9686274528503418,1.0]
  warnings.warn(
task_obj_swap_joint_mask_75733   phase_gain     r=2.5000 dists=0.1349 lpips=0.3553 effect=0.4402 (83s)
task_obj_swap_rand_mask_298147   phase_gain     r=2.5000 dists=0.1748 lpips=0.4553 effect=0.6750 (83s)
task_obj_swap_rand_mask_417469   phase_gain     r=2.5000 dists=0.1273 lpips=0.3383 effect=0.4261 (83s)

表：runs/ip2p_reach_lpips/pg025_r25/results.csv（25 列）
