Loading pipeline components...:   0%|          | 0/6 [00:00<?, ?it/s]
Loading weights:   0%|          | 0/196 [00:00<?, ?it/s][ALoading weights: 100%|██████████| 196/196 [00:00<00:00, 3530.59it/s]
Loading pipeline components...:  33%|███▎      | 2/6 [00:00<00:00, 12.68it/s]Loading pipeline components...:  67%|██████▋   | 4/6 [00:00<00:00, 13.84it/s]Loading pipeline components...: 100%|██████████| 6/6 [00:00<00:00, 16.28it/s]
There are modules in AutoencoderKL that should be kept in float32: []. Casting directly with `to()` can lead to inconsistent results; set `torch_dtype` in `from_pretrained()` instead to keep these modules in float32.
/nfs/home/nelson0314/venvs/wacv/lib/python3.11/site-packages/torchvision/models/_utils.py:207: UserWarning: The parameter 'pretrained' is deprecated since 0.13 and may be removed in the future, please use 'weights' instead.
  warnings.warn(
/nfs/home/nelson0314/venvs/wacv/lib/python3.11/site-packages/torchvision/models/_utils.py:222: UserWarning: Arguments other than a weight enum or `None` for 'weights' are deprecated since 0.13 and may be removed in the future. The current behavior is equivalent to passing `weights=VGG16_Weights.IMAGENET1K_V1`. You can also use `weights=VGG16_Weights.DEFAULT` to get the most up-to-date weights.
  warnings.warn(msg)
IP2P 線：25 張、條件 ['phase_gain']、steps=100 s_T=7.5 s_I=1.5 seed=20260812
/nfs/home/nelson0314/venvs/wacv/lib/python3.11/site-packages/diffusers/image_processor.py:724: FutureWarning: Passing `image` as torch tensor with value range in [-1,1] is deprecated. The expected value range for image tensor is [0,1] when passing as pytorch tensor or numpy Array. You passed `image` with value range [-1.0,1.0]
  warnings.warn(
task_attr_mod_color_11699        phase_gain     r=1.0000 dists=0.0560 lpips=0.1488 effect=0.1934 (80s)
task_attr_mod_color_136767       phase_gain     r=1.0000 dists=0.1011 lpips=0.2244 effect=0.2650 (81s)
task_attr_mod_color_184837       phase_gain     r=1.0000 dists=0.1416 lpips=0.2493 effect=0.3359 (81s)
task_attr_mod_color_32648        phase_gain     r=1.0000 dists=0.0487 lpips=0.2291 effect=0.2466 (80s)
task_attr_mod_color_6205         phase_gain     r=1.0000 dists=0.0984 lpips=0.1536 effect=0.3042 (81s)
task_env_weather_112463          phase_gain     r=1.0000 dists=0.0510 lpips=0.2535 effect=0.3325 (81s)
task_env_weather_133752          phase_gain     r=1.0000 dists=0.0479 lpips=0.2527 effect=0.3015 (81s)
task_env_weather_181583          phase_gain     r=1.0000 dists=0.0586 lpips=0.2696 effect=0.6649 (81s)
task_env_weather_246440          phase_gain     r=1.0000 dists=0.0960 lpips=0.2866 effect=0.4193 (81s)
task_env_weather_63722           phase_gain     r=1.0000 dists=0.0831 lpips=0.2172 effect=0.2542 (81s)
task_obj_add_13726               phase_gain     r=1.0000 dists=0.0924 lpips=0.2792 effect=0.3918 (81s)
task_obj_add_340466              phase_gain     r=1.0000 dists=0.0780 lpips=0.1623 effect=0.2744 (81s)
task_obj_add_40931               phase_gain     r=1.0000 dists=0.0886 lpips=0.4064 effect=0.3884 (81s)
task_obj_add_581286              phase_gain     r=1.0000 dists=0.0535 lpips=0.1751 effect=0.1856 (81s)
task_obj_add_692065              phase_gain     r=1.0000 dists=0.0708 lpips=0.1964 effect=0.2533 (81s)
task_obj_remove_10197            phase_gain     r=1.0000 dists=0.0648 lpips=0.3035 effect=0.4340 (81s)
task_obj_remove_257910           phase_gain     r=1.0000 dists=0.0552 lpips=0.2694 effect=0.2684 (81s)
task_obj_remove_380621           phase_gain     r=1.0000 dists=0.0791 lpips=0.2940 effect=0.4963 (81s)
task_obj_remove_509477           phase_gain     r=1.0000 dists=0.0818 lpips=0.3091 effect=0.3173 (81s)
task_obj_remove_657585           phase_gain     r=1.0000 dists=0.0490 lpips=0.1814 effect=0.2916 (81s)
task_obj_swap_joint_mask_276754  phase_gain     r=1.0000 dists=0.1306 lpips=0.4429 effect=0.2014 (81s)
task_obj_swap_joint_mask_533428  phase_gain     r=1.0000 dists=0.0983 lpips=0.3311 effect=0.3732 (81s)
/nfs/home/nelson0314/venvs/wacv/lib/python3.11/site-packages/diffusers/image_processor.py:724: FutureWarning: Passing `image` as torch tensor with value range in [-1,1] is deprecated. The expected value range for image tensor is [0,1] when passing as pytorch tensor or numpy Array. You passed `image` with value range [-0.9686274528503418,1.0]
  warnings.warn(
task_obj_swap_joint_mask_75733   phase_gain     r=1.0000 dists=0.0952 lpips=0.3178 effect=0.3978 (81s)
task_obj_swap_rand_mask_298147   phase_gain     r=1.0000 dists=0.1214 lpips=0.3891 effect=0.6296 (81s)
task_obj_swap_rand_mask_417469   phase_gain     r=1.0000 dists=0.0544 lpips=0.2607 effect=0.3320 (81s)

表：runs/ip2p_reach_lpips/pg100_r10/results.csv（25 列）
