Warning: You are sending unauthenticated requests to the HF Hub. Please set a HF_TOKEN to enable higher rate limits and faster downloads.
Loading pipeline components...:   0%|          | 0/6 [00:00<?, ?it/s]Loading pipeline components...:  17%|█▋        | 1/6 [00:00<00:00,  7.34it/s]
Loading weights:   0%|          | 0/196 [00:00<?, ?it/s][ALoading weights: 100%|██████████| 196/196 [00:00<00:00, 3727.19it/s]
Loading pipeline components...:  50%|█████     | 3/6 [00:00<00:00, 10.45it/s]Loading pipeline components...: 100%|██████████| 6/6 [00:00<00:00, 17.26it/s]Loading pipeline components...: 100%|██████████| 6/6 [00:00<00:00, 14.93it/s]
There are modules in AutoencoderKL that should be kept in float32: []. Casting directly with `to()` can lead to inconsistent results; set `torch_dtype` in `from_pretrained()` instead to keep these modules in float32.
/nfs/home/nelson0314/venvs/wacv/lib/python3.11/site-packages/torchvision/models/_utils.py:207: UserWarning: The parameter 'pretrained' is deprecated since 0.13 and may be removed in the future, please use 'weights' instead.
  warnings.warn(
/nfs/home/nelson0314/venvs/wacv/lib/python3.11/site-packages/torchvision/models/_utils.py:222: UserWarning: Arguments other than a weight enum or `None` for 'weights' are deprecated since 0.13 and may be removed in the future. The current behavior is equivalent to passing `weights=VGG16_Weights.IMAGENET1K_V1`. You can also use `weights=VGG16_Weights.DEFAULT` to get the most up-to-date weights.
  warnings.warn(msg)
IP2P 線：13 張、條件 ['gain_only']、steps=100 s_T=7.5 s_I=1.5 seed=20260812
/nfs/home/nelson0314/venvs/wacv/lib/python3.11/site-packages/diffusers/image_processor.py:724: FutureWarning: Passing `image` as torch tensor with value range in [-1,1] is deprecated. The expected value range for image tensor is [0,1] when passing as pytorch tensor or numpy Array. You passed `image` with value range [-1.0,1.0]
  warnings.warn(
Loading weights:   0%|          | 0/398 [00:00<?, ?it/s]Loading weights: 100%|██████████| 398/398 [00:00<00:00, 11347.52it/s]
[transformers] Model config: bos_token_id must be `None` or an integer within the vocabulary (between 0 and 31999), got 49406. This may result in unexpected behavior.
[transformers] Model config: eos_token_id must be `None` or an integer within the vocabulary (between 0 and 31999), got 49407. This may result in unexpected behavior.
Loading weights:   0%|          | 0/408 [00:00<?, ?it/s]Loading weights:  89%|████████▉ | 363/408 [00:00<00:00, 3626.32it/s]Loading weights: 100%|██████████| 408/408 [00:00<00:00, 3601.67it/s]
task_attr_mod_color_11699        gain_only      r=3.6000 dists=0.0997 lpips=0.2956 effect=0.3880 (401s)
task_attr_mod_color_136767       gain_only      r=3.6000 dists=0.1560 lpips=0.3598 effect=0.4436 (391s)
task_attr_mod_color_184837       gain_only      r=3.6000 dists=0.2077 lpips=0.4142 effect=0.6096 (391s)
task_attr_mod_color_32648        gain_only      r=3.6000 dists=0.0904 lpips=0.4013 effect=0.3313 (391s)
task_attr_mod_color_6205         gain_only      r=3.6000 dists=0.1304 lpips=0.3038 effect=0.4401 (391s)
task_env_weather_112463          gain_only      r=3.6000 dists=0.0816 lpips=0.4423 effect=0.3991 (391s)
task_env_weather_246440          gain_only      r=3.6000 dists=0.1531 lpips=0.3991 effect=0.5847 (390s)
task_env_weather_63722           gain_only      r=3.6000 dists=0.1020 lpips=0.3673 effect=0.4648 (390s)
task_obj_add_40931               gain_only      r=3.6000 dists=0.1675 lpips=0.4637 effect=0.5484 (390s)
task_obj_remove_380621           gain_only      r=3.6000 dists=0.1111 lpips=0.3610 effect=0.4500 (390s)
task_obj_swap_joint_mask_276754  gain_only      r=3.6000 dists=0.1763 lpips=0.4386 effect=0.6646 (389s)
task_obj_swap_joint_mask_533428  gain_only      r=3.6000 dists=0.1474 lpips=0.4626 effect=0.5646 (389s)
task_obj_swap_rand_mask_417469   gain_only      r=3.6000 dists=0.1324 lpips=0.4311 effect=0.6512 (388s)

表：runs/ip2p_axis_necessity/a_gn_r36/results.csv（13 列）
