Loading pipeline components...:   0%|          | 0/6 [00:00<?, ?it/s]
Loading weights:   0%|          | 0/196 [00:00<?, ?it/s][ALoading weights: 100%|██████████| 196/196 [00:00<00:00, 3675.00it/s]
Loading pipeline components...:  50%|█████     | 3/6 [00:00<00:00, 13.87it/s]Loading pipeline components...: 100%|██████████| 6/6 [00:00<00:00, 16.29it/s]Loading pipeline components...: 100%|██████████| 6/6 [00:00<00:00, 15.87it/s]
There are modules in AutoencoderKL that should be kept in float32: []. Casting directly with `to()` can lead to inconsistent results; set `torch_dtype` in `from_pretrained()` instead to keep these modules in float32.
/nfs/home/nelson0314/venvs/wacv/lib/python3.11/site-packages/torchvision/models/_utils.py:207: UserWarning: The parameter 'pretrained' is deprecated since 0.13 and may be removed in the future, please use 'weights' instead.
  warnings.warn(
/nfs/home/nelson0314/venvs/wacv/lib/python3.11/site-packages/torchvision/models/_utils.py:222: UserWarning: Arguments other than a weight enum or `None` for 'weights' are deprecated since 0.13 and may be removed in the future. The current behavior is equivalent to passing `weights=VGG16_Weights.IMAGENET1K_V1`. You can also use `weights=VGG16_Weights.DEFAULT` to get the most up-to-date weights.
  warnings.warn(msg)
IP2P 線：13 張、條件 ['gain_only']、steps=100 s_T=7.5 s_I=1.5 seed=20260812
/nfs/home/nelson0314/venvs/wacv/lib/python3.11/site-packages/diffusers/image_processor.py:724: FutureWarning: Passing `image` as torch tensor with value range in [-1,1] is deprecated. The expected value range for image tensor is [0,1] when passing as pytorch tensor or numpy Array. You passed `image` with value range [-1.0,1.0]
  warnings.warn(
Warning: You are sending unauthenticated requests to the HF Hub. Please set a HF_TOKEN to enable higher rate limits and faster downloads.
Loading weights:   0%|          | 0/398 [00:00<?, ?it/s]Loading weights: 100%|██████████| 398/398 [00:00<00:00, 11494.09it/s]
[transformers] Model config: bos_token_id must be `None` or an integer within the vocabulary (between 0 and 31999), got 49406. This may result in unexpected behavior.
[transformers] Model config: eos_token_id must be `None` or an integer within the vocabulary (between 0 and 31999), got 49407. This may result in unexpected behavior.
Loading weights:   0%|          | 0/408 [00:00<?, ?it/s]Loading weights:  90%|█████████ | 369/408 [00:00<00:00, 3687.06it/s]Loading weights: 100%|██████████| 408/408 [00:00<00:00, 3680.39it/s]
task_attr_mod_color_11699        gain_only      r=4.0000 dists=0.1495 lpips=0.5480 effect=0.6034 (416s)
task_attr_mod_color_136767       gain_only      r=4.0000 dists=0.1881 lpips=0.5108 effect=0.6300 (411s)
task_attr_mod_color_184837       gain_only      r=4.0000 dists=0.2377 lpips=0.5462 effect=0.7825 (411s)
task_attr_mod_color_32648        gain_only      r=4.0000 dists=0.1658 lpips=0.5786 effect=0.6110 (411s)
task_attr_mod_color_6205         gain_only      r=4.0000 dists=0.1729 lpips=0.5612 effect=0.7407 (411s)
task_env_weather_112463          gain_only      r=4.0000 dists=0.1077 lpips=0.5934 effect=0.8645 (410s)
task_env_weather_246440          gain_only      r=4.0000 dists=0.1871 lpips=0.4798 effect=0.6189 (411s)
task_env_weather_63722           gain_only      r=4.0000 dists=0.1375 lpips=0.5430 effect=0.6870 (410s)
task_obj_add_40931               gain_only      r=4.0000 dists=0.2064 lpips=0.5426 effect=0.7136 (410s)
task_obj_remove_380621           gain_only      r=4.0000 dists=0.1573 lpips=0.5578 effect=0.7393 (409s)
task_obj_swap_joint_mask_276754  gain_only      r=4.0000 dists=0.2124 lpips=0.5130 effect=0.6798 (409s)
task_obj_swap_joint_mask_533428  gain_only      r=4.0000 dists=0.1729 lpips=0.5441 effect=0.6378 (409s)
task_obj_swap_rand_mask_417469   gain_only      r=4.0000 dists=0.1504 lpips=0.5462 effect=0.7615 (349s)

表：runs/ip2p_axis_necessity/b_gn_r40/results.csv（13 列）
