Warning: You are sending unauthenticated requests to the HF Hub. Please set a HF_TOKEN to enable higher rate limits and faster downloads.
Loading pipeline components...:   0%|          | 0/6 [00:00<?, ?it/s]Loading pipeline components...:  67%|██████▋   | 4/6 [00:00<00:00, 21.15it/s]
Loading weights:   0%|          | 0/196 [00:00<?, ?it/s][ALoading weights: 100%|██████████| 196/196 [00:00<00:00, 3261.06it/s]
Loading pipeline components...: 100%|██████████| 6/6 [00:00<00:00, 15.69it/s]
There are modules in AutoencoderKL that should be kept in float32: []. Casting directly with `to()` can lead to inconsistent results; set `torch_dtype` in `from_pretrained()` instead to keep these modules in float32.
/nfs/home/nelson0314/venvs/wacv/lib/python3.11/site-packages/torchvision/models/_utils.py:207: UserWarning: The parameter 'pretrained' is deprecated since 0.13 and may be removed in the future, please use 'weights' instead.
  warnings.warn(
/nfs/home/nelson0314/venvs/wacv/lib/python3.11/site-packages/torchvision/models/_utils.py:222: UserWarning: Arguments other than a weight enum or `None` for 'weights' are deprecated since 0.13 and may be removed in the future. The current behavior is equivalent to passing `weights=VGG16_Weights.IMAGENET1K_V1`. You can also use `weights=VGG16_Weights.DEFAULT` to get the most up-to-date weights.
  warnings.warn(msg)
IP2P 線：13 張、條件 ['gain_only']、steps=100 s_T=7.5 s_I=1.5 seed=20260812
/nfs/home/nelson0314/venvs/wacv/lib/python3.11/site-packages/diffusers/image_processor.py:724: FutureWarning: Passing `image` as torch tensor with value range in [-1,1] is deprecated. The expected value range for image tensor is [0,1] when passing as pytorch tensor or numpy Array. You passed `image` with value range [-1.0,1.0]
  warnings.warn(
Loading weights:   0%|          | 0/398 [00:00<?, ?it/s]Loading weights: 100%|██████████| 398/398 [00:00<00:00, 12893.49it/s]
[transformers] Model config: bos_token_id must be `None` or an integer within the vocabulary (between 0 and 31999), got 49406. This may result in unexpected behavior.
[transformers] Model config: eos_token_id must be `None` or an integer within the vocabulary (between 0 and 31999), got 49407. This may result in unexpected behavior.
Loading weights:   0%|          | 0/408 [00:00<?, ?it/s]Loading weights:  79%|███████▊  | 321/408 [00:00<00:00, 3209.43it/s]Loading weights: 100%|██████████| 408/408 [00:00<00:00, 3260.99it/s]
task_attr_mod_color_11699        gain_only      r=3.2000 dists=0.1334 lpips=0.5296 effect=0.5359 (405s)
task_attr_mod_color_136767       gain_only      r=3.2000 dists=0.1710 lpips=0.4933 effect=0.6338 (399s)
task_attr_mod_color_184837       gain_only      r=3.2000 dists=0.2210 lpips=0.5185 effect=0.7827 (399s)
task_attr_mod_color_32648        gain_only      r=3.2000 dists=0.1453 lpips=0.5667 effect=0.6226 (399s)
task_attr_mod_color_6205         gain_only      r=3.2000 dists=0.1560 lpips=0.5443 effect=0.7370 (399s)
task_env_weather_112463          gain_only      r=3.2000 dists=0.0948 lpips=0.5793 effect=0.8545 (398s)
task_env_weather_246440          gain_only      r=3.2000 dists=0.1577 lpips=0.4592 effect=0.6251 (399s)
task_env_weather_63722           gain_only      r=3.2000 dists=0.1257 lpips=0.5249 effect=0.6790 (398s)
task_obj_add_40931               gain_only      r=3.2000 dists=0.1755 lpips=0.5202 effect=0.7549 (398s)
task_obj_remove_380621           gain_only      r=3.2000 dists=0.1415 lpips=0.5489 effect=0.7368 (398s)
task_obj_swap_joint_mask_276754  gain_only      r=3.2000 dists=0.1748 lpips=0.4983 effect=0.6869 (398s)
task_obj_swap_joint_mask_533428  gain_only      r=3.2000 dists=0.1503 lpips=0.5224 effect=0.6399 (398s)
task_obj_swap_rand_mask_417469   gain_only      r=3.2000 dists=0.1305 lpips=0.5286 effect=0.7790 (335s)

表：runs/ip2p_axis_necessity/b_gn_r32/results.csv（13 列）
