Warning: You are sending unauthenticated requests to the HF Hub. Please set a HF_TOKEN to enable higher rate limits and faster downloads.
Loading pipeline components...:   0%|          | 0/6 [00:00<?, ?it/s]Loading pipeline components...:  17%|█▋        | 1/6 [00:00<00:00,  9.51it/s]Loading pipeline components...:  67%|██████▋   | 4/6 [00:00<00:00, 21.20it/s]
Loading weights:   0%|          | 0/196 [00:00<?, ?it/s][ALoading weights: 100%|██████████| 196/196 [00:00<00:00, 3870.91it/s]
Loading pipeline components...: 100%|██████████| 6/6 [00:00<00:00, 16.89it/s]
There are modules in AutoencoderKL that should be kept in float32: []. Casting directly with `to()` can lead to inconsistent results; set `torch_dtype` in `from_pretrained()` instead to keep these modules in float32.
/nfs/home/nelson0314/venvs/wacv/lib/python3.11/site-packages/torchvision/models/_utils.py:207: UserWarning: The parameter 'pretrained' is deprecated since 0.13 and may be removed in the future, please use 'weights' instead.
  warnings.warn(
/nfs/home/nelson0314/venvs/wacv/lib/python3.11/site-packages/torchvision/models/_utils.py:222: UserWarning: Arguments other than a weight enum or `None` for 'weights' are deprecated since 0.13 and may be removed in the future. The current behavior is equivalent to passing `weights=VGG16_Weights.IMAGENET1K_V1`. You can also use `weights=VGG16_Weights.DEFAULT` to get the most up-to-date weights.
  warnings.warn(msg)
IP2P 線：13 張、條件 ['phase_gain']、steps=100 s_T=7.5 s_I=1.5 seed=20260812
/nfs/home/nelson0314/venvs/wacv/lib/python3.11/site-packages/diffusers/image_processor.py:724: FutureWarning: Passing `image` as torch tensor with value range in [-1,1] is deprecated. The expected value range for image tensor is [0,1] when passing as pytorch tensor or numpy Array. You passed `image` with value range [-1.0,1.0]
  warnings.warn(
Loading weights:   0%|          | 0/398 [00:00<?, ?it/s]Loading weights: 100%|██████████| 398/398 [00:00<00:00, 9723.68it/s]
[transformers] Model config: bos_token_id must be `None` or an integer within the vocabulary (between 0 and 31999), got 49406. This may result in unexpected behavior.
[transformers] Model config: eos_token_id must be `None` or an integer within the vocabulary (between 0 and 31999), got 49407. This may result in unexpected behavior.
Loading weights:   0%|          | 0/408 [00:00<?, ?it/s]Loading weights:  89%|████████▉ | 363/408 [00:00<00:00, 3611.95it/s]Loading weights: 100%|██████████| 408/408 [00:00<00:00, 3617.89it/s]
task_attr_mod_color_11699        phase_gain     r=2.5000 dists=0.1191 lpips=0.3446 effect=0.4938 (186s)
task_attr_mod_color_136767       phase_gain     r=2.5000 dists=0.1944 lpips=0.4062 effect=0.5634 (177s)
task_attr_mod_color_184837       phase_gain     r=2.5000 dists=0.2410 lpips=0.4661 effect=0.7377 (177s)
task_attr_mod_color_32648        phase_gain     r=2.5000 dists=0.0994 lpips=0.4278 effect=0.3561 (177s)
task_attr_mod_color_6205         phase_gain     r=2.5000 dists=0.1525 lpips=0.3426 effect=0.5680 (177s)
task_env_weather_112463          phase_gain     r=2.5000 dists=0.0985 lpips=0.4516 effect=0.8002 (177s)
task_env_weather_246440          phase_gain     r=2.5000 dists=0.1784 lpips=0.4321 effect=0.6271 (177s)
task_env_weather_63722           phase_gain     r=2.5000 dists=0.1207 lpips=0.4030 effect=0.5158 (177s)
task_obj_add_40931               phase_gain     r=2.5000 dists=0.1767 lpips=0.5004 effect=0.5575 (177s)
task_obj_remove_380621           phase_gain     r=2.5000 dists=0.1274 lpips=0.4073 effect=0.5062 (177s)
task_obj_swap_joint_mask_276754  phase_gain     r=2.5000 dists=0.2130 lpips=0.4588 effect=0.6640 (177s)
task_obj_swap_joint_mask_533428  phase_gain     r=2.5000 dists=0.1914 lpips=0.4972 effect=0.6414 (177s)
task_obj_swap_rand_mask_417469   phase_gain     r=2.5000 dists=0.1565 lpips=0.4732 effect=0.6851 (177s)

表：runs/ip2p_pricing_strength/g015_r25/results.csv（13 列）
