Loading pipeline components...:   0%|          | 0/6 [00:00<?, ?it/s]Loading pipeline components...:  33%|███▎      | 2/6 [00:00<00:00, 14.78it/s]
Loading weights:   0%|          | 0/196 [00:00<?, ?it/s][ALoading weights: 100%|██████████| 196/196 [00:00<00:00, 3479.10it/s]
Loading pipeline components...:  67%|██████▋   | 4/6 [00:00<00:00,  8.82it/s]Loading pipeline components...: 100%|██████████| 6/6 [00:00<00:00,  9.31it/s]Loading pipeline components...: 100%|██████████| 6/6 [00:00<00:00,  9.57it/s]
There are modules in AutoencoderKL that should be kept in float32: []. Casting directly with `to()` can lead to inconsistent results; set `torch_dtype` in `from_pretrained()` instead to keep these modules in float32.
/nfs/home/nelson0314/venvs/wacv/lib/python3.11/site-packages/torchvision/models/_utils.py:207: UserWarning: The parameter 'pretrained' is deprecated since 0.13 and may be removed in the future, please use 'weights' instead.
  warnings.warn(
/nfs/home/nelson0314/venvs/wacv/lib/python3.11/site-packages/torchvision/models/_utils.py:222: UserWarning: Arguments other than a weight enum or `None` for 'weights' are deprecated since 0.13 and may be removed in the future. The current behavior is equivalent to passing `weights=VGG16_Weights.IMAGENET1K_V1`. You can also use `weights=VGG16_Weights.DEFAULT` to get the most up-to-date weights.
  warnings.warn(msg)
/nfs/home/nelson0314/venvs/wacv/lib/python3.11/site-packages/diffusers/image_processor.py:724: FutureWarning: Passing `image` as torch tensor with value range in [-1,1] is deprecated. The expected value range for image tensor is [0,1] when passing as pytorch tensor or numpy Array. You passed `image` with value range [-1.0,1.0]
  warnings.warn(
Warning: You are sending unauthenticated requests to the HF Hub. Please set a HF_TOKEN to enable higher rate limits and faster downloads.
Loading weights:   0%|          | 0/398 [00:00<?, ?it/s]Loading weights: 100%|██████████| 398/398 [00:00<00:00, 16484.80it/s]
[transformers] Model config: bos_token_id must be `None` or an integer within the vocabulary (between 0 and 31999), got 49406. This may result in unexpected behavior.
[transformers] Model config: eos_token_id must be `None` or an integer within the vocabulary (between 0 and 31999), got 49407. This may result in unexpected behavior.
Loading weights:   0%|          | 0/408 [00:00<?, ?it/s]Loading weights: 100%|██████████| 408/408 [00:00<00:00, 4206.12it/s]
task_env_weather_112463          disp_k1      amp=4        dists=0.04775 effect=0.2432 clip=0.9610
task_env_weather_112463          disp_k1      amp=8        dists=0.10164 effect=0.3388 clip=0.9460
task_env_weather_112463          disp_k4      amp=4        dists=0.06922 effect=0.2529 clip=0.9681
task_env_weather_112463          disp_k4      amp=8        dists=0.11353 effect=0.3594 clip=0.9257
task_env_weather_112463          disp_kfull   amp=1.6      dists=0.04507 effect=0.1559 clip=0.9790
task_env_weather_112463          disp_kfull   amp=3.14159  dists=0.11521 effect=0.3358 clip=0.9095
task_env_weather_112463          warp_smooth  amp=4        dists=0.08704 effect=0.2727 clip=0.9441
task_env_weather_112463          warp_smooth  amp=8        dists=0.17088 effect=0.4182 clip=0.8727
task_obj_remove_380621           disp_k1      amp=4        dists=0.11186 effect=0.2203 clip=0.9890
/nfs/home/nelson0314/venvs/wacv/lib/python3.11/site-packages/diffusers/image_processor.py:724: FutureWarning: Passing `image` as torch tensor with value range in [-1,1] is deprecated. The expected value range for image tensor is [0,1] when passing as pytorch tensor or numpy Array. You passed `image` with value range [-1.0,0.9747937917709351]
  warnings.warn(
task_obj_remove_380621           disp_k1      amp=8        dists=0.16875 effect=0.2954 clip=0.9672
task_obj_remove_380621           disp_k4      amp=4        dists=0.12620 effect=0.2561 clip=0.9794
task_obj_remove_380621           disp_k4      amp=8        dists=0.19029 effect=0.3173 clip=0.9630
task_obj_remove_380621           disp_kfull   amp=1.6      dists=0.08958 effect=0.1507 clip=0.9950
task_obj_remove_380621           disp_kfull   amp=3.14159  dists=0.20116 effect=0.3524 clip=0.8946
task_obj_remove_380621           warp_smooth  amp=4        dists=0.13933 effect=0.2795 clip=0.9616
task_obj_remove_380621           warp_smooth  amp=8        dists=0.22715 effect=0.4189 clip=0.8944
task_obj_swap_joint_mask_276754  disp_k1      amp=4        dists=0.11701 effect=0.0416 clip=0.9938
task_obj_swap_joint_mask_276754  disp_k1      amp=8        dists=0.19060 effect=0.0726 clip=0.9807
task_obj_swap_joint_mask_276754  disp_k4      amp=4        dists=0.13346 effect=0.0520 clip=0.9922
task_obj_swap_joint_mask_276754  disp_k4      amp=8        dists=0.19866 effect=0.0937 clip=0.9885
task_obj_swap_joint_mask_276754  disp_kfull   amp=1.6      dists=0.07786 effect=0.0560 clip=0.9715
task_obj_swap_joint_mask_276754  disp_kfull   amp=3.14159  dists=0.20070 effect=0.0680 clip=0.9687
task_obj_swap_joint_mask_276754  warp_smooth  amp=4        dists=0.12523 effect=0.1231 clip=0.9496
task_obj_swap_joint_mask_276754  warp_smooth  amp=8        dists=0.21840 effect=0.0983 clip=0.9745
task_obj_swap_joint_mask_533428  disp_k1      amp=4        dists=0.09022 effect=0.3089 clip=0.9307
task_obj_swap_joint_mask_533428  disp_k1      amp=8        dists=0.18322 effect=0.3558 clip=0.8684
task_obj_swap_joint_mask_533428  disp_k4      amp=4        dists=0.12205 effect=0.3817 clip=0.8324
task_obj_swap_joint_mask_533428  disp_k4      amp=8        dists=0.19347 effect=0.4139 clip=0.9332
task_obj_swap_joint_mask_533428  disp_kfull   amp=1.6      dists=0.07871 effect=0.2587 clip=0.9757
task_obj_swap_joint_mask_533428  disp_kfull   amp=3.14159  dists=0.20014 effect=0.4068 clip=0.9221
/nfs/home/nelson0314/venvs/wacv/lib/python3.11/site-packages/diffusers/image_processor.py:724: FutureWarning: Passing `image` as torch tensor with value range in [-1,1] is deprecated. The expected value range for image tensor is [0,1] when passing as pytorch tensor or numpy Array. You passed `image` with value range [-1.0,0.9997669458389282]
  warnings.warn(
task_obj_swap_joint_mask_533428  warp_smooth  amp=4        dists=0.10074 effect=0.3009 clip=0.8716
/nfs/home/nelson0314/venvs/wacv/lib/python3.11/site-packages/diffusers/image_processor.py:724: FutureWarning: Passing `image` as torch tensor with value range in [-1,1] is deprecated. The expected value range for image tensor is [0,1] when passing as pytorch tensor or numpy Array. You passed `image` with value range [-1.0,0.9999130964279175]
  warnings.warn(
task_obj_swap_joint_mask_533428  warp_smooth  amp=8        dists=0.17888 effect=0.4613 clip=0.8020
task_obj_swap_rand_mask_417469   disp_k1      amp=4        dists=0.05848 effect=0.2024 clip=0.9798
task_obj_swap_rand_mask_417469   disp_k1      amp=8        dists=0.12731 effect=0.3064 clip=0.9568
task_obj_swap_rand_mask_417469   disp_k4      amp=4        dists=0.08215 effect=0.2365 clip=0.9706
task_obj_swap_rand_mask_417469   disp_k4      amp=8        dists=0.14961 effect=0.3237 clip=0.9348
task_obj_swap_rand_mask_417469   disp_kfull   amp=1.6      dists=0.06255 effect=0.1546 clip=0.9902
task_obj_swap_rand_mask_417469   disp_kfull   amp=3.14159  dists=0.16831 effect=0.3581 clip=0.9407
/nfs/home/nelson0314/venvs/wacv/lib/python3.11/site-packages/diffusers/image_processor.py:724: FutureWarning: Passing `image` as torch tensor with value range in [-1,1] is deprecated. The expected value range for image tensor is [0,1] when passing as pytorch tensor or numpy Array. You passed `image` with value range [-1.0,0.9963244199752808]
  warnings.warn(
task_obj_swap_rand_mask_417469   warp_smooth  amp=4        dists=0.07144 effect=0.2262 clip=0.9748
/nfs/home/nelson0314/venvs/wacv/lib/python3.11/site-packages/diffusers/image_processor.py:724: FutureWarning: Passing `image` as torch tensor with value range in [-1,1] is deprecated. The expected value range for image tensor is [0,1] when passing as pytorch tensor or numpy Array. You passed `image` with value range [-1.0,0.9998514652252197]
  warnings.warn(
task_obj_swap_rand_mask_417469   warp_smooth  amp=8        dists=0.14458 effect=0.3675 clip=0.9496

真讀數：runs/dispersion_probe/edit_b/edit_readout.csv（40 列）
