Loading pipeline components...:   0%|          | 0/6 [00:00<?, ?it/s]Loading pipeline components...:  17%|█▋        | 1/6 [00:00<00:00,  7.93it/s]
Loading weights:   0%|          | 0/196 [00:00<?, ?it/s][ALoading weights: 100%|██████████| 196/196 [00:00<00:00, 3666.25it/s]
Loading pipeline components...:  83%|████████▎ | 5/6 [00:00<00:00, 16.20it/s]Loading pipeline components...: 100%|██████████| 6/6 [00:00<00:00, 14.92it/s]
There are modules in AutoencoderKL that should be kept in float32: []. Casting directly with `to()` can lead to inconsistent results; set `torch_dtype` in `from_pretrained()` instead to keep these modules in float32.
/nfs/home/nelson0314/venvs/wacv/lib/python3.11/site-packages/torchvision/models/_utils.py:207: UserWarning: The parameter 'pretrained' is deprecated since 0.13 and may be removed in the future, please use 'weights' instead.
  warnings.warn(
/nfs/home/nelson0314/venvs/wacv/lib/python3.11/site-packages/torchvision/models/_utils.py:222: UserWarning: Arguments other than a weight enum or `None` for 'weights' are deprecated since 0.13 and may be removed in the future. The current behavior is equivalent to passing `weights=VGG16_Weights.IMAGENET1K_V1`. You can also use `weights=VGG16_Weights.DEFAULT` to get the most up-to-date weights.
  warnings.warn(msg)
task_attr_mod_color_11699        disp_k1      amp=0.05   dists=0.00004 move=1.46 ratio=33260.7
task_attr_mod_color_11699        disp_k1      amp=0.1    dists=0.00016 move=3.90 ratio=24738.3
task_attr_mod_color_11699        disp_k1      amp=0.25   dists=0.00095 move=9.67 ratio=10209.8
task_attr_mod_color_11699        disp_k1      amp=0.5    dists=0.00307 move=16.45 ratio=5352.8
task_attr_mod_color_11699        disp_k1      amp=1      dists=0.00810 move=27.23 ratio=3360.3
task_attr_mod_color_11699        disp_k1      amp=2      dists=0.02148 move=42.54 ratio=1980.8
task_attr_mod_color_11699        disp_k1      amp=4      dists=0.05995 move=65.34 ratio=1089.9
task_attr_mod_color_11699        disp_k1      amp=8      dists=0.12715 move=80.72 ratio=634.8
task_attr_mod_color_11699        disp_k1      amp=16     dists=0.19927 move=81.61 ratio=409.5
task_attr_mod_color_11699        disp_k2      amp=0.05   dists=0.00005 move=2.05 ratio=39380.7
task_attr_mod_color_11699        disp_k2      amp=0.1    dists=0.00021 move=4.46 ratio=21664.8
task_attr_mod_color_11699        disp_k2      amp=0.25   dists=0.00122 move=11.98 ratio=9848.8
task_attr_mod_color_11699        disp_k2      amp=0.5    dists=0.00548 move=20.96 ratio=3821.6
task_attr_mod_color_11699        disp_k2      amp=1      dists=0.01785 move=35.51 ratio=1989.3
task_attr_mod_color_11699        disp_k2      amp=2      dists=0.04150 move=51.26 ratio=1235.1
task_attr_mod_color_11699        disp_k2      amp=4      dists=0.07228 move=70.80 ratio=979.5
task_attr_mod_color_11699        disp_k2      amp=8      dists=0.13418 move=82.24 ratio=612.9
task_attr_mod_color_11699        disp_k2      amp=16     dists=0.20303 move=82.53 ratio=406.5
task_attr_mod_color_11699        disp_k3      amp=0.05   dists=0.00009 move=2.95 ratio=34173.9
task_attr_mod_color_11699        disp_k3      amp=0.1    dists=0.00030 move=6.00 ratio=20253.6
task_attr_mod_color_11699        disp_k3      amp=0.25   dists=0.00137 move=13.98 ratio=10166.6
task_attr_mod_color_11699        disp_k3      amp=0.5    dists=0.00608 move=23.52 ratio=3871.3
task_attr_mod_color_11699        disp_k3      amp=1      dists=0.02076 move=37.37 ratio=1800.1
task_attr_mod_color_11699        disp_k3      amp=2      dists=0.05137 move=52.67 ratio=1025.2
task_attr_mod_color_11699        disp_k3      amp=4      dists=0.09693 move=72.23 ratio=745.1
task_attr_mod_color_11699        disp_k3      amp=8      dists=0.15051 move=83.06 ratio=551.8
task_attr_mod_color_11699        disp_k3      amp=16     dists=0.20901 move=82.56 ratio=395.0
task_attr_mod_color_11699        disp_k4      amp=0.05   dists=0.00019 move=3.72 ratio=19351.7
task_attr_mod_color_11699        disp_k4      amp=0.1    dists=0.00079 move=6.63 ratio=8361.1
task_attr_mod_color_11699        disp_k4      amp=0.25   dists=0.00304 move=15.25 ratio=5019.8
task_attr_mod_color_11699        disp_k4      amp=0.5    dists=0.01261 move=26.41 ratio=2093.9
task_attr_mod_color_11699        disp_k4      amp=1      dists=0.03644 move=40.29 ratio=1105.7
task_attr_mod_color_11699        disp_k4      amp=2      dists=0.07212 move=55.46 ratio=769.0
task_attr_mod_color_11699        disp_k4      amp=4      dists=0.11183 move=73.61 ratio=658.2
task_attr_mod_color_11699        disp_k4      amp=8      dists=0.16286 move=83.37 ratio=511.9
task_attr_mod_color_11699        disp_k4      amp=16     dists=0.20871 move=83.62 ratio=400.7
task_attr_mod_color_11699        disp_k8      amp=0.05   dists=0.00006 move=3.05 ratio=51486.1
task_attr_mod_color_11699        disp_k8      amp=0.1    dists=0.00028 move=7.01 ratio=24710.9
task_attr_mod_color_11699        disp_k8      amp=0.25   dists=0.00293 move=16.92 ratio=5767.1
task_attr_mod_color_11699        disp_k8      amp=0.5    dists=0.01536 move=28.12 ratio=1830.7
task_attr_mod_color_11699        disp_k8      amp=1      dists=0.04506 move=42.76 ratio=948.8
task_attr_mod_color_11699        disp_k8      amp=2      dists=0.08657 move=57.40 ratio=663.1
task_attr_mod_color_11699        disp_k8      amp=4      dists=0.13779 move=71.83 ratio=521.3
task_attr_mod_color_11699        disp_k8      amp=8      dists=0.18284 move=83.43 ratio=456.3
task_attr_mod_color_11699        disp_k8      amp=16     dists=0.21284 move=83.08 ratio=390.4
task_attr_mod_color_11699        disp_kfull   amp=0.1    dists=0.00076 move=4.72 ratio=6215.1
task_attr_mod_color_11699        disp_kfull   amp=0.2    dists=0.00208 move=9.85 ratio=4727.7
task_attr_mod_color_11699        disp_kfull   amp=0.4    dists=0.00934 move=18.11 ratio=1939.8
task_attr_mod_color_11699        disp_kfull   amp=0.8    dists=0.03207 move=28.91 ratio=901.4
task_attr_mod_color_11699        disp_kfull   amp=1.6    dists=0.07516 move=45.53 ratio=605.8
task_attr_mod_color_11699        disp_kfull   amp=3.14159 dists=0.17292 move=73.74 ratio=426.4
task_attr_mod_color_11699        warp_smooth  amp=0.25   dists=0.00368 move=14.60 ratio=3963.0
task_attr_mod_color_11699        warp_smooth  amp=0.5    dists=0.00997 move=24.85 ratio=2491.5
task_attr_mod_color_11699        warp_smooth  amp=1      dists=0.01444 move=35.07 ratio=2428.4
task_attr_mod_color_11699        warp_smooth  amp=2      dists=0.02732 move=50.99 ratio=1866.2
task_attr_mod_color_11699        warp_smooth  amp=4      dists=0.06284 move=77.92 ratio=1239.8
task_attr_mod_color_11699        warp_smooth  amp=8      dists=0.14654 move=95.78 ratio=653.6
task_attr_mod_color_11699        warp_fold    amp=0.25   dists=0.00540 move=16.08 ratio=2975.6
task_attr_mod_color_11699        warp_fold    amp=0.5    dists=0.01689 move=24.61 ratio=1457.1
task_attr_mod_color_11699        warp_fold    amp=1      dists=0.05345 move=34.95 ratio=653.8
task_attr_mod_color_11699        warp_fold    amp=2      dists=0.13387 move=53.73 ratio=401.3
task_attr_mod_color_11699        warp_fold    amp=4      dists=0.23816 move=77.55 ratio=325.6
task_attr_mod_color_11699        warp_fold    amp=8      dists=0.29875 move=94.58 ratio=316.6
task_attr_mod_color_136767       disp_k1      amp=0.05   dists=0.00023 move=3.56 ratio=15726.4
task_attr_mod_color_136767       disp_k1      amp=0.1    dists=0.00042 move=5.94 ratio=14077.3
task_attr_mod_color_136767       disp_k1      amp=0.25   dists=0.00158 move=10.90 ratio=6885.2
task_attr_mod_color_136767       disp_k1      amp=0.5    dists=0.00327 move=17.46 ratio=5338.1
task_attr_mod_color_136767       disp_k1      amp=1      dists=0.01065 move=27.60 ratio=2590.9
task_attr_mod_color_136767       disp_k1      amp=2      dists=0.02703 move=45.28 ratio=1674.8
task_attr_mod_color_136767       disp_k1      amp=4      dists=0.07214 move=65.95 ratio=914.2
task_attr_mod_color_136767       disp_k1      amp=8      dists=0.16905 move=80.83 ratio=478.1
task_attr_mod_color_136767       disp_k1      amp=16     dists=0.23946 move=81.61 ratio=340.8
task_attr_mod_color_136767       disp_k2      amp=0.05   dists=0.00015 move=4.03 ratio=27053.6
task_attr_mod_color_136767       disp_k2      amp=0.1    dists=0.00048 move=6.22 ratio=12928.0
task_attr_mod_color_136767       disp_k2      amp=0.25   dists=0.00239 move=12.35 ratio=5170.3
task_attr_mod_color_136767       disp_k2      amp=0.5    dists=0.00933 move=22.08 ratio=2365.7
task_attr_mod_color_136767       disp_k2      amp=1      dists=0.02531 move=34.98 ratio=1382.3
task_attr_mod_color_136767       disp_k2      amp=2      dists=0.05177 move=53.94 ratio=1041.8
task_attr_mod_color_136767       disp_k2      amp=4      dists=0.09208 move=70.66 ratio=767.3
task_attr_mod_color_136767       disp_k2      amp=8      dists=0.17034 move=81.19 ratio=476.6
task_attr_mod_color_136767       disp_k2      amp=16     dists=0.24399 move=81.37 ratio=333.5
task_attr_mod_color_136767       disp_k3      amp=0.05   dists=0.00016 move=5.23 ratio=32061.9
task_attr_mod_color_136767       disp_k3      amp=0.1    dists=0.00057 move=8.04 ratio=14058.5
task_attr_mod_color_136767       disp_k3      amp=0.25   dists=0.00301 move=15.45 ratio=5127.5
task_attr_mod_color_136767       disp_k3      amp=0.5    dists=0.01004 move=25.79 ratio=2567.9
task_attr_mod_color_136767       disp_k3      amp=1      dists=0.02737 move=39.42 ratio=1440.1
task_attr_mod_color_136767       disp_k3      amp=2      dists=0.06035 move=52.23 ratio=865.4
task_attr_mod_color_136767       disp_k3      amp=4      dists=0.11412 move=69.34 ratio=607.6
task_attr_mod_color_136767       disp_k3      amp=8      dists=0.17988 move=81.20 ratio=451.4
task_attr_mod_color_136767       disp_k3      amp=16     dists=0.24091 move=81.88 ratio=339.9
task_attr_mod_color_136767       disp_k4      amp=0.05   dists=0.00011 move=4.90 ratio=44691.1
task_attr_mod_color_136767       disp_k4      amp=0.1    dists=0.00055 move=8.44 ratio=15372.5
task_attr_mod_color_136767       disp_k4      amp=0.25   dists=0.00441 move=16.89 ratio=3827.0
task_attr_mod_color_136767       disp_k4      amp=0.5    dists=0.01398 move=26.88 ratio=1922.8
task_attr_mod_color_136767       disp_k4      amp=1      dists=0.03576 move=40.74 ratio=1139.3
task_attr_mod_color_136767       disp_k4      amp=2      dists=0.07179 move=54.18 ratio=754.7
task_attr_mod_color_136767       disp_k4      amp=4      dists=0.12731 move=69.91 ratio=549.1
task_attr_mod_color_136767       disp_k4      amp=8      dists=0.18773 move=80.89 ratio=430.9
task_attr_mod_color_136767       disp_k4      amp=16     dists=0.24335 move=81.38 ratio=334.4
task_attr_mod_color_136767       disp_k8      amp=0.05   dists=0.00010 move=5.32 ratio=51836.2
task_attr_mod_color_136767       disp_k8      amp=0.1    dists=0.00060 move=9.62 ratio=16111.4
task_attr_mod_color_136767       disp_k8      amp=0.25   dists=0.00569 move=20.56 ratio=3613.7
task_attr_mod_color_136767       disp_k8      amp=0.5    dists=0.02007 move=31.14 ratio=1551.8
task_attr_mod_color_136767       disp_k8      amp=1      dists=0.04943 move=46.13 ratio=933.3
task_attr_mod_color_136767       disp_k8      amp=2      dists=0.09697 move=60.68 ratio=625.8
task_attr_mod_color_136767       disp_k8      amp=4      dists=0.15660 move=73.41 ratio=468.7
task_attr_mod_color_136767       disp_k8      amp=8      dists=0.21605 move=80.09 ratio=370.7
task_attr_mod_color_136767       disp_k8      amp=16     dists=0.24209 move=80.26 ratio=331.5
task_attr_mod_color_136767       disp_kfull   amp=0.1    dists=0.00047 move=7.44 ratio=15994.5
task_attr_mod_color_136767       disp_kfull   amp=0.2    dists=0.00314 move=12.93 ratio=4114.8
task_attr_mod_color_136767       disp_kfull   amp=0.4    dists=0.01477 move=21.03 ratio=1424.0
task_attr_mod_color_136767       disp_kfull   amp=0.8    dists=0.04082 move=32.00 ratio=784.0
task_attr_mod_color_136767       disp_kfull   amp=1.6    dists=0.09862 move=48.86 ratio=495.4
task_attr_mod_color_136767       disp_kfull   amp=3.14159 dists=0.20442 move=73.85 ratio=361.3
task_attr_mod_color_136767       warp_smooth  amp=0.25   dists=0.00422 move=16.01 ratio=3790.2
task_attr_mod_color_136767       warp_smooth  amp=0.5    dists=0.00952 move=24.82 ratio=2608.1
task_attr_mod_color_136767       warp_smooth  amp=1      dists=0.01551 move=33.66 ratio=2170.0
task_attr_mod_color_136767       warp_smooth  amp=2      dists=0.02855 move=50.96 ratio=1785.0
task_attr_mod_color_136767       warp_smooth  amp=4      dists=0.06331 move=76.68 ratio=1211.2
task_attr_mod_color_136767       warp_smooth  amp=8      dists=0.15157 move=98.30 ratio=648.6
task_attr_mod_color_136767       warp_fold    amp=0.25   dists=0.00774 move=16.56 ratio=2139.0
task_attr_mod_color_136767       warp_fold    amp=0.5    dists=0.02365 move=24.58 ratio=1039.3
task_attr_mod_color_136767       warp_fold    amp=1      dists=0.06494 move=35.51 ratio=546.8
task_attr_mod_color_136767       warp_fold    amp=2      dists=0.15770 move=54.32 ratio=344.5
task_attr_mod_color_136767       warp_fold    amp=4      dists=0.28087 move=78.86 ratio=280.8
task_attr_mod_color_136767       warp_fold    amp=8      dists=0.33765 move=95.30 ratio=282.2
task_attr_mod_color_184837       disp_k1      amp=0.05   dists=0.00009 move=4.05 ratio=46077.3
task_attr_mod_color_184837       disp_k1      amp=0.1    dists=0.00036 move=7.63 ratio=21260.3
task_attr_mod_color_184837       disp_k1      amp=0.25   dists=0.00188 move=12.61 ratio=6719.0
task_attr_mod_color_184837       disp_k1      amp=0.5    dists=0.00613 move=19.80 ratio=3229.8
task_attr_mod_color_184837       disp_k1      amp=1      dists=0.01545 move=32.00 ratio=2070.6
task_attr_mod_color_184837       disp_k1      amp=2      dists=0.04653 move=48.31 ratio=1038.2
task_attr_mod_color_184837       disp_k1      amp=4      dists=0.10029 move=72.23 ratio=720.2
task_attr_mod_color_184837       disp_k1      amp=8      dists=0.19773 move=89.86 ratio=454.5
task_attr_mod_color_184837       disp_k1      amp=16     dists=0.26374 move=90.52 ratio=343.2
task_attr_mod_color_184837       disp_k2      amp=0.05   dists=0.00008 move=3.83 ratio=45603.4
task_attr_mod_color_184837       disp_k2      amp=0.1    dists=0.00037 move=7.30 ratio=19886.1
task_attr_mod_color_184837       disp_k2      amp=0.25   dists=0.00244 move=14.18 ratio=5808.5
task_attr_mod_color_184837       disp_k2      amp=0.5    dists=0.00797 move=23.76 ratio=2981.6
task_attr_mod_color_184837       disp_k2      amp=1      dists=0.02400 move=36.25 ratio=1510.3
task_attr_mod_color_184837       disp_k2      amp=2      dists=0.06532 move=53.21 ratio=814.6
task_attr_mod_color_184837       disp_k2      amp=4      dists=0.11711 move=76.32 ratio=651.7
task_attr_mod_color_184837       disp_k2      amp=8      dists=0.21101 move=90.71 ratio=429.9
task_attr_mod_color_184837       disp_k2      amp=16     dists=0.27179 move=91.44 ratio=336.4
task_attr_mod_color_184837       disp_k3      amp=0.05   dists=0.00014 move=3.01 ratio=21779.2
task_attr_mod_color_184837       disp_k3      amp=0.1    dists=0.00042 move=6.73 ratio=16193.6
task_attr_mod_color_184837       disp_k3      amp=0.25   dists=0.00221 move=13.74 ratio=6216.6
task_attr_mod_color_184837       disp_k3      amp=0.5    dists=0.00723 move=24.00 ratio=3319.4
task_attr_mod_color_184837       disp_k3      amp=1      dists=0.02413 move=39.13 ratio=1621.7
task_attr_mod_color_184837       disp_k3      amp=2      dists=0.06792 move=54.77 ratio=806.4
task_attr_mod_color_184837       disp_k3      amp=4      dists=0.14064 move=76.00 ratio=540.4
task_attr_mod_color_184837       disp_k3      amp=8      dists=0.22331 move=91.70 ratio=410.6
task_attr_mod_color_184837       disp_k3      amp=16     dists=0.27160 move=91.35 ratio=336.3
task_attr_mod_color_184837       disp_k4      amp=0.05   dists=0.00011 move=3.73 ratio=32596.3
task_attr_mod_color_184837       disp_k4      amp=0.1    dists=0.00042 move=7.44 ratio=17926.0
task_attr_mod_color_184837       disp_k4      amp=0.25   dists=0.00227 move=15.84 ratio=6962.1
task_attr_mod_color_184837       disp_k4      amp=0.5    dists=0.00830 move=26.00 ratio=3133.3
task_attr_mod_color_184837       disp_k4      amp=1      dists=0.02896 move=41.21 ratio=1422.8
task_attr_mod_color_184837       disp_k4      amp=2      dists=0.07610 move=56.33 ratio=740.2
task_attr_mod_color_184837       disp_k4      amp=4      dists=0.15052 move=76.08 ratio=505.5
task_attr_mod_color_184837       disp_k4      amp=8      dists=0.23306 move=91.81 ratio=393.9
task_attr_mod_color_184837       disp_k4      amp=16     dists=0.27006 move=91.90 ratio=340.3
task_attr_mod_color_184837       disp_k8      amp=0.05   dists=0.00010 move=5.49 ratio=56002.1
task_attr_mod_color_184837       disp_k8      amp=0.1    dists=0.00030 move=8.20 ratio=27782.5
task_attr_mod_color_184837       disp_k8      amp=0.25   dists=0.00197 move=15.06 ratio=7633.4
task_attr_mod_color_184837       disp_k8      amp=0.5    dists=0.00882 move=25.80 ratio=2925.7
task_attr_mod_color_184837       disp_k8      amp=1      dists=0.03423 move=41.12 ratio=1201.2
task_attr_mod_color_184837       disp_k8      amp=2      dists=0.09615 move=58.04 ratio=603.7
task_attr_mod_color_184837       disp_k8      amp=4      dists=0.19695 move=78.45 ratio=398.3
task_attr_mod_color_184837       disp_k8      amp=8      dists=0.25137 move=89.91 ratio=357.7
task_attr_mod_color_184837       disp_k8      amp=16     dists=0.27825 move=90.81 ratio=326.4
task_attr_mod_color_184837       disp_kfull   amp=0.1    dists=0.00038 move=4.09 ratio=10783.0
task_attr_mod_color_184837       disp_kfull   amp=0.2    dists=0.00175 move=7.44 ratio=4242.7
task_attr_mod_color_184837       disp_kfull   amp=0.4    dists=0.00725 move=15.15 ratio=2088.2
task_attr_mod_color_184837       disp_kfull   amp=0.8    dists=0.02432 move=27.37 ratio=1125.8
task_attr_mod_color_184837       disp_kfull   amp=1.6    dists=0.09367 move=45.13 ratio=481.8
task_attr_mod_color_184837       disp_kfull   amp=3.14159 dists=0.24342 move=80.14 ratio=329.2
task_attr_mod_color_184837       warp_smooth  amp=0.25   dists=0.00886 move=18.84 ratio=2127.8
task_attr_mod_color_184837       warp_smooth  amp=0.5    dists=0.02132 move=27.66 ratio=1297.2
task_attr_mod_color_184837       warp_smooth  amp=1      dists=0.03771 move=39.96 ratio=1059.6
task_attr_mod_color_184837       warp_smooth  amp=2      dists=0.06911 move=59.20 ratio=856.6
task_attr_mod_color_184837       warp_smooth  amp=4      dists=0.11651 move=85.96 ratio=737.8
task_attr_mod_color_184837       warp_smooth  amp=8      dists=0.18166 move=106.09 ratio=584.0
task_attr_mod_color_184837       warp_fold    amp=0.25   dists=0.01511 move=19.80 ratio=1309.9
task_attr_mod_color_184837       warp_fold    amp=0.5    dists=0.04501 move=30.00 ratio=666.4
task_attr_mod_color_184837       warp_fold    amp=1      dists=0.09698 move=42.75 ratio=440.8
task_attr_mod_color_184837       warp_fold    amp=2      dists=0.16813 move=60.12 ratio=357.6
task_attr_mod_color_184837       warp_fold    amp=4      dists=0.25147 move=83.72 ratio=332.9
task_attr_mod_color_184837       warp_fold    amp=8      dists=0.30442 move=101.66 ratio=333.9
task_attr_mod_color_32648        disp_k1      amp=0.05   dists=0.00008 move=2.06 ratio=26137.8
task_attr_mod_color_32648        disp_k1      amp=0.1    dists=0.00017 move=3.70 ratio=21905.3
task_attr_mod_color_32648        disp_k1      amp=0.25   dists=0.00055 move=7.32 ratio=13417.0
task_attr_mod_color_32648        disp_k1      amp=0.5    dists=0.00200 move=13.52 ratio=6756.5
task_attr_mod_color_32648        disp_k1      amp=1      dists=0.00832 move=20.85 ratio=2505.4
task_attr_mod_color_32648        disp_k1      amp=2      dists=0.02472 move=31.19 ratio=1261.6
task_attr_mod_color_32648        disp_k1      amp=4      dists=0.06018 move=48.03 ratio=798.2
task_attr_mod_color_32648        disp_k1      amp=8      dists=0.12885 move=59.82 ratio=464.3
task_attr_mod_color_32648        disp_k1      amp=16     dists=0.17042 move=59.44 ratio=348.8
task_attr_mod_color_32648        disp_k2      amp=0.05   dists=0.00002 move=2.48 ratio=104680.3
task_attr_mod_color_32648        disp_k2      amp=0.1    dists=0.00012 move=4.03 ratio=32921.9
task_attr_mod_color_32648        disp_k2      amp=0.25   dists=0.00112 move=9.57 ratio=8515.2
task_attr_mod_color_32648        disp_k2      amp=0.5    dists=0.00434 move=16.03 ratio=3691.3
task_attr_mod_color_32648        disp_k2      amp=1      dists=0.01422 move=25.10 ratio=1764.4
task_attr_mod_color_32648        disp_k2      amp=2      dists=0.03779 move=36.18 ratio=957.5
task_attr_mod_color_32648        disp_k2      amp=4      dists=0.07141 move=50.48 ratio=706.9
task_attr_mod_color_32648        disp_k2      amp=8      dists=0.13143 move=60.12 ratio=457.4
task_attr_mod_color_32648        disp_k2      amp=16     dists=0.17164 move=59.26 ratio=345.2
task_attr_mod_color_32648        disp_k3      amp=0.05   dists=0.00005 move=2.20 ratio=47567.5
task_attr_mod_color_32648        disp_k3      amp=0.1    dists=0.00018 move=4.54 ratio=24784.7
task_attr_mod_color_32648        disp_k3      amp=0.25   dists=0.00154 move=11.44 ratio=7410.5
task_attr_mod_color_32648        disp_k3      amp=0.5    dists=0.00475 move=17.74 ratio=3734.4
task_attr_mod_color_32648        disp_k3      amp=1      dists=0.01433 move=27.12 ratio=1892.8
task_attr_mod_color_32648        disp_k3      amp=2      dists=0.03935 move=37.93 ratio=963.8
task_attr_mod_color_32648        disp_k3      amp=4      dists=0.08419 move=50.43 ratio=599.0
task_attr_mod_color_32648        disp_k3      amp=8      dists=0.13638 move=60.43 ratio=443.1
task_attr_mod_color_32648        disp_k3      amp=16     dists=0.17363 move=59.91 ratio=345.0
task_attr_mod_color_32648        disp_k4      amp=0.05   dists=0.00005 move=3.29 ratio=72812.1
task_attr_mod_color_32648        disp_k4      amp=0.1    dists=0.00030 move=4.82 ratio=16170.0
task_attr_mod_color_32648        disp_k4      amp=0.25   dists=0.00273 move=12.00 ratio=4390.8
task_attr_mod_color_32648        disp_k4      amp=0.5    dists=0.00813 move=18.63 ratio=2290.7
task_attr_mod_color_32648        disp_k4      amp=1      dists=0.02011 move=27.79 ratio=1382.3
task_attr_mod_color_32648        disp_k4      amp=2      dists=0.04647 move=39.56 ratio=851.3
task_attr_mod_color_32648        disp_k4      amp=4      dists=0.09448 move=52.07 ratio=551.1
task_attr_mod_color_32648        disp_k4      amp=8      dists=0.13821 move=61.04 ratio=441.6
task_attr_mod_color_32648        disp_k4      amp=16     dists=0.17539 move=59.53 ratio=339.4
task_attr_mod_color_32648        disp_k8      amp=0.05   dists=0.00006 move=3.05 ratio=51844.2
task_attr_mod_color_32648        disp_k8      amp=0.1    dists=0.00036 move=5.32 ratio=14717.9
task_attr_mod_color_32648        disp_k8      amp=0.25   dists=0.00323 move=11.84 ratio=3666.8
task_attr_mod_color_32648        disp_k8      amp=0.5    dists=0.00924 move=20.29 ratio=2196.7
task_attr_mod_color_32648        disp_k8      amp=1      dists=0.02276 move=30.15 ratio=1324.9
task_attr_mod_color_32648        disp_k8      amp=2      dists=0.04935 move=41.15 ratio=833.9
task_attr_mod_color_32648        disp_k8      amp=4      dists=0.09616 move=52.31 ratio=544.1
task_attr_mod_color_32648        disp_k8      amp=8      dists=0.14894 move=60.02 ratio=403.0
task_attr_mod_color_32648        disp_k8      amp=16     dists=0.16963 move=59.23 ratio=349.1
task_attr_mod_color_32648        disp_kfull   amp=0.1    dists=0.00093 move=3.73 ratio=4022.4
task_attr_mod_color_32648        disp_kfull   amp=0.2    dists=0.00280 move=7.57 ratio=2705.0
task_attr_mod_color_32648        disp_kfull   amp=0.4    dists=0.00802 move=13.65 ratio=1701.2
task_attr_mod_color_32648        disp_kfull   amp=0.8    dists=0.01831 move=21.60 ratio=1179.5
task_attr_mod_color_32648        disp_kfull   amp=1.6    dists=0.04983 move=33.36 ratio=669.5
task_attr_mod_color_32648        disp_kfull   amp=3.14159 dists=0.12598 move=52.62 ratio=417.7
task_attr_mod_color_32648        warp_smooth  amp=0.25   dists=0.00498 move=13.53 ratio=2714.9
task_attr_mod_color_32648        warp_smooth  amp=0.5    dists=0.01308 move=20.29 ratio=1551.2
task_attr_mod_color_32648        warp_smooth  amp=1      dists=0.02422 move=27.76 ratio=1146.4
task_attr_mod_color_32648        warp_smooth  amp=2      dists=0.04340 move=38.69 ratio=891.4
task_attr_mod_color_32648        warp_smooth  amp=4      dists=0.09163 move=55.16 ratio=602.0
task_attr_mod_color_32648        warp_smooth  amp=8      dists=0.16853 move=70.34 ratio=417.3
task_attr_mod_color_32648        warp_fold    amp=0.25   dists=0.00509 move=14.27 ratio=2801.7
task_attr_mod_color_32648        warp_fold    amp=0.5    dists=0.01448 move=22.75 ratio=1571.5
task_attr_mod_color_32648        warp_fold    amp=1      dists=0.03852 move=29.97 ratio=777.8
task_attr_mod_color_32648        warp_fold    amp=2      dists=0.12448 move=42.79 ratio=343.8
task_attr_mod_color_32648        warp_fold    amp=4      dists=0.24724 move=61.53 ratio=248.9
task_attr_mod_color_32648        warp_fold    amp=8      dists=0.31186 move=74.31 ratio=238.3
task_attr_mod_color_6205         disp_k1      amp=0.05   dists=0.00015 move=3.13 ratio=20997.2
task_attr_mod_color_6205         disp_k1      amp=0.1    dists=0.00056 move=5.05 ratio=9026.3
task_attr_mod_color_6205         disp_k1      amp=0.25   dists=0.00212 move=9.50 ratio=4483.8
task_attr_mod_color_6205         disp_k1      amp=0.5    dists=0.00541 move=17.15 ratio=3170.8
task_attr_mod_color_6205         disp_k1      amp=1      dists=0.01539 move=25.92 ratio=1684.1
task_attr_mod_color_6205         disp_k1      amp=2      dists=0.03425 move=41.06 ratio=1198.7
task_attr_mod_color_6205         disp_k1      amp=4      dists=0.07865 move=61.44 ratio=781.3
task_attr_mod_color_6205         disp_k1      amp=8      dists=0.15043 move=74.83 ratio=497.4
task_attr_mod_color_6205         disp_k1      amp=16     dists=0.20812 move=73.67 ratio=354.0
task_attr_mod_color_6205         disp_k2      amp=0.05   dists=0.00013 move=3.12 ratio=23719.7
task_attr_mod_color_6205         disp_k2      amp=0.1    dists=0.00056 move=5.58 ratio=9931.2
task_attr_mod_color_6205         disp_k2      amp=0.25   dists=0.00277 move=11.96 ratio=4319.2
task_attr_mod_color_6205         disp_k2      amp=0.5    dists=0.00738 move=20.52 ratio=2780.2
task_attr_mod_color_6205         disp_k2      amp=1      dists=0.02375 move=33.40 ratio=1406.0
task_attr_mod_color_6205         disp_k2      amp=2      dists=0.05401 move=49.58 ratio=918.0
task_attr_mod_color_6205         disp_k2      amp=4      dists=0.09124 move=66.15 ratio=725.1
task_attr_mod_color_6205         disp_k2      amp=8      dists=0.15822 move=75.12 ratio=474.8
task_attr_mod_color_6205         disp_k2      amp=16     dists=0.20676 move=74.61 ratio=360.9
task_attr_mod_color_6205         disp_k3      amp=0.05   dists=0.00009 move=2.70 ratio=30636.1
task_attr_mod_color_6205         disp_k3      amp=0.1    dists=0.00042 move=5.56 ratio=13256.1
task_attr_mod_color_6205         disp_k3      amp=0.25   dists=0.00270 move=14.51 ratio=5373.5
task_attr_mod_color_6205         disp_k3      amp=0.5    dists=0.00816 move=24.15 ratio=2960.9
task_attr_mod_color_6205         disp_k3      amp=1      dists=0.02398 move=36.19 ratio=1509.3
task_attr_mod_color_6205         disp_k3      amp=2      dists=0.06094 move=50.35 ratio=826.3
task_attr_mod_color_6205         disp_k3      amp=4      dists=0.10522 move=66.88 ratio=635.7
task_attr_mod_color_6205         disp_k3      amp=8      dists=0.16971 move=77.03 ratio=453.9
task_attr_mod_color_6205         disp_k3      amp=16     dists=0.20818 move=75.12 ratio=360.9
task_attr_mod_color_6205         disp_k4      amp=0.05   dists=0.00004 move=3.01 ratio=74269.9
task_attr_mod_color_6205         disp_k4      amp=0.1    dists=0.00020 move=6.76 ratio=33042.1
task_attr_mod_color_6205         disp_k4      amp=0.25   dists=0.00192 move=12.98 ratio=6744.9
task_attr_mod_color_6205         disp_k4      amp=0.5    dists=0.00858 move=23.73 ratio=2767.7
task_attr_mod_color_6205         disp_k4      amp=1      dists=0.02918 move=36.55 ratio=1252.3
task_attr_mod_color_6205         disp_k4      amp=2      dists=0.06837 move=51.26 ratio=749.8
task_attr_mod_color_6205         disp_k4      amp=4      dists=0.11283 move=66.01 ratio=585.1
task_attr_mod_color_6205         disp_k4      amp=8      dists=0.17546 move=76.59 ratio=436.5
task_attr_mod_color_6205         disp_k4      amp=16     dists=0.21052 move=74.43 ratio=353.6
task_attr_mod_color_6205         disp_k8      amp=0.05   dists=0.00003 move=2.70 ratio=80283.7
task_attr_mod_color_6205         disp_k8      amp=0.1    dists=0.00021 move=5.25 ratio=25224.5
task_attr_mod_color_6205         disp_k8      amp=0.25   dists=0.00254 move=14.64 ratio=5760.0
task_attr_mod_color_6205         disp_k8      amp=0.5    dists=0.01259 move=28.74 ratio=2282.8
task_attr_mod_color_6205         disp_k8      amp=1      dists=0.04412 move=41.41 ratio=938.6
task_attr_mod_color_6205         disp_k8      amp=2      dists=0.09002 move=55.53 ratio=616.8
task_attr_mod_color_6205         disp_k8      amp=4      dists=0.13237 move=68.19 ratio=515.1
task_attr_mod_color_6205         disp_k8      amp=8      dists=0.18426 move=76.98 ratio=417.8
task_attr_mod_color_6205         disp_k8      amp=16     dists=0.21460 move=73.70 ratio=343.4
task_attr_mod_color_6205         disp_kfull   amp=0.1    dists=0.00044 move=5.28 ratio=12147.8
task_attr_mod_color_6205         disp_kfull   amp=0.2    dists=0.00179 move=10.19 ratio=5688.2
task_attr_mod_color_6205         disp_kfull   amp=0.4    dists=0.00767 move=15.85 ratio=2066.5
task_attr_mod_color_6205         disp_kfull   amp=0.8    dists=0.02781 move=26.74 ratio=961.6
task_attr_mod_color_6205         disp_kfull   amp=1.6    dists=0.08264 move=44.35 ratio=536.7
task_attr_mod_color_6205         disp_kfull   amp=3.14159 dists=0.17218 move=67.91 ratio=394.4
task_attr_mod_color_6205         warp_smooth  amp=0.25   dists=0.00345 move=13.42 ratio=3890.7
task_attr_mod_color_6205         warp_smooth  amp=0.5    dists=0.00797 move=22.31 ratio=2800.7
task_attr_mod_color_6205         warp_smooth  amp=1      dists=0.01706 move=34.30 ratio=2010.1
task_attr_mod_color_6205         warp_smooth  amp=2      dists=0.04365 move=50.17 ratio=1149.4
task_attr_mod_color_6205         warp_smooth  amp=4      dists=0.09435 move=73.47 ratio=778.7
task_attr_mod_color_6205         warp_smooth  amp=8      dists=0.17509 move=92.54 ratio=528.5
task_attr_mod_color_6205         warp_fold    amp=0.25   dists=0.00574 move=16.85 ratio=2937.8
task_attr_mod_color_6205         warp_fold    amp=0.5    dists=0.01851 move=26.18 ratio=1414.4
task_attr_mod_color_6205         warp_fold    amp=1      dists=0.05684 move=36.42 ratio=640.7
task_attr_mod_color_6205         warp_fold    amp=2      dists=0.15495 move=51.64 ratio=333.3
task_attr_mod_color_6205         warp_fold    amp=4      dists=0.26485 move=73.16 ratio=276.2
task_attr_mod_color_6205         warp_fold    amp=8      dists=0.33021 move=91.32 ratio=276.5
task_env_weather_112463          disp_k1      amp=0.05   dists=0.00001 move=2.00 ratio=147059.2
task_env_weather_112463          disp_k1      amp=0.1    dists=0.00005 move=3.45 ratio=65584.0
task_env_weather_112463          disp_k1      amp=0.25   dists=0.00059 move=8.52 ratio=14397.3
task_env_weather_112463          disp_k1      amp=0.5    dists=0.00199 move=13.14 ratio=6620.4
task_env_weather_112463          disp_k1      amp=1      dists=0.00550 move=23.19 ratio=4216.1
task_env_weather_112463          disp_k1      amp=2      dists=0.01716 move=37.17 ratio=2166.4
task_env_weather_112463          disp_k1      amp=4      dists=0.04775 move=58.29 ratio=1220.6
task_env_weather_112463          disp_k1      amp=8      dists=0.10164 move=75.14 ratio=739.2
task_env_weather_112463          disp_k1      amp=16     dists=0.14312 move=74.59 ratio=521.2
task_env_weather_112463          disp_k2      amp=0.05   dists=0.00002 move=2.57 ratio=129690.2
task_env_weather_112463          disp_k2      amp=0.1    dists=0.00008 move=5.34 ratio=67574.7
task_env_weather_112463          disp_k2      amp=0.25   dists=0.00074 move=10.78 ratio=14572.8
task_env_weather_112463          disp_k2      amp=0.5    dists=0.00299 move=18.00 ratio=6023.7
task_env_weather_112463          disp_k2      amp=1      dists=0.00776 move=28.54 ratio=3678.3
task_env_weather_112463          disp_k2      amp=2      dists=0.02272 move=42.44 ratio=1867.8
task_env_weather_112463          disp_k2      amp=4      dists=0.05421 move=60.62 ratio=1118.3
task_env_weather_112463          disp_k2      amp=8      dists=0.10552 move=75.60 ratio=716.4
task_env_weather_112463          disp_k2      amp=16     dists=0.14262 move=75.21 ratio=527.3
task_env_weather_112463          disp_k3      amp=0.05   dists=0.00002 move=2.79 ratio=129909.8
task_env_weather_112463          disp_k3      amp=0.1    dists=0.00008 move=5.27 ratio=62025.4
task_env_weather_112463          disp_k3      amp=0.25   dists=0.00062 move=12.11 ratio=19611.2
task_env_weather_112463          disp_k3      amp=0.5    dists=0.00212 move=19.74 ratio=9321.9
task_env_weather_112463          disp_k3      amp=1      dists=0.00685 move=29.95 ratio=4373.5
task_env_weather_112463          disp_k3      amp=2      dists=0.02305 move=44.57 ratio=1933.5
task_env_weather_112463          disp_k3      amp=4      dists=0.06097 move=62.65 ratio=1027.6
task_env_weather_112463          disp_k3      amp=8      dists=0.11145 move=76.16 ratio=683.3
task_env_weather_112463          disp_k3      amp=16     dists=0.14592 move=75.53 ratio=517.6
task_env_weather_112463          disp_k4      amp=0.05   dists=0.00002 move=2.65 ratio=124760.0
task_env_weather_112463          disp_k4      amp=0.1    dists=0.00009 move=5.29 ratio=56059.3
task_env_weather_112463          disp_k4      amp=0.25   dists=0.00062 move=10.57 ratio=17032.5
task_env_weather_112463          disp_k4      amp=0.5    dists=0.00221 move=17.42 ratio=7897.1
task_env_weather_112463          disp_k4      amp=1      dists=0.00869 move=28.92 ratio=3328.6
task_env_weather_112463          disp_k4      amp=2      dists=0.02917 move=43.99 ratio=1508.2
task_env_weather_112463          disp_k4      amp=4      dists=0.06922 move=63.54 ratio=918.0
task_env_weather_112463          disp_k4      amp=8      dists=0.11353 move=76.80 ratio=676.5
task_env_weather_112463          disp_k4      amp=16     dists=0.14754 move=75.51 ratio=511.8
task_env_weather_112463          disp_k8      amp=0.05   dists=0.00003 move=2.55 ratio=86056.5
task_env_weather_112463          disp_k8      amp=0.1    dists=0.00014 move=4.75 ratio=34502.7
task_env_weather_112463          disp_k8      amp=0.25   dists=0.00114 move=11.00 ratio=9659.4
task_env_weather_112463          disp_k8      amp=0.5    dists=0.00492 move=19.14 ratio=3887.9
task_env_weather_112463          disp_k8      amp=1      dists=0.01480 move=30.42 ratio=2055.6
task_env_weather_112463          disp_k8      amp=2      dists=0.04279 move=44.09 ratio=1030.3
task_env_weather_112463          disp_k8      amp=4      dists=0.08569 move=60.06 ratio=700.9
task_env_weather_112463          disp_k8      amp=8      dists=0.12180 move=73.86 ratio=606.4
task_env_weather_112463          disp_k8      amp=16     dists=0.14163 move=75.83 ratio=535.4
task_env_weather_112463          disp_kfull   amp=0.1    dists=0.00008 move=3.53 ratio=45542.8
task_env_weather_112463          disp_kfull   amp=0.2    dists=0.00049 move=8.95 ratio=18315.5
task_env_weather_112463          disp_kfull   amp=0.4    dists=0.00232 move=13.68 ratio=5901.1
task_env_weather_112463          disp_kfull   amp=0.8    dists=0.01052 move=23.80 ratio=2262.0
task_env_weather_112463          disp_kfull   amp=1.6    dists=0.04508 move=38.85 ratio=861.9
task_env_weather_112463          disp_kfull   amp=3.14159 dists=0.11520 move=65.14 ratio=565.4
task_env_weather_112463          warp_smooth  amp=0.25   dists=0.00311 move=12.39 ratio=3981.2
task_env_weather_112463          warp_smooth  amp=0.5    dists=0.00709 move=20.54 ratio=2897.8
task_env_weather_112463          warp_smooth  amp=1      dists=0.01801 move=30.87 ratio=1714.0
task_env_weather_112463          warp_smooth  amp=2      dists=0.04740 move=49.09 ratio=1035.8
task_env_weather_112463          warp_smooth  amp=4      dists=0.08704 move=76.39 ratio=877.6
task_env_weather_112463          warp_smooth  amp=8      dists=0.17088 move=98.92 ratio=578.9
task_env_weather_112463          warp_fold    amp=0.25   dists=0.00404 move=14.59 ratio=3613.4
task_env_weather_112463          warp_fold    amp=0.5    dists=0.01366 move=22.43 ratio=1641.9
task_env_weather_112463          warp_fold    amp=1      dists=0.05184 move=33.64 ratio=648.9
task_env_weather_112463          warp_fold    amp=2      dists=0.13405 move=51.78 ratio=386.3
task_env_weather_112463          warp_fold    amp=4      dists=0.25553 move=76.43 ratio=299.1
task_env_weather_112463          warp_fold    amp=8      dists=0.30736 move=97.15 ratio=316.1
task_obj_remove_380621           disp_k1      amp=0.05   dists=0.00015 move=2.04 ratio=13206.4
task_obj_remove_380621           disp_k1      amp=0.1    dists=0.00062 move=3.99 ratio=6404.9
task_obj_remove_380621           disp_k1      amp=0.25   dists=0.00433 move=12.26 ratio=2828.7
task_obj_remove_380621           disp_k1      amp=0.5    dists=0.01164 move=20.59 ratio=1769.1
task_obj_remove_380621           disp_k1      amp=1      dists=0.02380 move=30.69 ratio=1289.4
task_obj_remove_380621           disp_k1      amp=2      dists=0.04940 move=44.31 ratio=896.9
task_obj_remove_380621           disp_k1      amp=4      dists=0.11186 move=64.08 ratio=572.8
task_obj_remove_380621           disp_k1      amp=8      dists=0.16875 move=76.05 ratio=450.7
task_obj_remove_380621           disp_k1      amp=16     dists=0.21787 move=81.58 ratio=374.4
task_obj_remove_380621           disp_k2      amp=0.05   dists=0.00016 move=3.91 ratio=24580.5
task_obj_remove_380621           disp_k2      amp=0.1    dists=0.00058 move=6.30 ratio=10791.6
task_obj_remove_380621           disp_k2      amp=0.25   dists=0.00450 move=11.11 ratio=2470.0
task_obj_remove_380621           disp_k2      amp=0.5    dists=0.01069 move=20.05 ratio=1875.2
task_obj_remove_380621           disp_k2      amp=1      dists=0.02971 move=33.13 ratio=1115.1
task_obj_remove_380621           disp_k2      amp=2      dists=0.07198 move=47.86 ratio=664.9
task_obj_remove_380621           disp_k2      amp=4      dists=0.11582 move=66.96 ratio=578.2
task_obj_remove_380621           disp_k2      amp=8      dists=0.17810 move=78.18 ratio=439.0
task_obj_remove_380621           disp_k2      amp=16     dists=0.21702 move=81.47 ratio=375.4
task_obj_remove_380621           disp_k3      amp=0.05   dists=0.00017 move=3.22 ratio=18623.1
task_obj_remove_380621           disp_k3      amp=0.1    dists=0.00061 move=5.68 ratio=9300.3
task_obj_remove_380621           disp_k3      amp=0.25   dists=0.00406 move=14.42 ratio=3548.8
task_obj_remove_380621           disp_k3      amp=0.5    dists=0.00971 move=24.71 ratio=2545.2
task_obj_remove_380621           disp_k3      amp=1      dists=0.02897 move=37.13 ratio=1281.9
task_obj_remove_380621           disp_k3      amp=2      dists=0.07829 move=51.15 ratio=653.4
task_obj_remove_380621           disp_k3      amp=4      dists=0.11830 move=67.17 ratio=567.8
task_obj_remove_380621           disp_k3      amp=8      dists=0.18232 move=76.32 ratio=418.6
task_obj_remove_380621           disp_k3      amp=16     dists=0.22018 move=81.38 ratio=369.6
task_obj_remove_380621           disp_k4      amp=0.05   dists=0.00021 move=3.40 ratio=16580.3
task_obj_remove_380621           disp_k4      amp=0.1    dists=0.00096 move=5.52 ratio=5758.2
task_obj_remove_380621           disp_k4      amp=0.25   dists=0.00732 move=13.75 ratio=1877.3
task_obj_remove_380621           disp_k4      amp=0.5    dists=0.01683 move=24.96 ratio=1483.0
task_obj_remove_380621           disp_k4      amp=1      dists=0.03819 move=37.17 ratio=973.3
task_obj_remove_380621           disp_k4      amp=2      dists=0.08584 move=51.46 ratio=599.5
task_obj_remove_380621           disp_k4      amp=4      dists=0.12620 move=68.43 ratio=542.2
task_obj_remove_380621           disp_k4      amp=8      dists=0.19029 move=78.04 ratio=410.1
task_obj_remove_380621           disp_k4      amp=16     dists=0.22060 move=80.49 ratio=364.9
task_obj_remove_380621           disp_k8      amp=0.05   dists=0.00012 move=2.58 ratio=21349.7
task_obj_remove_380621           disp_k8      amp=0.1    dists=0.00080 move=5.25 ratio=6587.3
task_obj_remove_380621           disp_k8      amp=0.25   dists=0.00479 move=13.56 ratio=2830.8
task_obj_remove_380621           disp_k8      amp=0.5    dists=0.01888 move=23.62 ratio=1250.9
task_obj_remove_380621           disp_k8      amp=1      dists=0.04866 move=37.81 ratio=777.1
task_obj_remove_380621           disp_k8      amp=2      dists=0.10084 move=55.23 ratio=547.7
task_obj_remove_380621           disp_k8      amp=4      dists=0.14970 move=69.29 ratio=462.9
task_obj_remove_380621           disp_k8      amp=8      dists=0.19168 move=76.78 ratio=400.6
task_obj_remove_380621           disp_k8      amp=16     dists=0.21843 move=79.30 ratio=363.1
task_obj_remove_380621           disp_kfull   amp=0.1    dists=0.00050 move=3.66 ratio=7265.3
task_obj_remove_380621           disp_kfull   amp=0.2    dists=0.00203 move=7.51 ratio=3699.6
task_obj_remove_380621           disp_kfull   amp=0.4    dists=0.00593 move=13.58 ratio=2289.0
task_obj_remove_380621           disp_kfull   amp=0.8    dists=0.02935 move=22.84 ratio=778.3
task_obj_remove_380621           disp_kfull   amp=1.6    dists=0.08958 move=39.70 ratio=443.2
task_obj_remove_380621           disp_kfull   amp=3.14159 dists=0.20116 move=68.50 ratio=340.5
task_obj_remove_380621           warp_smooth  amp=0.25   dists=0.01581 move=18.91 ratio=1196.2
task_obj_remove_380621           warp_smooth  amp=0.5    dists=0.03117 move=28.31 ratio=908.2
task_obj_remove_380621           warp_smooth  amp=1      dists=0.04892 move=38.10 ratio=778.8
task_obj_remove_380621           warp_smooth  amp=2      dists=0.08143 move=52.62 ratio=646.2
task_obj_remove_380621           warp_smooth  amp=4      dists=0.13933 move=76.44 ratio=548.6
task_obj_remove_380621           warp_smooth  amp=8      dists=0.22715 move=96.00 ratio=422.6
task_obj_remove_380621           warp_fold    amp=0.25   dists=0.02233 move=19.53 ratio=874.7
task_obj_remove_380621           warp_fold    amp=0.5    dists=0.05686 move=30.34 ratio=533.6
task_obj_remove_380621           warp_fold    amp=1      dists=0.11520 move=41.78 ratio=362.7
task_obj_remove_380621           warp_fold    amp=2      dists=0.19075 move=58.91 ratio=308.8
task_obj_remove_380621           warp_fold    amp=4      dists=0.24775 move=81.12 ratio=327.4
task_obj_remove_380621           warp_fold    amp=8      dists=0.28338 move=94.08 ratio=332.0
task_obj_swap_joint_mask_276754  disp_k1      amp=0.05   dists=0.00034 move=2.62 ratio=7651.7
task_obj_swap_joint_mask_276754  disp_k1      amp=0.1    dists=0.00138 move=4.98 ratio=3604.5
task_obj_swap_joint_mask_276754  disp_k1      amp=0.25   dists=0.00609 move=12.00 ratio=1972.2
task_obj_swap_joint_mask_276754  disp_k1      amp=0.5    dists=0.01360 move=19.38 ratio=1424.7
task_obj_swap_joint_mask_276754  disp_k1      amp=1      dists=0.02905 move=30.76 ratio=1058.6
task_obj_swap_joint_mask_276754  disp_k1      amp=2      dists=0.05063 move=47.95 ratio=947.1
task_obj_swap_joint_mask_276754  disp_k1      amp=4      dists=0.11701 move=71.26 ratio=609.0
task_obj_swap_joint_mask_276754  disp_k1      amp=8      dists=0.19060 move=82.85 ratio=434.7
task_obj_swap_joint_mask_276754  disp_k1      amp=16     dists=0.25313 move=84.68 ratio=334.5
task_obj_swap_joint_mask_276754  disp_k2      amp=0.05   dists=0.00027 move=3.43 ratio=12843.6
task_obj_swap_joint_mask_276754  disp_k2      amp=0.1    dists=0.00069 move=6.15 ratio=8859.8
task_obj_swap_joint_mask_276754  disp_k2      amp=0.25   dists=0.00382 move=13.41 ratio=3513.4
task_obj_swap_joint_mask_276754  disp_k2      amp=0.5    dists=0.01053 move=21.68 ratio=2059.1
task_obj_swap_joint_mask_276754  disp_k2      amp=1      dists=0.02936 move=34.81 ratio=1185.6
task_obj_swap_joint_mask_276754  disp_k2      amp=2      dists=0.06025 move=52.70 ratio=874.7
task_obj_swap_joint_mask_276754  disp_k2      amp=4      dists=0.12050 move=73.03 ratio=606.1
task_obj_swap_joint_mask_276754  disp_k2      amp=8      dists=0.19240 move=82.04 ratio=426.4
task_obj_swap_joint_mask_276754  disp_k2      amp=16     dists=0.24948 move=82.85 ratio=332.1
task_obj_swap_joint_mask_276754  disp_k3      amp=0.05   dists=0.00027 move=3.26 ratio=12027.8
task_obj_swap_joint_mask_276754  disp_k3      amp=0.1    dists=0.00113 move=6.67 ratio=5892.3
task_obj_swap_joint_mask_276754  disp_k3      amp=0.25   dists=0.00490 move=16.25 ratio=3315.2
task_obj_swap_joint_mask_276754  disp_k3      amp=0.5    dists=0.01222 move=25.73 ratio=2104.7
task_obj_swap_joint_mask_276754  disp_k3      amp=1      dists=0.02800 move=37.32 ratio=1333.0
task_obj_swap_joint_mask_276754  disp_k3      amp=2      dists=0.06821 move=54.09 ratio=793.0
task_obj_swap_joint_mask_276754  disp_k3      amp=4      dists=0.12858 move=72.41 ratio=563.2
task_obj_swap_joint_mask_276754  disp_k3      amp=8      dists=0.19933 move=80.06 ratio=401.7
task_obj_swap_joint_mask_276754  disp_k3      amp=16     dists=0.25069 move=82.28 ratio=328.2
task_obj_swap_joint_mask_276754  disp_k4      amp=0.05   dists=0.00034 move=3.51 ratio=10284.8
task_obj_swap_joint_mask_276754  disp_k4      amp=0.1    dists=0.00111 move=6.92 ratio=6242.1
task_obj_swap_joint_mask_276754  disp_k4      amp=0.25   dists=0.00381 move=14.31 ratio=3755.3
task_obj_swap_joint_mask_276754  disp_k4      amp=0.5    dists=0.01237 move=24.92 ratio=2014.7
task_obj_swap_joint_mask_276754  disp_k4      amp=1      dists=0.03535 move=39.47 ratio=1116.4
task_obj_swap_joint_mask_276754  disp_k4      amp=2      dists=0.07853 move=55.25 ratio=703.5
task_obj_swap_joint_mask_276754  disp_k4      amp=4      dists=0.13346 move=71.93 ratio=539.0
task_obj_swap_joint_mask_276754  disp_k4      amp=8      dists=0.19866 move=79.90 ratio=402.2
task_obj_swap_joint_mask_276754  disp_k4      amp=16     dists=0.24911 move=80.56 ratio=323.4
task_obj_swap_joint_mask_276754  disp_k8      amp=0.05   dists=0.00021 move=3.62 ratio=16936.1
task_obj_swap_joint_mask_276754  disp_k8      amp=0.1    dists=0.00075 move=6.35 ratio=8485.3
task_obj_swap_joint_mask_276754  disp_k8      amp=0.25   dists=0.00441 move=14.23 ratio=3226.1
task_obj_swap_joint_mask_276754  disp_k8      amp=0.5    dists=0.01353 move=26.40 ratio=1950.9
task_obj_swap_joint_mask_276754  disp_k8      amp=1      dists=0.03929 move=41.99 ratio=1068.7
task_obj_swap_joint_mask_276754  disp_k8      amp=2      dists=0.08689 move=58.36 ratio=671.7
task_obj_swap_joint_mask_276754  disp_k8      amp=4      dists=0.14861 move=71.05 ratio=478.1
task_obj_swap_joint_mask_276754  disp_k8      amp=8      dists=0.20716 move=79.12 ratio=381.9
task_obj_swap_joint_mask_276754  disp_k8      amp=16     dists=0.24197 move=79.45 ratio=328.4
task_obj_swap_joint_mask_276754  disp_kfull   amp=0.1    dists=0.00065 move=5.08 ratio=7812.2
task_obj_swap_joint_mask_276754  disp_kfull   amp=0.2    dists=0.00153 move=7.37 ratio=4811.4
task_obj_swap_joint_mask_276754  disp_kfull   amp=0.4    dists=0.00507 move=12.54 ratio=2472.2
task_obj_swap_joint_mask_276754  disp_kfull   amp=0.8    dists=0.02035 move=22.13 ratio=1087.2
task_obj_swap_joint_mask_276754  disp_kfull   amp=1.6    dists=0.07786 move=38.73 ratio=497.4
task_obj_swap_joint_mask_276754  disp_kfull   amp=3.14159 dists=0.20070 move=69.97 ratio=348.7
task_obj_swap_joint_mask_276754  warp_smooth  amp=0.25   dists=0.01471 move=21.32 ratio=1449.3
task_obj_swap_joint_mask_276754  warp_smooth  amp=0.5    dists=0.02847 move=34.01 ratio=1194.3
task_obj_swap_joint_mask_276754  warp_smooth  amp=1      dists=0.04188 move=43.83 ratio=1046.5
task_obj_swap_joint_mask_276754  warp_smooth  amp=2      dists=0.06157 move=58.69 ratio=953.2
task_obj_swap_joint_mask_276754  warp_smooth  amp=4      dists=0.12523 move=79.94 ratio=638.4
task_obj_swap_joint_mask_276754  warp_smooth  amp=8      dists=0.21840 move=97.16 ratio=444.9
task_obj_swap_joint_mask_276754  warp_fold    amp=0.25   dists=0.01330 move=22.70 ratio=1707.5
task_obj_swap_joint_mask_276754  warp_fold    amp=0.5    dists=0.03323 move=35.76 ratio=1076.0
task_obj_swap_joint_mask_276754  warp_fold    amp=1      dists=0.07693 move=45.43 ratio=590.5
task_obj_swap_joint_mask_276754  warp_fold    amp=2      dists=0.15464 move=65.36 ratio=422.7
task_obj_swap_joint_mask_276754  warp_fold    amp=4      dists=0.27719 move=91.08 ratio=328.6
task_obj_swap_joint_mask_276754  warp_fold    amp=8      dists=0.30922 move=97.03 ratio=313.8
task_obj_swap_joint_mask_533428  disp_k1      amp=0.05   dists=0.00006 move=2.35 ratio=41269.6
task_obj_swap_joint_mask_533428  disp_k1      amp=0.1    dists=0.00023 move=4.48 ratio=19778.2
task_obj_swap_joint_mask_533428  disp_k1      amp=0.25   dists=0.00177 move=11.46 ratio=6486.3
task_obj_swap_joint_mask_533428  disp_k1      amp=0.5    dists=0.00477 move=19.24 ratio=4036.5
task_obj_swap_joint_mask_533428  disp_k1      amp=1      dists=0.01560 move=29.43 ratio=1887.1
task_obj_swap_joint_mask_533428  disp_k1      amp=2      dists=0.03981 move=45.56 ratio=1144.6
task_obj_swap_joint_mask_533428  disp_k1      amp=4      dists=0.09022 move=68.50 ratio=759.3
task_obj_swap_joint_mask_533428  disp_k1      amp=8      dists=0.18322 move=85.25 ratio=465.3
task_obj_swap_joint_mask_533428  disp_k1      amp=16     dists=0.23746 move=86.10 ratio=362.6
task_obj_swap_joint_mask_533428  disp_k2      amp=0.05   dists=0.00012 move=2.79 ratio=23893.4
task_obj_swap_joint_mask_533428  disp_k2      amp=0.1    dists=0.00033 move=5.48 ratio=16490.6
task_obj_swap_joint_mask_533428  disp_k2      amp=0.25   dists=0.00155 move=12.69 ratio=8210.9
task_obj_swap_joint_mask_533428  disp_k2      amp=0.5    dists=0.00647 move=22.48 ratio=3475.9
task_obj_swap_joint_mask_533428  disp_k2      amp=1      dists=0.02114 move=34.18 ratio=1616.6
task_obj_swap_joint_mask_533428  disp_k2      amp=2      dists=0.05323 move=50.83 ratio=954.9
task_obj_swap_joint_mask_533428  disp_k2      amp=4      dists=0.10169 move=71.72 ratio=705.3
task_obj_swap_joint_mask_533428  disp_k2      amp=8      dists=0.18389 move=86.14 ratio=468.4
task_obj_swap_joint_mask_533428  disp_k2      amp=16     dists=0.23737 move=86.86 ratio=365.9
task_obj_swap_joint_mask_533428  disp_k3      amp=0.05   dists=0.00006 move=3.10 ratio=54150.1
task_obj_swap_joint_mask_533428  disp_k3      amp=0.1    dists=0.00027 move=5.39 ratio=19763.8
task_obj_swap_joint_mask_533428  disp_k3      amp=0.25   dists=0.00202 move=12.99 ratio=6420.6
task_obj_swap_joint_mask_533428  disp_k3      amp=0.5    dists=0.00704 move=22.43 ratio=3184.3
task_obj_swap_joint_mask_533428  disp_k3      amp=1      dists=0.02171 move=35.52 ratio=1635.8
task_obj_swap_joint_mask_533428  disp_k3      amp=2      dists=0.05859 move=51.69 ratio=882.2
task_obj_swap_joint_mask_533428  disp_k3      amp=4      dists=0.11409 move=71.43 ratio=626.1
task_obj_swap_joint_mask_533428  disp_k3      amp=8      dists=0.19114 move=86.41 ratio=452.1
task_obj_swap_joint_mask_533428  disp_k3      amp=16     dists=0.24098 move=86.52 ratio=359.0
task_obj_swap_joint_mask_533428  disp_k4      amp=0.05   dists=0.00009 move=3.74 ratio=40233.9
task_obj_swap_joint_mask_533428  disp_k4      amp=0.1    dists=0.00042 move=6.37 ratio=15017.9
task_obj_swap_joint_mask_533428  disp_k4      amp=0.25   dists=0.00273 move=13.38 ratio=4902.0
task_obj_swap_joint_mask_533428  disp_k4      amp=0.5    dists=0.00892 move=23.32 ratio=2614.6
task_obj_swap_joint_mask_533428  disp_k4      amp=1      dists=0.02497 move=36.31 ratio=1453.8
task_obj_swap_joint_mask_533428  disp_k4      amp=2      dists=0.06827 move=52.76 ratio=772.8
task_obj_swap_joint_mask_533428  disp_k4      amp=4      dists=0.12205 move=72.51 ratio=594.1
task_obj_swap_joint_mask_533428  disp_k4      amp=8      dists=0.19347 move=85.31 ratio=440.9
task_obj_swap_joint_mask_533428  disp_k4      amp=16     dists=0.24920 move=85.72 ratio=344.0
task_obj_swap_joint_mask_533428  disp_k8      amp=0.05   dists=0.00011 move=3.39 ratio=31462.1
task_obj_swap_joint_mask_533428  disp_k8      amp=0.1    dists=0.00042 move=7.21 ratio=17336.6
task_obj_swap_joint_mask_533428  disp_k8      amp=0.25   dists=0.00277 move=14.96 ratio=5399.3
task_obj_swap_joint_mask_533428  disp_k8      amp=0.5    dists=0.00948 move=24.65 ratio=2598.7
task_obj_swap_joint_mask_533428  disp_k8      amp=1      dists=0.03284 move=38.73 ratio=1179.4
task_obj_swap_joint_mask_533428  disp_k8      amp=2      dists=0.08034 move=56.25 ratio=700.1
task_obj_swap_joint_mask_533428  disp_k8      amp=4      dists=0.14558 move=73.20 ratio=502.8
task_obj_swap_joint_mask_533428  disp_k8      amp=8      dists=0.21151 move=86.45 ratio=408.7
task_obj_swap_joint_mask_533428  disp_k8      amp=16     dists=0.24364 move=84.85 ratio=348.3
task_obj_swap_joint_mask_533428  disp_kfull   amp=0.1    dists=0.00045 move=4.76 ratio=10656.9
task_obj_swap_joint_mask_533428  disp_kfull   amp=0.2    dists=0.00159 move=8.48 ratio=5345.6
task_obj_swap_joint_mask_533428  disp_kfull   amp=0.4    dists=0.00605 move=16.19 ratio=2674.9
task_obj_swap_joint_mask_533428  disp_kfull   amp=0.8    dists=0.02131 move=26.95 ratio=1264.5
task_obj_swap_joint_mask_533428  disp_kfull   amp=1.6    dists=0.07871 move=45.39 ratio=576.6
task_obj_swap_joint_mask_533428  disp_kfull   amp=3.14159 dists=0.20014 move=75.21 ratio=375.8
task_obj_swap_joint_mask_533428  warp_smooth  amp=0.25   dists=0.00548 move=17.93 ratio=3272.0
task_obj_swap_joint_mask_533428  warp_smooth  amp=0.5    dists=0.01386 move=27.57 ratio=1989.4
task_obj_swap_joint_mask_533428  warp_smooth  amp=1      dists=0.02819 move=37.80 ratio=1340.8
task_obj_swap_joint_mask_533428  warp_smooth  amp=2      dists=0.05136 move=56.32 ratio=1096.5
task_obj_swap_joint_mask_533428  warp_smooth  amp=4      dists=0.10074 move=84.43 ratio=838.2
task_obj_swap_joint_mask_533428  warp_smooth  amp=8      dists=0.17888 move=108.08 ratio=604.2
task_obj_swap_joint_mask_533428  warp_fold    amp=0.25   dists=0.00610 move=16.69 ratio=2736.8
task_obj_swap_joint_mask_533428  warp_fold    amp=0.5    dists=0.01790 move=27.25 ratio=1522.2
task_obj_swap_joint_mask_533428  warp_fold    amp=1      dists=0.05450 move=39.50 ratio=724.8
task_obj_swap_joint_mask_533428  warp_fold    amp=2      dists=0.14839 move=59.67 ratio=402.1
task_obj_swap_joint_mask_533428  warp_fold    amp=4      dists=0.26234 move=86.03 ratio=327.9
task_obj_swap_joint_mask_533428  warp_fold    amp=8      dists=0.31870 move=103.78 ratio=325.7
task_obj_swap_rand_mask_417469   disp_k1      amp=0.05   dists=0.00006 move=2.19 ratio=34490.4
task_obj_swap_rand_mask_417469   disp_k1      amp=0.1    dists=0.00024 move=4.37 ratio=18221.6
task_obj_swap_rand_mask_417469   disp_k1      amp=0.25   dists=0.00156 move=10.63 ratio=6822.3
task_obj_swap_rand_mask_417469   disp_k1      amp=0.5    dists=0.00476 move=19.22 ratio=4040.7
task_obj_swap_rand_mask_417469   disp_k1      amp=1      dists=0.01198 move=32.25 ratio=2691.0
task_obj_swap_rand_mask_417469   disp_k1      amp=2      dists=0.02544 move=50.28 ratio=1976.4
task_obj_swap_rand_mask_417469   disp_k1      amp=4      dists=0.05848 move=71.94 ratio=1230.3
task_obj_swap_rand_mask_417469   disp_k1      amp=8      dists=0.12731 move=85.93 ratio=674.9
task_obj_swap_rand_mask_417469   disp_k1      amp=16     dists=0.19257 move=86.48 ratio=449.1
task_obj_swap_rand_mask_417469   disp_k2      amp=0.05   dists=0.00004 move=3.39 ratio=80624.0
task_obj_swap_rand_mask_417469   disp_k2      amp=0.1    dists=0.00020 move=6.28 ratio=30697.9
task_obj_swap_rand_mask_417469   disp_k2      amp=0.25   dists=0.00124 move=12.02 ratio=9695.8
task_obj_swap_rand_mask_417469   disp_k2      amp=0.5    dists=0.00390 move=21.03 ratio=5397.1
task_obj_swap_rand_mask_417469   disp_k2      amp=1      dists=0.01065 move=34.15 ratio=3205.0
task_obj_swap_rand_mask_417469   disp_k2      amp=2      dists=0.02735 move=53.48 ratio=1955.2
task_obj_swap_rand_mask_417469   disp_k2      amp=4      dists=0.06458 move=74.22 ratio=1149.3
task_obj_swap_rand_mask_417469   disp_k2      amp=8      dists=0.13295 move=85.89 ratio=646.0
task_obj_swap_rand_mask_417469   disp_k2      amp=16     dists=0.18883 move=86.53 ratio=458.2
task_obj_swap_rand_mask_417469   disp_k3      amp=0.05   dists=0.00006 move=4.48 ratio=74150.7
task_obj_swap_rand_mask_417469   disp_k3      amp=0.1    dists=0.00024 move=6.79 ratio=28400.2
task_obj_swap_rand_mask_417469   disp_k3      amp=0.25   dists=0.00129 move=14.02 ratio=10896.9
task_obj_swap_rand_mask_417469   disp_k3      amp=0.5    dists=0.00374 move=22.52 ratio=6024.0
task_obj_swap_rand_mask_417469   disp_k3      amp=1      dists=0.01076 move=37.98 ratio=3530.9
task_obj_swap_rand_mask_417469   disp_k3      amp=2      dists=0.03262 move=53.65 ratio=1644.5
task_obj_swap_rand_mask_417469   disp_k3      amp=4      dists=0.07270 move=73.72 ratio=1014.0
task_obj_swap_rand_mask_417469   disp_k3      amp=8      dists=0.13905 move=86.76 ratio=623.9
task_obj_swap_rand_mask_417469   disp_k3      amp=16     dists=0.18939 move=86.66 ratio=457.6
task_obj_swap_rand_mask_417469   disp_k4      amp=0.05   dists=0.00008 move=4.38 ratio=54501.4
task_obj_swap_rand_mask_417469   disp_k4      amp=0.1    dists=0.00029 move=7.76 ratio=26690.2
task_obj_swap_rand_mask_417469   disp_k4      amp=0.25   dists=0.00125 move=14.21 ratio=11401.8
task_obj_swap_rand_mask_417469   disp_k4      amp=0.5    dists=0.00393 move=23.49 ratio=5972.5
task_obj_swap_rand_mask_417469   disp_k4      amp=1      dists=0.01371 move=38.30 ratio=2793.5
task_obj_swap_rand_mask_417469   disp_k4      amp=2      dists=0.04100 move=55.07 ratio=1343.1
task_obj_swap_rand_mask_417469   disp_k4      amp=4      dists=0.08215 move=73.76 ratio=897.9
task_obj_swap_rand_mask_417469   disp_k4      amp=8      dists=0.14961 move=85.83 ratio=573.7
task_obj_swap_rand_mask_417469   disp_k4      amp=16     dists=0.19789 move=85.44 ratio=431.8
task_obj_swap_rand_mask_417469   disp_k8      amp=0.05   dists=0.00007 move=4.99 ratio=69802.1
task_obj_swap_rand_mask_417469   disp_k8      amp=0.1    dists=0.00031 move=7.92 ratio=25639.5
task_obj_swap_rand_mask_417469   disp_k8      amp=0.25   dists=0.00222 move=18.14 ratio=8166.2
task_obj_swap_rand_mask_417469   disp_k8      amp=0.5    dists=0.00874 move=30.15 ratio=3450.1
task_obj_swap_rand_mask_417469   disp_k8      amp=1      dists=0.02598 move=43.26 ratio=1664.9
task_obj_swap_rand_mask_417469   disp_k8      amp=2      dists=0.05888 move=58.40 ratio=991.9
task_obj_swap_rand_mask_417469   disp_k8      amp=4      dists=0.10578 move=74.05 ratio=700.1
task_obj_swap_rand_mask_417469   disp_k8      amp=8      dists=0.16020 move=85.39 ratio=533.0
task_obj_swap_rand_mask_417469   disp_k8      amp=16     dists=0.20102 move=86.93 ratio=432.4
task_obj_swap_rand_mask_417469   disp_kfull   amp=0.1    dists=0.00037 move=5.03 ratio=13702.6
task_obj_swap_rand_mask_417469   disp_kfull   amp=0.2    dists=0.00137 move=9.25 ratio=6732.1
task_obj_swap_rand_mask_417469   disp_kfull   amp=0.4    dists=0.00502 move=17.54 ratio=3497.5
task_obj_swap_rand_mask_417469   disp_kfull   amp=0.8    dists=0.01799 move=29.37 ratio=1632.9
task_obj_swap_rand_mask_417469   disp_kfull   amp=1.6    dists=0.06255 move=47.50 ratio=759.3
task_obj_swap_rand_mask_417469   disp_kfull   amp=3.14159 dists=0.16831 move=79.38 ratio=471.6
task_obj_swap_rand_mask_417469   warp_smooth  amp=0.25   dists=0.00469 move=17.30 ratio=3689.0
task_obj_swap_rand_mask_417469   warp_smooth  amp=0.5    dists=0.01200 move=26.35 ratio=2196.9
task_obj_swap_rand_mask_417469   warp_smooth  amp=1      dists=0.02087 move=38.47 ratio=1843.1
task_obj_swap_rand_mask_417469   warp_smooth  amp=2      dists=0.03570 move=57.25 ratio=1603.5
task_obj_swap_rand_mask_417469   warp_smooth  amp=4      dists=0.07144 move=81.43 ratio=1139.8
task_obj_swap_rand_mask_417469   warp_smooth  amp=8      dists=0.14458 move=101.10 ratio=699.3
task_obj_swap_rand_mask_417469   warp_fold    amp=0.25   dists=0.00630 move=17.24 ratio=2734.2
task_obj_swap_rand_mask_417469   warp_fold    amp=0.5    dists=0.01663 move=27.46 ratio=1651.0
task_obj_swap_rand_mask_417469   warp_fold    amp=1      dists=0.04872 move=40.76 ratio=836.8
task_obj_swap_rand_mask_417469   warp_fold    amp=2      dists=0.14073 move=58.88 ratio=418.4
task_obj_swap_rand_mask_417469   warp_fold    amp=4      dists=0.27324 move=81.08 ratio=296.7
task_obj_swap_rand_mask_417469   warp_fold    amp=8      dists=0.34152 move=97.37 ratio=285.1

逐列：runs/dispersion_probe/results.csv（630 列）
等失真錨點：runs/dispersion_probe/summary.csv
