Loading pipeline components...:   0%|          | 0/6 [00:00<?, ?it/s]Loading pipeline components...:  33%|███▎      | 2/6 [00:00<00:00, 11.58it/s]
Loading weights:   0%|          | 0/196 [00:00<?, ?it/s][ALoading weights: 100%|██████████| 196/196 [00:00<00:00, 4360.35it/s]
Loading pipeline components...:  83%|████████▎ | 5/6 [00:00<00:00, 14.17it/s]Loading pipeline components...: 100%|██████████| 6/6 [00:00<00:00, 16.10it/s]
There are modules in AutoencoderKL that should be kept in float32: []. Casting directly with `to()` can lead to inconsistent results; set `torch_dtype` in `from_pretrained()` instead to keep these modules in float32.
/nfs/home/nelson0314/venvs/wacv/lib/python3.11/site-packages/torchvision/models/_utils.py:207: UserWarning: The parameter 'pretrained' is deprecated since 0.13 and may be removed in the future, please use 'weights' instead.
  warnings.warn(
/nfs/home/nelson0314/venvs/wacv/lib/python3.11/site-packages/torchvision/models/_utils.py:222: UserWarning: Arguments other than a weight enum or `None` for 'weights' are deprecated since 0.13 and may be removed in the future. The current behavior is equivalent to passing `weights=VGG16_Weights.IMAGENET1K_V1`. You can also use `weights=VGG16_Weights.DEFAULT` to get the most up-to-date weights.
  warnings.warn(msg)
IP2P 線：13 張、條件 ['phase']、steps=100 s_T=7.5 s_I=1.5 seed=20260812
/nfs/home/nelson0314/venvs/wacv/lib/python3.11/site-packages/diffusers/image_processor.py:724: FutureWarning: Passing `image` as torch tensor with value range in [-1,1] is deprecated. The expected value range for image tensor is [0,1] when passing as pytorch tensor or numpy Array. You passed `image` with value range [-1.0,1.0]
  warnings.warn(
Warning: You are sending unauthenticated requests to the HF Hub. Please set a HF_TOKEN to enable higher rate limits and faster downloads.
Loading weights:   0%|          | 0/398 [00:00<?, ?it/s]Loading weights: 100%|██████████| 398/398 [00:00<00:00, 15198.41it/s]
[transformers] Model config: bos_token_id must be `None` or an integer within the vocabulary (between 0 and 31999), got 49406. This may result in unexpected behavior.
[transformers] Model config: eos_token_id must be `None` or an integer within the vocabulary (between 0 and 31999), got 49407. This may result in unexpected behavior.
Loading weights:   0%|          | 0/408 [00:00<?, ?it/s]Loading weights: 100%|██████████| 408/408 [00:00<00:00, 5020.67it/s]
task_attr_mod_color_11699        phase          r=1.8000 dists=0.0778 lpips=0.4774 effect=0.4212 (196s)
task_attr_mod_color_136767       phase          r=1.8000 dists=0.1082 lpips=0.4623 effect=0.5703 (188s)
task_attr_mod_color_184837       phase          r=1.8000 dists=0.1187 lpips=0.4718 effect=0.5176 (190s)
task_attr_mod_color_32648        phase          r=1.8000 dists=0.1295 lpips=0.5673 effect=0.4154 (190s)
task_attr_mod_color_6205         phase          r=1.8000 dists=0.1171 lpips=0.5103 effect=0.6347 (191s)
task_env_weather_112463          phase          r=1.8000 dists=0.0496 lpips=0.5820 effect=0.4054 (191s)
task_env_weather_246440          phase          r=1.8000 dists=0.0857 lpips=0.4135 effect=0.4935 (192s)
task_env_weather_63722           phase          r=1.8000 dists=0.0791 lpips=0.4926 effect=0.4774 (192s)
task_obj_add_40931               phase          r=1.8000 dists=0.0944 lpips=0.4779 effect=0.5015 (192s)
task_obj_remove_380621           phase          r=1.8000 dists=0.0958 lpips=0.5386 effect=0.6250 (192s)
task_obj_swap_joint_mask_276754  phase          r=1.8000 dists=0.1181 lpips=0.4753 effect=0.5059 (193s)
task_obj_swap_joint_mask_533428  phase          r=1.8000 dists=0.0769 lpips=0.4665 effect=0.5549 (193s)
task_obj_swap_rand_mask_417469   phase          r=1.8000 dists=0.0684 lpips=0.4962 effect=0.6425 (193s)

表：runs/ip2p_eot_geometry/g_r18/results.csv（13 列）
