Warning: You are sending unauthenticated requests to the HF Hub. Please set a HF_TOKEN to enable higher rate limits and faster downloads.
Loading pipeline components...:   0%|          | 0/6 [00:00<?, ?it/s]Loading pipeline components...:  17%|█▋        | 1/6 [00:00<00:00,  9.68it/s]Loading pipeline components...:  50%|█████     | 3/6 [00:00<00:00, 15.43it/s]
Loading weights:   0%|          | 0/196 [00:00<?, ?it/s][ALoading weights: 100%|██████████| 196/196 [00:00<00:00, 6078.84it/s]
Loading pipeline components...: 100%|██████████| 6/6 [00:00<00:00, 10.09it/s]Loading pipeline components...: 100%|██████████| 6/6 [00:00<00:00, 10.55it/s]
There are modules in AutoencoderKL that should be kept in float32: []. Casting directly with `to()` can lead to inconsistent results; set `torch_dtype` in `from_pretrained()` instead to keep these modules in float32.
/nfs/home/nelson0314/venvs/wacv/lib/python3.11/site-packages/torchvision/models/_utils.py:207: UserWarning: The parameter 'pretrained' is deprecated since 0.13 and may be removed in the future, please use 'weights' instead.
  warnings.warn(
/nfs/home/nelson0314/venvs/wacv/lib/python3.11/site-packages/torchvision/models/_utils.py:222: UserWarning: Arguments other than a weight enum or `None` for 'weights' are deprecated since 0.13 and may be removed in the future. The current behavior is equivalent to passing `weights=VGG16_Weights.IMAGENET1K_V1`. You can also use `weights=VGG16_Weights.DEFAULT` to get the most up-to-date weights.
  warnings.warn(msg)
IP2P 線：3 張、條件 ['patch']、steps=100 s_T=7.5 s_I=1.5 seed=20260812
/nfs/home/nelson0314/venvs/wacv/lib/python3.11/site-packages/diffusers/image_processor.py:724: FutureWarning: Passing `image` as torch tensor with value range in [-1,1] is deprecated. The expected value range for image tensor is [0,1] when passing as pytorch tensor or numpy Array. You passed `image` with value range [-1.0,1.0]
  warnings.warn(
Loading weights:   0%|          | 0/462 [00:00<?, ?it/s]Loading weights:  71%|███████   | 327/462 [00:00<00:00, 3190.15it/s]Loading weights: 100%|██████████| 462/462 [00:00<00:00, 3489.80it/s]
Loading weights:   0%|          | 0/380 [00:00<?, ?it/s]Loading weights:  79%|███████▉  | 302/380 [00:00<00:00, 2998.48it/s]Loading weights: 100%|██████████| 380/380 [00:00<00:00, 3475.36it/s]
    [patch] step    0 loss 0.372918 |p| 0.45604 eval 0.198719
    [patch] step  150 loss 0.042744 |p| 0.61628
    [patch] step  200 loss 0.099659 |p| 0.61390 eval 0.106254
    [patch] step  300 loss 0.042390 |p| 0.61721
    [patch] step  400 loss 0.100274 |p| 0.61533 eval 0.103590
    [patch] step  450 loss 0.164355 |p| 0.61469
    [patch] step  600 loss 0.105782 |p| 0.61663 eval 0.102543
    [patch] step  750 loss 0.043877 |p| 0.61524
    [patch] step  800 loss 0.113501 |p| 0.61439 eval 0.100430
    [patch] step  900 loss 0.041704 |p| 0.61734
    [patch] step 1000 loss 0.049267 |p| 0.61572 eval 0.100213
    [patch] step 1050 loss 0.077043 |p| 0.61455
    [patch] step 1200 loss 0.141541 |p| 0.61400 eval 0.098789
    [patch] step 1350 loss 0.042423 |p| 0.61555
    [patch] step 1400 loss 0.051498 |p| 0.61481 eval 0.098279
    [patch] step 1500 loss 0.099636 |p| 0.61491
    [patch] step 1600 loss 0.111119 |p| 0.61464 eval 0.097878
    [patch] step 1650 loss 0.138363 |p| 0.61524
    [patch] step 1800 loss 0.079458 |p| 0.61452 eval 0.097650
    [patch] step 1950 loss 0.069977 |p| 0.61399
    [patch] step 2000 loss 0.053317 |p| 0.61542 eval 0.097917
    [patch] step 2100 loss 0.057127 |p| 0.61351
    [patch] step 2200 loss 0.046373 |p| 0.61535 eval 0.097509
    [patch] step 2250 loss 0.080108 |p| 0.61442
    [patch] step 2400 loss 0.041691 |p| 0.61676 eval 0.097130
    [patch] step 2550 loss 0.043855 |p| 0.61611
    [patch] step 2600 loss 0.062534 |p| 0.61580 eval 0.096758
    [patch] step 2700 loss 0.055285 |p| 0.61561
    [patch] step 2800 loss 0.145404 |p| 0.61449 eval 0.096453
    [patch] step 2850 loss 0.098435 |p| 0.61513
    [patch] step 3000 loss 0.059738 |p| 0.61492 eval 0.096616
    [patch] step 3150 loss 0.124979 |p| 0.61531
    [patch] step 3200 loss 0.137750 |p| 0.61392 eval 0.095893
    [patch] step 3300 loss 0.042174 |p| 0.61693
    [patch] step 3400 loss 0.057992 |p| 0.61544 eval 0.096562
    [patch] step 3450 loss 0.050421 |p| 0.61381
    [patch] step 3600 loss 0.044130 |p| 0.61508 eval 0.096689
    [patch] step 3750 loss 0.069424 |p| 0.61380
    [patch] step 3800 loss 0.055230 |p| 0.61533 eval 0.096278
    [patch] step 3900 loss 0.044216 |p| 0.61671
    [patch] step 4000 loss 0.049820 |p| 0.61532 eval 0.096133
    [patch] step 4050 loss 0.127305 |p| 0.61452
    [patch] step 4200 loss 0.083865 |p| 0.61611 eval 0.095747
    [patch] step 4350 loss 0.139832 |p| 0.61319
    [patch] step 4400 loss 0.077291 |p| 0.61406 eval 0.095499
    [patch] step 4500 loss 0.042722 |p| 0.61555
    [patch] step 4600 loss 0.112545 |p| 0.61431 eval 0.095512
    [patch] step 4650 loss 0.071530 |p| 0.61478
    [patch] step 4800 loss 0.107148 |p| 0.61366 eval 0.095069
    [patch] step 4950 loss 0.041304 |p| 0.61736
    [patch] step 5000 loss 0.043748 |p| 0.61515 eval 0.095383
    [patch] step 5100 loss 0.054936 |p| 0.61596
    [patch] step 5200 loss 0.084341 |p| 0.61528 eval 0.095219
    [patch] step 5250 loss 0.041464 |p| 0.61673
    [patch] step 5400 loss 0.146327 |p| 0.61531 eval 0.094551
    [patch] step 5550 loss 0.062024 |p| 0.61597
    [patch] step 5600 loss 0.112051 |p| 0.61559 eval 0.094971
    [patch] step 5700 loss 0.049463 |p| 0.61588
    [patch] step 5800 loss 0.051280 |p| 0.61675 eval 0.096153
    [patch] step 5850 loss 0.043552 |p| 0.61620
    [patch] step 5999 loss 0.135674 |p| 0.61581 eval 0.095085
/nfs/home/nelson0314/venvs/wacv/lib/python3.11/site-packages/diffusers/image_processor.py:724: FutureWarning: Passing `image` as torch tensor with value range in [-1,1] is deprecated. The expected value range for image tensor is [0,1] when passing as pytorch tensor or numpy Array. You passed `image` with value range [-1.0,1.0]
  warnings.warn(
Loading weights:   0%|          | 0/398 [00:00<?, ?it/s]Loading weights: 100%|██████████| 398/398 [00:00<00:00, 11373.80it/s]
[transformers] Model config: bos_token_id must be `None` or an integer within the vocabulary (between 0 and 31999), got 49406. This may result in unexpected behavior.
[transformers] Model config: eos_token_id must be `None` or an integer within the vocabulary (between 0 and 31999), got 49407. This may result in unexpected behavior.
Loading weights:   0%|          | 0/408 [00:00<?, ?it/s]Loading weights: 100%|██████████| 408/408 [00:00<00:00, 4439.14it/s]
task_attr_mod_color_123744       patch          r=0.0500 dists=0.2081 lpips=0.3147 effect=0.6426 (2999s)
    [patch] step    0 loss 0.429581 |p| 0.31260 eval 0.188611
    [patch] step  150 loss 0.015121 |p| 0.12867
    [patch] step  200 loss 0.076309 |p| 0.14030 eval 0.095203
    [patch] step  300 loss 0.014453 |p| 0.12534
    [patch] step  400 loss 0.077004 |p| 0.13510 eval 0.092616
    [patch] step  450 loss 0.212995 |p| 0.13813
    [patch] step  600 loss 0.076366 |p| 0.12860 eval 0.092624
    [patch] step  750 loss 0.016644 |p| 0.13091
    [patch] step  800 loss 0.093763 |p| 0.13798 eval 0.090523
    [patch] step  900 loss 0.014187 |p| 0.12695
    [patch] step 1000 loss 0.024151 |p| 0.13018 eval 0.091422
    [patch] step 1050 loss 0.053533 |p| 0.13542
    [patch] step 1200 loss 0.120862 |p| 0.13788 eval 0.089717
    [patch] step 1350 loss 0.014557 |p| 0.12991
    [patch] step 1400 loss 0.025480 |p| 0.13509 eval 0.090062
    [patch] step 1500 loss 0.073111 |p| 0.13808
    [patch] step 1600 loss 0.096428 |p| 0.13768 eval 0.089103
    [patch] step 1650 loss 0.146714 |p| 0.13260
    [patch] step 1800 loss 0.059087 |p| 0.13709 eval 0.089045
    [patch] step 1950 loss 0.045260 |p| 0.13940
    [patch] step 2000 loss 0.032131 |p| 0.13436 eval 0.089122
    [patch] step 2100 loss 0.033639 |p| 0.13974
    [patch] step 2200 loss 0.018808 |p| 0.13412 eval 0.089031
    [patch] step 2250 loss 0.064003 |p| 0.13870
    [patch] step 2400 loss 0.014459 |p| 0.13163 eval 0.088900
    [patch] step 2550 loss 0.016027 |p| 0.12876
    [patch] step 2600 loss 0.039558 |p| 0.13363 eval 0.089178
    [patch] step 2700 loss 0.032877 |p| 0.13202
    [patch] step 2800 loss 0.165401 |p| 0.13806 eval 0.088214
    [patch] step 2850 loss 0.074873 |p| 0.13508
    [patch] step 3000 loss 0.040785 |p| 0.13515 eval 0.088264
    [patch] step 3150 loss 0.118651 |p| 0.13476
    [patch] step 3200 loss 0.146864 |p| 0.14006 eval 0.087233
    [patch] step 3300 loss 0.014647 |p| 0.12548
    [patch] step 3400 loss 0.034790 |p| 0.13331 eval 0.088420
    [patch] step 3450 loss 0.022018 |p| 0.13993
    [patch] step 3600 loss 0.016551 |p| 0.13163 eval 0.088564
    [patch] step 3750 loss 0.049047 |p| 0.14028
    [patch] step 3800 loss 0.030355 |p| 0.13228 eval 0.088428
    [patch] step 3900 loss 0.017219 |p| 0.13119
    [patch] step 4000 loss 0.027042 |p| 0.13311 eval 0.088295
    [patch] step 4050 loss 0.116592 |p| 0.13952
    [patch] step 4200 loss 0.078253 |p| 0.13277 eval 0.087991
    [patch] step 4350 loss 0.145264 |p| 0.14346
    [patch] step 4400 loss 0.056893 |p| 0.13951 eval 0.087045
    [patch] step 4500 loss 0.015490 |p| 0.13431
    [patch] step 4600 loss 0.097638 |p| 0.13773 eval 0.087275
    [patch] step 4650 loss 0.050643 |p| 0.13674
    [patch] step 4800 loss 0.088857 |p| 0.14130 eval 0.086746
    [patch] step 4950 loss 0.013919 |p| 0.12568
    [patch] step 5000 loss 0.016571 |p| 0.13528 eval 0.086724
    [patch] step 5100 loss 0.029716 |p| 0.12965
    [patch] step 5200 loss 0.065308 |p| 0.13479 eval 0.087014
    [patch] step 5250 loss 0.014331 |p| 0.12924
    [patch] step 5400 loss 0.180093 |p| 0.13593 eval 0.086592
    [patch] step 5550 loss 0.037651 |p| 0.13099
    [patch] step 5600 loss 0.100606 |p| 0.13803 eval 0.086765
    [patch] step 5700 loss 0.021836 |p| 0.12874
    [patch] step 5800 loss 0.023253 |p| 0.12648 eval 0.088903
    [patch] step 5850 loss 0.015577 |p| 0.12726
    [patch] step 5999 loss 0.200049 |p| 0.13003 eval 0.088081
task_attr_mod_color_42929        patch          r=0.0500 dists=0.0996 lpips=0.0736 effect=0.2869 (2989s)
    [patch] step    0 loss 0.410752 |p| 0.40980 eval 0.176343
    [patch] step  150 loss 0.025646 |p| 0.45275
    [patch] step  200 loss 0.089690 |p| 0.45483 eval 0.114497
    [patch] step  300 loss 0.025108 |p| 0.45286
    [patch] step  400 loss 0.095845 |p| 0.45442 eval 0.110685
    [patch] step  450 loss 0.234433 |p| 0.45476
    [patch] step  600 loss 0.089911 |p| 0.45364 eval 0.109775
    [patch] step  750 loss 0.027082 |p| 0.45365
    [patch] step  800 loss 0.109000 |p| 0.45431 eval 0.108815
    [patch] step  900 loss 0.024633 |p| 0.45299
    [patch] step 1000 loss 0.034448 |p| 0.45346 eval 0.108608
    [patch] step 1050 loss 0.069637 |p| 0.45429
    [patch] step 1200 loss 0.138126 |p| 0.45451 eval 0.108157
    [patch] step 1350 loss 0.025346 |p| 0.45330
    [patch] step 1400 loss 0.035399 |p| 0.45413 eval 0.107948
    [patch] step 1500 loss 0.091098 |p| 0.45486
    [patch] step 1600 loss 0.113819 |p| 0.45477 eval 0.107694
    [patch] step 1650 loss 0.159806 |p| 0.45392
    [patch] step 1800 loss 0.079712 |p| 0.45434 eval 0.107658
    [patch] step 1950 loss 0.066305 |p| 0.45442
    [patch] step 2000 loss 0.042462 |p| 0.45368 eval 0.107378
    [patch] step 2100 loss 0.049808 |p| 0.45398
    [patch] step 2200 loss 0.029284 |p| 0.45377 eval 0.107119
    [patch] step 2250 loss 0.079387 |p| 0.45427
    [patch] step 2400 loss 0.024745 |p| 0.45320 eval 0.107327
    [patch] step 2550 loss 0.026767 |p| 0.45344
    [patch] step 2600 loss 0.054709 |p| 0.45388 eval 0.106992
    [patch] step 2700 loss 0.046165 |p| 0.45365
    [patch] step 2800 loss 0.186563 |p| 0.45480 eval 0.106929
    [patch] step 2850 loss 0.090881 |p| 0.45409
    [patch] step 3000 loss 0.056906 |p| 0.45393 eval 0.106937
    [patch] step 3150 loss 0.134211 |p| 0.45414
    [patch] step 3200 loss 0.166233 |p| 0.45394 eval 0.106791
    [patch] step 3300 loss 0.025223 |p| 0.45310
    [patch] step 3400 loss 0.054787 |p| 0.45379 eval 0.106752
    [patch] step 3450 loss 0.032286 |p| 0.45404
    [patch] step 3600 loss 0.026578 |p| 0.45363 eval 0.106866
    [patch] step 3750 loss 0.068766 |p| 0.45423
    [patch] step 3800 loss 0.042614 |p| 0.45394 eval 0.106850
    [patch] step 3900 loss 0.027730 |p| 0.45313
    [patch] step 4000 loss 0.036429 |p| 0.45394 eval 0.106432
    [patch] step 4050 loss 0.134602 |p| 0.45428
    [patch] step 4200 loss 0.084899 |p| 0.45358 eval 0.106760
    [patch] step 4350 loss 0.161209 |p| 0.45436
    [patch] step 4400 loss 0.076612 |p| 0.45438 eval 0.106355
    [patch] step 4500 loss 0.025949 |p| 0.45331
    [patch] step 4600 loss 0.111834 |p| 0.45392 eval 0.106448
    [patch] step 4650 loss 0.065881 |p| 0.45393
    [patch] step 4800 loss 0.103454 |p| 0.45451 eval 0.106283
    [patch] step 4950 loss 0.024466 |p| 0.45319
    [patch] step 5000 loss 0.026682 |p| 0.45380 eval 0.106531
    [patch] step 5100 loss 0.041355 |p| 0.45344
    [patch] step 5200 loss 0.082435 |p| 0.45361 eval 0.106469
    [patch] step 5250 loss 0.024696 |p| 0.45334
    [patch] step 5400 loss 0.202912 |p| 0.45416 eval 0.106200
    [patch] step 5550 loss 0.054374 |p| 0.45386
    [patch] step 5600 loss 0.120969 |p| 0.45446 eval 0.106260
    [patch] step 5700 loss 0.032599 |p| 0.45367
    [patch] step 5800 loss 0.036057 |p| 0.45349 eval 0.106848
    [patch] step 5850 loss 0.026296 |p| 0.45330
    [patch] step 5999 loss 0.227670 |p| 0.45368 eval 0.106442
task_attr_mod_color_71985        patch          r=0.0500 dists=0.0902 lpips=0.1338 effect=0.3354 (2991s)

表：runs/ip2p_patch_tint_colour/tint10_tile/results.csv（3 列）
