Warning: You are sending unauthenticated requests to the HF Hub. Please set a HF_TOKEN to enable higher rate limits and faster downloads.
Loading pipeline components...:   0%|          | 0/6 [00:00<?, ?it/s]Loading pipeline components...:  50%|█████     | 3/6 [00:00<00:00, 26.93it/s]
Loading weights:   0%|          | 0/196 [00:00<?, ?it/s][ALoading weights: 100%|██████████| 196/196 [00:00<00:00, 4276.14it/s]
Loading pipeline components...: 100%|██████████| 6/6 [00:00<00:00, 15.91it/s]Loading pipeline components...: 100%|██████████| 6/6 [00:00<00:00, 16.94it/s]
There are modules in AutoencoderKL that should be kept in float32: []. Casting directly with `to()` can lead to inconsistent results; set `torch_dtype` in `from_pretrained()` instead to keep these modules in float32.
/nfs/home/nelson0314/venvs/wacv/lib/python3.11/site-packages/torchvision/models/_utils.py:207: UserWarning: The parameter 'pretrained' is deprecated since 0.13 and may be removed in the future, please use 'weights' instead.
  warnings.warn(
/nfs/home/nelson0314/venvs/wacv/lib/python3.11/site-packages/torchvision/models/_utils.py:222: UserWarning: Arguments other than a weight enum or `None` for 'weights' are deprecated since 0.13 and may be removed in the future. The current behavior is equivalent to passing `weights=VGG16_Weights.IMAGENET1K_V1`. You can also use `weights=VGG16_Weights.DEFAULT` to get the most up-to-date weights.
  warnings.warn(msg)
IP2P 線：13 張、條件 ['phase_gain']、steps=100 s_T=7.5 s_I=1.5 seed=20260812
/nfs/home/nelson0314/venvs/wacv/lib/python3.11/site-packages/diffusers/image_processor.py:724: FutureWarning: Passing `image` as torch tensor with value range in [-1,1] is deprecated. The expected value range for image tensor is [0,1] when passing as pytorch tensor or numpy Array. You passed `image` with value range [-1.0,1.0]
  warnings.warn(
Loading weights:   0%|          | 0/398 [00:00<?, ?it/s]Loading weights: 100%|██████████| 398/398 [00:00<00:00, 10573.63it/s]
[transformers] Model config: bos_token_id must be `None` or an integer within the vocabulary (between 0 and 31999), got 49406. This may result in unexpected behavior.
[transformers] Model config: eos_token_id must be `None` or an integer within the vocabulary (between 0 and 31999), got 49407. This may result in unexpected behavior.
Loading weights:   0%|          | 0/408 [00:00<?, ?it/s]Loading weights:  87%|████████▋ | 354/408 [00:00<00:00, 3526.34it/s]Loading weights: 100%|██████████| 408/408 [00:00<00:00, 3546.32it/s]
task_attr_mod_color_11699        phase_gain     r=2.0000 dists=0.0078 lpips=0.1501 effect=0.1494 (192s)
task_attr_mod_color_136767       phase_gain     r=2.0000 dists=0.0243 lpips=0.1957 effect=0.2045 (183s)
task_attr_mod_color_184837       phase_gain     r=2.0000 dists=0.0207 lpips=0.2089 effect=0.2470 (183s)
task_attr_mod_color_32648        phase_gain     r=2.0000 dists=0.0127 lpips=0.2733 effect=0.2008 (183s)
task_attr_mod_color_6205         phase_gain     r=2.0000 dists=0.0153 lpips=0.1215 effect=0.2350 (183s)
task_env_weather_112463          phase_gain     r=2.0000 dists=0.0078 lpips=0.2503 effect=0.3018 (184s)
task_env_weather_246440          phase_gain     r=2.0000 dists=0.0228 lpips=0.3003 effect=0.4089 (183s)
task_env_weather_63722           phase_gain     r=2.0000 dists=0.0161 lpips=0.2265 effect=0.2229 (185s)
task_obj_add_40931               phase_gain     r=2.0000 dists=0.0205 lpips=0.3418 effect=0.2873 (187s)
task_obj_remove_380621           phase_gain     r=2.0000 dists=0.0248 lpips=0.2599 effect=0.2975 (184s)
task_obj_swap_joint_mask_276754  phase_gain     r=2.0000 dists=0.0271 lpips=0.4043 effect=0.1909 (183s)
task_obj_swap_joint_mask_533428  phase_gain     r=2.0000 dists=0.0193 lpips=0.3000 effect=0.3929 (184s)
task_obj_swap_rand_mask_417469   phase_gain     r=2.0000 dists=0.0130 lpips=0.2539 effect=0.2385 (187s)

表：runs/ip2p_perceptual_weight/jl_r20/results.csv（13 列）
