Loading pipeline components...:   0%|          | 0/6 [00:00<?, ?it/s]
Loading weights:   0%|          | 0/196 [00:00<?, ?it/s][ALoading weights: 100%|██████████| 196/196 [00:00<00:00, 4271.45it/s]
Loading pipeline components...:  50%|█████     | 3/6 [00:00<00:00, 13.87it/s]Loading pipeline components...: 100%|██████████| 6/6 [00:00<00:00, 17.67it/s]Loading pipeline components...: 100%|██████████| 6/6 [00:00<00:00, 16.97it/s]
There are modules in AutoencoderKL that should be kept in float32: []. Casting directly with `to()` can lead to inconsistent results; set `torch_dtype` in `from_pretrained()` instead to keep these modules in float32.
/nfs/home/nelson0314/venvs/wacv/lib/python3.11/site-packages/torchvision/models/_utils.py:207: UserWarning: The parameter 'pretrained' is deprecated since 0.13 and may be removed in the future, please use 'weights' instead.
  warnings.warn(
/nfs/home/nelson0314/venvs/wacv/lib/python3.11/site-packages/torchvision/models/_utils.py:222: UserWarning: Arguments other than a weight enum or `None` for 'weights' are deprecated since 0.13 and may be removed in the future. The current behavior is equivalent to passing `weights=VGG16_Weights.IMAGENET1K_V1`. You can also use `weights=VGG16_Weights.DEFAULT` to get the most up-to-date weights.
  warnings.warn(msg)
IP2P 線：13 張、條件 ['add']、steps=100 s_T=7.5 s_I=1.5 seed=20260812
/nfs/home/nelson0314/venvs/wacv/lib/python3.11/site-packages/diffusers/image_processor.py:724: FutureWarning: Passing `image` as torch tensor with value range in [-1,1] is deprecated. The expected value range for image tensor is [0,1] when passing as pytorch tensor or numpy Array. You passed `image` with value range [-1.0,1.0]
  warnings.warn(
Warning: You are sending unauthenticated requests to the HF Hub. Please set a HF_TOKEN to enable higher rate limits and faster downloads.
Loading weights:   0%|          | 0/398 [00:00<?, ?it/s]Loading weights: 100%|██████████| 398/398 [00:00<00:00, 12691.75it/s]
[transformers] Model config: bos_token_id must be `None` or an integer within the vocabulary (between 0 and 31999), got 49406. This may result in unexpected behavior.
[transformers] Model config: eos_token_id must be `None` or an integer within the vocabulary (between 0 and 31999), got 49407. This may result in unexpected behavior.
Loading weights:   0%|          | 0/408 [00:00<?, ?it/s]Loading weights:  90%|████████▉ | 367/408 [00:00<00:00, 3649.63it/s]Loading weights: 100%|██████████| 408/408 [00:00<00:00, 3679.64it/s]
task_attr_mod_color_11699        add            r=0.0400 dists=0.1151 lpips=0.4836 effect=0.4576 (47s)
task_attr_mod_color_136767       add            r=0.0400 dists=0.0924 lpips=0.4629 effect=0.5761 (37s)
task_attr_mod_color_184837       add            r=0.0400 dists=0.0777 lpips=0.3818 effect=0.5145 (37s)
task_attr_mod_color_32648        add            r=0.0400 dists=0.1563 lpips=0.6302 effect=0.6062 (37s)
task_attr_mod_color_6205         add            r=0.0400 dists=0.1147 lpips=0.5366 effect=0.6615 (37s)
task_env_weather_112463          add            r=0.0400 dists=0.0787 lpips=0.5641 effect=0.8500 (37s)
task_env_weather_246440          add            r=0.0400 dists=0.0375 lpips=0.2758 effect=0.4702 (37s)
task_env_weather_63722           add            r=0.0400 dists=0.0841 lpips=0.4679 effect=0.5210 (37s)
task_obj_add_40931               add            r=0.0400 dists=0.0781 lpips=0.4732 effect=0.5470 (37s)
task_obj_remove_380621           add            r=0.0400 dists=0.1327 lpips=0.5193 effect=0.7137 (37s)
task_obj_swap_joint_mask_276754  add            r=0.0400 dists=0.0835 lpips=0.4326 effect=0.6096 (37s)
task_obj_swap_joint_mask_533428  add            r=0.0400 dists=0.0629 lpips=0.4199 effect=0.5631 (37s)
task_obj_swap_rand_mask_417469   add            r=0.0400 dists=0.0819 lpips=0.4860 effect=0.7552 (37s)

表：runs/ip2p_defense_gallery/add_ln_e04/results.csv（13 列）
