Loading pipeline components...:   0%|          | 0/6 [00:00<?, ?it/s]Loading pipeline components...:  33%|███▎      | 2/6 [00:00<00:00, 17.71it/s]
Loading weights:   0%|          | 0/196 [00:00<?, ?it/s][ALoading weights: 100%|██████████| 196/196 [00:00<00:00, 3603.37it/s]
Loading pipeline components...:  83%|████████▎ | 5/6 [00:00<00:00, 13.63it/s]Loading pipeline components...: 100%|██████████| 6/6 [00:00<00:00, 16.77it/s]
There are modules in AutoencoderKL that should be kept in float32: []. Casting directly with `to()` can lead to inconsistent results; set `torch_dtype` in `from_pretrained()` instead to keep these modules in float32.
/nfs/home/nelson0314/venvs/wacv/lib/python3.11/site-packages/torchvision/models/_utils.py:207: UserWarning: The parameter 'pretrained' is deprecated since 0.13 and may be removed in the future, please use 'weights' instead.
  warnings.warn(
/nfs/home/nelson0314/venvs/wacv/lib/python3.11/site-packages/torchvision/models/_utils.py:222: UserWarning: Arguments other than a weight enum or `None` for 'weights' are deprecated since 0.13 and may be removed in the future. The current behavior is equivalent to passing `weights=VGG16_Weights.IMAGENET1K_V1`. You can also use `weights=VGG16_Weights.DEFAULT` to get the most up-to-date weights.
  warnings.warn(msg)
IP2P 線：25 張、條件 ['phase_gain']、steps=100 s_T=7.5 s_I=1.5 seed=20260812
/nfs/home/nelson0314/venvs/wacv/lib/python3.11/site-packages/diffusers/image_processor.py:724: FutureWarning: Passing `image` as torch tensor with value range in [-1,1] is deprecated. The expected value range for image tensor is [0,1] when passing as pytorch tensor or numpy Array. You passed `image` with value range [-1.0,1.0]
  warnings.warn(
task_attr_mod_color_11699        phase_gain     r=3.0000 dists=0.1352 lpips=0.3627 effect=0.4081 (180s)
task_attr_mod_color_136767       phase_gain     r=3.0000 dists=0.1844 lpips=0.4317 effect=0.4739 (184s)
task_attr_mod_color_184837       phase_gain     r=3.0000 dists=0.2360 lpips=0.4282 effect=0.5777 (185s)
task_attr_mod_color_32648        phase_gain     r=3.0000 dists=0.1640 lpips=0.5238 effect=0.3925 (186s)
task_attr_mod_color_6205         phase_gain     r=3.0000 dists=0.1688 lpips=0.3539 effect=0.5400 (186s)
task_env_weather_112463          phase_gain     r=3.0000 dists=0.1286 lpips=0.4950 effect=0.4757 (186s)
task_env_weather_133752          phase_gain     r=3.0000 dists=0.1044 lpips=0.4482 effect=0.6135 (186s)
task_env_weather_181583          phase_gain     r=3.0000 dists=0.1761 lpips=0.4808 effect=0.7386 (183s)
task_env_weather_246440          phase_gain     r=3.0000 dists=0.1775 lpips=0.4868 effect=0.5334 (182s)
task_env_weather_63722           phase_gain     r=3.0000 dists=0.1336 lpips=0.4244 effect=0.5100 (182s)
task_obj_add_13726               phase_gain     r=3.0000 dists=0.1876 lpips=0.5044 effect=0.8328 (182s)
task_obj_add_340466              phase_gain     r=3.0000 dists=0.1460 lpips=0.3512 effect=0.5017 (182s)
task_obj_add_40931               phase_gain     r=3.0000 dists=0.1762 lpips=0.5161 effect=0.5503 (182s)
task_obj_add_581286              phase_gain     r=3.0000 dists=0.1207 lpips=0.4281 effect=0.6557 (182s)
task_obj_add_692065              phase_gain     r=3.0000 dists=0.1566 lpips=0.3606 effect=0.3961 (182s)
task_obj_remove_10197            phase_gain     r=3.0000 dists=0.1599 lpips=0.4237 effect=0.5368 (182s)
task_obj_remove_257910           phase_gain     r=3.0000 dists=0.1114 lpips=0.4613 effect=0.4993 (181s)
task_obj_remove_380621           phase_gain     r=3.0000 dists=0.1706 lpips=0.4547 effect=0.8131 (181s)
task_obj_remove_509477           phase_gain     r=3.0000 dists=0.1579 lpips=0.4554 effect=0.5854 (181s)
task_obj_remove_657585           phase_gain     r=3.0000 dists=0.1219 lpips=0.4326 effect=0.6315 (181s)
task_obj_swap_joint_mask_276754  phase_gain     r=3.0000 dists=0.2083 lpips=0.5190 effect=0.2645 (181s)
task_obj_swap_joint_mask_533428  phase_gain     r=3.0000 dists=0.2060 lpips=0.5240 effect=0.5232 (181s)
/nfs/home/nelson0314/venvs/wacv/lib/python3.11/site-packages/diffusers/image_processor.py:724: FutureWarning: Passing `image` as torch tensor with value range in [-1,1] is deprecated. The expected value range for image tensor is [0,1] when passing as pytorch tensor or numpy Array. You passed `image` with value range [-0.9686274528503418,1.0]
  warnings.warn(
task_obj_swap_joint_mask_75733   phase_gain     r=3.0000 dists=0.1748 lpips=0.5302 effect=0.5696 (181s)
task_obj_swap_rand_mask_298147   phase_gain     r=3.0000 dists=0.2116 lpips=0.5230 effect=0.7816 (181s)
task_obj_swap_rand_mask_417469   phase_gain     r=3.0000 dists=0.1644 lpips=0.4841 effect=0.7536 (183s)

表：runs/ip2p_reach_lpips_gated/gq0_g78_s1000/results.csv（25 列）
