Loading pipeline components...:   0%|          | 0/6 [00:00<?, ?it/s]Loading pipeline components...:  33%|███▎      | 2/6 [00:00<00:00, 19.06it/s]
Loading weights:   0%|          | 0/196 [00:00<?, ?it/s][ALoading weights: 100%|██████████| 196/196 [00:00<00:00, 4351.56it/s]
Loading pipeline components...:  83%|████████▎ | 5/6 [00:00<00:00, 18.08it/s]Loading pipeline components...: 100%|██████████| 6/6 [00:00<00:00, 17.49it/s]
There are modules in AutoencoderKL that should be kept in float32: []. Casting directly with `to()` can lead to inconsistent results; set `torch_dtype` in `from_pretrained()` instead to keep these modules in float32.
/nfs/home/nelson0314/venvs/wacv/lib/python3.11/site-packages/torchvision/models/_utils.py:207: UserWarning: The parameter 'pretrained' is deprecated since 0.13 and may be removed in the future, please use 'weights' instead.
  warnings.warn(
/nfs/home/nelson0314/venvs/wacv/lib/python3.11/site-packages/torchvision/models/_utils.py:222: UserWarning: Arguments other than a weight enum or `None` for 'weights' are deprecated since 0.13 and may be removed in the future. The current behavior is equivalent to passing `weights=VGG16_Weights.IMAGENET1K_V1`. You can also use `weights=VGG16_Weights.DEFAULT` to get the most up-to-date weights.
  warnings.warn(msg)
IP2P 線：25 張、條件 ['phase_gain']、steps=100 s_T=7.5 s_I=1.5 seed=20260812
/nfs/home/nelson0314/venvs/wacv/lib/python3.11/site-packages/diffusers/image_processor.py:724: FutureWarning: Passing `image` as torch tensor with value range in [-1,1] is deprecated. The expected value range for image tensor is [0,1] when passing as pytorch tensor or numpy Array. You passed `image` with value range [-1.0,1.0]
  warnings.warn(
task_attr_mod_color_11699        phase_gain     r=3.0000 dists=0.1962 lpips=0.4545 effect=0.4475 (38s)
task_attr_mod_color_136767       phase_gain     r=3.0000 dists=0.2411 lpips=0.5138 effect=0.5347 (39s)
task_attr_mod_color_184837       phase_gain     r=3.0000 dists=0.2868 lpips=0.5007 effect=0.5773 (39s)
task_attr_mod_color_32648        phase_gain     r=3.0000 dists=0.2261 lpips=0.5858 effect=0.4143 (39s)
task_attr_mod_color_6205         phase_gain     r=3.0000 dists=0.2127 lpips=0.4425 effect=0.5841 (39s)
task_env_weather_112463          phase_gain     r=3.0000 dists=0.1724 lpips=0.5498 effect=0.7046 (39s)
task_env_weather_133752          phase_gain     r=3.0000 dists=0.1541 lpips=0.5243 effect=0.6039 (39s)
task_env_weather_181583          phase_gain     r=3.0000 dists=0.2164 lpips=0.5428 effect=0.7274 (39s)
task_env_weather_246440          phase_gain     r=3.0000 dists=0.2306 lpips=0.5538 effect=0.5659 (39s)
task_env_weather_63722           phase_gain     r=3.0000 dists=0.2002 lpips=0.5073 effect=0.4976 (40s)
task_obj_add_13726               phase_gain     r=3.0000 dists=0.2522 lpips=0.5939 effect=0.8122 (40s)
task_obj_add_340466              phase_gain     r=3.0000 dists=0.1961 lpips=0.4372 effect=0.5120 (40s)
task_obj_add_40931               phase_gain     r=3.0000 dists=0.2546 lpips=0.5724 effect=0.6305 (40s)
task_obj_add_581286              phase_gain     r=3.0000 dists=0.1615 lpips=0.5080 effect=0.6548 (40s)
task_obj_add_692065              phase_gain     r=3.0000 dists=0.2055 lpips=0.4101 effect=0.4343 (39s)
task_obj_remove_10197            phase_gain     r=3.0000 dists=0.2161 lpips=0.5009 effect=0.4888 (39s)
task_obj_remove_257910           phase_gain     r=3.0000 dists=0.1627 lpips=0.5293 effect=0.5032 (39s)
task_obj_remove_380621           phase_gain     r=3.0000 dists=0.2099 lpips=0.5242 effect=0.6939 (40s)
task_obj_remove_509477           phase_gain     r=3.0000 dists=0.2261 lpips=0.5286 effect=0.6023 (39s)
task_obj_remove_657585           phase_gain     r=3.0000 dists=0.1702 lpips=0.5095 effect=0.8182 (39s)
task_obj_swap_joint_mask_276754  phase_gain     r=3.0000 dists=0.3028 lpips=0.5914 effect=0.2204 (39s)
task_obj_swap_joint_mask_533428  phase_gain     r=3.0000 dists=0.2585 lpips=0.5897 effect=0.5754 (39s)
/nfs/home/nelson0314/venvs/wacv/lib/python3.11/site-packages/diffusers/image_processor.py:724: FutureWarning: Passing `image` as torch tensor with value range in [-1,1] is deprecated. The expected value range for image tensor is [0,1] when passing as pytorch tensor or numpy Array. You passed `image` with value range [-0.9686274528503418,1.0]
  warnings.warn(
task_obj_swap_joint_mask_75733   phase_gain     r=3.0000 dists=0.2309 lpips=0.6040 effect=0.5385 (39s)
task_obj_swap_rand_mask_298147   phase_gain     r=3.0000 dists=0.3007 lpips=0.6095 effect=0.7789 (39s)
task_obj_swap_rand_mask_417469   phase_gain     r=3.0000 dists=0.2232 lpips=0.5619 effect=0.6458 (40s)

表：runs/ip2p_reach_lpips_gated/gq0_g78_s100/results.csv（25 列）
