Warning: You are sending unauthenticated requests to the HF Hub. Please set a HF_TOKEN to enable higher rate limits and faster downloads.
Loading pipeline components...:   0%|          | 0/6 [00:00<?, ?it/s]Loading pipeline components...:  50%|█████     | 3/6 [00:00<00:00, 22.66it/s]
Loading weights:   0%|          | 0/196 [00:00<?, ?it/s][ALoading weights: 100%|██████████| 196/196 [00:00<00:00, 3975.57it/s]
Loading pipeline components...: 100%|██████████| 6/6 [00:00<00:00, 14.67it/s]Loading pipeline components...: 100%|██████████| 6/6 [00:00<00:00, 15.48it/s]
There are modules in AutoencoderKL that should be kept in float32: []. Casting directly with `to()` can lead to inconsistent results; set `torch_dtype` in `from_pretrained()` instead to keep these modules in float32.
/nfs/home/nelson0314/venvs/wacv/lib/python3.11/site-packages/torchvision/models/_utils.py:207: UserWarning: The parameter 'pretrained' is deprecated since 0.13 and may be removed in the future, please use 'weights' instead.
  warnings.warn(
/nfs/home/nelson0314/venvs/wacv/lib/python3.11/site-packages/torchvision/models/_utils.py:222: UserWarning: Arguments other than a weight enum or `None` for 'weights' are deprecated since 0.13 and may be removed in the future. The current behavior is equivalent to passing `weights=VGG16_Weights.IMAGENET1K_V1`. You can also use `weights=VGG16_Weights.DEFAULT` to get the most up-to-date weights.
  warnings.warn(msg)
IP2P 線：25 張、條件 ['phase_gain']、steps=100 s_T=7.5 s_I=1.5 seed=20260812
/nfs/home/nelson0314/venvs/wacv/lib/python3.11/site-packages/diffusers/image_processor.py:724: FutureWarning: Passing `image` as torch tensor with value range in [-1,1] is deprecated. The expected value range for image tensor is [0,1] when passing as pytorch tensor or numpy Array. You passed `image` with value range [-1.0,1.0]
  warnings.warn(
task_attr_mod_color_11699        phase_gain     r=3.0000 dists=0.1318 lpips=0.3648 effect=0.4078 (176s)
task_attr_mod_color_136767       phase_gain     r=3.0000 dists=0.1844 lpips=0.4303 effect=0.4718 (176s)
task_attr_mod_color_184837       phase_gain     r=3.0000 dists=0.2336 lpips=0.4319 effect=0.5794 (176s)
task_attr_mod_color_32648        phase_gain     r=3.0000 dists=0.1562 lpips=0.5222 effect=0.3983 (177s)
task_attr_mod_color_6205         phase_gain     r=3.0000 dists=0.1686 lpips=0.3512 effect=0.5287 (176s)
task_env_weather_112463          phase_gain     r=3.0000 dists=0.1232 lpips=0.4912 effect=0.6050 (176s)
task_env_weather_133752          phase_gain     r=3.0000 dists=0.1039 lpips=0.4482 effect=0.5989 (176s)
task_env_weather_181583          phase_gain     r=3.0000 dists=0.1768 lpips=0.4774 effect=0.7390 (176s)
task_env_weather_246440          phase_gain     r=3.0000 dists=0.1764 lpips=0.4875 effect=0.5370 (177s)
task_env_weather_63722           phase_gain     r=3.0000 dists=0.1297 lpips=0.4254 effect=0.5069 (176s)
task_obj_add_13726               phase_gain     r=3.0000 dists=0.1869 lpips=0.5031 effect=0.8358 (176s)
task_obj_add_340466              phase_gain     r=3.0000 dists=0.1442 lpips=0.3505 effect=0.4926 (176s)
task_obj_add_40931               phase_gain     r=3.0000 dists=0.1662 lpips=0.5181 effect=0.5527 (176s)
task_obj_add_581286              phase_gain     r=3.0000 dists=0.1168 lpips=0.4238 effect=0.6436 (176s)
task_obj_add_692065              phase_gain     r=3.0000 dists=0.1513 lpips=0.3573 effect=0.3915 (176s)
task_obj_remove_10197            phase_gain     r=3.0000 dists=0.1592 lpips=0.4234 effect=0.5106 (176s)
task_obj_remove_257910           phase_gain     r=3.0000 dists=0.1080 lpips=0.4626 effect=0.4865 (176s)
task_obj_remove_380621           phase_gain     r=3.0000 dists=0.1564 lpips=0.4508 effect=0.8221 (176s)
task_obj_remove_509477           phase_gain     r=3.0000 dists=0.1573 lpips=0.4569 effect=0.5747 (176s)
task_obj_remove_657585           phase_gain     r=3.0000 dists=0.1143 lpips=0.4301 effect=0.7752 (176s)
task_obj_swap_joint_mask_276754  phase_gain     r=3.0000 dists=0.2066 lpips=0.5187 effect=0.2322 (176s)
task_obj_swap_joint_mask_533428  phase_gain     r=3.0000 dists=0.2054 lpips=0.5221 effect=0.5184 (176s)
/nfs/home/nelson0314/venvs/wacv/lib/python3.11/site-packages/diffusers/image_processor.py:724: FutureWarning: Passing `image` as torch tensor with value range in [-1,1] is deprecated. The expected value range for image tensor is [0,1] when passing as pytorch tensor or numpy Array. You passed `image` with value range [-0.9686274528503418,1.0]
  warnings.warn(
task_obj_swap_joint_mask_75733   phase_gain     r=3.0000 dists=0.1711 lpips=0.5255 effect=0.5644 (176s)
task_obj_swap_rand_mask_298147   phase_gain     r=3.0000 dists=0.2134 lpips=0.5226 effect=0.7748 (176s)
task_obj_swap_rand_mask_417469   phase_gain     r=3.0000 dists=0.1667 lpips=0.4831 effect=0.7546 (176s)

表：runs/ip2p_reach_lpips_gated/gq0_g54_s1000/results.csv（25 列）
