Warning: You are sending unauthenticated requests to the HF Hub. Please set a HF_TOKEN to enable higher rate limits and faster downloads.
Loading pipeline components...:   0%|          | 0/6 [00:00<?, ?it/s]Loading pipeline components...:  50%|█████     | 3/6 [00:00<00:00, 15.65it/s]
Loading weights:   0%|          | 0/196 [00:00<?, ?it/s][ALoading weights: 100%|██████████| 196/196 [00:00<00:00, 3771.01it/s]
Loading pipeline components...: 100%|██████████| 6/6 [00:00<00:00, 15.40it/s]Loading pipeline components...: 100%|██████████| 6/6 [00:00<00:00, 15.43it/s]
There are modules in AutoencoderKL that should be kept in float32: []. Casting directly with `to()` can lead to inconsistent results; set `torch_dtype` in `from_pretrained()` instead to keep these modules in float32.
/nfs/home/nelson0314/venvs/wacv/lib/python3.11/site-packages/torchvision/models/_utils.py:207: UserWarning: The parameter 'pretrained' is deprecated since 0.13 and may be removed in the future, please use 'weights' instead.
  warnings.warn(
/nfs/home/nelson0314/venvs/wacv/lib/python3.11/site-packages/torchvision/models/_utils.py:222: UserWarning: Arguments other than a weight enum or `None` for 'weights' are deprecated since 0.13 and may be removed in the future. The current behavior is equivalent to passing `weights=VGG16_Weights.IMAGENET1K_V1`. You can also use `weights=VGG16_Weights.DEFAULT` to get the most up-to-date weights.
  warnings.warn(msg)
IP2P 線：5 張、條件 ['dct_shield']、steps=100 s_T=7.5 s_I=1.5 seed=20260812
/nfs/home/nelson0314/venvs/wacv/lib/python3.11/site-packages/diffusers/image_processor.py:724: FutureWarning: Passing `image` as torch tensor with value range in [-1,1] is deprecated. The expected value range for image tensor is [0,1] when passing as pytorch tensor or numpy Array. You passed `image` with value range [-1.0,1.0]
  warnings.warn(
    [dct_shield] step    0 loss 168.6569
    [dct_shield] step  250 loss 69.6939
    [dct_shield] step  500 loss 65.8661
    [dct_shield] step  750 loss 63.2022
    [dct_shield] step  999 loss 61.3817
task_attr_mod_color_32648        dct_shield     r=1.0000 dists=0.1092 lpips=0.5863 effect=0.6031 (567s)
    [dct_shield] step    0 loss 116.5259
    [dct_shield] step  250 loss 78.8088
    [dct_shield] step  500 loss 76.7414
    [dct_shield] step  750 loss 74.9795
    [dct_shield] step  999 loss 73.0986
task_env_weather_246440          dct_shield     r=1.0000 dists=0.0174 lpips=0.2598 effect=0.4768 (569s)
    [dct_shield] step    0 loss 116.3667
    [dct_shield] step  250 loss 42.6224
    [dct_shield] step  500 loss 39.5519
    [dct_shield] step  750 loss 36.7782
    [dct_shield] step  999 loss 34.5980
task_obj_add_581286              dct_shield     r=1.0000 dists=0.0712 lpips=0.5591 effect=0.7924 (569s)
    [dct_shield] step    0 loss 106.7685
    [dct_shield] step  250 loss 70.1271
    [dct_shield] step  500 loss 68.7321
    [dct_shield] step  750 loss 67.5110
    [dct_shield] step  999 loss 66.0791
task_obj_remove_509477           dct_shield     r=1.0000 dists=0.0246 lpips=0.3625 effect=0.4375 (567s)
    [dct_shield] step    0 loss 131.1158
    [dct_shield] step  250 loss 79.3140
    [dct_shield] step  500 loss 76.7656
    [dct_shield] step  750 loss 75.1020
    [dct_shield] step  999 loss 73.4359
task_obj_swap_rand_mask_298147   dct_shield     r=1.0000 dists=0.0528 lpips=0.4031 effect=0.7718 (568s)

表：runs/fair0820/b/dct_9/results.csv（5 列）
