Warning: You are sending unauthenticated requests to the HF Hub. Please set a HF_TOKEN to enable higher rate limits and faster downloads.
Loading pipeline components...:   0%|          | 0/6 [00:00<?, ?it/s]Loading pipeline components...:  33%|███▎      | 2/6 [00:00<00:00, 15.53it/s]
Loading weights:   0%|          | 0/196 [00:00<?, ?it/s][ALoading weights: 100%|██████████| 196/196 [00:00<00:00, 2964.80it/s]
Loading pipeline components...:  67%|██████▋   | 4/6 [00:00<00:00, 12.93it/s]Loading pipeline components...: 100%|██████████| 6/6 [00:00<00:00, 14.04it/s]Loading pipeline components...: 100%|██████████| 6/6 [00:00<00:00, 13.97it/s]
There are modules in AutoencoderKL that should be kept in float32: []. Casting directly with `to()` can lead to inconsistent results; set `torch_dtype` in `from_pretrained()` instead to keep these modules in float32.
/nfs/home/nelson0314/venvs/wacv/lib/python3.11/site-packages/torchvision/models/_utils.py:207: UserWarning: The parameter 'pretrained' is deprecated since 0.13 and may be removed in the future, please use 'weights' instead.
  warnings.warn(
/nfs/home/nelson0314/venvs/wacv/lib/python3.11/site-packages/torchvision/models/_utils.py:222: UserWarning: Arguments other than a weight enum or `None` for 'weights' are deprecated since 0.13 and may be removed in the future. The current behavior is equivalent to passing `weights=VGG16_Weights.IMAGENET1K_V1`. You can also use `weights=VGG16_Weights.DEFAULT` to get the most up-to-date weights.
  warnings.warn(msg)
IP2P 線：5 張、條件 ['dct_shield']、steps=100 s_T=7.5 s_I=1.5 seed=20260812
/nfs/home/nelson0314/venvs/wacv/lib/python3.11/site-packages/diffusers/image_processor.py:724: FutureWarning: Passing `image` as torch tensor with value range in [-1,1] is deprecated. The expected value range for image tensor is [0,1] when passing as pytorch tensor or numpy Array. You passed `image` with value range [-1.0,1.0]
  warnings.warn(
    [dct_shield] step    0 loss 103.1886
    [dct_shield] step  250 loss 57.9302
    [dct_shield] step  500 loss 55.5247
    [dct_shield] step  750 loss 54.0519
    [dct_shield] step  999 loss 52.6518
task_attr_mod_color_123744       dct_shield     r=1.0000 dists=0.0321 lpips=0.4159 effect=0.6466 (573s)
    [dct_shield] step    0 loss 101.6090
    [dct_shield] step  250 loss 58.4010
    [dct_shield] step  500 loss 56.0047
    [dct_shield] step  750 loss 54.1703
    [dct_shield] step  999 loss 52.6298
task_env_weather_116980          dct_shield     r=1.0000 dists=0.0407 lpips=0.4178 effect=0.6174 (571s)
    [dct_shield] step    0 loss 107.5303
    [dct_shield] step  250 loss 55.2314
    [dct_shield] step  500 loss 52.5976
    [dct_shield] step  750 loss 50.9289
    [dct_shield] step  999 loss 49.4846
task_obj_add_166344              dct_shield     r=1.0000 dists=0.0479 lpips=0.4945 effect=0.5417 (571s)
    [dct_shield] step    0 loss 127.6532
    [dct_shield] step  250 loss 65.1508
    [dct_shield] step  500 loss 61.8910
    [dct_shield] step  750 loss 59.8113
    [dct_shield] step  999 loss 58.0716
task_obj_remove_157386           dct_shield     r=1.0000 dists=0.0786 lpips=0.4098 effect=0.7552 (572s)
    [dct_shield] step    0 loss 116.8383
    [dct_shield] step  250 loss 53.2967
    [dct_shield] step  500 loss 49.7710
    [dct_shield] step  750 loss 47.3651
    [dct_shield] step  999 loss 45.2600
task_obj_swap_joint_mask_337228  dct_shield     r=1.0000 dists=0.0765 lpips=0.4378 effect=0.6675 (573s)

表：runs/fair0820/b/dct_1/results.csv（5 列）
