Warning: You are sending unauthenticated requests to the HF Hub. Please set a HF_TOKEN to enable higher rate limits and faster downloads.
Loading pipeline components...:   0%|          | 0/6 [00:00<?, ?it/s]Loading pipeline components...:  33%|███▎      | 2/6 [00:00<00:00, 14.44it/s]
Loading weights:   0%|          | 0/196 [00:00<?, ?it/s][ALoading weights: 100%|██████████| 196/196 [00:00<00:00, 3034.07it/s]
Loading pipeline components...: 100%|██████████| 6/6 [00:00<00:00, 15.59it/s]Loading pipeline components...: 100%|██████████| 6/6 [00:00<00:00, 15.46it/s]
There are modules in AutoencoderKL that should be kept in float32: []. Casting directly with `to()` can lead to inconsistent results; set `torch_dtype` in `from_pretrained()` instead to keep these modules in float32.
/nfs/home/nelson0314/venvs/wacv/lib/python3.11/site-packages/torchvision/models/_utils.py:207: UserWarning: The parameter 'pretrained' is deprecated since 0.13 and may be removed in the future, please use 'weights' instead.
  warnings.warn(
/nfs/home/nelson0314/venvs/wacv/lib/python3.11/site-packages/torchvision/models/_utils.py:222: UserWarning: Arguments other than a weight enum or `None` for 'weights' are deprecated since 0.13 and may be removed in the future. The current behavior is equivalent to passing `weights=VGG16_Weights.IMAGENET1K_V1`. You can also use `weights=VGG16_Weights.DEFAULT` to get the most up-to-date weights.
  warnings.warn(msg)
IP2P 線：19 張、條件 ['phase_rand']、steps=100 s_T=7.5 s_I=1.5 seed=20260812
/nfs/home/nelson0314/venvs/wacv/lib/python3.11/site-packages/diffusers/image_processor.py:724: FutureWarning: Passing `image` as torch tensor with value range in [-1,1] is deprecated. The expected value range for image tensor is [0,1] when passing as pytorch tensor or numpy Array. You passed `image` with value range [-1.0,1.0]
  warnings.warn(
task_attr_mod_color_126580       phase_rand     r=1.0800 dists=0.0435 lpips=0.0801 effect=0.1278 (72s)
task_attr_mod_color_184837       phase_rand     r=1.0800 dists=0.0969 lpips=0.1044 effect=0.1525 (73s)
task_attr_mod_color_42929        phase_rand     r=1.0800 dists=0.0596 lpips=0.0589 effect=0.0866 (72s)
task_attr_mod_color_76641        phase_rand     r=1.0800 dists=0.0304 lpips=0.0376 effect=0.0582 (73s)
task_env_weather_133752          phase_rand     r=1.0800 dists=0.0193 lpips=0.0263 effect=0.0625 (74s)
task_env_weather_195273          phase_rand     r=1.0800 dists=0.0847 lpips=0.1020 effect=0.6104 (74s)
task_env_weather_59863           phase_rand     r=1.0800 dists=0.0451 lpips=0.0694 effect=0.1041 (73s)
task_obj_add_13726               phase_rand     r=1.0800 dists=0.0707 lpips=0.0738 effect=0.1285 (74s)
task_obj_add_362298              phase_rand     r=1.0800 dists=0.0419 lpips=0.0575 effect=0.0820 (74s)
/nfs/home/nelson0314/venvs/wacv/lib/python3.11/site-packages/diffusers/image_processor.py:724: FutureWarning: Passing `image` as torch tensor with value range in [-1,1] is deprecated. The expected value range for image tensor is [0,1] when passing as pytorch tensor or numpy Array. You passed `image` with value range [-1.0,0.9450980424880981]
  warnings.warn(
/nfs/home/nelson0314/venvs/wacv/lib/python3.11/site-packages/diffusers/image_processor.py:724: FutureWarning: Passing `image` as torch tensor with value range in [-1,1] is deprecated. The expected value range for image tensor is [0,1] when passing as pytorch tensor or numpy Array. You passed `image` with value range [-1.0,0.9476262331008911]
  warnings.warn(
task_obj_add_530461              phase_rand     r=1.0800 dists=0.0491 lpips=0.0408 effect=0.0577 (74s)
task_obj_add_692065              phase_rand     r=1.0800 dists=0.0375 lpips=0.0429 effect=0.0684 (73s)
task_obj_remove_157386           phase_rand     r=1.0800 dists=0.0732 lpips=0.0995 effect=0.1767 (74s)
task_obj_remove_2878             phase_rand     r=1.0800 dists=0.0532 lpips=0.0564 effect=0.0947 (74s)
task_obj_remove_509477           phase_rand     r=1.0800 dists=0.0600 lpips=0.0812 effect=0.1143 (72s)
task_obj_remove_720199           phase_rand     r=1.0800 dists=0.0722 lpips=0.1022 effect=0.1321 (72s)
task_obj_swap_joint_mask_474202  phase_rand     r=1.0800 dists=0.0576 lpips=0.0797 effect=0.1559 (73s)
/nfs/home/nelson0314/venvs/wacv/lib/python3.11/site-packages/diffusers/image_processor.py:724: FutureWarning: Passing `image` as torch tensor with value range in [-1,1] is deprecated. The expected value range for image tensor is [0,1] when passing as pytorch tensor or numpy Array. You passed `image` with value range [-0.9686274528503418,1.0]
  warnings.warn(
task_obj_swap_joint_mask_75733   phase_rand     r=1.0800 dists=0.0705 lpips=0.0641 effect=0.1129 (73s)
task_obj_swap_rand_mask_315182   phase_rand     r=1.0800 dists=0.0242 lpips=0.0336 effect=0.0998 (71s)
task_obj_swap_rand_mask_79926    phase_rand     r=1.0800 dists=0.0415 lpips=0.0469 effect=0.0761 (71s)

表：runs/fair0820/b/phase_rand_2/results.csv（19 列）
