Warning: You are sending unauthenticated requests to the HF Hub. Please set a HF_TOKEN to enable higher rate limits and faster downloads.
Loading pipeline components...:   0%|          | 0/6 [00:00<?, ?it/s]
Loading weights:   0%|          | 0/196 [00:00<?, ?it/s][ALoading weights: 100%|██████████| 196/196 [00:00<00:00, 3955.50it/s]
Loading pipeline components...:  17%|█▋        | 1/6 [00:00<00:00,  6.41it/s]Loading pipeline components...:  33%|███▎      | 2/6 [00:00<00:00,  8.08it/s]Loading pipeline components...: 100%|██████████| 6/6 [00:00<00:00, 20.36it/s]Loading pipeline components...: 100%|██████████| 6/6 [00:00<00:00, 16.44it/s]
There are modules in AutoencoderKL that should be kept in float32: []. Casting directly with `to()` can lead to inconsistent results; set `torch_dtype` in `from_pretrained()` instead to keep these modules in float32.
/nfs/home/nelson0314/venvs/wacv/lib/python3.11/site-packages/torchvision/models/_utils.py:207: UserWarning: The parameter 'pretrained' is deprecated since 0.13 and may be removed in the future, please use 'weights' instead.
  warnings.warn(
/nfs/home/nelson0314/venvs/wacv/lib/python3.11/site-packages/torchvision/models/_utils.py:222: UserWarning: Arguments other than a weight enum or `None` for 'weights' are deprecated since 0.13 and may be removed in the future. The current behavior is equivalent to passing `weights=VGG16_Weights.IMAGENET1K_V1`. You can also use `weights=VGG16_Weights.DEFAULT` to get the most up-to-date weights.
  warnings.warn(msg)
IP2P 線：18 張、條件 ['phase']、steps=100 s_T=7.5 s_I=1.5 seed=20260812
/nfs/home/nelson0314/venvs/wacv/lib/python3.11/site-packages/diffusers/image_processor.py:724: FutureWarning: Passing `image` as torch tensor with value range in [-1,1] is deprecated. The expected value range for image tensor is [0,1] when passing as pytorch tensor or numpy Array. You passed `image` with value range [-1.0,1.0]
  warnings.warn(
task_attr_mod_color_136767       phase          r=1.2700 dists=0.0678 lpips=0.1727 effect=0.2059 (123s)
task_attr_mod_color_22137        phase          r=1.2700 dists=0.0865 lpips=0.2261 effect=0.2338 (123s)
task_attr_mod_color_59806        phase          r=1.2700 dists=0.0658 lpips=0.1494 effect=0.1965 (124s)
task_env_weather_112463          phase          r=1.2700 dists=0.0288 lpips=0.1749 effect=0.2833 (124s)
task_env_weather_137230          phase          r=1.2700 dists=0.0602 lpips=0.2312 effect=0.2718 (125s)
task_env_weather_226185          phase          r=1.2700 dists=0.0523 lpips=0.2828 effect=0.3219 (124s)
task_env_weather_63722           phase          r=1.2700 dists=0.0597 lpips=0.1700 effect=0.2027 (125s)
task_obj_add_166344              phase          r=1.2700 dists=0.0589 lpips=0.2293 effect=0.2643 (124s)
task_obj_add_375217              phase          r=1.2700 dists=0.0429 lpips=0.3024 effect=0.3775 (125s)
task_obj_add_581286              phase          r=1.2700 dists=0.0338 lpips=0.1193 effect=0.1366 (124s)
/nfs/home/nelson0314/venvs/wacv/lib/python3.11/site-packages/diffusers/image_processor.py:724: FutureWarning: Passing `image` as torch tensor with value range in [-1,1] is deprecated. The expected value range for image tensor is [0,1] when passing as pytorch tensor or numpy Array. You passed `image` with value range [-0.8196078538894653,0.8901960849761963]
  warnings.warn(
/nfs/home/nelson0314/venvs/wacv/lib/python3.11/site-packages/diffusers/image_processor.py:724: FutureWarning: Passing `image` as torch tensor with value range in [-1,1] is deprecated. The expected value range for image tensor is [0,1] when passing as pytorch tensor or numpy Array. You passed `image` with value range [-0.9302279353141785,1.0]
  warnings.warn(
task_obj_add_709390              phase          r=1.2700 dists=0.0786 lpips=0.4245 effect=0.3785 (124s)
task_obj_remove_197959           phase          r=1.2700 dists=0.0296 lpips=0.1468 effect=0.4947 (123s)
task_obj_remove_380621           phase          r=1.2700 dists=0.0626 lpips=0.2342 effect=0.4023 (122s)
task_obj_remove_571780           phase          r=1.2700 dists=0.0480 lpips=0.2351 effect=0.3056 (122s)
task_obj_remove_869495           phase          r=1.2700 dists=0.0774 lpips=0.3487 effect=0.4274 (82s)
task_obj_swap_joint_mask_533428  phase          r=1.2700 dists=0.0717 lpips=0.2551 effect=0.3050 (82s)
task_obj_swap_rand_mask_11376    phase          r=1.2700 dists=0.0586 lpips=0.3050 effect=0.4894 (82s)
task_obj_swap_rand_mask_392115   phase          r=1.2700 dists=0.0377 lpips=0.1698 effect=0.1913 (82s)

表：runs/fair0820/b/phase_3/results.csv（18 列）
