Loading pipeline components...:   0%|          | 0/6 [00:00<?, ?it/s]Loading pipeline components...:  67%|██████▋   | 4/6 [00:00<00:00, 29.46it/s]
Loading weights:   0%|          | 0/196 [00:00<?, ?it/s][ALoading weights: 100%|██████████| 196/196 [00:00<00:00, 3233.01it/s]
Loading pipeline components...: 100%|██████████| 6/6 [00:00<00:00, 14.81it/s]
There are modules in AutoencoderKL that should be kept in float32: []. Casting directly with `to()` can lead to inconsistent results; set `torch_dtype` in `from_pretrained()` instead to keep these modules in float32.
/nfs/home/nelson0314/venvs/wacv/lib/python3.11/site-packages/torchvision/models/_utils.py:207: UserWarning: The parameter 'pretrained' is deprecated since 0.13 and may be removed in the future, please use 'weights' instead.
  warnings.warn(
/nfs/home/nelson0314/venvs/wacv/lib/python3.11/site-packages/torchvision/models/_utils.py:222: UserWarning: Arguments other than a weight enum or `None` for 'weights' are deprecated since 0.13 and may be removed in the future. The current behavior is equivalent to passing `weights=VGG16_Weights.IMAGENET1K_V1`. You can also use `weights=VGG16_Weights.DEFAULT` to get the most up-to-date weights.
  warnings.warn(msg)
IP2P 線：19 張、條件 ['phase']、steps=100 s_T=7.5 s_I=1.5 seed=20260812
/nfs/home/nelson0314/venvs/wacv/lib/python3.11/site-packages/diffusers/image_processor.py:724: FutureWarning: Passing `image` as torch tensor with value range in [-1,1] is deprecated. The expected value range for image tensor is [0,1] when passing as pytorch tensor or numpy Array. You passed `image` with value range [-1.0,1.0]
  warnings.warn(
task_attr_mod_color_123744       phase          r=1.2700 dists=0.0401 lpips=0.1350 effect=0.1608 (118s)
task_attr_mod_color_174506       phase          r=1.2700 dists=0.0500 lpips=0.2539 effect=0.2586 (118s)
task_attr_mod_color_32648        phase          r=1.2700 dists=0.0360 lpips=0.1573 effect=0.1844 (119s)
task_attr_mod_color_71985        phase          r=1.2700 dists=0.0387 lpips=0.1512 effect=0.1903 (119s)
task_env_weather_126577          phase          r=1.2700 dists=0.0514 lpips=0.2751 effect=0.3955 (119s)
task_env_weather_181583          phase          r=1.2700 dists=0.0323 lpips=0.2052 effect=0.5905 (119s)
task_env_weather_39740           phase          r=1.2700 dists=0.0475 lpips=0.3361 effect=0.3376 (119s)
task_env_weather_9736            phase          r=1.2700 dists=0.0542 lpips=0.1496 effect=0.3766 (118s)
task_obj_add_340466              phase          r=1.2700 dists=0.0448 lpips=0.1131 effect=0.2207 (119s)
task_obj_add_44802               phase          r=1.2700 dists=0.0654 lpips=0.2195 effect=0.3826 (119s)
task_obj_add_669258              phase          r=1.2700 dists=0.0845 lpips=0.3447 effect=0.3705 (118s)
task_obj_remove_10197            phase          r=1.2700 dists=0.0490 lpips=0.2667 effect=0.4188 (118s)
task_obj_remove_284852           phase          r=1.2700 dists=0.0492 lpips=0.1508 effect=0.2573 (118s)
task_obj_remove_483219           phase          r=1.2700 dists=0.0512 lpips=0.1506 effect=0.2805 (82s)
task_obj_remove_657585           phase          r=1.2700 dists=0.0341 lpips=0.0985 effect=0.2595 (37s)
task_obj_swap_joint_mask_337228  phase          r=1.2700 dists=0.0565 lpips=0.1053 effect=0.2864 (37s)
task_obj_swap_joint_mask_698465  phase          r=1.2700 dists=0.0530 lpips=0.1305 effect=0.1439 (37s)
task_obj_swap_rand_mask_298147   phase          r=1.2700 dists=0.0975 lpips=0.3384 effect=0.5512 (37s)
task_obj_swap_rand_mask_660100   phase          r=1.2700 dists=0.0599 lpips=0.2391 effect=0.2871 (37s)

表：runs/fair0820/b/phase_1/results.csv（19 列）
