Loading pipeline components...:   0%|          | 0/6 [00:00<?, ?it/s]
Loading weights:   0%|          | 0/196 [00:00<?, ?it/s][A
Loading weights:  35%|███▌      | 69/196 [00:00<00:00, 666.92it/s][A
Loading weights:  76%|███████▌  | 149/196 [00:00<00:00, 741.23it/s][ALoading weights: 100%|██████████| 196/196 [00:00<00:00, 729.42it/s]
Loading pipeline components...:  17%|█▋        | 1/6 [00:00<00:02,  2.49it/s]Loading pipeline components...:  33%|███▎      | 2/6 [00:00<00:01,  3.51it/s]Loading pipeline components...:  50%|█████     | 3/6 [00:00<00:00,  4.76it/s]Loading pipeline components...: 100%|██████████| 6/6 [00:00<00:00, 10.57it/s]Loading pipeline components...: 100%|██████████| 6/6 [00:00<00:00,  7.20it/s]
There are modules in AutoencoderKL that should be kept in float32: []. Casting directly with `to()` can lead to inconsistent results; set `torch_dtype` in `from_pretrained()` instead to keep these modules in float32.
/nfs/home/nelson0314/venvs/wacv/lib/python3.11/site-packages/torchvision/models/_utils.py:207: UserWarning: The parameter 'pretrained' is deprecated since 0.13 and may be removed in the future, please use 'weights' instead.
  warnings.warn(
/nfs/home/nelson0314/venvs/wacv/lib/python3.11/site-packages/torchvision/models/_utils.py:222: UserWarning: Arguments other than a weight enum or `None` for 'weights' are deprecated since 0.13 and may be removed in the future. The current behavior is equivalent to passing `weights=VGG16_Weights.IMAGENET1K_V1`. You can also use `weights=VGG16_Weights.DEFAULT` to get the most up-to-date weights.
  warnings.warn(msg)
IP2P 線：13 張、條件 ['warp_rand']、steps=100 s_T=7.5 s_I=1.5 seed=20260812
/nfs/home/nelson0314/venvs/wacv/lib/python3.11/site-packages/diffusers/image_processor.py:724: FutureWarning: Passing `image` as torch tensor with value range in [-1,1] is deprecated. The expected value range for image tensor is [0,1] when passing as pytorch tensor or numpy Array. You passed `image` with value range [-1.0,1.0]
  warnings.warn(
/nfs/home/nelson0314/venvs/wacv/lib/python3.11/site-packages/diffusers/image_processor.py:724: FutureWarning: Passing `image` as torch tensor with value range in [-1,1] is deprecated. The expected value range for image tensor is [0,1] when passing as pytorch tensor or numpy Array. You passed `image` with value range [-1.0,0.9623374938964844]
  warnings.warn(
Warning: You are sending unauthenticated requests to the HF Hub. Please set a HF_TOKEN to enable higher rate limits and faster downloads.
Loading weights:   0%|          | 0/398 [00:00<?, ?it/s]Loading weights: 100%|██████████| 398/398 [00:00<00:00, 11780.42it/s]
[transformers] Model config: bos_token_id must be `None` or an integer within the vocabulary (between 0 and 31999), got 49406. This may result in unexpected behavior.
[transformers] Model config: eos_token_id must be `None` or an integer within the vocabulary (between 0 and 31999), got 49407. This may result in unexpected behavior.
Loading weights:   0%|          | 0/408 [00:00<?, ?it/s]Loading weights:  58%|█████▊    | 236/408 [00:00<00:00, 2280.47it/s]Loading weights: 100%|██████████| 408/408 [00:00<00:00, 2096.96it/s]
task_attr_mod_color_11699        warp_rand      r=3.0000 dists=0.0433 lpips=0.1403 effect=0.1609 (62s)
task_attr_mod_color_136767       warp_rand      r=3.0000 dists=0.0446 lpips=0.1300 effect=0.1529 (47s)
/nfs/home/nelson0314/venvs/wacv/lib/python3.11/site-packages/diffusers/image_processor.py:724: FutureWarning: Passing `image` as torch tensor with value range in [-1,1] is deprecated. The expected value range for image tensor is [0,1] when passing as pytorch tensor or numpy Array. You passed `image` with value range [-0.9999736547470093,1.0]
  warnings.warn(
task_attr_mod_color_184837       warp_rand      r=3.0000 dists=0.0970 lpips=0.1869 effect=0.2095 (47s)
task_attr_mod_color_32648        warp_rand      r=3.0000 dists=0.0660 lpips=0.1048 effect=0.1115 (47s)
task_attr_mod_color_6205         warp_rand      r=3.0000 dists=0.0664 lpips=0.1436 effect=0.1602 (47s)
task_env_weather_112463          warp_rand      r=3.0000 dists=0.0683 lpips=0.1571 effect=0.2165 (47s)
task_env_weather_246440          warp_rand      r=3.0000 dists=0.0542 lpips=0.1711 effect=0.3304 (47s)
/nfs/home/nelson0314/venvs/wacv/lib/python3.11/site-packages/diffusers/image_processor.py:724: FutureWarning: Passing `image` as torch tensor with value range in [-1,1] is deprecated. The expected value range for image tensor is [0,1] when passing as pytorch tensor or numpy Array. You passed `image` with value range [-0.9942537546157837,0.9623385667800903]
  warnings.warn(
task_env_weather_63722           warp_rand      r=3.0000 dists=0.1423 lpips=0.2257 effect=0.2514 (47s)
/nfs/home/nelson0314/venvs/wacv/lib/python3.11/site-packages/diffusers/image_processor.py:724: FutureWarning: Passing `image` as torch tensor with value range in [-1,1] is deprecated. The expected value range for image tensor is [0,1] when passing as pytorch tensor or numpy Array. You passed `image` with value range [-1.0,0.9932076930999756]
  warnings.warn(
task_obj_add_40931               warp_rand      r=3.0000 dists=0.0977 lpips=0.2247 effect=0.2559 (47s)
task_obj_remove_380621           warp_rand      r=3.0000 dists=0.1141 lpips=0.1857 effect=0.2372 (47s)
task_obj_swap_joint_mask_276754  warp_rand      r=3.0000 dists=0.0905 lpips=0.2339 effect=0.1158 (47s)
/nfs/home/nelson0314/venvs/wacv/lib/python3.11/site-packages/diffusers/image_processor.py:724: FutureWarning: Passing `image` as torch tensor with value range in [-1,1] is deprecated. The expected value range for image tensor is [0,1] when passing as pytorch tensor or numpy Array. You passed `image` with value range [-1.0,0.9998899698257446]
  warnings.warn(
task_obj_swap_joint_mask_533428  warp_rand      r=3.0000 dists=0.0725 lpips=0.1822 effect=0.2365 (47s)
/nfs/home/nelson0314/venvs/wacv/lib/python3.11/site-packages/diffusers/image_processor.py:724: FutureWarning: Passing `image` as torch tensor with value range in [-1,1] is deprecated. The expected value range for image tensor is [0,1] when passing as pytorch tensor or numpy Array. You passed `image` with value range [-1.0,0.9976719617843628]
  warnings.warn(
task_obj_swap_rand_mask_417469   warp_rand      r=3.0000 dists=0.0528 lpips=0.1528 effect=0.1799 (47s)

表：runs/ip2p_warp/rand_r3/results.csv（13 列）
