Warning: You are sending unauthenticated requests to the HF Hub. Please set a HF_TOKEN to enable higher rate limits and faster downloads.
Loading pipeline components...:   0%|          | 0/6 [00:00<?, ?it/s]
Loading weights:   0%|          | 0/196 [00:00<?, ?it/s][ALoading weights: 100%|██████████| 196/196 [00:00<00:00, 3160.58it/s]
Loading pipeline components...:  50%|█████     | 3/6 [00:00<00:00, 10.99it/s]Loading pipeline components...: 100%|██████████| 6/6 [00:00<00:00, 14.27it/s]Loading pipeline components...: 100%|██████████| 6/6 [00:00<00:00, 13.65it/s]
There are modules in AutoencoderKL that should be kept in float32: []. Casting directly with `to()` can lead to inconsistent results; set `torch_dtype` in `from_pretrained()` instead to keep these modules in float32.
/nfs/home/nelson0314/venvs/wacv/lib/python3.11/site-packages/torchvision/models/_utils.py:207: UserWarning: The parameter 'pretrained' is deprecated since 0.13 and may be removed in the future, please use 'weights' instead.
  warnings.warn(
/nfs/home/nelson0314/venvs/wacv/lib/python3.11/site-packages/torchvision/models/_utils.py:222: UserWarning: Arguments other than a weight enum or `None` for 'weights' are deprecated since 0.13 and may be removed in the future. The current behavior is equivalent to passing `weights=VGG16_Weights.IMAGENET1K_V1`. You can also use `weights=VGG16_Weights.DEFAULT` to get the most up-to-date weights.
  warnings.warn(msg)
IP2P 線：13 張、條件 ['warp_rand']、steps=100 s_T=7.5 s_I=1.5 seed=20260812
/nfs/home/nelson0314/venvs/wacv/lib/python3.11/site-packages/diffusers/image_processor.py:724: FutureWarning: Passing `image` as torch tensor with value range in [-1,1] is deprecated. The expected value range for image tensor is [0,1] when passing as pytorch tensor or numpy Array. You passed `image` with value range [-1.0,1.0]
  warnings.warn(
/nfs/home/nelson0314/venvs/wacv/lib/python3.11/site-packages/diffusers/image_processor.py:724: FutureWarning: Passing `image` as torch tensor with value range in [-1,1] is deprecated. The expected value range for image tensor is [0,1] when passing as pytorch tensor or numpy Array. You passed `image` with value range [-1.0,0.9728846549987793]
  warnings.warn(
Loading weights:   0%|          | 0/398 [00:00<?, ?it/s]Loading weights: 100%|██████████| 398/398 [00:00<00:00, 8626.11it/s]
[transformers] Model config: bos_token_id must be `None` or an integer within the vocabulary (between 0 and 31999), got 49406. This may result in unexpected behavior.
[transformers] Model config: eos_token_id must be `None` or an integer within the vocabulary (between 0 and 31999), got 49407. This may result in unexpected behavior.
Loading weights:   0%|          | 0/408 [00:00<?, ?it/s]Loading weights:  76%|███████▌  | 311/408 [00:00<00:00, 3098.80it/s]Loading weights: 100%|██████████| 408/408 [00:00<00:00, 3047.31it/s]
task_attr_mod_color_11699        warp_rand      r=6.0000 dists=0.1087 lpips=0.2450 effect=0.2607 (58s)
task_attr_mod_color_136767       warp_rand      r=6.0000 dists=0.1028 lpips=0.2418 effect=0.2593 (47s)
/nfs/home/nelson0314/venvs/wacv/lib/python3.11/site-packages/diffusers/image_processor.py:724: FutureWarning: Passing `image` as torch tensor with value range in [-1,1] is deprecated. The expected value range for image tensor is [0,1] when passing as pytorch tensor or numpy Array. You passed `image` with value range [-0.9999898076057434,1.0]
  warnings.warn(
task_attr_mod_color_184837       warp_rand      r=6.0000 dists=0.1515 lpips=0.3097 effect=0.3211 (47s)
task_attr_mod_color_32648        warp_rand      r=6.0000 dists=0.1361 lpips=0.2062 effect=0.1953 (47s)
task_attr_mod_color_6205         warp_rand      r=6.0000 dists=0.1381 lpips=0.2642 effect=0.3669 (47s)
task_env_weather_112463          warp_rand      r=6.0000 dists=0.1275 lpips=0.3079 effect=0.3460 (47s)
task_env_weather_246440          warp_rand      r=6.0000 dists=0.1193 lpips=0.3013 effect=0.4255 (47s)
/nfs/home/nelson0314/venvs/wacv/lib/python3.11/site-packages/diffusers/image_processor.py:724: FutureWarning: Passing `image` as torch tensor with value range in [-1,1] is deprecated. The expected value range for image tensor is [0,1] when passing as pytorch tensor or numpy Array. You passed `image` with value range [-0.9926371574401855,0.9502612352371216]
  warnings.warn(
task_env_weather_63722           warp_rand      r=6.0000 dists=0.2404 lpips=0.3673 effect=0.3769 (48s)
/nfs/home/nelson0314/venvs/wacv/lib/python3.11/site-packages/diffusers/image_processor.py:724: FutureWarning: Passing `image` as torch tensor with value range in [-1,1] is deprecated. The expected value range for image tensor is [0,1] when passing as pytorch tensor or numpy Array. You passed `image` with value range [-1.0,0.992919921875]
  warnings.warn(
task_obj_add_40931               warp_rand      r=6.0000 dists=0.1850 lpips=0.3858 effect=0.4021 (47s)
/nfs/home/nelson0314/venvs/wacv/lib/python3.11/site-packages/diffusers/image_processor.py:724: FutureWarning: Passing `image` as torch tensor with value range in [-1,1] is deprecated. The expected value range for image tensor is [0,1] when passing as pytorch tensor or numpy Array. You passed `image` with value range [-1.0,0.9997375011444092]
  warnings.warn(
task_obj_remove_380621           warp_rand      r=6.0000 dists=0.1892 lpips=0.3238 effect=0.3591 (48s)
task_obj_swap_joint_mask_276754  warp_rand      r=6.0000 dists=0.1752 lpips=0.3709 effect=0.0978 (47s)
/nfs/home/nelson0314/venvs/wacv/lib/python3.11/site-packages/diffusers/image_processor.py:724: FutureWarning: Passing `image` as torch tensor with value range in [-1,1] is deprecated. The expected value range for image tensor is [0,1] when passing as pytorch tensor or numpy Array. You passed `image` with value range [-1.0,0.9999134540557861]
  warnings.warn(
task_obj_swap_joint_mask_533428  warp_rand      r=6.0000 dists=0.1460 lpips=0.3259 effect=0.4048 (47s)
/nfs/home/nelson0314/venvs/wacv/lib/python3.11/site-packages/diffusers/image_processor.py:724: FutureWarning: Passing `image` as torch tensor with value range in [-1,1] is deprecated. The expected value range for image tensor is [0,1] when passing as pytorch tensor or numpy Array. You passed `image` with value range [-1.0,0.998403787612915]
  warnings.warn(
task_obj_swap_rand_mask_417469   warp_rand      r=6.0000 dists=0.1073 lpips=0.2879 effect=0.3021 (47s)

表：runs/ip2p_warp/rand_r6/results.csv（13 列）
