Warning: You are sending unauthenticated requests to the HF Hub. Please set a HF_TOKEN to enable higher rate limits and faster downloads.
Loading pipeline components...:   0%|          | 0/6 [00:00<?, ?it/s]Loading pipeline components...:  33%|███▎      | 2/6 [00:00<00:00,  4.73it/s]
Loading weights:   0%|          | 0/196 [00:00<?, ?it/s][ALoading weights: 100%|██████████| 196/196 [00:00<00:00, 3691.59it/s]
Loading pipeline components...: 100%|██████████| 6/6 [00:00<00:00,  9.78it/s]Loading pipeline components...: 100%|██████████| 6/6 [00:00<00:00,  8.83it/s]
There are modules in AutoencoderKL that should be kept in float32: []. Casting directly with `to()` can lead to inconsistent results; set `torch_dtype` in `from_pretrained()` instead to keep these modules in float32.
/nfs/home/nelson0314/venvs/wacv/lib/python3.11/site-packages/torchvision/models/_utils.py:207: UserWarning: The parameter 'pretrained' is deprecated since 0.13 and may be removed in the future, please use 'weights' instead.
  warnings.warn(
/nfs/home/nelson0314/venvs/wacv/lib/python3.11/site-packages/torchvision/models/_utils.py:222: UserWarning: Arguments other than a weight enum or `None` for 'weights' are deprecated since 0.13 and may be removed in the future. The current behavior is equivalent to passing `weights=VGG16_Weights.IMAGENET1K_V1`. You can also use `weights=VGG16_Weights.DEFAULT` to get the most up-to-date weights.
  warnings.warn(msg)
IP2P 線：13 張、條件 ['warp_roundtrip']、steps=100 s_T=7.5 s_I=1.5 seed=20260812
/nfs/home/nelson0314/venvs/wacv/lib/python3.11/site-packages/diffusers/image_processor.py:724: FutureWarning: Passing `image` as torch tensor with value range in [-1,1] is deprecated. The expected value range for image tensor is [0,1] when passing as pytorch tensor or numpy Array. You passed `image` with value range [-1.0,1.0]
  warnings.warn(
/nfs/home/nelson0314/venvs/wacv/lib/python3.11/site-packages/diffusers/image_processor.py:724: FutureWarning: Passing `image` as torch tensor with value range in [-1,1] is deprecated. The expected value range for image tensor is [0,1] when passing as pytorch tensor or numpy Array. You passed `image` with value range [-1.0,0.9414572715759277]
  warnings.warn(
Loading weights:   0%|          | 0/398 [00:00<?, ?it/s]Loading weights: 100%|██████████| 398/398 [00:00<00:00, 15174.79it/s]
[transformers] Model config: bos_token_id must be `None` or an integer within the vocabulary (between 0 and 31999), got 49406. This may result in unexpected behavior.
[transformers] Model config: eos_token_id must be `None` or an integer within the vocabulary (between 0 and 31999), got 49407. This may result in unexpected behavior.
Loading weights:   0%|          | 0/408 [00:00<?, ?it/s]Loading weights:  38%|███▊      | 153/408 [00:00<00:00, 1490.12it/s]Loading weights:  74%|███████▍  | 303/408 [00:00<00:00, 1476.47it/s]Loading weights: 100%|██████████| 408/408 [00:00<00:00, 1611.59it/s]
task_attr_mod_color_11699        warp_roundtrip r=16.0000 dists=0.2191 lpips=0.4132 effect=0.4170 (60s)
task_attr_mod_color_136767       warp_roundtrip r=16.0000 dists=0.2381 lpips=0.4052 effect=0.4170 (47s)
/nfs/home/nelson0314/venvs/wacv/lib/python3.11/site-packages/diffusers/image_processor.py:724: FutureWarning: Passing `image` as torch tensor with value range in [-1,1] is deprecated. The expected value range for image tensor is [0,1] when passing as pytorch tensor or numpy Array. You passed `image` with value range [-0.9989196062088013,0.9921087026596069]
  warnings.warn(
task_attr_mod_color_184837       warp_roundtrip r=16.0000 dists=0.2355 lpips=0.4682 effect=0.4653 (47s)
/nfs/home/nelson0314/venvs/wacv/lib/python3.11/site-packages/diffusers/image_processor.py:724: FutureWarning: Passing `image` as torch tensor with value range in [-1,1] is deprecated. The expected value range for image tensor is [0,1] when passing as pytorch tensor or numpy Array. You passed `image` with value range [-0.9999549388885498,0.999875545501709]
  warnings.warn(
task_attr_mod_color_32648        warp_roundtrip r=16.0000 dists=0.2538 lpips=0.3437 effect=0.3350 (47s)
/nfs/home/nelson0314/venvs/wacv/lib/python3.11/site-packages/diffusers/image_processor.py:724: FutureWarning: Passing `image` as torch tensor with value range in [-1,1] is deprecated. The expected value range for image tensor is [0,1] when passing as pytorch tensor or numpy Array. You passed `image` with value range [-0.9999974966049194,0.9998596906661987]
  warnings.warn(
task_attr_mod_color_6205         warp_roundtrip r=16.0000 dists=0.2352 lpips=0.4012 effect=0.5134 (48s)
/nfs/home/nelson0314/venvs/wacv/lib/python3.11/site-packages/diffusers/image_processor.py:724: FutureWarning: Passing `image` as torch tensor with value range in [-1,1] is deprecated. The expected value range for image tensor is [0,1] when passing as pytorch tensor or numpy Array. You passed `image` with value range [-0.9984818696975708,1.0]
  warnings.warn(
task_env_weather_112463          warp_roundtrip r=16.0000 dists=0.2639 lpips=0.4911 effect=0.4847 (47s)
task_env_weather_246440          warp_roundtrip r=16.0000 dists=0.2739 lpips=0.5099 effect=0.5542 (47s)
/nfs/home/nelson0314/venvs/wacv/lib/python3.11/site-packages/diffusers/image_processor.py:724: FutureWarning: Passing `image` as torch tensor with value range in [-1,1] is deprecated. The expected value range for image tensor is [0,1] when passing as pytorch tensor or numpy Array. You passed `image` with value range [-0.9757892489433289,0.8188292980194092]
  warnings.warn(
task_env_weather_63722           warp_roundtrip r=16.0000 dists=0.3393 lpips=0.5136 effect=0.5103 (47s)
/nfs/home/nelson0314/venvs/wacv/lib/python3.11/site-packages/diffusers/image_processor.py:724: FutureWarning: Passing `image` as torch tensor with value range in [-1,1] is deprecated. The expected value range for image tensor is [0,1] when passing as pytorch tensor or numpy Array. You passed `image` with value range [-1.0,0.9684405326843262]
  warnings.warn(
task_obj_add_40931               warp_roundtrip r=16.0000 dists=0.3292 lpips=0.5415 effect=0.6005 (48s)
/nfs/home/nelson0314/venvs/wacv/lib/python3.11/site-packages/diffusers/image_processor.py:724: FutureWarning: Passing `image` as torch tensor with value range in [-1,1] is deprecated. The expected value range for image tensor is [0,1] when passing as pytorch tensor or numpy Array. You passed `image` with value range [-1.0,0.9868127107620239]
  warnings.warn(
task_obj_remove_380621           warp_roundtrip r=16.0000 dists=0.2927 lpips=0.5000 effect=0.5524 (48s)
/nfs/home/nelson0314/venvs/wacv/lib/python3.11/site-packages/diffusers/image_processor.py:724: FutureWarning: Passing `image` as torch tensor with value range in [-1,1] is deprecated. The expected value range for image tensor is [0,1] when passing as pytorch tensor or numpy Array. You passed `image` with value range [-1.0,0.9965853691101074]
  warnings.warn(
task_obj_swap_joint_mask_276754  warp_roundtrip r=16.0000 dists=0.2882 lpips=0.5230 effect=0.1967 (48s)
/nfs/home/nelson0314/venvs/wacv/lib/python3.11/site-packages/diffusers/image_processor.py:724: FutureWarning: Passing `image` as torch tensor with value range in [-1,1] is deprecated. The expected value range for image tensor is [0,1] when passing as pytorch tensor or numpy Array. You passed `image` with value range [-1.0,0.996600866317749]
  warnings.warn(
task_obj_swap_joint_mask_533428  warp_roundtrip r=16.0000 dists=0.2558 lpips=0.5266 effect=0.5353 (48s)
/nfs/home/nelson0314/venvs/wacv/lib/python3.11/site-packages/diffusers/image_processor.py:724: FutureWarning: Passing `image` as torch tensor with value range in [-1,1] is deprecated. The expected value range for image tensor is [0,1] when passing as pytorch tensor or numpy Array. You passed `image` with value range [-1.0,0.9680217504501343]
  warnings.warn(
task_obj_swap_rand_mask_417469   warp_roundtrip r=16.0000 dists=0.2391 lpips=0.4636 effect=0.4779 (48s)

表：runs/ip2p_warp/trip_r16/results.csv（13 列）
