Warning: You are sending unauthenticated requests to the HF Hub. Please set a HF_TOKEN to enable higher rate limits and faster downloads.
Loading pipeline components...:   0%|          | 0/6 [00:00<?, ?it/s]Loading pipeline components...:  33%|███▎      | 2/6 [00:00<00:00, 15.08it/s]Loading pipeline components...:  83%|████████▎ | 5/6 [00:00<00:00, 20.71it/s]
Loading weights:   0%|          | 0/196 [00:00<?, ?it/s][ALoading weights: 100%|██████████| 196/196 [00:00<00:00, 4141.65it/s]
Loading pipeline components...: 100%|██████████| 6/6 [00:00<00:00, 14.92it/s]
There are modules in AutoencoderKL that should be kept in float32: []. Casting directly with `to()` can lead to inconsistent results; set `torch_dtype` in `from_pretrained()` instead to keep these modules in float32.
/nfs/home/nelson0314/venvs/wacv/lib/python3.11/site-packages/torchvision/models/_utils.py:207: UserWarning: The parameter 'pretrained' is deprecated since 0.13 and may be removed in the future, please use 'weights' instead.
  warnings.warn(
/nfs/home/nelson0314/venvs/wacv/lib/python3.11/site-packages/torchvision/models/_utils.py:222: UserWarning: Arguments other than a weight enum or `None` for 'weights' are deprecated since 0.13 and may be removed in the future. The current behavior is equivalent to passing `weights=VGG16_Weights.IMAGENET1K_V1`. You can also use `weights=VGG16_Weights.DEFAULT` to get the most up-to-date weights.
  warnings.warn(msg)
IP2P 線：7 張、條件 ['phase']、steps=100 s_T=7.5 s_I=1.5 seed=20260812
/nfs/home/nelson0314/venvs/wacv/lib/python3.11/site-packages/diffusers/image_processor.py:724: FutureWarning: Passing `image` as torch tensor with value range in [-1,1] is deprecated. The expected value range for image tensor is [0,1] when passing as pytorch tensor or numpy Array. You passed `image` with value range [-1.0,1.0]
  warnings.warn(
task_attr_mod_color_11699        phase          r=0.8000 dists=0.0717 lpips=0.1060 effect=0.1436 (38s)
task_attr_mod_color_6205         phase          r=0.8000 dists=0.1093 lpips=0.1085 effect=0.2481 (39s)
task_env_weather_246440          phase          r=0.8000 dists=0.0706 lpips=0.1908 effect=0.3479 (39s)
task_obj_add_40931               phase          r=0.8000 dists=0.0801 lpips=0.2730 effect=0.2828 (39s)
task_obj_remove_257910           phase          r=0.8000 dists=0.1188 lpips=0.2345 effect=0.2690 (39s)
task_obj_swap_joint_mask_276754  phase          r=0.8000 dists=0.1088 lpips=0.3662 effect=0.1690 (39s)
task_obj_swap_rand_mask_417469   phase          r=0.8000 dists=0.0747 lpips=0.1597 effect=0.1966 (40s)

表：runs/fair0820/a2_rmin/rm06_t080_0/results.csv（7 列）
