Warning: You are sending unauthenticated requests to the HF Hub. Please set a HF_TOKEN to enable higher rate limits and faster downloads.
Loading pipeline components...:   0%|          | 0/6 [00:00<?, ?it/s]Loading pipeline components...:  50%|█████     | 3/6 [00:00<00:00, 16.46it/s]
Loading weights:   0%|          | 0/196 [00:00<?, ?it/s][ALoading weights: 100%|██████████| 196/196 [00:00<00:00, 3552.77it/s]
Loading pipeline components...:  83%|████████▎ | 5/6 [00:00<00:00, 13.05it/s]Loading pipeline components...: 100%|██████████| 6/6 [00:00<00:00, 15.82it/s]
There are modules in AutoencoderKL that should be kept in float32: []. Casting directly with `to()` can lead to inconsistent results; set `torch_dtype` in `from_pretrained()` instead to keep these modules in float32.
/nfs/home/nelson0314/venvs/wacv/lib/python3.11/site-packages/torchvision/models/_utils.py:207: UserWarning: The parameter 'pretrained' is deprecated since 0.13 and may be removed in the future, please use 'weights' instead.
  warnings.warn(
/nfs/home/nelson0314/venvs/wacv/lib/python3.11/site-packages/torchvision/models/_utils.py:222: UserWarning: Arguments other than a weight enum or `None` for 'weights' are deprecated since 0.13 and may be removed in the future. The current behavior is equivalent to passing `weights=VGG16_Weights.IMAGENET1K_V1`. You can also use `weights=VGG16_Weights.DEFAULT` to get the most up-to-date weights.
  warnings.warn(msg)
IP2P 線：25 張、條件 ['phase']、steps=100 s_T=7.5 s_I=1.5 seed=20260812
/nfs/home/nelson0314/venvs/wacv/lib/python3.11/site-packages/diffusers/image_processor.py:724: FutureWarning: Passing `image` as torch tensor with value range in [-1,1] is deprecated. The expected value range for image tensor is [0,1] when passing as pytorch tensor or numpy Array. You passed `image` with value range [-1.0,1.0]
  warnings.warn(
task_attr_mod_color_11699        phase          r=0.2000 dists=0.0200 lpips=0.0235 effect=0.0479 (37s)
task_attr_mod_color_136767       phase          r=0.2000 dists=0.0297 lpips=0.0485 effect=0.0875 (37s)
task_attr_mod_color_184837       phase          r=0.2000 dists=0.0141 lpips=0.0275 effect=0.0652 (37s)
task_attr_mod_color_32648        phase          r=0.2000 dists=0.0290 lpips=0.0423 effect=0.0536 (37s)
task_attr_mod_color_6205         phase          r=0.2000 dists=0.0302 lpips=0.0239 effect=0.0457 (37s)
task_env_weather_112463          phase          r=0.2000 dists=0.0332 lpips=0.0457 effect=0.1433 (38s)
task_env_weather_133752          phase          r=0.2000 dists=0.0191 lpips=0.0236 effect=0.0752 (37s)
task_env_weather_181583          phase          r=0.2000 dists=0.0334 lpips=0.0388 effect=0.0814 (38s)
task_env_weather_246440          phase          r=0.2000 dists=0.0147 lpips=0.0336 effect=0.1527 (37s)
task_env_weather_63722           phase          r=0.2000 dists=0.0205 lpips=0.0288 effect=0.0663 (37s)
task_obj_add_13726               phase          r=0.2000 dists=0.0269 lpips=0.0365 effect=0.1084 (37s)
task_obj_add_340466              phase          r=0.2000 dists=0.0231 lpips=0.0214 effect=0.0556 (37s)
task_obj_add_40931               phase          r=0.2000 dists=0.0210 lpips=0.0627 effect=0.1333 (37s)
task_obj_add_581286              phase          r=0.2000 dists=0.0438 lpips=0.0427 effect=0.0720 (38s)
task_obj_add_692065              phase          r=0.2000 dists=0.0120 lpips=0.0179 effect=0.0459 (38s)
task_obj_remove_10197            phase          r=0.2000 dists=0.0170 lpips=0.0545 effect=0.2404 (37s)
task_obj_remove_257910           phase          r=0.2000 dists=0.0523 lpips=0.0599 effect=0.1113 (38s)
task_obj_remove_380621           phase          r=0.2000 dists=0.0396 lpips=0.0542 effect=0.1210 (37s)
task_obj_remove_509477           phase          r=0.2000 dists=0.0192 lpips=0.0352 effect=0.0816 (37s)
task_obj_remove_657585           phase          r=0.2000 dists=0.0294 lpips=0.0367 effect=0.1550 (38s)
task_obj_swap_joint_mask_276754  phase          r=0.2000 dists=0.0288 lpips=0.1352 effect=0.1767 (37s)
task_obj_swap_joint_mask_533428  phase          r=0.2000 dists=0.0133 lpips=0.0337 effect=0.1267 (37s)
/nfs/home/nelson0314/venvs/wacv/lib/python3.11/site-packages/diffusers/image_processor.py:724: FutureWarning: Passing `image` as torch tensor with value range in [-1,1] is deprecated. The expected value range for image tensor is [0,1] when passing as pytorch tensor or numpy Array. You passed `image` with value range [-0.9686274528503418,1.0]
  warnings.warn(
/nfs/home/nelson0314/venvs/wacv/lib/python3.11/site-packages/diffusers/image_processor.py:724: FutureWarning: Passing `image` as torch tensor with value range in [-1,1] is deprecated. The expected value range for image tensor is [0,1] when passing as pytorch tensor or numpy Array. You passed `image` with value range [-0.9835464358329773,1.0]
  warnings.warn(
task_obj_swap_joint_mask_75733   phase          r=0.2000 dists=0.0660 lpips=0.0906 effect=0.1412 (37s)
task_obj_swap_rand_mask_298147   phase          r=0.2000 dists=0.0241 lpips=0.0920 effect=0.1637 (37s)
task_obj_swap_rand_mask_417469   phase          r=0.2000 dists=0.0158 lpips=0.0381 effect=0.0689 (37s)

表：runs/fair0820/a2_rmin/rm06_t020/results.csv（25 列）
