Warning: You are sending unauthenticated requests to the HF Hub. Please set a HF_TOKEN to enable higher rate limits and faster downloads.
Loading pipeline components...:   0%|          | 0/6 [00:00<?, ?it/s]
Loading weights:   0%|          | 0/196 [00:00<?, ?it/s][ALoading weights: 100%|██████████| 196/196 [00:00<00:00, 5391.84it/s]
Loading pipeline components...:  33%|███▎      | 2/6 [00:00<00:00,  9.78it/s]Loading pipeline components...:  83%|████████▎ | 5/6 [00:00<00:00, 14.49it/s]Loading pipeline components...: 100%|██████████| 6/6 [00:00<00:00, 16.13it/s]
There are modules in AutoencoderKL that should be kept in float32: []. Casting directly with `to()` can lead to inconsistent results; set `torch_dtype` in `from_pretrained()` instead to keep these modules in float32.
/nfs/home/nelson0314/venvs/wacv/lib/python3.11/site-packages/torchvision/models/_utils.py:207: UserWarning: The parameter 'pretrained' is deprecated since 0.13 and may be removed in the future, please use 'weights' instead.
  warnings.warn(
/nfs/home/nelson0314/venvs/wacv/lib/python3.11/site-packages/torchvision/models/_utils.py:222: UserWarning: Arguments other than a weight enum or `None` for 'weights' are deprecated since 0.13 and may be removed in the future. The current behavior is equivalent to passing `weights=VGG16_Weights.IMAGENET1K_V1`. You can also use `weights=VGG16_Weights.DEFAULT` to get the most up-to-date weights.
  warnings.warn(msg)
IP2P 線：25 張、條件 ['phase']、steps=100 s_T=7.5 s_I=1.5 seed=20260812
/nfs/home/nelson0314/venvs/wacv/lib/python3.11/site-packages/diffusers/image_processor.py:724: FutureWarning: Passing `image` as torch tensor with value range in [-1,1] is deprecated. The expected value range for image tensor is [0,1] when passing as pytorch tensor or numpy Array. You passed `image` with value range [-1.0,1.0]
  warnings.warn(
task_attr_mod_color_11699        phase          r=0.7000 dists=0.0418 lpips=0.0767 effect=0.1101 (39s)
task_attr_mod_color_136767       phase          r=0.7000 dists=0.0624 lpips=0.1349 effect=0.1673 (39s)
task_attr_mod_color_184837       phase          r=0.7000 dists=0.0490 lpips=0.1153 effect=0.2008 (40s)
task_attr_mod_color_32648        phase          r=0.7000 dists=0.0516 lpips=0.1258 effect=0.1215 (40s)
task_attr_mod_color_6205         phase          r=0.7000 dists=0.0754 lpips=0.0798 effect=0.1100 (40s)
task_env_weather_112463          phase          r=0.7000 dists=0.0538 lpips=0.1500 effect=0.2250 (40s)
task_env_weather_133752          phase          r=0.7000 dists=0.0466 lpips=0.1184 effect=0.1718 (40s)
task_env_weather_181583          phase          r=0.7000 dists=0.0565 lpips=0.1507 effect=0.1881 (40s)
task_env_weather_246440          phase          r=0.7000 dists=0.0455 lpips=0.1566 effect=0.3012 (40s)
task_env_weather_63722           phase          r=0.7000 dists=0.0469 lpips=0.1112 effect=0.1523 (40s)
task_obj_add_13726               phase          r=0.7000 dists=0.0514 lpips=0.1452 effect=0.2497 (40s)
task_obj_add_340466              phase          r=0.7000 dists=0.0559 lpips=0.0800 effect=0.1734 (40s)
task_obj_add_40931               phase          r=0.7000 dists=0.0549 lpips=0.2381 effect=0.2527 (40s)
task_obj_add_581286              phase          r=0.7000 dists=0.0719 lpips=0.0997 effect=0.1318 (40s)
task_obj_add_692065              phase          r=0.7000 dists=0.0349 lpips=0.0879 effect=0.1311 (40s)
task_obj_remove_10197            phase          r=0.7000 dists=0.0392 lpips=0.2047 effect=0.4125 (40s)
task_obj_remove_257910           phase          r=0.7000 dists=0.0680 lpips=0.1708 effect=0.2041 (40s)
task_obj_remove_380621           phase          r=0.7000 dists=0.0653 lpips=0.1739 effect=0.2370 (40s)
task_obj_remove_509477           phase          r=0.7000 dists=0.0467 lpips=0.1593 effect=0.1987 (40s)
task_obj_remove_657585           phase          r=0.7000 dists=0.0552 lpips=0.0936 effect=0.2772 (40s)
task_obj_swap_joint_mask_276754  phase          r=0.7000 dists=0.0736 lpips=0.3448 effect=0.1852 (40s)
task_obj_swap_joint_mask_533428  phase          r=0.7000 dists=0.0441 lpips=0.1543 effect=0.2760 (40s)
/nfs/home/nelson0314/venvs/wacv/lib/python3.11/site-packages/diffusers/image_processor.py:724: FutureWarning: Passing `image` as torch tensor with value range in [-1,1] is deprecated. The expected value range for image tensor is [0,1] when passing as pytorch tensor or numpy Array. You passed `image` with value range [-0.9686274528503418,1.0]
  warnings.warn(
/nfs/home/nelson0314/venvs/wacv/lib/python3.11/site-packages/diffusers/image_processor.py:724: FutureWarning: Passing `image` as torch tensor with value range in [-1,1] is deprecated. The expected value range for image tensor is [0,1] when passing as pytorch tensor or numpy Array. You passed `image` with value range [-0.9826549291610718,1.0]
  warnings.warn(
task_obj_swap_joint_mask_75733   phase          r=0.7000 dists=0.1085 lpips=0.2396 effect=0.3174 (40s)
task_obj_swap_rand_mask_298147   phase          r=0.7000 dists=0.0743 lpips=0.2626 effect=0.3615 (40s)
task_obj_swap_rand_mask_417469   phase          r=0.7000 dists=0.0420 lpips=0.1330 effect=0.1643 (40s)

表：runs/fair0820/a2_rmin/rm08_t070/results.csv（25 列）
