Loading pipeline components...:   0%|          | 0/6 [00:00<?, ?it/s]
Loading weights:   0%|          | 0/196 [00:00<?, ?it/s][ALoading weights: 100%|██████████| 196/196 [00:00<00:00, 4434.54it/s]
Loading pipeline components...:  17%|█▋        | 1/6 [00:00<00:00,  6.84it/s]Loading pipeline components...:  50%|█████     | 3/6 [00:00<00:00, 12.66it/s]Loading pipeline components...:  83%|████████▎ | 5/6 [00:00<00:00, 15.21it/s]Loading pipeline components...: 100%|██████████| 6/6 [00:00<00:00, 15.30it/s]
There are modules in AutoencoderKL that should be kept in float32: []. Casting directly with `to()` can lead to inconsistent results; set `torch_dtype` in `from_pretrained()` instead to keep these modules in float32.
/nfs/home/nelson0314/venvs/wacv/lib/python3.11/site-packages/torchvision/models/_utils.py:207: UserWarning: The parameter 'pretrained' is deprecated since 0.13 and may be removed in the future, please use 'weights' instead.
  warnings.warn(
/nfs/home/nelson0314/venvs/wacv/lib/python3.11/site-packages/torchvision/models/_utils.py:222: UserWarning: Arguments other than a weight enum or `None` for 'weights' are deprecated since 0.13 and may be removed in the future. The current behavior is equivalent to passing `weights=VGG16_Weights.IMAGENET1K_V1`. You can also use `weights=VGG16_Weights.DEFAULT` to get the most up-to-date weights.
  warnings.warn(msg)
IP2P 線：13 張、條件 ['phase_gain']、steps=100 s_T=7.5 s_I=1.5 seed=20260812
/nfs/home/nelson0314/venvs/wacv/lib/python3.11/site-packages/diffusers/image_processor.py:724: FutureWarning: Passing `image` as torch tensor with value range in [-1,1] is deprecated. The expected value range for image tensor is [0,1] when passing as pytorch tensor or numpy Array. You passed `image` with value range [-1.0,1.0]
  warnings.warn(
Warning: You are sending unauthenticated requests to the HF Hub. Please set a HF_TOKEN to enable higher rate limits and faster downloads.
Loading weights:   0%|          | 0/398 [00:00<?, ?it/s]Loading weights: 100%|██████████| 398/398 [00:00<00:00, 13180.89it/s]
[transformers] Model config: bos_token_id must be `None` or an integer within the vocabulary (between 0 and 31999), got 49406. This may result in unexpected behavior.
[transformers] Model config: eos_token_id must be `None` or an integer within the vocabulary (between 0 and 31999), got 49407. This may result in unexpected behavior.
Loading weights:   0%|          | 0/408 [00:00<?, ?it/s]Loading weights:  92%|█████████▏| 376/408 [00:00<00:00, 3742.67it/s]Loading weights: 100%|██████████| 408/408 [00:00<00:00, 3752.92it/s]
task_attr_mod_color_11699        phase_gain     r=12.0000 dists=0.0962 lpips=0.4225 effect=0.3867 (184s)
task_attr_mod_color_136767       phase_gain     r=12.0000 dists=0.1779 lpips=0.4879 effect=0.5287 (175s)
task_attr_mod_color_184837       phase_gain     r=12.0000 dists=0.2048 lpips=0.5068 effect=0.5923 (175s)
task_attr_mod_color_32648        phase_gain     r=12.0000 dists=0.1601 lpips=0.5798 effect=0.4172 (175s)
task_attr_mod_color_6205         phase_gain     r=12.0000 dists=0.1411 lpips=0.4153 effect=0.5089 (175s)
task_env_weather_112463          phase_gain     r=12.0000 dists=0.0842 lpips=0.5650 effect=0.4734 (175s)
task_env_weather_246440          phase_gain     r=12.0000 dists=0.1730 lpips=0.5560 effect=0.5560 (175s)
task_env_weather_63722           phase_gain     r=12.0000 dists=0.1076 lpips=0.4836 effect=0.4973 (175s)
task_obj_add_40931               phase_gain     r=12.0000 dists=0.1237 lpips=0.5259 effect=0.5388 (175s)
task_obj_remove_380621           phase_gain     r=12.0000 dists=0.1068 lpips=0.4907 effect=0.7454 (175s)
task_obj_swap_joint_mask_276754  phase_gain     r=12.0000 dists=0.2205 lpips=0.5657 effect=0.2818 (175s)
task_obj_swap_joint_mask_533428  phase_gain     r=12.0000 dists=0.1625 lpips=0.5589 effect=0.5149 (175s)
task_obj_swap_rand_mask_417469   phase_gain     r=12.0000 dists=0.1303 lpips=0.5286 effect=0.7549 (175s)

表：runs/ip2p_perceptual_weight/jl_r120/results.csv（13 列）
