Loading pipeline components...:   0%|          | 0/6 [00:00<?, ?it/s]
Loading weights:   0%|          | 0/196 [00:00<?, ?it/s][ALoading weights: 100%|██████████| 196/196 [00:00<00:00, 4180.89it/s]
Loading pipeline components...:  50%|█████     | 3/6 [00:00<00:00, 13.32it/s]Loading pipeline components...:  83%|████████▎ | 5/6 [00:00<00:00, 15.69it/s]Loading pipeline components...: 100%|██████████| 6/6 [00:00<00:00, 16.79it/s]
There are modules in AutoencoderKL that should be kept in float32: []. Casting directly with `to()` can lead to inconsistent results; set `torch_dtype` in `from_pretrained()` instead to keep these modules in float32.
/nfs/home/nelson0314/venvs/wacv/lib/python3.11/site-packages/torchvision/models/_utils.py:207: UserWarning: The parameter 'pretrained' is deprecated since 0.13 and may be removed in the future, please use 'weights' instead.
  warnings.warn(
/nfs/home/nelson0314/venvs/wacv/lib/python3.11/site-packages/torchvision/models/_utils.py:222: UserWarning: Arguments other than a weight enum or `None` for 'weights' are deprecated since 0.13 and may be removed in the future. The current behavior is equivalent to passing `weights=VGG16_Weights.IMAGENET1K_V1`. You can also use `weights=VGG16_Weights.DEFAULT` to get the most up-to-date weights.
  warnings.warn(msg)
IP2P 線：8 張、條件 ['dct_wm']、steps=100 s_T=7.5 s_I=1.5 seed=20260812
/nfs/home/nelson0314/venvs/wacv/lib/python3.11/site-packages/diffusers/image_processor.py:724: FutureWarning: Passing `image` as torch tensor with value range in [-1,1] is deprecated. The expected value range for image tensor is [0,1] when passing as pytorch tensor or numpy Array. You passed `image` with value range [-1.0,1.0]
  warnings.warn(
task_attr_mod_color_184837       dct_wm         r=2.0000 dists=0.0493 lpips=0.2402 effect=0.2752 (151s)
task_env_weather_112463          dct_wm         r=2.0000 dists=0.0784 lpips=0.4242 effect=0.4463 (152s)
task_env_weather_246440          dct_wm         r=2.0000 dists=0.0348 lpips=0.1818 effect=0.3829 (152s)
task_obj_add_340466              dct_wm         r=2.0000 dists=0.0693 lpips=0.3830 effect=0.5510 (152s)
task_obj_add_692065              dct_wm         r=2.0000 dists=0.0325 lpips=0.2545 effect=0.2744 (155s)
task_obj_remove_380621           dct_wm         r=2.0000 dists=0.0986 lpips=0.4154 effect=0.4417 (154s)
task_obj_swap_joint_mask_276754  dct_wm         r=2.0000 dists=0.0731 lpips=0.3397 effect=0.5305 (154s)
task_obj_swap_rand_mask_298147   dct_wm         r=2.0000 dists=0.0505 lpips=0.2948 effect=0.3598 (155s)

表：runs/fair0820/b1_wm/k64_2/results.csv（8 列）
