Warning: You are sending unauthenticated requests to the HF Hub. Please set a HF_TOKEN to enable higher rate limits and faster downloads.
Loading pipeline components...:   0%|          | 0/6 [00:00<?, ?it/s]Loading pipeline components...:  50%|█████     | 3/6 [00:00<00:00,  4.62it/s]
Loading weights:   0%|          | 0/196 [00:00<?, ?it/s][ALoading weights: 100%|██████████| 196/196 [00:00<00:00, 2537.73it/s]
Loading pipeline components...:  67%|██████▋   | 4/6 [00:00<00:00,  4.10it/s]Loading pipeline components...:  83%|████████▎ | 5/6 [00:02<00:00,  1.34it/s]Loading pipeline components...: 100%|██████████| 6/6 [00:02<00:00,  1.81it/s]Loading pipeline components...: 100%|██████████| 6/6 [00:02<00:00,  2.06it/s]
There are modules in AutoencoderKL that should be kept in float32: []. Casting directly with `to()` can lead to inconsistent results; set `torch_dtype` in `from_pretrained()` instead to keep these modules in float32.
/nfs/home/nelson0314/venvs/wacv/lib/python3.11/site-packages/torchvision/models/_utils.py:207: UserWarning: The parameter 'pretrained' is deprecated since 0.13 and may be removed in the future, please use 'weights' instead.
  warnings.warn(
/nfs/home/nelson0314/venvs/wacv/lib/python3.11/site-packages/torchvision/models/_utils.py:222: UserWarning: Arguments other than a weight enum or `None` for 'weights' are deprecated since 0.13 and may be removed in the future. The current behavior is equivalent to passing `weights=VGG16_Weights.IMAGENET1K_V1`. You can also use `weights=VGG16_Weights.DEFAULT` to get the most up-to-date weights.
  warnings.warn(msg)
分片 1/5：5 格 × 3 種子 × 2 臂 × 1 淨化
Loading weights:   0%|          | 0/380 [00:00<?, ?it/s]Loading weights:  68%|██████▊   | 258/380 [00:00<00:00, 2576.86it/s]Loading weights: 100%|██████████| 380/380 [00:00<00:00, 2461.91it/s]
/nfs/home/nelson0314/venvs/wacv/lib/python3.11/site-packages/diffusers/image_processor.py:724: FutureWarning: Passing `image` as torch tensor with value range in [-1,1] is deprecated. The expected value range for image tensor is [0,1] when passing as pytorch tensor or numpy Array. You passed `image` with value range [-1.0,1.0]
  warnings.warn(
[W913 05:01:17.516874013 CUDACachingAllocator.cpp:508] expandable_segments: memory mapping failed with OOM on device 0 while trying to map 20971520 bytes (free: 8060928, total: 25296044032).
[W913 05:01:17.756467785 CUDACachingAllocator.cpp:508] expandable_segments: memory mapping failed with OOM on device 0 while trying to map 20971520 bytes (free: 10158080, total: 25296044032).
[W913 05:01:17.775281495 CUDACachingAllocator.cpp:508] expandable_segments: memory mapping failed with OOM on device 0 while trying to map 20971520 bytes (free: 10158080, total: 25296044032).
[W913 05:01:17.790600561 CUDACachingAllocator.cpp:508] expandable_segments: memory mapping failed with OOM on device 0 while trying to map 20971520 bytes (free: 10158080, total: 25296044032).
[W913 05:01:17.804754405 CUDACachingAllocator.cpp:508] expandable_segments: memory mapping failed with OOM on device 0 while trying to map 20971520 bytes (free: 10158080, total: 25296044032).
[W913 05:01:17.819644874 CUDACachingAllocator.cpp:508] expandable_segments: memory mapping failed with OOM on device 0 while trying to map 20971520 bytes (free: 10158080, total: 25296044032).
[W913 05:01:17.834430126 CUDACachingAllocator.cpp:508] expandable_segments: memory mapping failed with OOM on device 0 while trying to map 20971520 bytes (free: 10158080, total: 25296044032).
[W913 05:01:17.849599870 CUDACachingAllocator.cpp:508] expandable_segments: memory mapping failed with OOM on device 0 while trying to map 20971520 bytes (free: 10158080, total: 25296044032).
[W913 05:01:17.863570967 CUDACachingAllocator.cpp:508] expandable_segments: memory mapping failed with OOM on device 0 while trying to map 20971520 bytes (free: 10158080, total: 25296044032).
[W913 05:01:17.877657510 CUDACachingAllocator.cpp:508] expandable_segments: memory mapping failed with OOM on device 0 while trying to map 20971520 bytes (free: 10158080, total: 25296044032).
[W913 05:01:17.892305193 CUDACachingAllocator.cpp:508] expandable_segments: memory mapping failed with OOM on device 0 while trying to map 20971520 bytes (free: 10158080, total: 25296044032).
[W913 05:01:17.906397494 CUDACachingAllocator.cpp:508] expandable_segments: memory mapping failed with OOM on device 0 while trying to map 20971520 bytes (free: 10158080, total: 25296044032).
[W913 05:01:17.920445247 CUDACachingAllocator.cpp:508] expandable_segments: memory mapping failed with OOM on device 0 while trying to map 20971520 bytes (free: 10158080, total: 25296044032).
[W913 05:01:17.935205204 CUDACachingAllocator.cpp:508] expandable_segments: memory mapping failed with OOM on device 0 while trying to map 20971520 bytes (free: 10158080, total: 25296044032).
[W913 05:01:17.949390482 CUDACachingAllocator.cpp:508] expandable_segments: memory mapping failed with OOM on device 0 while trying to map 20971520 bytes (free: 10158080, total: 25296044032).
[W913 05:01:17.964267110 CUDACachingAllocator.cpp:508] expandable_segments: memory mapping failed with OOM on device 0 while trying to map 20971520 bytes (free: 10158080, total: 25296044032).
[W913 05:01:17.978610906 CUDACachingAllocator.cpp:508] expandable_segments: memory mapping failed with OOM on device 0 while trying to map 20971520 bytes (free: 10158080, total: 25296044032).
[W913 05:01:17.992588824 CUDACachingAllocator.cpp:508] expandable_segments: memory mapping failed with OOM on device 0 while trying to map 20971520 bytes (free: 10158080, total: 25296044032).
[W913 05:01:17.007351507 CUDACachingAllocator.cpp:508] expandable_segments: memory mapping failed with OOM on device 0 while trying to map 20971520 bytes (free: 10158080, total: 25296044032).
[W913 05:01:17.026253028 CUDACachingAllocator.cpp:508] expandable_segments: memory mapping failed with OOM on device 0 while trying to map 20971520 bytes (free: 10158080, total: 25296044032).
[W913 05:01:17.040347169 CUDACachingAllocator.cpp:508] expandable_segments: memory mapping failed with OOM on device 0 while trying to map 20971520 bytes (free: 10158080, total: 25296044032).
[W913 05:01:17.054502997 CUDACachingAllocator.cpp:508] expandable_segments: memory mapping failed with OOM on device 0 while trying to map 20971520 bytes (free: 10158080, total: 25296044032).
[W913 05:01:17.074130078 CUDACachingAllocator.cpp:508] expandable_segments: memory mapping failed with OOM on device 0 while trying to map 20971520 bytes (free: 10158080, total: 25296044032).
[W913 05:01:17.089265009 CUDACachingAllocator.cpp:508] expandable_segments: memory mapping failed with OOM on device 0 while trying to map 20971520 bytes (free: 10158080, total: 25296044032).
[W913 05:01:17.103404867 CUDACachingAllocator.cpp:508] expandable_segments: memory mapping failed with OOM on device 0 while trying to map 20971520 bytes (free: 10158080, total: 25296044032).
[W913 05:01:17.122860873 CUDACachingAllocator.cpp:508] expandable_segments: memory mapping failed with OOM on device 0 while trying to map 20971520 bytes (free: 10158080, total: 25296044032).
[W913 05:01:17.137323167 CUDACachingAllocator.cpp:508] expandable_segments: memory mapping failed with OOM on device 0 while trying to map 20971520 bytes (free: 10158080, total: 25296044032).
[W913 05:01:17.151405996 CUDACachingAllocator.cpp:508] expandable_segments: memory mapping failed with OOM on device 0 while trying to map 20971520 bytes (free: 10158080, total: 25296044032).
[W913 05:01:17.172776328 CUDACachingAllocator.cpp:508] expandable_segments: memory mapping failed with OOM on device 0 while trying to map 20971520 bytes (free: 10158080, total: 25296044032).
[W913 05:01:17.189258184 CUDACachingAllocator.cpp:508] expandable_segments: memory mapping failed with OOM on device 0 while trying to map 20971520 bytes (free: 10158080, total: 25296044032).
[W913 05:01:17.204471210 CUDACachingAllocator.cpp:508] expandable_segments: memory mapping failed with OOM on device 0 while trying to map 20971520 bytes (free: 10158080, total: 25296044032).
[W913 05:01:17.222600222 CUDACachingAllocator.cpp:508] expandable_segments: memory mapping failed with OOM on device 0 while trying to map 20971520 bytes (free: 10158080, total: 25296044032).
[W913 05:01:17.238407496 CUDACachingAllocator.cpp:508] expandable_segments: memory mapping failed with OOM on device 0 while trying to map 20971520 bytes (free: 10158080, total: 25296044032).
[W913 05:01:17.255287995 CUDACachingAllocator.cpp:508] expandable_segments: memory mapping failed with OOM on device 0 while trying to map 20971520 bytes (free: 10158080, total: 25296044032).
[W913 05:01:17.271812443 CUDACachingAllocator.cpp:508] expandable_segments: memory mapping failed with OOM on device 0 while trying to map 20971520 bytes (free: 10158080, total: 25296044032).
[W913 05:01:18.288222480 CUDACachingAllocator.cpp:508] expandable_segments: memory mapping failed with OOM on device 0 while trying to map 20971520 bytes (free: 10158080, total: 25296044032).
[W913 05:01:18.304372820 CUDACachingAllocator.cpp:508] expandable_segments: memory mapping failed with OOM on device 0 while trying to map 20971520 bytes (free: 10158080, total: 25296044032).
[W913 05:01:18.320504705 CUDACachingAllocator.cpp:508] expandable_segments: memory mapping failed with OOM on device 0 while trying to map 20971520 bytes (free: 10158080, total: 25296044032).
[W913 05:01:18.337214076 CUDACachingAllocator.cpp:508] expandable_segments: memory mapping failed with OOM on device 0 while trying to map 20971520 bytes (free: 10158080, total: 25296044032).
[W913 05:01:18.353453986 CUDACachingAllocator.cpp:508] expandable_segments: memory mapping failed with OOM on device 0 while trying to map 20971520 bytes (free: 10158080, total: 25296044032).
[W913 05:01:18.374734959 CUDACachingAllocator.cpp:508] expandable_segments: memory mapping failed with OOM on device 0 while trying to map 20971520 bytes (free: 10158080, total: 25296044032).
[W913 05:01:18.396213675 CUDACachingAllocator.cpp:508] expandable_segments: memory mapping failed with OOM on device 0 while trying to map 20971520 bytes (free: 10158080, total: 25296044032).
[W913 05:01:18.413481776 CUDACachingAllocator.cpp:508] expandable_segments: memory mapping failed with OOM on device 0 while trying to map 20971520 bytes (free: 10158080, total: 25296044032).
[W913 05:01:18.436338895 CUDACachingAllocator.cpp:508] expandable_segments: memory mapping failed with OOM on device 0 while trying to map 20971520 bytes (free: 10158080, total: 25296044032).
[W913 05:01:18.452576918 CUDACachingAllocator.cpp:508] expandable_segments: memory mapping failed with OOM on device 0 while trying to map 20971520 bytes (free: 10158080, total: 25296044032).
[W913 05:01:18.468364405 CUDACachingAllocator.cpp:508] expandable_segments: memory mapping failed with OOM on device 0 while trying to map 20971520 bytes (free: 10158080, total: 25296044032).
[W913 05:01:18.485371233 CUDACachingAllocator.cpp:508] expandable_segments: memory mapping failed with OOM on device 0 while trying to map 20971520 bytes (free: 10158080, total: 25296044032).
[W913 05:01:18.502341320 CUDACachingAllocator.cpp:508] expandable_segments: memory mapping failed with OOM on device 0 while trying to map 20971520 bytes (free: 10158080, total: 25296044032).
[W913 05:01:18.519296185 CUDACachingAllocator.cpp:508] expandable_segments: memory mapping failed with OOM on device 0 while trying to map 20971520 bytes (free: 10158080, total: 25296044032).
[W913 05:01:18.534507886 CUDACachingAllocator.cpp:508] expandable_segments: memory mapping failed with OOM on device 0 while trying to map 20971520 bytes (free: 10158080, total: 25296044032).
[W913 05:01:18.551240036 CUDACachingAllocator.cpp:508] expandable_segments: memory mapping failed with OOM on device 0 while trying to map 20971520 bytes (free: 10158080, total: 25296044032).
[W913 05:01:18.568227102 CUDACachingAllocator.cpp:508] expandable_segments: memory mapping failed with OOM on device 0 while trying to map 20971520 bytes (free: 10158080, total: 25296044032).
[W913 05:01:18.586465588 CUDACachingAllocator.cpp:508] expandable_segments: memory mapping failed with OOM on device 0 while trying to map 20971520 bytes (free: 10158080, total: 25296044032).
[W913 05:01:18.602278500 CUDACachingAllocator.cpp:508] expandable_segments: memory mapping failed with OOM on device 0 while trying to map 20971520 bytes (free: 10158080, total: 25296044032).
[W913 05:01:18.622539421 CUDACachingAllocator.cpp:508] expandable_segments: memory mapping failed with OOM on device 0 while trying to map 20971520 bytes (free: 10158080, total: 25296044032).
[W913 05:01:18.639220461 CUDACachingAllocator.cpp:508] expandable_segments: memory mapping failed with OOM on device 0 while trying to map 20971520 bytes (free: 10158080, total: 25296044032).
[W913 05:01:18.660734726 CUDACachingAllocator.cpp:508] expandable_segments: memory mapping failed with OOM on device 0 while trying to map 20971520 bytes (free: 10158080, total: 25296044032).
[W913 05:01:18.772764631 CUDACachingAllocator.cpp:508] expandable_segments: memory mapping failed with OOM on device 0 while trying to map 20971520 bytes (free: 10158080, total: 25296044032).
Loading weights:   0%|          | 0/398 [00:00<?, ?it/s]Loading weights: 100%|██████████| 398/398 [00:00<00:00, 16061.78it/s]
[transformers] Model config: bos_token_id must be `None` or an integer within the vocabulary (between 0 and 31999), got 49406. This may result in unexpected behavior.
[transformers] Model config: eos_token_id must be `None` or an integer within the vocabulary (between 0 and 31999), got 49407. This may result in unexpected behavior.
Loading weights:   0%|          | 0/408 [00:00<?, ?it/s]Loading weights:  59%|█████▉    | 241/408 [00:00<00:00, 2407.87it/s]Loading weights: 100%|██████████| 408/408 [00:00<00:00, 2488.57it/s]
[W913 05:01:32.507837168 CUDACachingAllocator.cpp:508] expandable_segments: memory mapping failed with OOM on device 0 while trying to map 20971520 bytes (free: 12255232, total: 25296044032).
[W913 05:01:32.520408373 CUDACachingAllocator.cpp:508] expandable_segments: memory mapping failed with OOM on device 0 while trying to map 20971520 bytes (free: 20643840, total: 25296044032).
Traceback (most recent call last):
  File "/nfs/home/nelson0314/WACV-s4/scripts/evaluate_defence.py", line 253, in <module>
    main()
  File "/nfs/home/nelson0314/WACV-s4/scripts/evaluate_defence.py", line 189, in main
    edits = dict(zip(seeds, edit_many([x_def] * len(seeds),
                            ^^^^^^^^^^^^^^^^^^^^^^^^^^^^^^^
  File "/nfs/home/nelson0314/WACV-s4/scripts/evaluate_defence.py", line 143, in edit_many
    b = ip2p.edit_batch(chunk_i, [instruction] * len(chunk_i), chunk_s,
        ^^^^^^^^^^^^^^^^^^^^^^^^^^^^^^^^^^^^^^^^^^^^^^^^^^^^^^^^^^^^^^^
  File "/nfs/home/nelson0314/venvs/wacv/lib/python3.11/site-packages/torch/utils/_contextlib.py", line 124, in decorate_context
    return func(*args, **kwargs)
           ^^^^^^^^^^^^^^^^^^^^^
  File "/nfs/home/nelson0314/WACV-s4/src/models/ip2p.py", line 280, in edit_batch
    out = self.pipe(
          ^^^^^^^^^^
  File "/nfs/home/nelson0314/venvs/wacv/lib/python3.11/site-packages/torch/utils/_contextlib.py", line 124, in decorate_context
    return func(*args, **kwargs)
           ^^^^^^^^^^^^^^^^^^^^^
  File "/nfs/home/nelson0314/venvs/wacv/lib/python3.11/site-packages/diffusers/pipelines/stable_diffusion/pipeline_stable_diffusion_instruct_pix2pix.py", line 374, in __call__
    image_latents = self.prepare_image_latents(
                    ^^^^^^^^^^^^^^^^^^^^^^^^^^^
  File "/nfs/home/nelson0314/venvs/wacv/lib/python3.11/site-packages/diffusers/pipelines/stable_diffusion/pipeline_stable_diffusion_instruct_pix2pix.py", line 877, in prepare_image_latents
    image_latents = retrieve_latents(self.vae.encode(image), sample_mode="argmax")
                                     ^^^^^^^^^^^^^^^^^^^^^^
  File "/nfs/home/nelson0314/venvs/wacv/lib/python3.11/site-packages/diffusers/utils/accelerate_utils.py", line 46, in wrapper
    return method(self, *args, **kwargs)
           ^^^^^^^^^^^^^^^^^^^^^^^^^^^^^
  File "/nfs/home/nelson0314/venvs/wacv/lib/python3.11/site-packages/diffusers/models/autoencoders/autoencoder_kl.py", line 190, in encode
    h = self._encode(x)
        ^^^^^^^^^^^^^^^
  File "/nfs/home/nelson0314/venvs/wacv/lib/python3.11/site-packages/diffusers/models/autoencoders/autoencoder_kl.py", line 164, in _encode
    enc = self.encoder(x)
          ^^^^^^^^^^^^^^^
  File "/nfs/home/nelson0314/venvs/wacv/lib/python3.11/site-packages/torch/nn/modules/module.py", line 1778, in _wrapped_call_impl
    return self._call_impl(*args, **kwargs)
           ^^^^^^^^^^^^^^^^^^^^^^^^^^^^^^^^
  File "/nfs/home/nelson0314/venvs/wacv/lib/python3.11/site-packages/torch/nn/modules/module.py", line 1789, in _call_impl
    return forward_call(*args, **kwargs)
           ^^^^^^^^^^^^^^^^^^^^^^^^^^^^^
  File "/nfs/home/nelson0314/venvs/wacv/lib/python3.11/site-packages/diffusers/models/autoencoders/vae.py", line 155, in forward
    sample = self.conv_in(sample)
             ^^^^^^^^^^^^^^^^^^^^
  File "/nfs/home/nelson0314/venvs/wacv/lib/python3.11/site-packages/torch/nn/modules/module.py", line 1778, in _wrapped_call_impl
    return self._call_impl(*args, **kwargs)
           ^^^^^^^^^^^^^^^^^^^^^^^^^^^^^^^^
  File "/nfs/home/nelson0314/venvs/wacv/lib/python3.11/site-packages/torch/nn/modules/module.py", line 1789, in _call_impl
    return forward_call(*args, **kwargs)
           ^^^^^^^^^^^^^^^^^^^^^^^^^^^^^
  File "/nfs/home/nelson0314/venvs/wacv/lib/python3.11/site-packages/torch/nn/modules/conv.py", line 565, in forward
    return self._conv_forward(input, self.weight, self.bias)
           ^^^^^^^^^^^^^^^^^^^^^^^^^^^^^^^^^^^^^^^^^^^^^^^^^
  File "/nfs/home/nelson0314/venvs/wacv/lib/python3.11/site-packages/torch/nn/modules/conv.py", line 560, in _conv_forward
    return F.conv2d(
           ^^^^^^^^^
torch.OutOfMemoryError: CUDA out of memory. Tried to allocate 192.00 MiB. GPU 0 has a total capacity of 23.56 GiB of which 179.69 MiB is free. Process 2574719 has 19.33 GiB memory in use. Including non-PyTorch memory, this process has 4.04 GiB memory in use. Of the allocated memory 3.67 GiB is allocated by PyTorch, and 26.73 MiB is reserved by PyTorch but unallocated. If reserved but unallocated memory is large try setting PYTORCH_CUDA_ALLOC_CONF=expandable_segments:True to avoid fragmentation.  See documentation for Memory Management  (https://docs.pytorch.org/docs/stable/notes/cuda.html#optimizing-memory-usage-with-pytorch-cuda-alloc-conf)
