Warning: You are sending unauthenticated requests to the HF Hub. Please set a HF_TOKEN to enable higher rate limits and faster downloads.
Loading pipeline components...:   0%|          | 0/6 [00:00<?, ?it/s]Loading pipeline components...:  33%|███▎      | 2/6 [00:02<00:05,  1.26s/it]
Loading weights:   0%|          | 0/196 [00:00<?, ?it/s][ALoading weights: 100%|██████████| 196/196 [00:00<00:00, 2072.07it/s]
Loading pipeline components...:  50%|█████     | 3/6 [00:02<00:02,  1.17it/s]Loading pipeline components...:  67%|██████▋   | 4/6 [00:02<00:01,  1.74it/s]Loading pipeline components...:  83%|████████▎ | 5/6 [00:03<00:00,  1.61it/s]Loading pipeline components...: 100%|██████████| 6/6 [00:03<00:00,  1.65it/s]
There are modules in AutoencoderKL that should be kept in float32: []. Casting directly with `to()` can lead to inconsistent results; set `torch_dtype` in `from_pretrained()` instead to keep these modules in float32.
/nfs/home/nelson0314/venvs/wacv/lib/python3.11/site-packages/torchvision/models/_utils.py:207: UserWarning: The parameter 'pretrained' is deprecated since 0.13 and may be removed in the future, please use 'weights' instead.
  warnings.warn(
/nfs/home/nelson0314/venvs/wacv/lib/python3.11/site-packages/torchvision/models/_utils.py:222: UserWarning: Arguments other than a weight enum or `None` for 'weights' are deprecated since 0.13 and may be removed in the future. The current behavior is equivalent to passing `weights=VGG16_Weights.IMAGENET1K_V1`. You can also use `weights=VGG16_Weights.DEFAULT` to get the most up-to-date weights.
  warnings.warn(msg)
分片 4/5：5 格 × 3 種子 × 2 臂 × 1 淨化
Loading weights:   0%|          | 0/380 [00:00<?, ?it/s]Loading weights:  74%|███████▍  | 282/380 [00:00<00:00, 2795.04it/s]Loading weights: 100%|██████████| 380/380 [00:00<00:00, 2627.00it/s]
/nfs/home/nelson0314/venvs/wacv/lib/python3.11/site-packages/diffusers/image_processor.py:724: FutureWarning: Passing `image` as torch tensor with value range in [-1,1] is deprecated. The expected value range for image tensor is [0,1] when passing as pytorch tensor or numpy Array. You passed `image` with value range [-1.0,1.0]
  warnings.warn(
[W913 05:01:16.682392818 CUDACachingAllocator.cpp:508] expandable_segments: memory mapping failed with OOM on device 0 while trying to map 20971520 bytes (free: 8060928, total: 25296044032).
[W913 05:01:16.921514102 CUDACachingAllocator.cpp:508] expandable_segments: memory mapping failed with OOM on device 0 while trying to map 20971520 bytes (free: 10158080, total: 25296044032).
[W913 05:01:16.937143964 CUDACachingAllocator.cpp:508] expandable_segments: memory mapping failed with OOM on device 0 while trying to map 20971520 bytes (free: 10158080, total: 25296044032).
[W913 05:01:16.958239946 CUDACachingAllocator.cpp:508] expandable_segments: memory mapping failed with OOM on device 0 while trying to map 20971520 bytes (free: 10158080, total: 25296044032).
[W913 05:01:16.974361449 CUDACachingAllocator.cpp:508] expandable_segments: memory mapping failed with OOM on device 0 while trying to map 20971520 bytes (free: 10158080, total: 25296044032).
[W913 05:01:16.993226153 CUDACachingAllocator.cpp:508] expandable_segments: memory mapping failed with OOM on device 0 while trying to map 20971520 bytes (free: 10158080, total: 25296044032).
[W913 05:01:16.019891645 CUDACachingAllocator.cpp:508] expandable_segments: memory mapping failed with OOM on device 0 while trying to map 20971520 bytes (free: 10158080, total: 25296044032).
[W913 05:01:16.036352807 CUDACachingAllocator.cpp:508] expandable_segments: memory mapping failed with OOM on device 0 while trying to map 20971520 bytes (free: 10158080, total: 25296044032).
[W913 05:01:16.057654805 CUDACachingAllocator.cpp:508] expandable_segments: memory mapping failed with OOM on device 0 while trying to map 20971520 bytes (free: 10158080, total: 25296044032).
[W913 05:01:16.073213973 CUDACachingAllocator.cpp:508] expandable_segments: memory mapping failed with OOM on device 0 while trying to map 20971520 bytes (free: 10158080, total: 25296044032).
[W913 05:01:16.088472333 CUDACachingAllocator.cpp:508] expandable_segments: memory mapping failed with OOM on device 0 while trying to map 20971520 bytes (free: 10158080, total: 25296044032).
[W913 05:01:16.105238910 CUDACachingAllocator.cpp:508] expandable_segments: memory mapping failed with OOM on device 0 while trying to map 20971520 bytes (free: 10158080, total: 25296044032).
[W913 05:01:16.121334100 CUDACachingAllocator.cpp:508] expandable_segments: memory mapping failed with OOM on device 0 while trying to map 20971520 bytes (free: 10158080, total: 25296044032).
[W913 05:01:16.136460098 CUDACachingAllocator.cpp:508] expandable_segments: memory mapping failed with OOM on device 0 while trying to map 20971520 bytes (free: 10158080, total: 25296044032).
[W913 05:01:16.150578830 CUDACachingAllocator.cpp:508] expandable_segments: memory mapping failed with OOM on device 0 while trying to map 20971520 bytes (free: 10158080, total: 25296044032).
[W913 05:01:16.165362840 CUDACachingAllocator.cpp:508] expandable_segments: memory mapping failed with OOM on device 0 while trying to map 20971520 bytes (free: 10158080, total: 25296044032).
[W913 05:01:16.181328927 CUDACachingAllocator.cpp:508] expandable_segments: memory mapping failed with OOM on device 0 while trying to map 20971520 bytes (free: 10158080, total: 25296044032).
[W913 05:01:16.196403388 CUDACachingAllocator.cpp:508] expandable_segments: memory mapping failed with OOM on device 0 while trying to map 20971520 bytes (free: 10158080, total: 25296044032).
[W913 05:01:16.211451049 CUDACachingAllocator.cpp:508] expandable_segments: memory mapping failed with OOM on device 0 while trying to map 20971520 bytes (free: 10158080, total: 25296044032).
[W913 05:01:16.227050175 CUDACachingAllocator.cpp:508] expandable_segments: memory mapping failed with OOM on device 0 while trying to map 20971520 bytes (free: 10158080, total: 25296044032).
[W913 05:01:16.242402728 CUDACachingAllocator.cpp:508] expandable_segments: memory mapping failed with OOM on device 0 while trying to map 20971520 bytes (free: 10158080, total: 25296044032).
[W913 05:01:16.258841145 CUDACachingAllocator.cpp:508] expandable_segments: memory mapping failed with OOM on device 0 while trying to map 20971520 bytes (free: 10158080, total: 25296044032).
[W913 05:01:16.273511860 CUDACachingAllocator.cpp:508] expandable_segments: memory mapping failed with OOM on device 0 while trying to map 20971520 bytes (free: 10158080, total: 25296044032).
[W913 05:01:17.289334512 CUDACachingAllocator.cpp:508] expandable_segments: memory mapping failed with OOM on device 0 while trying to map 20971520 bytes (free: 10158080, total: 25296044032).
[W913 05:01:17.308613451 CUDACachingAllocator.cpp:508] expandable_segments: memory mapping failed with OOM on device 0 while trying to map 20971520 bytes (free: 10158080, total: 25296044032).
[W913 05:01:17.323352007 CUDACachingAllocator.cpp:508] expandable_segments: memory mapping failed with OOM on device 0 while trying to map 20971520 bytes (free: 10158080, total: 25296044032).
[W913 05:01:17.337512378 CUDACachingAllocator.cpp:508] expandable_segments: memory mapping failed with OOM on device 0 while trying to map 20971520 bytes (free: 10158080, total: 25296044032).
[W913 05:01:17.357316861 CUDACachingAllocator.cpp:508] expandable_segments: memory mapping failed with OOM on device 0 while trying to map 20971520 bytes (free: 10158080, total: 25296044032).
[W913 05:01:17.373285247 CUDACachingAllocator.cpp:508] expandable_segments: memory mapping failed with OOM on device 0 while trying to map 20971520 bytes (free: 10158080, total: 25296044032).
[W913 05:01:17.388392405 CUDACachingAllocator.cpp:508] expandable_segments: memory mapping failed with OOM on device 0 while trying to map 20971520 bytes (free: 10158080, total: 25296044032).
[W913 05:01:17.404514667 CUDACachingAllocator.cpp:508] expandable_segments: memory mapping failed with OOM on device 0 while trying to map 20971520 bytes (free: 10158080, total: 25296044032).
[W913 05:01:17.421724881 CUDACachingAllocator.cpp:508] expandable_segments: memory mapping failed with OOM on device 0 while trying to map 20971520 bytes (free: 10158080, total: 25296044032).
[W913 05:01:17.438361836 CUDACachingAllocator.cpp:508] expandable_segments: memory mapping failed with OOM on device 0 while trying to map 20971520 bytes (free: 10158080, total: 25296044032).
[W913 05:01:17.455301201 CUDACachingAllocator.cpp:508] expandable_segments: memory mapping failed with OOM on device 0 while trying to map 20971520 bytes (free: 10158080, total: 25296044032).
[W913 05:01:17.472226882 CUDACachingAllocator.cpp:508] expandable_segments: memory mapping failed with OOM on device 0 while trying to map 20971520 bytes (free: 10158080, total: 25296044032).
[W913 05:01:17.487516761 CUDACachingAllocator.cpp:508] expandable_segments: memory mapping failed with OOM on device 0 while trying to map 20971520 bytes (free: 10158080, total: 25296044032).
[W913 05:01:17.503835992 CUDACachingAllocator.cpp:508] expandable_segments: memory mapping failed with OOM on device 0 while trying to map 20971520 bytes (free: 10158080, total: 25296044032).
[W913 05:01:17.520460434 CUDACachingAllocator.cpp:508] expandable_segments: memory mapping failed with OOM on device 0 while trying to map 20971520 bytes (free: 10158080, total: 25296044032).
[W913 05:01:17.538444191 CUDACachingAllocator.cpp:508] expandable_segments: memory mapping failed with OOM on device 0 while trying to map 20971520 bytes (free: 10158080, total: 25296044032).
[W913 05:01:17.584241186 CUDACachingAllocator.cpp:508] expandable_segments: memory mapping failed with OOM on device 0 while trying to map 20971520 bytes (free: 10158080, total: 25296044032).
[W913 05:01:17.600377435 CUDACachingAllocator.cpp:508] expandable_segments: memory mapping failed with OOM on device 0 while trying to map 20971520 bytes (free: 10158080, total: 25296044032).
[W913 05:01:17.616446226 CUDACachingAllocator.cpp:508] expandable_segments: memory mapping failed with OOM on device 0 while trying to map 20971520 bytes (free: 10158080, total: 25296044032).
[W913 05:01:17.632337746 CUDACachingAllocator.cpp:508] expandable_segments: memory mapping failed with OOM on device 0 while trying to map 20971520 bytes (free: 10158080, total: 25296044032).
[W913 05:01:17.649366751 CUDACachingAllocator.cpp:508] expandable_segments: memory mapping failed with OOM on device 0 while trying to map 20971520 bytes (free: 10158080, total: 25296044032).
[W913 05:01:17.666290456 CUDACachingAllocator.cpp:508] expandable_segments: memory mapping failed with OOM on device 0 while trying to map 20971520 bytes (free: 10158080, total: 25296044032).
[W913 05:01:17.683249052 CUDACachingAllocator.cpp:508] expandable_segments: memory mapping failed with OOM on device 0 while trying to map 20971520 bytes (free: 10158080, total: 25296044032).
[W913 05:01:17.699476709 CUDACachingAllocator.cpp:508] expandable_segments: memory mapping failed with OOM on device 0 while trying to map 20971520 bytes (free: 10158080, total: 25296044032).
[W913 05:01:17.716274894 CUDACachingAllocator.cpp:508] expandable_segments: memory mapping failed with OOM on device 0 while trying to map 20971520 bytes (free: 10158080, total: 25296044032).
[W913 05:01:17.732466568 CUDACachingAllocator.cpp:508] expandable_segments: memory mapping failed with OOM on device 0 while trying to map 20971520 bytes (free: 10158080, total: 25296044032).
[W913 05:01:17.749368410 CUDACachingAllocator.cpp:508] expandable_segments: memory mapping failed with OOM on device 0 while trying to map 20971520 bytes (free: 10158080, total: 25296044032).
[W913 05:01:17.766484834 CUDACachingAllocator.cpp:508] expandable_segments: memory mapping failed with OOM on device 0 while trying to map 20971520 bytes (free: 10158080, total: 25296044032).
[W913 05:01:17.781687152 CUDACachingAllocator.cpp:508] expandable_segments: memory mapping failed with OOM on device 0 while trying to map 20971520 bytes (free: 10158080, total: 25296044032).
[W913 05:01:17.797267031 CUDACachingAllocator.cpp:508] expandable_segments: memory mapping failed with OOM on device 0 while trying to map 20971520 bytes (free: 10158080, total: 25296044032).
[W913 05:01:17.812576037 CUDACachingAllocator.cpp:508] expandable_segments: memory mapping failed with OOM on device 0 while trying to map 20971520 bytes (free: 10158080, total: 25296044032).
[W913 05:01:17.828385981 CUDACachingAllocator.cpp:508] expandable_segments: memory mapping failed with OOM on device 0 while trying to map 20971520 bytes (free: 10158080, total: 25296044032).
[W913 05:01:17.844440411 CUDACachingAllocator.cpp:508] expandable_segments: memory mapping failed with OOM on device 0 while trying to map 20971520 bytes (free: 10158080, total: 25296044032).
[W913 05:01:17.878257179 CUDACachingAllocator.cpp:508] expandable_segments: memory mapping failed with OOM on device 0 while trying to map 20971520 bytes (free: 10158080, total: 25296044032).
[W913 05:01:17.998308762 CUDACachingAllocator.cpp:508] expandable_segments: memory mapping failed with OOM on device 0 while trying to map 20971520 bytes (free: 10158080, total: 25296044032).
Loading weights:   0%|          | 0/398 [00:00<?, ?it/s]Loading weights: 100%|██████████| 398/398 [00:00<00:00, 13086.03it/s]
[transformers] Model config: bos_token_id must be `None` or an integer within the vocabulary (between 0 and 31999), got 49406. This may result in unexpected behavior.
[transformers] Model config: eos_token_id must be `None` or an integer within the vocabulary (between 0 and 31999), got 49407. This may result in unexpected behavior.
Loading weights:   0%|          | 0/408 [00:00<?, ?it/s]Loading weights:  71%|███████▏  | 291/408 [00:00<00:00, 2908.96it/s]Loading weights: 100%|██████████| 408/408 [00:00<00:00, 2794.85it/s]
[W913 05:01:32.286440159 CUDACachingAllocator.cpp:508] expandable_segments: memory mapping failed with OOM on device 0 while trying to map 20971520 bytes (free: 12255232, total: 25296044032).
[W913 05:01:32.291433292 CUDACachingAllocator.cpp:508] expandable_segments: memory mapping failed with OOM on device 0 while trying to map 20971520 bytes (free: 20643840, total: 25296044032).
Traceback (most recent call last):
  File "/nfs/home/nelson0314/WACV-s4/scripts/evaluate_defence.py", line 253, in <module>
    main()
  File "/nfs/home/nelson0314/WACV-s4/scripts/evaluate_defence.py", line 189, in main
    edits = dict(zip(seeds, edit_many([x_def] * len(seeds),
                            ^^^^^^^^^^^^^^^^^^^^^^^^^^^^^^^
  File "/nfs/home/nelson0314/WACV-s4/scripts/evaluate_defence.py", line 143, in edit_many
    b = ip2p.edit_batch(chunk_i, [instruction] * len(chunk_i), chunk_s,
        ^^^^^^^^^^^^^^^^^^^^^^^^^^^^^^^^^^^^^^^^^^^^^^^^^^^^^^^^^^^^^^^
  File "/nfs/home/nelson0314/venvs/wacv/lib/python3.11/site-packages/torch/utils/_contextlib.py", line 124, in decorate_context
    return func(*args, **kwargs)
           ^^^^^^^^^^^^^^^^^^^^^
  File "/nfs/home/nelson0314/WACV-s4/src/models/ip2p.py", line 280, in edit_batch
    out = self.pipe(
          ^^^^^^^^^^
  File "/nfs/home/nelson0314/venvs/wacv/lib/python3.11/site-packages/torch/utils/_contextlib.py", line 124, in decorate_context
    return func(*args, **kwargs)
           ^^^^^^^^^^^^^^^^^^^^^
  File "/nfs/home/nelson0314/venvs/wacv/lib/python3.11/site-packages/diffusers/pipelines/stable_diffusion/pipeline_stable_diffusion_instruct_pix2pix.py", line 374, in __call__
    image_latents = self.prepare_image_latents(
                    ^^^^^^^^^^^^^^^^^^^^^^^^^^^
  File "/nfs/home/nelson0314/venvs/wacv/lib/python3.11/site-packages/diffusers/pipelines/stable_diffusion/pipeline_stable_diffusion_instruct_pix2pix.py", line 877, in prepare_image_latents
    image_latents = retrieve_latents(self.vae.encode(image), sample_mode="argmax")
                                     ^^^^^^^^^^^^^^^^^^^^^^
  File "/nfs/home/nelson0314/venvs/wacv/lib/python3.11/site-packages/diffusers/utils/accelerate_utils.py", line 46, in wrapper
    return method(self, *args, **kwargs)
           ^^^^^^^^^^^^^^^^^^^^^^^^^^^^^
  File "/nfs/home/nelson0314/venvs/wacv/lib/python3.11/site-packages/diffusers/models/autoencoders/autoencoder_kl.py", line 190, in encode
    h = self._encode(x)
        ^^^^^^^^^^^^^^^
  File "/nfs/home/nelson0314/venvs/wacv/lib/python3.11/site-packages/diffusers/models/autoencoders/autoencoder_kl.py", line 164, in _encode
    enc = self.encoder(x)
          ^^^^^^^^^^^^^^^
  File "/nfs/home/nelson0314/venvs/wacv/lib/python3.11/site-packages/torch/nn/modules/module.py", line 1778, in _wrapped_call_impl
    return self._call_impl(*args, **kwargs)
           ^^^^^^^^^^^^^^^^^^^^^^^^^^^^^^^^
  File "/nfs/home/nelson0314/venvs/wacv/lib/python3.11/site-packages/torch/nn/modules/module.py", line 1789, in _call_impl
    return forward_call(*args, **kwargs)
           ^^^^^^^^^^^^^^^^^^^^^^^^^^^^^
  File "/nfs/home/nelson0314/venvs/wacv/lib/python3.11/site-packages/diffusers/models/autoencoders/vae.py", line 155, in forward
    sample = self.conv_in(sample)
             ^^^^^^^^^^^^^^^^^^^^
  File "/nfs/home/nelson0314/venvs/wacv/lib/python3.11/site-packages/torch/nn/modules/module.py", line 1778, in _wrapped_call_impl
    return self._call_impl(*args, **kwargs)
           ^^^^^^^^^^^^^^^^^^^^^^^^^^^^^^^^
  File "/nfs/home/nelson0314/venvs/wacv/lib/python3.11/site-packages/torch/nn/modules/module.py", line 1789, in _call_impl
    return forward_call(*args, **kwargs)
           ^^^^^^^^^^^^^^^^^^^^^^^^^^^^^
  File "/nfs/home/nelson0314/venvs/wacv/lib/python3.11/site-packages/torch/nn/modules/conv.py", line 565, in forward
    return self._conv_forward(input, self.weight, self.bias)
           ^^^^^^^^^^^^^^^^^^^^^^^^^^^^^^^^^^^^^^^^^^^^^^^^^
  File "/nfs/home/nelson0314/venvs/wacv/lib/python3.11/site-packages/torch/nn/modules/conv.py", line 560, in _conv_forward
    return F.conv2d(
           ^^^^^^^^^
torch.OutOfMemoryError: CUDA out of memory. Tried to allocate 192.00 MiB. GPU 0 has a total capacity of 23.56 GiB of which 179.69 MiB is free. Process 2574722 has 19.33 GiB memory in use. Including non-PyTorch memory, this process has 4.04 GiB memory in use. Of the allocated memory 3.67 GiB is allocated by PyTorch, and 26.73 MiB is reserved by PyTorch but unallocated. If reserved but unallocated memory is large try setting PYTORCH_CUDA_ALLOC_CONF=expandable_segments:True to avoid fragmentation.  See documentation for Memory Management  (https://docs.pytorch.org/docs/stable/notes/cuda.html#optimizing-memory-usage-with-pytorch-cuda-alloc-conf)
