Loading pipeline components...:   0%|          | 0/6 [00:00<?, ?it/s]Loading pipeline components...:  17%|█▋        | 1/6 [00:00<00:01,  4.42it/s]Loading pipeline components...:  50%|█████     | 3/6 [00:00<00:00, 10.44it/s]
Loading weights:   0%|          | 0/196 [00:00<?, ?it/s][ALoading weights: 100%|██████████| 196/196 [00:00<00:00, 4096.49it/s]
Loading pipeline components...:  83%|████████▎ | 5/6 [00:00<00:00, 11.37it/s]Loading pipeline components...: 100%|██████████| 6/6 [00:00<00:00, 12.29it/s]
There are modules in AutoencoderKL that should be kept in float32: []. Casting directly with `to()` can lead to inconsistent results; set `torch_dtype` in `from_pretrained()` instead to keep these modules in float32.
/nfs/home/nelson0314/venvs/wacv/lib/python3.11/site-packages/torchvision/models/_utils.py:207: UserWarning: The parameter 'pretrained' is deprecated since 0.13 and may be removed in the future, please use 'weights' instead.
  warnings.warn(
/nfs/home/nelson0314/venvs/wacv/lib/python3.11/site-packages/torchvision/models/_utils.py:222: UserWarning: Arguments other than a weight enum or `None` for 'weights' are deprecated since 0.13 and may be removed in the future. The current behavior is equivalent to passing `weights=VGG16_Weights.IMAGENET1K_V1`. You can also use `weights=VGG16_Weights.DEFAULT` to get the most up-to-date weights.
  warnings.warn(msg)
IP2P 線：13 張、條件 ['phase_gain']、steps=100 s_T=7.5 s_I=1.5 seed=20260812
/nfs/home/nelson0314/venvs/wacv/lib/python3.11/site-packages/diffusers/image_processor.py:724: FutureWarning: Passing `image` as torch tensor with value range in [-1,1] is deprecated. The expected value range for image tensor is [0,1] when passing as pytorch tensor or numpy Array. You passed `image` with value range [-1.0,1.0]
  warnings.warn(
Warning: You are sending unauthenticated requests to the HF Hub. Please set a HF_TOKEN to enable higher rate limits and faster downloads.
Loading weights:   0%|          | 0/398 [00:00<?, ?it/s]Loading weights: 100%|██████████| 398/398 [00:00<00:00, 10098.93it/s]
[transformers] Model config: bos_token_id must be `None` or an integer within the vocabulary (between 0 and 31999), got 49406. This may result in unexpected behavior.
[transformers] Model config: eos_token_id must be `None` or an integer within the vocabulary (between 0 and 31999), got 49407. This may result in unexpected behavior.
Loading weights:   0%|          | 0/408 [00:00<?, ?it/s]Loading weights:  76%|███████▋  | 312/408 [00:00<00:00, 3109.38it/s]Loading weights: 100%|██████████| 408/408 [00:00<00:00, 3081.87it/s]
task_attr_mod_color_11699        phase_gain     r=2.5000 dists=0.1140 lpips=0.3310 effect=0.3554 (180s)
task_attr_mod_color_136767       phase_gain     r=2.5000 dists=0.1664 lpips=0.3893 effect=0.4176 (170s)
task_attr_mod_color_184837       phase_gain     r=2.5000 dists=0.2200 lpips=0.3975 effect=0.5457 (170s)
task_attr_mod_color_32648        phase_gain     r=2.5000 dists=0.1013 lpips=0.4661 effect=0.3786 (170s)
task_attr_mod_color_6205         phase_gain     r=2.5000 dists=0.1439 lpips=0.3015 effect=0.4756 (170s)
task_env_weather_112463          phase_gain     r=2.5000 dists=0.0922 lpips=0.4587 effect=0.4282 (170s)
task_env_weather_246440          phase_gain     r=2.5000 dists=0.1437 lpips=0.4606 effect=0.5326 (170s)
task_env_weather_63722           phase_gain     r=2.5000 dists=0.1167 lpips=0.3961 effect=0.4609 (170s)
task_obj_add_40931               phase_gain     r=2.5000 dists=0.1417 lpips=0.4937 effect=0.5144 (170s)
task_obj_remove_380621           phase_gain     r=2.5000 dists=0.1210 lpips=0.4199 effect=0.8090 (170s)
task_obj_swap_joint_mask_276754  phase_gain     r=2.5000 dists=0.1789 lpips=0.4917 effect=0.2270 (318s)
task_obj_swap_joint_mask_533428  phase_gain     r=2.5000 dists=0.1685 lpips=0.4939 effect=0.5255 (358s)
task_obj_swap_rand_mask_417469   phase_gain     r=2.5000 dists=0.1349 lpips=0.4468 effect=0.6492 (373s)

表：runs/ip2p_band_calibration/phase_r25/results.csv（13 列）
