Warning: You are sending unauthenticated requests to the HF Hub. Please set a HF_TOKEN to enable higher rate limits and faster downloads.
Loading pipeline components...:   0%|          | 0/6 [00:00<?, ?it/s]
Loading weights:   0%|          | 0/196 [00:00<?, ?it/s][ALoading weights: 100%|██████████| 196/196 [00:00<00:00, 3511.14it/s]
Loading pipeline components...:  17%|█▋        | 1/6 [00:00<00:00,  5.88it/s]Loading pipeline components...:  83%|████████▎ | 5/6 [00:00<00:00, 20.82it/s]Loading pipeline components...: 100%|██████████| 6/6 [00:00<00:00, 16.38it/s]
There are modules in AutoencoderKL that should be kept in float32: []. Casting directly with `to()` can lead to inconsistent results; set `torch_dtype` in `from_pretrained()` instead to keep these modules in float32.
/nfs/home/nelson0314/venvs/wacv/lib/python3.11/site-packages/torchvision/models/_utils.py:207: UserWarning: The parameter 'pretrained' is deprecated since 0.13 and may be removed in the future, please use 'weights' instead.
  warnings.warn(
/nfs/home/nelson0314/venvs/wacv/lib/python3.11/site-packages/torchvision/models/_utils.py:222: UserWarning: Arguments other than a weight enum or `None` for 'weights' are deprecated since 0.13 and may be removed in the future. The current behavior is equivalent to passing `weights=VGG16_Weights.IMAGENET1K_V1`. You can also use `weights=VGG16_Weights.DEFAULT` to get the most up-to-date weights.
  warnings.warn(msg)
/nfs/home/nelson0314/venvs/wacv/lib/python3.11/site-packages/diffusers/image_processor.py:724: FutureWarning: Passing `image` as torch tensor with value range in [-1,1] is deprecated. The expected value range for image tensor is [0,1] when passing as pytorch tensor or numpy Array. You passed `image` with value range [-1.0,1.0]
  warnings.warn(
=== task_obj_remove_380621 / dct_shield_y ===
Loading weights:   0%|          | 0/398 [00:00<?, ?it/s]Loading weights: 100%|██████████| 398/398 [00:00<00:00, 12019.10it/s]
[transformers] Model config: bos_token_id must be `None` or an integer within the vocabulary (between 0 and 31999), got 49406. This may result in unexpected behavior.
[transformers] Model config: eos_token_id must be `None` or an integer within the vocabulary (between 0 and 31999), got 49407. This may result in unexpected behavior.
Loading weights:   0%|          | 0/408 [00:00<?, ?it/s]Loading weights:  91%|█████████ | 372/408 [00:00<00:00, 3717.77it/s]Loading weights: 100%|██████████| 408/408 [00:00<00:00, 3703.38it/s]
/nfs/home/nelson0314/venvs/wacv/lib/python3.11/site-packages/diffusers/image_processor.py:724: FutureWarning: Passing `image` as torch tensor with value range in [-1,1] is deprecated. The expected value range for image tensor is [0,1] when passing as pytorch tensor or numpy Array. You passed `image` with value range [-0.9945790767669678,0.9474577903747559]
  warnings.warn(
    identity=0.7382, blur1=0.3518, jpeg75=0.3004, crop_resize0.1=0.6291, jpeg_then_resize75=0.3043, adverse_cleaner=0.5023
=== task_obj_swap_joint_mask_276754 / dct_shield_y ===
/nfs/home/nelson0314/venvs/wacv/lib/python3.11/site-packages/diffusers/image_processor.py:724: FutureWarning: Passing `image` as torch tensor with value range in [-1,1] is deprecated. The expected value range for image tensor is [0,1] when passing as pytorch tensor or numpy Array. You passed `image` with value range [-0.999858021736145,0.9860832691192627]
  warnings.warn(
    分母塌陷：effect(identity) mean=0.5680 sd=0.2059，本格的 retention 不可用
    identity=0.5680, blur1=0.1622, jpeg75=0.4145, crop_resize0.1=0.4367, jpeg_then_resize75=0.1571, adverse_cleaner=0.4140
=== task_obj_swap_joint_mask_533428 / dct_shield_y ===
/nfs/home/nelson0314/venvs/wacv/lib/python3.11/site-packages/diffusers/image_processor.py:724: FutureWarning: Passing `image` as torch tensor with value range in [-1,1] is deprecated. The expected value range for image tensor is [0,1] when passing as pytorch tensor or numpy Array. You passed `image` with value range [-0.9920254945755005,0.9925875663757324]
  warnings.warn(
    identity=0.5282, blur1=0.3276, jpeg75=0.3999, crop_resize0.1=0.6149, jpeg_then_resize75=0.2863, adverse_cleaner=0.5531
=== task_obj_swap_rand_mask_417469 / dct_shield_y ===
/nfs/home/nelson0314/venvs/wacv/lib/python3.11/site-packages/diffusers/image_processor.py:724: FutureWarning: Passing `image` as torch tensor with value range in [-1,1] is deprecated. The expected value range for image tensor is [0,1] when passing as pytorch tensor or numpy Array. You passed `image` with value range [-0.998970627784729,0.866681694984436]
  warnings.warn(
    identity=0.7781, blur1=0.1838, jpeg75=0.2516, crop_resize0.1=0.6355, jpeg_then_resize75=0.1832, adverse_cleaner=0.5153

表：runs/ip2p_retention_y_only/y_e20_b.csv（24 列）
