Warning: You are sending unauthenticated requests to the HF Hub. Please set a HF_TOKEN to enable higher rate limits and faster downloads.
Loading pipeline components...:   0%|          | 0/6 [00:00<?, ?it/s]Loading pipeline components...:  17%|█▋        | 1/6 [00:00<00:00,  7.18it/s]
Loading weights:   0%|          | 0/196 [00:00<?, ?it/s][ALoading weights: 100%|██████████| 196/196 [00:00<00:00, 2981.78it/s]
Loading pipeline components...:  67%|██████▋   | 4/6 [00:00<00:00, 11.39it/s]Loading pipeline components...: 100%|██████████| 6/6 [00:00<00:00, 13.41it/s]
There are modules in AutoencoderKL that should be kept in float32: []. Casting directly with `to()` can lead to inconsistent results; set `torch_dtype` in `from_pretrained()` instead to keep these modules in float32.
/nfs/home/nelson0314/venvs/wacv/lib/python3.11/site-packages/torchvision/models/_utils.py:207: UserWarning: The parameter 'pretrained' is deprecated since 0.13 and may be removed in the future, please use 'weights' instead.
  warnings.warn(
/nfs/home/nelson0314/venvs/wacv/lib/python3.11/site-packages/torchvision/models/_utils.py:222: UserWarning: Arguments other than a weight enum or `None` for 'weights' are deprecated since 0.13 and may be removed in the future. The current behavior is equivalent to passing `weights=VGG16_Weights.IMAGENET1K_V1`. You can also use `weights=VGG16_Weights.DEFAULT` to get the most up-to-date weights.
  warnings.warn(msg)
IP2P 線：10 張、條件 ['dct_rotate_rand']、steps=100 s_T=7.5 s_I=1.5 seed=20260812
/nfs/home/nelson0314/venvs/wacv/lib/python3.11/site-packages/diffusers/image_processor.py:724: FutureWarning: Passing `image` as torch tensor with value range in [-1,1] is deprecated. The expected value range for image tensor is [0,1] when passing as pytorch tensor or numpy Array. You passed `image` with value range [-1.0,1.0]
  warnings.warn(
Loading weights:   0%|          | 0/398 [00:00<?, ?it/s]Loading weights: 100%|██████████| 398/398 [00:00<00:00, 15390.10it/s]
[transformers] Model config: bos_token_id must be `None` or an integer within the vocabulary (between 0 and 31999), got 49406. This may result in unexpected behavior.
[transformers] Model config: eos_token_id must be `None` or an integer within the vocabulary (between 0 and 31999), got 49407. This may result in unexpected behavior.
Loading weights:   0%|          | 0/408 [00:00<?, ?it/s]Loading weights:  77%|███████▋  | 315/408 [00:00<00:00, 3145.53it/s]Loading weights: 100%|██████████| 408/408 [00:00<00:00, 3294.84it/s]
task_attr_mod_color_11699        dct_rotate_rand r=1.1000 dists=0.0746 lpips=0.1652 effect=0.1688 (32s)
task_attr_mod_color_136767       dct_rotate_rand r=1.1000 dists=0.0809 lpips=0.1378 effect=0.1590 (22s)
task_attr_mod_color_184837       dct_rotate_rand r=1.1000 dists=0.1155 lpips=0.2100 effect=0.2260 (22s)
task_attr_mod_color_32648        dct_rotate_rand r=1.1000 dists=0.0634 lpips=0.1371 effect=0.1469 (22s)
task_attr_mod_color_6205         dct_rotate_rand r=1.1000 dists=0.0799 lpips=0.1412 effect=0.1350 (22s)
task_env_weather_112463          dct_rotate_rand r=1.1000 dists=0.0664 lpips=0.1853 effect=0.2754 (22s)
task_obj_remove_380621           dct_rotate_rand r=1.1000 dists=0.0812 lpips=0.1826 effect=0.2278 (22s)
task_obj_swap_joint_mask_276754  dct_rotate_rand r=1.1000 dists=0.1294 lpips=0.2550 effect=0.1134 (22s)
task_obj_swap_joint_mask_533428  dct_rotate_rand r=1.1000 dists=0.0983 lpips=0.2124 effect=0.2174 (22s)
task_obj_swap_rand_mask_417469   dct_rotate_rand r=1.1000 dists=0.0753 lpips=0.1853 effect=0.1976 (22s)

表：runs/ip2p_dct_rotate/dct_rot_rand11/results.csv（10 列）
