C:\Users\nelso\miniconda3\envs\wacv\Lib\site-packages\torchvision\models\_utils.py:207: UserWarning: The parameter 'pretrained' is deprecated since 0.13 and may be removed in the future, please use 'weights' instead.
  warnings.warn(
C:\Users\nelso\miniconda3\envs\wacv\Lib\site-packages\torchvision\models\_utils.py:222: UserWarning: Arguments other than a weight enum or `None` for 'weights' are deprecated since 0.13 and may be removed in the future. The current behavior is equivalent to passing `weights=VGG16_Weights.IMAGENET1K_V1`. You can also use `weights=VGG16_Weights.DEFAULT` to get the most up-to-date weights.
  warnings.warn(msg)
  task_attr_mod_color_11699 完成
  task_attr_mod_color_136767 完成
  task_attr_mod_color_184837 完成
  task_attr_mod_color_32648 完成
  task_attr_mod_color_6205 完成
  task_env_weather_112463 完成
  task_obj_remove_380621 完成
  task_obj_swap_joint_mask_276754 完成
  task_obj_swap_joint_mask_533428 完成
  task_obj_swap_rand_mask_417469 完成

10 張 → runs\dct_nonadd\ceiling.csv
失真帶 DISTS 0.1286–0.1447

        plane / texture   0.10:0.0000  0.20:0.0001  0.40:0.0003  0.70:0.0008  1.10:0.0018  1.60:0.0038  2.20:0.0069  3.14:0.0124
        plane / band      0.10:0.0001  0.20:0.0003  0.40:0.0013  0.70:0.0051  1.10:0.0143  1.60:0.0286  2.20:0.0433  3.14:0.0525
 shared_plane / texture   0.10:0.0000  0.20:0.0001  0.40:0.0003  0.70:0.0007  1.10:0.0016  1.60:0.0034  2.20:0.0064  3.14:0.0117
 shared_plane / band      0.10:0.0001  0.20:0.0003  0.40:0.0014  0.70:0.0046  1.10:0.0116  1.60:0.0234  2.20:0.0372  3.14:0.0475
         gain / texture   0.10:0.0015  0.20:0.0053  0.40:0.0182  0.70:0.0475  1.10:0.0900  1.60:0.1380  2.20:0.1891  3.14:0.2578
         gain / band      0.10:0.0069  0.20:0.0271  0.40:0.0813  0.70:0.1487  1.10:0.2160  1.60:0.2817  2.20:0.3379  3.14:0.4033

夾取比例（帶內判讀用，N2 的門檻是 0.10）
        plane  0.10:0.0060  0.20:0.0060  0.40:0.0063  0.70:0.0068  1.10:0.0075  1.60:0.0084  2.20:0.0094  3.14:0.0105
 shared_plane  0.10:0.0059  0.20:0.0059  0.40:0.0062  0.70:0.0066  1.10:0.0074  1.60:0.0083  2.20:0.0092  3.14:0.0104
         gain  0.10:0.0068  0.20:0.0085  0.40:0.0130  0.70:0.0225  1.10:0.0392  1.60:0.0658  2.20:0.1058  3.14:0.1865
