Warning: You are sending unauthenticated requests to the HF Hub. Please set a HF_TOKEN to enable higher rate limits and faster downloads.
Loading pipeline components...:   0%|          | 0/6 [00:00<?, ?it/s]Loading pipeline components...:  17%|█▋        | 1/6 [00:00<00:00,  8.52it/s]Loading pipeline components...:  50%|█████     | 3/6 [00:00<00:00, 14.44it/s]
Loading weights:   0%|          | 0/196 [00:00<?, ?it/s][ALoading weights: 100%|██████████| 196/196 [00:00<00:00, 3734.71it/s]
Loading pipeline components...: 100%|██████████| 6/6 [00:00<00:00, 15.73it/s]Loading pipeline components...: 100%|██████████| 6/6 [00:00<00:00, 14.91it/s]
There are modules in AutoencoderKL that should be kept in float32: []. Casting directly with `to()` can lead to inconsistent results; set `torch_dtype` in `from_pretrained()` instead to keep these modules in float32.
/nfs/home/nelson0314/venvs/wacv/lib/python3.11/site-packages/torchvision/models/_utils.py:207: UserWarning: The parameter 'pretrained' is deprecated since 0.13 and may be removed in the future, please use 'weights' instead.
  warnings.warn(
/nfs/home/nelson0314/venvs/wacv/lib/python3.11/site-packages/torchvision/models/_utils.py:222: UserWarning: Arguments other than a weight enum or `None` for 'weights' are deprecated since 0.13 and may be removed in the future. The current behavior is equivalent to passing `weights=VGG16_Weights.IMAGENET1K_V1`. You can also use `weights=VGG16_Weights.DEFAULT` to get the most up-to-date weights.
  warnings.warn(msg)
IP2P 線：10 張、條件 ['dct_nonadd_rand']、steps=100 s_T=7.5 s_I=1.5 seed=20260812
/nfs/home/nelson0314/venvs/wacv/lib/python3.11/site-packages/diffusers/image_processor.py:724: FutureWarning: Passing `image` as torch tensor with value range in [-1,1] is deprecated. The expected value range for image tensor is [0,1] when passing as pytorch tensor or numpy Array. You passed `image` with value range [-1.0,1.0]
  warnings.warn(
Loading weights:   0%|          | 0/398 [00:00<?, ?it/s]Loading weights: 100%|██████████| 398/398 [00:00<00:00, 10622.14it/s]
[transformers] Model config: bos_token_id must be `None` or an integer within the vocabulary (between 0 and 31999), got 49406. This may result in unexpected behavior.
[transformers] Model config: eos_token_id must be `None` or an integer within the vocabulary (between 0 and 31999), got 49407. This may result in unexpected behavior.
Loading weights:   0%|          | 0/408 [00:00<?, ?it/s]Loading weights:  89%|████████▉ | 364/408 [00:00<00:00, 3634.65it/s]Loading weights: 100%|██████████| 408/408 [00:00<00:00, 3527.92it/s]
task_attr_mod_color_11699        dct_nonadd_rand r=2.5000 dists=0.0028 lpips=0.0198 effect=0.0309 (32s)
task_attr_mod_color_136767       dct_nonadd_rand r=2.5000 dists=0.0033 lpips=0.0240 effect=0.0340 (22s)
task_attr_mod_color_184837       dct_nonadd_rand r=2.5000 dists=0.0062 lpips=0.0388 effect=0.0541 (23s)
task_attr_mod_color_32648        dct_nonadd_rand r=2.5000 dists=0.0021 lpips=0.0101 effect=0.0168 (23s)
task_attr_mod_color_6205         dct_nonadd_rand r=2.5000 dists=0.0027 lpips=0.0187 effect=0.0238 (23s)
task_env_weather_112463          dct_nonadd_rand r=2.5000 dists=0.0019 lpips=0.0795 effect=0.0943 (23s)
task_obj_remove_380621           dct_nonadd_rand r=2.5000 dists=0.0049 lpips=0.0341 effect=0.0644 (23s)
task_obj_swap_joint_mask_276754  dct_nonadd_rand r=2.5000 dists=0.0137 lpips=0.0389 effect=0.0099 (23s)
task_obj_swap_joint_mask_533428  dct_nonadd_rand r=2.5000 dists=0.0041 lpips=0.0358 effect=0.0881 (23s)
task_obj_swap_rand_mask_417469   dct_nonadd_rand r=2.5000 dists=0.0019 lpips=0.0253 effect=0.0411 (23s)

表：runs/ip2p_dct_nonadd/nd_rand_25/results.csv（10 列）
