Warning: You are sending unauthenticated requests to the HF Hub. Please set a HF_TOKEN to enable higher rate limits and faster downloads.
Loading pipeline components...:   0%|          | 0/6 [00:00<?, ?it/s]
Loading weights:   0%|          | 0/196 [00:00<?, ?it/s][ALoading weights: 100%|██████████| 196/196 [00:00<00:00, 4022.57it/s]
Loading pipeline components...:  17%|█▋        | 1/6 [00:00<00:00,  6.00it/s]Loading pipeline components...:  67%|██████▋   | 4/6 [00:00<00:00, 15.22it/s]Loading pipeline components...: 100%|██████████| 6/6 [00:00<00:00, 14.34it/s]Loading pipeline components...: 100%|██████████| 6/6 [00:00<00:00, 13.54it/s]
There are modules in AutoencoderKL that should be kept in float32: []. Casting directly with `to()` can lead to inconsistent results; set `torch_dtype` in `from_pretrained()` instead to keep these modules in float32.
/nfs/home/nelson0314/venvs/wacv/lib/python3.11/site-packages/torchvision/models/_utils.py:207: UserWarning: The parameter 'pretrained' is deprecated since 0.13 and may be removed in the future, please use 'weights' instead.
  warnings.warn(
/nfs/home/nelson0314/venvs/wacv/lib/python3.11/site-packages/torchvision/models/_utils.py:222: UserWarning: Arguments other than a weight enum or `None` for 'weights' are deprecated since 0.13 and may be removed in the future. The current behavior is equivalent to passing `weights=VGG16_Weights.IMAGENET1K_V1`. You can also use `weights=VGG16_Weights.DEFAULT` to get the most up-to-date weights.
  warnings.warn(msg)
/nfs/home/nelson0314/venvs/wacv/lib/python3.11/site-packages/diffusers/image_processor.py:724: FutureWarning: Passing `image` as torch tensor with value range in [-1,1] is deprecated. The expected value range for image tensor is [0,1] when passing as pytorch tensor or numpy Array. You passed `image` with value range [-1.0,1.0]
  warnings.warn(
=== task_attr_mod_color_11699 / floor ===
Loading weights:   0%|          | 0/398 [00:00<?, ?it/s]Loading weights: 100%|██████████| 398/398 [00:00<00:00, 9518.27it/s]
[transformers] Model config: bos_token_id must be `None` or an integer within the vocabulary (between 0 and 31999), got 49406. This may result in unexpected behavior.
[transformers] Model config: eos_token_id must be `None` or an integer within the vocabulary (between 0 and 31999), got 49407. This may result in unexpected behavior.
Loading weights:   0%|          | 0/408 [00:00<?, ?it/s]Loading weights:  59%|█████▉    | 241/408 [00:00<00:00, 2408.56it/s]Loading weights: 100%|██████████| 408/408 [00:00<00:00, 2310.27it/s]
/nfs/home/nelson0314/venvs/wacv/lib/python3.11/site-packages/diffusers/image_processor.py:724: FutureWarning: Passing `image` as torch tensor with value range in [-1,1] is deprecated. The expected value range for image tensor is [0,1] when passing as pytorch tensor or numpy Array. You passed `image` with value range [-0.9981144070625305,0.916903018951416]
  warnings.warn(
/nfs/home/nelson0314/venvs/wacv/lib/python3.11/site-packages/diffusers/image_processor.py:724: FutureWarning: Passing `image` as torch tensor with value range in [-1,1] is deprecated. The expected value range for image tensor is [0,1] when passing as pytorch tensor or numpy Array. You passed `image` with value range [-0.987369954586029,0.8902281522750854]
  warnings.warn(
    identity=0.0000, blur1=0.1605, jpeg90=0.0678, jpeg75=0.1344, jpeg50=0.1909, jpeg30=0.2527, blur2=0.2945, crop_resize0.1=0.5263, crop_resize0.15=0.6081
=== task_attr_mod_color_136767 / floor ===
/nfs/home/nelson0314/venvs/wacv/lib/python3.11/site-packages/diffusers/image_processor.py:724: FutureWarning: Passing `image` as torch tensor with value range in [-1,1] is deprecated. The expected value range for image tensor is [0,1] when passing as pytorch tensor or numpy Array. You passed `image` with value range [-0.9999918937683105,0.9999997615814209]
  warnings.warn(
/nfs/home/nelson0314/venvs/wacv/lib/python3.11/site-packages/diffusers/image_processor.py:724: FutureWarning: Passing `image` as torch tensor with value range in [-1,1] is deprecated. The expected value range for image tensor is [0,1] when passing as pytorch tensor or numpy Array. You passed `image` with value range [-0.9988520741462708,0.9999325275421143]
  warnings.warn(
    identity=0.0000, blur1=0.1364, jpeg90=0.0401, jpeg75=0.0809, jpeg50=0.1398, jpeg30=0.1869, blur2=0.2823, crop_resize0.1=0.4936, crop_resize0.15=0.5452
=== task_attr_mod_color_184837 / floor ===
/nfs/home/nelson0314/venvs/wacv/lib/python3.11/site-packages/diffusers/image_processor.py:724: FutureWarning: Passing `image` as torch tensor with value range in [-1,1] is deprecated. The expected value range for image tensor is [0,1] when passing as pytorch tensor or numpy Array. You passed `image` with value range [-0.9863820672035217,0.9607448577880859]
  warnings.warn(
/nfs/home/nelson0314/venvs/wacv/lib/python3.11/site-packages/diffusers/image_processor.py:724: FutureWarning: Passing `image` as torch tensor with value range in [-1,1] is deprecated. The expected value range for image tensor is [0,1] when passing as pytorch tensor or numpy Array. You passed `image` with value range [-0.9747255444526672,0.9285063743591309]
  warnings.warn(
    identity=0.0000, blur1=0.1553, jpeg90=0.0317, jpeg75=0.1011, jpeg50=0.1459, jpeg30=0.2045, blur2=0.3285, crop_resize0.1=0.6429, crop_resize0.15=0.7184
=== task_attr_mod_color_32648 / floor ===
/nfs/home/nelson0314/venvs/wacv/lib/python3.11/site-packages/diffusers/image_processor.py:724: FutureWarning: Passing `image` as torch tensor with value range in [-1,1] is deprecated. The expected value range for image tensor is [0,1] when passing as pytorch tensor or numpy Array. You passed `image` with value range [-0.9985557198524475,0.9954378604888916]
  warnings.warn(
/nfs/home/nelson0314/venvs/wacv/lib/python3.11/site-packages/diffusers/image_processor.py:724: FutureWarning: Passing `image` as torch tensor with value range in [-1,1] is deprecated. The expected value range for image tensor is [0,1] when passing as pytorch tensor or numpy Array. You passed `image` with value range [-0.9902693629264832,0.9538812637329102]
  warnings.warn(
    identity=0.0000, blur1=0.1129, jpeg90=0.0499, jpeg75=0.0999, jpeg50=0.1868, jpeg30=0.2450, blur2=0.2246, crop_resize0.1=0.3426, crop_resize0.15=0.4102
=== task_attr_mod_color_6205 / floor ===
/nfs/home/nelson0314/venvs/wacv/lib/python3.11/site-packages/diffusers/image_processor.py:724: FutureWarning: Passing `image` as torch tensor with value range in [-1,1] is deprecated. The expected value range for image tensor is [0,1] when passing as pytorch tensor or numpy Array. You passed `image` with value range [-0.9989941716194153,0.9941623210906982]
  warnings.warn(
/nfs/home/nelson0314/venvs/wacv/lib/python3.11/site-packages/diffusers/image_processor.py:724: FutureWarning: Passing `image` as torch tensor with value range in [-1,1] is deprecated. The expected value range for image tensor is [0,1] when passing as pytorch tensor or numpy Array. You passed `image` with value range [-0.9929900169372559,0.9838303327560425]
  warnings.warn(
    identity=0.0000, blur1=0.1818, jpeg90=0.0368, jpeg75=0.0783, jpeg50=0.1278, jpeg30=0.1749, blur2=0.3150, crop_resize0.1=0.5749, crop_resize0.15=0.6648

表：runs/ip2p_mainline_purify/floor_color.csv（45 列）
