Warning: You are sending unauthenticated requests to the HF Hub. Please set a HF_TOKEN to enable higher rate limits and faster downloads.
Loading pipeline components...:   0%|          | 0/6 [00:00<?, ?it/s]Loading pipeline components...:  33%|███▎      | 2/6 [00:00<00:00, 14.57it/s]Loading pipeline components...:  67%|██████▋   | 4/6 [00:00<00:00, 15.68it/s]
Loading weights:   0%|          | 0/196 [00:00<?, ?it/s][ALoading weights: 100%|██████████| 196/196 [00:00<00:00, 3503.48it/s]
Loading pipeline components...: 100%|██████████| 6/6 [00:00<00:00, 13.29it/s]Loading pipeline components...: 100%|██████████| 6/6 [00:00<00:00, 13.76it/s]
There are modules in AutoencoderKL that should be kept in float32: []. Casting directly with `to()` can lead to inconsistent results; set `torch_dtype` in `from_pretrained()` instead to keep these modules in float32.
/nfs/home/nelson0314/venvs/wacv/lib/python3.11/site-packages/torchvision/models/_utils.py:207: UserWarning: The parameter 'pretrained' is deprecated since 0.13 and may be removed in the future, please use 'weights' instead.
  warnings.warn(
/nfs/home/nelson0314/venvs/wacv/lib/python3.11/site-packages/torchvision/models/_utils.py:222: UserWarning: Arguments other than a weight enum or `None` for 'weights' are deprecated since 0.13 and may be removed in the future. The current behavior is equivalent to passing `weights=VGG16_Weights.IMAGENET1K_V1`. You can also use `weights=VGG16_Weights.DEFAULT` to get the most up-to-date weights.
  warnings.warn(msg)
/nfs/home/nelson0314/venvs/wacv/lib/python3.11/site-packages/diffusers/image_processor.py:724: FutureWarning: Passing `image` as torch tensor with value range in [-1,1] is deprecated. The expected value range for image tensor is [0,1] when passing as pytorch tensor or numpy Array. You passed `image` with value range [-1.0,1.0]
  warnings.warn(
=== task_env_weather_112463 / phase_gain ===
Loading weights:   0%|          | 0/398 [00:00<?, ?it/s]Loading weights: 100%|██████████| 398/398 [00:00<00:00, 11213.06it/s]
[transformers] Model config: bos_token_id must be `None` or an integer within the vocabulary (between 0 and 31999), got 49406. This may result in unexpected behavior.
[transformers] Model config: eos_token_id must be `None` or an integer within the vocabulary (between 0 and 31999), got 49407. This may result in unexpected behavior.
Loading weights:   0%|          | 0/408 [00:00<?, ?it/s]Loading weights:  69%|██████▉   | 281/408 [00:00<00:00, 2792.15it/s]Loading weights: 100%|██████████| 408/408 [00:00<00:00, 2740.16it/s]
/nfs/home/nelson0314/venvs/wacv/lib/python3.11/site-packages/diffusers/image_processor.py:724: FutureWarning: Passing `image` as torch tensor with value range in [-1,1] is deprecated. The expected value range for image tensor is [0,1] when passing as pytorch tensor or numpy Array. You passed `image` with value range [-0.9800155162811279,0.9911589622497559]
  warnings.warn(
/nfs/home/nelson0314/venvs/wacv/lib/python3.11/site-packages/diffusers/image_processor.py:724: FutureWarning: Passing `image` as torch tensor with value range in [-1,1] is deprecated. The expected value range for image tensor is [0,1] when passing as pytorch tensor or numpy Array. You passed `image` with value range [-0.9410557746887207,0.9656727313995361]
  warnings.warn(
    分母塌陷：effect(identity) mean=0.5011 sd=0.2058，本格的 retention 不可用
    identity=0.5011, blur1=0.2910, jpeg90=0.5061, jpeg75=0.5344, jpeg50=0.4804, jpeg30=0.4761, blur2=0.3558, crop_resize0.1=0.6683, crop_resize0.15=0.7419
=== task_obj_remove_380621 / phase_gain ===
/nfs/home/nelson0314/venvs/wacv/lib/python3.11/site-packages/diffusers/image_processor.py:724: FutureWarning: Passing `image` as torch tensor with value range in [-1,1] is deprecated. The expected value range for image tensor is [0,1] when passing as pytorch tensor or numpy Array. You passed `image` with value range [-0.9892271161079407,0.9067972898483276]
  warnings.warn(
/nfs/home/nelson0314/venvs/wacv/lib/python3.11/site-packages/diffusers/image_processor.py:724: FutureWarning: Passing `image` as torch tensor with value range in [-1,1] is deprecated. The expected value range for image tensor is [0,1] when passing as pytorch tensor or numpy Array. You passed `image` with value range [-0.9817684292793274,0.8513168096542358]
  warnings.warn(
    identity=0.5264, blur1=0.4743, jpeg90=0.5205, jpeg75=0.5424, jpeg50=0.4586, jpeg30=0.4518, blur2=0.4042, crop_resize0.1=0.6325, crop_resize0.15=0.6419
=== task_obj_swap_joint_mask_276754 / phase_gain ===
/nfs/home/nelson0314/venvs/wacv/lib/python3.11/site-packages/diffusers/image_processor.py:724: FutureWarning: Passing `image` as torch tensor with value range in [-1,1] is deprecated. The expected value range for image tensor is [0,1] when passing as pytorch tensor or numpy Array. You passed `image` with value range [-1.0,0.9601547718048096]
  warnings.warn(
/nfs/home/nelson0314/venvs/wacv/lib/python3.11/site-packages/diffusers/image_processor.py:724: FutureWarning: Passing `image` as torch tensor with value range in [-1,1] is deprecated. The expected value range for image tensor is [0,1] when passing as pytorch tensor or numpy Array. You passed `image` with value range [-1.0,0.854096531867981]
  warnings.warn(
    分母塌陷：effect(identity) mean=0.5180 sd=0.1965，本格的 retention 不可用
    identity=0.5180, blur1=0.1548, jpeg90=0.4813, jpeg75=0.4441, jpeg50=0.4152, jpeg30=0.3024, blur2=0.2405, crop_resize0.1=0.4584, crop_resize0.15=0.5154
=== task_obj_swap_joint_mask_533428 / phase_gain ===
/nfs/home/nelson0314/venvs/wacv/lib/python3.11/site-packages/diffusers/image_processor.py:724: FutureWarning: Passing `image` as torch tensor with value range in [-1,1] is deprecated. The expected value range for image tensor is [0,1] when passing as pytorch tensor or numpy Array. You passed `image` with value range [-0.9927645921707153,0.9767123460769653]
  warnings.warn(
/nfs/home/nelson0314/venvs/wacv/lib/python3.11/site-packages/diffusers/image_processor.py:724: FutureWarning: Passing `image` as torch tensor with value range in [-1,1] is deprecated. The expected value range for image tensor is [0,1] when passing as pytorch tensor or numpy Array. You passed `image` with value range [-0.9692578315734863,0.92801833152771]
  warnings.warn(
    identity=0.5512, blur1=0.4015, jpeg90=0.5399, jpeg75=0.5552, jpeg50=0.5160, jpeg30=0.4885, blur2=0.4365, crop_resize0.1=0.6376, crop_resize0.15=0.6525
=== task_obj_swap_rand_mask_417469 / phase_gain ===
/nfs/home/nelson0314/venvs/wacv/lib/python3.11/site-packages/diffusers/image_processor.py:724: FutureWarning: Passing `image` as torch tensor with value range in [-1,1] is deprecated. The expected value range for image tensor is [0,1] when passing as pytorch tensor or numpy Array. You passed `image` with value range [-0.9986181259155273,0.8581833839416504]
  warnings.warn(
/nfs/home/nelson0314/venvs/wacv/lib/python3.11/site-packages/diffusers/image_processor.py:724: FutureWarning: Passing `image` as torch tensor with value range in [-1,1] is deprecated. The expected value range for image tensor is [0,1] when passing as pytorch tensor or numpy Array. You passed `image` with value range [-0.9921759366989136,0.7985836267471313]
  warnings.warn(
    identity=0.5913, blur1=0.2797, jpeg90=0.5717, jpeg75=0.5927, jpeg50=0.4478, jpeg30=0.4188, blur2=0.3400, crop_resize0.1=0.6497, crop_resize0.15=0.6720

表：runs/ip2p_mainline_purify/ours_pg_q_object.csv（45 列）
