Warning: You are sending unauthenticated requests to the HF Hub. Please set a HF_TOKEN to enable higher rate limits and faster downloads.
Loading pipeline components...:   0%|          | 0/6 [00:00<?, ?it/s]
Loading weights:   0%|          | 0/196 [00:00<?, ?it/s][ALoading weights: 100%|██████████| 196/196 [00:00<00:00, 8162.64it/s]
Loading pipeline components...:  33%|███▎      | 2/6 [00:00<00:00,  8.73it/s]Loading pipeline components...:  50%|█████     | 3/6 [00:00<00:00,  8.61it/s]Loading pipeline components...: 100%|██████████| 6/6 [00:00<00:00, 15.16it/s]
There are modules in AutoencoderKL that should be kept in float32: []. Casting directly with `to()` can lead to inconsistent results; set `torch_dtype` in `from_pretrained()` instead to keep these modules in float32.
/nfs/home/nelson0314/venvs/wacv/lib/python3.11/site-packages/torchvision/models/_utils.py:207: UserWarning: The parameter 'pretrained' is deprecated since 0.13 and may be removed in the future, please use 'weights' instead.
  warnings.warn(
/nfs/home/nelson0314/venvs/wacv/lib/python3.11/site-packages/torchvision/models/_utils.py:222: UserWarning: Arguments other than a weight enum or `None` for 'weights' are deprecated since 0.13 and may be removed in the future. The current behavior is equivalent to passing `weights=VGG16_Weights.IMAGENET1K_V1`. You can also use `weights=VGG16_Weights.DEFAULT` to get the most up-to-date weights.
  warnings.warn(msg)
IP2P 線：13 張、條件 ['floor_only']、steps=100 s_T=7.5 s_I=1.5 seed=20260812
/nfs/home/nelson0314/venvs/wacv/lib/python3.11/site-packages/diffusers/image_processor.py:724: FutureWarning: Passing `image` as torch tensor with value range in [-1,1] is deprecated. The expected value range for image tensor is [0,1] when passing as pytorch tensor or numpy Array. You passed `image` with value range [-1.0,1.0]
  warnings.warn(
[W823 23:12:02.433600224 CUDACachingAllocator.cpp:3933] memory allocation failed with OOM on device 0 while trying to allocate 268435456 bytes (free: 200343552, total: 25296044032).
Traceback (most recent call last):
  File "/nfs/home/nelson0314/WACV-s3/scripts/ip2p_run.py", line 559, in <module>
    main()
  File "/nfs/home/nelson0314/WACV-s3/scripts/ip2p_run.py", line 466, in main
    x_def, radius, unreachable, modified = defend(
                                           ^^^^^^^
  File "/nfs/home/nelson0314/WACV-s3/scripts/ip2p_run.py", line 214, in defend
    res = run_param_pgd(x01, param, loss_fn, steps=args.steps,
          ^^^^^^^^^^^^^^^^^^^^^^^^^^^^^^^^^^^^^^^^^^^^^^^^^^^^
  File "/nfs/home/nelson0314/WACV-s3/src/defense/param_pgd.py", line 292, in run_param_pgd
    x_def = param.render(x01)
            ^^^^^^^^^^^^^^^^^
  File "/nfs/home/nelson0314/WACV-s3/src/defense/param_pgd.py", line 190, in render
    return self.module.pixel_residual(x01).clamp(0.0, 1.0)
           ^^^^^^^^^^^^^^^^^^^^^^^^^^^^^^^
  File "/nfs/home/nelson0314/WACV-s3/src/residual/texture_rephase.py", line 719, in pixel_residual
    return self._rephase(x01)
           ^^^^^^^^^^^^^^^^^^
  File "/nfs/home/nelson0314/WACV-s3/src/residual/texture_rephase.py", line 742, in _rephase
    spec = self.analyze(x01)
           ^^^^^^^^^^^^^^^^^
  File "/nfs/home/nelson0314/WACV-s3/src/residual/texture_rephase.py", line 685, in analyze
    return torch.fft.rfft2(blocks * self.window, norm="ortho")
           ^^^^^^^^^^^^^^^^^^^^^^^^^^^^^^^^^^^^^^^^^^^^^^^^^^^
RuntimeError: cuFFT error: CUFFT_INTERNAL_ERROR
