Warning: You are sending unauthenticated requests to the HF Hub. Please set a HF_TOKEN to enable higher rate limits and faster downloads.
Loading pipeline components...:   0%|          | 0/6 [00:00<?, ?it/s]Loading pipeline components...:  17%|█▋        | 1/6 [00:00<00:00,  8.33it/s]
Loading weights:   0%|          | 0/196 [00:00<?, ?it/s][ALoading weights: 100%|██████████| 196/196 [00:00<00:00, 3445.50it/s]
Loading pipeline components...:  33%|███▎      | 2/6 [00:00<00:00,  6.15it/s]Loading pipeline components...: 100%|██████████| 6/6 [00:00<00:00, 15.66it/s]Loading pipeline components...: 100%|██████████| 6/6 [00:00<00:00, 13.32it/s]
There are modules in AutoencoderKL that should be kept in float32: []. Casting directly with `to()` can lead to inconsistent results; set `torch_dtype` in `from_pretrained()` instead to keep these modules in float32.
/nfs/home/nelson0314/venvs/wacv/lib/python3.11/site-packages/torchvision/models/_utils.py:207: UserWarning: The parameter 'pretrained' is deprecated since 0.13 and may be removed in the future, please use 'weights' instead.
  warnings.warn(
/nfs/home/nelson0314/venvs/wacv/lib/python3.11/site-packages/torchvision/models/_utils.py:222: UserWarning: Arguments other than a weight enum or `None` for 'weights' are deprecated since 0.13 and may be removed in the future. The current behavior is equivalent to passing `weights=VGG16_Weights.IMAGENET1K_V1`. You can also use `weights=VGG16_Weights.DEFAULT` to get the most up-to-date weights.
  warnings.warn(msg)
IP2P 線：13 張、條件 ['phase']、steps=100 s_T=7.5 s_I=1.5 seed=20260812
/nfs/home/nelson0314/venvs/wacv/lib/python3.11/site-packages/diffusers/image_processor.py:724: FutureWarning: Passing `image` as torch tensor with value range in [-1,1] is deprecated. The expected value range for image tensor is [0,1] when passing as pytorch tensor or numpy Array. You passed `image` with value range [-1.0,1.0]
  warnings.warn(
Loading weights:   0%|          | 0/398 [00:00<?, ?it/s]Loading weights: 100%|██████████| 398/398 [00:00<00:00, 19361.54it/s]
[transformers] Model config: bos_token_id must be `None` or an integer within the vocabulary (between 0 and 31999), got 49406. This may result in unexpected behavior.
[transformers] Model config: eos_token_id must be `None` or an integer within the vocabulary (between 0 and 31999), got 49407. This may result in unexpected behavior.
Loading weights:   0%|          | 0/408 [00:00<?, ?it/s]Loading weights:  67%|██████▋   | 273/408 [00:00<00:00, 2723.70it/s]Loading weights: 100%|██████████| 408/408 [00:00<00:00, 2696.54it/s]
task_attr_mod_color_11699        phase          r=3.1416 dists=0.0620 lpips=0.1978 effect=0.2774 (412s)
task_attr_mod_color_136767       phase          r=3.1416 dists=0.1223 lpips=0.2584 effect=0.3498 (401s)
task_attr_mod_color_184837       phase          r=3.1416 dists=0.1677 lpips=0.3270 effect=0.4765 (401s)
task_attr_mod_color_32648        phase          r=3.1416 dists=0.0486 lpips=0.1898 effect=0.2295 (400s)
task_attr_mod_color_6205         phase          r=3.1416 dists=0.1088 lpips=0.1739 effect=0.3733 (400s)
task_env_weather_112463          phase          r=3.1416 dists=0.0577 lpips=0.2834 effect=0.3216 (400s)
task_env_weather_246440          phase          r=3.1416 dists=0.1096 lpips=0.3003 effect=0.4893 (399s)
task_env_weather_63722           phase          r=3.1416 dists=0.0901 lpips=0.2569 effect=0.3511 (399s)
task_obj_add_40931               phase          r=3.1416 dists=0.0935 lpips=0.3702 effect=0.4205 (400s)
task_obj_remove_380621           phase          r=3.1416 dists=0.0829 lpips=0.2665 effect=0.4658 (399s)
task_obj_swap_joint_mask_276754  phase          r=3.1416 dists=0.1069 lpips=0.4039 effect=0.6554 (399s)
task_obj_swap_joint_mask_533428  phase          r=3.1416 dists=0.1048 lpips=0.3823 effect=0.5276 (399s)
task_obj_swap_rand_mask_417469   phase          r=3.1416 dists=0.0803 lpips=0.3176 effect=0.4419 (398s)

表：runs/ip2p_axis_necessity/a_ph_rpi/results.csv（13 列）
