Warning: You are sending unauthenticated requests to the HF Hub. Please set a HF_TOKEN to enable higher rate limits and faster downloads.
Loading pipeline components...:   0%|          | 0/6 [00:00<?, ?it/s]
Loading weights:   0%|          | 0/196 [00:00<?, ?it/s][ALoading weights: 100%|██████████| 196/196 [00:00<00:00, 4019.14it/s]
Loading pipeline components...:  17%|█▋        | 1/6 [00:00<00:00,  6.55it/s]Loading pipeline components...:  67%|██████▋   | 4/6 [00:00<00:00, 17.60it/s]Loading pipeline components...: 100%|██████████| 6/6 [00:00<00:00, 17.08it/s]
There are modules in AutoencoderKL that should be kept in float32: []. Casting directly with `to()` can lead to inconsistent results; set `torch_dtype` in `from_pretrained()` instead to keep these modules in float32.
/nfs/home/nelson0314/venvs/wacv/lib/python3.11/site-packages/torchvision/models/_utils.py:207: UserWarning: The parameter 'pretrained' is deprecated since 0.13 and may be removed in the future, please use 'weights' instead.
  warnings.warn(
/nfs/home/nelson0314/venvs/wacv/lib/python3.11/site-packages/torchvision/models/_utils.py:222: UserWarning: Arguments other than a weight enum or `None` for 'weights' are deprecated since 0.13 and may be removed in the future. The current behavior is equivalent to passing `weights=VGG16_Weights.IMAGENET1K_V1`. You can also use `weights=VGG16_Weights.DEFAULT` to get the most up-to-date weights.
  warnings.warn(msg)
IP2P 線：13 張、條件 ['phase_gain']、steps=100 s_T=7.5 s_I=1.5 seed=20260812
/nfs/home/nelson0314/venvs/wacv/lib/python3.11/site-packages/diffusers/image_processor.py:724: FutureWarning: Passing `image` as torch tensor with value range in [-1,1] is deprecated. The expected value range for image tensor is [0,1] when passing as pytorch tensor or numpy Array. You passed `image` with value range [-1.0,1.0]
  warnings.warn(
Loading weights:   0%|          | 0/398 [00:00<?, ?it/s]Loading weights: 100%|██████████| 398/398 [00:00<00:00, 9568.74it/s]
[transformers] Model config: bos_token_id must be `None` or an integer within the vocabulary (between 0 and 31999), got 49406. This may result in unexpected behavior.
[transformers] Model config: eos_token_id must be `None` or an integer within the vocabulary (between 0 and 31999), got 49407. This may result in unexpected behavior.
Loading weights:   0%|          | 0/408 [00:00<?, ?it/s]Loading weights:  86%|████████▌ | 349/408 [00:00<00:00, 3467.33it/s]Loading weights: 100%|██████████| 408/408 [00:00<00:00, 3476.12it/s]
task_attr_mod_color_11699        phase_gain     r=2.4000 dists=0.1388 lpips=0.5455 effect=0.6203 (416s)
task_attr_mod_color_136767       phase_gain     r=2.4000 dists=0.1819 lpips=0.5139 effect=0.6310 (411s)
task_attr_mod_color_184837       phase_gain     r=2.4000 dists=0.2263 lpips=0.5370 effect=0.7823 (413s)
task_attr_mod_color_32648        phase_gain     r=2.4000 dists=0.1576 lpips=0.5774 effect=0.6187 (414s)
task_attr_mod_color_6205         phase_gain     r=2.4000 dists=0.1664 lpips=0.5592 effect=0.7394 (415s)
task_env_weather_112463          phase_gain     r=2.4000 dists=0.0992 lpips=0.5907 effect=0.8565 (415s)
task_env_weather_246440          phase_gain     r=2.4000 dists=0.1673 lpips=0.4814 effect=0.6243 (415s)
task_env_weather_63722           phase_gain     r=2.4000 dists=0.1314 lpips=0.5434 effect=0.6822 (415s)
task_obj_add_40931               phase_gain     r=2.4000 dists=0.1814 lpips=0.5411 effect=0.6994 (415s)
task_obj_remove_380621           phase_gain     r=2.4000 dists=0.1470 lpips=0.5572 effect=0.7420 (415s)
task_obj_swap_joint_mask_276754  phase_gain     r=2.4000 dists=0.1885 lpips=0.5123 effect=0.6812 (415s)
task_obj_swap_joint_mask_533428  phase_gain     r=2.4000 dists=0.1617 lpips=0.5394 effect=0.6386 (415s)
task_obj_swap_rand_mask_417469   phase_gain     r=2.4000 dists=0.1366 lpips=0.5465 effect=0.7970 (410s)

表：runs/ip2p_axis_necessity/b_pg_r24/results.csv（13 列）
