Loading pipeline components...:   0%|          | 0/6 [00:00<?, ?it/s]
Loading weights:   0%|          | 0/196 [00:00<?, ?it/s][ALoading weights: 100%|██████████| 196/196 [00:00<00:00, 3882.72it/s]
Loading pipeline components...:  17%|█▋        | 1/6 [00:00<00:00,  6.52it/s]Loading pipeline components...:  50%|█████     | 3/6 [00:00<00:00, 11.60it/s]Loading pipeline components...: 100%|██████████| 6/6 [00:00<00:00, 16.99it/s]
There are modules in AutoencoderKL that should be kept in float32: []. Casting directly with `to()` can lead to inconsistent results; set `torch_dtype` in `from_pretrained()` instead to keep these modules in float32.
/nfs/home/nelson0314/venvs/wacv/lib/python3.11/site-packages/torchvision/models/_utils.py:207: UserWarning: The parameter 'pretrained' is deprecated since 0.13 and may be removed in the future, please use 'weights' instead.
  warnings.warn(
/nfs/home/nelson0314/venvs/wacv/lib/python3.11/site-packages/torchvision/models/_utils.py:222: UserWarning: Arguments other than a weight enum or `None` for 'weights' are deprecated since 0.13 and may be removed in the future. The current behavior is equivalent to passing `weights=VGG16_Weights.IMAGENET1K_V1`. You can also use `weights=VGG16_Weights.DEFAULT` to get the most up-to-date weights.
  warnings.warn(msg)
IP2P 線：25 張、條件 ['phase']、steps=100 s_T=7.5 s_I=1.5 seed=20260812
/nfs/home/nelson0314/venvs/wacv/lib/python3.11/site-packages/diffusers/image_processor.py:724: FutureWarning: Passing `image` as torch tensor with value range in [-1,1] is deprecated. The expected value range for image tensor is [0,1] when passing as pytorch tensor or numpy Array. You passed `image` with value range [-1.0,1.0]
  warnings.warn(
task_attr_mod_color_11699        phase          r=1.0000 dists=0.0338 lpips=0.0846 effect=0.1148 (38s)
task_attr_mod_color_136767       phase          r=1.0000 dists=0.0619 lpips=0.1210 effect=0.1483 (37s)
task_attr_mod_color_184837       phase          r=1.0000 dists=0.0584 lpips=0.1093 effect=0.2188 (38s)
task_attr_mod_color_32648        phase          r=1.0000 dists=0.0310 lpips=0.0663 effect=0.1064 (38s)
task_attr_mod_color_6205         phase          r=1.0000 dists=0.0662 lpips=0.0799 effect=0.0938 (38s)
task_env_weather_112463          phase          r=1.0000 dists=0.0313 lpips=0.1116 effect=0.1985 (38s)
task_env_weather_133752          phase          r=1.0000 dists=0.0234 lpips=0.0715 effect=0.1200 (38s)
task_env_weather_181583          phase          r=1.0000 dists=0.0329 lpips=0.1358 effect=0.1622 (38s)
task_env_weather_246440          phase          r=1.0000 dists=0.0531 lpips=0.1604 effect=0.3069 (38s)
task_env_weather_63722           phase          r=1.0000 dists=0.0552 lpips=0.1059 effect=0.1423 (38s)
task_obj_add_13726               phase          r=1.0000 dists=0.0603 lpips=0.1276 effect=0.2209 (38s)
task_obj_add_340466              phase          r=1.0000 dists=0.0503 lpips=0.0853 effect=0.1779 (38s)
task_obj_add_40931               phase          r=1.0000 dists=0.0533 lpips=0.2093 effect=0.2550 (38s)
task_obj_add_581286              phase          r=1.0000 dists=0.0325 lpips=0.0595 effect=0.0920 (38s)
task_obj_add_692065              phase          r=1.0000 dists=0.0387 lpips=0.0908 effect=0.1373 (38s)
task_obj_remove_10197            phase          r=1.0000 dists=0.0400 lpips=0.2014 effect=0.4242 (38s)
task_obj_remove_257910           phase          r=1.0000 dists=0.0353 lpips=0.0731 effect=0.1093 (38s)
task_obj_remove_380621           phase          r=1.0000 dists=0.0601 lpips=0.1307 effect=0.1963 (38s)
task_obj_remove_509477           phase          r=1.0000 dists=0.0478 lpips=0.1258 effect=0.1790 (38s)
task_obj_remove_657585           phase          r=1.0000 dists=0.0323 lpips=0.0544 effect=0.2128 (38s)
task_obj_swap_joint_mask_276754  phase          r=1.0000 dists=0.0817 lpips=0.3150 effect=0.3066 (38s)
task_obj_swap_joint_mask_533428  phase          r=1.0000 dists=0.0529 lpips=0.1256 effect=0.2674 (38s)
/nfs/home/nelson0314/venvs/wacv/lib/python3.11/site-packages/diffusers/image_processor.py:724: FutureWarning: Passing `image` as torch tensor with value range in [-1,1] is deprecated. The expected value range for image tensor is [0,1] when passing as pytorch tensor or numpy Array. You passed `image` with value range [-0.9686274528503418,1.0]
  warnings.warn(
task_obj_swap_joint_mask_75733   phase          r=1.0000 dists=0.0486 lpips=0.1466 effect=0.2193 (38s)
task_obj_swap_rand_mask_298147   phase          r=1.0000 dists=0.0860 lpips=0.2484 effect=0.3604 (38s)
task_obj_swap_rand_mask_417469   phase          r=1.0000 dists=0.0408 lpips=0.1170 effect=0.1623 (38s)

表：runs/fair0820/a6_purify/cur_t100/results.csv（25 列）
