Warning: You are sending unauthenticated requests to the HF Hub. Please set a HF_TOKEN to enable higher rate limits and faster downloads.
Loading pipeline components...:   0%|          | 0/6 [00:00<?, ?it/s]
Loading weights:   0%|          | 0/196 [00:00<?, ?it/s][ALoading weights: 100%|██████████| 196/196 [00:00<00:00, 4038.04it/s]
Loading pipeline components...:  33%|███▎      | 2/6 [00:00<00:00,  9.69it/s]Loading pipeline components...:  83%|████████▎ | 5/6 [00:00<00:00, 15.82it/s]Loading pipeline components...: 100%|██████████| 6/6 [00:00<00:00, 13.78it/s]
There are modules in AutoencoderKL that should be kept in float32: []. Casting directly with `to()` can lead to inconsistent results; set `torch_dtype` in `from_pretrained()` instead to keep these modules in float32.
/nfs/home/nelson0314/venvs/wacv/lib/python3.11/site-packages/torchvision/models/_utils.py:207: UserWarning: The parameter 'pretrained' is deprecated since 0.13 and may be removed in the future, please use 'weights' instead.
  warnings.warn(
/nfs/home/nelson0314/venvs/wacv/lib/python3.11/site-packages/torchvision/models/_utils.py:222: UserWarning: Arguments other than a weight enum or `None` for 'weights' are deprecated since 0.13 and may be removed in the future. The current behavior is equivalent to passing `weights=VGG16_Weights.IMAGENET1K_V1`. You can also use `weights=VGG16_Weights.DEFAULT` to get the most up-to-date weights.
  warnings.warn(msg)
IP2P 線：13 張、條件 ['phase_gain']、steps=100 s_T=7.5 s_I=1.5 seed=20260812
/nfs/home/nelson0314/venvs/wacv/lib/python3.11/site-packages/diffusers/image_processor.py:724: FutureWarning: Passing `image` as torch tensor with value range in [-1,1] is deprecated. The expected value range for image tensor is [0,1] when passing as pytorch tensor or numpy Array. You passed `image` with value range [-1.0,1.0]
  warnings.warn(
Loading weights:   0%|          | 0/398 [00:00<?, ?it/s]Loading weights: 100%|██████████| 398/398 [00:00<00:00, 12940.16it/s]
[transformers] Model config: bos_token_id must be `None` or an integer within the vocabulary (between 0 and 31999), got 49406. This may result in unexpected behavior.
[transformers] Model config: eos_token_id must be `None` or an integer within the vocabulary (between 0 and 31999), got 49407. This may result in unexpected behavior.
Loading weights:   0%|          | 0/408 [00:00<?, ?it/s]Loading weights:  94%|█████████▍| 383/408 [00:00<00:00, 3814.91it/s]Loading weights: 100%|██████████| 408/408 [00:00<00:00, 3838.27it/s]
task_attr_mod_color_11699        phase_gain     r=0.9000 dists=0.0639 lpips=0.4416 effect=0.4319 (415s)
task_attr_mod_color_136767       phase_gain     r=0.9000 dists=0.0968 lpips=0.4212 effect=0.6321 (401s)
task_attr_mod_color_184837       phase_gain     r=0.9000 dists=0.1111 lpips=0.4181 effect=0.5539 (401s)
task_attr_mod_color_32648        phase_gain     r=0.9000 dists=0.0956 lpips=0.5299 effect=0.5439 (401s)
task_attr_mod_color_6205         phase_gain     r=0.9000 dists=0.0989 lpips=0.4730 effect=0.6413 (401s)
task_env_weather_112463          phase_gain     r=0.9000 dists=0.0430 lpips=0.5373 effect=0.8436 (401s)
task_env_weather_246440          phase_gain     r=0.9000 dists=0.0727 lpips=0.3826 effect=0.5327 (401s)
task_env_weather_63722           phase_gain     r=0.9000 dists=0.0624 lpips=0.4468 effect=0.4960 (401s)
task_obj_add_40931               phase_gain     r=0.9000 dists=0.0858 lpips=0.4536 effect=0.5304 (401s)
task_obj_remove_380621           phase_gain     r=0.9000 dists=0.0857 lpips=0.4857 effect=0.6936 (401s)
task_obj_swap_joint_mask_276754  phase_gain     r=0.9000 dists=0.0863 lpips=0.4528 effect=0.6871 (401s)
task_obj_swap_joint_mask_533428  phase_gain     r=0.9000 dists=0.0707 lpips=0.4321 effect=0.5808 (401s)
task_obj_swap_rand_mask_417469   phase_gain     r=0.9000 dists=0.0622 lpips=0.4662 effect=0.7757 (399s)

表：runs/ip2p_floor_gate/comp_r09/results.csv（13 列）
