Warning: You are sending unauthenticated requests to the HF Hub. Please set a HF_TOKEN to enable higher rate limits and faster downloads.
Loading pipeline components...:   0%|          | 0/6 [00:00<?, ?it/s]Loading pipeline components...:  67%|██████▋   | 4/6 [00:00<00:00, 28.68it/s]
Loading weights:   0%|          | 0/196 [00:00<?, ?it/s][ALoading weights: 100%|██████████| 196/196 [00:00<00:00, 3813.57it/s]
Loading pipeline components...: 100%|██████████| 6/6 [00:00<00:00, 16.87it/s]
There are modules in AutoencoderKL that should be kept in float32: []. Casting directly with `to()` can lead to inconsistent results; set `torch_dtype` in `from_pretrained()` instead to keep these modules in float32.
/nfs/home/nelson0314/venvs/wacv/lib/python3.11/site-packages/torchvision/models/_utils.py:207: UserWarning: The parameter 'pretrained' is deprecated since 0.13 and may be removed in the future, please use 'weights' instead.
  warnings.warn(
/nfs/home/nelson0314/venvs/wacv/lib/python3.11/site-packages/torchvision/models/_utils.py:222: UserWarning: Arguments other than a weight enum or `None` for 'weights' are deprecated since 0.13 and may be removed in the future. The current behavior is equivalent to passing `weights=VGG16_Weights.IMAGENET1K_V1`. You can also use `weights=VGG16_Weights.DEFAULT` to get the most up-to-date weights.
  warnings.warn(msg)
IP2P 線：13 張、條件 ['phase_gain']、steps=100 s_T=7.5 s_I=1.5 seed=20260812
/nfs/home/nelson0314/venvs/wacv/lib/python3.11/site-packages/diffusers/image_processor.py:724: FutureWarning: Passing `image` as torch tensor with value range in [-1,1] is deprecated. The expected value range for image tensor is [0,1] when passing as pytorch tensor or numpy Array. You passed `image` with value range [-1.0,1.0]
  warnings.warn(
Loading weights:   0%|          | 0/398 [00:00<?, ?it/s]Loading weights: 100%|██████████| 398/398 [00:00<00:00, 13622.20it/s]
[transformers] Model config: bos_token_id must be `None` or an integer within the vocabulary (between 0 and 31999), got 49406. This may result in unexpected behavior.
[transformers] Model config: eos_token_id must be `None` or an integer within the vocabulary (between 0 and 31999), got 49407. This may result in unexpected behavior.
Loading weights:   0%|          | 0/408 [00:00<?, ?it/s]Loading weights:  85%|████████▌ | 347/408 [00:00<00:00, 3468.44it/s]Loading weights: 100%|██████████| 408/408 [00:00<00:00, 3463.83it/s]
task_attr_mod_color_11699        phase_gain     r=2.4000 dists=0.1462 lpips=0.5474 effect=0.6205 (426s)
task_attr_mod_color_136767       phase_gain     r=2.4000 dists=0.1797 lpips=0.5150 effect=0.6318 (413s)
task_attr_mod_color_184837       phase_gain     r=2.4000 dists=0.2319 lpips=0.5385 effect=0.7829 (415s)
task_attr_mod_color_32648        phase_gain     r=2.4000 dists=0.1622 lpips=0.5664 effect=0.6138 (415s)
task_attr_mod_color_6205         phase_gain     r=2.4000 dists=0.1640 lpips=0.5637 effect=0.7393 (415s)
task_env_weather_112463          phase_gain     r=2.4000 dists=0.1052 lpips=0.5930 effect=0.8657 (416s)
task_env_weather_246440          phase_gain     r=2.4000 dists=0.1719 lpips=0.4854 effect=0.6387 (416s)
task_env_weather_63722           phase_gain     r=2.4000 dists=0.1357 lpips=0.5417 effect=0.6819 (416s)
task_obj_add_40931               phase_gain     r=2.4000 dists=0.1810 lpips=0.5367 effect=0.7134 (415s)
task_obj_remove_380621           phase_gain     r=2.4000 dists=0.1461 lpips=0.5598 effect=0.7393 (415s)
task_obj_swap_joint_mask_276754  phase_gain     r=2.4000 dists=0.1898 lpips=0.5141 effect=0.6809 (415s)
task_obj_swap_joint_mask_533428  phase_gain     r=2.4000 dists=0.1656 lpips=0.5408 effect=0.6392 (414s)
task_obj_swap_rand_mask_417469   phase_gain     r=2.4000 dists=0.1428 lpips=0.5473 effect=0.7476 (409s)

表：runs/ip2p_floor_gate/comp_r24/results.csv（13 列）
