Warning: You are sending unauthenticated requests to the HF Hub. Please set a HF_TOKEN to enable higher rate limits and faster downloads.
Loading pipeline components...:   0%|          | 0/6 [00:00<?, ?it/s]Loading pipeline components...:  33%|███▎      | 2/6 [00:00<00:00, 14.04it/s]
Loading weights:   0%|          | 0/196 [00:00<?, ?it/s][ALoading weights: 100%|██████████| 196/196 [00:00<00:00, 3177.80it/s]
Loading pipeline components...:  83%|████████▎ | 5/6 [00:00<00:00, 13.07it/s]Loading pipeline components...: 100%|██████████| 6/6 [00:00<00:00, 14.42it/s]
There are modules in AutoencoderKL that should be kept in float32: []. Casting directly with `to()` can lead to inconsistent results; set `torch_dtype` in `from_pretrained()` instead to keep these modules in float32.
/nfs/home/nelson0314/venvs/wacv/lib/python3.11/site-packages/torchvision/models/_utils.py:207: UserWarning: The parameter 'pretrained' is deprecated since 0.13 and may be removed in the future, please use 'weights' instead.
  warnings.warn(
/nfs/home/nelson0314/venvs/wacv/lib/python3.11/site-packages/torchvision/models/_utils.py:222: UserWarning: Arguments other than a weight enum or `None` for 'weights' are deprecated since 0.13 and may be removed in the future. The current behavior is equivalent to passing `weights=VGG16_Weights.IMAGENET1K_V1`. You can also use `weights=VGG16_Weights.DEFAULT` to get the most up-to-date weights.
  warnings.warn(msg)
IP2P 線：13 張、條件 ['phase_gain']、steps=100 s_T=7.5 s_I=1.5 seed=20260812
/nfs/home/nelson0314/venvs/wacv/lib/python3.11/site-packages/diffusers/image_processor.py:724: FutureWarning: Passing `image` as torch tensor with value range in [-1,1] is deprecated. The expected value range for image tensor is [0,1] when passing as pytorch tensor or numpy Array. You passed `image` with value range [-1.0,1.0]
  warnings.warn(
Loading weights:   0%|          | 0/398 [00:00<?, ?it/s]Loading weights: 100%|██████████| 398/398 [00:00<00:00, 14260.86it/s]
[transformers] Model config: bos_token_id must be `None` or an integer within the vocabulary (between 0 and 31999), got 49406. This may result in unexpected behavior.
[transformers] Model config: eos_token_id must be `None` or an integer within the vocabulary (between 0 and 31999), got 49407. This may result in unexpected behavior.
Loading weights:   0%|          | 0/408 [00:00<?, ?it/s]Loading weights:  88%|████████▊ | 360/408 [00:00<00:00, 3596.57it/s]Loading weights: 100%|██████████| 408/408 [00:00<00:00, 3632.71it/s]
task_attr_mod_color_11699        phase_gain     r=2.0000 dists=0.1258 lpips=0.5306 effect=0.5900 (425s)
task_attr_mod_color_136767       phase_gain     r=2.0000 dists=0.1669 lpips=0.5028 effect=0.6286 (413s)
task_attr_mod_color_184837       phase_gain     r=2.0000 dists=0.2182 lpips=0.5158 effect=0.7833 (415s)
task_attr_mod_color_32648        phase_gain     r=2.0000 dists=0.1444 lpips=0.5642 effect=0.5879 (415s)
task_attr_mod_color_6205         phase_gain     r=2.0000 dists=0.1527 lpips=0.5473 effect=0.7297 (415s)
task_env_weather_112463          phase_gain     r=2.0000 dists=0.0884 lpips=0.5823 effect=0.8600 (416s)
task_env_weather_246440          phase_gain     r=2.0000 dists=0.1472 lpips=0.4660 effect=0.6183 (416s)
task_env_weather_63722           phase_gain     r=2.0000 dists=0.1217 lpips=0.5297 effect=0.6797 (416s)
task_obj_add_40931               phase_gain     r=2.0000 dists=0.1627 lpips=0.5230 effect=0.7632 (415s)
task_obj_remove_380621           phase_gain     r=2.0000 dists=0.1354 lpips=0.5484 effect=0.7320 (415s)
task_obj_swap_joint_mask_276754  phase_gain     r=2.0000 dists=0.1683 lpips=0.5045 effect=0.6893 (415s)
task_obj_swap_joint_mask_533428  phase_gain     r=2.0000 dists=0.1467 lpips=0.5235 effect=0.6446 (414s)
task_obj_swap_rand_mask_417469   phase_gain     r=2.0000 dists=0.1245 lpips=0.5349 effect=0.7903 (409s)

表：runs/ip2p_floor_gate/comp_r20/results.csv（13 列）
