Warning: You are sending unauthenticated requests to the HF Hub. Please set a HF_TOKEN to enable higher rate limits and faster downloads.
Loading pipeline components...:   0%|          | 0/6 [00:00<?, ?it/s]Loading pipeline components...:  50%|█████     | 3/6 [00:00<00:00, 29.46it/s]
Loading weights:   0%|          | 0/196 [00:00<?, ?it/s][ALoading weights: 100%|██████████| 196/196 [00:00<00:00, 3704.81it/s]
Loading pipeline components...: 100%|██████████| 6/6 [00:00<00:00, 14.05it/s]Loading pipeline components...: 100%|██████████| 6/6 [00:00<00:00, 15.24it/s]
There are modules in AutoencoderKL that should be kept in float32: []. Casting directly with `to()` can lead to inconsistent results; set `torch_dtype` in `from_pretrained()` instead to keep these modules in float32.
/nfs/home/nelson0314/venvs/wacv/lib/python3.11/site-packages/torchvision/models/_utils.py:207: UserWarning: The parameter 'pretrained' is deprecated since 0.13 and may be removed in the future, please use 'weights' instead.
  warnings.warn(
/nfs/home/nelson0314/venvs/wacv/lib/python3.11/site-packages/torchvision/models/_utils.py:222: UserWarning: Arguments other than a weight enum or `None` for 'weights' are deprecated since 0.13 and may be removed in the future. The current behavior is equivalent to passing `weights=VGG16_Weights.IMAGENET1K_V1`. You can also use `weights=VGG16_Weights.DEFAULT` to get the most up-to-date weights.
  warnings.warn(msg)
IP2P 線：13 張、條件 ['phase_gain']、steps=100 s_T=7.5 s_I=1.5 seed=20260812
/nfs/home/nelson0314/venvs/wacv/lib/python3.11/site-packages/diffusers/image_processor.py:724: FutureWarning: Passing `image` as torch tensor with value range in [-1,1] is deprecated. The expected value range for image tensor is [0,1] when passing as pytorch tensor or numpy Array. You passed `image` with value range [-1.0,1.0]
  warnings.warn(
Loading weights:   0%|          | 0/398 [00:00<?, ?it/s]Loading weights: 100%|██████████| 398/398 [00:00<00:00, 8572.11it/s]
[transformers] Model config: bos_token_id must be `None` or an integer within the vocabulary (between 0 and 31999), got 49406. This may result in unexpected behavior.
[transformers] Model config: eos_token_id must be `None` or an integer within the vocabulary (between 0 and 31999), got 49407. This may result in unexpected behavior.
Loading weights:   0%|          | 0/408 [00:00<?, ?it/s]Loading weights:  90%|█████████ | 368/408 [00:00<00:00, 3661.60it/s]Loading weights: 100%|██████████| 408/408 [00:00<00:00, 3662.82it/s]
task_attr_mod_color_11699        phase_gain     r=2.0000 dists=0.1299 lpips=0.5231 effect=0.5866 (411s)
task_attr_mod_color_136767       phase_gain     r=2.0000 dists=0.1580 lpips=0.4931 effect=0.6302 (400s)
task_attr_mod_color_184837       phase_gain     r=2.0000 dists=0.2187 lpips=0.5202 effect=0.7824 (398s)
task_attr_mod_color_32648        phase_gain     r=2.0000 dists=0.1443 lpips=0.5155 effect=0.5822 (397s)
task_attr_mod_color_6205         phase_gain     r=2.0000 dists=0.1497 lpips=0.5427 effect=0.7226 (398s)
task_env_weather_112463          phase_gain     r=2.0000 dists=0.1000 lpips=0.5858 effect=0.8486 (397s)
task_env_weather_246440          phase_gain     r=2.0000 dists=0.1495 lpips=0.4665 effect=0.6205 (398s)
task_env_weather_63722           phase_gain     r=2.0000 dists=0.1173 lpips=0.5235 effect=0.6764 (398s)
task_obj_add_40931               phase_gain     r=2.0000 dists=0.1656 lpips=0.5233 effect=0.7641 (397s)
task_obj_remove_380621           phase_gain     r=2.0000 dists=0.1378 lpips=0.5502 effect=0.7303 (397s)
task_obj_swap_joint_mask_276754  phase_gain     r=2.0000 dists=0.1668 lpips=0.5060 effect=0.6885 (397s)
task_obj_swap_joint_mask_533428  phase_gain     r=2.0000 dists=0.1445 lpips=0.5209 effect=0.6425 (397s)
task_obj_swap_rand_mask_417469   phase_gain     r=2.0000 dists=0.1305 lpips=0.5279 effect=0.8056 (397s)

表：runs/ip2p_floor_gate/rank_r20/results.csv（13 列）
