Warning: You are sending unauthenticated requests to the HF Hub. Please set a HF_TOKEN to enable higher rate limits and faster downloads.
Loading pipeline components...:   0%|          | 0/6 [00:00<?, ?it/s]
Loading weights:   0%|          | 0/196 [00:00<?, ?it/s][ALoading weights: 100%|██████████| 196/196 [00:00<00:00, 3647.12it/s]
Loading pipeline components...:  17%|█▋        | 1/6 [00:00<00:00,  6.16it/s]Loading pipeline components...:  67%|██████▋   | 4/6 [00:00<00:00, 12.96it/s]Loading pipeline components...: 100%|██████████| 6/6 [00:00<00:00, 16.35it/s]
There are modules in AutoencoderKL that should be kept in float32: []. Casting directly with `to()` can lead to inconsistent results; set `torch_dtype` in `from_pretrained()` instead to keep these modules in float32.
/nfs/home/nelson0314/venvs/wacv/lib/python3.11/site-packages/torchvision/models/_utils.py:207: UserWarning: The parameter 'pretrained' is deprecated since 0.13 and may be removed in the future, please use 'weights' instead.
  warnings.warn(
/nfs/home/nelson0314/venvs/wacv/lib/python3.11/site-packages/torchvision/models/_utils.py:222: UserWarning: Arguments other than a weight enum or `None` for 'weights' are deprecated since 0.13 and may be removed in the future. The current behavior is equivalent to passing `weights=VGG16_Weights.IMAGENET1K_V1`. You can also use `weights=VGG16_Weights.DEFAULT` to get the most up-to-date weights.
  warnings.warn(msg)
IP2P 線：13 張、條件 ['phase_gain']、steps=100 s_T=7.5 s_I=1.5 seed=20260812
/nfs/home/nelson0314/venvs/wacv/lib/python3.11/site-packages/diffusers/image_processor.py:724: FutureWarning: Passing `image` as torch tensor with value range in [-1,1] is deprecated. The expected value range for image tensor is [0,1] when passing as pytorch tensor or numpy Array. You passed `image` with value range [-1.0,1.0]
  warnings.warn(
Loading weights:   0%|          | 0/398 [00:00<?, ?it/s]Loading weights: 100%|██████████| 398/398 [00:00<00:00, 12742.81it/s]
[transformers] Model config: bos_token_id must be `None` or an integer within the vocabulary (between 0 and 31999), got 49406. This may result in unexpected behavior.
[transformers] Model config: eos_token_id must be `None` or an integer within the vocabulary (between 0 and 31999), got 49407. This may result in unexpected behavior.
Loading weights:   0%|          | 0/408 [00:00<?, ?it/s]Loading weights: 100%|██████████| 408/408 [00:00<00:00, 4218.39it/s]
task_attr_mod_color_11699        phase_gain     r=1.5000 dists=0.1182 lpips=0.5055 effect=0.5216 (410s)
task_attr_mod_color_136767       phase_gain     r=1.5000 dists=0.1826 lpips=0.4794 effect=0.5915 (398s)
task_attr_mod_color_184837       phase_gain     r=1.5000 dists=0.2088 lpips=0.4913 effect=0.7474 (397s)
task_attr_mod_color_32648        phase_gain     r=1.5000 dists=0.1346 lpips=0.5603 effect=0.6165 (398s)
task_attr_mod_color_6205         phase_gain     r=1.5000 dists=0.1523 lpips=0.5231 effect=0.7483 (398s)
task_env_weather_112463          phase_gain     r=1.5000 dists=0.0913 lpips=0.5749 effect=0.8374 (398s)
task_env_weather_246440          phase_gain     r=1.5000 dists=0.1348 lpips=0.4293 effect=0.6212 (398s)
task_env_weather_63722           phase_gain     r=1.5000 dists=0.1197 lpips=0.5071 effect=0.6427 (398s)
task_obj_add_40931               phase_gain     r=1.5000 dists=0.1622 lpips=0.5052 effect=0.5928 (398s)
task_obj_remove_380621           phase_gain     r=1.5000 dists=0.1324 lpips=0.5255 effect=0.7268 (398s)
task_obj_swap_joint_mask_276754  phase_gain     r=1.5000 dists=0.1527 lpips=0.4440 effect=0.6695 (397s)
task_obj_swap_joint_mask_533428  phase_gain     r=1.5000 dists=0.1422 lpips=0.4961 effect=0.6405 (397s)
task_obj_swap_rand_mask_417469   phase_gain     r=1.5000 dists=0.1200 lpips=0.5098 effect=0.7763 (391s)

表：runs/ip2p_floor_gate/wat_r15/results.csv（13 列）
