Loading pipeline components...:   0%|          | 0/6 [00:00<?, ?it/s]Loading pipeline components...:  33%|███▎      | 2/6 [00:00<00:00, 17.72it/s]
Loading weights:   0%|          | 0/196 [00:00<?, ?it/s][ALoading weights: 100%|██████████| 196/196 [00:00<00:00, 4935.69it/s]
Loading pipeline components...:  83%|████████▎ | 5/6 [00:00<00:00, 13.25it/s]Loading pipeline components...: 100%|██████████| 6/6 [00:00<00:00, 16.35it/s]
There are modules in AutoencoderKL that should be kept in float32: []. Casting directly with `to()` can lead to inconsistent results; set `torch_dtype` in `from_pretrained()` instead to keep these modules in float32.
/nfs/home/nelson0314/venvs/wacv/lib/python3.11/site-packages/torchvision/models/_utils.py:207: UserWarning: The parameter 'pretrained' is deprecated since 0.13 and may be removed in the future, please use 'weights' instead.
  warnings.warn(
/nfs/home/nelson0314/venvs/wacv/lib/python3.11/site-packages/torchvision/models/_utils.py:222: UserWarning: Arguments other than a weight enum or `None` for 'weights' are deprecated since 0.13 and may be removed in the future. The current behavior is equivalent to passing `weights=VGG16_Weights.IMAGENET1K_V1`. You can also use `weights=VGG16_Weights.DEFAULT` to get the most up-to-date weights.
  warnings.warn(msg)
IP2P 線：13 張、條件 ['phase_gain']、steps=100 s_T=7.5 s_I=1.5 seed=20260812
/nfs/home/nelson0314/venvs/wacv/lib/python3.11/site-packages/diffusers/image_processor.py:724: FutureWarning: Passing `image` as torch tensor with value range in [-1,1] is deprecated. The expected value range for image tensor is [0,1] when passing as pytorch tensor or numpy Array. You passed `image` with value range [-1.0,1.0]
  warnings.warn(
Warning: You are sending unauthenticated requests to the HF Hub. Please set a HF_TOKEN to enable higher rate limits and faster downloads.
Loading weights:   0%|          | 0/398 [00:00<?, ?it/s]Loading weights: 100%|██████████| 398/398 [00:00<00:00, 8048.66it/s]
[transformers] Model config: bos_token_id must be `None` or an integer within the vocabulary (between 0 and 31999), got 49406. This may result in unexpected behavior.
[transformers] Model config: eos_token_id must be `None` or an integer within the vocabulary (between 0 and 31999), got 49407. This may result in unexpected behavior.
Loading weights:   0%|          | 0/408 [00:00<?, ?it/s]Loading weights:  94%|█████████▍| 383/408 [00:00<00:00, 3828.83it/s]Loading weights: 100%|██████████| 408/408 [00:00<00:00, 3892.09it/s]
task_attr_mod_color_11699        phase_gain     r=0.9000 dists=0.0831 lpips=0.4461 effect=0.4591 (410s)
task_attr_mod_color_136767       phase_gain     r=0.9000 dists=0.1330 lpips=0.4329 effect=0.5652 (397s)
task_attr_mod_color_184837       phase_gain     r=0.9000 dists=0.1518 lpips=0.4292 effect=0.5475 (397s)
task_attr_mod_color_32648        phase_gain     r=0.9000 dists=0.1045 lpips=0.5416 effect=0.5474 (397s)
task_attr_mod_color_6205         phase_gain     r=0.9000 dists=0.1224 lpips=0.4782 effect=0.6376 (397s)
task_env_weather_112463          phase_gain     r=0.9000 dists=0.0636 lpips=0.5436 effect=0.8350 (397s)
task_env_weather_246440          phase_gain     r=0.9000 dists=0.0897 lpips=0.3740 effect=0.5335 (397s)
task_env_weather_63722           phase_gain     r=0.9000 dists=0.0840 lpips=0.4488 effect=0.4939 (397s)
task_obj_add_40931               phase_gain     r=0.9000 dists=0.1166 lpips=0.4654 effect=0.5282 (397s)
task_obj_remove_380621           phase_gain     r=0.9000 dists=0.1001 lpips=0.4855 effect=0.6996 (397s)
task_obj_swap_joint_mask_276754  phase_gain     r=0.9000 dists=0.1026 lpips=0.4133 effect=0.6856 (397s)
task_obj_swap_joint_mask_533428  phase_gain     r=0.9000 dists=0.0939 lpips=0.4416 effect=0.5723 (397s)
task_obj_swap_rand_mask_417469   phase_gain     r=0.9000 dists=0.0801 lpips=0.4680 effect=0.7643 (396s)

表：runs/ip2p_floor_gate/wat_r09/results.csv（13 列）
