Loading pipeline components...:   0%|          | 0/6 [00:00<?, ?it/s]Loading pipeline components...:  50%|█████     | 3/6 [00:00<00:00, 16.03it/s]
Loading weights:   0%|          | 0/196 [00:00<?, ?it/s][ALoading weights: 100%|██████████| 196/196 [00:00<00:00, 4072.54it/s]
Loading pipeline components...: 100%|██████████| 6/6 [00:00<00:00, 15.99it/s]Loading pipeline components...: 100%|██████████| 6/6 [00:00<00:00, 15.99it/s]
There are modules in AutoencoderKL that should be kept in float32: []. Casting directly with `to()` can lead to inconsistent results; set `torch_dtype` in `from_pretrained()` instead to keep these modules in float32.
/nfs/home/nelson0314/venvs/wacv/lib/python3.11/site-packages/torchvision/models/_utils.py:207: UserWarning: The parameter 'pretrained' is deprecated since 0.13 and may be removed in the future, please use 'weights' instead.
  warnings.warn(
/nfs/home/nelson0314/venvs/wacv/lib/python3.11/site-packages/torchvision/models/_utils.py:222: UserWarning: Arguments other than a weight enum or `None` for 'weights' are deprecated since 0.13 and may be removed in the future. The current behavior is equivalent to passing `weights=VGG16_Weights.IMAGENET1K_V1`. You can also use `weights=VGG16_Weights.DEFAULT` to get the most up-to-date weights.
  warnings.warn(msg)
IP2P 線：25 張、條件 ['phase_gain']、steps=100 s_T=7.5 s_I=1.5 seed=20260812
/nfs/home/nelson0314/venvs/wacv/lib/python3.11/site-packages/diffusers/image_processor.py:724: FutureWarning: Passing `image` as torch tensor with value range in [-1,1] is deprecated. The expected value range for image tensor is [0,1] when passing as pytorch tensor or numpy Array. You passed `image` with value range [-1.0,1.0]
  warnings.warn(
task_attr_mod_color_11699        phase_gain     r=0.8000 dists=0.0233 lpips=0.0858 effect=0.1174 (81s)
task_attr_mod_color_136767       phase_gain     r=0.8000 dists=0.0441 lpips=0.1494 effect=0.1875 (80s)
task_attr_mod_color_184837       phase_gain     r=0.8000 dists=0.0494 lpips=0.1542 effect=0.2474 (80s)
task_attr_mod_color_32648        phase_gain     r=0.8000 dists=0.0243 lpips=0.1348 effect=0.1461 (80s)
task_attr_mod_color_6205         phase_gain     r=0.8000 dists=0.0484 lpips=0.0894 effect=0.1941 (80s)
task_env_weather_112463          phase_gain     r=0.8000 dists=0.0223 lpips=0.1502 effect=0.2555 (80s)
task_env_weather_133752          phase_gain     r=0.8000 dists=0.0237 lpips=0.1410 effect=0.1921 (80s)
task_env_weather_181583          phase_gain     r=0.8000 dists=0.0283 lpips=0.1729 effect=0.1925 (80s)
task_env_weather_246440          phase_gain     r=0.8000 dists=0.0463 lpips=0.2013 effect=0.3296 (80s)
task_env_weather_63722           phase_gain     r=0.8000 dists=0.0429 lpips=0.1426 effect=0.1776 (80s)
task_obj_add_13726               phase_gain     r=0.8000 dists=0.0480 lpips=0.1871 effect=0.2883 (80s)
task_obj_add_340466              phase_gain     r=0.8000 dists=0.0334 lpips=0.0968 effect=0.1845 (76s)
task_obj_add_40931               phase_gain     r=0.8000 dists=0.0401 lpips=0.2948 effect=0.2760 (38s)
task_obj_add_581286              phase_gain     r=0.8000 dists=0.0242 lpips=0.0973 effect=0.1173 (39s)
task_obj_add_692065              phase_gain     r=0.8000 dists=0.0347 lpips=0.1137 effect=0.1640 (39s)
task_obj_remove_10197            phase_gain     r=0.8000 dists=0.0367 lpips=0.2389 effect=0.4382 (38s)
task_obj_remove_257910           phase_gain     r=0.8000 dists=0.0253 lpips=0.1635 effect=0.1767 (38s)
task_obj_remove_380621           phase_gain     r=0.8000 dists=0.0481 lpips=0.2006 effect=0.3589 (38s)
task_obj_remove_509477           phase_gain     r=0.8000 dists=0.0387 lpips=0.1998 effect=0.2266 (38s)
task_obj_remove_657585           phase_gain     r=0.8000 dists=0.0236 lpips=0.0747 effect=0.2473 (38s)
task_obj_swap_joint_mask_276754  phase_gain     r=0.8000 dists=0.0633 lpips=0.3838 effect=0.1917 (38s)
task_obj_swap_joint_mask_533428  phase_gain     r=0.8000 dists=0.0440 lpips=0.2079 effect=0.2958 (38s)
/nfs/home/nelson0314/venvs/wacv/lib/python3.11/site-packages/diffusers/image_processor.py:724: FutureWarning: Passing `image` as torch tensor with value range in [-1,1] is deprecated. The expected value range for image tensor is [0,1] when passing as pytorch tensor or numpy Array. You passed `image` with value range [-0.9686274528503418,1.0]
  warnings.warn(
task_obj_swap_joint_mask_75733   phase_gain     r=0.8000 dists=0.0470 lpips=0.2347 effect=0.3194 (38s)
task_obj_swap_rand_mask_298147   phase_gain     r=0.8000 dists=0.0665 lpips=0.3030 effect=0.4613 (38s)
task_obj_swap_rand_mask_417469   phase_gain     r=0.8000 dists=0.0284 lpips=0.1683 effect=0.2018 (38s)

表：runs/fair0820/a5_gain/pg_r08/results.csv（25 列）
