Warning: You are sending unauthenticated requests to the HF Hub. Please set a HF_TOKEN to enable higher rate limits and faster downloads.
Loading pipeline components...:   0%|          | 0/6 [00:00<?, ?it/s]
Loading weights:   0%|          | 0/196 [00:00<?, ?it/s][ALoading weights: 100%|██████████| 196/196 [00:00<00:00, 3632.43it/s]
Loading pipeline components...:  17%|█▋        | 1/6 [00:00<00:00,  6.10it/s]Loading pipeline components...:  50%|█████     | 3/6 [00:00<00:00, 11.16it/s]Loading pipeline components...:  83%|████████▎ | 5/6 [00:00<00:00, 14.44it/s]Loading pipeline components...: 100%|██████████| 6/6 [00:00<00:00, 14.96it/s]
There are modules in AutoencoderKL that should be kept in float32: []. Casting directly with `to()` can lead to inconsistent results; set `torch_dtype` in `from_pretrained()` instead to keep these modules in float32.
/nfs/home/nelson0314/venvs/wacv/lib/python3.11/site-packages/torchvision/models/_utils.py:207: UserWarning: The parameter 'pretrained' is deprecated since 0.13 and may be removed in the future, please use 'weights' instead.
  warnings.warn(
/nfs/home/nelson0314/venvs/wacv/lib/python3.11/site-packages/torchvision/models/_utils.py:222: UserWarning: Arguments other than a weight enum or `None` for 'weights' are deprecated since 0.13 and may be removed in the future. The current behavior is equivalent to passing `weights=VGG16_Weights.IMAGENET1K_V1`. You can also use `weights=VGG16_Weights.DEFAULT` to get the most up-to-date weights.
  warnings.warn(msg)
IP2P 線：13 張、條件 ['phase_gain']、steps=100 s_T=7.5 s_I=1.5 seed=20260812
/nfs/home/nelson0314/venvs/wacv/lib/python3.11/site-packages/diffusers/image_processor.py:724: FutureWarning: Passing `image` as torch tensor with value range in [-1,1] is deprecated. The expected value range for image tensor is [0,1] when passing as pytorch tensor or numpy Array. You passed `image` with value range [-1.0,1.0]
  warnings.warn(
Loading weights:   0%|          | 0/398 [00:00<?, ?it/s]Loading weights: 100%|██████████| 398/398 [00:00<00:00, 14178.13it/s]
[transformers] Model config: bos_token_id must be `None` or an integer within the vocabulary (between 0 and 31999), got 49406. This may result in unexpected behavior.
[transformers] Model config: eos_token_id must be `None` or an integer within the vocabulary (between 0 and 31999), got 49407. This may result in unexpected behavior.
Loading weights:   0%|          | 0/408 [00:00<?, ?it/s]Loading weights:  85%|████████▍ | 346/408 [00:00<00:00, 3444.25it/s]Loading weights: 100%|██████████| 408/408 [00:00<00:00, 3484.95it/s]
task_attr_mod_color_11699        phase_gain     r=2.5000 dists=0.1070 lpips=0.3270 effect=0.4730 (395s)
task_attr_mod_color_136767       phase_gain     r=2.5000 dists=0.1709 lpips=0.3880 effect=0.5401 (383s)
task_attr_mod_color_184837       phase_gain     r=2.5000 dists=0.2276 lpips=0.4484 effect=0.7151 (383s)
task_attr_mod_color_32648        phase_gain     r=2.5000 dists=0.0771 lpips=0.4106 effect=0.3323 (382s)
task_attr_mod_color_6205         phase_gain     r=2.5000 dists=0.1382 lpips=0.3263 effect=0.5161 (384s)
task_env_weather_112463          phase_gain     r=2.5000 dists=0.0871 lpips=0.4373 effect=0.7851 (383s)
task_env_weather_246440          phase_gain     r=2.5000 dists=0.1611 lpips=0.4170 effect=0.6209 (383s)
task_env_weather_63722           phase_gain     r=2.5000 dists=0.1053 lpips=0.3901 effect=0.4914 (383s)
task_obj_add_40931               phase_gain     r=2.5000 dists=0.1574 lpips=0.4838 effect=0.5524 (383s)
task_obj_remove_380621           phase_gain     r=2.5000 dists=0.1172 lpips=0.3913 effect=0.4759 (383s)
task_obj_swap_joint_mask_276754  phase_gain     r=2.5000 dists=0.1890 lpips=0.4481 effect=0.6691 (301s)
task_obj_swap_joint_mask_533428  phase_gain     r=2.5000 dists=0.1661 lpips=0.4797 effect=0.6253 (178s)
task_obj_swap_rand_mask_417469   phase_gain     r=2.5000 dists=0.1319 lpips=0.4557 effect=0.6570 (179s)

表：runs/ip2p_pricing_strength/g025_r25/results.csv（13 列）
