Warning: You are sending unauthenticated requests to the HF Hub. Please set a HF_TOKEN to enable higher rate limits and faster downloads.
Loading pipeline components...:   0%|          | 0/6 [00:00<?, ?it/s]Loading pipeline components...:  33%|███▎      | 2/6 [00:00<00:00, 10.24it/s]
Loading weights:   0%|          | 0/196 [00:00<?, ?it/s][ALoading weights: 100%|██████████| 196/196 [00:00<00:00, 3227.60it/s]
Loading pipeline components...: 100%|██████████| 6/6 [00:00<00:00, 14.88it/s]Loading pipeline components...: 100%|██████████| 6/6 [00:00<00:00, 14.23it/s]
There are modules in AutoencoderKL that should be kept in float32: []. Casting directly with `to()` can lead to inconsistent results; set `torch_dtype` in `from_pretrained()` instead to keep these modules in float32.
/nfs/home/nelson0314/venvs/wacv/lib/python3.11/site-packages/torchvision/models/_utils.py:207: UserWarning: The parameter 'pretrained' is deprecated since 0.13 and may be removed in the future, please use 'weights' instead.
  warnings.warn(
/nfs/home/nelson0314/venvs/wacv/lib/python3.11/site-packages/torchvision/models/_utils.py:222: UserWarning: Arguments other than a weight enum or `None` for 'weights' are deprecated since 0.13 and may be removed in the future. The current behavior is equivalent to passing `weights=VGG16_Weights.IMAGENET1K_V1`. You can also use `weights=VGG16_Weights.DEFAULT` to get the most up-to-date weights.
  warnings.warn(msg)
IP2P 線：25 張、條件 ['phase_gain']、steps=100 s_T=7.5 s_I=1.5 seed=20260812
/nfs/home/nelson0314/venvs/wacv/lib/python3.11/site-packages/diffusers/image_processor.py:724: FutureWarning: Passing `image` as torch tensor with value range in [-1,1] is deprecated. The expected value range for image tensor is [0,1] when passing as pytorch tensor or numpy Array. You passed `image` with value range [-1.0,1.0]
  warnings.warn(
task_attr_mod_color_11699        phase_gain     r=3.0000 dists=0.1557 lpips=0.2771 effect=0.3613 (37s)
task_attr_mod_color_136767       phase_gain     r=3.0000 dists=0.2150 lpips=0.3865 effect=0.4807 (37s)
task_attr_mod_color_184837       phase_gain     r=3.0000 dists=0.2324 lpips=0.3961 effect=0.4807 (37s)
task_attr_mod_color_32648        phase_gain     r=3.0000 dists=0.1711 lpips=0.3908 effect=0.3541 (37s)
task_attr_mod_color_6205         phase_gain     r=3.0000 dists=0.1833 lpips=0.2954 effect=0.5283 (37s)
task_env_weather_112463          phase_gain     r=3.0000 dists=0.1235 lpips=0.4384 effect=0.4419 (37s)
task_env_weather_133752          phase_gain     r=3.0000 dists=0.1275 lpips=0.4060 effect=0.5681 (37s)
task_env_weather_181583          phase_gain     r=3.0000 dists=0.1701 lpips=0.4343 effect=0.6821 (37s)
task_env_weather_246440          phase_gain     r=3.0000 dists=0.1879 lpips=0.4504 effect=0.5091 (37s)
task_env_weather_63722           phase_gain     r=3.0000 dists=0.1740 lpips=0.3364 effect=0.3752 (37s)
task_obj_add_13726               phase_gain     r=3.0000 dists=0.2004 lpips=0.4536 effect=0.7536 (37s)
task_obj_add_340466              phase_gain     r=3.0000 dists=0.1804 lpips=0.2885 effect=0.4233 (37s)
task_obj_add_40931               phase_gain     r=3.0000 dists=0.2340 lpips=0.5437 effect=0.5585 (37s)
task_obj_add_581286              phase_gain     r=3.0000 dists=0.1332 lpips=0.3431 effect=0.4764 (37s)
task_obj_add_692065              phase_gain     r=3.0000 dists=0.1610 lpips=0.3395 effect=0.3599 (37s)
task_obj_remove_10197            phase_gain     r=3.0000 dists=0.1753 lpips=0.4305 effect=0.4834 (37s)
task_obj_remove_257910           phase_gain     r=3.0000 dists=0.1381 lpips=0.4338 effect=0.4212 (37s)
task_obj_remove_380621           phase_gain     r=3.0000 dists=0.1552 lpips=0.4418 effect=0.6537 (37s)
task_obj_remove_509477           phase_gain     r=3.0000 dists=0.1935 lpips=0.4719 effect=0.5416 (37s)
task_obj_remove_657585           phase_gain     r=3.0000 dists=0.1315 lpips=0.4389 effect=0.4605 (37s)
task_obj_swap_joint_mask_276754  phase_gain     r=3.0000 dists=0.2707 lpips=0.5220 effect=0.1884 (37s)
task_obj_swap_joint_mask_533428  phase_gain     r=3.0000 dists=0.2416 lpips=0.5116 effect=0.5477 (37s)
/nfs/home/nelson0314/venvs/wacv/lib/python3.11/site-packages/diffusers/image_processor.py:724: FutureWarning: Passing `image` as torch tensor with value range in [-1,1] is deprecated. The expected value range for image tensor is [0,1] when passing as pytorch tensor or numpy Array. You passed `image` with value range [-0.9686274528503418,1.0]
  warnings.warn(
task_obj_swap_joint_mask_75733   phase_gain     r=3.0000 dists=0.1784 lpips=0.4301 effect=0.5079 (37s)
task_obj_swap_rand_mask_298147   phase_gain     r=3.0000 dists=0.2388 lpips=0.5330 effect=0.7386 (37s)
task_obj_swap_rand_mask_417469   phase_gain     r=3.0000 dists=0.1943 lpips=0.4276 effect=0.5678 (37s)

表：runs/ip2p_reach_lpips_ext/pgx_g42/results.csv（25 列）
