Warning: You are sending unauthenticated requests to the HF Hub. Please set a HF_TOKEN to enable higher rate limits and faster downloads.
Loading pipeline components...:   0%|          | 0/6 [00:00<?, ?it/s]
Loading weights:   0%|          | 0/196 [00:00<?, ?it/s][ALoading weights: 100%|██████████| 196/196 [00:00<00:00, 5532.90it/s]
Loading pipeline components...:  33%|███▎      | 2/6 [00:00<00:00,  8.81it/s]Loading pipeline components...:  67%|██████▋   | 4/6 [00:00<00:00, 11.93it/s]Loading pipeline components...: 100%|██████████| 6/6 [00:00<00:00,  9.32it/s]Loading pipeline components...: 100%|██████████| 6/6 [00:00<00:00,  9.61it/s]
There are modules in AutoencoderKL that should be kept in float32: []. Casting directly with `to()` can lead to inconsistent results; set `torch_dtype` in `from_pretrained()` instead to keep these modules in float32.
/nfs/home/nelson0314/venvs/wacv/lib/python3.11/site-packages/torchvision/models/_utils.py:207: UserWarning: The parameter 'pretrained' is deprecated since 0.13 and may be removed in the future, please use 'weights' instead.
  warnings.warn(
/nfs/home/nelson0314/venvs/wacv/lib/python3.11/site-packages/torchvision/models/_utils.py:222: UserWarning: Arguments other than a weight enum or `None` for 'weights' are deprecated since 0.13 and may be removed in the future. The current behavior is equivalent to passing `weights=VGG16_Weights.IMAGENET1K_V1`. You can also use `weights=VGG16_Weights.DEFAULT` to get the most up-to-date weights.
  warnings.warn(msg)
IP2P 線：1 張、條件 ['patch']、steps=100 s_T=7.5 s_I=1.5 seed=20260812
/nfs/home/nelson0314/venvs/wacv/lib/python3.11/site-packages/diffusers/image_processor.py:724: FutureWarning: Passing `image` as torch tensor with value range in [-1,1] is deprecated. The expected value range for image tensor is [0,1] when passing as pytorch tensor or numpy Array. You passed `image` with value range [-1.0,1.0]
  warnings.warn(
Loading weights:   0%|          | 0/462 [00:00<?, ?it/s]Loading weights:  90%|████████▉ | 415/462 [00:00<00:00, 4147.72it/s]Loading weights: 100%|██████████| 462/462 [00:00<00:00, 4268.51it/s]
Loading weights:   0%|          | 0/380 [00:00<?, ?it/s]Loading weights: 100%|██████████| 380/380 [00:00<00:00, 4324.26it/s]
    [patch] step    0 loss 0.413367 |p| 0.40990 eval 0.149256
    [patch] step  150 loss 0.001582 |p| 0.41040
    [patch] step  200 loss 0.057557 |p| 0.41066 eval 0.077863
    [patch] step  300 loss 0.001180 |p| 0.41113
    [patch] step  400 loss 0.061709 |p| 0.41147 eval 0.071633
    [patch] step  450 loss 0.162647 |p| 0.41158
    [patch] step  600 loss 0.054724 |p| 0.41199 eval 0.069009
    [patch] step  750 loss 0.002807 |p| 0.41241
    [patch] step  800 loss 0.069159 |p| 0.41249 eval 0.067350
    [patch] step  900 loss 0.000706 |p| 0.41269
    [patch] step 1000 loss 0.008668 |p| 0.41281 eval 0.067305
    [patch] step 1050 loss 0.036259 |p| 0.41288
    [patch] step 1200 loss 0.088584 |p| 0.41305 eval 0.065298
    [patch] step 1350 loss 0.001219 |p| 0.41310
    [patch] step 1400 loss 0.009222 |p| 0.41311 eval 0.065620
    [patch] step 1500 loss 0.053355 |p| 0.41319
    [patch] step 1600 loss 0.068770 |p| 0.41326 eval 0.064487
    [patch] step 1650 loss 0.103747 |p| 0.41330
    [patch] step 1800 loss 0.043297 |p| 0.41345 eval 0.064122
    [patch] step 1950 loss 0.031779 |p| 0.41344
    [patch] step 2000 loss 0.014455 |p| 0.41351 eval 0.064651
    [patch] step 2100 loss 0.019777 |p| 0.41354
    [patch] step 2200 loss 0.004488 |p| 0.41352 eval 0.064496
    [patch] step 2250 loss 0.042877 |p| 0.41354
    [patch] step 2400 loss 0.000730 |p| 0.41359 eval 0.063946
    [patch] step 2550 loss 0.002339 |p| 0.41364
    [patch] step 2600 loss 0.023326 |p| 0.41365 eval 0.063526
    [patch] step 2700 loss 0.017313 |p| 0.41369
    [patch] step 2800 loss 0.122455 |p| 0.41364 eval 0.063040
    [patch] step 2850 loss 0.052204 |p| 0.41365
    [patch] step 3000 loss 0.025021 |p| 0.41363 eval 0.063132
    [patch] step 3150 loss 0.083225 |p| 0.41361
    [patch] step 3200 loss 0.107105 |p| 0.41362 eval 0.062749
    [patch] step 3300 loss 0.001203 |p| 0.41367
    [patch] step 3400 loss 0.023606 |p| 0.41372 eval 0.063216
    [patch] step 3450 loss 0.006942 |p| 0.41371
    [patch] step 3600 loss 0.001976 |p| 0.41370 eval 0.063670
    [patch] step 3750 loss 0.034640 |p| 0.41375
    [patch] step 3800 loss 0.014708 |p| 0.41380 eval 0.063703
    [patch] step 3900 loss 0.003251 |p| 0.41381
    [patch] step 4000 loss 0.009926 |p| 0.41383 eval 0.063060
    [patch] step 4050 loss 0.083846 |p| 0.41374
    [patch] step 4200 loss 0.047102 |p| 0.41379 eval 0.062561
    [patch] step 4350 loss 0.101318 |p| 0.41376
    [patch] step 4400 loss 0.039982 |p| 0.41381 eval 0.062423
    [patch] step 4500 loss 0.001640 |p| 0.41383
    [patch] step 4600 loss 0.066815 |p| 0.41389 eval 0.062211
    [patch] step 4650 loss 0.032002 |p| 0.41390
    [patch] step 4800 loss 0.059007 |p| 0.41391 eval 0.061998
    [patch] step 4950 loss 0.000520 |p| 0.41395
    [patch] step 5000 loss 0.002224 |p| 0.41392 eval 0.062523
    [patch] step 5100 loss 0.013578 |p| 0.41396
    [patch] step 5200 loss 0.045021 |p| 0.41390 eval 0.062077
    [patch] step 5250 loss 0.000691 |p| 0.41393
    [patch] step 5400 loss 0.131082 |p| 0.41392 eval 0.061690
    [patch] step 5550 loss 0.023009 |p| 0.41399
    [patch] step 5600 loss 0.072157 |p| 0.41394 eval 0.061711
    [patch] step 5700 loss 0.006946 |p| 0.41404
    [patch] step 5800 loss 0.009854 |p| 0.41403 eval 0.063067
    [patch] step 5850 loss 0.001987 |p| 0.41403
    [patch] step 5999 loss 0.142376 |p| 0.41401 eval 0.061996
/nfs/home/nelson0314/venvs/wacv/lib/python3.11/site-packages/diffusers/image_processor.py:724: FutureWarning: Passing `image` as torch tensor with value range in [-1,1] is deprecated. The expected value range for image tensor is [0,1] when passing as pytorch tensor or numpy Array. You passed `image` with value range [-1.0,1.0]
  warnings.warn(
Loading weights:   0%|          | 0/398 [00:00<?, ?it/s]Loading weights: 100%|██████████| 398/398 [00:00<00:00, 15638.07it/s]
[transformers] Model config: bos_token_id must be `None` or an integer within the vocabulary (between 0 and 31999), got 49406. This may result in unexpected behavior.
[transformers] Model config: eos_token_id must be `None` or an integer within the vocabulary (between 0 and 31999), got 49407. This may result in unexpected behavior.
Loading weights:   0%|          | 0/408 [00:00<?, ?it/s]Loading weights:  91%|█████████▏| 373/408 [00:00<00:00, 3719.96it/s]Loading weights: 100%|██████████| 408/408 [00:00<00:00, 3739.11it/s]
task_attr_mod_color_71985        patch          r=0.0500 dists=0.1084 lpips=0.1429 effect=0.4144 (6060s)

表：runs/ip2p_patch_breadth/plain_task_attr_mod_color_71985/results.csv（1 列）
