[env] 載入 SDWrapper(CompVis/stable-diffusion-v1-4) dtype=torch.float32
Warning: You are sending unauthenticated requests to the HF Hub. Please set a HF_TOKEN to enable higher rate limits and faster downloads.
Loading pipeline components...:   0%|          | 0/6 [00:00<?, ?it/s]Loading pipeline components...:  33%|███▎      | 2/6 [00:00<00:00, 19.60it/s]
Loading weights:   0%|          | 0/196 [00:00<?, ?it/s][ALoading weights: 100%|██████████| 196/196 [00:00<00:00, 2929.57it/s]
Loading pipeline components...:  67%|██████▋   | 4/6 [00:00<00:00, 10.71it/s]Loading pipeline components...: 100%|██████████| 6/6 [00:00<00:00, 15.30it/s]
There are modules in UNet2DConditionModel that should be kept in float32: []. Casting directly with `to()` can lead to inconsistent results; set `torch_dtype` in `from_pretrained()` instead to keep these modules in float32.
There are modules in AutoencoderKL that should be kept in float32: []. Casting directly with `to()` can lead to inconsistent results; set `torch_dtype` in `from_pretrained()` instead to keep these modules in float32.
/nfs/home/nelson0314/venvs/wacv/lib/python3.11/site-packages/torchvision/models/_utils.py:207: UserWarning: The parameter 'pretrained' is deprecated since 0.13 and may be removed in the future, please use 'weights' instead.
  warnings.warn(
/nfs/home/nelson0314/venvs/wacv/lib/python3.11/site-packages/torchvision/models/_utils.py:222: UserWarning: Arguments other than a weight enum or `None` for 'weights' are deprecated since 0.13 and may be removed in the future. The current behavior is equivalent to passing `weights=VGG16_Weights.IMAGENET1K_V1`. You can also use `weights=VGG16_Weights.DEFAULT` to get the most up-to-date weights.
  warnings.warn(msg)
[env] 影像 3 張：['bird_03', 'cat_02', 'dog_03']
Loading weights:   0%|          | 0/398 [00:00<?, ?it/s]Loading weights: 100%|██████████| 398/398 [00:00<00:00, 14586.59it/s]
[transformers] Model config: bos_token_id must be `None` or an integer within the vocabulary (between 0 and 31999), got 49406. This may result in unexpected behavior.
[transformers] Model config: eos_token_id must be `None` or an integer within the vocabulary (between 0 and 31999), got 49407. This may result in unexpected behavior.
Loading weights:   0%|          | 0/408 [00:00<?, ?it/s]Loading weights:  85%|████████▌ | 347/408 [00:00<00:00, 3465.76it/s]Loading weights: 100%|██████████| 408/408 [00:00<00:00, 3489.76it/s]
  [stage default] lr=0.0001（lr.N1）上限 60 步
/nfs/home/nelson0314/WACV/src/defense/objective.py:550: UserWarning: Converting a tensor with requires_grad=True to a scalar may lead to unexpected behavior.
Consider using tensor.detach() first. (Triggered internally at /__w/pytorch/pytorch/torch/csrc/autograd/generated/python_variable_methods.cpp:822.)
  "fid_linf_total": float((xd - xr).abs().max()),
  [default] step    0  loss=0.0611  L_def=0.0611  L_fid=0.0000  |g|=8.631e-04
  [default] step   10  loss=0.0610  L_def=0.0610  L_fid=0.0000  |g|=6.671e-04
  [default] step   20  loss=0.0610  L_def=0.0610  L_fid=0.0000  |g|=4.562e-04
  [default] step   30  loss=0.0610  L_def=0.0610  L_fid=0.0000  |g|=3.794e-04
  [default] step   40  loss=0.0610  L_def=0.0610  L_fid=0.0000  |g|=3.474e-04
  [default] step   50  loss=0.0610  L_def=0.0610  L_fid=0.0000  |g|=3.184e-04
  [default] step   59  loss=0.0610  L_def=0.0610  L_fid=0.0000  |g|=3.754e-04
  [stage default] lr=0.001（lr.N1）上限 60 步
  [default] step    0  loss=0.0611  L_def=0.0611  L_fid=0.0000  |g|=8.631e-04
  [default] step   10  loss=0.0610  L_def=0.0610  L_fid=0.0000  |g|=2.363e-04
  [default] step   20  loss=0.0610  L_def=0.0610  L_fid=0.0000  |g|=2.326e-04
  [default] step   30  loss=0.0610  L_def=0.0610  L_fid=0.0000  |g|=1.997e-04
  [default] step   40  loss=0.0609  L_def=0.0609  L_fid=0.0000  |g|=2.525e-04
  [default] step   50  loss=0.0609  L_def=0.0609  L_fid=0.0000  |g|=1.401e-04
  [default] step   59  loss=0.0609  L_def=0.0609  L_fid=0.0000  |g|=1.554e-04
  [stage default] lr=0.005（lr.N1）上限 60 步
  [default] step    0  loss=0.0611  L_def=0.0611  L_fid=0.0000  |g|=8.631e-04
  [default] step   10  loss=0.0609  L_def=0.0609  L_fid=0.0000  |g|=1.661e-04
  [default] step   20  loss=0.0608  L_def=0.0608  L_fid=0.0000  |g|=2.208e-04
  [default] step   30  loss=0.0607  L_def=0.0607  L_fid=0.0000  |g|=2.237e-04
  [default] step   40  loss=0.0606  L_def=0.0606  L_fid=0.0000  |g|=1.631e-04
  [default] step   50  loss=0.0605  L_def=0.0605  L_fid=0.0000  |g|=1.850e-04
  [default] step   59  loss=0.0604  L_def=0.0604  L_fid=0.0000  |g|=1.683e-04
  [stage default] lr=0.02（lr.N1）上限 60 步
  [default] step    0  loss=0.0611  L_def=0.0611  L_fid=0.0000  |g|=8.631e-04
  [default] step   10  loss=0.0606  L_def=0.0606  L_fid=0.0000  |g|=5.021e-04
  [default] step   20  loss=0.0602  L_def=0.0602  L_fid=0.0000  |g|=1.612e-04
  [default] step   30  loss=0.0600  L_def=0.0600  L_fid=0.0000  |g|=2.177e-04
  [default] step   40  loss=0.0597  L_def=0.0597  L_fid=0.0000  |g|=1.419e-04
  [default] step   50  loss=0.0596  L_def=0.0596  L_fid=0.0000  |g|=1.345e-04
  [default] step   59  loss=0.0595  L_def=0.0595  L_fid=0.0000  |g|=1.561e-04
  [stage default] lr=0.1（lr.N1）上限 60 步
  [default] step    0  loss=0.0611  L_def=0.0611  L_fid=0.0000  |g|=8.631e-04
  [default] step   10  loss=0.0597  L_def=0.0597  L_fid=0.0000  |g|=1.339e-04
  [default] step   20  loss=0.0592  L_def=0.0592  L_fid=0.0000  |g|=1.253e-04
  [default] step   30  loss=0.0593  L_def=0.0593  L_fid=0.0000  |g|=1.359e-04
  [default] step   40  loss=0.0593  L_def=0.0593  L_fid=0.0000  |g|=1.283e-04
  [default] step   50  loss=0.0593  L_def=0.0593  L_fid=0.0000  |g|=1.572e-04
  [default] step   59  loss=0.0592  L_def=0.0592  L_fid=0.0000  |g|=1.755e-04
  [stage default] lr=0.0001（lr.N2）上限 60 步
  [default] step    0  loss=0.7171  L_def=0.7171  L_fid=0.0000  |g|=1.700e-02
  [default] step   10  loss=0.7147  L_def=0.7147  L_fid=0.0000  |g|=1.340e-02
  [default] step   20  loss=0.7158  L_def=0.7158  L_fid=0.0000  |g|=1.116e-02
  [default] step   30  loss=0.7159  L_def=0.7159  L_fid=0.0000  |g|=9.874e-03
  [default] step   40  loss=0.7147  L_def=0.7147  L_fid=0.0000  |g|=1.555e-02
  [default] step   50  loss=0.7150  L_def=0.7150  L_fid=0.0000  |g|=1.198e-02
  [default] step   59  loss=0.7148  L_def=0.7148  L_fid=0.0000  |g|=1.003e-02
  [stage default] lr=0.001（lr.N2）上限 60 步
  [default] step    0  loss=0.7171  L_def=0.7171  L_fid=0.0000  |g|=1.700e-02
  [default] step   10  loss=0.7152  L_def=0.7152  L_fid=0.0000  |g|=9.640e-03
  [default] step   20  loss=0.7129  L_def=0.7129  L_fid=0.0000  |g|=6.051e-03
  [default] step   30  loss=0.7128  L_def=0.7128  L_fid=0.0000  |g|=5.413e-03
  [default] step   40  loss=0.7115  L_def=0.7115  L_fid=0.0000  |g|=4.526e-03
  [default] step   50  loss=0.7115  L_def=0.7115  L_fid=0.0000  |g|=4.055e-03
  [default] step   59  loss=0.7123  L_def=0.7123  L_fid=0.0000  |g|=3.770e-03
  [stage default] lr=0.005（lr.N2）上限 60 步
  [default] step    0  loss=0.7171  L_def=0.7171  L_fid=0.0000  |g|=1.700e-02
  [default] step   10  loss=0.7144  L_def=0.7144  L_fid=0.0000  |g|=4.897e-03
  [default] step   20  loss=0.7114  L_def=0.7114  L_fid=0.0000  |g|=3.243e-03
  [default] step   30  loss=0.7080  L_def=0.7080  L_fid=0.0000  |g|=4.811e-03
  [default] step   40  loss=0.7063  L_def=0.7063  L_fid=0.0000  |g|=3.943e-03
  [default] step   50  loss=0.7036  L_def=0.7036  L_fid=0.0000  |g|=5.973e-03
  [default] step   59  loss=0.7029  L_def=0.7029  L_fid=0.0000  |g|=8.662e-03
  [stage default] lr=0.02（lr.N2）上限 60 步
  [default] step    0  loss=0.7171  L_def=0.7171  L_fid=0.0000  |g|=1.700e-02
  [default] step   10  loss=0.7075  L_def=0.7075  L_fid=0.0000  |g|=4.122e-03
  [default] step   20  loss=0.7010  L_def=0.7010  L_fid=0.0000  |g|=4.186e-02
  [default] step   30  loss=0.6951  L_def=0.6951  L_fid=0.0000  |g|=3.948e-03
  [default] step   40  loss=0.6909  L_def=0.6909  L_fid=0.0000  |g|=5.986e-03
  [default] step   50  loss=0.6869  L_def=0.6869  L_fid=0.0000  |g|=1.343e-02
  [default] step   59  loss=0.6842  L_def=0.6842  L_fid=0.0000  |g|=2.657e-03
  [stage default] lr=0.1（lr.N2）上限 60 步
  [default] step    0  loss=0.7171  L_def=0.7171  L_fid=0.0000  |g|=1.700e-02
  [default] step   10  loss=0.6876  L_def=0.6876  L_fid=0.0000  |g|=2.961e-03
  [default] step   20  loss=0.6739  L_def=0.6739  L_fid=0.0000  |g|=3.057e-03
  [default] step   30  loss=0.6712  L_def=0.6712  L_fid=0.0000  |g|=3.337e-03
  [default] step   40  loss=0.6699  L_def=0.6699  L_fid=0.0000  |g|=3.767e-03
  [default] step   50  loss=0.6665  L_def=0.6665  L_fid=0.0000  |g|=2.909e-03
  [default] step   59  loss=0.6631  L_def=0.6631  L_fid=0.0000  |g|=2.294e-03
  [align] group=stage1 lr=0.0001（lr.N3_stage1）60 步
  [align] 門檻取自本圖的重建下限：psnr≥30.10dB lpips≤0.1330 acut≤0.0911 chroma≤0.9714
  [align] step    0  loss=0.0000  lpips=0.1330  psnr=30.10
  [align] step   10  loss=0.0000  lpips=0.1311  psnr=30.14
  [align] step   20  loss=0.0000  lpips=0.1308  psnr=30.24
  [align] step   30  loss=0.0000  lpips=0.1307  psnr=30.28
  [align] step   40  loss=0.0000  lpips=0.1307  psnr=30.29
  [align] step   50  loss=0.0000  lpips=0.1307  psnr=30.30
  [align] step   59  loss=0.0000  lpips=0.1307  psnr=30.30
  [align] 還原第 0 步的 φ（loss=0.0000）；最後一步為 0.0000
  [align] group=stage1 lr=0.001（lr.N3_stage1）60 步
  [align] 門檻取自本圖的重建下限：psnr≥30.10dB lpips≤0.1330 acut≤0.0911 chroma≤0.9714
  [align] step    0  loss=0.0000  lpips=0.1330  psnr=30.10
  [align] step   10  loss=0.0000  lpips=0.1281  psnr=30.34
  [align] step   20  loss=0.0000  lpips=0.1292  psnr=30.36
  [align] step   30  loss=0.0000  lpips=0.1294  psnr=30.32
  [align] step   40  loss=0.0000  lpips=0.1295  psnr=30.44
  [align] step   50  loss=0.0000  lpips=0.1296  psnr=30.46
  [align] step   59  loss=0.0000  lpips=0.1297  psnr=30.47
  [align] 還原第 0 步的 φ（loss=0.0000）；最後一步為 0.0000
  [align] group=stage1 lr=0.005（lr.N3_stage1）60 步
  [align] 門檻取自本圖的重建下限：psnr≥30.10dB lpips≤0.1330 acut≤0.0911 chroma≤0.9714
  [align] step    0  loss=0.0000  lpips=0.1330  psnr=30.10
  [align] step   10  loss=172.9671  lpips=0.1579  psnr=27.59
  [align] step   20  loss=66.5051  lpips=0.1785  psnr=28.46
  [align] step   30  loss=11.9600  lpips=0.1518  psnr=28.87
  [align] step   40  loss=9.4738  lpips=0.1461  psnr=28.65
  [align] step   50  loss=92.2365  lpips=0.1452  psnr=28.84
  [align] step   59  loss=37.6479  lpips=0.1446  psnr=28.67
  [align] 還原第 0 步的 φ（loss=0.0000）；最後一步為 37.6479
  [align] group=stage1 lr=0.02（lr.N3_stage1）60 步
  [align] 門檻取自本圖的重建下限：psnr≥30.10dB lpips≤0.1330 acut≤0.0911 chroma≤0.9714
  [align] step    0  loss=0.0000  lpips=0.1330  psnr=30.10
  [align] step   10  loss=2758.8560  lpips=0.7664  psnr=8.94
  [align] step   20  loss=2583.7034  lpips=0.7658  psnr=9.01
  [align] step   30  loss=2461.6472  lpips=0.7680  psnr=8.99
  [align] step   40  loss=2057.2290  lpips=0.7568  psnr=8.89
  [align] step   50  loss=1779.9706  lpips=0.7655  psnr=8.68
  [align] step   59  loss=1489.3140  lpips=0.7496  psnr=8.88
  [align] 還原第 0 步的 φ（loss=0.0000）；最後一步為 1489.3140
  [align] group=stage1 lr=0.1（lr.N3_stage1）60 步
  [align] 門檻取自本圖的重建下限：psnr≥30.10dB lpips≤0.1330 acut≤0.0911 chroma≤0.9714
  [align] step    0  loss=0.0000  lpips=0.1330  psnr=30.10
  [align] step   10  loss=3257.4863  lpips=0.7806  psnr=8.51
  [align] step   20  loss=3153.1882  lpips=0.7736  psnr=8.67
  [align] step   30  loss=2847.8684  lpips=0.7652  psnr=8.92
  [align] step   40  loss=2951.9351  lpips=0.7596  psnr=8.94
  [align] step   46  發散：x_gen 出現非有限值，本候選就此停止
  [align] 還原第 0 步的 φ（loss=0.0000）；最後一步為 inf
  [stage stage2] lr=0.0001（lr.N3_stage2）上限 60 步
  [stage2] step    0  loss=0.0203  L_def=0.0203  L_fid=0.0000  |g|=4.798e-04
  [stage2] step   10  loss=0.0203  L_def=0.0203  L_fid=0.0000  |g|=5.373e-04
  [stage2] step   20  loss=0.0202  L_def=0.0202  L_fid=0.0000  |g|=6.116e-04
  [stage2] step   30  loss=0.0201  L_def=0.0201  L_fid=0.0000  |g|=7.587e-04
  [stage2] step   40  loss=0.0200  L_def=0.0200  L_fid=0.0000  |g|=7.999e-04
  [stage2] step   50  loss=0.0200  L_def=0.0200  L_fid=0.0000  |g|=9.084e-04
  [stage2] step   59  loss=0.0199  L_def=0.0199  L_fid=0.0000  |g|=1.058e-03
  [stage stage2] lr=0.001（lr.N3_stage2）上限 60 步
  [stage2] step    0  loss=0.0203  L_def=0.0203  L_fid=0.0000  |g|=4.798e-04
  [stage2] step   10  loss=0.0196  L_def=0.0196  L_fid=0.0000  |g|=1.160e-03
  [stage2] step   20  loss=0.0179  L_def=0.0179  L_fid=0.0000  |g|=1.992e-03
  [stage2] step   30  loss=0.0177  L_def=0.0177  L_fid=0.0000  |g|=2.018e-03
  [stage2] step   40  loss=0.0177  L_def=0.0177  L_fid=0.0000  |g|=2.030e-03
  [stage2] step   50  loss=0.0174  L_def=0.0174  L_fid=0.0000  |g|=2.100e-03
  [stage2] step   59  loss=0.0172  L_def=0.0172  L_fid=0.0000  |g|=2.150e-03
  [stage stage2] lr=0.005（lr.N3_stage2）上限 60 步
  [stage2] step    0  loss=0.0203  L_def=0.0203  L_fid=0.0000  |g|=4.798e-04
  [stage2] step   10  loss=0.0179  L_def=0.0179  L_fid=0.0000  |g|=1.896e-03
  [stage2] step   20  loss=0.0177  L_def=0.0177  L_fid=0.0000  |g|=1.865e-03
  [stage2] step   30  loss=0.0167  L_def=0.0167  L_fid=0.0000  |g|=2.078e-03
  [stage2] step   40  loss=0.0174  L_def=0.0174  L_fid=0.0000  |g|=2.150e-03
  [stage2] step   50  loss=0.0176  L_def=0.0176  L_fid=0.0000  |g|=2.134e-03
  [stage2] step   59  loss=0.0179  L_def=0.0179  L_fid=0.0000  |g|=1.967e-03
  [stage stage2] lr=0.02（lr.N3_stage2）上限 60 步
  [stage2] step    0  loss=0.0203  L_def=0.0203  L_fid=0.0000  |g|=4.798e-04
  [stage2] step   10  loss=5.7913  L_def=0.0190  L_fid=5.7723  |g|=1.000e+00
  [stage2] step   20  loss=1.7601  L_def=0.0193  L_fid=1.7408  |g|=1.000e+00
  [stage2] step   30  loss=0.0204  L_def=0.0204  L_fid=0.0000  |g|=2.221e-03
  [stage2] step   40  loss=0.0201  L_def=0.0201  L_fid=0.0000  |g|=2.377e-03
  [stage2] step   50  loss=0.0200  L_def=0.0200  L_fid=0.0000  |g|=2.019e-03
  [stage2] step   59  loss=0.0201  L_def=0.0201  L_fid=0.0000  |g|=1.712e-03
  [stage stage2] lr=0.1（lr.N3_stage2）上限 60 步
  [stage2] step    0  loss=0.0203  L_def=0.0203  L_fid=0.0000  |g|=4.798e-04
  [stage2] step   10  loss=203.9650  L_def=0.0172  L_fid=203.9478  |g|=1.000e+00
  [stage2] step   20  loss=73.6356  L_def=0.0207  L_fid=73.6149  |g|=1.000e+00
  [stage2] step   30  loss=56.3008  L_def=0.0212  L_fid=56.2796  |g|=1.000e+00
  [stage2] step   40  loss=45.5735  L_def=0.0198  L_fid=45.5537  |g|=1.000e+00
  [stage2] step   50  loss=63.0591  L_def=0.0196  L_fid=63.0395  |g|=1.000e+00
  [stage2] step   59  loss=37.3342  L_def=0.0188  L_fid=37.3154  |g|=1.000e+00

[calib] 校準表寫入 /nfs/home/nelson0314/wacv_runs/v14/calib/calibration.json
{
  "micro_bench": {
    "vae_roundtrip": 0.3979942169971764,
    "sdedit_50steps": 8.35819368204102
  },
  "precision_equiv": {
    "dtype": "float32",
    "compared": false,
    "rows": [
      {
        "op": "all",
        "dtype": "float32",
        "reference": "float32",
        "max_abs": 0.0,
        "rel_l2": 0.0,
        "psnr": Infinity,
        "note": "本批以 fp32 執行，與參考同一路徑，無須比對"
      }
    ]
  },
  "strength": {
    "recommended": 0.6,
    "mean_effect_siglip": {
      "0.3": 0.020704003361364205,
      "0.4": 0.042780449303487934,
      "0.5": 0.06042294856160879,
      "0.6": 0.07115705218166113,
      "0.7": 0.0711002191528678,
      "0.8": 0.0684347019220392
    }
  },
  "editable": {
    "threshold": 0.0,
    "passed": [
      "bird_03",
      "cat_02",
      "dog_03"
    ],
    "n_passed": 3,
    "n_total": 3
  },
  "warp_reach": {
    "min_lpips_at_bound": 0.46549534797668457,
    "covers_train_tau": true
  },
  "calibration_keys": [
    "lr.N1",
    "lr.N2",
    "lr.N3_stage1",
    "lr.N3_stage2",
    "precision_equiv.all.rel_l2",
    "stop_tol.edit_shift",
    "stop_tol.shared_mass",
    "strength.recommended",
    "warp.min_lpips_at_bound"
  ]
}
[exit 0]
