Loading pipeline components...:   0%|          | 0/6 [00:00<?, ?it/s]Loading pipeline components...:  33%|███▎      | 2/6 [00:00<00:00, 16.90it/s]
Loading weights:   0%|          | 0/196 [00:00<?, ?it/s][ALoading weights: 100%|██████████| 196/196 [00:00<00:00, 3610.33it/s]
Loading pipeline components...:  83%|████████▎ | 5/6 [00:00<00:00, 12.19it/s]Loading pipeline components...: 100%|██████████| 6/6 [00:00<00:00, 10.33it/s]
There are modules in AutoencoderKL that should be kept in float32: []. Casting directly with `to()` can lead to inconsistent results; set `torch_dtype` in `from_pretrained()` instead to keep these modules in float32.
/nfs/home/nelson0314/venvs/wacv/lib/python3.11/site-packages/torchvision/models/_utils.py:207: UserWarning: The parameter 'pretrained' is deprecated since 0.13 and may be removed in the future, please use 'weights' instead.
  warnings.warn(
/nfs/home/nelson0314/venvs/wacv/lib/python3.11/site-packages/torchvision/models/_utils.py:222: UserWarning: Arguments other than a weight enum or `None` for 'weights' are deprecated since 0.13 and may be removed in the future. The current behavior is equivalent to passing `weights=VGG16_Weights.IMAGENET1K_V1`. You can also use `weights=VGG16_Weights.DEFAULT` to get the most up-to-date weights.
  warnings.warn(msg)
IP2P 線：13 張、條件 ['phase_gain']、steps=100 s_T=7.5 s_I=1.5 seed=20260812
/nfs/home/nelson0314/venvs/wacv/lib/python3.11/site-packages/diffusers/image_processor.py:724: FutureWarning: Passing `image` as torch tensor with value range in [-1,1] is deprecated. The expected value range for image tensor is [0,1] when passing as pytorch tensor or numpy Array. You passed `image` with value range [-1.0,1.0]
  warnings.warn(
Warning: You are sending unauthenticated requests to the HF Hub. Please set a HF_TOKEN to enable higher rate limits and faster downloads.
Loading weights:   0%|          | 0/398 [00:00<?, ?it/s]Loading weights: 100%|██████████| 398/398 [00:00<00:00, 9881.69it/s]
[transformers] Model config: bos_token_id must be `None` or an integer within the vocabulary (between 0 and 31999), got 49406. This may result in unexpected behavior.
[transformers] Model config: eos_token_id must be `None` or an integer within the vocabulary (between 0 and 31999), got 49407. This may result in unexpected behavior.
Loading weights:   0%|          | 0/408 [00:00<?, ?it/s]Loading weights:  67%|██████▋   | 272/408 [00:00<00:00, 2716.68it/s]Loading weights: 100%|██████████| 408/408 [00:00<00:00, 2754.89it/s]
task_attr_mod_color_11699        phase_gain     r=0.9000 dists=0.1354 lpips=0.4256 effect=0.3895 keep=0.783 (408s)
task_attr_mod_color_136767       phase_gain     r=0.9000 dists=0.1376 lpips=0.4027 effect=0.4187 keep=0.752 (400s)
task_attr_mod_color_184837       phase_gain     r=0.9000 dists=0.1476 lpips=0.4168 effect=0.4889 keep=0.880 (398s)
task_attr_mod_color_32648        phase_gain     r=0.9000 dists=0.1716 lpips=0.5243 effect=0.4176 keep=0.498 (398s)
task_attr_mod_color_6205         phase_gain     r=0.9000 dists=0.1461 lpips=0.4314 effect=0.4676 keep=0.647 (398s)
task_env_weather_112463          phase_gain     r=0.9000 dists=0.0880 lpips=0.5113 effect=0.3479 keep=0.623 (398s)
task_env_weather_246440          phase_gain     r=0.9000 dists=0.0979 lpips=0.3577 effect=0.4913 keep=0.911 (398s)
task_env_weather_63722           phase_gain     r=0.9000 dists=0.1217 lpips=0.4205 effect=0.4361 keep=0.796 (399s)
task_obj_add_40931               phase_gain     r=0.9000 dists=0.1321 lpips=0.4568 effect=0.4412 keep=0.776 (398s)
task_obj_remove_380621           phase_gain     r=0.9000 dists=0.1488 lpips=0.4581 effect=0.4556 keep=0.753 (398s)
task_obj_swap_joint_mask_276754  phase_gain     r=0.9000 dists=0.1374 lpips=0.4366 effect=0.4983 keep=0.859 (398s)
task_obj_swap_joint_mask_533428  phase_gain     r=0.9000 dists=0.1252 lpips=0.4347 effect=0.5566 keep=0.818 (398s)
task_obj_swap_rand_mask_417469   phase_gain     r=0.9000 dists=0.1124 lpips=0.4287 effect=0.5213 keep=0.774 (398s)

表：runs/ip2p_deliver_jpeg/qd75_r09/results.csv（13 列）
