Warning: You are sending unauthenticated requests to the HF Hub. Please set a HF_TOKEN to enable higher rate limits and faster downloads.
Loading pipeline components...:   0%|          | 0/6 [00:00<?, ?it/s]Loading pipeline components...:  17%|█▋        | 1/6 [00:00<00:01,  3.35it/s]Loading pipeline components...:  33%|███▎      | 2/6 [00:00<00:00,  4.49it/s]
Loading weights:   0%|          | 0/196 [00:00<?, ?it/s][ALoading weights: 100%|██████████| 196/196 [00:00<00:00, 2810.19it/s]
Loading pipeline components...:  83%|████████▎ | 5/6 [00:00<00:00,  9.04it/s]Loading pipeline components...: 100%|██████████| 6/6 [00:00<00:00,  7.86it/s]
There are modules in AutoencoderKL that should be kept in float32: []. Casting directly with `to()` can lead to inconsistent results; set `torch_dtype` in `from_pretrained()` instead to keep these modules in float32.
/nfs/home/nelson0314/venvs/wacv/lib/python3.11/site-packages/torchvision/models/_utils.py:207: UserWarning: The parameter 'pretrained' is deprecated since 0.13 and may be removed in the future, please use 'weights' instead.
  warnings.warn(
/nfs/home/nelson0314/venvs/wacv/lib/python3.11/site-packages/torchvision/models/_utils.py:222: UserWarning: Arguments other than a weight enum or `None` for 'weights' are deprecated since 0.13 and may be removed in the future. The current behavior is equivalent to passing `weights=VGG16_Weights.IMAGENET1K_V1`. You can also use `weights=VGG16_Weights.DEFAULT` to get the most up-to-date weights.
  warnings.warn(msg)
IP2P 線：13 張、條件 ['phase_gain']、steps=100 s_T=7.5 s_I=1.5 seed=20260812
/nfs/home/nelson0314/venvs/wacv/lib/python3.11/site-packages/diffusers/image_processor.py:724: FutureWarning: Passing `image` as torch tensor with value range in [-1,1] is deprecated. The expected value range for image tensor is [0,1] when passing as pytorch tensor or numpy Array. You passed `image` with value range [-1.0,1.0]
  warnings.warn(
Loading weights:   0%|          | 0/398 [00:00<?, ?it/s]Loading weights: 100%|██████████| 398/398 [00:00<00:00, 8622.19it/s]
[transformers] Model config: bos_token_id must be `None` or an integer within the vocabulary (between 0 and 31999), got 49406. This may result in unexpected behavior.
[transformers] Model config: eos_token_id must be `None` or an integer within the vocabulary (between 0 and 31999), got 49407. This may result in unexpected behavior.
Loading weights:   0%|          | 0/408 [00:00<?, ?it/s]Loading weights:  72%|███████▏  | 295/408 [00:00<00:00, 2948.45it/s]Loading weights: 100%|██████████| 408/408 [00:00<00:00, 2822.51it/s]
task_attr_mod_color_11699        phase_gain     r=2.0000 dists=0.1754 lpips=0.5572 effect=0.5239 keep=0.959 (407s)
task_attr_mod_color_136767       phase_gain     r=2.0000 dists=0.2195 lpips=0.5432 effect=0.6044 keep=0.954 (394s)
task_attr_mod_color_184837       phase_gain     r=2.0000 dists=0.2448 lpips=0.5511 effect=0.7367 keep=0.979 (395s)
task_attr_mod_color_32648        phase_gain     r=2.0000 dists=0.1952 lpips=0.6247 effect=0.4854 keep=0.832 (395s)
task_attr_mod_color_6205         phase_gain     r=2.0000 dists=0.1946 lpips=0.5704 effect=0.6606 keep=0.902 (395s)
task_env_weather_112463          phase_gain     r=2.0000 dists=0.1267 lpips=0.6156 effect=0.7772 keep=0.904 (395s)
task_env_weather_246440          phase_gain     r=2.0000 dists=0.1752 lpips=0.4751 effect=0.6239 keep=0.977 (393s)
task_env_weather_63722           phase_gain     r=2.0000 dists=0.1590 lpips=0.5552 effect=0.5523 keep=0.963 (392s)
task_obj_add_40931               phase_gain     r=2.0000 dists=0.2154 lpips=0.5674 effect=0.5876 keep=0.971 (392s)
task_obj_remove_380621           phase_gain     r=2.0000 dists=0.1783 lpips=0.5893 effect=0.6997 keep=0.938 (392s)
task_obj_swap_joint_mask_276754  phase_gain     r=2.0000 dists=0.2226 lpips=0.5078 effect=0.6749 keep=0.956 (391s)
task_obj_swap_joint_mask_533428  phase_gain     r=2.0000 dists=0.1950 lpips=0.5531 effect=0.6514 keep=0.972 (392s)
task_obj_swap_rand_mask_417469   phase_gain     r=2.0000 dists=0.1793 lpips=0.5720 effect=0.7070 keep=0.954 (391s)

表：runs/ip2p_deliver_jpeg/qd85/results.csv（13 列）
