Loading pipeline components...:   0%|          | 0/6 [00:00<?, ?it/s]Loading pipeline components...:  50%|█████     | 3/6 [00:00<00:00, 26.69it/s]
Loading weights:   0%|          | 0/196 [00:00<?, ?it/s][ALoading weights: 100%|██████████| 196/196 [00:00<00:00, 3079.66it/s]
Loading pipeline components...: 100%|██████████| 6/6 [00:00<00:00, 12.59it/s]Loading pipeline components...: 100%|██████████| 6/6 [00:00<00:00, 13.67it/s]
There are modules in AutoencoderKL that should be kept in float32: []. Casting directly with `to()` can lead to inconsistent results; set `torch_dtype` in `from_pretrained()` instead to keep these modules in float32.
/nfs/home/nelson0314/venvs/wacv/lib/python3.11/site-packages/torchvision/models/_utils.py:207: UserWarning: The parameter 'pretrained' is deprecated since 0.13 and may be removed in the future, please use 'weights' instead.
  warnings.warn(
/nfs/home/nelson0314/venvs/wacv/lib/python3.11/site-packages/torchvision/models/_utils.py:222: UserWarning: Arguments other than a weight enum or `None` for 'weights' are deprecated since 0.13 and may be removed in the future. The current behavior is equivalent to passing `weights=VGG16_Weights.IMAGENET1K_V1`. You can also use `weights=VGG16_Weights.DEFAULT` to get the most up-to-date weights.
  warnings.warn(msg)
IP2P 線：13 張、條件 ['phase_gain']、steps=100 s_T=7.5 s_I=1.5 seed=20260812
/nfs/home/nelson0314/venvs/wacv/lib/python3.11/site-packages/diffusers/image_processor.py:724: FutureWarning: Passing `image` as torch tensor with value range in [-1,1] is deprecated. The expected value range for image tensor is [0,1] when passing as pytorch tensor or numpy Array. You passed `image` with value range [-1.0,1.0]
  warnings.warn(
Warning: You are sending unauthenticated requests to the HF Hub. Please set a HF_TOKEN to enable higher rate limits and faster downloads.
Loading weights:   0%|          | 0/398 [00:00<?, ?it/s]Loading weights: 100%|██████████| 398/398 [00:00<00:00, 10841.23it/s]
[transformers] Model config: bos_token_id must be `None` or an integer within the vocabulary (between 0 and 31999), got 49406. This may result in unexpected behavior.
[transformers] Model config: eos_token_id must be `None` or an integer within the vocabulary (between 0 and 31999), got 49407. This may result in unexpected behavior.
Loading weights:   0%|          | 0/408 [00:00<?, ?it/s]Loading weights:  80%|████████  | 328/408 [00:00<00:00, 3253.34it/s]Loading weights: 100%|██████████| 408/408 [00:00<00:00, 3188.27it/s]
task_attr_mod_color_11699        phase_gain     r=1.5000 dists=0.1576 lpips=0.5398 effect=0.4687 keep=0.948 (413s)
task_attr_mod_color_136767       phase_gain     r=1.5000 dists=0.1922 lpips=0.5172 effect=0.5870 keep=0.938 (407s)
task_attr_mod_color_184837       phase_gain     r=1.5000 dists=0.2174 lpips=0.5265 effect=0.6490 keep=0.977 (404s)
task_attr_mod_color_32648        phase_gain     r=1.5000 dists=0.1804 lpips=0.6154 effect=0.4892 keep=0.801 (404s)
task_attr_mod_color_6205         phase_gain     r=1.5000 dists=0.1762 lpips=0.5432 effect=0.6252 keep=0.883 (404s)
task_env_weather_112463          phase_gain     r=1.5000 dists=0.1149 lpips=0.6054 effect=0.7578 keep=0.885 (402s)
task_env_weather_246440          phase_gain     r=1.5000 dists=0.1389 lpips=0.4480 effect=0.6060 keep=0.975 (402s)
task_env_weather_63722           phase_gain     r=1.5000 dists=0.1413 lpips=0.5272 effect=0.5166 keep=0.952 (402s)
task_obj_add_40931               phase_gain     r=1.5000 dists=0.1833 lpips=0.5447 effect=0.5648 keep=0.959 (402s)
task_obj_remove_380621           phase_gain     r=1.5000 dists=0.1614 lpips=0.5698 effect=0.6212 keep=0.926 (402s)
task_obj_swap_joint_mask_276754  phase_gain     r=1.5000 dists=0.1890 lpips=0.4862 effect=0.6710 keep=0.953 (402s)
task_obj_swap_joint_mask_533428  phase_gain     r=1.5000 dists=0.1630 lpips=0.5209 effect=0.6684 keep=0.965 (402s)
task_obj_swap_rand_mask_417469   phase_gain     r=1.5000 dists=0.1495 lpips=0.5441 effect=0.7255 keep=0.944 (401s)

表：runs/ip2p_deliver_jpeg/qd85_r15/results.csv（13 列）
