Warning: You are sending unauthenticated requests to the HF Hub. Please set a HF_TOKEN to enable higher rate limits and faster downloads.
Loading pipeline components...:   0%|          | 0/6 [00:00<?, ?it/s]Loading pipeline components...:  33%|███▎      | 2/6 [00:00<00:00, 16.91it/s]
Loading weights:   0%|          | 0/196 [00:00<?, ?it/s][ALoading weights: 100%|██████████| 196/196 [00:00<00:00, 3794.21it/s]
Loading pipeline components...:  67%|██████▋   | 4/6 [00:00<00:00, 13.02it/s]Loading pipeline components...: 100%|██████████| 6/6 [00:00<00:00, 13.64it/s]Loading pipeline components...: 100%|██████████| 6/6 [00:00<00:00, 13.79it/s]
There are modules in AutoencoderKL that should be kept in float32: []. Casting directly with `to()` can lead to inconsistent results; set `torch_dtype` in `from_pretrained()` instead to keep these modules in float32.
/nfs/home/nelson0314/venvs/wacv/lib/python3.11/site-packages/torchvision/models/_utils.py:207: UserWarning: The parameter 'pretrained' is deprecated since 0.13 and may be removed in the future, please use 'weights' instead.
  warnings.warn(
/nfs/home/nelson0314/venvs/wacv/lib/python3.11/site-packages/torchvision/models/_utils.py:222: UserWarning: Arguments other than a weight enum or `None` for 'weights' are deprecated since 0.13 and may be removed in the future. The current behavior is equivalent to passing `weights=VGG16_Weights.IMAGENET1K_V1`. You can also use `weights=VGG16_Weights.DEFAULT` to get the most up-to-date weights.
  warnings.warn(msg)
IP2P 線：55 張、條件 ['phase', 'dct_shield']、steps=100 s_T=7.5 s_I=1.5 seed=20260812
/nfs/home/nelson0314/venvs/wacv/lib/python3.11/site-packages/diffusers/image_processor.py:724: FutureWarning: Passing `image` as torch tensor with value range in [-1,1] is deprecated. The expected value range for image tensor is [0,1] when passing as pytorch tensor or numpy Array. You passed `image` with value range [-1.0,1.0]
  warnings.warn(
Loading weights:   0%|          | 0/398 [00:00<?, ?it/s]Loading weights: 100%|██████████| 398/398 [00:00<00:00, 12840.23it/s]
[transformers] Model config: bos_token_id must be `None` or an integer within the vocabulary (between 0 and 31999), got 49406. This may result in unexpected behavior.
[transformers] Model config: eos_token_id must be `None` or an integer within the vocabulary (between 0 and 31999), got 49407. This may result in unexpected behavior.
Loading weights:   0%|          | 0/408 [00:00<?, ?it/s]Loading weights:  93%|█████████▎| 378/408 [00:00<00:00, 3777.38it/s]Loading weights: 100%|██████████| 408/408 [00:00<00:00, 3784.02it/s]
task_attr_mod_color_123744       clip_gain=-0.0047 lpips=0.2332 (31s)
task_attr_mod_color_126580       clip_gain=+0.0111 lpips=0.2400 (21s)
task_attr_mod_color_158070       clip_gain=+0.0140 lpips=0.3897 (21s)
task_attr_mod_color_164237       clip_gain=-0.0130 lpips=0.3617 (21s)
task_attr_mod_color_174506       clip_gain=+0.0183 lpips=0.3832 (21s)
task_attr_mod_color_175843       clip_gain=+0.0367 lpips=0.2680 (21s)
task_attr_mod_color_202962       clip_gain=-0.0279 lpips=0.2591 (21s)
task_attr_mod_color_229454       clip_gain=+0.0157 lpips=0.2536 (21s)
task_attr_mod_color_30214        clip_gain=+0.0225 lpips=0.3442 (21s)
task_attr_mod_color_47418        clip_gain=+0.0054 lpips=0.4417 (21s)
task_attr_mod_color_6065         clip_gain=+0.0262 lpips=0.3150 (21s)
task_env_weather_114555          clip_gain=+0.0177 lpips=0.2620 (21s)
task_env_weather_116980          clip_gain=+0.0273 lpips=0.3786 (21s)
task_env_weather_126577          clip_gain=+0.0565 lpips=0.4464 (21s)
task_env_weather_132698          clip_gain=+0.0123 lpips=0.2849 (21s)
task_env_weather_146611          clip_gain=+0.0250 lpips=0.2662 (21s)
task_env_weather_195273          clip_gain=+0.0648 lpips=0.3200 (21s)
task_env_weather_217577          clip_gain=+0.0348 lpips=0.4187 (21s)
task_env_weather_226185          clip_gain=+0.0393 lpips=0.2714 (21s)
task_env_weather_231482          clip_gain=+0.0198 lpips=0.2818 (21s)
task_env_weather_262001          clip_gain=+0.0111 lpips=0.2947 (21s)
task_env_weather_39740           clip_gain=+0.0693 lpips=0.3844 (21s)
task_env_weather_52051           clip_gain=+0.0191 lpips=0.3516 (21s)
task_env_weather_59863           clip_gain=+0.0409 lpips=0.3667 (21s)
task_env_weather_61151           clip_gain=+0.0024 lpips=0.2366 (21s)
task_env_weather_70149           clip_gain=+0.0252 lpips=0.3672 (21s)
task_env_weather_85610           clip_gain=+0.0033 lpips=0.3376 (21s)
task_env_weather_86691           clip_gain=+0.0403 lpips=0.3135 (21s)
task_obj_add_161232              clip_gain=+0.0058 lpips=0.2735 (21s)
/nfs/home/nelson0314/venvs/wacv/lib/python3.11/site-packages/diffusers/image_processor.py:724: FutureWarning: Passing `image` as torch tensor with value range in [-1,1] is deprecated. The expected value range for image tensor is [0,1] when passing as pytorch tensor or numpy Array. You passed `image` with value range [-1.0,0.9058823585510254]
  warnings.warn(
task_obj_add_290491              clip_gain=+0.0025 lpips=0.2731 (21s)
task_obj_add_345721              clip_gain=+0.0208 lpips=0.2925 (21s)
task_obj_add_44802               clip_gain=+0.0686 lpips=0.4153 (21s)
task_obj_add_458919              clip_gain=-0.0016 lpips=0.2475 (21s)
task_obj_add_531333              clip_gain=+0.0469 lpips=0.3863 (21s)
task_obj_add_583252              clip_gain=+0.0420 lpips=0.4046 (21s)
task_obj_add_685213              clip_gain=+0.0444 lpips=0.4132 (21s)
task_obj_add_767982              clip_gain=+0.0187 lpips=0.2867 (21s)
task_obj_remove_157386           clip_gain=-0.0018 lpips=0.3436 (21s)
task_obj_remove_228800           clip_gain=-0.0010 lpips=0.2766 (21s)
task_obj_remove_271889           clip_gain=+0.0422 lpips=0.4217 (21s)
task_obj_remove_303082           clip_gain=+0.0013 lpips=0.3128 (21s)
task_obj_remove_483219           clip_gain=-0.0115 lpips=0.2208 (21s)
task_obj_remove_571780           clip_gain=-0.0151 lpips=0.2269 (21s)
/nfs/home/nelson0314/venvs/wacv/lib/python3.11/site-packages/diffusers/image_processor.py:724: FutureWarning: Passing `image` as torch tensor with value range in [-1,1] is deprecated. The expected value range for image tensor is [0,1] when passing as pytorch tensor or numpy Array. You passed `image` with value range [-1.0,0.7176470756530762]
  warnings.warn(
task_obj_remove_606694           clip_gain=+0.0015 lpips=0.2824 (21s)
task_obj_remove_704852           clip_gain=-0.0425 lpips=0.2342 (21s)
task_obj_remove_737102           clip_gain=+0.0106 lpips=0.2220 (21s)
task_obj_remove_869495           clip_gain=+0.0094 lpips=0.2388 (21s)
task_obj_remove_899279           clip_gain=-0.0031 lpips=0.3164 (21s)
task_obj_swap_joint_mask_310537  clip_gain=+0.0038 lpips=0.4019 (21s)
task_obj_swap_joint_mask_698465  clip_gain=-0.0291 lpips=0.3335 (21s)
task_obj_swap_rand_mask_11376    clip_gain=+0.0284 lpips=0.3351 (21s)
task_obj_swap_rand_mask_116052   clip_gain=+0.0004 lpips=0.2543 (21s)
/nfs/home/nelson0314/venvs/wacv/lib/python3.11/site-packages/diffusers/image_processor.py:724: FutureWarning: Passing `image` as torch tensor with value range in [-1,1] is deprecated. The expected value range for image tensor is [0,1] when passing as pytorch tensor or numpy Array. You passed `image` with value range [-0.9372549057006836,1.0]
  warnings.warn(
task_obj_swap_rand_mask_401099   clip_gain=+0.0263 lpips=0.3939 (21s)
task_obj_swap_rand_mask_660100   clip_gain=-0.0115 lpips=0.2273 (21s)
task_obj_swap_rand_mask_79926    clip_gain=+0.0010 lpips=0.2326 (21s)

表：runs/ip2p_obedience_screen/check.csv（55 列）
