Warning: You are sending unauthenticated requests to the HF Hub. Please set a HF_TOKEN to enable higher rate limits and faster downloads.
Loading pipeline components...:   0%|          | 0/6 [00:00<?, ?it/s]Loading pipeline components...:  50%|█████     | 3/6 [00:00<00:00, 29.03it/s]
Loading weights:   0%|          | 0/196 [00:00<?, ?it/s][ALoading weights: 100%|██████████| 196/196 [00:00<00:00, 3463.74it/s]
Loading pipeline components...: 100%|██████████| 6/6 [00:00<00:00, 13.53it/s]Loading pipeline components...: 100%|██████████| 6/6 [00:00<00:00, 14.70it/s]
There are modules in UNet2DConditionModel that should be kept in float32: []. Casting directly with `to()` can lead to inconsistent results; set `torch_dtype` in `from_pretrained()` instead to keep these modules in float32.
There are modules in AutoencoderKL that should be kept in float32: []. Casting directly with `to()` can lead to inconsistent results; set `torch_dtype` in `from_pretrained()` instead to keep these modules in float32.
/nfs/home/nelson0314/venvs/wacv/lib/python3.11/site-packages/torchvision/models/_utils.py:207: UserWarning: The parameter 'pretrained' is deprecated since 0.13 and may be removed in the future, please use 'weights' instead.
  warnings.warn(
/nfs/home/nelson0314/venvs/wacv/lib/python3.11/site-packages/torchvision/models/_utils.py:222: UserWarning: Arguments other than a weight enum or `None` for 'weights' are deprecated since 0.13 and may be removed in the future. The current behavior is equivalent to passing `weights=VGG16_Weights.IMAGENET1K_V1`. You can also use `weights=VGG16_Weights.DEFAULT` to get the most up-to-date weights.
  warnings.warn(msg)

########## bird_00 (bird) ##########
=== bird_00 / phase__d0.0434 ===
Loading pretrained model NIMA from /nfs/home/nelson0314/.cache/torch/hub/pyiqa/NIMA_InceptionV2_ava-b0c77c00.pth
Loading pretrained model CNNIQA from /nfs/home/nelson0314/.cache/torch/hub/pyiqa/CNNIQA_koniq10k-e6f14c91.pth
Loading weights:   0%|          | 0/398 [00:00<?, ?it/s]Loading weights: 100%|██████████| 398/398 [00:00<00:00, 10418.42it/s]
Loading weights:   0%|          | 0/398 [00:00<?, ?it/s]Loading weights: 100%|██████████| 398/398 [00:00<00:00, 10692.97it/s]
[transformers] Model config: bos_token_id must be `None` or an integer within the vocabulary (between 0 and 31999), got 49406. This may result in unexpected behavior.
[transformers] Model config: eos_token_id must be `None` or an integer within the vocabulary (between 0 and 31999), got 49407. This may result in unexpected behavior.
Loading weights:   0%|          | 0/408 [00:00<?, ?it/s]Loading weights:  77%|███████▋  | 313/408 [00:00<00:00, 3128.10it/s]Loading weights: 100%|██████████| 408/408 [00:00<00:00, 3064.96it/s]
{'image': 'bird_00', 'condition': 'phase', 'prompt_index': 0, 'prompt': 'a butterfly', 'block': 32, 'r_min': 0.12, 'quantile': 0.5, 'target_image': 'data/targets/gray.png', 'budget_target': 0.0434, 'budget_mode': 'dists', 'budget_reached': 0.04207, 'unreachable': False, 'radius': 1.20935, 'total_seconds': 84.9, 'fid_lpips': 0.1605, 'fid_ssim': 0.9716, 'fid_dists': 0.0421, 'fid_psnr': 32.9804, 'fid_clip_img': 0.9961, 'fid_nima': 5.3784, 'fid_cnniqa': 0.7141, 'edit_lpips': 0.6043, 'edit_clip_orig': 0.2715, 'edit_clip_def': 0.2796, 'edit_clip_drop': -0.0081, 'edit_siglip_orig': 0.106, 'edit_siglip_def': 0.0789, 'edit_siglip_drop': 0.0271, 'amp_dev': 0.0174, 'active_fraction': 0.3902}
=== bird_00 / phase_rand__d0.0434 ===
{'image': 'bird_00', 'condition': 'phase_rand', 'prompt_index': 0, 'prompt': 'a butterfly', 'block': 32, 'r_min': 0.12, 'quantile': 0.5, 'target_image': 'data/targets/gray.png', 'budget_target': 0.0434, 'budget_mode': 'dists', 'budget_reached': 0.04167, 'unreachable': False, 'radius': 1.01612, 'total_seconds': 11.0, 'fid_lpips': 0.0491, 'fid_ssim': 0.9829, 'fid_dists': 0.0417, 'fid_psnr': 35.6656, 'fid_clip_img': 0.9976, 'fid_nima': 5.3012, 'fid_cnniqa': 0.7129, 'edit_lpips': 0.184, 'edit_clip_orig': 0.2715, 'edit_clip_def': 0.2799, 'edit_clip_drop': -0.0083, 'edit_siglip_orig': 0.106, 'edit_siglip_def': 0.1095, 'edit_siglip_drop': -0.0035, 'amp_dev': 0.01306, 'active_fraction': 0.3902}

########## bird_01 (bird) ##########
=== bird_01 / phase__d0.0434 ===
{'image': 'bird_01', 'condition': 'phase', 'prompt_index': 0, 'prompt': 'a butterfly', 'block': 32, 'r_min': 0.12, 'quantile': 0.5, 'target_image': 'data/targets/gray.png', 'budget_target': 0.0434, 'budget_mode': 'dists', 'budget_reached': 0.04356, 'unreachable': False, 'radius': 0.8229, 'total_seconds': 54.8, 'fid_lpips': 0.2198, 'fid_ssim': 0.9695, 'fid_dists': 0.0436, 'fid_psnr': 32.9727, 'fid_clip_img': 0.9969, 'fid_nima': 5.0003, 'fid_cnniqa': 0.7206, 'edit_lpips': 0.5447, 'edit_clip_orig': 0.2765, 'edit_clip_def': 0.2997, 'edit_clip_drop': -0.0232, 'edit_siglip_orig': 0.1118, 'edit_siglip_def': 0.1095, 'edit_siglip_drop': 0.0023, 'amp_dev': 0.01755, 'active_fraction': 0.5692}
=== bird_01 / phase_rand__d0.0434 ===
{'image': 'bird_01', 'condition': 'phase_rand', 'prompt_index': 0, 'prompt': 'a butterfly', 'block': 32, 'r_min': 0.12, 'quantile': 0.5, 'target_image': 'data/targets/gray.png', 'budget_target': 0.0434, 'budget_mode': 'dists', 'budget_reached': 0.04259, 'unreachable': False, 'radius': 0.96782, 'total_seconds': 11.3, 'fid_lpips': 0.0509, 'fid_ssim': 0.9746, 'fid_dists': 0.0426, 'fid_psnr': 33.8729, 'fid_clip_img': 0.9979, 'fid_nima': 4.92, 'fid_cnniqa': 0.7107, 'edit_lpips': 0.1689, 'edit_clip_orig': 0.2765, 'edit_clip_def': 0.2786, 'edit_clip_drop': -0.0021, 'edit_siglip_orig': 0.1118, 'edit_siglip_def': 0.1129, 'edit_siglip_drop': -0.0011, 'amp_dev': 0.01689, 'active_fraction': 0.5692}

########## bird_02 (bird) ##########
=== bird_02 / phase__d0.0434 ===
{'image': 'bird_02', 'condition': 'phase', 'prompt_index': 0, 'prompt': 'a butterfly', 'block': 32, 'r_min': 0.12, 'quantile': 0.5, 'target_image': 'data/targets/gray.png', 'budget_target': 0.0434, 'budget_mode': 'dists', 'budget_reached': 0.04145, 'unreachable': False, 'radius': 1.30596, 'total_seconds': 99.5, 'fid_lpips': 0.3966, 'fid_ssim': 0.9588, 'fid_dists': 0.0415, 'fid_psnr': 33.9294, 'fid_clip_img': 0.9957, 'fid_nima': 4.341, 'fid_cnniqa': 0.5867, 'edit_lpips': 0.5631, 'edit_clip_orig': 0.2817, 'edit_clip_def': 0.2569, 'edit_clip_drop': 0.0248, 'edit_siglip_orig': 0.109, 'edit_siglip_def': 0.0893, 'edit_siglip_drop': 0.0198, 'amp_dev': 0.01996, 'active_fraction': 0.6916}
=== bird_02 / phase_rand__d0.0434 ===
{'image': 'bird_02', 'condition': 'phase_rand', 'prompt_index': 0, 'prompt': 'a butterfly', 'block': 32, 'r_min': 0.12, 'quantile': 0.5, 'target_image': 'data/targets/gray.png', 'budget_target': 0.0434, 'budget_mode': 'dists', 'budget_reached': 0.04334, 'unreachable': False, 'radius': 1.30596, 'total_seconds': 11.3, 'fid_lpips': 0.0705, 'fid_ssim': 0.9673, 'fid_dists': 0.0433, 'fid_psnr': 35.4093, 'fid_clip_img': 0.9967, 'fid_nima': 4.2731, 'fid_cnniqa': 0.5662, 'edit_lpips': 0.0945, 'edit_clip_orig': 0.2817, 'edit_clip_def': 0.2728, 'edit_clip_drop': 0.0089, 'edit_siglip_orig': 0.109, 'edit_siglip_def': 0.1081, 'edit_siglip_drop': 0.0009, 'amp_dev': 0.01822, 'active_fraction': 0.6916}

########## bird_03 (bird) ##########
=== bird_03 / phase__d0.0434 ===
{'image': 'bird_03', 'condition': 'phase', 'prompt_index': 0, 'prompt': 'a butterfly', 'block': 32, 'r_min': 0.12, 'quantile': 0.5, 'target_image': 'data/targets/gray.png', 'budget_target': 0.0434, 'budget_mode': 'dists', 'budget_reached': 0.04508, 'unreachable': False, 'radius': 2.07886, 'total_seconds': 99.8, 'fid_lpips': 0.236, 'fid_ssim': 0.9352, 'fid_dists': 0.0451, 'fid_psnr': 32.294, 'fid_clip_img': 0.9954, 'fid_nima': 5.3682, 'fid_cnniqa': 0.7141, 'edit_lpips': 0.5973, 'edit_clip_orig': 0.2725, 'edit_clip_def': 0.2853, 'edit_clip_drop': -0.0128, 'edit_siglip_orig': 0.1038, 'edit_siglip_def': 0.101, 'edit_siglip_drop': 0.0029, 'amp_dev': 0.02129, 'active_fraction': 0.4617}
=== bird_03 / phase_rand__d0.0434 ===
{'image': 'bird_03', 'condition': 'phase_rand', 'prompt_index': 0, 'prompt': 'a butterfly', 'block': 32, 'r_min': 0.12, 'quantile': 0.5, 'target_image': 'data/targets/gray.png', 'budget_target': 0.0434, 'budget_mode': 'dists', 'budget_reached': 0.04342, 'unreachable': False, 'radius': 1.40257, 'total_seconds': 11.3, 'fid_lpips': 0.0769, 'fid_ssim': 0.9625, 'fid_dists': 0.0434, 'fid_psnr': 34.9584, 'fid_clip_img': 0.9961, 'fid_nima': 5.5146, 'fid_cnniqa': 0.7108, 'edit_lpips': 0.1687, 'edit_clip_orig': 0.2725, 'edit_clip_def': 0.2686, 'edit_clip_drop': 0.0039, 'edit_siglip_orig': 0.1038, 'edit_siglip_def': 0.1056, 'edit_siglip_drop': -0.0018, 'amp_dev': 0.01509, 'active_fraction': 0.4617}

########## cat_00 (cat) ##########
=== cat_00 / phase__d0.0434 ===
{'image': 'cat_00', 'condition': 'phase', 'prompt_index': 0, 'prompt': 'a dog', 'block': 32, 'r_min': 0.12, 'quantile': 0.5, 'target_image': 'data/targets/gray.png', 'budget_target': 0.0434, 'budget_mode': 'dists', 'budget_reached': 0.04516, 'unreachable': False, 'radius': 1.40257, 'total_seconds': 85.0, 'fid_lpips': 0.2841, 'fid_ssim': 0.9102, 'fid_dists': 0.0452, 'fid_psnr': 23.3284, 'fid_clip_img': 0.9869, 'fid_nima': 5.1012, 'fid_cnniqa': 0.7227, 'edit_lpips': 0.5438, 'edit_clip_orig': 0.2452, 'edit_clip_def': 0.2597, 'edit_clip_drop': -0.0145, 'edit_siglip_orig': 0.0621, 'edit_siglip_def': 0.076, 'edit_siglip_drop': -0.0139, 'amp_dev': 0.05827, 'active_fraction': 0.5538}
=== cat_00 / phase_rand__d0.0434 ===
{'image': 'cat_00', 'condition': 'phase_rand', 'prompt_index': 0, 'prompt': 'a dog', 'block': 32, 'r_min': 0.12, 'quantile': 0.5, 'target_image': 'data/targets/gray.png', 'budget_target': 0.0434, 'budget_mode': 'dists', 'budget_reached': 0.04399, 'unreachable': False, 'radius': 1.25765, 'total_seconds': 11.3, 'fid_lpips': 0.1017, 'fid_ssim': 0.936, 'fid_dists': 0.044, 'fid_psnr': 25.0187, 'fid_clip_img': 0.9895, 'fid_nima': 5.0309, 'fid_cnniqa': 0.7171, 'edit_lpips': 0.4016, 'edit_clip_orig': 0.2452, 'edit_clip_def': 0.2527, 'edit_clip_drop': -0.0076, 'edit_siglip_orig': 0.0621, 'edit_siglip_def': 0.0705, 'edit_siglip_drop': -0.0084, 'amp_dev': 0.05028, 'active_fraction': 0.5538}

########## cat_01 (cat) ##########
=== cat_01 / phase__d0.0434 ===
{'image': 'cat_01', 'condition': 'phase', 'prompt_index': 0, 'prompt': 'a dog', 'block': 32, 'r_min': 0.12, 'quantile': 0.5, 'target_image': 'data/targets/gray.png', 'budget_target': 0.0434, 'budget_mode': 'dists', 'budget_reached': 0.04479, 'unreachable': False, 'radius': 1.40257, 'total_seconds': 85.1, 'fid_lpips': 0.1738, 'fid_ssim': 0.965, 'fid_dists': 0.0448, 'fid_psnr': 32.8505, 'fid_clip_img': 0.9911, 'fid_nima': 5.5042, 'fid_cnniqa': 0.713, 'edit_lpips': 0.4745, 'edit_clip_orig': 0.2601, 'edit_clip_def': 0.2809, 'edit_clip_drop': -0.0208, 'edit_siglip_orig': 0.0917, 'edit_siglip_def': 0.0878, 'edit_siglip_drop': 0.0038, 'amp_dev': 0.01841, 'active_fraction': 0.4877}
=== cat_01 / phase_rand__d0.0434 ===
{'image': 'cat_01', 'condition': 'phase_rand', 'prompt_index': 0, 'prompt': 'a dog', 'block': 32, 'r_min': 0.12, 'quantile': 0.5, 'target_image': 'data/targets/gray.png', 'budget_target': 0.0434, 'budget_mode': 'dists', 'budget_reached': 0.04375, 'unreachable': False, 'radius': 1.40257, 'total_seconds': 11.4, 'fid_lpips': 0.0828, 'fid_ssim': 0.9663, 'fid_dists': 0.0437, 'fid_psnr': 32.9589, 'fid_clip_img': 0.9913, 'fid_nima': 5.0506, 'fid_cnniqa': 0.718, 'edit_lpips': 0.1251, 'edit_clip_orig': 0.2601, 'edit_clip_def': 0.258, 'edit_clip_drop': 0.0021, 'edit_siglip_orig': 0.0917, 'edit_siglip_def': 0.0926, 'edit_siglip_drop': -0.0009, 'amp_dev': 0.01813, 'active_fraction': 0.4877}

########## cat_02 (cat) ##########
=== cat_02 / phase__d0.0434 ===
{'image': 'cat_02', 'condition': 'phase', 'prompt_index': 0, 'prompt': 'a dog', 'block': 32, 'r_min': 0.12, 'quantile': 0.5, 'target_image': 'data/targets/gray.png', 'budget_target': 0.0434, 'budget_mode': 'dists', 'budget_reached': 0.04194, 'unreachable': False, 'radius': 1.40257, 'total_seconds': 85.1, 'fid_lpips': 0.3479, 'fid_ssim': 0.9494, 'fid_dists': 0.0419, 'fid_psnr': 31.5623, 'fid_clip_img': 0.9956, 'fid_nima': 4.5114, 'fid_cnniqa': 0.6594, 'edit_lpips': 0.6035, 'edit_clip_orig': 0.2521, 'edit_clip_def': 0.267, 'edit_clip_drop': -0.0149, 'edit_siglip_orig': 0.0912, 'edit_siglip_def': 0.0887, 'edit_siglip_drop': 0.0025, 'amp_dev': 0.0239, 'active_fraction': 0.5549}
=== cat_02 / phase_rand__d0.0434 ===
{'image': 'cat_02', 'condition': 'phase_rand', 'prompt_index': 0, 'prompt': 'a dog', 'block': 32, 'r_min': 0.12, 'quantile': 0.5, 'target_image': 'data/targets/gray.png', 'budget_target': 0.0434, 'budget_mode': 'dists', 'budget_reached': 0.04358, 'unreachable': False, 'radius': 1.25765, 'total_seconds': 11.3, 'fid_lpips': 0.0606, 'fid_ssim': 0.9712, 'fid_dists': 0.0436, 'fid_psnr': 34.2434, 'fid_clip_img': 0.997, 'fid_nima': 4.3117, 'fid_cnniqa': 0.5793, 'edit_lpips': 0.1754, 'edit_clip_orig': 0.2521, 'edit_clip_def': 0.2522, 'edit_clip_drop': -0.0001, 'edit_siglip_orig': 0.0912, 'edit_siglip_def': 0.0934, 'edit_siglip_drop': -0.0022, 'amp_dev': 0.01805, 'active_fraction': 0.5549}

########## cat_03 (cat) ##########
=== cat_03 / phase__d0.0434 ===
{'image': 'cat_03', 'condition': 'phase', 'prompt_index': 0, 'prompt': 'a dog', 'block': 32, 'r_min': 0.12, 'quantile': 0.5, 'target_image': 'data/targets/gray.png', 'budget_target': 0.0434, 'budget_mode': 'dists', 'budget_reached': 0.04371, 'unreachable': False, 'radius': 1.06443, 'total_seconds': 114.7, 'fid_lpips': 0.2874, 'fid_ssim': 0.9283, 'fid_dists': 0.0437, 'fid_psnr': 25.1187, 'fid_clip_img': 0.9953, 'fid_nima': 5.2203, 'fid_cnniqa': 0.6839, 'edit_lpips': 0.5962, 'edit_clip_orig': 0.2622, 'edit_clip_def': 0.2718, 'edit_clip_drop': -0.0096, 'edit_siglip_orig': 0.0853, 'edit_siglip_def': 0.0863, 'edit_siglip_drop': -0.001, 'amp_dev': 0.05474, 'active_fraction': 0.6238}
=== cat_03 / phase_rand__d0.0434 ===
{'image': 'cat_03', 'condition': 'phase_rand', 'prompt_index': 0, 'prompt': 'a dog', 'block': 32, 'r_min': 0.12, 'quantile': 0.5, 'target_image': 'data/targets/gray.png', 'budget_target': 0.0434, 'budget_mode': 'dists', 'budget_reached': 0.04516, 'unreachable': False, 'radius': 1.01612, 'total_seconds': 11.2, 'fid_lpips': 0.0822, 'fid_ssim': 0.9558, 'fid_dists': 0.0452, 'fid_psnr': 27.3364, 'fid_clip_img': 0.996, 'fid_nima': 5.1448, 'fid_cnniqa': 0.6746, 'edit_lpips': 0.1721, 'edit_clip_orig': 0.2622, 'edit_clip_def': 0.2713, 'edit_clip_drop': -0.009, 'edit_siglip_orig': 0.0853, 'edit_siglip_def': 0.0892, 'edit_siglip_drop': -0.0039, 'amp_dev': 0.04573, 'active_fraction': 0.6238}

########## dog_00 (dog) ##########
=== dog_00 / phase__d0.0434 ===
{'image': 'dog_00', 'condition': 'phase', 'prompt_index': 0, 'prompt': 'a cat', 'block': 32, 'r_min': 0.12, 'quantile': 0.5, 'target_image': 'data/targets/gray.png', 'budget_target': 0.0434, 'budget_mode': 'dists', 'budget_reached': 0.04295, 'unreachable': False, 'radius': 1.5958, 'total_seconds': 40.7, 'fid_lpips': 0.3221, 'fid_ssim': 0.9388, 'fid_dists': 0.043, 'fid_psnr': 31.591, 'fid_clip_img': 0.9963, 'fid_nima': 4.5965, 'fid_cnniqa': 0.6943, 'edit_lpips': 0.5462, 'edit_clip_orig': 0.2675, 'edit_clip_def': 0.2898, 'edit_clip_drop': -0.0224, 'edit_siglip_orig': 0.0695, 'edit_siglip_def': 0.095, 'edit_siglip_drop': -0.0254, 'amp_dev': 0.02422, 'active_fraction': 0.5002}
=== dog_00 / phase_rand__d0.0434 ===
{'image': 'dog_00', 'condition': 'phase_rand', 'prompt_index': 0, 'prompt': 'a cat', 'block': 32, 'r_min': 0.12, 'quantile': 0.5, 'target_image': 'data/targets/gray.png', 'budget_target': 0.0434, 'budget_mode': 'dists', 'budget_reached': 0.0423, 'unreachable': False, 'radius': 1.69241, 'total_seconds': 11.3, 'fid_lpips': 0.0992, 'fid_ssim': 0.9346, 'fid_dists': 0.0423, 'fid_psnr': 31.2174, 'fid_clip_img': 0.996, 'fid_nima': 4.5395, 'fid_cnniqa': 0.696, 'edit_lpips': 0.3901, 'edit_clip_orig': 0.2675, 'edit_clip_def': 0.2648, 'edit_clip_drop': 0.0026, 'edit_siglip_orig': 0.0695, 'edit_siglip_def': 0.0788, 'edit_siglip_drop': -0.0092, 'amp_dev': 0.02741, 'active_fraction': 0.5002}

########## dog_01 (dog) ##########
=== dog_01 / phase__d0.0434 ===
{'image': 'dog_01', 'condition': 'phase', 'prompt_index': 0, 'prompt': 'a cat', 'block': 32, 'r_min': 0.12, 'quantile': 0.5, 'target_image': 'data/targets/gray.png', 'budget_target': 0.0434, 'budget_mode': 'dists', 'budget_reached': 0.04333, 'unreachable': False, 'radius': 1.98225, 'total_seconds': 70.3, 'fid_lpips': 0.2586, 'fid_ssim': 0.9464, 'fid_dists': 0.0433, 'fid_psnr': 32.5192, 'fid_clip_img': 0.9953, 'fid_nima': 5.2807, 'fid_cnniqa': 0.6351, 'edit_lpips': 0.5476, 'edit_clip_orig': 0.2742, 'edit_clip_def': 0.2861, 'edit_clip_drop': -0.0119, 'edit_siglip_orig': 0.0908, 'edit_siglip_def': 0.0986, 'edit_siglip_drop': -0.0079, 'amp_dev': 0.02564, 'active_fraction': 0.4066}
=== dog_01 / phase_rand__d0.0434 ===
{'image': 'dog_01', 'condition': 'phase_rand', 'prompt_index': 0, 'prompt': 'a cat', 'block': 32, 'r_min': 0.12, 'quantile': 0.5, 'target_image': 'data/targets/gray.png', 'budget_target': 0.0434, 'budget_mode': 'dists', 'budget_reached': 0.04326, 'unreachable': False, 'radius': 1.78902, 'total_seconds': 11.3, 'fid_lpips': 0.0818, 'fid_ssim': 0.9546, 'fid_dists': 0.0433, 'fid_psnr': 32.9694, 'fid_clip_img': 0.9956, 'fid_nima': 5.4678, 'fid_cnniqa': 0.5607, 'edit_lpips': 0.0745, 'edit_clip_orig': 0.2742, 'edit_clip_def': 0.275, 'edit_clip_drop': -0.0008, 'edit_siglip_orig': 0.0908, 'edit_siglip_def': 0.0905, 'edit_siglip_drop': 0.0003, 'amp_dev': 0.02501, 'active_fraction': 0.4066}

########## dog_02 (dog) ##########
=== dog_02 / phase__d0.0434 ===
{'image': 'dog_02', 'condition': 'phase', 'prompt_index': 0, 'prompt': 'a cat', 'block': 32, 'r_min': 0.12, 'quantile': 0.5, 'target_image': 'data/targets/gray.png', 'budget_target': 0.0434, 'budget_mode': 'dists', 'budget_reached': 0.04356, 'unreachable': False, 'radius': 1.45088, 'total_seconds': 114.6, 'fid_lpips': 0.2439, 'fid_ssim': 0.8971, 'fid_dists': 0.0436, 'fid_psnr': 24.006, 'fid_clip_img': 0.9919, 'fid_nima': 5.0746, 'fid_cnniqa': 0.7153, 'edit_lpips': 0.5029, 'edit_clip_orig': 0.2628, 'edit_clip_def': 0.2577, 'edit_clip_drop': 0.0051, 'edit_siglip_orig': 0.0796, 'edit_siglip_def': 0.0945, 'edit_siglip_drop': -0.0149, 'amp_dev': 0.05745, 'active_fraction': 0.6177}
=== dog_02 / phase_rand__d0.0434 ===
{'image': 'dog_02', 'condition': 'phase_rand', 'prompt_index': 0, 'prompt': 'a cat', 'block': 32, 'r_min': 0.12, 'quantile': 0.5, 'target_image': 'data/targets/gray.png', 'budget_target': 0.0434, 'budget_mode': 'dists', 'budget_reached': 0.04193, 'unreachable': False, 'radius': 1.06443, 'total_seconds': 11.3, 'fid_lpips': 0.0742, 'fid_ssim': 0.957, 'fid_dists': 0.0419, 'fid_psnr': 27.8585, 'fid_clip_img': 0.9965, 'fid_nima': 5.1087, 'fid_cnniqa': 0.6766, 'edit_lpips': 0.2501, 'edit_clip_orig': 0.2628, 'edit_clip_def': 0.2519, 'edit_clip_drop': 0.0109, 'edit_siglip_orig': 0.0796, 'edit_siglip_def': 0.0752, 'edit_siglip_drop': 0.0044, 'amp_dev': 0.03575, 'active_fraction': 0.6177}

########## dog_03 (dog) ##########
=== dog_03 / phase__d0.0434 ===
{'image': 'dog_03', 'condition': 'phase', 'prompt_index': 0, 'prompt': 'a cat', 'block': 32, 'r_min': 0.12, 'quantile': 0.5, 'target_image': 'data/targets/gray.png', 'budget_target': 0.0434, 'budget_mode': 'dists', 'budget_reached': 0.04314, 'unreachable': False, 'radius': 1.5958, 'total_seconds': 40.7, 'fid_lpips': 0.2686, 'fid_ssim': 0.93, 'fid_dists': 0.0431, 'fid_psnr': 28.7973, 'fid_clip_img': 0.989, 'fid_nima': 4.8541, 'fid_cnniqa': 0.6576, 'edit_lpips': 0.5686, 'edit_clip_orig': 0.2573, 'edit_clip_def': 0.291, 'edit_clip_drop': -0.0336, 'edit_siglip_orig': 0.0807, 'edit_siglip_def': 0.1008, 'edit_siglip_drop': -0.0201, 'amp_dev': 0.02839, 'active_fraction': 0.4764}
=== dog_03 / phase_rand__d0.0434 ===
{'image': 'dog_03', 'condition': 'phase_rand', 'prompt_index': 0, 'prompt': 'a cat', 'block': 32, 'r_min': 0.12, 'quantile': 0.5, 'target_image': 'data/targets/gray.png', 'budget_target': 0.0434, 'budget_mode': 'dists', 'budget_reached': 0.04503, 'unreachable': False, 'radius': 1.49918, 'total_seconds': 11.3, 'fid_lpips': 0.1019, 'fid_ssim': 0.9375, 'fid_dists': 0.045, 'fid_psnr': 29.2502, 'fid_clip_img': 0.9835, 'fid_nima': 4.84, 'fid_cnniqa': 0.6167, 'edit_lpips': 0.3929, 'edit_clip_orig': 0.2573, 'edit_clip_def': 0.251, 'edit_clip_drop': 0.0063, 'edit_siglip_orig': 0.0807, 'edit_siglip_def': 0.0802, 'edit_siglip_drop': 0.0006, 'amp_dev': 0.02818, 'active_fraction': 0.4764}

########## horse_00 (horse) ##########
=== horse_00 / phase__d0.0434 ===
{'image': 'horse_00', 'condition': 'phase', 'prompt_index': 0, 'prompt': 'a zebra', 'block': 32, 'r_min': 0.12, 'quantile': 0.5, 'target_image': 'data/targets/gray.png', 'budget_target': 0.0434, 'budget_mode': 'dists', 'budget_reached': 0.04501, 'unreachable': False, 'radius': 1.11273, 'total_seconds': 99.9, 'fid_lpips': 0.2281, 'fid_ssim': 0.9621, 'fid_dists': 0.045, 'fid_psnr': 34.6351, 'fid_clip_img': 0.9914, 'fid_nima': 5.8717, 'fid_cnniqa': 0.6795, 'edit_lpips': 0.4406, 'edit_clip_orig': 0.306, 'edit_clip_def': 0.3101, 'edit_clip_drop': -0.0041, 'edit_siglip_orig': 0.119, 'edit_siglip_def': 0.1164, 'edit_siglip_drop': 0.0026, 'amp_dev': 0.01529, 'active_fraction': 0.4655}
=== horse_00 / phase_rand__d0.0434 ===
{'image': 'horse_00', 'condition': 'phase_rand', 'prompt_index': 0, 'prompt': 'a zebra', 'block': 32, 'r_min': 0.12, 'quantile': 0.5, 'target_image': 'data/targets/gray.png', 'budget_target': 0.0434, 'budget_mode': 'dists', 'budget_reached': 0.04447, 'unreachable': False, 'radius': 1.06443, 'total_seconds': 11.3, 'fid_lpips': 0.0379, 'fid_ssim': 0.9743, 'fid_dists': 0.0445, 'fid_psnr': 36.6749, 'fid_clip_img': 0.9955, 'fid_nima': 5.7898, 'fid_cnniqa': 0.6695, 'edit_lpips': 0.0613, 'edit_clip_orig': 0.306, 'edit_clip_def': 0.3031, 'edit_clip_drop': 0.0029, 'edit_siglip_orig': 0.119, 'edit_siglip_def': 0.1168, 'edit_siglip_drop': 0.0022, 'amp_dev': 0.01347, 'active_fraction': 0.4655}

########## horse_01 (horse) ##########
=== horse_01 / phase__d0.0434 ===
{'image': 'horse_01', 'condition': 'phase', 'prompt_index': 0, 'prompt': 'a zebra', 'block': 32, 'r_min': 0.12, 'quantile': 0.5, 'target_image': 'data/targets/gray.png', 'budget_target': 0.0434, 'budget_mode': 'dists', 'budget_reached': 0.0417, 'unreachable': False, 'radius': 0.8229, 'total_seconds': 55.4, 'fid_lpips': 0.2738, 'fid_ssim': 0.9563, 'fid_dists': 0.0417, 'fid_psnr': 27.9156, 'fid_clip_img': 0.9955, 'fid_nima': 4.8488, 'fid_cnniqa': 0.7004, 'edit_lpips': 0.4935, 'edit_clip_orig': 0.323, 'edit_clip_def': 0.3087, 'edit_clip_drop': 0.0143, 'edit_siglip_orig': 0.1175, 'edit_siglip_def': 0.1016, 'edit_siglip_drop': 0.0159, 'amp_dev': 0.03263, 'active_fraction': 0.6331}
=== horse_01 / phase_rand__d0.0434 ===
{'image': 'horse_01', 'condition': 'phase_rand', 'prompt_index': 0, 'prompt': 'a zebra', 'block': 32, 'r_min': 0.12, 'quantile': 0.5, 'target_image': 'data/targets/gray.png', 'budget_target': 0.0434, 'budget_mode': 'dists', 'budget_reached': 0.04516, 'unreachable': False, 'radius': 0.8712, 'total_seconds': 11.3, 'fid_lpips': 0.0603, 'fid_ssim': 0.9708, 'fid_dists': 0.0452, 'fid_psnr': 29.6036, 'fid_clip_img': 0.996, 'fid_nima': 4.9838, 'fid_cnniqa': 0.6981, 'edit_lpips': 0.2088, 'edit_clip_orig': 0.323, 'edit_clip_def': 0.3262, 'edit_clip_drop': -0.0032, 'edit_siglip_orig': 0.1175, 'edit_siglip_def': 0.1209, 'edit_siglip_drop': -0.0035, 'amp_dev': 0.02866, 'active_fraction': 0.6331}

########## horse_02 (horse) ##########
=== horse_02 / phase__d0.0434 ===
{'image': 'horse_02', 'condition': 'phase', 'prompt_index': 0, 'prompt': 'a zebra', 'block': 32, 'r_min': 0.12, 'quantile': 0.5, 'target_image': 'data/targets/gray.png', 'budget_target': 0.0434, 'budget_mode': 'dists', 'budget_reached': 0.04271, 'unreachable': False, 'radius': 1.01612, 'total_seconds': 85.0, 'fid_lpips': 0.313, 'fid_ssim': 0.9401, 'fid_dists': 0.0427, 'fid_psnr': 28.5697, 'fid_clip_img': 0.9941, 'fid_nima': 6.1318, 'fid_cnniqa': 0.7051, 'edit_lpips': 0.5425, 'edit_clip_orig': 0.3079, 'edit_clip_def': 0.318, 'edit_clip_drop': -0.0102, 'edit_siglip_orig': 0.1074, 'edit_siglip_def': 0.1136, 'edit_siglip_drop': -0.0062, 'amp_dev': 0.04203, 'active_fraction': 0.5906}
=== horse_02 / phase_rand__d0.0434 ===
{'image': 'horse_02', 'condition': 'phase_rand', 'prompt_index': 0, 'prompt': 'a zebra', 'block': 32, 'r_min': 0.12, 'quantile': 0.5, 'target_image': 'data/targets/gray.png', 'budget_target': 0.0434, 'budget_mode': 'dists', 'budget_reached': 0.04313, 'unreachable': False, 'radius': 1.01612, 'total_seconds': 11.2, 'fid_lpips': 0.0583, 'fid_ssim': 0.9602, 'fid_dists': 0.0431, 'fid_psnr': 30.6203, 'fid_clip_img': 0.9963, 'fid_nima': 6.0725, 'fid_cnniqa': 0.7114, 'edit_lpips': 0.183, 'edit_clip_orig': 0.3079, 'edit_clip_def': 0.3132, 'edit_clip_drop': -0.0053, 'edit_siglip_orig': 0.1074, 'edit_siglip_def': 0.1052, 'edit_siglip_drop': 0.0021, 'amp_dev': 0.03647, 'active_fraction': 0.5906}

########## horse_03 (horse) ##########
=== horse_03 / phase__d0.0434 ===
{'image': 'horse_03', 'condition': 'phase', 'prompt_index': 0, 'prompt': 'a zebra', 'block': 32, 'r_min': 0.12, 'quantile': 0.5, 'target_image': 'data/targets/gray.png', 'budget_target': 0.0434, 'budget_mode': 'dists', 'budget_reached': 0.04358, 'unreachable': False, 'radius': 1.25765, 'total_seconds': 114.7, 'fid_lpips': 0.255, 'fid_ssim': 0.9499, 'fid_dists': 0.0436, 'fid_psnr': 31.0618, 'fid_clip_img': 0.9979, 'fid_nima': 4.9784, 'fid_cnniqa': 0.7213, 'edit_lpips': 0.4927, 'edit_clip_orig': 0.3151, 'edit_clip_def': 0.3205, 'edit_clip_drop': -0.0055, 'edit_siglip_orig': 0.1182, 'edit_siglip_def': 0.1197, 'edit_siglip_drop': -0.0015, 'amp_dev': 0.02317, 'active_fraction': 0.4573}
=== horse_03 / phase_rand__d0.0434 ===
{'image': 'horse_03', 'condition': 'phase_rand', 'prompt_index': 0, 'prompt': 'a zebra', 'block': 32, 'r_min': 0.12, 'quantile': 0.5, 'target_image': 'data/targets/gray.png', 'budget_target': 0.0434, 'budget_mode': 'dists', 'budget_reached': 0.04345, 'unreachable': False, 'radius': 1.20935, 'total_seconds': 11.2, 'fid_lpips': 0.0783, 'fid_ssim': 0.9588, 'fid_dists': 0.0435, 'fid_psnr': 31.9301, 'fid_clip_img': 0.998, 'fid_nima': 4.9269, 'fid_cnniqa': 0.7207, 'edit_lpips': 0.1377, 'edit_clip_orig': 0.3151, 'edit_clip_def': 0.3147, 'edit_clip_drop': 0.0004, 'edit_siglip_orig': 0.1182, 'edit_siglip_def': 0.1246, 'edit_siglip_drop': -0.0063, 'amp_dev': 0.02259, 'active_fraction': 0.4573}

########## man_00 (man) ##########
=== man_00 / phase__d0.0434 ===
{'image': 'man_00', 'condition': 'phase', 'prompt_index': 0, 'prompt': 'an old woman', 'block': 32, 'r_min': 0.12, 'quantile': 0.5, 'target_image': 'data/targets/gray.png', 'budget_target': 0.0434, 'budget_mode': 'dists', 'budget_reached': 0.04479, 'unreachable': False, 'radius': 1.78902, 'total_seconds': 85.0, 'fid_lpips': 0.1416, 'fid_ssim': 0.9823, 'fid_dists': 0.0448, 'fid_psnr': 37.4592, 'fid_clip_img': 0.9984, 'fid_nima': 4.4033, 'fid_cnniqa': 0.6704, 'edit_lpips': 0.3753, 'edit_clip_orig': 0.2819, 'edit_clip_def': 0.3082, 'edit_clip_drop': -0.0263, 'edit_siglip_orig': 0.1079, 'edit_siglip_def': 0.138, 'edit_siglip_drop': -0.0301, 'amp_dev': 0.00942, 'active_fraction': 0.279}
=== man_00 / phase_rand__d0.0434 ===
{'image': 'man_00', 'condition': 'phase_rand', 'prompt_index': 0, 'prompt': 'an old woman', 'block': 32, 'r_min': 0.12, 'quantile': 0.5, 'target_image': 'data/targets/gray.png', 'budget_target': 0.0434, 'budget_mode': 'dists', 'budget_reached': 0.0449, 'unreachable': False, 'radius': 1.49918, 'total_seconds': 11.3, 'fid_lpips': 0.0594, 'fid_ssim': 0.9831, 'fid_dists': 0.0449, 'fid_psnr': 38.2626, 'fid_clip_img': 0.9977, 'fid_nima': 4.35, 'fid_cnniqa': 0.6176, 'edit_lpips': 0.2089, 'edit_clip_orig': 0.2819, 'edit_clip_def': 0.3009, 'edit_clip_drop': -0.019, 'edit_siglip_orig': 0.1079, 'edit_siglip_def': 0.1184, 'edit_siglip_drop': -0.0105, 'amp_dev': 0.00854, 'active_fraction': 0.279}

########## man_01 (man) ##########
=== man_01 / phase__d0.0434 ===
{'image': 'man_01', 'condition': 'phase', 'prompt_index': 0, 'prompt': 'an old woman', 'block': 32, 'r_min': 0.12, 'quantile': 0.5, 'target_image': 'data/targets/gray.png', 'budget_target': 0.0434, 'budget_mode': 'dists', 'budget_reached': 0.04179, 'unreachable': False, 'radius': 1.01612, 'total_seconds': 85.1, 'fid_lpips': 0.2366, 'fid_ssim': 0.9494, 'fid_dists': 0.0418, 'fid_psnr': 27.3244, 'fid_clip_img': 0.9931, 'fid_nima': 5.0627, 'fid_cnniqa': 0.6568, 'edit_lpips': 0.435, 'edit_clip_orig': 0.2814, 'edit_clip_def': 0.2724, 'edit_clip_drop': 0.009, 'edit_siglip_orig': 0.1091, 'edit_siglip_def': 0.1217, 'edit_siglip_drop': -0.0126, 'amp_dev': 0.04805, 'active_fraction': 0.5691}
=== man_01 / phase_rand__d0.0434 ===
{'image': 'man_01', 'condition': 'phase_rand', 'prompt_index': 0, 'prompt': 'an old woman', 'block': 32, 'r_min': 0.12, 'quantile': 0.5, 'target_image': 'data/targets/gray.png', 'budget_target': 0.0434, 'budget_mode': 'dists', 'budget_reached': 0.04186, 'unreachable': False, 'radius': 0.96782, 'total_seconds': 11.4, 'fid_lpips': 0.0768, 'fid_ssim': 0.9649, 'fid_dists': 0.0419, 'fid_psnr': 29.3404, 'fid_clip_img': 0.9969, 'fid_nima': 4.8548, 'fid_cnniqa': 0.6374, 'edit_lpips': 0.117, 'edit_clip_orig': 0.2814, 'edit_clip_def': 0.2658, 'edit_clip_drop': 0.0156, 'edit_siglip_orig': 0.1091, 'edit_siglip_def': 0.1006, 'edit_siglip_drop': 0.0085, 'amp_dev': 0.04043, 'active_fraction': 0.5691}

########## man_02 (man) ##########
=== man_02 / phase__d0.0434 ===
{'image': 'man_02', 'condition': 'phase', 'prompt_index': 0, 'prompt': 'an old woman', 'block': 32, 'r_min': 0.12, 'quantile': 0.5, 'target_image': 'data/targets/gray.png', 'budget_target': 0.0434, 'budget_mode': 'dists', 'budget_reached': 0.04476, 'unreachable': False, 'radius': 1.30596, 'total_seconds': 99.9, 'fid_lpips': 0.2076, 'fid_ssim': 0.9278, 'fid_dists': 0.0448, 'fid_psnr': 23.0917, 'fid_clip_img': 0.9923, 'fid_nima': 5.2586, 'fid_cnniqa': 0.6778, 'edit_lpips': 0.4973, 'edit_clip_orig': 0.2748, 'edit_clip_def': 0.2895, 'edit_clip_drop': -0.0147, 'edit_siglip_orig': 0.1256, 'edit_siglip_def': 0.1063, 'edit_siglip_drop': 0.0193, 'amp_dev': 0.0526, 'active_fraction': 0.468}
=== man_02 / phase_rand__d0.0434 ===
{'image': 'man_02', 'condition': 'phase_rand', 'prompt_index': 0, 'prompt': 'an old woman', 'block': 32, 'r_min': 0.12, 'quantile': 0.5, 'target_image': 'data/targets/gray.png', 'budget_target': 0.0434, 'budget_mode': 'dists', 'budget_reached': 0.04255, 'unreachable': False, 'radius': 0.96782, 'total_seconds': 11.4, 'fid_lpips': 0.0633, 'fid_ssim': 0.9653, 'fid_dists': 0.0425, 'fid_psnr': 26.9265, 'fid_clip_img': 0.9971, 'fid_nima': 5.0687, 'fid_cnniqa': 0.6805, 'edit_lpips': 0.1616, 'edit_clip_orig': 0.2748, 'edit_clip_def': 0.2839, 'edit_clip_drop': -0.0091, 'edit_siglip_orig': 0.1256, 'edit_siglip_def': 0.1266, 'edit_siglip_drop': -0.001, 'amp_dev': 0.03578, 'active_fraction': 0.468}

########## man_03 (man) ##########
=== man_03 / phase__d0.0434 ===
{'image': 'man_03', 'condition': 'phase', 'prompt_index': 0, 'prompt': 'an old woman', 'block': 32, 'r_min': 0.12, 'quantile': 0.5, 'target_image': 'data/targets/gray.png', 'budget_target': 0.0434, 'budget_mode': 'dists', 'budget_reached': 0.04305, 'unreachable': False, 'radius': 1.25765, 'total_seconds': 114.7, 'fid_lpips': 0.3732, 'fid_ssim': 0.9106, 'fid_dists': 0.0431, 'fid_psnr': 26.8211, 'fid_clip_img': 0.9962, 'fid_nima': 5.5109, 'fid_cnniqa': 0.696, 'edit_lpips': 0.5512, 'edit_clip_orig': 0.2729, 'edit_clip_def': 0.281, 'edit_clip_drop': -0.0081, 'edit_siglip_orig': 0.101, 'edit_siglip_def': 0.096, 'edit_siglip_drop': 0.005, 'amp_dev': 0.04025, 'active_fraction': 0.6829}
=== man_03 / phase_rand__d0.0434 ===
{'image': 'man_03', 'condition': 'phase_rand', 'prompt_index': 0, 'prompt': 'an old woman', 'block': 32, 'r_min': 0.12, 'quantile': 0.5, 'target_image': 'data/targets/gray.png', 'budget_target': 0.0434, 'budget_mode': 'dists', 'budget_reached': 0.04396, 'unreachable': False, 'radius': 1.35427, 'total_seconds': 11.4, 'fid_lpips': 0.111, 'fid_ssim': 0.9218, 'fid_dists': 0.044, 'fid_psnr': 27.8513, 'fid_clip_img': 0.9948, 'fid_nima': 5.5773, 'fid_cnniqa': 0.6696, 'edit_lpips': 0.2467, 'edit_clip_orig': 0.2729, 'edit_clip_def': 0.2632, 'edit_clip_drop': 0.0096, 'edit_siglip_orig': 0.101, 'edit_siglip_def': 0.0981, 'edit_siglip_drop': 0.0029, 'amp_dev': 0.03965, 'active_fraction': 0.6829}

########## woman_00 (woman) ##########
=== woman_00 / phase__d0.0434 ===
{'image': 'woman_00', 'condition': 'phase', 'prompt_index': 0, 'prompt': 'a man', 'block': 32, 'r_min': 0.12, 'quantile': 0.5, 'target_image': 'data/targets/gray.png', 'budget_target': 0.0434, 'budget_mode': 'dists', 'budget_reached': 0.04358, 'unreachable': False, 'radius': 1.01612, 'total_seconds': 85.1, 'fid_lpips': 0.1752, 'fid_ssim': 0.9653, 'fid_dists': 0.0436, 'fid_psnr': 30.9395, 'fid_clip_img': 0.9953, 'fid_nima': 4.7016, 'fid_cnniqa': 0.5248, 'edit_lpips': 0.4619, 'edit_clip_orig': 0.237, 'edit_clip_def': 0.2355, 'edit_clip_drop': 0.0015, 'edit_siglip_orig': 0.0488, 'edit_siglip_def': 0.0664, 'edit_siglip_drop': -0.0175, 'amp_dev': 0.02787, 'active_fraction': 0.4544}
=== woman_00 / phase_rand__d0.0434 ===
{'image': 'woman_00', 'condition': 'phase_rand', 'prompt_index': 0, 'prompt': 'a man', 'block': 32, 'r_min': 0.12, 'quantile': 0.5, 'target_image': 'data/targets/gray.png', 'budget_target': 0.0434, 'budget_mode': 'dists', 'budget_reached': 0.04488, 'unreachable': False, 'radius': 0.8712, 'total_seconds': 11.5, 'fid_lpips': 0.0518, 'fid_ssim': 0.9796, 'fid_dists': 0.0449, 'fid_psnr': 33.5229, 'fid_clip_img': 0.9976, 'fid_nima': 4.5793, 'fid_cnniqa': 0.4926, 'edit_lpips': 0.1065, 'edit_clip_orig': 0.237, 'edit_clip_def': 0.2368, 'edit_clip_drop': 0.0002, 'edit_siglip_orig': 0.0488, 'edit_siglip_def': 0.0418, 'edit_siglip_drop': 0.0071, 'amp_dev': 0.02127, 'active_fraction': 0.4544}

########## woman_01 (woman) ##########
=== woman_01 / phase__d0.0434 ===
{'image': 'woman_01', 'condition': 'phase', 'prompt_index': 0, 'prompt': 'a man', 'block': 32, 'r_min': 0.12, 'quantile': 0.5, 'target_image': 'data/targets/gray.png', 'budget_target': 0.0434, 'budget_mode': 'dists', 'budget_reached': 0.04179, 'unreachable': False, 'radius': 1.40257, 'total_seconds': 85.1, 'fid_lpips': 0.1342, 'fid_ssim': 0.9825, 'fid_dists': 0.0418, 'fid_psnr': 39.0128, 'fid_clip_img': 0.9976, 'fid_nima': 3.5347, 'fid_cnniqa': 0.3364, 'edit_lpips': 0.355, 'edit_clip_orig': 0.208, 'edit_clip_def': 0.2156, 'edit_clip_drop': -0.0075, 'edit_siglip_orig': 0.0388, 'edit_siglip_def': 0.0268, 'edit_siglip_drop': 0.012, 'amp_dev': 0.00703, 'active_fraction': 0.3817}
=== woman_01 / phase_rand__d0.0434 ===
{'image': 'woman_01', 'condition': 'phase_rand', 'prompt_index': 0, 'prompt': 'a man', 'block': 32, 'r_min': 0.12, 'quantile': 0.5, 'target_image': 'data/targets/gray.png', 'budget_target': 0.0434, 'budget_mode': 'dists', 'budget_reached': 0.04434, 'unreachable': False, 'radius': 1.69241, 'total_seconds': 11.4, 'fid_lpips': 0.0832, 'fid_ssim': 0.9738, 'fid_dists': 0.0443, 'fid_psnr': 37.0859, 'fid_clip_img': 0.9973, 'fid_nima': 3.5343, 'fid_cnniqa': 0.3558, 'edit_lpips': 0.0581, 'edit_clip_orig': 0.208, 'edit_clip_def': 0.2056, 'edit_clip_drop': 0.0025, 'edit_siglip_orig': 0.0388, 'edit_siglip_def': 0.0346, 'edit_siglip_drop': 0.0042, 'amp_dev': 0.00896, 'active_fraction': 0.3817}

########## woman_02 (woman) ##########
=== woman_02 / phase__d0.0434 ===
{'image': 'woman_02', 'condition': 'phase', 'prompt_index': 0, 'prompt': 'a man', 'block': 32, 'r_min': 0.12, 'quantile': 0.5, 'target_image': 'data/targets/gray.png', 'budget_target': 0.0434, 'budget_mode': 'dists', 'budget_reached': 0.04322, 'unreachable': False, 'radius': 1.5958, 'total_seconds': 40.7, 'fid_lpips': 0.2368, 'fid_ssim': 0.9598, 'fid_dists': 0.0432, 'fid_psnr': 32.3235, 'fid_clip_img': 0.9956, 'fid_nima': 4.0337, 'fid_cnniqa': 0.6622, 'edit_lpips': 0.4276, 'edit_clip_orig': 0.2026, 'edit_clip_def': 0.2403, 'edit_clip_drop': -0.0377, 'edit_siglip_orig': 0.0577, 'edit_siglip_def': 0.0754, 'edit_siglip_drop': -0.0177, 'amp_dev': 0.01892, 'active_fraction': 0.4311}
=== woman_02 / phase_rand__d0.0434 ===
{'image': 'woman_02', 'condition': 'phase_rand', 'prompt_index': 0, 'prompt': 'a man', 'block': 32, 'r_min': 0.12, 'quantile': 0.5, 'target_image': 'data/targets/gray.png', 'budget_target': 0.0434, 'budget_mode': 'dists', 'budget_reached': 0.0432, 'unreachable': False, 'radius': 1.35427, 'total_seconds': 11.4, 'fid_lpips': 0.0639, 'fid_ssim': 0.9683, 'fid_dists': 0.0432, 'fid_psnr': 33.1324, 'fid_clip_img': 0.9947, 'fid_nima': 4.0874, 'fid_cnniqa': 0.6558, 'edit_lpips': 0.0826, 'edit_clip_orig': 0.2026, 'edit_clip_def': 0.2028, 'edit_clip_drop': -0.0002, 'edit_siglip_orig': 0.0577, 'edit_siglip_def': 0.0535, 'edit_siglip_drop': 0.0042, 'amp_dev': 0.01607, 'active_fraction': 0.4311}

########## woman_03 (woman) ##########
=== woman_03 / phase__d0.0434 ===
{'image': 'woman_03', 'condition': 'phase', 'prompt_index': 0, 'prompt': 'a man', 'block': 32, 'r_min': 0.12, 'quantile': 0.5, 'target_image': 'data/targets/gray.png', 'budget_target': 0.0434, 'budget_mode': 'dists', 'budget_reached': 0.04203, 'unreachable': False, 'radius': 1.25765, 'total_seconds': 114.6, 'fid_lpips': 0.1224, 'fid_ssim': 0.9751, 'fid_dists': 0.042, 'fid_psnr': 36.1533, 'fid_clip_img': 0.9904, 'fid_nima': 4.8157, 'fid_cnniqa': 0.6765, 'edit_lpips': 0.4109, 'edit_clip_orig': 0.2464, 'edit_clip_def': 0.2405, 'edit_clip_drop': 0.0059, 'edit_siglip_orig': 0.0748, 'edit_siglip_def': 0.0784, 'edit_siglip_drop': -0.0035, 'amp_dev': 0.01119, 'active_fraction': 0.5233}
=== woman_03 / phase_rand__d0.0434 ===
{'image': 'woman_03', 'condition': 'phase_rand', 'prompt_index': 0, 'prompt': 'a man', 'block': 32, 'r_min': 0.12, 'quantile': 0.5, 'target_image': 'data/targets/gray.png', 'budget_target': 0.0434, 'budget_mode': 'dists', 'budget_reached': 0.04371, 'unreachable': False, 'radius': 0.96782, 'total_seconds': 11.3, 'fid_lpips': 0.0399, 'fid_ssim': 0.9864, 'fid_dists': 0.0437, 'fid_psnr': 38.7127, 'fid_clip_img': 0.9972, 'fid_nima': 4.6369, 'fid_cnniqa': 0.6826, 'edit_lpips': 0.0636, 'edit_clip_orig': 0.2464, 'edit_clip_def': 0.2299, 'edit_clip_drop': 0.0165, 'edit_siglip_orig': 0.0748, 'edit_siglip_def': 0.0825, 'edit_siglip_drop': -0.0077, 'amp_dev': 0.00873, 'active_fraction': 0.5233}

表：runs/aligned/results.csv
