Warning: You are sending unauthenticated requests to the HF Hub. Please set a HF_TOKEN to enable higher rate limits and faster downloads.
Loading weights:   0%|          | 0/380 [00:00<?, ?it/s]Loading weights: 100%|██████████| 380/380 [00:00<00:00, 7469.51it/s]
[task_attr_mod_color_123744] 羽化前的載體 0.324
[task_attr_mod_color_202962] 羽化前的載體 0.198
[task_env_weather_195273] 羽化前的載體 0.357
[task_env_weather_70149] 羽化前的載體 0.278
[task_obj_remove_257910] 羽化前的載體 0.177
[task_obj_remove_284852] 羽化前的載體 0.353
[task_obj_remove_410264] 羽化前的載體 0.336
[task_obj_remove_509477] 羽化前的載體 0.370
[task_obj_remove_720199] 羽化前的載體 0.241
[task_obj_swap_joint_mask_533428] 羽化前的載體 0.425

      形式    羽化     加權面積    RMS       rotate10 crop_resize0.1        blur1.5         jpeg75
 res_s32     0    0.249  0.203          +0.72          +0.51          +0.99          +1.00
 res_s32     8    0.229  0.188          +0.73          +0.54          +0.99          +1.00
 res_s32    16    0.204  0.173          +0.74          +0.55          +0.99          +1.00
 res_s32    32    0.160  0.143          +0.77          +0.57          +0.99          +1.00
 res_s32    48    0.124  0.116          +0.80          +0.59          +1.00          +1.00
 res_s32    64    0.096  0.092          +0.80          +0.60          +1.00          +1.00
 angular     0    0.249  0.212          +0.71          +0.64          +0.99          +1.00
 angular     8    0.229  0.196          +0.73          +0.66          +0.99          +1.00
 angular    16    0.204  0.180          +0.74          +0.67          +0.99          +1.00
 angular    32    0.160  0.150          +0.77          +0.69          +1.00          +1.00
 angular    48    0.124  0.123          +0.78          +0.70          +1.00          +1.00
 angular    64    0.096  0.097          +0.79          +0.70          +1.00          +1.00
  radial     0    0.249  0.219          +0.79          +0.41          +0.99          +1.00
  radial     8    0.229  0.201          +0.81          +0.43          +0.99          +1.00
  radial    16    0.204  0.186          +0.82          +0.44          +0.99          +1.00
  radial    32    0.160  0.156          +0.84          +0.46          +1.00          +1.00
  radial    48    0.124  0.125          +0.85          +0.48          +1.00          +1.00
  radial    64    0.096  0.100          +0.86          +0.49          +1.00          +1.00

寫出 18 列到 C:\image-immunization\non-additive-frequency\runs\carrier_feather_tradeoff\results.csv
