=== [2026-09-07 08:54:38] G 掃描：3 臂 × 6 張，半徑固定 0.60 ===
[grid] g01 G=1 task_attr_mod_color_123744 dev=1
[grid] g01 G=1 task_attr_mod_color_202962 dev=2
[grid] g01 G=1 task_env_weather_195273 dev=3
[grid] g01 G=1 task_env_weather_70149 dev=4
[grid] g01 G=1 task_obj_remove_257910 dev=5
[grid] g01 G=1 task_obj_remove_284852 dev=1
[grid] g04 G=4 task_attr_mod_color_123744 dev=2
[grid] g04 G=4 task_attr_mod_color_202962 dev=3
[grid] g04 G=4 task_env_weather_195273 dev=4
[grid] g04 G=4 task_env_weather_70149 dev=5
[grid] g04 G=4 task_obj_remove_257910 dev=1
[grid] g04 G=4 task_obj_remove_284852 dev=2
[grid] g01_rand G=1 task_attr_mod_color_123744 dev=3
[grid] g01_rand G=1 task_attr_mod_color_202962 dev=4
[grid] g01_rand G=1 task_env_weather_195273 dev=5
[grid] g01_rand G=1 task_env_weather_70149 dev=1
[grid] g01_rand G=1 task_obj_remove_257910 dev=2
[grid] g01_rand G=1 task_obj_remove_284852 dev=3
=== [2026-09-07 10:41:28] 收工，results 36 份 ===
Warning: You are sending unauthenticated requests to the HF Hub. Please set a HF_TOKEN to enable higher rate limits and faster downloads.
Loading weights:   0%|          | 0/380 [00:00<?, ?it/s]Loading weights:  81%|████████  | 308/380 [00:00<00:00, 3072.78it/s]Loading weights: 100%|██████████| 380/380 [00:00<00:00, 3034.71it/s]
task_attr_mod_color_123744     g01_accessory_task_attr_mod_color_123744 id_orig=0.00202 id_def=-0.13075 臉=True iou_person=0.9321 iou_classes=0.41565(7 類)
task_attr_mod_color_202962     g01_accessory_task_attr_mod_color_202962 id_orig=0.83854 id_def=0.84619 臉=True iou_person=0.94727 iou_classes=0.34163(7 類)
task_env_weather_195273        g01_accessory_task_env_weather_195273 id_orig=-0.01849 id_def=0.20792 臉=True iou_person=0.93851 iou_classes=0.24647(5 類)
task_env_weather_70149         g01_accessory_task_env_weather_70149 id_orig=0.95049 id_def=0.74572 臉=True iou_person=0.93635 iou_classes=0.3255(7 類)
task_obj_remove_257910         g01_accessory_task_obj_remove_257910 id_orig=0.1509 id_def=0.17519 臉=True iou_person=0.87682 iou_classes=0.51362(5 類)
task_obj_remove_284852         g01_accessory_task_obj_remove_284852 id_orig=0.5636 id_def=0.59341 臉=True iou_person=0.6005 iou_classes=0.3524(5 類)
task_attr_mod_color_123744     g01_background_task_attr_mod_color_123744 id_orig=0.8867 id_def=0.90728 臉=True iou_person=0.7704 iou_classes=0.14566(15 類)
task_attr_mod_color_202962     g01_background_task_attr_mod_color_202962 id_orig=0.84716 id_def=0.85144 臉=True iou_person=0.92574 iou_classes=0.40273(9 類)
task_env_weather_195273        g01_background_task_env_weather_195273 id_orig=0.91921 id_def=0.86545 臉=True iou_person=0.84413 iou_classes=0.21156(13 類)
task_env_weather_70149         g01_background_task_env_weather_70149 id_orig=0.93106 id_def=0.95827 臉=True iou_person=0.95359 iou_classes=0.38644(9 類)
task_obj_remove_257910         g01_background_task_obj_remove_257910 id_orig=0.66048 id_def=0.71275 臉=True iou_person=0.96929 iou_classes=0.22936(10 類)
task_obj_remove_284852         g01_background_task_obj_remove_284852 id_orig=0.9167 id_def= 臉=False iou_person=0.0 iou_classes=0.0(6 類)
task_attr_mod_color_123744     g01_clothing_task_attr_mod_color_123744 id_orig=0.90754 id_def=0.86537 臉=True iou_person=0.8467 iou_classes=0.13347(15 類)
task_attr_mod_color_202962     g01_clothing_task_attr_mod_color_202962 id_orig=0.86413 id_def=0.8701 臉=True iou_person=0.94721 iou_classes=0.37719(10 類)
task_env_weather_195273        g01_clothing_task_env_weather_195273 id_orig=0.92152 id_def=0.93527 臉=True iou_person=0.6927 iou_classes=0.26535(9 類)
task_env_weather_70149         g01_clothing_task_env_weather_70149 id_orig=0.94415 id_def=0.96187 臉=True iou_person=0.95385 iou_classes=0.32548(10 類)
task_obj_remove_257910         g01_clothing_task_obj_remove_257910 id_orig=0.61457 id_def=0.7771 臉=True iou_person=0.98745 iou_classes=0.54502(9 類)
task_obj_remove_284852         g01_clothing_task_obj_remove_284852 id_orig=0.92717 id_def=0.95879 臉=True iou_person=0.92576 iou_classes=0.55121(7 類)
task_attr_mod_color_202962     g01_rand_accessory_task_attr_mod_color_202962 id_orig=0.83854 id_def=0.89314 臉=True iou_person=0.96834 iou_classes=0.26055(9 類)
task_env_weather_70149         g01_rand_accessory_task_env_weather_70149 id_orig=0.95049 id_def=0.94835 臉=True iou_person=0.97457 iou_classes=0.42332(6 類)
task_attr_mod_color_202962     g01_rand_background_task_attr_mod_color_202962 id_orig=0.84716 id_def=0.87287 臉=True iou_person=0.95559 iou_classes=0.33926(10 類)
task_env_weather_70149         g01_rand_background_task_env_weather_70149 id_orig=0.93106 id_def=0.94891 臉=True iou_person=0.9776 iou_classes=0.45575(9 類)
task_attr_mod_color_202962     g01_rand_clothing_task_attr_mod_color_202962 id_orig=0.86413 id_def=0.8964 臉=True iou_person=0.95796 iou_classes=0.49731(10 類)
task_env_weather_70149         g01_rand_clothing_task_env_weather_70149 id_orig=0.94415 id_def=0.96026 臉=True iou_person=0.97104 iou_classes=0.27419(11 類)
task_attr_mod_color_123744     g04_accessory_task_attr_mod_color_123744 id_orig=0.00202 id_def=-0.07392 臉=True iou_person=0.9118 iou_classes=0.41681(7 類)
task_attr_mod_color_202962     g04_accessory_task_attr_mod_color_202962 id_orig=0.83854 id_def=0.86407 臉=True iou_person=0.96236 iou_classes=0.39534(6 類)
task_env_weather_195273        g04_accessory_task_env_weather_195273 id_orig=-0.01849 id_def=0.22607 臉=True iou_person=0.91134 iou_classes=0.34163(4 類)
task_env_weather_70149         g04_accessory_task_env_weather_70149 id_orig=0.95049 id_def=0.77099 臉=True iou_person=0.91988 iou_classes=0.38125(6 類)
task_attr_mod_color_123744     g04_background_task_attr_mod_color_123744 id_orig=0.8867 id_def=0.91452 臉=True iou_person=0.78213 iou_classes=0.13973(15 類)
task_attr_mod_color_202962     g04_background_task_attr_mod_color_202962 id_orig=0.84716 id_def=0.83697 臉=True iou_person=0.93198 iou_classes=0.31086(11 類)
task_env_weather_195273        g04_background_task_env_weather_195273 id_orig=0.91921 id_def=0.86202 臉=True iou_person=0.82247 iou_classes=0.27157(12 類)
task_env_weather_70149         g04_background_task_env_weather_70149 id_orig=0.93106 id_def=0.95461 臉=True iou_person=0.95268 iou_classes=0.32677(10 類)
task_attr_mod_color_123744     g04_clothing_task_attr_mod_color_123744 id_orig=0.90754 id_def=0.86334 臉=True iou_person=0.80751 iou_classes=0.14737(14 類)
task_attr_mod_color_202962     g04_clothing_task_attr_mod_color_202962 id_orig=0.86413 id_def=0.8603 臉=True iou_person=0.94416 iou_classes=0.45598(10 類)
task_env_weather_195273        g04_clothing_task_env_weather_195273 id_orig=0.92152 id_def=0.93426 臉=True iou_person=0.65363 iou_classes=0.28113(8 類)
task_env_weather_70149         g04_clothing_task_env_weather_70149 id_orig=0.94415 id_def=0.95688 臉=True iou_person=0.94727 iou_classes=0.24877(11 類)
task_attr_mod_color_202962     g01_rand_accessory_task_attr_mod_color_202962 id_orig=0.83854 id_def=0.89314 臉=True iou_person=0.96834 iou_classes=0.26055(9 類)
task_env_weather_70149         g01_rand_accessory_task_env_weather_70149 id_orig=0.95049 id_def=0.94835 臉=True iou_person=0.97457 iou_classes=0.42332(6 類)
task_attr_mod_color_202962     g01_rand_background_task_attr_mod_color_202962 id_orig=0.84716 id_def=0.87287 臉=True iou_person=0.95559 iou_classes=0.33926(10 類)
task_env_weather_70149         g01_rand_background_task_env_weather_70149 id_orig=0.93106 id_def=0.94891 臉=True iou_person=0.9776 iou_classes=0.45575(9 類)
task_attr_mod_color_202962     g01_rand_clothing_task_attr_mod_color_202962 id_orig=0.86413 id_def=0.8964 臉=True iou_person=0.95796 iou_classes=0.49731(10 類)
task_env_weather_70149         g01_rand_clothing_task_env_weather_70149 id_orig=0.94415 id_def=0.96026 臉=True iou_person=0.97104 iou_classes=0.27419(11 類)

寫出 runs/ip2p_colour_grid/identity.csv（42 列）
=== [2026-09-07 10:42:57] 身分讀數寫入 runs/ip2p_colour_grid/identity.csv ===
