=== [2026-09-07 04:10:33] 燒測 r20（20 步）===
Couldn't connect to the Hub: [Errno 101] Network is unreachable.
Will try to load from local cache.
Traceback (most recent call last):
  File "/nfs/home/nelson0314/venvs/wacv/lib/python3.11/site-packages/httpx/_transports/default.py", line 101, in map_httpcore_exceptions
    yield
  File "/nfs/home/nelson0314/venvs/wacv/lib/python3.11/site-packages/httpx/_transports/default.py", line 250, in handle_request
    resp = self._pool.handle_request(req)
           ^^^^^^^^^^^^^^^^^^^^^^^^^^^^^^
  File "/nfs/home/nelson0314/venvs/wacv/lib/python3.11/site-packages/httpcore/_sync/connection_pool.py", line 256, in handle_request
    raise exc from None
  File "/nfs/home/nelson0314/venvs/wacv/lib/python3.11/site-packages/httpcore/_sync/connection_pool.py", line 236, in handle_request
    response = connection.handle_request(
               ^^^^^^^^^^^^^^^^^^^^^^^^^^
  File "/nfs/home/nelson0314/venvs/wacv/lib/python3.11/site-packages/httpcore/_sync/connection.py", line 101, in handle_request
    raise exc
  File "/nfs/home/nelson0314/venvs/wacv/lib/python3.11/site-packages/httpcore/_sync/connection.py", line 78, in handle_request
    stream = self._connect(request)
             ^^^^^^^^^^^^^^^^^^^^^^
  File "/nfs/home/nelson0314/venvs/wacv/lib/python3.11/site-packages/httpcore/_sync/connection.py", line 124, in _connect
    stream = self._network_backend.connect_tcp(**kwargs)
             ^^^^^^^^^^^^^^^^^^^^^^^^^^^^^^^^^^^^^^^^^^^
  File "/nfs/home/nelson0314/venvs/wacv/lib/python3.11/site-packages/httpcore/_backends/sync.py", line 207, in connect_tcp
    with map_exceptions(exc_map):
  File "/nfs/home/nelson0314/.local/share/uv/python/cpython-3.11.15-linux-x86_64-gnu/lib/python3.11/contextlib.py", line 158, in __exit__
    self.gen.throw(typ, value, traceback)
  File "/nfs/home/nelson0314/venvs/wacv/lib/python3.11/site-packages/httpcore/_exceptions.py", line 14, in map_exceptions
    raise to_exc(exc) from exc
httpcore.ConnectError: [Errno 101] Network is unreachable

The above exception was the direct cause of the following exception:

Traceback (most recent call last):
  File "/nfs/home/nelson0314/venvs/wacv/lib/python3.11/site-packages/diffusers/pipelines/pipeline_utils.py", line 1644, in download
    info = model_info(pretrained_model_name, token=token, revision=revision)
           ^^^^^^^^^^^^^^^^^^^^^^^^^^^^^^^^^^^^^^^^^^^^^^^^^^^^^^^^^^^^^^^^^
  File "/nfs/home/nelson0314/venvs/wacv/lib/python3.11/site-packages/huggingface_hub/utils/_validators.py", line 88, in _inner_fn
    return fn(*args, **kwargs)
           ^^^^^^^^^^^^^^^^^^^
  File "/nfs/home/nelson0314/venvs/wacv/lib/python3.11/site-packages/huggingface_hub/hf_api.py", line 3322, in model_info
    r = get_session().get(path, headers=headers, timeout=timeout, params=params)
        ^^^^^^^^^^^^^^^^^^^^^^^^^^^^^^^^^^^^^^^^^^^^^^^^^^^^^^^^^^^^^^^^^^^^^^^^
  File "/nfs/home/nelson0314/venvs/wacv/lib/python3.11/site-packages/httpx/_client.py", line 1053, in get
    return self.request(
           ^^^^^^^^^^^^^
  File "/nfs/home/nelson0314/venvs/wacv/lib/python3.11/site-packages/httpx/_client.py", line 825, in request
    return self.send(request, auth=auth, follow_redirects=follow_redirects)
           ^^^^^^^^^^^^^^^^^^^^^^^^^^^^^^^^^^^^^^^^^^^^^^^^^^^^^^^^^^^^^^^^
  File "/nfs/home/nelson0314/venvs/wacv/lib/python3.11/site-packages/httpx/_client.py", line 914, in send
    response = self._send_handling_auth(
               ^^^^^^^^^^^^^^^^^^^^^^^^^
  File "/nfs/home/nelson0314/venvs/wacv/lib/python3.11/site-packages/httpx/_client.py", line 942, in _send_handling_auth
    response = self._send_handling_redirects(
               ^^^^^^^^^^^^^^^^^^^^^^^^^^^^^^
  File "/nfs/home/nelson0314/venvs/wacv/lib/python3.11/site-packages/httpx/_client.py", line 979, in _send_handling_redirects
    response = self._send_single_request(request)
               ^^^^^^^^^^^^^^^^^^^^^^^^^^^^^^^^^^
  File "/nfs/home/nelson0314/venvs/wacv/lib/python3.11/site-packages/httpx/_client.py", line 1014, in _send_single_request
    response = transport.handle_request(request)
               ^^^^^^^^^^^^^^^^^^^^^^^^^^^^^^^^^
  File "/nfs/home/nelson0314/venvs/wacv/lib/python3.11/site-packages/httpx/_transports/default.py", line 249, in handle_request
    with map_httpcore_exceptions():
  File "/nfs/home/nelson0314/.local/share/uv/python/cpython-3.11.15-linux-x86_64-gnu/lib/python3.11/contextlib.py", line 158, in __exit__
    self.gen.throw(typ, value, traceback)
  File "/nfs/home/nelson0314/venvs/wacv/lib/python3.11/site-packages/httpx/_transports/default.py", line 118, in map_httpcore_exceptions
    raise mapped_exc(message) from exc
httpx.ConnectError: [Errno 101] Network is unreachable

The above exception was the direct cause of the following exception:

Traceback (most recent call last):
  File "/nfs/home/nelson0314/WACV-s3/scripts/ip2p_run.py", line 2768, in <module>
    main()
  File "/nfs/home/nelson0314/WACV-s3/scripts/ip2p_run.py", line 2248, in main
    ip2p = IP2PWrapper(dtype=torch.float32)
           ^^^^^^^^^^^^^^^^^^^^^^^^^^^^^^^^
  File "/nfs/home/nelson0314/WACV-s3/src/models/ip2p.py", line 93, in __init__
    else self._load_pipeline(model_name, self.backbone_dtype))
         ^^^^^^^^^^^^^^^^^^^^^^^^^^^^^^^^^^^^^^^^^^^^^^^^^^^^
  File "/nfs/home/nelson0314/WACV-s3/src/models/ip2p.py", line 108, in _load_pipeline
    return StableDiffusionInstructPix2PixPipeline.from_pretrained(
           ^^^^^^^^^^^^^^^^^^^^^^^^^^^^^^^^^^^^^^^^^^^^^^^^^^^^^^^
  File "/nfs/home/nelson0314/venvs/wacv/lib/python3.11/site-packages/huggingface_hub/utils/_validators.py", line 88, in _inner_fn
    return fn(*args, **kwargs)
           ^^^^^^^^^^^^^^^^^^^
  File "/nfs/home/nelson0314/venvs/wacv/lib/python3.11/site-packages/diffusers/pipelines/pipeline_utils.py", line 860, in from_pretrained
    cached_folder = cls.download(
                    ^^^^^^^^^^^^^
  File "/nfs/home/nelson0314/venvs/wacv/lib/python3.11/site-packages/huggingface_hub/utils/_validators.py", line 88, in _inner_fn
    return fn(*args, **kwargs)
           ^^^^^^^^^^^^^^^^^^^
  File "/nfs/home/nelson0314/venvs/wacv/lib/python3.11/site-packages/diffusers/pipelines/pipeline_utils.py", line 1830, in download
    raise EnvironmentError(
OSError: Cannot load model timbrooks/instruct-pix2pix: model is not cached locally and an error occurred while trying to fetch metadata from the Hub. Please check out the root cause in the stacktrace above.
燒測失敗（rc=1）
=== [2026-09-07 04:21:14] 燒測 r20（20 步）===
Couldn't connect to the Hub: [Errno 101] Network is unreachable.
Will try to load from local cache.
Traceback (most recent call last):
  File "/nfs/home/nelson0314/venvs/wacv/lib/python3.11/site-packages/httpx/_transports/default.py", line 101, in map_httpcore_exceptions
    yield
  File "/nfs/home/nelson0314/venvs/wacv/lib/python3.11/site-packages/httpx/_transports/default.py", line 250, in handle_request
    resp = self._pool.handle_request(req)
           ^^^^^^^^^^^^^^^^^^^^^^^^^^^^^^
  File "/nfs/home/nelson0314/venvs/wacv/lib/python3.11/site-packages/httpcore/_sync/connection_pool.py", line 256, in handle_request
    raise exc from None
  File "/nfs/home/nelson0314/venvs/wacv/lib/python3.11/site-packages/httpcore/_sync/connection_pool.py", line 236, in handle_request
    response = connection.handle_request(
               ^^^^^^^^^^^^^^^^^^^^^^^^^^
  File "/nfs/home/nelson0314/venvs/wacv/lib/python3.11/site-packages/httpcore/_sync/connection.py", line 101, in handle_request
    raise exc
  File "/nfs/home/nelson0314/venvs/wacv/lib/python3.11/site-packages/httpcore/_sync/connection.py", line 78, in handle_request
    stream = self._connect(request)
             ^^^^^^^^^^^^^^^^^^^^^^
  File "/nfs/home/nelson0314/venvs/wacv/lib/python3.11/site-packages/httpcore/_sync/connection.py", line 124, in _connect
    stream = self._network_backend.connect_tcp(**kwargs)
             ^^^^^^^^^^^^^^^^^^^^^^^^^^^^^^^^^^^^^^^^^^^
  File "/nfs/home/nelson0314/venvs/wacv/lib/python3.11/site-packages/httpcore/_backends/sync.py", line 207, in connect_tcp
    with map_exceptions(exc_map):
  File "/nfs/home/nelson0314/.local/share/uv/python/cpython-3.11.15-linux-x86_64-gnu/lib/python3.11/contextlib.py", line 158, in __exit__
    self.gen.throw(typ, value, traceback)
  File "/nfs/home/nelson0314/venvs/wacv/lib/python3.11/site-packages/httpcore/_exceptions.py", line 14, in map_exceptions
    raise to_exc(exc) from exc
httpcore.ConnectError: [Errno 101] Network is unreachable

The above exception was the direct cause of the following exception:

Traceback (most recent call last):
  File "/nfs/home/nelson0314/venvs/wacv/lib/python3.11/site-packages/diffusers/pipelines/pipeline_utils.py", line 1644, in download
    info = model_info(pretrained_model_name, token=token, revision=revision)
           ^^^^^^^^^^^^^^^^^^^^^^^^^^^^^^^^^^^^^^^^^^^^^^^^^^^^^^^^^^^^^^^^^
  File "/nfs/home/nelson0314/venvs/wacv/lib/python3.11/site-packages/huggingface_hub/utils/_validators.py", line 88, in _inner_fn
    return fn(*args, **kwargs)
           ^^^^^^^^^^^^^^^^^^^
  File "/nfs/home/nelson0314/venvs/wacv/lib/python3.11/site-packages/huggingface_hub/hf_api.py", line 3322, in model_info
    r = get_session().get(path, headers=headers, timeout=timeout, params=params)
        ^^^^^^^^^^^^^^^^^^^^^^^^^^^^^^^^^^^^^^^^^^^^^^^^^^^^^^^^^^^^^^^^^^^^^^^^
  File "/nfs/home/nelson0314/venvs/wacv/lib/python3.11/site-packages/httpx/_client.py", line 1053, in get
    return self.request(
           ^^^^^^^^^^^^^
  File "/nfs/home/nelson0314/venvs/wacv/lib/python3.11/site-packages/httpx/_client.py", line 825, in request
    return self.send(request, auth=auth, follow_redirects=follow_redirects)
           ^^^^^^^^^^^^^^^^^^^^^^^^^^^^^^^^^^^^^^^^^^^^^^^^^^^^^^^^^^^^^^^^
  File "/nfs/home/nelson0314/venvs/wacv/lib/python3.11/site-packages/httpx/_client.py", line 914, in send
    response = self._send_handling_auth(
               ^^^^^^^^^^^^^^^^^^^^^^^^^
  File "/nfs/home/nelson0314/venvs/wacv/lib/python3.11/site-packages/httpx/_client.py", line 942, in _send_handling_auth
    response = self._send_handling_redirects(
               ^^^^^^^^^^^^^^^^^^^^^^^^^^^^^^
  File "/nfs/home/nelson0314/venvs/wacv/lib/python3.11/site-packages/httpx/_client.py", line 979, in _send_handling_redirects
    response = self._send_single_request(request)
               ^^^^^^^^^^^^^^^^^^^^^^^^^^^^^^^^^^
  File "/nfs/home/nelson0314/venvs/wacv/lib/python3.11/site-packages/httpx/_client.py", line 1014, in _send_single_request
    response = transport.handle_request(request)
               ^^^^^^^^^^^^^^^^^^^^^^^^^^^^^^^^^
  File "/nfs/home/nelson0314/venvs/wacv/lib/python3.11/site-packages/httpx/_transports/default.py", line 249, in handle_request
    with map_httpcore_exceptions():
  File "/nfs/home/nelson0314/.local/share/uv/python/cpython-3.11.15-linux-x86_64-gnu/lib/python3.11/contextlib.py", line 158, in __exit__
    self.gen.throw(typ, value, traceback)
  File "/nfs/home/nelson0314/venvs/wacv/lib/python3.11/site-packages/httpx/_transports/default.py", line 118, in map_httpcore_exceptions
    raise mapped_exc(message) from exc
httpx.ConnectError: [Errno 101] Network is unreachable

The above exception was the direct cause of the following exception:

Traceback (most recent call last):
  File "/nfs/home/nelson0314/WACV-s3/scripts/ip2p_run.py", line 2768, in <module>
    main()
  File "/nfs/home/nelson0314/WACV-s3/scripts/ip2p_run.py", line 2248, in main
    ip2p = IP2PWrapper(dtype=torch.float32)
           ^^^^^^^^^^^^^^^^^^^^^^^^^^^^^^^^
  File "/nfs/home/nelson0314/WACV-s3/src/models/ip2p.py", line 93, in __init__
    else self._load_pipeline(model_name, self.backbone_dtype))
         ^^^^^^^^^^^^^^^^^^^^^^^^^^^^^^^^^^^^^^^^^^^^^^^^^^^^
  File "/nfs/home/nelson0314/WACV-s3/src/models/ip2p.py", line 108, in _load_pipeline
    return StableDiffusionInstructPix2PixPipeline.from_pretrained(
           ^^^^^^^^^^^^^^^^^^^^^^^^^^^^^^^^^^^^^^^^^^^^^^^^^^^^^^^
  File "/nfs/home/nelson0314/venvs/wacv/lib/python3.11/site-packages/huggingface_hub/utils/_validators.py", line 88, in _inner_fn
    return fn(*args, **kwargs)
           ^^^^^^^^^^^^^^^^^^^
  File "/nfs/home/nelson0314/venvs/wacv/lib/python3.11/site-packages/diffusers/pipelines/pipeline_utils.py", line 860, in from_pretrained
    cached_folder = cls.download(
                    ^^^^^^^^^^^^^
  File "/nfs/home/nelson0314/venvs/wacv/lib/python3.11/site-packages/huggingface_hub/utils/_validators.py", line 88, in _inner_fn
    return fn(*args, **kwargs)
           ^^^^^^^^^^^^^^^^^^^
  File "/nfs/home/nelson0314/venvs/wacv/lib/python3.11/site-packages/diffusers/pipelines/pipeline_utils.py", line 1830, in download
    raise EnvironmentError(
OSError: Cannot load model timbrooks/instruct-pix2pix: model is not cached locally and an error occurred while trying to fetch metadata from the Hub. Please check out the root cause in the stacktrace above.
燒測失敗（rc=1）
=== [2026-09-07 04:32:23] 燒測 r20（20 步）===
Warning: You are sending unauthenticated requests to the HF Hub. Please set a HF_TOKEN to enable higher rate limits and faster downloads.
Loading pipeline components...:   0%|          | 0/6 [00:00<?, ?it/s]Loading pipeline components...:  17%|█▋        | 1/6 [00:00<00:01,  4.68it/s]Loading pipeline components...:  33%|███▎      | 2/6 [00:00<00:00,  5.84it/s]
Loading weights:   0%|          | 0/196 [00:00<?, ?it/s][ALoading weights: 100%|██████████| 196/196 [00:00<00:00, 5109.89it/s]
Loading pipeline components...:  50%|█████     | 3/6 [00:00<00:00,  5.63it/s]Loading pipeline components...: 100%|██████████| 6/6 [00:00<00:00,  9.75it/s]
There are modules in AutoencoderKL that should be kept in float32: []. Casting directly with `to()` can lead to inconsistent results; set `torch_dtype` in `from_pretrained()` instead to keep these modules in float32.
/nfs/home/nelson0314/venvs/wacv/lib/python3.11/site-packages/torchvision/models/_utils.py:207: UserWarning: The parameter 'pretrained' is deprecated since 0.13 and may be removed in the future, please use 'weights' instead.
  warnings.warn(
/nfs/home/nelson0314/venvs/wacv/lib/python3.11/site-packages/torchvision/models/_utils.py:222: UserWarning: Arguments other than a weight enum or `None` for 'weights' are deprecated since 0.13 and may be removed in the future. The current behavior is equivalent to passing `weights=VGG16_Weights.IMAGENET1K_V1`. You can also use `weights=VGG16_Weights.DEFAULT` to get the most up-to-date weights.
  warnings.warn(msg)
IP2P 線：1 張、條件 ['color_grid']、steps=100 s_T=7.5 s_I=1.5 seed=20260812
/nfs/home/nelson0314/venvs/wacv/lib/python3.11/site-packages/diffusers/image_processor.py:724: FutureWarning: Passing `image` as torch tensor with value range in [-1,1] is deprecated. The expected value range for image tensor is [0,1] when passing as pytorch tensor or numpy Array. You passed `image` with value range [-1.0,1.0]
  warnings.warn(
Loading weights:   0%|          | 0/380 [00:00<?, ?it/s]Loading weights: 100%|██████████| 380/380 [00:00<00:00, 4220.93it/s]
    [color_grid] step    0 loss 0.444197 |p| 0.36107 eval 0.070895
    [color_grid] step    1 loss 0.032734 |p| 0.36718
    [color_grid] step    2 loss 0.074355 |p| 0.42622
    [color_grid] step    3 loss 0.002791 |p| 0.43172
    [color_grid] step    4 loss 0.145693 |p| 0.48060
    [color_grid] step    5 loss 0.037904 |p| 0.48040
    [color_grid] step    6 loss 0.028113 |p| 0.50614
    [color_grid] step    7 loss 0.038916 |p| 0.50905
    [color_grid] step    8 loss 0.000992 |p| 0.52952
    [color_grid] step    9 loss 0.001955 |p| 0.52626
    [color_grid] step   10 loss 0.004806 |p| 0.54182
    [color_grid] step   11 loss 0.084611 |p| 0.54474
    [color_grid] step   12 loss 0.023576 |p| 0.55951
    [color_grid] step   13 loss 0.004881 |p| 0.55343
    [color_grid] step   14 loss 0.018896 |p| 0.56618
    [color_grid] step   15 loss 0.002006 |p| 0.56039
    [color_grid] step   16 loss 0.118749 |p| 0.57924
    [color_grid] step   17 loss 0.016978 |p| 0.57352
    [color_grid] step   18 loss 0.016773 |p| 0.58245
    [color_grid] step   19 loss 0.090619 |p| 0.58467 eval 0.057402
/nfs/home/nelson0314/venvs/wacv/lib/python3.11/site-packages/diffusers/image_processor.py:724: FutureWarning: Passing `image` as torch tensor with value range in [-1,1] is deprecated. The expected value range for image tensor is [0,1] when passing as pytorch tensor or numpy Array. You passed `image` with value range [-1.0,1.0]
  warnings.warn(
Loading weights:   0%|          | 0/398 [00:00<?, ?it/s]Loading weights: 100%|██████████| 398/398 [00:00<00:00, 18664.49it/s]
[transformers] Model config: bos_token_id must be `None` or an integer within the vocabulary (between 0 and 31999), got 49406. This may result in unexpected behavior.
[transformers] Model config: eos_token_id must be `None` or an integer within the vocabulary (between 0 and 31999), got 49407. This may result in unexpected behavior.
Loading weights:   0%|          | 0/408 [00:00<?, ?it/s]Loading weights: 100%|██████████| 408/408 [00:00<00:00, 4201.96it/s]
task_attr_mod_color_123744       color_grid     r=2.0000 dists=0.2108 lpips=0.2493 effect=0.3280 (47s)

表：runs/ip2p_colour_budget/_smoke/results.csv（1 列）
✓ 燒測通過
=== [2026-09-07 04:34:30] 色彩預算掃描：4 臂 × 10 張，10 個並行位 ===
[colour] r06 r=0.60 task_attr_mod_color_123744 dev=1
[colour] r06 r=0.60 task_attr_mod_color_202962 dev=2
[colour] r06 r=0.60 task_env_weather_195273 dev=3
[colour] r06 r=0.60 task_env_weather_70149 dev=4
[colour] r06 r=0.60 task_obj_remove_257910 dev=5
=== [2026-09-07 04:52:20] 色彩預算掃描：4 臂 × 6 張，10 個並行位 ===
[colour] r06 r=0.60 task_attr_mod_color_123744 dev=1
[colour] r06 r=0.60 task_attr_mod_color_202962 dev=2
[colour] r06 r=0.60 task_env_weather_195273 dev=3
[colour] r06 r=0.60 task_env_weather_70149 dev=4
[colour] r06 r=0.60 task_obj_remove_257910 dev=5
[colour] r06 r=0.60 task_obj_remove_284852 dev=1
[colour] r12 r=1.20 task_attr_mod_color_123744 dev=2
[colour] r12 r=1.20 task_attr_mod_color_202962 dev=3
[colour] r12 r=1.20 task_env_weather_195273 dev=4
[colour] r12 r=1.20 task_env_weather_70149 dev=5
[colour] r12 r=1.20 task_obj_remove_257910 dev=1
[colour] r12 r=1.20 task_obj_remove_284852 dev=2
[colour] r20 r=2.00 task_attr_mod_color_123744 dev=3
[colour] r20 r=2.00 task_attr_mod_color_202962 dev=4
[colour] r20 r=2.00 task_env_weather_195273 dev=5
[colour] r20 r=2.00 task_env_weather_70149 dev=1
[colour] r20 r=2.00 task_obj_remove_257910 dev=2
[colour] r20 r=2.00 task_obj_remove_284852 dev=3
[colour] r20_rand r=2.00 task_attr_mod_color_123744 dev=4
[colour] r20_rand r=2.00 task_attr_mod_color_202962 dev=5
[colour] r20_rand r=2.00 task_env_weather_195273 dev=1
[colour] r20_rand r=2.00 task_env_weather_70149 dev=2
[colour] r20_rand r=2.00 task_obj_remove_257910 dev=3
[colour] r20_rand r=2.00 task_obj_remove_284852 dev=4
=== [2026-09-07 07:33:38] 收工，results 60 份 ===
Warning: You are sending unauthenticated requests to the HF Hub. Please set a HF_TOKEN to enable higher rate limits and faster downloads.
Loading weights:   0%|          | 0/380 [00:00<?, ?it/s]Loading weights:  80%|████████  | 304/380 [00:00<00:00, 3026.55it/s]Loading weights: 100%|██████████| 380/380 [00:00<00:00, 2975.89it/s]
task_attr_mod_color_123744     r06_accessory_task_attr_mod_color_123744 id_orig=0.00202 id_def=-0.05469 臉=True iou_person=0.88626 iou_classes=0.39428(7 類)
task_attr_mod_color_202962     r06_accessory_task_attr_mod_color_202962 id_orig=0.83854 id_def=0.90563 臉=True iou_person=0.93459 iou_classes=0.33372(7 類)
task_env_weather_195273        r06_accessory_task_env_weather_195273 id_orig=-0.01849 id_def=0.12382 臉=True iou_person=0.91286 iou_classes=0.3618(4 類)
task_env_weather_70149         r06_accessory_task_env_weather_70149 id_orig=0.95049 id_def=0.77137 臉=True iou_person=0.88465 iou_classes=0.31479(7 類)
task_obj_remove_257910         r06_accessory_task_obj_remove_257910 id_orig=0.1509 id_def=0.23304 臉=True iou_person=0.95138 iou_classes=0.35846(6 類)
task_obj_remove_284852         r06_accessory_task_obj_remove_284852 id_orig=0.5636 id_def=-0.02165 臉=True iou_person=0.66003 iou_classes=0.46044(5 類)
task_attr_mod_color_123744     r06_background_task_attr_mod_color_123744 id_orig=0.8867 id_def=0.90486 臉=True iou_person=0.83587 iou_classes=0.15598(13 類)
task_attr_mod_color_202962     r06_background_task_attr_mod_color_202962 id_orig=0.84716 id_def=0.84135 臉=True iou_person=0.93711 iou_classes=0.3694(9 類)
task_env_weather_195273        r06_background_task_env_weather_195273 id_orig=0.91921 id_def=0.83386 臉=True iou_person=0.76541 iou_classes=0.27132(12 類)
task_env_weather_70149         r06_background_task_env_weather_70149 id_orig=0.93106 id_def=0.75109 臉=True iou_person=0.00016 iou_classes=0.0(9 類)
task_obj_remove_257910         r06_background_task_obj_remove_257910 id_orig=0.66048 id_def=0.72528 臉=True iou_person=0.96037 iou_classes=0.2772(10 類)
task_obj_remove_284852         r06_background_task_obj_remove_284852 id_orig=0.9167 id_def= 臉=False iou_person=0.00105 iou_classes=0.00026(6 類)
task_attr_mod_color_123744     r06_clothing_task_attr_mod_color_123744 id_orig=0.90754 id_def=0.83316 臉=True iou_person=0.81286 iou_classes=0.14701(12 類)
task_attr_mod_color_202962     r06_clothing_task_attr_mod_color_202962 id_orig=0.86413 id_def=0.86516 臉=True iou_person=0.93423 iou_classes=0.38351(10 類)
task_env_weather_195273        r06_clothing_task_env_weather_195273 id_orig=0.92152 id_def=0.90875 臉=True iou_person=0.69389 iou_classes=0.30393(8 類)
task_env_weather_70149         r06_clothing_task_env_weather_70149 id_orig=0.94415 id_def=0.92941 臉=True iou_person=0.96423 iou_classes=0.29707(9 類)
task_obj_remove_257910         r06_clothing_task_obj_remove_257910 id_orig=0.61457 id_def= 臉=False iou_person=0.97375 iou_classes=0.24577(13 類)
task_obj_remove_284852         r06_clothing_task_obj_remove_284852 id_orig=0.92717 id_def=0.95645 臉=True iou_person=0.84227 iou_classes=0.45502(7 類)
task_attr_mod_color_123744     r12_accessory_task_attr_mod_color_123744 id_orig=0.00202 id_def=-0.24372 臉=True iou_person=0.9 iou_classes=0.37626(7 類)
task_attr_mod_color_202962     r12_accessory_task_attr_mod_color_202962 id_orig=0.83854 id_def=0.87445 臉=True iou_person=0.92048 iou_classes=0.28662(7 類)
task_env_weather_195273        r12_accessory_task_env_weather_195273 id_orig=-0.01849 id_def=-0.14714 臉=True iou_person=0.84671 iou_classes=0.20797(5 類)
task_env_weather_70149         r12_accessory_task_env_weather_70149 id_orig=0.95049 id_def=0.80539 臉=True iou_person=0.89706 iou_classes=0.40515(6 類)
task_attr_mod_color_123744     r12_background_task_attr_mod_color_123744 id_orig=0.8867 id_def=0.90461 臉=True iou_person=0.86242 iou_classes=0.15928(13 類)
task_attr_mod_color_202962     r12_background_task_attr_mod_color_202962 id_orig=0.84716 id_def=0.78847 臉=True iou_person=0.91548 iou_classes=0.29104(10 類)
task_env_weather_195273        r12_background_task_env_weather_195273 id_orig=0.91921 id_def= 臉=False iou_person=0.67165 iou_classes=0.23379(13 類)
task_env_weather_70149         r12_background_task_env_weather_70149 id_orig=0.93106 id_def=0.85129 臉=True iou_person=0.90916 iou_classes=0.21083(9 類)
task_attr_mod_color_123744     r12_clothing_task_attr_mod_color_123744 id_orig=0.90754 id_def=0.87017 臉=True iou_person=0.86445 iou_classes=0.13867(14 類)
task_attr_mod_color_202962     r12_clothing_task_attr_mod_color_202962 id_orig=0.86413 id_def=0.90135 臉=True iou_person=0.93179 iou_classes=0.39861(10 類)
task_env_weather_195273        r12_clothing_task_env_weather_195273 id_orig=0.92152 id_def=0.90483 臉=True iou_person=0.58728 iou_classes=0.28597(8 類)
task_env_weather_70149         r12_clothing_task_env_weather_70149 id_orig=0.94415 id_def=0.93262 臉=True iou_person=0.96872 iou_classes=0.30444(9 類)
task_env_weather_195273        r20_accessory_task_env_weather_195273 id_orig=-0.01849 id_def=-0.09666 臉=True iou_person=0.84526 iou_classes=0.25145(4 類)
task_env_weather_70149         r20_accessory_task_env_weather_70149 id_orig=0.95049 id_def=0.76597 臉=True iou_person=0.9029 iou_classes=0.40442(6 類)
task_obj_remove_257910         r20_accessory_task_obj_remove_257910 id_orig=0.1509 id_def=0.07023 臉=True iou_person=0.93112 iou_classes=0.32949(5 類)
task_obj_remove_284852         r20_accessory_task_obj_remove_284852 id_orig=0.5636 id_def=0.67338 臉=True iou_person=0.68429 iou_classes=0.50216(5 類)
task_env_weather_195273        r20_background_task_env_weather_195273 id_orig=0.91921 id_def= 臉=False iou_person=0.77295 iou_classes=0.25236(12 類)
task_env_weather_70149         r20_background_task_env_weather_70149 id_orig=0.93106 id_def=0.66221 臉=True iou_person=0.01424 iou_classes=0.00835(10 類)
task_obj_remove_257910         r20_background_task_obj_remove_257910 id_orig=0.66048 id_def=0.66617 臉=True iou_person=0.9652 iou_classes=0.22231(10 類)
task_obj_remove_284852         r20_background_task_obj_remove_284852 id_orig=0.9167 id_def=0.92855 臉=True iou_person=0.83636 iou_classes=0.34991(7 類)
task_env_weather_195273        r20_clothing_task_env_weather_195273 id_orig=0.92152 id_def=0.90505 臉=True iou_person=0.66167 iou_classes=0.25926(9 類)
task_env_weather_70149         r20_clothing_task_env_weather_70149 id_orig=0.94415 id_def=0.92677 臉=True iou_person=0.96258 iou_classes=0.30426(9 類)
task_obj_remove_257910         r20_clothing_task_obj_remove_257910 id_orig=0.61457 id_def= 臉=False iou_person=0.98435 iou_classes=0.42836(9 類)
task_obj_remove_284852         r20_clothing_task_obj_remove_284852 id_orig=0.92717 id_def=0.94936 臉=True iou_person=0.85891 iou_classes=0.46499(7 類)
task_attr_mod_color_123744     r20_rand_accessory_task_attr_mod_color_123744 id_orig=0.00202 id_def=-0.05546 臉=True iou_person=0.91693 iou_classes=0.40767(7 類)
task_attr_mod_color_202962     r20_rand_accessory_task_attr_mod_color_202962 id_orig=0.83854 id_def=0.86319 臉=True iou_person=0.94944 iou_classes=0.2451(9 類)
task_env_weather_195273        r20_rand_accessory_task_env_weather_195273 id_orig=-0.01849 id_def=0.05269 臉=True iou_person=0.90537 iou_classes=0.17063(7 類)
task_env_weather_70149         r20_rand_accessory_task_env_weather_70149 id_orig=0.95049 id_def=0.83015 臉=True iou_person=0.97554 iou_classes=0.42887(6 類)
task_obj_remove_257910         r20_rand_accessory_task_obj_remove_257910 id_orig=0.1509 id_def=0.11391 臉=True iou_person=0.96188 iou_classes=0.35303(5 類)
task_obj_remove_284852         r20_rand_accessory_task_obj_remove_284852 id_orig=0.5636 id_def=0.69233 臉=True iou_person=0.70172 iou_classes=0.31257(8 類)
task_attr_mod_color_123744     r20_rand_background_task_attr_mod_color_123744 id_orig=0.8867 id_def=0.90448 臉=True iou_person=0.86966 iou_classes=0.17909(12 類)
task_attr_mod_color_202962     r20_rand_background_task_attr_mod_color_202962 id_orig=0.84716 id_def=0.86222 臉=True iou_person=0.96527 iou_classes=0.37569(9 類)
task_env_weather_195273        r20_rand_background_task_env_weather_195273 id_orig=0.91921 id_def=0.9286 臉=True iou_person=0.66589 iou_classes=0.21081(13 類)
task_env_weather_70149         r20_rand_background_task_env_weather_70149 id_orig=0.93106 id_def=0.95353 臉=True iou_person=0.95682 iou_classes=0.3381(11 類)
task_obj_remove_257910         r20_rand_background_task_obj_remove_257910 id_orig=0.66048 id_def=0.6849 臉=True iou_person=0.95948 iou_classes=0.25744(10 類)
task_obj_remove_284852         r20_rand_background_task_obj_remove_284852 id_orig=0.9167 id_def=0.91949 臉=True iou_person=0.69264 iou_classes=0.29131(8 類)
task_attr_mod_color_123744     r20_rand_clothing_task_attr_mod_color_123744 id_orig=0.90754 id_def=0.88977 臉=True iou_person=0.85168 iou_classes=0.14762(14 類)
task_attr_mod_color_202962     r20_rand_clothing_task_attr_mod_color_202962 id_orig=0.86413 id_def=0.85674 臉=True iou_person=0.94874 iou_classes=0.45032(10 類)
task_env_weather_195273        r20_rand_clothing_task_env_weather_195273 id_orig=0.92152 id_def=0.93036 臉=True iou_person=0.61582 iou_classes=0.32172(7 類)
task_env_weather_70149         r20_rand_clothing_task_env_weather_70149 id_orig=0.94415 id_def=0.95586 臉=True iou_person=0.97196 iou_classes=0.26681(10 類)
task_obj_remove_257910         r20_rand_clothing_task_obj_remove_257910 id_orig=0.61457 id_def=0.74797 臉=True iou_person=0.98577 iou_classes=0.42987(9 類)
task_obj_remove_284852         r20_rand_clothing_task_obj_remove_284852 id_orig=0.92717 id_def=0.96046 臉=True iou_person=0.84166 iou_classes=0.37599(8 類)
task_attr_mod_color_123744     r20_rand_accessory_task_attr_mod_color_123744 id_orig=0.00202 id_def=-0.05546 臉=True iou_person=0.91693 iou_classes=0.40767(7 類)
task_attr_mod_color_202962     r20_rand_accessory_task_attr_mod_color_202962 id_orig=0.83854 id_def=0.86319 臉=True iou_person=0.94944 iou_classes=0.2451(9 類)
task_env_weather_195273        r20_rand_accessory_task_env_weather_195273 id_orig=-0.01849 id_def=0.05269 臉=True iou_person=0.90537 iou_classes=0.17063(7 類)
task_env_weather_70149         r20_rand_accessory_task_env_weather_70149 id_orig=0.95049 id_def=0.83015 臉=True iou_person=0.97554 iou_classes=0.42887(6 類)
task_obj_remove_257910         r20_rand_accessory_task_obj_remove_257910 id_orig=0.1509 id_def=0.11391 臉=True iou_person=0.96188 iou_classes=0.35303(5 類)
task_obj_remove_284852         r20_rand_accessory_task_obj_remove_284852 id_orig=0.5636 id_def=0.69233 臉=True iou_person=0.70172 iou_classes=0.31257(8 類)
task_attr_mod_color_123744     r20_rand_background_task_attr_mod_color_123744 id_orig=0.8867 id_def=0.90448 臉=True iou_person=0.86966 iou_classes=0.17909(12 類)
task_attr_mod_color_202962     r20_rand_background_task_attr_mod_color_202962 id_orig=0.84716 id_def=0.86222 臉=True iou_person=0.96527 iou_classes=0.37569(9 類)
task_env_weather_195273        r20_rand_background_task_env_weather_195273 id_orig=0.91921 id_def=0.9286 臉=True iou_person=0.66589 iou_classes=0.21081(13 類)
task_env_weather_70149         r20_rand_background_task_env_weather_70149 id_orig=0.93106 id_def=0.95353 臉=True iou_person=0.95682 iou_classes=0.3381(11 類)
task_obj_remove_257910         r20_rand_background_task_obj_remove_257910 id_orig=0.66048 id_def=0.6849 臉=True iou_person=0.95948 iou_classes=0.25744(10 類)
task_obj_remove_284852         r20_rand_background_task_obj_remove_284852 id_orig=0.9167 id_def=0.91949 臉=True iou_person=0.69264 iou_classes=0.29131(8 類)
task_attr_mod_color_123744     r20_rand_clothing_task_attr_mod_color_123744 id_orig=0.90754 id_def=0.88977 臉=True iou_person=0.85168 iou_classes=0.14762(14 類)
task_attr_mod_color_202962     r20_rand_clothing_task_attr_mod_color_202962 id_orig=0.86413 id_def=0.85674 臉=True iou_person=0.94874 iou_classes=0.45032(10 類)
task_env_weather_195273        r20_rand_clothing_task_env_weather_195273 id_orig=0.92152 id_def=0.93036 臉=True iou_person=0.61582 iou_classes=0.32172(7 類)
task_env_weather_70149         r20_rand_clothing_task_env_weather_70149 id_orig=0.94415 id_def=0.95586 臉=True iou_person=0.97196 iou_classes=0.26681(10 類)
task_obj_remove_257910         r20_rand_clothing_task_obj_remove_257910 id_orig=0.61457 id_def=0.74797 臉=True iou_person=0.98577 iou_classes=0.42987(9 類)
task_obj_remove_284852         r20_rand_clothing_task_obj_remove_284852 id_orig=0.92717 id_def=0.96046 臉=True iou_person=0.84166 iou_classes=0.37599(8 類)

寫出 runs/ip2p_colour_budget/identity.csv（78 列）
=== [2026-09-07 07:36:18] 身分讀數寫入 runs/ip2p_colour_budget/identity.csv ===
