Loading pipeline components...:   0%|          | 0/6 [00:00<?, ?it/s]Loading pipeline components...:  17%|█▋        | 1/6 [00:00<00:00,  8.93it/s]
Loading weights:   0%|          | 0/196 [00:00<?, ?it/s][ALoading weights: 100%|██████████| 196/196 [00:00<00:00, 3009.30it/s]
Loading pipeline components...:  67%|██████▋   | 4/6 [00:00<00:00, 11.02it/s]Loading pipeline components...: 100%|██████████| 6/6 [00:00<00:00, 14.71it/s]
There are modules in UNet2DConditionModel that should be kept in float32: []. Casting directly with `to()` can lead to inconsistent results; set `torch_dtype` in `from_pretrained()` instead to keep these modules in float32.
There are modules in AutoencoderKL that should be kept in float32: []. Casting directly with `to()` can lead to inconsistent results; set `torch_dtype` in `from_pretrained()` instead to keep these modules in float32.
/nfs/home/nelson0314/venvs/wacv/lib/python3.11/site-packages/torchvision/models/_utils.py:207: UserWarning: The parameter 'pretrained' is deprecated since 0.13 and may be removed in the future, please use 'weights' instead.
  warnings.warn(
/nfs/home/nelson0314/venvs/wacv/lib/python3.11/site-packages/torchvision/models/_utils.py:222: UserWarning: Arguments other than a weight enum or `None` for 'weights' are deprecated since 0.13 and may be removed in the future. The current behavior is equivalent to passing `weights=VGG16_Weights.IMAGENET1K_V1`. You can also use `weights=VGG16_Weights.DEFAULT` to get the most up-to-date weights.
  warnings.warn(msg)

########## lebron_00 「a man wearing a yellow raincoat」 ##########
Warning: You are sending unauthenticated requests to the HF Hub. Please set a HF_TOKEN to enable higher rate limits and faster downloads.
Loading weights:   0%|          | 0/398 [00:00<?, ?it/s]Loading weights: 100%|██████████| 398/398 [00:00<00:00, 9474.35it/s]
[transformers] Model config: bos_token_id must be `None` or an integer within the vocabulary (between 0 and 31999), got 49406. This may result in unexpected behavior.
[transformers] Model config: eos_token_id must be `None` or an integer within the vocabulary (between 0 and 31999), got 49407. This may result in unexpected behavior.
Loading weights:   0%|          | 0/408 [00:00<?, ?it/s]Loading weights:  78%|███████▊  | 320/408 [00:00<00:00, 3164.54it/s]Loading weights: 100%|██████████| 408/408 [00:00<00:00, 3143.81it/s]
  s0.55_g7.5  CLIP 0.1823 -> 0.2716 (+0.0894)
  s0.7_g7.5  CLIP 0.1823 -> 0.2287 (+0.0464)
  s0.8_g7.5  CLIP 0.1823 -> 0.2824 (+0.1001)
  s0.8_g12  CLIP 0.1823 -> 0.2753 (+0.0930)
  s0.9_g12  CLIP 0.1823 -> 0.3075 (+0.1252)

########## obama_00 「a man wearing a red hooded sweatshirt」 ##########
  s0.55_g7.5  CLIP 0.2234 -> 0.1945 (-0.0289)
  s0.7_g7.5  CLIP 0.2234 -> 0.2187 (-0.0047)
  s0.8_g7.5  CLIP 0.2234 -> 0.2502 (+0.0268)
  s0.8_g12  CLIP 0.2234 -> 0.2545 (+0.0311)
  s0.9_g12  CLIP 0.2234 -> 0.2677 (+0.0443)

########## ronaldo_00 「a man wearing a blue denim jacket」 ##########
  s0.55_g7.5  CLIP 0.1822 -> 0.2068 (+0.0247)
  s0.7_g7.5  CLIP 0.1822 -> 0.2418 (+0.0596)
  s0.8_g7.5  CLIP 0.1822 -> 0.2723 (+0.0901)
  s0.8_g12  CLIP 0.1822 -> 0.2802 (+0.0980)
  s0.9_g12  CLIP 0.1822 -> 0.2821 (+0.1000)
