/nfs/home/nelson0314/venvs/wacv/lib/python3.11/site-packages/torchvision/models/_utils.py:207: UserWarning: The parameter 'pretrained' is deprecated since 0.13 and may be removed in the future, please use 'weights' instead.
  warnings.warn(
/nfs/home/nelson0314/venvs/wacv/lib/python3.11/site-packages/torchvision/models/_utils.py:222: UserWarning: Arguments other than a weight enum or `None` for 'weights' are deprecated since 0.13 and may be removed in the future. The current behavior is equivalent to passing `weights=VGG16_Weights.IMAGENET1K_V1`. You can also use `weights=VGG16_Weights.DEFAULT` to get the most up-to-date weights.
  warnings.warn(msg)
Warning: You are sending unauthenticated requests to the HF Hub. Please set a HF_TOKEN to enable higher rate limits and faster downloads.
Loading pipeline components...:   0%|          | 0/6 [00:00<?, ?it/s]Loading pipeline components...:  33%|███▎      | 2/6 [00:00<00:00, 18.88it/s]
Loading weights:   0%|          | 0/196 [00:00<?, ?it/s][ALoading weights: 100%|██████████| 196/196 [00:00<00:00, 4093.82it/s]
Loading pipeline components...:  67%|██████▋   | 4/6 [00:00<00:00, 15.55it/s]Loading pipeline components...: 100%|██████████| 6/6 [00:00<00:00, 17.11it/s]Loading pipeline components...: 100%|██████████| 6/6 [00:00<00:00, 16.97it/s]
There are modules in AutoencoderKL that should be kept in float32: []. Casting directly with `to()` can lead to inconsistent results; set `torch_dtype` in `from_pretrained()` instead to keep these modules in float32.
模型欄：已載入 IP2P（cuda）
task_attr_mod_color_11699  失真 LPIPS=0.1521 DISTS=0.0674 PSNR=41.35
    identity:0  位元正確率 1.0000
    jpeg:75  位元正確率 1.0000
    jpeg:30  位元正確率 1.0000
    blur:1  位元正確率 1.0000
    blur:2  位元正確率 0.9688
    noise:0.02  位元正確率 1.0000
    quantize:16  位元正確率 1.0000
    crop_resize:0.1  位元正確率 0.8438
    vae_roundtrip:0  位元正確率 0.6250
/nfs/home/nelson0314/venvs/wacv/lib/python3.11/site-packages/diffusers/image_processor.py:724: FutureWarning: Passing `image` as torch tensor with value range in [-1,1] is deprecated. The expected value range for image tensor is [0,1] when passing as pytorch tensor or numpy Array. You passed `image` with value range [-1.0,1.0]
  warnings.warn(
    ip2p_edit:0  位元正確率 0.6875
task_attr_mod_color_6205  失真 LPIPS=0.1500 DISTS=0.0703 PSNR=41.42
    identity:0  位元正確率 1.0000
    jpeg:75  位元正確率 1.0000
    jpeg:30  位元正確率 1.0000
    blur:1  位元正確率 1.0000
    blur:2  位元正確率 1.0000
    noise:0.02  位元正確率 1.0000
    quantize:16  位元正確率 1.0000
    crop_resize:0.1  位元正確率 0.8438
    vae_roundtrip:0  位元正確率 0.8438
    ip2p_edit:0  位元正確率 0.7188

寫出 runs/watermark_qim/final_d64_sync32.csv（20 列）
