Loading pipeline components...:   0%|          | 0/6 [00:00<?, ?it/s]Loading pipeline components...:  33%|███▎      | 2/6 [00:00<00:00, 15.21it/s]
Loading weights:   0%|          | 0/196 [00:00<?, ?it/s][ALoading weights: 100%|██████████| 196/196 [00:00<00:00, 3795.40it/s]
Loading pipeline components...:  83%|████████▎ | 5/6 [00:00<00:00, 14.16it/s]Loading pipeline components...: 100%|██████████| 6/6 [00:00<00:00, 17.08it/s]
There are modules in UNet2DConditionModel that should be kept in float32: []. Casting directly with `to()` can lead to inconsistent results; set `torch_dtype` in `from_pretrained()` instead to keep these modules in float32.
There are modules in AutoencoderKL that should be kept in float32: []. Casting directly with `to()` can lead to inconsistent results; set `torch_dtype` in `from_pretrained()` instead to keep these modules in float32.
/nfs/home/nelson0314/venvs/wacv/lib/python3.11/site-packages/torchvision/models/_utils.py:207: UserWarning: The parameter 'pretrained' is deprecated since 0.13 and may be removed in the future, please use 'weights' instead.
  warnings.warn(
/nfs/home/nelson0314/venvs/wacv/lib/python3.11/site-packages/torchvision/models/_utils.py:222: UserWarning: Arguments other than a weight enum or `None` for 'weights' are deprecated since 0.13 and may be removed in the future. The current behavior is equivalent to passing `weights=VGG16_Weights.IMAGENET1K_V1`. You can also use `weights=VGG16_Weights.DEFAULT` to get the most up-to-date weights.
  warnings.warn(msg)
[purify] 相依不齊，跳過：['gridpure']
=== cat_00 / phase__human ===
    identity=0.2943, blur1=0.2254, jpeg75=0.1038, crop_resize0.1=0.3770
=== cat_00 / phase_rand__human ===
    分母塌陷：effect(identity) mean=0.0602 sd=0.0330，本格的 retention 不可用
    identity=0.0602, blur1=0.1416, jpeg75=0.0611, crop_resize0.1=0.3526
=== person_c_00 / phase__human ===
    identity=0.2969, blur1=0.2955, jpeg75=0.1869, crop_resize0.1=0.4847
=== person_c_00 / phase_rand__human ===
    identity=0.2076, blur1=0.3011, jpeg75=0.2680, crop_resize0.1=0.4796

表：runs/freqret/ret_1.csv（16 列）
Loading pipeline components...:   0%|          | 0/6 [00:00<?, ?it/s]Loading pipeline components...:  33%|███▎      | 2/6 [00:00<00:00, 12.42it/s]
Loading weights:   0%|          | 0/196 [00:00<?, ?it/s][ALoading weights: 100%|██████████| 196/196 [00:00<00:00, 4165.02it/s]
Loading pipeline components...:  83%|████████▎ | 5/6 [00:00<00:00, 16.39it/s]Loading pipeline components...: 100%|██████████| 6/6 [00:00<00:00, 17.04it/s]
There are modules in UNet2DConditionModel that should be kept in float32: []. Casting directly with `to()` can lead to inconsistent results; set `torch_dtype` in `from_pretrained()` instead to keep these modules in float32.
There are modules in AutoencoderKL that should be kept in float32: []. Casting directly with `to()` can lead to inconsistent results; set `torch_dtype` in `from_pretrained()` instead to keep these modules in float32.
/nfs/home/nelson0314/venvs/wacv/lib/python3.11/site-packages/torchvision/models/_utils.py:207: UserWarning: The parameter 'pretrained' is deprecated since 0.13 and may be removed in the future, please use 'weights' instead.
  warnings.warn(
/nfs/home/nelson0314/venvs/wacv/lib/python3.11/site-packages/torchvision/models/_utils.py:222: UserWarning: Arguments other than a weight enum or `None` for 'weights' are deprecated since 0.13 and may be removed in the future. The current behavior is equivalent to passing `weights=VGG16_Weights.IMAGENET1K_V1`. You can also use `weights=VGG16_Weights.DEFAULT` to get the most up-to-date weights.
  warnings.warn(msg)
[purify] 相依不齊，跳過：['gridpure']
=== cat_00 / floor ===
    identity=0.0000, blur1=0.1383, jpeg75=0.0440, crop_resize0.1=0.3522
=== person_c_00 / floor ===
    identity=0.0000, blur1=0.2865, jpeg75=0.2562, crop_resize0.1=0.4926

表：runs/freqret/floor_1.csv（8 列）
