Warning: You are sending unauthenticated requests to the HF Hub. Please set a HF_TOKEN to enable higher rate limits and faster downloads.
Loading pipeline components...:   0%|          | 0/6 [00:00<?, ?it/s]
Loading weights:   0%|          | 0/196 [00:00<?, ?it/s][ALoading weights: 100%|██████████| 196/196 [00:00<00:00, 3733.21it/s]
Loading pipeline components...:  33%|███▎      | 2/6 [00:00<00:00,  9.71it/s]Loading pipeline components...:  83%|████████▎ | 5/6 [00:00<00:00, 14.32it/s]Loading pipeline components...: 100%|██████████| 6/6 [00:00<00:00, 15.91it/s]
There are modules in AutoencoderKL that should be kept in float32: []. Casting directly with `to()` can lead to inconsistent results; set `torch_dtype` in `from_pretrained()` instead to keep these modules in float32.
/nfs/home/nelson0314/venvs/wacv/lib/python3.11/site-packages/torchvision/models/_utils.py:207: UserWarning: The parameter 'pretrained' is deprecated since 0.13 and may be removed in the future, please use 'weights' instead.
  warnings.warn(
/nfs/home/nelson0314/venvs/wacv/lib/python3.11/site-packages/torchvision/models/_utils.py:222: UserWarning: Arguments other than a weight enum or `None` for 'weights' are deprecated since 0.13 and may be removed in the future. The current behavior is equivalent to passing `weights=VGG16_Weights.IMAGENET1K_V1`. You can also use `weights=VGG16_Weights.DEFAULT` to get the most up-to-date weights.
  warnings.warn(msg)
Loading weights:   0%|          | 0/462 [00:00<?, ?it/s]Loading weights:  81%|████████  | 373/462 [00:00<00:00, 3725.65it/s]Loading weights: 100%|██████████| 462/462 [00:00<00:00, 3704.07it/s]

task_attr_mod_color_11699  指令「turn the color of potted plant to pink」
  遮罩 ['potted plant', 'person'] {'mask_core_area': 0.44516, 'mask_mean': 0.52645, 'mask_soft_band': 0.08129}
/nfs/home/nelson0314/venvs/wacv/lib/python3.11/site-packages/diffusers/image_processor.py:724: FutureWarning: Passing `image` as torch tensor with value range in [-1,1] is deprecated. The expected value range for image tensor is [0,1] when passing as pytorch tensor or numpy Array. You passed `image` with value range [-1.0,1.0]
  warnings.warn(
  參照編輯完成（2 個算子）
  最大合法邊長 s_max=120（佔全圖面積 0.055）
  s1_near 與已排入的位置相同 (384, 0)，不重複跑
/nfs/home/nelson0314/venvs/wacv/lib/python3.11/site-packages/diffusers/image_processor.py:724: FutureWarning: Passing `image` as torch tensor with value range in [-1,1] is deprecated. The expected value range for image tensor is [0,1] when passing as pytorch tensor or numpy Array. You passed `image` with value range [-1.0,1.0]
  warnings.warn(
  patch_noise_s1_far            identity        主體位移 0.0104  背景 0.1312  主體失真 0.0025  L_ig 0.880×
  patch_noise_s1_far            crop_resize0.1  主體位移 0.0063  背景 0.0710  主體失真 0.0025  L_ig 0.880×
  patch_noise_s0.7_far          identity        主體位移 0.0033  背景 0.0718  主體失真 0.0007  L_ig 0.944×
  patch_noise_s0.7_far          crop_resize0.1  主體位移 0.0008  背景 0.0220  主體失真 0.0007  L_ig 0.944×
  patch_noise_s0.7_near         identity        主體位移 0.0070  背景 0.0819  主體失真 0.0022  L_ig 0.929×
  patch_noise_s0.7_near         crop_resize0.1  主體位移 0.0058  背景 0.0652  主體失真 0.0022  L_ig 0.929×
  patch_noise_s0.5_far          identity        主體位移 0.0010  背景 0.0449  主體失真 0.0000  L_ig 0.965×
  patch_noise_s0.5_far          crop_resize0.1  主體位移 0.0000  背景 0.0060  主體失真 0.0000  L_ig 0.965×
  patch_noise_s0.5_near         identity        主體位移 0.0038  背景 0.0559  主體失真 0.0010  L_ig 0.945×
  patch_noise_s0.5_near         crop_resize0.1  主體位移 0.0032  背景 0.0413  主體失真 0.0010  L_ig 0.945×
  patch_noise_complement        identity        主體位移 0.1486  背景 0.6882  主體失真 0.0484  L_ig 0.433×
  patch_noise_complement        crop_resize0.1  主體位移 0.0533  背景 0.4490  主體失真 0.0484  L_ig 0.433×
  patch_gray_s1_far             identity        主體位移 0.0049  背景 0.0961  主體失真 0.0012  L_ig 0.923×
  patch_gray_s1_far             crop_resize0.1  主體位移 0.0004  背景 0.0506  主體失真 0.0012  L_ig 0.923×
  patch_gray_s0.7_far           identity        主體位移 0.0012  背景 0.0563  主體失真 0.0004  L_ig 0.959×
  patch_gray_s0.7_far           crop_resize0.1  主體位移 0.0002  背景 0.0185  主體失真 0.0004  L_ig 0.959×
  patch_gray_s0.7_near          identity        主體位移 0.0033  背景 0.0581  主體失真 0.0011  L_ig 0.956×
  patch_gray_s0.7_near          crop_resize0.1  主體位移 0.0003  背景 0.0483  主體失真 0.0011  L_ig 0.956×
  patch_gray_s0.5_far           identity        主體位移 0.0003  背景 0.0416  主體失真 0.0000  L_ig 0.973×
  patch_gray_s0.5_far           crop_resize0.1  主體位移 0.0000  背景 0.0055  主體失真 0.0000  L_ig 0.973×
  patch_gray_s0.5_near          identity        主體位移 0.0014  背景 0.0428  主體失真 0.0004  L_ig 0.973×
  patch_gray_s0.5_near          crop_resize0.1  主體位移 0.0006  背景 0.0310  主體失真 0.0004  L_ig 0.973×
  patch_gray_complement         identity        主體位移 0.0644  背景 0.5985  主體失真 0.0326  L_ig 0.557×
  patch_gray_complement         crop_resize0.1  主體位移 0.0255  背景 0.3940  主體失真 0.0326  L_ig 0.557×
  patch_photo_s1_far            identity        主體位移 0.0071  背景 0.0881  主體失真 0.0012  L_ig 0.929×
  patch_photo_s1_far            crop_resize0.1  主體位移 0.0015  背景 0.0470  主體失真 0.0012  L_ig 0.929×
  patch_photo_s0.7_far          identity        主體位移 0.0052  背景 0.0852  主體失真 0.0007  L_ig 0.957×
  patch_photo_s0.7_far          crop_resize0.1  主體位移 0.0033  背景 0.0291  主體失真 0.0007  L_ig 0.957×
  patch_photo_s0.7_near         identity        主體位移 0.0046  背景 0.0530  主體失真 0.0010  L_ig 0.959×
  patch_photo_s0.7_near         crop_resize0.1  主體位移 0.0013  背景 0.0464  主體失真 0.0010  L_ig 0.959×
  patch_photo_s0.5_far          identity        主體位移 0.0015  背景 0.0522  主體失真 0.0000  L_ig 0.972×
  patch_photo_s0.5_far          crop_resize0.1  主體位移 0.0000  背景 0.0066  主體失真 0.0000  L_ig 0.972×
  patch_photo_s0.5_near         identity        主體位移 0.0009  背景 0.0401  主體失真 0.0005  L_ig 0.970×
  patch_photo_s0.5_near         crop_resize0.1  主體位移 0.0003  背景 0.0293  主體失真 0.0005  L_ig 0.970×
  patch_photo_complement        identity        主體位移 0.0846  背景 0.7606  主體失真 0.0405  L_ig 0.531×
  patch_photo_complement        crop_resize0.1  主體位移 0.0301  背景 0.3983  主體失真 0.0405  L_ig 0.531×

寫出 runs/patch_probe/plant/results.csv（36 列）
