14 個算子 x 16 個頻率 x 3 個振幅 x 2 個種子
-- RMS = 0.2（PSNR ~ 14.0 dB）----------------------------------------------
 f (cyc/px)     週期px     blur1.5     blur1.0   quantize8      jpeg90      jpeg75      jpeg60      jpeg30 crop_resize resize_only jpeg_then_r    rotate10  shift_only gaussian_no adverse_cle
    0.00391    256.0       0.995       0.995       1.077       0.996       0.995       0.996       0.997       1.025       0.996       0.996       0.978       1.005       0.995       0.972
    0.00553    181.0       0.991       0.992       1.079       0.993       0.992       0.993       0.993       1.024       0.993       0.993       0.976       0.991       0.992       0.949
    0.00781    128.0       0.989       0.991       1.076       0.991       0.991       0.991       0.992       1.004       0.992       0.991       0.973       0.982       0.991       0.939
    0.01099     91.0       0.986       0.990       1.075       0.990       0.990       0.991       0.990       1.002       0.992       0.990       0.974       0.977       0.991       0.942
    0.01562     64.0       0.974       0.981       1.072       0.983       0.983       0.983       0.984       0.995       0.987       0.983       0.966       0.984       0.986       0.944
    0.02222     45.0       0.960       0.975       1.070       0.978       0.978       0.978       0.979       0.984       0.986       0.978       0.963       0.981       0.985       0.946
    0.03125     32.0       0.937       0.965       1.073       0.973       0.971       0.971       0.973       0.992       0.987       0.972       0.965       0.983       0.987       0.953
    0.04348     23.0       0.891       0.944       1.073       0.959       0.957       0.957       0.956       0.990       0.984       0.959       0.961       0.986       0.987       0.956
    0.06250     16.0       0.800       0.898       1.072       0.929       0.928       0.927       0.931       0.991       0.973       0.934       0.952       0.987       0.986       0.958
    0.09091     11.0       0.642       0.811       1.073       0.876       0.881       0.885       0.878       0.991       0.938       0.896       0.936       0.988       0.987       0.960
    0.12500      8.0       0.455       0.686       1.073       0.808       0.820       0.835       0.819       0.983       0.848       0.824       0.908       0.989       0.987       0.961
    0.16667      6.0       0.277       0.529       1.072       0.741       0.761       0.781       0.719       0.970       0.683       0.682       0.865       0.989       0.987       0.962
    0.25000      4.0       0.089       0.276       1.073       0.692       0.710       0.713       0.681       0.917       0.366       0.384       0.757       0.988       0.987       0.963
    0.33333      3.0       0.026       0.130       1.073       0.687       0.700       0.702       0.684       0.828       0.173       0.207       0.645       0.989       0.987       0.964
    0.40000      2.5       0.013       0.073       1.073       0.683       0.696       0.715       0.671       0.766       0.097       0.125       0.579       0.989       0.987       0.964
    0.45454      2.2       0.010       0.048       1.072       0.680       0.694       0.723       0.668       0.730       0.062       0.092       0.542       0.989       0.987       0.964

-- RMS = 0.05（PSNR ~ 26.0 dB）----------------------------------------------
 f (cyc/px)     週期px     blur1.5     blur1.0   quantize8      jpeg90      jpeg75      jpeg60      jpeg30 crop_resize resize_only jpeg_then_r    rotate10  shift_only gaussian_no adverse_cle
    0.00391    256.0       0.999       1.000       2.017       1.001       1.003       1.007       1.005       1.028       1.000       1.003       0.982       1.008       1.000       0.970
    0.00553    181.0       0.998       0.999       2.030       1.001       1.001       1.010       1.003       1.034       1.000       1.001       0.982       0.998       1.000       0.929
    0.00781    128.0       0.997       0.999       2.036       1.001       1.003       1.009       1.016       1.013       1.000       1.003       0.981       0.989       1.000       0.876
    0.01099     91.0       0.994       0.997       2.029       1.000       1.001       1.006       1.017       1.011       1.000       1.001       0.982       0.983       1.000       0.785
    0.01562     64.0       0.987       0.994       2.039       0.998       0.999       1.003       1.014       1.009       1.000       1.000       0.979       0.995       1.000       0.649
    0.02222     45.0       0.974       0.988       2.041       0.994       0.997       1.004       1.005       0.996       1.000       0.998       0.977       0.992       1.000       0.511
    0.03125     32.0       0.948       0.976       2.034       0.985       0.991       0.998       1.012       1.003       0.999       0.992       0.976       0.994       1.000       0.473
    0.04348     23.0       0.902       0.955       2.037       0.971       0.971       0.982       1.012       1.001       0.997       0.973       0.972       0.997       1.000       0.491
    0.06250     16.0       0.810       0.910       2.040       0.942       0.949       0.949       0.957       1.003       0.988       0.955       0.964       0.999       1.000       0.519
    0.09091     11.0       0.650       0.821       2.036       0.900       0.885       0.880       0.832       1.004       0.951       0.896       0.947       0.999       1.000       0.511
    0.12500      8.0       0.461       0.694       2.036       0.848       0.810       0.759       0.712       0.996       0.859       0.810       0.919       1.000       1.000       0.483
    0.16667      6.0       0.281       0.535       2.038       0.795       0.710       0.695       0.707       0.984       0.692       0.627       0.875       1.001       1.000       0.444
    0.25000      4.0       0.089       0.279       2.037       0.727       0.689       0.681       0.629       0.929       0.370       0.342       0.767       1.000       1.000       0.398
    0.33333      3.0       0.024       0.131       2.039       0.715       0.672       0.571       0.338       0.838       0.174       0.171       0.653       1.000       1.000       0.399
    0.40000      2.5       0.009       0.073       2.038       0.727       0.635       0.460       0.151       0.775       0.097       0.115       0.585       1.001       1.000       0.395
    0.45454      2.2       0.005       0.047       2.037       0.735       0.612       0.378       0.072       0.738       0.061       0.099       0.548       1.000       1.000       0.389

-- RMS = 0.01（PSNR ~ 40.0 dB）----------------------------------------------
 f (cyc/px)     週期px     blur1.5     blur1.0   quantize8      jpeg90      jpeg75      jpeg60      jpeg30 crop_resize resize_only jpeg_then_r    rotate10  shift_only gaussian_no adverse_cle
    0.00391    256.0       0.999       1.000      10.036       1.034       0.995       1.259       1.206       1.028       1.000       0.996       0.982       1.008       1.000       1.037
    0.00553    181.0       0.998       0.999      10.102       1.042       0.993       1.218       1.180       1.034       1.000       0.993       0.982       0.998       1.000       1.002
    0.00781    128.0       0.997       0.999      10.108       1.042       0.998       1.217       1.176       1.013       1.000       0.998       0.981       0.989       1.000       0.944
    0.01099     91.0       0.994       0.997      10.089       1.043       1.022       1.194       1.130       1.011       1.000       1.021       0.982       0.983       1.000       0.836
    0.01562     64.0       0.987       0.994      10.100       1.043       1.052       1.188       1.088       1.009       1.000       1.053       0.979       0.995       1.000       0.674
    0.02222     45.0       0.974       0.988      10.099       1.045       1.052       1.191       1.018       0.996       1.000       1.051       0.977       0.992       1.000       0.527
    0.03125     32.0       0.948       0.976      10.083       1.045       1.053       1.152       0.934       1.003       0.999       1.051       0.976       0.994       1.000       0.428
    0.04348     23.0       0.902       0.955      10.099       1.033       1.064       1.085       0.847       1.001       0.997       1.063       0.972       0.997       1.000       0.394
    0.06250     16.0       0.810       0.910      10.108       0.995       1.023       0.970       0.809       1.003       0.988       1.026       0.964       0.999       1.000       0.392
    0.09091     11.0       0.650       0.821      10.098       0.922       0.813       0.852       0.710       1.004       0.951       0.833       0.947       0.999       1.000       0.392
    0.12500      8.0       0.461       0.694      10.098       0.782       0.724       0.812       0.465       0.996       0.859       0.735       0.919       1.000       1.000       0.392
    0.16667      6.0       0.281       0.535      10.100       0.719       0.718       0.723       0.209       0.984       0.692       0.656       0.875       1.001       1.000       0.392
    0.25000      4.0       0.089       0.279      10.096       0.695       0.513       0.330       0.008       0.929       0.370       0.376       0.767       1.000       1.000       0.392
    0.33333      3.0       0.024       0.131      10.106       0.547       0.161       0.109       0.000       0.838       0.174       0.101       0.653       1.000       1.000       0.392
    0.40000      2.5       0.009       0.073      10.100       0.406       0.040       0.077       0.000       0.775       0.097       0.029       0.585       1.001       1.000       0.392
    0.45454      2.2       0.005       0.047      10.098       0.309       0.015       0.049       0.000       0.738       0.061       0.012       0.548       1.000       1.000       0.392

對齊 cos：能量還在但位置被搬走的算子，只有這一欄看得出來
  f=0.00391  blur1.5=+1.00  blur1.0=+1.00  quantize8=+0.93  jpeg90=+1.00  jpeg75=+1.00  jpeg60=+1.00  jpeg30=+1.00  crop_resi=+0.78  resize_on=+1.00  jpeg_then=+1.00  rotate10=+0.94  shift_onl=+0.44  gaussian_=+1.00  adverse_c=+1.00
  f=0.06250  blur1.5=+1.00  blur1.0=+1.00  quantize8=+0.92  jpeg90=+0.99  jpeg75=+0.99  jpeg60=+0.98  jpeg30=+0.97  crop_resi=+0.00  resize_on=+1.00  jpeg_then=+0.99  rotate10=+0.01  shift_onl=+0.02  gaussian_=+1.00  adverse_c=+1.00
  f=0.45454  blur1.5=+0.11  blur1.0=+0.65  quantize8=+0.92  jpeg90=+0.50  jpeg75=+0.48  jpeg60=+0.45  jpeg30=+0.34  crop_resi=+0.00  resize_on=+0.13  jpeg_then=+0.03  rotate10=-0.00  shift_onl=-0.00  gaussian_=+1.00  adverse_c=+1.00

寫出 672 列到 C:\image-immunization\non-additive-frequency\runs\purifier_transfer\results.csv
