Warning: You are sending unauthenticated requests to the HF Hub. Please set a HF_TOKEN to enable higher rate limits and faster downloads.
Loading pipeline components...:   0%|          | 0/6 [00:00<?, ?it/s]
Loading weights:   0%|          | 0/196 [00:00<?, ?it/s][ALoading weights: 100%|██████████| 196/196 [00:00<00:00, 2904.08it/s]
Loading pipeline components...:  33%|███▎      | 2/6 [00:00<00:00,  7.48it/s]Loading pipeline components...:  50%|█████     | 3/6 [00:00<00:00,  7.74it/s]Loading pipeline components...: 100%|██████████| 6/6 [00:00<00:00, 13.81it/s]
There are modules in UNet2DConditionModel that should be kept in float32: []. Casting directly with `to()` can lead to inconsistent results; set `torch_dtype` in `from_pretrained()` instead to keep these modules in float32.
There are modules in AutoencoderKL that should be kept in float32: []. Casting directly with `to()` can lead to inconsistent results; set `torch_dtype` in `from_pretrained()` instead to keep these modules in float32.
/nfs/home/nelson0314/venvs/wacv/lib/python3.11/site-packages/torchvision/models/_utils.py:207: UserWarning: The parameter 'pretrained' is deprecated since 0.13 and may be removed in the future, please use 'weights' instead.
  warnings.warn(
/nfs/home/nelson0314/venvs/wacv/lib/python3.11/site-packages/torchvision/models/_utils.py:222: UserWarning: Arguments other than a weight enum or `None` for 'weights' are deprecated since 0.13 and may be removed in the future. The current behavior is equivalent to passing `weights=VGG16_Weights.IMAGENET1K_V1`. You can also use `weights=VGG16_Weights.DEFAULT` to get the most up-to-date weights.
  warnings.warn(msg)

########## person_a_00 (man) ##########
=== person_a_00 / photoguard_c ===
  [photoguard_c] step    0  L=4.589640e+02  Linf01=0.0223  L2=0.922
  [photoguard_c] step   20  L=4.007972e+02  Linf01=0.1213  L2=7.095
  [photoguard_c] step   40  L=3.301412e+02  Linf01=0.1886  L2=12.448
  [photoguard_c] step   60  L=3.029520e+02  Linf01=0.2018  L2=15.996
  [photoguard_c] step   80  L=2.996021e+02  Linf01=0.1786  L2=15.997
  [photoguard_c] step  100  L=2.857971e+02  Linf01=0.1755  L2=15.995
  [photoguard_c] step  120  L=2.885266e+02  Linf01=0.1358  L2=15.993
  [photoguard_c] step  140  L=2.824550e+02  Linf01=0.1335  L2=15.994
  [photoguard_c] step  160  L=2.784968e+02  Linf01=0.1471  L2=15.995
  [photoguard_c] step  180  L=2.692589e+02  Linf01=0.1513  L2=15.994
  [photoguard_c] step  199  L=2.781812e+02  Linf01=0.1488  L2=15.994
Loading pretrained model NIMA from /nfs/home/nelson0314/.cache/torch/hub/pyiqa/NIMA_InceptionV2_ava-b0c77c00.pth
Loading pretrained model CNNIQA from /nfs/home/nelson0314/.cache/torch/hub/pyiqa/CNNIQA_koniq10k-e6f14c91.pth
Loading weights:   0%|          | 0/398 [00:00<?, ?it/s]Loading weights: 100%|██████████| 398/398 [00:00<00:00, 10709.57it/s]
Loading weights:   0%|          | 0/398 [00:00<?, ?it/s]Loading weights: 100%|██████████| 398/398 [00:00<00:00, 11823.39it/s]
[transformers] Model config: bos_token_id must be `None` or an integer within the vocabulary (between 0 and 31999), got 49406. This may result in unexpected behavior.
[transformers] Model config: eos_token_id must be `None` or an integer within the vocabulary (between 0 and 31999), got 49407. This may result in unexpected behavior.
Loading weights:   0%|          | 0/408 [00:00<?, ?it/s]Loading weights:  73%|███████▎  | 299/408 [00:00<00:00, 2986.71it/s]Loading weights: 100%|██████████| 408/408 [00:00<00:00, 2937.46it/s]
{'image': 'person_a_00', 'condition': 'photoguard_c', 'stage1_seconds': 0.0, 'total_seconds': 6142.0, 'fid_lpips': 0.4209, 'fid_ssim': 0.9845, 'fid_dists': 0.0457, 'fid_psnr': 40.8974, 'fid_clip_img': 0.9855, 'fid_nima': 5.298, 'fid_cnniqa': 0.6451, 'edit_lpips': 0.6579, 'edit_clip_orig': 0.2651, 'edit_clip_def': 0.2701, 'edit_clip_drop': -0.005, 'edit_siglip_orig': 0.1061, 'edit_siglip_def': 0.1075, 'edit_siglip_drop': -0.0014}

表：runs/s0817/pg0/results.csv
