Warning: You are sending unauthenticated requests to the HF Hub. Please set a HF_TOKEN to enable higher rate limits and faster downloads.
Loading pipeline components...:   0%|          | 0/6 [00:00<?, ?it/s]
Loading weights:   0%|          | 0/196 [00:00<?, ?it/s][ALoading weights: 100%|██████████| 196/196 [00:00<00:00, 3493.80it/s]
Loading pipeline components...:  17%|█▋        | 1/6 [00:00<00:01,  4.59it/s]Loading pipeline components...:  83%|████████▎ | 5/6 [00:00<00:00, 16.99it/s]Loading pipeline components...: 100%|██████████| 6/6 [00:00<00:00, 13.53it/s]
There are modules in UNet2DConditionModel that should be kept in float32: []. Casting directly with `to()` can lead to inconsistent results; set `torch_dtype` in `from_pretrained()` instead to keep these modules in float32.
There are modules in AutoencoderKL that should be kept in float32: []. Casting directly with `to()` can lead to inconsistent results; set `torch_dtype` in `from_pretrained()` instead to keep these modules in float32.
=== shiba_00 / add ===
    9 個算子，48.6s
=== shiba_00 / phase ===
    9 個算子，48.8s
=== shiba_00 / phase_rand ===
    9 個算子，49.0s
=== shiba_00 / apa_weak ===
    9 個算子，49.0s
=== shiba_00 / mist ===
    9 個算子，49.2s
=== shiba_00 / dia_r ===
    9 個算子，49.1s
=== shiba_00 / photoguard_c ===
    9 個算子，49.1s

126 張圖 → runs/s0817/purified
