Warning: You are sending unauthenticated requests to the HF Hub. Please set a HF_TOKEN to enable higher rate limits and faster downloads.
Loading pipeline components...:   0%|          | 0/6 [00:00<?, ?it/s]
Loading weights:   0%|          | 0/196 [00:00<?, ?it/s][ALoading weights: 100%|██████████| 196/196 [00:00<00:00, 3659.84it/s]
Loading pipeline components...:  33%|███▎      | 2/6 [00:00<00:00,  9.77it/s]Loading pipeline components...: 100%|██████████| 6/6 [00:00<00:00, 17.37it/s]Loading pipeline components...: 100%|██████████| 6/6 [00:00<00:00, 16.10it/s]
There are modules in UNet2DConditionModel that should be kept in float32: []. Casting directly with `to()` can lead to inconsistent results; set `torch_dtype` in `from_pretrained()` instead to keep these modules in float32.
There are modules in AutoencoderKL that should be kept in float32: []. Casting directly with `to()` can lead to inconsistent results; set `torch_dtype` in `from_pretrained()` instead to keep these modules in float32.
/nfs/home/nelson0314/venvs/wacv/lib/python3.11/site-packages/torchvision/models/_utils.py:207: UserWarning: The parameter 'pretrained' is deprecated since 0.13 and may be removed in the future, please use 'weights' instead.
  warnings.warn(
/nfs/home/nelson0314/venvs/wacv/lib/python3.11/site-packages/torchvision/models/_utils.py:222: UserWarning: Arguments other than a weight enum or `None` for 'weights' are deprecated since 0.13 and may be removed in the future. The current behavior is equivalent to passing `weights=VGG16_Weights.IMAGENET1K_V1`. You can also use `weights=VGG16_Weights.DEFAULT` to get the most up-to-date weights.
  warnings.warn(msg)

########## person_b_00 「Morgan Freeman wearing a red bow tie」 ##########
Loading weights:   0%|          | 0/398 [00:00<?, ?it/s]Loading weights: 100%|██████████| 398/398 [00:00<00:00, 11548.88it/s]
[transformers] Model config: bos_token_id must be `None` or an integer within the vocabulary (between 0 and 31999), got 49406. This may result in unexpected behavior.
[transformers] Model config: eos_token_id must be `None` or an integer within the vocabulary (between 0 and 31999), got 49407. This may result in unexpected behavior.
Loading weights:   0%|          | 0/408 [00:00<?, ?it/s]Loading weights:  80%|████████  | 327/408 [00:00<00:00, 3225.36it/s]Loading weights: 100%|██████████| 408/408 [00:00<00:00, 3193.70it/s]
  s0.55_g7.5  CLIP 0.1260 -> 0.2851 (+0.1592)
  s0.7_g7.5  CLIP 0.1260 -> 0.3155 (+0.1895)
  s0.8_g7.5  CLIP 0.1260 -> 0.3258 (+0.1998)
  s0.8_g12  CLIP 0.1260 -> 0.3228 (+0.1969)
  s0.9_g12  CLIP 0.1260 -> 0.3420 (+0.2160)
