Loading pipeline components...:   0%|          | 0/6 [00:00<?, ?it/s]Loading pipeline components...:  33%|███▎      | 2/6 [00:00<00:00,  6.74it/s]
Loading weights:   0%|          | 0/196 [00:00<?, ?it/s][ALoading weights: 100%|██████████| 196/196 [00:00<00:00, 3333.09it/s]
Loading pipeline components...:  67%|██████▋   | 4/6 [00:00<00:00,  8.31it/s]Loading pipeline components...: 100%|██████████| 6/6 [00:00<00:00, 10.93it/s]Loading pipeline components...: 100%|██████████| 6/6 [00:00<00:00,  9.79it/s]
There are modules in UNet2DConditionModel that should be kept in float32: []. Casting directly with `to()` can lead to inconsistent results; set `torch_dtype` in `from_pretrained()` instead to keep these modules in float32.
There are modules in AutoencoderKL that should be kept in float32: []. Casting directly with `to()` can lead to inconsistent results; set `torch_dtype` in `from_pretrained()` instead to keep these modules in float32.
=== parrot_00 / add ===
    9 個算子，48.4s
=== parrot_00 / phase ===
    9 個算子，48.6s
=== parrot_00 / phase_rand ===
    9 個算子，48.7s
=== parrot_00 / apa_weak ===
    9 個算子，48.8s
=== parrot_00 / mist ===
    9 個算子，49.2s
=== parrot_00 / dia_r ===
    9 個算子，49.0s
=== parrot_00 / photoguard_c ===
    9 個算子，49.1s

126 張圖 → runs/s0817/purified
