Warning: You are sending unauthenticated requests to the HF Hub. Please set a HF_TOKEN to enable higher rate limits and faster downloads.
Loading pipeline components...:   0%|          | 0/6 [00:00<?, ?it/s]
Loading weights:   0%|          | 0/196 [00:00<?, ?it/s][ALoading weights: 100%|██████████| 196/196 [00:00<00:00, 2726.03it/s]
Loading pipeline components...:  17%|█▋        | 1/6 [00:00<00:01,  4.91it/s]Loading pipeline components...:  50%|█████     | 3/6 [00:00<00:00,  8.03it/s]Loading pipeline components...: 100%|██████████| 6/6 [00:00<00:00, 13.66it/s]
There are modules in UNet2DConditionModel that should be kept in float32: []. Casting directly with `to()` can lead to inconsistent results; set `torch_dtype` in `from_pretrained()` instead to keep these modules in float32.
There are modules in AutoencoderKL that should be kept in float32: []. Casting directly with `to()` can lead to inconsistent results; set `torch_dtype` in `from_pretrained()` instead to keep these modules in float32.
/nfs/home/nelson0314/venvs/wacv/lib/python3.11/site-packages/torchvision/models/_utils.py:207: UserWarning: The parameter 'pretrained' is deprecated since 0.13 and may be removed in the future, please use 'weights' instead.
  warnings.warn(
/nfs/home/nelson0314/venvs/wacv/lib/python3.11/site-packages/torchvision/models/_utils.py:222: UserWarning: Arguments other than a weight enum or `None` for 'weights' are deprecated since 0.13 and may be removed in the future. The current behavior is equivalent to passing `weights=VGG16_Weights.IMAGENET1K_V1`. You can also use `weights=VGG16_Weights.DEFAULT` to get the most up-to-date weights.
  warnings.warn(msg)
=== parrot_00 / add__human ===
    identity=0.3615, blur1=0.2352, noise0.05=0.6341, quantize16=0.4209, jpeg75=0.0896, jpeg30=0.3227, crop_resize0.1=0.5270, jpeg_then_resize75=0.1848, adverse_cleaner=0.1100
=== parrot_00 / phase__human ===
    identity=0.3387, blur1=0.2581, noise0.05=0.6300, quantize16=0.3709, jpeg75=0.2375, jpeg30=0.3102, crop_resize0.1=0.5219, jpeg_then_resize75=0.2011, adverse_cleaner=0.3156
=== parrot_00 / phase_rand__human ===
    分母塌陷：effect(identity) mean=0.1085 sd=0.1160，本格的 retention 不可用
    identity=0.1085, blur1=0.2448, noise0.05=0.6312, quantize16=0.2973, jpeg75=0.0887, jpeg30=0.2761, crop_resize0.1=0.5112, jpeg_then_resize75=0.1876, adverse_cleaner=0.1194
=== parrot_00 / apa_weak ===
    分母塌陷：effect(identity) mean=0.2140 sd=0.0894，本格的 retention 不可用
    identity=0.2140, blur1=0.1928, noise0.05=0.5996, quantize16=0.4058, jpeg75=0.2028, jpeg30=0.2523, crop_resize0.1=0.5306, jpeg_then_resize75=0.1943, adverse_cleaner=0.1452
=== parrot_00 / mist ===
    identity=0.5932, blur1=0.4049, noise0.05=0.6487, quantize16=0.6071, jpeg75=0.5702, jpeg30=0.4424, crop_resize0.1=0.6119, jpeg_then_resize75=0.4083, adverse_cleaner=0.5400
=== parrot_00 / dia_r ===
    identity=0.4322, blur1=0.2414, noise0.05=0.6349, quantize16=0.4951, jpeg75=0.3130, jpeg30=0.3173, crop_resize0.1=0.5687, jpeg_then_resize75=0.2586, adverse_cleaner=0.1867
=== parrot_00 / photoguard_c ===
    identity=0.4540, blur1=0.2604, noise0.05=0.6329, quantize16=0.4142, jpeg75=0.3297, jpeg30=0.3375, crop_resize0.1=0.5422, jpeg_then_resize75=0.1673, adverse_cleaner=0.1307

表：runs/s0817/merged/retention_6.csv（63 列）
