Warning: You are sending unauthenticated requests to the HF Hub. Please set a HF_TOKEN to enable higher rate limits and faster downloads.
Loading pipeline components...:   0%|          | 0/6 [00:00<?, ?it/s]
Loading weights:   0%|          | 0/196 [00:00<?, ?it/s][ALoading weights: 100%|██████████| 196/196 [00:00<00:00, 3383.70it/s]
Loading pipeline components...:  50%|█████     | 3/6 [00:00<00:00, 11.01it/s]Loading pipeline components...:  83%|████████▎ | 5/6 [00:00<00:00, 12.33it/s]Loading pipeline components...: 100%|██████████| 6/6 [00:00<00:00, 14.46it/s]
There are modules in UNet2DConditionModel that should be kept in float32: []. Casting directly with `to()` can lead to inconsistent results; set `torch_dtype` in `from_pretrained()` instead to keep these modules in float32.
There are modules in AutoencoderKL that should be kept in float32: []. Casting directly with `to()` can lead to inconsistent results; set `torch_dtype` in `from_pretrained()` instead to keep these modules in float32.
/nfs/home/nelson0314/venvs/wacv/lib/python3.11/site-packages/torchvision/models/_utils.py:207: UserWarning: The parameter 'pretrained' is deprecated since 0.13 and may be removed in the future, please use 'weights' instead.
  warnings.warn(
/nfs/home/nelson0314/venvs/wacv/lib/python3.11/site-packages/torchvision/models/_utils.py:222: UserWarning: Arguments other than a weight enum or `None` for 'weights' are deprecated since 0.13 and may be removed in the future. The current behavior is equivalent to passing `weights=VGG16_Weights.IMAGENET1K_V1`. You can also use `weights=VGG16_Weights.DEFAULT` to get the most up-to-date weights.
  warnings.warn(msg)

########## person_b_00 (man) ##########
=== person_b_00 / photoguard_c ===
  [photoguard_c] step    0  L=3.202931e+02  Linf01=0.0365  L2=1.000
  [photoguard_c] step   20  L=2.597065e+02  Linf01=0.1493  L2=8.232
  [photoguard_c] step   40  L=2.107856e+02  Linf01=0.1831  L2=13.162
  [photoguard_c] step   60  L=2.120680e+02  Linf01=0.1879  L2=16.000
  [photoguard_c] step   80  L=1.926527e+02  Linf01=0.1624  L2=16.000
  [photoguard_c] step  100  L=1.648381e+02  Linf01=0.1474  L2=16.000
  [photoguard_c] step  120  L=1.718718e+02  Linf01=0.1462  L2=16.000
  [photoguard_c] step  140  L=1.566306e+02  Linf01=0.1508  L2=16.000
  [photoguard_c] step  160  L=1.543025e+02  Linf01=0.1631  L2=16.000
  [photoguard_c] step  180  L=1.773740e+02  Linf01=0.1660  L2=16.000
  [photoguard_c] step  199  L=1.684915e+02  Linf01=0.1750  L2=16.000
Loading pretrained model NIMA from /nfs/home/nelson0314/.cache/torch/hub/pyiqa/NIMA_InceptionV2_ava-b0c77c00.pth
Loading pretrained model CNNIQA from /nfs/home/nelson0314/.cache/torch/hub/pyiqa/CNNIQA_koniq10k-e6f14c91.pth
Loading weights:   0%|          | 0/398 [00:00<?, ?it/s]Loading weights: 100%|██████████| 398/398 [00:00<00:00, 14959.52it/s]
Loading weights:   0%|          | 0/398 [00:00<?, ?it/s]Loading weights: 100%|██████████| 398/398 [00:00<00:00, 10170.98it/s]
[transformers] Model config: bos_token_id must be `None` or an integer within the vocabulary (between 0 and 31999), got 49406. This may result in unexpected behavior.
[transformers] Model config: eos_token_id must be `None` or an integer within the vocabulary (between 0 and 31999), got 49407. This may result in unexpected behavior.
Loading weights:   0%|          | 0/408 [00:00<?, ?it/s]Loading weights:  78%|███████▊  | 320/408 [00:00<00:00, 3188.21it/s]Loading weights: 100%|██████████| 408/408 [00:00<00:00, 3144.40it/s]
{'image': 'person_b_00', 'condition': 'photoguard_c', 'stage1_seconds': 0.0, 'total_seconds': 6070.3, 'fid_lpips': 0.3854, 'fid_ssim': 0.9827, 'fid_dists': 0.0398, 'fid_psnr': 40.8943, 'fid_clip_img': 0.9621, 'fid_nima': 4.6301, 'fid_cnniqa': 0.6538, 'edit_lpips': 0.6128, 'edit_clip_orig': 0.3042, 'edit_clip_def': 0.3128, 'edit_clip_drop': -0.0086, 'edit_siglip_orig': 0.1069, 'edit_siglip_def': 0.1149, 'edit_siglip_drop': -0.008}

表：runs/s0817/pg1/results.csv
