Loading pipeline components...:   0%|          | 0/6 [00:00<?, ?it/s]Loading pipeline components...:  67%|██████▋   | 4/6 [00:00<00:00, 20.17it/s]
Loading weights:   0%|          | 0/196 [00:00<?, ?it/s][ALoading weights: 100%|██████████| 196/196 [00:00<00:00, 3603.83it/s]
Loading pipeline components...: 100%|██████████| 6/6 [00:00<00:00, 15.07it/s]
There are modules in UNet2DConditionModel that should be kept in float32: []. Casting directly with `to()` can lead to inconsistent results; set `torch_dtype` in `from_pretrained()` instead to keep these modules in float32.
There are modules in AutoencoderKL that should be kept in float32: []. Casting directly with `to()` can lead to inconsistent results; set `torch_dtype` in `from_pretrained()` instead to keep these modules in float32.
/nfs/home/nelson0314/venvs/wacv/lib/python3.11/site-packages/torchvision/models/_utils.py:207: UserWarning: The parameter 'pretrained' is deprecated since 0.13 and may be removed in the future, please use 'weights' instead.
  warnings.warn(
/nfs/home/nelson0314/venvs/wacv/lib/python3.11/site-packages/torchvision/models/_utils.py:222: UserWarning: Arguments other than a weight enum or `None` for 'weights' are deprecated since 0.13 and may be removed in the future. The current behavior is equivalent to passing `weights=VGG16_Weights.IMAGENET1K_V1`. You can also use `weights=VGG16_Weights.DEFAULT` to get the most up-to-date weights.
  warnings.warn(msg)

########## shiba_00 (dog) [loss=attn] ##########
=== shiba_00 / add__human ===
Warning: You are sending unauthenticated requests to the HF Hub. Please set a HF_TOKEN to enable higher rate limits and faster downloads.
Loading pretrained model NIMA from /nfs/home/nelson0314/.cache/torch/hub/pyiqa/NIMA_InceptionV2_ava-b0c77c00.pth
Loading pretrained model CNNIQA from /nfs/home/nelson0314/.cache/torch/hub/pyiqa/CNNIQA_koniq10k-e6f14c91.pth
Loading weights:   0%|          | 0/398 [00:00<?, ?it/s]Loading weights: 100%|██████████| 398/398 [00:00<00:00, 10468.40it/s]
Loading weights:   0%|          | 0/398 [00:00<?, ?it/s]Loading weights: 100%|██████████| 398/398 [00:00<00:00, 16694.33it/s]
[transformers] Model config: bos_token_id must be `None` or an integer within the vocabulary (between 0 and 31999), got 49406. This may result in unexpected behavior.
[transformers] Model config: eos_token_id must be `None` or an integer within the vocabulary (between 0 and 31999), got 49407. This may result in unexpected behavior.
Loading weights:   0%|          | 0/408 [00:00<?, ?it/s]Loading weights:  76%|███████▌  | 309/408 [00:00<00:00, 3085.33it/s]Loading weights: 100%|██████████| 408/408 [00:00<00:00, 3029.25it/s]
{'image': 'shiba_00', 'condition': 'add', 'prompt_index': 0, 'prompt': 'a cat', 'block': 32, 'r_min': 0.12, 'quantile': 0.5, 'target_image': 'data/targets/gray.png', 'loss': 'attn', 'random_start': False, 'budget_target': 'human', 'budget_mode': 'human', 'budget_reached': 0.00562, 'unreachable': False, 'radius': 0.00471, 'total_seconds': 70.4, 'fid_lpips': 0.114, 'fid_ssim': 0.9968, 'fid_dists': 0.0056, 'fid_psnr': 47.5733, 'fid_clip_img': 0.9972, 'fid_nima': 5.6757, 'fid_cnniqa': 0.7072, 'edit_lpips': 0.489, 'edit_clip_orig': 0.2619, 'edit_clip_def': 0.2543, 'edit_clip_drop': 0.0075, 'edit_siglip_orig': 0.0881, 'edit_siglip_def': 0.0904, 'edit_siglip_drop': -0.0023}
=== shiba_00 / phase__human ===
{'image': 'shiba_00', 'condition': 'phase', 'prompt_index': 0, 'prompt': 'a cat', 'block': 32, 'r_min': 0.12, 'quantile': 0.5, 'target_image': 'data/targets/gray.png', 'loss': 'attn', 'random_start': False, 'budget_target': 'human', 'budget_mode': 'human', 'budget_reached': 0.0259, 'unreachable': False, 'radius': 1.3, 'total_seconds': 48.4, 'fid_lpips': 0.1242, 'fid_ssim': 0.9655, 'fid_dists': 0.0259, 'fid_psnr': 32.1076, 'fid_clip_img': 0.9989, 'fid_nima': 5.4781, 'fid_cnniqa': 0.6914, 'edit_lpips': 0.4494, 'edit_clip_orig': 0.2619, 'edit_clip_def': 0.2536, 'edit_clip_drop': 0.0083, 'edit_siglip_orig': 0.0881, 'edit_siglip_def': 0.0878, 'edit_siglip_drop': 0.0002, 'amp_dev': 0.01967, 'active_fraction': 0.4645}
=== shiba_00 / phase_rand__human ===
{'image': 'shiba_00', 'condition': 'phase_rand', 'prompt_index': 0, 'prompt': 'a cat', 'block': 32, 'r_min': 0.12, 'quantile': 0.5, 'target_image': 'data/targets/gray.png', 'loss': 'attn', 'random_start': False, 'budget_target': 'human', 'budget_mode': 'human', 'budget_reached': 0.04078, 'unreachable': False, 'radius': 1.3, 'total_seconds': 11.0, 'fid_lpips': 0.0584, 'fid_ssim': 0.9639, 'fid_dists': 0.0408, 'fid_psnr': 32.182, 'fid_clip_img': 0.9979, 'fid_nima': 5.3538, 'fid_cnniqa': 0.673, 'edit_lpips': 0.2878, 'edit_clip_orig': 0.2619, 'edit_clip_def': 0.2674, 'edit_clip_drop': -0.0055, 'edit_siglip_orig': 0.0881, 'edit_siglip_def': 0.0884, 'edit_siglip_drop': -0.0003, 'amp_dev': 0.02207, 'active_fraction': 0.4645}

表：runs/s0818_attn_4/results.csv
