Warning: You are sending unauthenticated requests to the HF Hub. Please set a HF_TOKEN to enable higher rate limits and faster downloads.
Loading pipeline components...:   0%|          | 0/6 [00:00<?, ?it/s]
Loading weights:   0%|          | 0/196 [00:00<?, ?it/s][ALoading weights: 100%|██████████| 196/196 [00:00<00:00, 2717.70it/s]
Loading pipeline components...:  17%|█▋        | 1/6 [00:00<00:00,  5.09it/s]Loading pipeline components...:  67%|██████▋   | 4/6 [00:00<00:00, 12.44it/s]Loading pipeline components...: 100%|██████████| 6/6 [00:00<00:00, 13.94it/s]
There are modules in UNet2DConditionModel that should be kept in float32: []. Casting directly with `to()` can lead to inconsistent results; set `torch_dtype` in `from_pretrained()` instead to keep these modules in float32.
There are modules in AutoencoderKL that should be kept in float32: []. Casting directly with `to()` can lead to inconsistent results; set `torch_dtype` in `from_pretrained()` instead to keep these modules in float32.
/nfs/home/nelson0314/venvs/wacv/lib/python3.11/site-packages/torchvision/models/_utils.py:207: UserWarning: The parameter 'pretrained' is deprecated since 0.13 and may be removed in the future, please use 'weights' instead.
  warnings.warn(
/nfs/home/nelson0314/venvs/wacv/lib/python3.11/site-packages/torchvision/models/_utils.py:222: UserWarning: Arguments other than a weight enum or `None` for 'weights' are deprecated since 0.13 and may be removed in the future. The current behavior is equivalent to passing `weights=VGG16_Weights.IMAGENET1K_V1`. You can also use `weights=VGG16_Weights.DEFAULT` to get the most up-to-date weights.
  warnings.warn(msg)

########## shiba_00 (dog) ##########
=== shiba_00 / photoguard_c ===
  [photoguard_c] step    0  L=2.753589e+02  Linf01=0.0401  L2=1.000
  [photoguard_c] step   20  L=2.228534e+02  Linf01=0.2013  L2=7.742
  [photoguard_c] step   40  L=2.169151e+02  Linf01=0.1963  L2=12.129
  [photoguard_c] step   60  L=1.895274e+02  Linf01=0.2497  L2=15.437
  [photoguard_c] step   80  L=1.907718e+02  Linf01=0.2441  L2=16.000
  [photoguard_c] step  100  L=1.709103e+02  Linf01=0.2228  L2=16.000
  [photoguard_c] step  120  L=1.906177e+02  Linf01=0.2380  L2=16.000
  [photoguard_c] step  140  L=1.541794e+02  Linf01=0.2547  L2=16.000
  [photoguard_c] step  160  L=1.599691e+02  Linf01=0.2662  L2=16.000
  [photoguard_c] step  180  L=1.729673e+02  Linf01=0.2569  L2=16.000
  [photoguard_c] step  199  L=1.597000e+02  Linf01=0.2626  L2=16.000
Loading pretrained model NIMA from /nfs/home/nelson0314/.cache/torch/hub/pyiqa/NIMA_InceptionV2_ava-b0c77c00.pth
Loading pretrained model CNNIQA from /nfs/home/nelson0314/.cache/torch/hub/pyiqa/CNNIQA_koniq10k-e6f14c91.pth
Loading weights:   0%|          | 0/398 [00:00<?, ?it/s]Loading weights: 100%|██████████| 398/398 [00:00<00:00, 25930.58it/s]
Loading weights:   0%|          | 0/398 [00:00<?, ?it/s]Loading weights: 100%|██████████| 398/398 [00:00<00:00, 12574.54it/s]
[transformers] Model config: bos_token_id must be `None` or an integer within the vocabulary (between 0 and 31999), got 49406. This may result in unexpected behavior.
[transformers] Model config: eos_token_id must be `None` or an integer within the vocabulary (between 0 and 31999), got 49407. This may result in unexpected behavior.
Loading weights:   0%|          | 0/408 [00:00<?, ?it/s]Loading weights:  82%|████████▏ | 333/408 [00:00<00:00, 3308.85it/s]Loading weights: 100%|██████████| 408/408 [00:00<00:00, 3278.04it/s]
{'image': 'shiba_00', 'condition': 'photoguard_c', 'stage1_seconds': 0.0, 'total_seconds': 6239.2, 'fid_lpips': 0.3809, 'fid_ssim': 0.9835, 'fid_dists': 0.0227, 'fid_psnr': 40.8943, 'fid_clip_img': 0.9958, 'fid_nima': 5.624, 'fid_cnniqa': 0.7091, 'edit_lpips': 0.618, 'edit_clip_orig': 0.2619, 'edit_clip_def': 0.2675, 'edit_clip_drop': -0.0056, 'edit_siglip_orig': 0.0881, 'edit_siglip_def': 0.0887, 'edit_siglip_drop': -0.0006}

表：runs/s0817/pg4/results.csv
