Warning: You are sending unauthenticated requests to the HF Hub. Please set a HF_TOKEN to enable higher rate limits and faster downloads.
Loading pipeline components...:   0%|          | 0/6 [00:00<?, ?it/s]Loading pipeline components...:  33%|███▎      | 2/6 [00:00<00:00, 17.07it/s]Loading pipeline components...:  67%|██████▋   | 4/6 [00:00<00:00, 17.92it/s]
Loading weights:   0%|          | 0/196 [00:00<?, ?it/s][ALoading weights: 100%|██████████| 196/196 [00:00<00:00, 3477.03it/s]
Loading pipeline components...: 100%|██████████| 6/6 [00:00<00:00, 14.60it/s]Loading pipeline components...: 100%|██████████| 6/6 [00:00<00:00, 15.29it/s]
There are modules in UNet2DConditionModel that should be kept in float32: []. Casting directly with `to()` can lead to inconsistent results; set `torch_dtype` in `from_pretrained()` instead to keep these modules in float32.
There are modules in AutoencoderKL that should be kept in float32: []. Casting directly with `to()` can lead to inconsistent results; set `torch_dtype` in `from_pretrained()` instead to keep these modules in float32.
/nfs/home/nelson0314/venvs/wacv/lib/python3.11/site-packages/torchvision/models/_utils.py:207: UserWarning: The parameter 'pretrained' is deprecated since 0.13 and may be removed in the future, please use 'weights' instead.
  warnings.warn(
/nfs/home/nelson0314/venvs/wacv/lib/python3.11/site-packages/torchvision/models/_utils.py:222: UserWarning: Arguments other than a weight enum or `None` for 'weights' are deprecated since 0.13 and may be removed in the future. The current behavior is equivalent to passing `weights=VGG16_Weights.IMAGENET1K_V1`. You can also use `weights=VGG16_Weights.DEFAULT` to get the most up-to-date weights.
  warnings.warn(msg)
=== person_a_00 / add__human ===
    identity=0.0679, blur1=0.3516, noise0.05=0.5023, quantize16=0.3933, jpeg75=0.0945, jpeg30=0.2427, crop_resize0.1=0.5478, jpeg_then_resize75=0.3159, adverse_cleaner=0.2101
=== person_a_00 / phase__human ===
    分母塌陷：effect(identity) mean=0.0555 sd=0.0233，本格的 retention 不可用
    identity=0.0555, blur1=0.3494, noise0.05=0.4965, quantize16=0.3937, jpeg75=0.2110, jpeg30=0.2551, crop_resize0.1=0.5628, jpeg_then_resize75=0.3216, adverse_cleaner=0.2240
=== person_b_00 / add__human ===
    identity=0.2226, blur1=0.4277, noise0.05=0.5278, quantize16=0.3904, jpeg75=0.2999, jpeg30=0.3612, crop_resize0.1=0.5984, jpeg_then_resize75=0.3953, adverse_cleaner=0.3927
=== person_b_00 / phase__human ===
    分母塌陷：effect(identity) mean=0.3196 sd=0.1836，本格的 retention 不可用
    identity=0.3196, blur1=0.4161, noise0.05=0.5427, quantize16=0.4085, jpeg75=0.2684, jpeg30=0.3567, crop_resize0.1=0.5925, jpeg_then_resize75=0.3947, adverse_cleaner=0.3920

表：runs/s0818_clip/retention_0.csv（36 列）
