Loading pipeline components...:   0%|          | 0/6 [00:00<?, ?it/s]
Loading weights:   0%|          | 0/196 [00:00<?, ?it/s][ALoading weights: 100%|██████████| 196/196 [00:00<00:00, 3449.06it/s]
Loading pipeline components...:  33%|███▎      | 2/6 [00:00<00:00,  9.40it/s]Loading pipeline components...:  67%|██████▋   | 4/6 [00:00<00:00, 10.54it/s]Loading pipeline components...: 100%|██████████| 6/6 [00:00<00:00, 15.21it/s]
There are modules in UNet2DConditionModel that should be kept in float32: []. Casting directly with `to()` can lead to inconsistent results; set `torch_dtype` in `from_pretrained()` instead to keep these modules in float32.
There are modules in AutoencoderKL that should be kept in float32: []. Casting directly with `to()` can lead to inconsistent results; set `torch_dtype` in `from_pretrained()` instead to keep these modules in float32.
/nfs/home/nelson0314/venvs/wacv/lib/python3.11/site-packages/torchvision/models/_utils.py:207: UserWarning: The parameter 'pretrained' is deprecated since 0.13 and may be removed in the future, please use 'weights' instead.
  warnings.warn(
/nfs/home/nelson0314/venvs/wacv/lib/python3.11/site-packages/torchvision/models/_utils.py:222: UserWarning: Arguments other than a weight enum or `None` for 'weights' are deprecated since 0.13 and may be removed in the future. The current behavior is equivalent to passing `weights=VGG16_Weights.IMAGENET1K_V1`. You can also use `weights=VGG16_Weights.DEFAULT` to get the most up-to-date weights.
  warnings.warn(msg)

########## cat_00 (cat) [loss=encoder_target] ##########
=== cat_00 / add__human ===
Warning: You are sending unauthenticated requests to the HF Hub. Please set a HF_TOKEN to enable higher rate limits and faster downloads.
Loading pretrained model NIMA from /nfs/home/nelson0314/.cache/torch/hub/pyiqa/NIMA_InceptionV2_ava-b0c77c00.pth
Loading pretrained model CNNIQA from /nfs/home/nelson0314/.cache/torch/hub/pyiqa/CNNIQA_koniq10k-e6f14c91.pth
Loading weights:   0%|          | 0/398 [00:00<?, ?it/s]Loading weights: 100%|██████████| 398/398 [00:00<00:00, 8540.88it/s]
Loading weights:   0%|          | 0/398 [00:00<?, ?it/s]Loading weights: 100%|██████████| 398/398 [00:00<00:00, 9882.74it/s]
[transformers] Model config: bos_token_id must be `None` or an integer within the vocabulary (between 0 and 31999), got 49406. This may result in unexpected behavior.
[transformers] Model config: eos_token_id must be `None` or an integer within the vocabulary (between 0 and 31999), got 49407. This may result in unexpected behavior.
Loading weights:   0%|          | 0/408 [00:00<?, ?it/s]Loading weights:  77%|███████▋  | 316/408 [00:00<00:00, 3158.73it/s]Loading weights: 100%|██████████| 408/408 [00:00<00:00, 3033.40it/s]
{'image': 'cat_00', 'condition': 'add', 'prompt_index': 0, 'prompt': 'a cat wearing a red party hat', 'block': 32, 'r_min': 0.12, 'quantile': 0.5, 'target_image': 'data/targets/lebron.png', 'loss': 'encoder_target', 'random_start': False, 'budget_target': 'human', 'budget_mode': 'human', 'budget_reached': 0.00912, 'unreachable': False, 'radius': 0.00471, 'total_seconds': 41.2, 'fid_lpips': 0.1282, 'fid_ssim': 0.9987, 'fid_dists': 0.0091, 'fid_psnr': 50.7177, 'fid_clip_img': 0.9985, 'fid_nima': 5.528, 'fid_cnniqa': 0.7053, 'edit_lpips': 0.1615, 'edit_clip_orig': 0.3509, 'edit_clip_def': 0.3247, 'edit_clip_drop': 0.0262, 'edit_siglip_orig': 0.1549, 'edit_siglip_def': 0.1548, 'edit_siglip_drop': 0.0001}
=== cat_00 / phase__human ===
{'image': 'cat_00', 'condition': 'phase', 'prompt_index': 0, 'prompt': 'a cat wearing a red party hat', 'block': 32, 'r_min': 0.12, 'quantile': 0.5, 'target_image': 'data/targets/lebron.png', 'loss': 'encoder_target', 'random_start': False, 'budget_target': 'human', 'budget_mode': 'human', 'budget_reached': 0.05968, 'unreachable': False, 'radius': 1.3, 'total_seconds': 24.7, 'fid_lpips': 0.1294, 'fid_ssim': 0.9735, 'fid_dists': 0.0597, 'fid_psnr': 34.8705, 'fid_clip_img': 0.9959, 'fid_nima': 5.2386, 'fid_cnniqa': 0.6517, 'edit_lpips': 0.2689, 'edit_clip_orig': 0.3509, 'edit_clip_def': 0.36, 'edit_clip_drop': -0.0091, 'edit_siglip_orig': 0.1549, 'edit_siglip_def': 0.1352, 'edit_siglip_drop': 0.0198, 'amp_dev': 0.00865, 'active_fraction': 0.2933}
=== cat_00 / phase_rand__human ===
{'image': 'cat_00', 'condition': 'phase_rand', 'prompt_index': 0, 'prompt': 'a cat wearing a red party hat', 'block': 32, 'r_min': 0.12, 'quantile': 0.5, 'target_image': 'data/targets/lebron.png', 'loss': 'encoder_target', 'random_start': False, 'budget_target': 'human', 'budget_mode': 'human', 'budget_reached': 0.05773, 'unreachable': False, 'radius': 1.3, 'total_seconds': 10.6, 'fid_lpips': 0.0423, 'fid_ssim': 0.9775, 'fid_dists': 0.0577, 'fid_psnr': 35.5952, 'fid_clip_img': 0.9943, 'fid_nima': 5.2554, 'fid_cnniqa': 0.6195, 'edit_lpips': 0.0612, 'edit_clip_orig': 0.3509, 'edit_clip_def': 0.359, 'edit_clip_drop': -0.0081, 'edit_siglip_orig': 0.1549, 'edit_siglip_def': 0.1544, 'edit_siglip_drop': 0.0005, 'amp_dev': 0.0087, 'active_fraction': 0.2933}

########## person_c_00 (woman) [loss=encoder_target] ##########
=== person_c_00 / add__human ===
{'image': 'person_c_00', 'condition': 'add', 'prompt_index': 0, 'prompt': 'Taylor Swift', 'block': 32, 'r_min': 0.12, 'quantile': 0.5, 'target_image': 'data/targets/lebron.png', 'loss': 'encoder_target', 'random_start': False, 'budget_target': 'human', 'budget_mode': 'human', 'budget_reached': 0.00483, 'unreachable': False, 'radius': 0.00471, 'total_seconds': 25.1, 'fid_lpips': 0.0993, 'fid_ssim': 0.998, 'fid_dists': 0.0048, 'fid_psnr': 47.4827, 'fid_clip_img': 0.9992, 'fid_nima': 4.9803, 'fid_cnniqa': 0.6579, 'edit_lpips': 0.0636, 'edit_clip_orig': 0.2826, 'edit_clip_def': 0.2772, 'edit_clip_drop': 0.0054, 'edit_siglip_orig': 0.0977, 'edit_siglip_def': 0.0986, 'edit_siglip_drop': -0.0009}
=== person_c_00 / phase__human ===
{'image': 'person_c_00', 'condition': 'phase', 'prompt_index': 0, 'prompt': 'Taylor Swift', 'block': 32, 'r_min': 0.12, 'quantile': 0.5, 'target_image': 'data/targets/lebron.png', 'loss': 'encoder_target', 'random_start': False, 'budget_target': 'human', 'budget_mode': 'human', 'budget_reached': 0.04998, 'unreachable': False, 'radius': 1.3, 'total_seconds': 25.3, 'fid_lpips': 0.1616, 'fid_ssim': 0.9355, 'fid_dists': 0.05, 'fid_psnr': 31.9591, 'fid_clip_img': 0.9928, 'fid_nima': 4.7921, 'fid_cnniqa': 0.6483, 'edit_lpips': 0.088, 'edit_clip_orig': 0.2826, 'edit_clip_def': 0.276, 'edit_clip_drop': 0.0066, 'edit_siglip_orig': 0.0977, 'edit_siglip_def': 0.0989, 'edit_siglip_drop': -0.0013, 'amp_dev': 0.04677, 'active_fraction': 0.563}
=== person_c_00 / phase_rand__human ===
{'image': 'person_c_00', 'condition': 'phase_rand', 'prompt_index': 0, 'prompt': 'Taylor Swift', 'block': 32, 'r_min': 0.12, 'quantile': 0.5, 'target_image': 'data/targets/lebron.png', 'loss': 'encoder_target', 'random_start': False, 'budget_target': 'human', 'budget_mode': 'human', 'budget_reached': 0.04275, 'unreachable': False, 'radius': 1.3, 'total_seconds': 10.9, 'fid_lpips': 0.106, 'fid_ssim': 0.9478, 'fid_dists': 0.0428, 'fid_psnr': 32.936, 'fid_clip_img': 0.9967, 'fid_nima': 4.782, 'fid_cnniqa': 0.6602, 'edit_lpips': 0.0677, 'edit_clip_orig': 0.2826, 'edit_clip_def': 0.283, 'edit_clip_drop': -0.0004, 'edit_siglip_orig': 0.0977, 'edit_siglip_def': 0.098, 'edit_siglip_drop': -0.0004, 'amp_dev': 0.0427, 'active_fraction': 0.563}

表：runs/s0818_tgtlebron_1/results.csv
