[wave2] 等待 'gpu7b.sh' 結束…（Sun Aug 16 03:22:29 AM CST 2026）
[wave2] 前一支已結束，開始 floor （Sun Aug 16 03:40:30 AM CST 2026）
Loading pipeline components...:   0%|          | 0/6 [00:00<?, ?it/s]
Loading weights:   0%|          | 0/196 [00:00<?, ?it/s][ALoading weights: 100%|██████████| 196/196 [00:00<00:00, 3468.36it/s]
Loading pipeline components...:  17%|█▋        | 1/6 [00:00<00:00,  5.57it/s]Loading pipeline components...:  50%|█████     | 3/6 [00:00<00:00, 11.22it/s]Loading pipeline components...:  83%|████████▎ | 5/6 [00:00<00:00, 14.20it/s]Loading pipeline components...: 100%|██████████| 6/6 [00:00<00:00, 14.97it/s]
There are modules in UNet2DConditionModel that should be kept in float32: []. Casting directly with `to()` can lead to inconsistent results; set `torch_dtype` in `from_pretrained()` instead to keep these modules in float32.
There are modules in AutoencoderKL that should be kept in float32: []. Casting directly with `to()` can lead to inconsistent results; set `torch_dtype` in `from_pretrained()` instead to keep these modules in float32.
/nfs/home/nelson0314/venvs/wacv/lib/python3.11/site-packages/torchvision/models/_utils.py:207: UserWarning: The parameter 'pretrained' is deprecated since 0.13 and may be removed in the future, please use 'weights' instead.
  warnings.warn(
/nfs/home/nelson0314/venvs/wacv/lib/python3.11/site-packages/torchvision/models/_utils.py:222: UserWarning: Arguments other than a weight enum or `None` for 'weights' are deprecated since 0.13 and may be removed in the future. The current behavior is equivalent to passing `weights=VGG16_Weights.IMAGENET1K_V1`. You can also use `weights=VGG16_Weights.DEFAULT` to get the most up-to-date weights.
  warnings.warn(msg)
=== cat_01 / floor ===
Setting up [LPIPS] perceptual loss: trunk [vgg], v[0.1], spatial [off]
Loading model from: /nfs/home/nelson0314/venvs/wacv/lib/python3.11/site-packages/lpips/weights/v0.1/vgg.pth
    identity=0.0000, blur1=0.2399, noise0.05=0.4177, quantize16=0.2485, jpeg75=0.1115, jpeg30=0.2149, crop_resize0.1=0.4736, jpeg_then_resize75=0.1893, adverse_cleaner=0.1311, impress=0.1620
=== dog_03 / floor ===
Setting up [LPIPS] perceptual loss: trunk [vgg], v[0.1], spatial [off]
Loading model from: /nfs/home/nelson0314/venvs/wacv/lib/python3.11/site-packages/lpips/weights/v0.1/vgg.pth
    identity=0.0000, blur1=0.3876, noise0.05=0.5445, quantize16=0.3947, jpeg75=0.2916, jpeg30=0.3705, crop_resize0.1=0.5287, jpeg_then_resize75=0.3533, adverse_cleaner=0.2982, impress=0.4008
=== horse_03 / floor ===
Setting up [LPIPS] perceptual loss: trunk [vgg], v[0.1], spatial [off]
Loading model from: /nfs/home/nelson0314/venvs/wacv/lib/python3.11/site-packages/lpips/weights/v0.1/vgg.pth
    identity=0.0000, blur1=0.3318, noise0.05=0.4128, quantize16=0.1501, jpeg75=0.1915, jpeg30=0.3038, crop_resize0.1=0.5219, jpeg_then_resize75=0.2765, adverse_cleaner=0.2250, impress=0.2150
=== man_02 / floor ===
Setting up [LPIPS] perceptual loss: trunk [vgg], v[0.1], spatial [off]
Loading model from: /nfs/home/nelson0314/venvs/wacv/lib/python3.11/site-packages/lpips/weights/v0.1/vgg.pth
    identity=0.0000, blur1=0.3836, noise0.05=0.3469, quantize16=0.1562, jpeg75=0.2141, jpeg30=0.2527, crop_resize0.1=0.5323, jpeg_then_resize75=0.3707, adverse_cleaner=0.1577, impress=0.2507
=== woman_02 / floor ===
Setting up [LPIPS] perceptual loss: trunk [vgg], v[0.1], spatial [off]
Loading model from: /nfs/home/nelson0314/venvs/wacv/lib/python3.11/site-packages/lpips/weights/v0.1/vgg.pth
    identity=0.0000, blur1=0.2208, noise0.05=0.4070, quantize16=0.1801, jpeg75=0.1092, jpeg30=0.2974, crop_resize0.1=0.4260, jpeg_then_resize75=0.1680, adverse_cleaner=0.1738, impress=0.1662

表：runs/hb5/retention_floor.csv（50 列）
[wave2] floor 完成 （Sun Aug 16 04:32:34 AM CST 2026）
