Loading pipeline components...:   0%|          | 0/6 [00:00<?, ?it/s]
Loading weights:   0%|          | 0/196 [00:00<?, ?it/s][ALoading weights: 100%|██████████| 196/196 [00:00<00:00, 3697.33it/s]
Loading pipeline components...:  50%|█████     | 3/6 [00:00<00:00, 17.33it/s]Loading pipeline components...:  83%|████████▎ | 5/6 [00:00<00:00, 15.96it/s]Loading pipeline components...: 100%|██████████| 6/6 [00:00<00:00, 16.04it/s]
There are modules in AutoencoderKL that should be kept in float32: []. Casting directly with `to()` can lead to inconsistent results; set `torch_dtype` in `from_pretrained()` instead to keep these modules in float32.
/nfs/home/nelson0314/venvs/wacv/lib/python3.11/site-packages/torchvision/models/_utils.py:207: UserWarning: The parameter 'pretrained' is deprecated since 0.13 and may be removed in the future, please use 'weights' instead.
  warnings.warn(
/nfs/home/nelson0314/venvs/wacv/lib/python3.11/site-packages/torchvision/models/_utils.py:222: UserWarning: Arguments other than a weight enum or `None` for 'weights' are deprecated since 0.13 and may be removed in the future. The current behavior is equivalent to passing `weights=VGG16_Weights.IMAGENET1K_V1`. You can also use `weights=VGG16_Weights.DEFAULT` to get the most up-to-date weights.
  warnings.warn(msg)
IP2P 線：8 張、條件 ['dct_shield']、steps=100 s_T=7.5 s_I=1.5 seed=20260812
/nfs/home/nelson0314/venvs/wacv/lib/python3.11/site-packages/diffusers/image_processor.py:724: FutureWarning: Passing `image` as torch tensor with value range in [-1,1] is deprecated. The expected value range for image tensor is [0,1] when passing as pytorch tensor or numpy Array. You passed `image` with value range [-1.0,1.0]
  warnings.warn(
    [dct_shield] step    0 loss 133.4041
    [dct_shield] step  250 loss 81.4388
    [dct_shield] step  500 loss 79.8388
    [dct_shield] step  750 loss 78.7255
    [dct_shield] step  999 loss 77.5482
task_attr_mod_color_136767       dct_shield     r=1.0000 dists=0.0248 lpips=0.2589 effect=0.5397 (585s)
    [dct_shield] step    0 loss 110.6428
    [dct_shield] step  250 loss 70.8106
    [dct_shield] step  500 loss 69.1053
    [dct_shield] step  750 loss 67.9627
    [dct_shield] step  999 loss 66.7877
task_attr_mod_color_6205         dct_shield     r=1.0000 dists=0.0269 lpips=0.3402 effect=0.4738 (586s)
    [dct_shield] step    0 loss 112.4007
    [dct_shield] step  250 loss 71.7287
    [dct_shield] step  500 loss 71.0014
    [dct_shield] step  750 loss 69.8266
    [dct_shield] step  999 loss 68.6046
task_env_weather_181583          dct_shield     r=1.0000 dists=0.0101 lpips=0.3417 effect=0.6023 (587s)
    [dct_shield] step    0 loss 102.3598
    [dct_shield] step  250 loss 73.4741
    [dct_shield] step  500 loss 72.0555
    [dct_shield] step  750 loss 70.8252
    [dct_shield] step  999 loss 69.4626
task_obj_add_13726               dct_shield     r=1.0000 dists=0.0170 lpips=0.2338 effect=0.3797 (587s)
    [dct_shield] step    0 loss 115.6800
    [dct_shield] step  250 loss 58.3437
    [dct_shield] step  500 loss 55.5500
    [dct_shield] step  750 loss 53.8099
    [dct_shield] step  999 loss 52.0254
task_obj_add_581286              dct_shield     r=1.0000 dists=0.0241 lpips=0.4156 effect=0.5148 (588s)
    [dct_shield] step    0 loss 109.3898
    [dct_shield] step  250 loss 69.9161
    [dct_shield] step  500 loss 68.5798
    [dct_shield] step  750 loss 67.4723
    [dct_shield] step  999 loss 66.2551
task_obj_remove_257910           dct_shield     r=1.0000 dists=0.0196 lpips=0.3845 effect=0.5755 (588s)
    [dct_shield] step    0 loss 109.9678
    [dct_shield] step  250 loss 55.3850
    [dct_shield] step  500 loss 53.1342
    [dct_shield] step  750 loss 51.5425
    [dct_shield] step  999 loss 50.1443
task_obj_remove_657585           dct_shield     r=1.0000 dists=0.0317 lpips=0.4787 effect=0.7625 (590s)
/nfs/home/nelson0314/venvs/wacv/lib/python3.11/site-packages/diffusers/image_processor.py:724: FutureWarning: Passing `image` as torch tensor with value range in [-1,1] is deprecated. The expected value range for image tensor is [0,1] when passing as pytorch tensor or numpy Array. You passed `image` with value range [-0.9686274528503418,1.0]
  warnings.warn(
    [dct_shield] step    0 loss 140.3975
    [dct_shield] step  250 loss 85.9552
    [dct_shield] step  500 loss 82.5360
    [dct_shield] step  750 loss 81.0747
    [dct_shield] step  999 loss 79.5151
task_obj_swap_joint_mask_75733   dct_shield     r=1.0000 dists=0.0208 lpips=0.3930 effect=0.4416 (595s)

表：runs/fair0820/a_dct/e10_q98_1/results.csv（8 列）
