Warning: You are sending unauthenticated requests to the HF Hub. Please set a HF_TOKEN to enable higher rate limits and faster downloads.
Loading pipeline components...:   0%|          | 0/6 [00:00<?, ?it/s]Loading pipeline components...:  50%|█████     | 3/6 [00:00<00:00, 26.39it/s]
Loading weights:   0%|          | 0/196 [00:00<?, ?it/s][ALoading weights: 100%|██████████| 196/196 [00:00<00:00, 3385.75it/s]
Loading pipeline components...: 100%|██████████| 6/6 [00:00<00:00, 13.07it/s]Loading pipeline components...: 100%|██████████| 6/6 [00:00<00:00, 14.14it/s]
There are modules in AutoencoderKL that should be kept in float32: []. Casting directly with `to()` can lead to inconsistent results; set `torch_dtype` in `from_pretrained()` instead to keep these modules in float32.
/nfs/home/nelson0314/venvs/wacv/lib/python3.11/site-packages/torchvision/models/_utils.py:207: UserWarning: The parameter 'pretrained' is deprecated since 0.13 and may be removed in the future, please use 'weights' instead.
  warnings.warn(
/nfs/home/nelson0314/venvs/wacv/lib/python3.11/site-packages/torchvision/models/_utils.py:222: UserWarning: Arguments other than a weight enum or `None` for 'weights' are deprecated since 0.13 and may be removed in the future. The current behavior is equivalent to passing `weights=VGG16_Weights.IMAGENET1K_V1`. You can also use `weights=VGG16_Weights.DEFAULT` to get the most up-to-date weights.
  warnings.warn(msg)
IP2P 線：8 張、條件 ['dct_shield']、steps=100 s_T=7.5 s_I=1.5 seed=20260812
/nfs/home/nelson0314/venvs/wacv/lib/python3.11/site-packages/diffusers/image_processor.py:724: FutureWarning: Passing `image` as torch tensor with value range in [-1,1] is deprecated. The expected value range for image tensor is [0,1] when passing as pytorch tensor or numpy Array. You passed `image` with value range [-1.0,1.0]
  warnings.warn(
    [dct_shield] step    0 loss 133.6177
    [dct_shield] step  250 loss 55.0438
    [dct_shield] step  500 loss 52.4404
    [dct_shield] step  750 loss 50.6019
    [dct_shield] step  999 loss 49.5575
task_attr_mod_color_136767       dct_shield     r=2.0000 dists=0.1063 lpips=0.5324 effect=0.6283 (570s)
    [dct_shield] step    0 loss 111.1863
    [dct_shield] step  250 loss 43.6921
    [dct_shield] step  500 loss 40.6818
    [dct_shield] step  750 loss 38.8377
    [dct_shield] step  999 loss 37.5786
task_attr_mod_color_6205         dct_shield     r=2.0000 dists=0.1155 lpips=0.6057 effect=0.7290 (573s)
    [dct_shield] step    0 loss 112.5153
    [dct_shield] step  250 loss 31.3002
    [dct_shield] step  500 loss 27.8015
    [dct_shield] step  750 loss 25.9199
    [dct_shield] step  999 loss 24.6321
task_env_weather_181583          dct_shield     r=2.0000 dists=0.1115 lpips=0.5980 effect=0.7996 (572s)
    [dct_shield] step    0 loss 102.4472
    [dct_shield] step  250 loss 44.8449
    [dct_shield] step  500 loss 41.9857
    [dct_shield] step  750 loss 39.9755
    [dct_shield] step  999 loss 38.5678
task_obj_add_13726               dct_shield     r=2.0000 dists=0.0680 lpips=0.5020 effect=0.8771 (571s)
    [dct_shield] step    0 loss 116.3667
    [dct_shield] step  250 loss 32.3505
    [dct_shield] step  500 loss 28.7825
    [dct_shield] step  750 loss 26.4134
    [dct_shield] step  999 loss 24.7042
task_obj_add_581286              dct_shield     r=2.0000 dists=0.1446 lpips=0.6569 effect=0.8034 (571s)
    [dct_shield] step    0 loss 109.7397
    [dct_shield] step  250 loss 44.6704
    [dct_shield] step  500 loss 41.2170
    [dct_shield] step  750 loss 39.6934
    [dct_shield] step  999 loss 38.6414
task_obj_remove_257910           dct_shield     r=2.0000 dists=0.1291 lpips=0.6094 effect=0.7384 (573s)
    [dct_shield] step    0 loss 113.4795
    [dct_shield] step  250 loss 30.6661
    [dct_shield] step  500 loss 27.7604
    [dct_shield] step  750 loss 26.0787
    [dct_shield] step  999 loss 24.9877
task_obj_remove_657585           dct_shield     r=2.0000 dists=0.1632 lpips=0.6974 effect=0.8581 (573s)
/nfs/home/nelson0314/venvs/wacv/lib/python3.11/site-packages/diffusers/image_processor.py:724: FutureWarning: Passing `image` as torch tensor with value range in [-1,1] is deprecated. The expected value range for image tensor is [0,1] when passing as pytorch tensor or numpy Array. You passed `image` with value range [-0.9686274528503418,1.0]
  warnings.warn(
    [dct_shield] step    0 loss 140.8523
    [dct_shield] step  250 loss 53.6320
    [dct_shield] step  500 loss 49.3680
    [dct_shield] step  750 loss 47.1802
    [dct_shield] step  999 loss 45.7885
task_obj_swap_joint_mask_75733   dct_shield     r=2.0000 dists=0.1279 lpips=0.6034 effect=0.6607 (573s)

表：runs/fair0820/a_dct/e20_q95_1/results.csv（8 列）
