Warning: You are sending unauthenticated requests to the HF Hub. Please set a HF_TOKEN to enable higher rate limits and faster downloads.
Loading pipeline components...:   0%|          | 0/6 [00:00<?, ?it/s]Loading pipeline components...:  17%|█▋        | 1/6 [00:00<00:00,  9.22it/s]
Loading weights:   0%|          | 0/196 [00:00<?, ?it/s][ALoading weights: 100%|██████████| 196/196 [00:00<00:00, 4131.09it/s]
Loading pipeline components...:  33%|███▎      | 2/6 [00:00<00:00,  7.53it/s]Loading pipeline components...: 100%|██████████| 6/6 [00:00<00:00, 19.38it/s]Loading pipeline components...: 100%|██████████| 6/6 [00:00<00:00, 16.29it/s]
There are modules in AutoencoderKL that should be kept in float32: []. Casting directly with `to()` can lead to inconsistent results; set `torch_dtype` in `from_pretrained()` instead to keep these modules in float32.
/nfs/home/nelson0314/venvs/wacv/lib/python3.11/site-packages/torchvision/models/_utils.py:207: UserWarning: The parameter 'pretrained' is deprecated since 0.13 and may be removed in the future, please use 'weights' instead.
  warnings.warn(
/nfs/home/nelson0314/venvs/wacv/lib/python3.11/site-packages/torchvision/models/_utils.py:222: UserWarning: Arguments other than a weight enum or `None` for 'weights' are deprecated since 0.13 and may be removed in the future. The current behavior is equivalent to passing `weights=VGG16_Weights.IMAGENET1K_V1`. You can also use `weights=VGG16_Weights.DEFAULT` to get the most up-to-date weights.
  warnings.warn(msg)
IP2P 線：8 張、條件 ['dct_shield']、steps=100 s_T=7.5 s_I=1.5 seed=20260812
/nfs/home/nelson0314/venvs/wacv/lib/python3.11/site-packages/diffusers/image_processor.py:724: FutureWarning: Passing `image` as torch tensor with value range in [-1,1] is deprecated. The expected value range for image tensor is [0,1] when passing as pytorch tensor or numpy Array. You passed `image` with value range [-1.0,1.0]
  warnings.warn(
    [dct_shield] step    0 loss 105.4397
    [dct_shield] step  250 loss 42.8299
    [dct_shield] step  500 loss 39.2271
    [dct_shield] step  750 loss 37.3406
    [dct_shield] step  999 loss 36.2444
task_attr_mod_color_184837       dct_shield     r=3.0000 dists=0.1115 lpips=0.5739 effect=0.7821 (596s)
    [dct_shield] step    0 loss 121.9079
    [dct_shield] step  250 loss 39.1489
    [dct_shield] step  500 loss 36.1835
    [dct_shield] step  750 loss 34.7984
    [dct_shield] step  999 loss 33.9698
task_env_weather_112463          dct_shield     r=3.0000 dists=0.1198 lpips=0.7020 effect=0.9038 (597s)
    [dct_shield] step    0 loss 116.5259
    [dct_shield] step  250 loss 47.5820
    [dct_shield] step  500 loss 43.6353
    [dct_shield] step  750 loss 41.9319
    [dct_shield] step  999 loss 40.6027
task_env_weather_246440          dct_shield     r=3.0000 dists=0.0850 lpips=0.4612 effect=0.6391 (598s)
    [dct_shield] step    0 loss 109.8364
    [dct_shield] step  250 loss 42.3803
    [dct_shield] step  500 loss 38.6188
    [dct_shield] step  750 loss 37.0026
    [dct_shield] step  999 loss 36.0816
task_obj_add_340466              dct_shield     r=3.0000 dists=0.1474 lpips=0.6630 effect=0.8253 (597s)
    [dct_shield] step    0 loss 115.2812
    [dct_shield] step  250 loss 43.8493
    [dct_shield] step  500 loss 39.7175
    [dct_shield] step  750 loss 37.7892
    [dct_shield] step  999 loss 36.5564
task_obj_add_692065              dct_shield     r=3.0000 dists=0.0804 lpips=0.5479 effect=0.6860 (597s)
    [dct_shield] step    0 loss 104.5586
    [dct_shield] step  250 loss 31.8197
    [dct_shield] step  500 loss 28.5421
    [dct_shield] step  750 loss 26.7844
    [dct_shield] step  999 loss 25.6992
task_obj_remove_380621           dct_shield     r=3.0000 dists=0.2169 lpips=0.6583 effect=0.7629 (598s)
    [dct_shield] step    0 loss 137.4309
    [dct_shield] step  250 loss 49.4870
    [dct_shield] step  500 loss 45.6442
    [dct_shield] step  750 loss 43.7530
    [dct_shield] step  999 loss 42.6696
task_obj_swap_joint_mask_276754  dct_shield     r=3.0000 dists=0.1564 lpips=0.5618 effect=0.6449 (599s)
    [dct_shield] step    0 loss 131.1158
    [dct_shield] step  250 loss 56.5113
    [dct_shield] step  500 loss 52.6606
    [dct_shield] step  750 loss 50.8969
    [dct_shield] step  999 loss 49.7846
task_obj_swap_rand_mask_298147   dct_shield     r=3.0000 dists=0.1670 lpips=0.5655 effect=0.7878 (599s)

表：runs/fair0820/a_dct/e30_q95_2/results.csv（8 列）
