Warning: You are sending unauthenticated requests to the HF Hub. Please set a HF_TOKEN to enable higher rate limits and faster downloads.
Loading pipeline components...:   0%|          | 0/6 [00:00<?, ?it/s]Loading pipeline components...:  17%|█▋        | 1/6 [00:00<00:00,  7.16it/s]
Loading weights:   0%|          | 0/196 [00:00<?, ?it/s][ALoading weights: 100%|██████████| 196/196 [00:00<00:00, 3581.13it/s]
Loading pipeline components...:  33%|███▎      | 2/6 [00:00<00:00,  6.09it/s]Loading pipeline components...:  83%|████████▎ | 5/6 [00:00<00:00, 13.68it/s]Loading pipeline components...: 100%|██████████| 6/6 [00:00<00:00, 13.62it/s]
There are modules in AutoencoderKL that should be kept in float32: []. Casting directly with `to()` can lead to inconsistent results; set `torch_dtype` in `from_pretrained()` instead to keep these modules in float32.
/nfs/home/nelson0314/venvs/wacv/lib/python3.11/site-packages/torchvision/models/_utils.py:207: UserWarning: The parameter 'pretrained' is deprecated since 0.13 and may be removed in the future, please use 'weights' instead.
  warnings.warn(
/nfs/home/nelson0314/venvs/wacv/lib/python3.11/site-packages/torchvision/models/_utils.py:222: UserWarning: Arguments other than a weight enum or `None` for 'weights' are deprecated since 0.13 and may be removed in the future. The current behavior is equivalent to passing `weights=VGG16_Weights.IMAGENET1K_V1`. You can also use `weights=VGG16_Weights.DEFAULT` to get the most up-to-date weights.
  warnings.warn(msg)
IP2P 線：8 張、條件 ['dct_shield']、steps=100 s_T=7.5 s_I=1.5 seed=20260812
/nfs/home/nelson0314/venvs/wacv/lib/python3.11/site-packages/diffusers/image_processor.py:724: FutureWarning: Passing `image` as torch tensor with value range in [-1,1] is deprecated. The expected value range for image tensor is [0,1] when passing as pytorch tensor or numpy Array. You passed `image` with value range [-1.0,1.0]
  warnings.warn(
    [dct_shield] step    0 loss 133.6177
    [dct_shield] step  250 loss 48.3447
    [dct_shield] step  500 loss 45.0293
    [dct_shield] step  750 loss 43.5102
    [dct_shield] step  999 loss 42.5933
task_attr_mod_color_136767       dct_shield     r=3.0000 dists=0.1435 lpips=0.5917 effect=0.6322 (597s)
    [dct_shield] step    0 loss 111.1863
    [dct_shield] step  250 loss 38.3675
    [dct_shield] step  500 loss 34.7936
    [dct_shield] step  750 loss 32.9782
    [dct_shield] step  999 loss 31.8990
task_attr_mod_color_6205         dct_shield     r=3.0000 dists=0.1516 lpips=0.6583 effect=0.7259 (597s)
    [dct_shield] step    0 loss 112.5153
    [dct_shield] step  250 loss 27.1769
    [dct_shield] step  500 loss 23.7415
    [dct_shield] step  750 loss 21.9488
    [dct_shield] step  999 loss 20.8735
task_env_weather_181583          dct_shield     r=3.0000 dists=0.1478 lpips=0.6509 effect=0.8012 (598s)
    [dct_shield] step    0 loss 102.4472
    [dct_shield] step  250 loss 38.8318
    [dct_shield] step  500 loss 35.2430
    [dct_shield] step  750 loss 33.3466
    [dct_shield] step  999 loss 32.0855
task_obj_add_13726               dct_shield     r=3.0000 dists=0.0968 lpips=0.5769 effect=0.8641 (597s)
    [dct_shield] step    0 loss 116.3667
    [dct_shield] step  250 loss 28.7437
    [dct_shield] step  500 loss 24.5581
    [dct_shield] step  750 loss 22.6278
    [dct_shield] step  999 loss 21.2636
task_obj_add_581286              dct_shield     r=3.0000 dists=0.1863 lpips=0.7166 effect=0.7873 (596s)
    [dct_shield] step    0 loss 109.7397
    [dct_shield] step  250 loss 40.0854
    [dct_shield] step  500 loss 36.6580
    [dct_shield] step  750 loss 35.1318
    [dct_shield] step  999 loss 34.2091
task_obj_remove_257910           dct_shield     r=3.0000 dists=0.1922 lpips=0.6537 effect=0.7433 (598s)
    [dct_shield] step    0 loss 113.4795
    [dct_shield] step  250 loss 27.0484
    [dct_shield] step  500 loss 24.1028
    [dct_shield] step  750 loss 22.6295
    [dct_shield] step  999 loss 21.6921
task_obj_remove_657585           dct_shield     r=3.0000 dists=0.2078 lpips=0.7431 effect=0.8458 (599s)
/nfs/home/nelson0314/venvs/wacv/lib/python3.11/site-packages/diffusers/image_processor.py:724: FutureWarning: Passing `image` as torch tensor with value range in [-1,1] is deprecated. The expected value range for image tensor is [0,1] when passing as pytorch tensor or numpy Array. You passed `image` with value range [-0.9686274528503418,1.0]
  warnings.warn(
    [dct_shield] step    0 loss 140.8523
    [dct_shield] step  250 loss 47.1331
    [dct_shield] step  500 loss 43.1770
    [dct_shield] step  750 loss 41.3514
    [dct_shield] step  999 loss 40.3227
task_obj_swap_joint_mask_75733   dct_shield     r=3.0000 dists=0.1849 lpips=0.6554 effect=0.6716 (597s)

表：runs/fair0820/a_dct/e30_q95_1/results.csv（8 列）
