Loading pipeline components...:   0%|          | 0/6 [00:00<?, ?it/s]
Loading weights:   0%|          | 0/196 [00:00<?, ?it/s][ALoading weights: 100%|██████████| 196/196 [00:00<00:00, 3477.47it/s]
Loading pipeline components...:  17%|█▋        | 1/6 [00:00<00:00,  6.25it/s]Loading pipeline components...:  50%|█████     | 3/6 [00:00<00:00,  9.87it/s]Loading pipeline components...: 100%|██████████| 6/6 [00:00<00:00, 16.65it/s]Loading pipeline components...: 100%|██████████| 6/6 [00:00<00:00, 14.16it/s]
There are modules in AutoencoderKL that should be kept in float32: []. Casting directly with `to()` can lead to inconsistent results; set `torch_dtype` in `from_pretrained()` instead to keep these modules in float32.
/nfs/home/nelson0314/venvs/wacv/lib/python3.11/site-packages/torchvision/models/_utils.py:207: UserWarning: The parameter 'pretrained' is deprecated since 0.13 and may be removed in the future, please use 'weights' instead.
  warnings.warn(
/nfs/home/nelson0314/venvs/wacv/lib/python3.11/site-packages/torchvision/models/_utils.py:222: UserWarning: Arguments other than a weight enum or `None` for 'weights' are deprecated since 0.13 and may be removed in the future. The current behavior is equivalent to passing `weights=VGG16_Weights.IMAGENET1K_V1`. You can also use `weights=VGG16_Weights.DEFAULT` to get the most up-to-date weights.
  warnings.warn(msg)
IP2P 線：13 張、條件 ['phase', 'dct_shield']、steps=100 s_T=7.5 s_I=1.5 seed=20260812
/nfs/home/nelson0314/venvs/wacv/lib/python3.11/site-packages/diffusers/image_processor.py:724: FutureWarning: Passing `image` as torch tensor with value range in [-1,1] is deprecated. The expected value range for image tensor is [0,1] when passing as pytorch tensor or numpy Array. You passed `image` with value range [-1.0,1.0]
  warnings.warn(
Warning: You are sending unauthenticated requests to the HF Hub. Please set a HF_TOKEN to enable higher rate limits and faster downloads.
Loading weights:   0%|          | 0/398 [00:00<?, ?it/s]Loading weights: 100%|██████████| 398/398 [00:00<00:00, 24803.25it/s]
[transformers] Model config: bos_token_id must be `None` or an integer within the vocabulary (between 0 and 31999), got 49406. This may result in unexpected behavior.
[transformers] Model config: eos_token_id must be `None` or an integer within the vocabulary (between 0 and 31999), got 49407. This may result in unexpected behavior.
Loading weights:   0%|          | 0/408 [00:00<?, ?it/s]Loading weights: 100%|██████████| 408/408 [00:00<00:00, 4911.56it/s]
task_attr_mod_color_127061       clip_gain=-0.0024 lpips=0.1300 (80s)
task_attr_mod_color_30214        clip_gain=+0.0225 lpips=0.3442 (70s)
task_attr_mod_color_96137        clip_gain=+0.0040 lpips=0.1789 (70s)
task_env_weather_165714          clip_gain=+0.0132 lpips=0.1657 (71s)
task_env_weather_61151           clip_gain=+0.0024 lpips=0.2366 (71s)
/nfs/home/nelson0314/venvs/wacv/lib/python3.11/site-packages/diffusers/image_processor.py:724: FutureWarning: Passing `image` as torch tensor with value range in [-1,1] is deprecated. The expected value range for image tensor is [0,1] when passing as pytorch tensor or numpy Array. You passed `image` with value range [-1.0,0.9058823585510254]
  warnings.warn(
task_obj_add_290491              clip_gain=+0.0025 lpips=0.2731 (70s)
task_obj_add_531333              clip_gain=+0.0469 lpips=0.3863 (71s)
/nfs/home/nelson0314/venvs/wacv/lib/python3.11/site-packages/diffusers/image_processor.py:724: FutureWarning: Passing `image` as torch tensor with value range in [-1,1] is deprecated. The expected value range for image tensor is [0,1] when passing as pytorch tensor or numpy Array. You passed `image` with value range [-1.0,0.9843137264251709]
  warnings.warn(
task_obj_add_850681              clip_gain=+0.0312 lpips=0.6387 (70s)
task_obj_remove_303082           clip_gain=+0.0013 lpips=0.3128 (71s)
task_obj_remove_648479           clip_gain=+0.0082 lpips=0.2195 (71s)
task_obj_swap_joint_mask_476374  clip_gain=-0.0480 lpips=0.5786 (71s)
task_obj_swap_rand_mask_268827   clip_gain=-0.0085 lpips=0.5599 (70s)
task_obj_swap_rand_mask_92564    clip_gain=+0.0948 lpips=0.5916 (69s)

表：runs/m0820/check_5/check.csv（13 列）
