Loading pipeline components...:   0%|          | 0/6 [00:00<?, ?it/s]Loading pipeline components...:  17%|█▋        | 1/6 [00:00<00:00,  6.11it/s]Loading pipeline components...:  67%|██████▋   | 4/6 [00:00<00:00, 15.78it/s]
Loading weights:   0%|          | 0/196 [00:00<?, ?it/s][ALoading weights: 100%|██████████| 196/196 [00:00<00:00, 5166.41it/s]
Loading pipeline components...: 100%|██████████| 6/6 [00:00<00:00, 12.44it/s]Loading pipeline components...: 100%|██████████| 6/6 [00:00<00:00, 12.28it/s]
There are modules in AutoencoderKL that should be kept in float32: []. Casting directly with `to()` can lead to inconsistent results; set `torch_dtype` in `from_pretrained()` instead to keep these modules in float32.
/nfs/home/nelson0314/venvs/wacv/lib/python3.11/site-packages/torchvision/models/_utils.py:207: UserWarning: The parameter 'pretrained' is deprecated since 0.13 and may be removed in the future, please use 'weights' instead.
  warnings.warn(
/nfs/home/nelson0314/venvs/wacv/lib/python3.11/site-packages/torchvision/models/_utils.py:222: UserWarning: Arguments other than a weight enum or `None` for 'weights' are deprecated since 0.13 and may be removed in the future. The current behavior is equivalent to passing `weights=VGG16_Weights.IMAGENET1K_V1`. You can also use `weights=VGG16_Weights.DEFAULT` to get the most up-to-date weights.
  warnings.warn(msg)
IP2P 線：13 張、條件 ['phase', 'dct_shield']、steps=100 s_T=7.5 s_I=1.5 seed=20260812
/nfs/home/nelson0314/venvs/wacv/lib/python3.11/site-packages/diffusers/image_processor.py:724: FutureWarning: Passing `image` as torch tensor with value range in [-1,1] is deprecated. The expected value range for image tensor is [0,1] when passing as pytorch tensor or numpy Array. You passed `image` with value range [-1.0,1.0]
  warnings.warn(
Warning: You are sending unauthenticated requests to the HF Hub. Please set a HF_TOKEN to enable higher rate limits and faster downloads.
Loading weights:   0%|          | 0/398 [00:00<?, ?it/s]Loading weights: 100%|██████████| 398/398 [00:00<00:00, 25437.07it/s]
[transformers] Model config: bos_token_id must be `None` or an integer within the vocabulary (between 0 and 31999), got 49406. This may result in unexpected behavior.
[transformers] Model config: eos_token_id must be `None` or an integer within the vocabulary (between 0 and 31999), got 49407. This may result in unexpected behavior.
Loading weights:   0%|          | 0/408 [00:00<?, ?it/s]Loading weights:  84%|████████▍ | 342/408 [00:00<00:00, 3418.11it/s]Loading weights: 100%|██████████| 408/408 [00:00<00:00, 3553.59it/s]
task_attr_mod_color_124169       clip_gain=+0.0114 lpips=0.1705 (80s)
task_attr_mod_color_229454       clip_gain=+0.0157 lpips=0.2536 (70s)
task_attr_mod_color_75937        clip_gain=+0.0489 lpips=0.6284 (70s)
task_env_weather_146611          clip_gain=+0.0250 lpips=0.2662 (70s)
task_env_weather_52051           clip_gain=+0.0191 lpips=0.3516 (70s)
task_obj_add_239597              clip_gain=+0.0024 lpips=0.1767 (70s)
task_obj_add_458919              clip_gain=-0.0016 lpips=0.2475 (70s)
task_obj_add_726991              clip_gain=+0.0007 lpips=0.0936 (70s)
task_obj_remove_286801           clip_gain=+0.0012 lpips=0.1859 (70s)
/nfs/home/nelson0314/venvs/wacv/lib/python3.11/site-packages/diffusers/image_processor.py:724: FutureWarning: Passing `image` as torch tensor with value range in [-1,1] is deprecated. The expected value range for image tensor is [0,1] when passing as pytorch tensor or numpy Array. You passed `image` with value range [-1.0,0.7176470756530762]
  warnings.warn(
task_obj_remove_606694           clip_gain=+0.0015 lpips=0.2824 (70s)
task_obj_swap_joint_mask_356849  clip_gain=-0.0058 lpips=0.6033 (70s)
task_obj_swap_rand_mask_116052   clip_gain=+0.0004 lpips=0.2543 (70s)
task_obj_swap_rand_mask_683349   clip_gain=+0.0041 lpips=0.1943 (70s)

表：runs/m0820/check_3/check.csv（13 列）
