Warning: You are sending unauthenticated requests to the HF Hub. Please set a HF_TOKEN to enable higher rate limits and faster downloads.
Loading pipeline components...:   0%|          | 0/6 [00:00<?, ?it/s]Loading pipeline components...:  33%|███▎      | 2/6 [00:00<00:00, 17.95it/s]
Loading weights:   0%|          | 0/196 [00:00<?, ?it/s][ALoading weights: 100%|██████████| 196/196 [00:00<00:00, 4835.64it/s]
Loading pipeline components...:  67%|██████▋   | 4/6 [00:00<00:00, 11.80it/s]Loading pipeline components...: 100%|██████████| 6/6 [00:00<00:00, 13.50it/s]Loading pipeline components...: 100%|██████████| 6/6 [00:00<00:00, 13.50it/s]
There are modules in AutoencoderKL that should be kept in float32: []. Casting directly with `to()` can lead to inconsistent results; set `torch_dtype` in `from_pretrained()` instead to keep these modules in float32.
/nfs/home/nelson0314/venvs/wacv/lib/python3.11/site-packages/torchvision/models/_utils.py:207: UserWarning: The parameter 'pretrained' is deprecated since 0.13 and may be removed in the future, please use 'weights' instead.
  warnings.warn(
/nfs/home/nelson0314/venvs/wacv/lib/python3.11/site-packages/torchvision/models/_utils.py:222: UserWarning: Arguments other than a weight enum or `None` for 'weights' are deprecated since 0.13 and may be removed in the future. The current behavior is equivalent to passing `weights=VGG16_Weights.IMAGENET1K_V1`. You can also use `weights=VGG16_Weights.DEFAULT` to get the most up-to-date weights.
  warnings.warn(msg)
IP2P 線：13 張、條件 ['phase', 'dct_shield']、steps=100 s_T=7.5 s_I=1.5 seed=20260812
/nfs/home/nelson0314/venvs/wacv/lib/python3.11/site-packages/diffusers/image_processor.py:724: FutureWarning: Passing `image` as torch tensor with value range in [-1,1] is deprecated. The expected value range for image tensor is [0,1] when passing as pytorch tensor or numpy Array. You passed `image` with value range [-1.0,1.0]
  warnings.warn(
Loading weights:   0%|          | 0/398 [00:00<?, ?it/s]Loading weights: 100%|██████████| 398/398 [00:00<00:00, 15636.75it/s]
[transformers] Model config: bos_token_id must be `None` or an integer within the vocabulary (between 0 and 31999), got 49406. This may result in unexpected behavior.
[transformers] Model config: eos_token_id must be `None` or an integer within the vocabulary (between 0 and 31999), got 49407. This may result in unexpected behavior.
Loading weights:   0%|          | 0/408 [00:00<?, ?it/s]Loading weights: 100%|██████████| 408/408 [00:00<00:00, 4241.23it/s]
task_attr_mod_color_126580       clip_gain=+0.0111 lpips=0.2400 (80s)
task_attr_mod_color_234404       clip_gain=-0.0038 lpips=0.1739 (70s)
task_attr_mod_color_76641        clip_gain=+0.0150 lpips=0.1464 (70s)
task_env_weather_150522          clip_gain=+0.1248 lpips=0.5779 (70s)
task_env_weather_59863           clip_gain=+0.0409 lpips=0.3667 (71s)
task_obj_add_24380               clip_gain=+0.0237 lpips=0.1448 (71s)
/nfs/home/nelson0314/venvs/wacv/lib/python3.11/site-packages/diffusers/image_processor.py:724: FutureWarning: Passing `image` as torch tensor with value range in [-1,1] is deprecated. The expected value range for image tensor is [0,1] when passing as pytorch tensor or numpy Array. You passed `image` with value range [-1.0,0.9450980424880981]
  warnings.warn(
task_obj_add_530461              clip_gain=-0.0055 lpips=0.1742 (70s)
task_obj_add_767982              clip_gain=+0.0187 lpips=0.2867 (70s)
task_obj_remove_2878             clip_gain=+0.0005 lpips=0.1470 (71s)
task_obj_remove_634326           clip_gain=+0.0049 lpips=0.4736 (70s)
task_obj_swap_joint_mask_474202  clip_gain=+0.0387 lpips=0.7573 (71s)
task_obj_swap_rand_mask_216136   clip_gain=-0.0117 lpips=0.7514 (70s)
task_obj_swap_rand_mask_79926    clip_gain=+0.0010 lpips=0.2326 (69s)

表：runs/m0820/check_4/check.csv（13 列）
