Warning: You are sending unauthenticated requests to the HF Hub. Please set a HF_TOKEN to enable higher rate limits and faster downloads.
Loading pipeline components...:   0%|          | 0/6 [00:00<?, ?it/s]
Loading weights:   0%|          | 0/196 [00:00<?, ?it/s][ALoading weights: 100%|██████████| 196/196 [00:00<00:00, 4689.61it/s]
Loading pipeline components...:  33%|███▎      | 2/6 [00:00<00:00, 10.56it/s]Loading pipeline components...:  67%|██████▋   | 4/6 [00:00<00:00,  7.86it/s]Loading pipeline components...: 100%|██████████| 6/6 [00:00<00:00, 11.33it/s]
There are modules in AutoencoderKL that should be kept in float32: []. Casting directly with `to()` can lead to inconsistent results; set `torch_dtype` in `from_pretrained()` instead to keep these modules in float32.
/nfs/home/nelson0314/venvs/wacv/lib/python3.11/site-packages/torchvision/models/_utils.py:207: UserWarning: The parameter 'pretrained' is deprecated since 0.13 and may be removed in the future, please use 'weights' instead.
  warnings.warn(
/nfs/home/nelson0314/venvs/wacv/lib/python3.11/site-packages/torchvision/models/_utils.py:222: UserWarning: Arguments other than a weight enum or `None` for 'weights' are deprecated since 0.13 and may be removed in the future. The current behavior is equivalent to passing `weights=VGG16_Weights.IMAGENET1K_V1`. You can also use `weights=VGG16_Weights.DEFAULT` to get the most up-to-date weights.
  warnings.warn(msg)
IP2P 線：12 張、條件 ['phase', 'dct_shield']、steps=100 s_T=7.5 s_I=1.5 seed=20260812
/nfs/home/nelson0314/venvs/wacv/lib/python3.11/site-packages/diffusers/image_processor.py:724: FutureWarning: Passing `image` as torch tensor with value range in [-1,1] is deprecated. The expected value range for image tensor is [0,1] when passing as pytorch tensor or numpy Array. You passed `image` with value range [-1.0,1.0]
  warnings.warn(
Loading weights:   0%|          | 0/398 [00:00<?, ?it/s]Loading weights: 100%|██████████| 398/398 [00:00<00:00, 10888.90it/s]
[transformers] Model config: bos_token_id must be `None` or an integer within the vocabulary (between 0 and 31999), got 49406. This may result in unexpected behavior.
[transformers] Model config: eos_token_id must be `None` or an integer within the vocabulary (between 0 and 31999), got 49407. This may result in unexpected behavior.
Loading weights:   0%|          | 0/408 [00:00<?, ?it/s]Loading weights: 100%|██████████| 408/408 [00:00<00:00, 5302.06it/s]
task_attr_mod_color_144146       clip_gain=+0.0621 lpips=0.4511 (79s)
task_attr_mod_color_41275        clip_gain=+0.0590 lpips=0.1623 (70s)
task_env_weather_114555          clip_gain=+0.0177 lpips=0.2620 (72s)
task_env_weather_193600          clip_gain=-0.0003 lpips=0.2120 (72s)
task_env_weather_70149           clip_gain=+0.0252 lpips=0.3672 (72s)
task_obj_add_345721              clip_gain=+0.0208 lpips=0.2925 (72s)
task_obj_add_583252              clip_gain=+0.0420 lpips=0.4046 (72s)
task_obj_remove_108877           clip_gain=-0.0032 lpips=0.1678 (72s)
task_obj_remove_385207           clip_gain=+0.0040 lpips=0.5985 (72s)
task_obj_remove_704852           clip_gain=-0.0425 lpips=0.2342 (72s)
/nfs/home/nelson0314/venvs/wacv/lib/python3.11/site-packages/diffusers/image_processor.py:724: FutureWarning: Passing `image` as torch tensor with value range in [-1,1] is deprecated. The expected value range for image tensor is [0,1] when passing as pytorch tensor or numpy Array. You passed `image` with value range [-0.9529411792755127,1.0]
  warnings.warn(
task_obj_swap_joint_mask_615817  clip_gain=+0.0374 lpips=0.5087 (73s)
task_obj_swap_rand_mask_303550   clip_gain=+0.0217 lpips=0.6103 (73s)

表：runs/m0820/check_7/check.csv（12 列）
