Warning: You are sending unauthenticated requests to the HF Hub. Please set a HF_TOKEN to enable higher rate limits and faster downloads.
Loading pipeline components...:   0%|          | 0/6 [00:00<?, ?it/s]
Loading weights:   0%|          | 0/196 [00:00<?, ?it/s][ALoading weights: 100%|██████████| 196/196 [00:00<00:00, 3437.34it/s]
Loading pipeline components...:  33%|███▎      | 2/6 [00:00<00:00, 10.27it/s]Loading pipeline components...:  83%|████████▎ | 5/6 [00:00<00:00, 12.92it/s]Loading pipeline components...: 100%|██████████| 6/6 [00:00<00:00, 15.00it/s]
There are modules in AutoencoderKL that should be kept in float32: []. Casting directly with `to()` can lead to inconsistent results; set `torch_dtype` in `from_pretrained()` instead to keep these modules in float32.
/nfs/home/nelson0314/venvs/wacv/lib/python3.11/site-packages/torchvision/models/_utils.py:207: UserWarning: The parameter 'pretrained' is deprecated since 0.13 and may be removed in the future, please use 'weights' instead.
  warnings.warn(
/nfs/home/nelson0314/venvs/wacv/lib/python3.11/site-packages/torchvision/models/_utils.py:222: UserWarning: Arguments other than a weight enum or `None` for 'weights' are deprecated since 0.13 and may be removed in the future. The current behavior is equivalent to passing `weights=VGG16_Weights.IMAGENET1K_V1`. You can also use `weights=VGG16_Weights.DEFAULT` to get the most up-to-date weights.
  warnings.warn(msg)
IP2P 線：12 張、條件 ['phase', 'dct_shield']、steps=100 s_T=7.5 s_I=1.5 seed=20260812
/nfs/home/nelson0314/venvs/wacv/lib/python3.11/site-packages/diffusers/image_processor.py:724: FutureWarning: Passing `image` as torch tensor with value range in [-1,1] is deprecated. The expected value range for image tensor is [0,1] when passing as pytorch tensor or numpy Array. You passed `image` with value range [-1.0,1.0]
  warnings.warn(
Loading weights:   0%|          | 0/398 [00:00<?, ?it/s]Loading weights: 100%|██████████| 398/398 [00:00<00:00, 23848.30it/s]
[transformers] Model config: bos_token_id must be `None` or an integer within the vocabulary (between 0 and 31999), got 49406. This may result in unexpected behavior.
[transformers] Model config: eos_token_id must be `None` or an integer within the vocabulary (between 0 and 31999), got 49407. This may result in unexpected behavior.
Loading weights:   0%|          | 0/408 [00:00<?, ?it/s]Loading weights: 100%|██████████| 408/408 [00:00<00:00, 4582.07it/s]
task_attr_mod_color_158070       clip_gain=+0.0140 lpips=0.3897 (80s)
task_attr_mod_color_42929        clip_gain=+0.0041 lpips=0.1513 (71s)
task_env_weather_116980          clip_gain=+0.0273 lpips=0.3786 (72s)
task_env_weather_195273          clip_gain=+0.0648 lpips=0.3200 (72s)
task_env_weather_85610           clip_gain=+0.0033 lpips=0.3376 (72s)
task_obj_add_362298              clip_gain=-0.0027 lpips=0.1122 (72s)
/nfs/home/nelson0314/venvs/wacv/lib/python3.11/site-packages/diffusers/image_processor.py:724: FutureWarning: Passing `image` as torch tensor with value range in [-1,1] is deprecated. The expected value range for image tensor is [0,1] when passing as pytorch tensor or numpy Array. You passed `image` with value range [-1.0,0.3176470994949341]
  warnings.warn(
task_obj_add_584511              clip_gain=-0.0055 lpips=0.1535 (72s)
task_obj_remove_157386           clip_gain=-0.0018 lpips=0.3436 (72s)
task_obj_remove_388764           clip_gain=-0.0058 lpips=0.4502 (72s)
task_obj_remove_720199           clip_gain=+0.0285 lpips=0.1274 (72s)
task_obj_swap_joint_mask_671429  clip_gain=-0.0008 lpips=0.1742 (73s)
task_obj_swap_rand_mask_315182   clip_gain=+0.0109 lpips=0.7140 (71s)

表：runs/m0820/check_8/check.csv（12 列）
