Loading pipeline components...:   0%|          | 0/6 [00:00<?, ?it/s]
Loading weights:   0%|          | 0/196 [00:00<?, ?it/s][ALoading weights: 100%|██████████| 196/196 [00:00<00:00, 4179.38it/s]
Loading pipeline components...:  33%|███▎      | 2/6 [00:00<00:00,  7.29it/s]Loading pipeline components...:  83%|████████▎ | 5/6 [00:00<00:00, 14.89it/s]Loading pipeline components...: 100%|██████████| 6/6 [00:00<00:00, 13.13it/s]
There are modules in AutoencoderKL that should be kept in float32: []. Casting directly with `to()` can lead to inconsistent results; set `torch_dtype` in `from_pretrained()` instead to keep these modules in float32.
/nfs/home/nelson0314/venvs/wacv/lib/python3.11/site-packages/torchvision/models/_utils.py:207: UserWarning: The parameter 'pretrained' is deprecated since 0.13 and may be removed in the future, please use 'weights' instead.
  warnings.warn(
/nfs/home/nelson0314/venvs/wacv/lib/python3.11/site-packages/torchvision/models/_utils.py:222: UserWarning: Arguments other than a weight enum or `None` for 'weights' are deprecated since 0.13 and may be removed in the future. The current behavior is equivalent to passing `weights=VGG16_Weights.IMAGENET1K_V1`. You can also use `weights=VGG16_Weights.DEFAULT` to get the most up-to-date weights.
  warnings.warn(msg)
IP2P 線：13 張、條件 ['dct_shield']、steps=100 s_T=7.5 s_I=1.5 seed=20260812
/nfs/home/nelson0314/venvs/wacv/lib/python3.11/site-packages/diffusers/image_processor.py:724: FutureWarning: Passing `image` as torch tensor with value range in [-1,1] is deprecated. The expected value range for image tensor is [0,1] when passing as pytorch tensor or numpy Array. You passed `image` with value range [-1.0,1.0]
  warnings.warn(
    [dct_shield] step    0 loss 107.0090
    [dct_shield] step  250 loss 60.4787
    [dct_shield] step  500 loss 58.1968
    [dct_shield] step  750 loss 56.4145
    [dct_shield] step  999 loss 54.8937
task_attr_mod_color_11699        dct_shield     r=1.0000 dists=0.0550 lpips=0.4633 effect=0.5241 (582s)
    [dct_shield] step    0 loss 105.4397
    [dct_shield] step  250 loss 64.6423
    [dct_shield] step  500 loss 62.4087
    [dct_shield] step  750 loss 60.9995
    [dct_shield] step  999 loss 59.5688
task_attr_mod_color_184837       dct_shield     r=1.0000 dists=0.0335 lpips=0.3452 effect=0.5107 (588s)
    [dct_shield] step    0 loss 111.1863
    [dct_shield] step  250 loss 56.2666
    [dct_shield] step  500 loss 54.0429
    [dct_shield] step  750 loss 51.8666
    [dct_shield] step  999 loss 50.2544
task_attr_mod_color_6205         dct_shield     r=1.0000 dists=0.0599 lpips=0.5024 effect=0.7547 (583s)
    [dct_shield] step    0 loss 102.9163
    [dct_shield] step  250 loss 44.1502
    [dct_shield] step  500 loss 41.4878
    [dct_shield] step  750 loss 39.5190
    [dct_shield] step  999 loss 38.0420
task_env_weather_133752          dct_shield     r=1.0000 dists=0.0656 lpips=0.5574 effect=0.7343 (582s)
    [dct_shield] step    0 loss 116.5259
    [dct_shield] step  250 loss 78.6728
    [dct_shield] step  500 loss 76.6429
    [dct_shield] step  750 loss 74.9796
    [dct_shield] step  999 loss 73.1123
task_env_weather_246440          dct_shield     r=1.0000 dists=0.0177 lpips=0.2587 effect=0.4754 (580s)
    [dct_shield] step    0 loss 102.4472
    [dct_shield] step  250 loss 55.9416
    [dct_shield] step  500 loss 53.7915
    [dct_shield] step  750 loss 52.2392
    [dct_shield] step  999 loss 50.8890
task_obj_add_13726               dct_shield     r=1.0000 dists=0.0360 lpips=0.3756 effect=0.7163 (583s)
    [dct_shield] step    0 loss 115.2241
    [dct_shield] step  250 loss 62.9152
    [dct_shield] step  500 loss 60.8610
    [dct_shield] step  750 loss 59.4986
    [dct_shield] step  999 loss 58.1650
task_obj_add_40931               dct_shield     r=1.0000 dists=0.0560 lpips=0.4246 effect=0.5748 (582s)
    [dct_shield] step    0 loss 115.2812
    [dct_shield] step  250 loss 69.4240
    [dct_shield] step  500 loss 66.7570
    [dct_shield] step  750 loss 65.0607
    [dct_shield] step  999 loss 63.2443
task_obj_add_692065              dct_shield     r=1.0000 dists=0.0206 lpips=0.3548 effect=0.4245 (582s)
    [dct_shield] step    0 loss 109.7397
    [dct_shield] step  250 loss 55.3899
    [dct_shield] step  500 loss 52.6273
    [dct_shield] step  750 loss 50.7072
    [dct_shield] step  999 loss 49.1301
task_obj_remove_257910           dct_shield     r=1.0000 dists=0.0590 lpips=0.5179 effect=0.7193 (579s)
    [dct_shield] step    0 loss 106.7685
    [dct_shield] step  250 loss 70.0727
    [dct_shield] step  500 loss 68.5301
    [dct_shield] step  750 loss 67.2253
    [dct_shield] step  999 loss 65.7626
task_obj_remove_509477           dct_shield     r=1.0000 dists=0.0243 lpips=0.3627 effect=0.4415 (579s)
    [dct_shield] step    0 loss 137.4309
    [dct_shield] step  250 loss 71.8217
    [dct_shield] step  500 loss 68.5756
    [dct_shield] step  750 loss 66.0252
    [dct_shield] step  999 loss 64.1517
task_obj_swap_joint_mask_276754  dct_shield     r=1.0000 dists=0.0655 lpips=0.4068 effect=0.7001 (581s)
/nfs/home/nelson0314/venvs/wacv/lib/python3.11/site-packages/diffusers/image_processor.py:724: FutureWarning: Passing `image` as torch tensor with value range in [-1,1] is deprecated. The expected value range for image tensor is [0,1] when passing as pytorch tensor or numpy Array. You passed `image` with value range [-0.9686274528503418,1.0]
  warnings.warn(
    [dct_shield] step    0 loss 140.8523
    [dct_shield] step  250 loss 67.4361
    [dct_shield] step  500 loss 63.8217
    [dct_shield] step  750 loss 61.6652
    [dct_shield] step  999 loss 59.8685
task_obj_swap_joint_mask_75733   dct_shield     r=1.0000 dists=0.0545 lpips=0.5199 effect=0.6271 (581s)
    [dct_shield] step    0 loss 123.0653
    [dct_shield] step  250 loss 65.7042
    [dct_shield] step  500 loss 63.2831
    [dct_shield] step  750 loss 61.4589
    [dct_shield] step  999 loss 59.9030
task_obj_swap_rand_mask_417469   dct_shield     r=1.0000 dists=0.0410 lpips=0.4557 effect=0.7573 (577s)

表：runs/m0820/dct_e1.0_0/results.csv（13 列）
