Warning: You are sending unauthenticated requests to the HF Hub. Please set a HF_TOKEN to enable higher rate limits and faster downloads.
Loading pipeline components...:   0%|          | 0/6 [00:00<?, ?it/s]Loading pipeline components...:  17%|█▋        | 1/6 [00:00<00:00,  6.21it/s]
Loading weights:   0%|          | 0/196 [00:00<?, ?it/s][ALoading weights: 100%|██████████| 196/196 [00:00<00:00, 4141.75it/s]
Loading pipeline components...:  33%|███▎      | 2/6 [00:00<00:00,  6.49it/s]Loading pipeline components...:  67%|██████▋   | 4/6 [00:00<00:00, 10.53it/s]Loading pipeline components...: 100%|██████████| 6/6 [00:00<00:00, 13.70it/s]
There are modules in AutoencoderKL that should be kept in float32: []. Casting directly with `to()` can lead to inconsistent results; set `torch_dtype` in `from_pretrained()` instead to keep these modules in float32.
/nfs/home/nelson0314/venvs/wacv/lib/python3.11/site-packages/torchvision/models/_utils.py:207: UserWarning: The parameter 'pretrained' is deprecated since 0.13 and may be removed in the future, please use 'weights' instead.
  warnings.warn(
/nfs/home/nelson0314/venvs/wacv/lib/python3.11/site-packages/torchvision/models/_utils.py:222: UserWarning: Arguments other than a weight enum or `None` for 'weights' are deprecated since 0.13 and may be removed in the future. The current behavior is equivalent to passing `weights=VGG16_Weights.IMAGENET1K_V1`. You can also use `weights=VGG16_Weights.DEFAULT` to get the most up-to-date weights.
  warnings.warn(msg)
IP2P 線：12 張、條件 ['dct_shield']、steps=100 s_T=7.5 s_I=1.5 seed=20260812
/nfs/home/nelson0314/venvs/wacv/lib/python3.11/site-packages/diffusers/image_processor.py:724: FutureWarning: Passing `image` as torch tensor with value range in [-1,1] is deprecated. The expected value range for image tensor is [0,1] when passing as pytorch tensor or numpy Array. You passed `image` with value range [-1.0,1.0]
  warnings.warn(
    [dct_shield] step    0 loss 133.6177
    [dct_shield] step  250 loss 67.5589
    [dct_shield] step  500 loss 65.1493
    [dct_shield] step  750 loss 63.5030
    [dct_shield] step  999 loss 62.1540
task_attr_mod_color_136767       dct_shield     r=1.0000 dists=0.0574 lpips=0.4228 effect=0.6288 (588s)
    [dct_shield] step    0 loss 168.6569
    [dct_shield] step  250 loss 69.5485
    [dct_shield] step  500 loss 65.6544
    [dct_shield] step  750 loss 63.1973
    [dct_shield] step  999 loss 61.4437
task_attr_mod_color_32648        dct_shield     r=1.0000 dists=0.1109 lpips=0.5869 effect=0.6051 (592s)
    [dct_shield] step    0 loss 121.9079
    [dct_shield] step  250 loss 55.3075
    [dct_shield] step  500 loss 52.6709
    [dct_shield] step  750 loss 50.8254
    [dct_shield] step  999 loss 49.2989
task_env_weather_112463          dct_shield     r=1.0000 dists=0.0494 lpips=0.5584 effect=0.8641 (597s)
    [dct_shield] step    0 loss 112.5153
    [dct_shield] step  250 loss 44.5095
    [dct_shield] step  500 loss 40.7362
    [dct_shield] step  750 loss 38.2079
    [dct_shield] step  999 loss 36.4225
task_env_weather_181583          dct_shield     r=1.0000 dists=0.0438 lpips=0.4999 effect=0.7945 (592s)
    [dct_shield] step    0 loss 93.5997
    [dct_shield] step  250 loss 49.1847
    [dct_shield] step  500 loss 46.8584
    [dct_shield] step  750 loss 45.0255
    [dct_shield] step  999 loss 43.4527
task_env_weather_63722           dct_shield     r=1.0000 dists=0.0485 lpips=0.4583 effect=0.6274 (593s)
    [dct_shield] step    0 loss 109.8364
    [dct_shield] step  250 loss 58.7672
    [dct_shield] step  500 loss 56.5282
    [dct_shield] step  750 loss 54.9009
    [dct_shield] step  999 loss 53.4378
task_obj_add_340466              dct_shield     r=1.0000 dists=0.0703 lpips=0.5136 effect=0.7475 (590s)
    [dct_shield] step    0 loss 116.3667
    [dct_shield] step  250 loss 42.8548
    [dct_shield] step  500 loss 39.6353
    [dct_shield] step  750 loss 36.9104
    [dct_shield] step  999 loss 34.8209
task_obj_add_581286              dct_shield     r=1.0000 dists=0.0729 lpips=0.5546 effect=0.8016 (596s)
    [dct_shield] step    0 loss 92.4249
    [dct_shield] step  250 loss 56.7032
    [dct_shield] step  500 loss 53.1134
    [dct_shield] step  750 loss 50.6838
    [dct_shield] step  999 loss 48.4645
task_obj_remove_10197            dct_shield     r=1.0000 dists=0.0392 lpips=0.3927 effect=0.5189 (590s)
    [dct_shield] step    0 loss 104.5586
    [dct_shield] step  250 loss 49.1723
    [dct_shield] step  500 loss 46.1129
    [dct_shield] step  750 loss 43.8673
    [dct_shield] step  999 loss 42.1856
task_obj_remove_380621           dct_shield     r=1.0000 dists=0.0920 lpips=0.5132 effect=0.7259 (592s)
    [dct_shield] step    0 loss 113.4795
    [dct_shield] step  250 loss 40.0709
    [dct_shield] step  500 loss 36.9757
    [dct_shield] step  750 loss 34.7357
    [dct_shield] step  999 loss 33.1294
task_obj_remove_657585           dct_shield     r=1.0000 dists=0.0851 lpips=0.6097 effect=0.8506 (592s)
    [dct_shield] step    0 loss 108.9757
    [dct_shield] step  250 loss 63.9975
    [dct_shield] step  500 loss 61.3082
    [dct_shield] step  750 loss 59.9801
    [dct_shield] step  999 loss 58.4391
task_obj_swap_joint_mask_533428  dct_shield     r=1.0000 dists=0.0348 lpips=0.3954 effect=0.6340 (593s)
    [dct_shield] step    0 loss 131.1158
    [dct_shield] step  250 loss 79.5725
    [dct_shield] step  500 loss 77.5162
    [dct_shield] step  750 loss 75.5244
    [dct_shield] step  999 loss 73.7185
task_obj_swap_rand_mask_298147   dct_shield     r=1.0000 dists=0.0542 lpips=0.4021 effect=0.7987 (583s)

表：runs/m0820/dct_e1.0_6/results.csv（12 列）
