Warning: You are sending unauthenticated requests to the HF Hub. Please set a HF_TOKEN to enable higher rate limits and faster downloads.
Loading pipeline components...:   0%|          | 0/6 [00:00<?, ?it/s]Loading pipeline components...:  17%|█▋        | 1/6 [00:00<00:00,  9.06it/s]
Loading weights:   0%|          | 0/196 [00:00<?, ?it/s][ALoading weights: 100%|██████████| 196/196 [00:00<00:00, 3937.58it/s]
Loading pipeline components...:  33%|███▎      | 2/6 [00:00<00:00,  7.54it/s]Loading pipeline components...: 100%|██████████| 6/6 [00:00<00:00, 16.49it/s]Loading pipeline components...: 100%|██████████| 6/6 [00:00<00:00, 14.43it/s]
There are modules in AutoencoderKL that should be kept in float32: []. Casting directly with `to()` can lead to inconsistent results; set `torch_dtype` in `from_pretrained()` instead to keep these modules in float32.
/nfs/home/nelson0314/venvs/wacv/lib/python3.11/site-packages/torchvision/models/_utils.py:207: UserWarning: The parameter 'pretrained' is deprecated since 0.13 and may be removed in the future, please use 'weights' instead.
  warnings.warn(
/nfs/home/nelson0314/venvs/wacv/lib/python3.11/site-packages/torchvision/models/_utils.py:222: UserWarning: Arguments other than a weight enum or `None` for 'weights' are deprecated since 0.13 and may be removed in the future. The current behavior is equivalent to passing `weights=VGG16_Weights.IMAGENET1K_V1`. You can also use `weights=VGG16_Weights.DEFAULT` to get the most up-to-date weights.
  warnings.warn(msg)
IP2P 線：12 張、條件 ['phase']、steps=100 s_T=7.5 s_I=1.5 seed=20260812
/nfs/home/nelson0314/venvs/wacv/lib/python3.11/site-packages/diffusers/image_processor.py:724: FutureWarning: Passing `image` as torch tensor with value range in [-1,1] is deprecated. The expected value range for image tensor is [0,1] when passing as pytorch tensor or numpy Array. You passed `image` with value range [-1.0,1.0]
  warnings.warn(
task_attr_mod_color_144146       phase          r=1.3000 dists=0.0538 lpips=0.1158 effect=0.1642 (124s)
task_attr_mod_color_41275        phase          r=1.3000 dists=0.0782 lpips=0.1968 effect=0.2174 (125s)
task_env_weather_114555          phase          r=1.3000 dists=0.0568 lpips=0.1449 effect=0.2461 (125s)
task_env_weather_193600          phase          r=1.3000 dists=0.0311 lpips=0.1494 effect=0.1414 (124s)
task_env_weather_70149           phase          r=1.3000 dists=0.0417 lpips=0.1184 effect=0.1462 (125s)
task_obj_add_345721              phase          r=1.3000 dists=0.0658 lpips=0.3707 effect=0.3511 (125s)
task_obj_add_583252              phase          r=1.3000 dists=0.0613 lpips=0.2761 effect=0.3635 (124s)
task_obj_remove_108877           phase          r=1.3000 dists=0.0787 lpips=0.2292 effect=0.2542 (125s)
task_obj_remove_385207           phase          r=1.3000 dists=0.0881 lpips=0.3848 effect=0.6613 (125s)
task_obj_remove_704852           phase          r=1.3000 dists=0.0684 lpips=0.1694 effect=0.3695 (125s)
/nfs/home/nelson0314/venvs/wacv/lib/python3.11/site-packages/diffusers/image_processor.py:724: FutureWarning: Passing `image` as torch tensor with value range in [-1,1] is deprecated. The expected value range for image tensor is [0,1] when passing as pytorch tensor or numpy Array. You passed `image` with value range [-0.9529411792755127,1.0]
  warnings.warn(
task_obj_swap_joint_mask_615817  phase          r=1.3000 dists=0.0714 lpips=0.2269 effect=0.4639 (125s)
task_obj_swap_rand_mask_303550   phase          r=1.3000 dists=0.0531 lpips=0.1811 effect=0.2455 (122s)

表：runs/m0820/phase_t1.30_7/results.csv（12 列）
