Warning: You are sending unauthenticated requests to the HF Hub. Please set a HF_TOKEN to enable higher rate limits and faster downloads.
Loading pipeline components...:   0%|          | 0/6 [00:00<?, ?it/s]
Loading weights:   0%|          | 0/196 [00:00<?, ?it/s][ALoading weights: 100%|██████████| 196/196 [00:00<00:00, 4223.48it/s]
Loading pipeline components...:  50%|█████     | 3/6 [00:00<00:00, 15.79it/s]Loading pipeline components...: 100%|██████████| 6/6 [00:00<00:00, 13.54it/s]Loading pipeline components...: 100%|██████████| 6/6 [00:00<00:00, 13.82it/s]
There are modules in AutoencoderKL that should be kept in float32: []. Casting directly with `to()` can lead to inconsistent results; set `torch_dtype` in `from_pretrained()` instead to keep these modules in float32.
/nfs/home/nelson0314/venvs/wacv/lib/python3.11/site-packages/torchvision/models/_utils.py:207: UserWarning: The parameter 'pretrained' is deprecated since 0.13 and may be removed in the future, please use 'weights' instead.
  warnings.warn(
/nfs/home/nelson0314/venvs/wacv/lib/python3.11/site-packages/torchvision/models/_utils.py:222: UserWarning: Arguments other than a weight enum or `None` for 'weights' are deprecated since 0.13 and may be removed in the future. The current behavior is equivalent to passing `weights=VGG16_Weights.IMAGENET1K_V1`. You can also use `weights=VGG16_Weights.DEFAULT` to get the most up-to-date weights.
  warnings.warn(msg)
IP2P 線：12 張、條件 ['phase']、steps=100 s_T=7.5 s_I=1.5 seed=20260812
/nfs/home/nelson0314/venvs/wacv/lib/python3.11/site-packages/diffusers/image_processor.py:724: FutureWarning: Passing `image` as torch tensor with value range in [-1,1] is deprecated. The expected value range for image tensor is [0,1] when passing as pytorch tensor or numpy Array. You passed `image` with value range [-1.0,1.0]
  warnings.warn(
task_attr_mod_color_136767       phase          r=1.3000 dists=0.0656 lpips=0.1739 effect=0.2056 (124s)
task_attr_mod_color_32648        phase          r=1.3000 dists=0.0334 lpips=0.1587 effect=0.1812 (125s)
task_env_weather_112463          phase          r=1.3000 dists=0.0285 lpips=0.1759 effect=0.2784 (125s)
task_env_weather_181583          phase          r=1.3000 dists=0.0323 lpips=0.2082 effect=0.5929 (125s)
task_env_weather_63722           phase          r=1.3000 dists=0.0553 lpips=0.1747 effect=0.2067 (125s)
task_obj_add_340466              phase          r=1.3000 dists=0.0468 lpips=0.1157 effect=0.2138 (125s)
task_obj_add_581286              phase          r=1.3000 dists=0.0351 lpips=0.1221 effect=0.1397 (125s)
task_obj_remove_10197            phase          r=1.3000 dists=0.0528 lpips=0.2698 effect=0.4231 (125s)
task_obj_remove_380621           phase          r=1.3000 dists=0.0672 lpips=0.2380 effect=0.4094 (125s)
task_obj_remove_657585           phase          r=1.3000 dists=0.0360 lpips=0.1023 effect=0.2623 (125s)
task_obj_swap_joint_mask_533428  phase          r=1.3000 dists=0.0742 lpips=0.2595 effect=0.3123 (125s)
task_obj_swap_rand_mask_298147   phase          r=1.3000 dists=0.0970 lpips=0.3416 effect=0.5428 (125s)

表：runs/m0820/phase_t1.30_6/results.csv（12 列）
