Warning: You are sending unauthenticated requests to the HF Hub. Please set a HF_TOKEN to enable higher rate limits and faster downloads.
Loading pipeline components...:   0%|          | 0/6 [00:00<?, ?it/s]Loading pipeline components...:  17%|█▋        | 1/6 [00:00<00:00,  9.48it/s]Loading pipeline components...:  50%|█████     | 3/6 [00:00<00:00, 14.63it/s]
Loading weights:   0%|          | 0/196 [00:00<?, ?it/s][ALoading weights: 100%|██████████| 196/196 [00:00<00:00, 3726.56it/s]
Loading pipeline components...: 100%|██████████| 6/6 [00:00<00:00, 14.03it/s]Loading pipeline components...: 100%|██████████| 6/6 [00:00<00:00, 13.77it/s]
There are modules in AutoencoderKL that should be kept in float32: []. Casting directly with `to()` can lead to inconsistent results; set `torch_dtype` in `from_pretrained()` instead to keep these modules in float32.
/nfs/home/nelson0314/venvs/wacv/lib/python3.11/site-packages/torchvision/models/_utils.py:207: UserWarning: The parameter 'pretrained' is deprecated since 0.13 and may be removed in the future, please use 'weights' instead.
  warnings.warn(
/nfs/home/nelson0314/venvs/wacv/lib/python3.11/site-packages/torchvision/models/_utils.py:222: UserWarning: Arguments other than a weight enum or `None` for 'weights' are deprecated since 0.13 and may be removed in the future. The current behavior is equivalent to passing `weights=VGG16_Weights.IMAGENET1K_V1`. You can also use `weights=VGG16_Weights.DEFAULT` to get the most up-to-date weights.
  warnings.warn(msg)
IP2P 線：13 張、條件 ['phase']、steps=100 s_T=7.5 s_I=1.5 seed=20260812
/nfs/home/nelson0314/venvs/wacv/lib/python3.11/site-packages/diffusers/image_processor.py:724: FutureWarning: Passing `image` as torch tensor with value range in [-1,1] is deprecated. The expected value range for image tensor is [0,1] when passing as pytorch tensor or numpy Array. You passed `image` with value range [-1.0,1.0]
  warnings.warn(
task_attr_mod_color_126580       phase          r=1.3000 dists=0.0491 lpips=0.2744 effect=0.3402 (121s)
/nfs/home/nelson0314/venvs/wacv/lib/python3.11/site-packages/diffusers/image_processor.py:724: FutureWarning: Passing `image` as torch tensor with value range in [-1,1] is deprecated. The expected value range for image tensor is [0,1] when passing as pytorch tensor or numpy Array. You passed `image` with value range [-1.0,0.8979884386062622]
  warnings.warn(
task_attr_mod_color_234404       phase          r=1.3000 dists=0.0829 lpips=0.2199 effect=0.5345 (120s)
task_attr_mod_color_76641        phase          r=1.3000 dists=0.0235 lpips=0.1240 effect=0.1239 (121s)
task_env_weather_150522          phase          r=1.3000 dists=0.0693 lpips=0.3438 effect=0.5505 (120s)
task_env_weather_59863           phase          r=1.3000 dists=0.0578 lpips=0.2440 effect=0.2404 (120s)
task_obj_add_24380               phase          r=1.3000 dists=0.0738 lpips=0.2007 effect=0.2321 (120s)
/nfs/home/nelson0314/venvs/wacv/lib/python3.11/site-packages/diffusers/image_processor.py:724: FutureWarning: Passing `image` as torch tensor with value range in [-1,1] is deprecated. The expected value range for image tensor is [0,1] when passing as pytorch tensor or numpy Array. You passed `image` with value range [-1.0,0.9450980424880981]
  warnings.warn(
task_obj_add_530461              phase          r=1.3000 dists=0.0443 lpips=0.1069 effect=0.1515 (121s)
task_obj_add_767982              phase          r=1.3000 dists=0.0632 lpips=0.2120 effect=0.2675 (120s)
task_obj_remove_2878             phase          r=1.3000 dists=0.0522 lpips=0.1687 effect=0.2229 (120s)
task_obj_remove_634326           phase          r=1.3000 dists=0.0624 lpips=0.2127 effect=0.4581 (121s)
task_obj_swap_joint_mask_474202  phase          r=1.3000 dists=0.0728 lpips=0.1897 effect=0.3541 (121s)
task_obj_swap_rand_mask_216136   phase          r=1.3000 dists=0.0630 lpips=0.1230 effect=0.2163 (120s)
task_obj_swap_rand_mask_79926    phase          r=1.3000 dists=0.0386 lpips=0.1572 effect=0.1653 (119s)

表：runs/m0820/phase_t1.30_4/results.csv（13 列）
