Loading pipeline components...:   0%|          | 0/6 [00:00<?, ?it/s]Loading pipeline components...:  33%|███▎      | 2/6 [00:00<00:00, 10.31it/s]
Loading weights:   0%|          | 0/196 [00:00<?, ?it/s][ALoading weights: 100%|██████████| 196/196 [00:00<00:00, 4368.51it/s]
Loading pipeline components...:  67%|██████▋   | 4/6 [00:00<00:00, 11.42it/s]Loading pipeline components...: 100%|██████████| 6/6 [00:00<00:00, 13.92it/s]Loading pipeline components...: 100%|██████████| 6/6 [00:00<00:00, 12.98it/s]
There are modules in AutoencoderKL that should be kept in float32: []. Casting directly with `to()` can lead to inconsistent results; set `torch_dtype` in `from_pretrained()` instead to keep these modules in float32.
/nfs/home/nelson0314/venvs/wacv/lib/python3.11/site-packages/torchvision/models/_utils.py:207: UserWarning: The parameter 'pretrained' is deprecated since 0.13 and may be removed in the future, please use 'weights' instead.
  warnings.warn(
/nfs/home/nelson0314/venvs/wacv/lib/python3.11/site-packages/torchvision/models/_utils.py:222: UserWarning: Arguments other than a weight enum or `None` for 'weights' are deprecated since 0.13 and may be removed in the future. The current behavior is equivalent to passing `weights=VGG16_Weights.IMAGENET1K_V1`. You can also use `weights=VGG16_Weights.DEFAULT` to get the most up-to-date weights.
  warnings.warn(msg)
IP2P 線：12 張、條件 ['phase']、steps=100 s_T=7.5 s_I=1.5 seed=20260812
/nfs/home/nelson0314/venvs/wacv/lib/python3.11/site-packages/diffusers/image_processor.py:724: FutureWarning: Passing `image` as torch tensor with value range in [-1,1] is deprecated. The expected value range for image tensor is [0,1] when passing as pytorch tensor or numpy Array. You passed `image` with value range [-1.0,1.0]
  warnings.warn(
task_attr_mod_color_158070       phase          r=1.3000 dists=0.0604 lpips=0.1663 effect=0.1874 (123s)
task_attr_mod_color_42929        phase          r=1.3000 dists=0.0532 lpips=0.1256 effect=0.1532 (124s)
task_env_weather_116980          phase          r=1.3000 dists=0.0556 lpips=0.3002 effect=0.4824 (125s)
task_env_weather_195273          phase          r=1.3000 dists=0.0714 lpips=0.1135 effect=0.4073 (124s)
task_env_weather_85610           phase          r=1.3000 dists=0.0589 lpips=0.1347 effect=0.4566 (125s)
task_obj_add_362298              phase          r=1.3000 dists=0.0400 lpips=0.1414 effect=0.1636 (125s)
/nfs/home/nelson0314/venvs/wacv/lib/python3.11/site-packages/diffusers/image_processor.py:724: FutureWarning: Passing `image` as torch tensor with value range in [-1,1] is deprecated. The expected value range for image tensor is [0,1] when passing as pytorch tensor or numpy Array. You passed `image` with value range [-1.0,0.3176470994949341]
  warnings.warn(
/nfs/home/nelson0314/venvs/wacv/lib/python3.11/site-packages/diffusers/image_processor.py:724: FutureWarning: Passing `image` as torch tensor with value range in [-1,1] is deprecated. The expected value range for image tensor is [0,1] when passing as pytorch tensor or numpy Array. You passed `image` with value range [-1.0,0.3766521215438843]
  warnings.warn(
task_obj_add_584511              phase          r=1.3000 dists=0.0519 lpips=0.2492 effect=0.2370 (124s)
task_obj_remove_157386           phase          r=1.3000 dists=0.0764 lpips=0.2114 effect=0.3067 (125s)
task_obj_remove_388764           phase          r=1.3000 dists=0.0669 lpips=0.1346 effect=0.2670 (125s)
task_obj_remove_720199           phase          r=1.3000 dists=0.0700 lpips=0.1991 effect=0.2592 (125s)
task_obj_swap_joint_mask_671429  phase          r=1.3000 dists=0.0760 lpips=0.2832 effect=0.3849 (125s)
task_obj_swap_rand_mask_315182   phase          r=1.3000 dists=0.0286 lpips=0.1836 effect=0.3055 (122s)

表：runs/m0820/phase_t1.30_8/results.csv（12 列）
