Warning: You are sending unauthenticated requests to the HF Hub. Please set a HF_TOKEN to enable higher rate limits and faster downloads.
Loading pipeline components...:   0%|          | 0/6 [00:00<?, ?it/s]Loading pipeline components...:  50%|█████     | 3/6 [00:00<00:00, 22.37it/s]
Loading weights:   0%|          | 0/196 [00:00<?, ?it/s][ALoading weights: 100%|██████████| 196/196 [00:00<00:00, 4824.75it/s]
Loading pipeline components...: 100%|██████████| 6/6 [00:00<00:00, 14.64it/s]Loading pipeline components...: 100%|██████████| 6/6 [00:00<00:00, 15.43it/s]
There are modules in AutoencoderKL that should be kept in float32: []. Casting directly with `to()` can lead to inconsistent results; set `torch_dtype` in `from_pretrained()` instead to keep these modules in float32.
/nfs/home/nelson0314/venvs/wacv/lib/python3.11/site-packages/torchvision/models/_utils.py:207: UserWarning: The parameter 'pretrained' is deprecated since 0.13 and may be removed in the future, please use 'weights' instead.
  warnings.warn(
/nfs/home/nelson0314/venvs/wacv/lib/python3.11/site-packages/torchvision/models/_utils.py:222: UserWarning: Arguments other than a weight enum or `None` for 'weights' are deprecated since 0.13 and may be removed in the future. The current behavior is equivalent to passing `weights=VGG16_Weights.IMAGENET1K_V1`. You can also use `weights=VGG16_Weights.DEFAULT` to get the most up-to-date weights.
  warnings.warn(msg)
IP2P 線：12 張、條件 ['phase']、steps=100 s_T=7.5 s_I=1.5 seed=20260812
/nfs/home/nelson0314/venvs/wacv/lib/python3.11/site-packages/diffusers/image_processor.py:724: FutureWarning: Passing `image` as torch tensor with value range in [-1,1] is deprecated. The expected value range for image tensor is [0,1] when passing as pytorch tensor or numpy Array. You passed `image` with value range [-1.0,1.0]
  warnings.warn(
task_attr_mod_color_174506       phase          r=1.3000 dists=0.0519 lpips=0.2592 effect=0.2633 (117s)
task_attr_mod_color_59806        phase          r=1.3000 dists=0.0674 lpips=0.1518 effect=0.2001 (117s)
task_env_weather_126577          phase          r=1.3000 dists=0.0524 lpips=0.2793 effect=0.3962 (117s)
task_env_weather_226185          phase          r=1.3000 dists=0.0531 lpips=0.2875 effect=0.3172 (118s)
task_env_weather_9736            phase          r=1.3000 dists=0.0573 lpips=0.1529 effect=0.3780 (118s)
task_obj_add_375217              phase          r=1.3000 dists=0.0383 lpips=0.3049 effect=0.3871 (117s)
task_obj_add_669258              phase          r=1.3000 dists=0.0858 lpips=0.3500 effect=0.3782 (118s)
task_obj_remove_197959           phase          r=1.3000 dists=0.0315 lpips=0.1487 effect=0.5474 (118s)
task_obj_remove_483219           phase          r=1.3000 dists=0.0503 lpips=0.1534 effect=0.2826 (117s)
task_obj_remove_869495           phase          r=1.3000 dists=0.0814 lpips=0.3538 effect=0.4313 (118s)
task_obj_swap_joint_mask_698465  phase          r=1.3000 dists=0.0531 lpips=0.1330 effect=0.1501 (117s)
task_obj_swap_rand_mask_392115   phase          r=1.3000 dists=0.0388 lpips=0.1713 effect=0.1980 (115s)

表：runs/m0820/phase_t1.30_10/results.csv（12 列）
